Simulation state at cycle:     810000
##############################################################################                                           

Number-of-molecules: 401   

Box-size(s):    28.153556   50.617002

------------------------------------------------------------------------------                                           

Deltas
Translation per molecule type
Box 1    0.6293033031E+000
Box 2    0.2532346345E+002

Rotation per molecule type
Box 1    0.1029472325E+003
Box 2    0.1800000000E+003

Volume    Delta_Volume
Box 1   0.4302791930E+003
Box 2   0.1992033301E+004

------------------------------------------------------------------------------                                           

Molecules in box 1
##############################################################################                                           
Moleculetype  1
Number-of-molecules: 387   
Atomtype         X                  Y                   Z
  1       11.9231490811       14.9964029423        3.0336400658
  2       12.0548739924       14.8076319860        2.5341262284
  1       12.1619615945       14.6270026025        2.0257904434
  1        8.5747259856       22.3224197360        9.7223066644
  2        8.0904898725       22.4468513026        9.4931076852
  1        7.6043433853       22.5719917554        9.2683823884
  1       23.3546446538       18.2418789994        1.6320151626
  2       23.8818443443       18.0879411942        1.6614028882
  1       24.4080653570       17.9291540220        1.6808471366
  1       26.7686687424       22.0767352682        7.8076925748
  2       26.7457121251       21.7398613490        7.3735394263
  1       26.7255834300       21.3944568918        6.9459992580
  1       21.5776189640       23.0004220267       21.7079925815
  2       21.1879301466       23.1735898414       22.0553476355
  1       20.8012610096       23.3211030065       22.4176000939
  1       14.4073460163       22.2540238595        5.3773546684
  2       14.0671871594       21.9992624128        5.0282292505
  1       13.7368380825       21.7374610556        4.6749170151
  1       17.2399254498        3.2515826277        3.7823410010
  2       16.9658956912        3.3052147735        4.2561883228
  1       16.6761817864        3.3439660249        4.7220898069
  1        4.5773719870       10.9817678403       21.6333525516
  2        4.9581003761       10.5904909315       21.7000479366
  1        5.3491232651       10.2079765618       21.7573528776
  1       12.3058382638       16.8574655068       26.6631831825
  2       12.3696884210       16.6702435921       26.1499862300
  1       12.4497440806       16.4589263466       25.6485521744
  1       16.5580754257       17.0456162653        9.2023480581
  2       16.4549228148       17.4388418140        9.5727980638
  1       16.3377923287       17.8264626834        9.9449949335
  1        2.5932345249       22.0877930628       20.1673327708
  2        2.7251283591       22.0883499417       20.7012838045
  1        2.8745630371       22.0786007322       21.2305042018
  1       24.4025164861        2.6223679426       11.9587615350
  2       24.4940454059        2.0800998162       11.9505313542
  1       24.5734659449        1.5363742196       11.9740866624
  1       21.3640268385       21.1795312867        0.6469292488
  2       21.0027553801       20.9522407330        0.9938037760
  1       20.6380673412       20.7416400350        1.3475692056
  1       13.3329502211        6.9237792344       17.8235707263
  2       13.7418918639        6.8319147232       17.4674420356
  1       14.1766578821        6.7600374371       17.1383339013
  1        4.6710573209       14.2995485357       14.2269508710
  2        4.8736559601       14.3852164471       13.7228528643
  1        5.0878067001       14.4980489761       13.2289821525
  1        2.3436726923       16.2836927833        5.7537365852
  2        2.1328960453       16.3591856141        6.2561050133
  1        1.9248907220       16.4362244494        6.7593930048
  1       22.1369775170       15.1328009167       21.3322972791
  2       22.1545256018       14.5905570415       21.2419443904
  1       22.2059657809       14.0557280081       21.1244207244
  1       17.4061294926        6.8134920991        6.8359885501
  2       17.7054278322        6.5746685126        6.4411673268
  1       18.0194458577        6.3376758438        6.0568144244
  1        8.7546897169        4.9117696015       14.4457123703
  2        8.6975401110        4.3772873487       14.3292536051
  1        8.6489927104        3.8409914714       14.2173166543
  1       16.4996741270       24.7652895439        7.4215553081
  2       15.9690450736       24.9099663651        7.4227490696
  1       15.4434417776       25.0716171566        7.4332464863
  1       18.7859454295        7.1200597033        2.4228243383
  2       19.0094784621        7.4338321403        2.8153543895
  1       19.2250744070        7.7482369733        3.2117985704
  1        6.7598451022       21.7812839477       18.1624277664
  2        6.9372269126       21.9437593565       17.6678194013
  1        7.1032691132       22.0760267957       17.1604385669
  1       13.3298087905        6.1302937287        4.6332167593
  2       13.3442065363        6.6695686792        4.7403392719
  1       13.3387202025        7.2127623179        4.8264239394
  1       16.6443285923       13.5134925666        7.8288976304
  2       16.5757874538       13.8740034572        7.4192221367
  1       16.5258837020       14.2512092623        7.0220755704
  1        9.3190037571        5.0437036247        5.4944962389
  2        9.4936666736        5.2302709338        5.9815131839
  1        9.6891062333        5.4273876186        6.4563272423
  1       22.0298738795        9.4977240758       19.7720246794
  2       22.4190760463        9.8858646244       19.7528260370
  1       22.8132369263       10.2685381120       19.7264025331
  1       17.4115944574       26.9814351793        3.7566267610
  2       17.2735299636       27.2194799083        3.2804199755
  1       17.1442911377       27.4441922789        2.7953409352
  1        9.1159794944       12.9951690701        6.2616295898
  2        9.2517191396       13.2122603565        6.7484007086
  1        9.4083577798       13.4337921307        7.2268231249
  1       25.7745692643        8.4755081329       20.4399183030
  2       25.9031226452        8.1674497905       20.8770385221
  1       26.0633636218        7.8766353302       21.3155014944
  1       16.5219842108        2.8500914439        9.2932345082
  2       16.7672924256        2.9016437741        8.8036773236
  1       16.9996531300        2.9561288268        8.3081575146
  1       26.4876894342       25.4224923980       17.5676986431
  2       26.9902079309       25.4219941566       17.3441479503
  1       27.4950997686       25.4105767066       17.1263088514
  1       25.8032294063       11.7695362619       10.0877484379
  2       25.4512785483       12.1872764300       10.1519648336
  1       25.0845169270       12.5894747816       10.2308470121
  1        5.1576163009        6.1166307867       21.7602759618
  2        5.3392596879        6.6088921339       21.5953988985
  1        5.5184672076        7.0972166776       21.4167265619
  1       21.7602780296        5.3105991078        7.3565625682
  2       21.7543072271        5.6535749081        6.9266417035
  1       21.7358538306        6.0111670752        6.5091643829
  1       16.7246738462        4.3516031762       24.0308428564
  2       17.2728799482        4.3402890835       24.0737620954
  1       17.8195190835        4.3253792163       24.1326123341
  1       22.8589374242       26.3037242006        8.7820049924
  2       22.8603614256       26.1657475520        9.3144150004
  1       22.8862264776       26.0400050945        9.8492232206
  1       10.4744365719        1.5769631127       23.5901330791
  2       10.2468513979        2.0709938500       23.6716108007
  1       10.0252413476        2.5618909146       23.7830067456
  1        0.8136797101       19.0176658315       22.0442606111
  2        0.2641115337       19.0086190256       22.0244370182
  1       -0.2856648934       19.0224494974       22.0318260067
  1       20.5550661893        1.7349277333       12.9936373328
  2       20.5261486839        2.2360702298       12.7688708405
  1       20.5309969239        2.7420691663       12.5533677783
  1       27.4804754472       14.9875045362       17.6138498861
  2       27.5264000582       15.1675443512       18.1315144446
  1       27.5850728428       15.3519350363       18.6463518739
  1       26.2914973774        2.2948610000       19.3951828244
  2       25.7483076671        2.2445077072       19.4652505384
  1       25.2042945791        2.2214723633       19.5428336039
  1       27.4575779740        3.9221450678        2.6477186689
  2       27.1078033615        3.5016921438        2.7058311383
  1       26.7579672959        3.0835679274        2.7785419754
  1       20.6742238435        8.7899055109       13.7134131610
  2       20.9815062804        8.9160828048       14.1517700869
  1       21.2917209512        9.0453160761       14.5871614265
  1       23.9756189547        2.6610117118       28.2208311536
  2       24.3740857512        2.2944121342       28.1242446030
  1       24.7669078290        1.9187726844       28.0400673026
  1       23.6414382276       27.5396418944        3.1967982372
  2       24.1618434693       27.5925965951        3.0268741831
  1       24.6814468249       27.6350083460        2.8516212367
  1        9.1103882224       16.9703617627        0.7488308626
  2        9.3357664537       16.5451321324        0.4825895917
  1        9.5727914773       16.1401923917        0.1956349897
  1       16.1229478888       17.9563911892       19.1019942901
  2       16.3617458782       17.4655646529       19.0344307532
  1       16.6003842717       16.9730367685       18.9799514062
  1        7.0907556799       22.4779020386       25.7067818086
  2        7.6280402750       22.5553751592       25.6183330696
  1        8.1639045323       22.6325295801       25.5213965332
  1       23.7174501200       13.9816305737        2.7728697732
  2       23.5886043042       14.5034860625        2.6563982977
  1       23.4689074202       15.0324815982        2.5650945290
  1        0.5855270273        7.6867433681       27.8519532845
  2        0.3437594654        8.1140465382       28.0998654602
  1        0.1140590996        8.5474334004       28.3486898333
  1       27.5877127518       -0.0443652712        4.3119871970
  2       27.9678426824        0.1516486278        3.9661840922
  1       28.3400235540        0.3471754571        3.6115707016
  1       25.8711469824        7.0676667926       12.8771813208
  2       26.0849231904        7.4885711143       13.1593856525
  1       26.2853017775        7.9086494069       13.4524430683
  1       10.4635755807        6.4235174642        2.5374133326
  2       10.5207439403        6.3726067494        1.9927667703
  1       10.5991669598        6.3345800099        1.4497163159
  1       20.5331323440        4.7483898540        0.0809283654
  2       20.2860451311        4.3611050308        0.3833492226
  1       20.0322183227        3.9747421674        0.6813352763
  1        0.1560830095       13.4030718482       10.5798828068
  2        0.4227762361       13.1317401366       10.1827004492
  1        0.6873614529       12.8762619086        9.7737682579
  1       14.8978092772       22.3492100167       15.2264322134
  2       14.5657717376       22.6160346427       15.5743627974
  1       14.2296547967       22.8615864714       15.9338481246
  1        5.8796953210       11.4517988250        1.9891457491
  2        6.1725992294       11.0958576191        2.2891676789
  1        6.4804303433       10.7417707196        2.5761563056
  1       24.2261330205       10.7222652040        3.7146759449
  2       23.7718185697       10.7356495064        3.4049676300
  1       23.3125509233       10.7296514379        3.1024163929
  1        6.9454105653        4.6911219421        0.8197062521
  2        7.3884028024        4.8339509771        0.5266913298
  1        7.8191033991        4.9973252813        0.2261820425
  1        1.0001939588       22.1676217245       14.2054543565
  2        0.6226989861       22.2742094428       14.5909885365
  1        0.2676131389       22.3911734074       14.9943909051
  1        6.6872178685       15.1723290682        9.9840429461
  2        6.6281008371       15.4587499158        9.5182444116
  1        6.5758146559       15.7356896212        9.0459409564
  1        3.1378228640       17.8887249980       27.7180063476
  2        2.8339250059       17.7152407363       28.1423285162
  1        2.5165535466       17.5134610221       28.5436517061
  1       23.0745396820       19.3120820600       17.5771738696
  2       22.6089959877       19.5837035482       17.6866765449
  1       22.1410949849       19.8426448522       17.8151991170
  1       26.8780283996        7.8031137563       25.3035598481
  2       26.7443903861        7.2975317501       25.1331846259
  1       26.6115438415        6.7914184834       24.9637704710
  1        7.9571335062        1.1459625799        5.9820833817
  2        7.6343172019        0.7236638819        6.1233400395
  1        7.3305686412        0.2866897885        6.2622301129
  1       28.6414943412       17.7950375556       15.5765736657
  2       28.1195058518       17.6808393686       15.4462402815
  1       27.5963249813       17.5701442403       15.3176775950
  1        2.9595601434        2.2838879407        2.4498040306
  2        2.6109497290        2.3271908628        2.0266071073
  1        2.2664633833        2.3817738714        1.6013426580
  1       24.5095035395       10.0836663141       28.3144515132
  2       24.8101560335        9.8284061034       27.9311105388
  1       25.0596929847        9.5607031922       27.5205420788
  1       24.5796990783        8.0886332990        8.3315194130
  2       24.8921052149        8.3520523201        7.9633987466
  1       25.2080546473        8.5992454459        7.5871388447
  1       11.6865065093       20.2264134799       13.6635051784
  2       11.2754659591       20.5519979573       13.4975521302
  1       10.8740312190       20.8959973511       13.3458466081
  1       11.7412800689       25.1873324332        8.3391903400
  2       12.0027601368       25.2560247812        8.8181574948
  1       12.2584868004       25.3326485777        9.2990240733
  1       10.1464356511        7.7943155767       26.5763760700
  2        9.7516986599        8.1478562168       26.7236571738
  1        9.3596781486        8.4983565663       26.8848074848
  1        7.2651045038       12.1373322303       15.4747184723
  2        7.4541139162       11.9299160931       15.0016920586
  1        7.6322021065       11.7191415748       14.5259203718
  1       19.0037229834       12.8626517480       21.0990260265
  2       18.7710852125       13.3609843875       21.0923741126
  1       18.5346530069       13.8575365521       21.0863942292
  1       11.6211216207        0.6260658718        6.3836387264
  2       11.4382520413        0.3884518057        6.8447225285
  1       11.2836282695        0.1667443187        7.3237186437
  1        5.2728647555       13.0728823349        7.3575453821
  2        4.8647846721       13.2313905860        7.0246102836
  1        4.4762485571       13.3905821313        6.6693670736
  1        4.3435233195       10.0468479607       14.9617145741
  2        4.1004271707       10.5400011283       14.9760049810
  1        3.8524944883       11.0307143575       14.9911677842
  1       20.5423582131       17.2473807100        3.1256905514
  2       20.8867791018       17.4239952274        3.5164354345
  1       21.2051068361       17.6223768657        3.9186942792
  1        8.4301348271       12.2418514885       10.4454817915
  2        8.0322997339       12.1844387492       10.8208895910
  1        7.6416439997       12.1237065499       11.2032502798
  1        1.4863378404        4.4716641496        5.9017184586
  2        1.3404284196        4.1316777912        5.4947544344
  1        1.1711887561        3.7723781930        5.1142787663
  1       23.8167601742       27.4746761124       19.5076224429
  2       23.7056481024       27.2492257092       19.0184126482
  1       23.6041723300       27.0412980088       18.5194449759
  1       21.8616039167        2.1093252716       16.3032671752
  2       21.8173449748        1.9168579673       16.8165872341
  1       21.7835433736        1.7219068856       17.3297651043
  1       21.0285755102        1.8124796797        9.1203462696
  2       21.4947896130        2.0780390697        8.9994222409
  1       21.9768967796        2.3268127399        8.9089548995
  1       10.2688882416       27.7853477653        3.0209055056
  2        9.7822216321       27.5632307786        3.1486539123
  1        9.2908850864       27.3576311064        3.2858296123
  1       14.1213983922        2.1095141406       25.7607924956
  2       13.8172983633        2.3183656068       25.3528657405
  1       13.5213130744        2.5427566428       24.9472287467
  1        0.3522187004       16.0029779027       25.2926678679
  2        0.5387366258       15.7947489859       24.8190099938
  1        0.7265471235       15.5838645669       24.3470407386
  1       18.8394808202        1.0569275123       19.1602965388
  2       18.3160651005        0.8885640429       19.1465224125
  1       17.7933778807        0.7196153333       19.1190560183
  1        6.6622787578       18.3477559427       18.5849073329
  2        7.0939315780       18.3120156957       18.9238741123
  1        7.5221838239       18.2916244930       19.2683798622
  1        9.3574794274        2.6329721821        2.8384431855
  2        9.5271986954        2.7699721968        2.3335408522
  1        9.7247497773        2.8827517905        1.8327870881
  1       17.7122672337        0.9466155399       -0.2030612469
  2       17.3732432664        1.2856393214        0.0664301725
  1       17.0687256804        1.6313857785        0.3668106416
  1       19.3889821966        1.4995015951        5.2941600789
  2       19.6819961753        1.3781315582        5.7435064068
  1       19.9826461767        1.2784591261        6.1931451306
  1       26.6377607740       20.3082596870       17.2387886457
  2       26.3534694862       20.2895101846       17.7092425965
  1       26.0772473245       20.2793316689       18.1847399301
  1       26.6847261941        3.5749031328       15.5185243372
  2       26.3226813550        3.1696982383       15.4334800666
  1       25.9665186599        2.7573332616       15.3586251428
  1        3.4236470101       -0.1743242355       24.1070667606
  2        3.7631737724        0.2017042315       24.3211325675
  1        4.1127983558        0.5778716310       24.5180100350
  1       24.1548217707       20.8360613260       21.2145854601
  2       24.3686632701       20.3312618065       21.1704350548
  1       24.5893306190       19.8304072931       21.1161149256
  1       12.4689919780       25.4455586137       18.8154237345
  2       12.1769855038       25.0545422344       19.0690739072
  1       11.9202572734       24.6324348352       19.3107678423
  1       17.7325779861       25.5198027146       14.1729032511
  2       17.6234283909       25.1437061143       14.5590867736
  1       17.5020949547       24.7649124518       14.9389466919
  1       10.4999988595        3.1217474549       26.8864341706
  2       10.8411143380        3.5502133441       26.9370030548
  1       11.1843053430        3.9749241300       27.0028869029
  1       17.5784363594       -0.2546954999       11.0031185171
  2       17.6948072232        0.0364829159       11.4549735295
  1       17.8019353310        0.3042834272       11.9232751989
  1        7.4815199007       15.3732208139       15.7676194941
  2        7.4190814441       15.5235618915       16.2929755634
  1        7.3809757000       15.6991986891       16.8127828994
  1        7.1194730843        5.1143106776       11.4186669049
  2        6.8974735982        5.4397082303       11.0348275363
  1        6.6650300929        5.7629489435       10.6553733795
  1       22.4095582712       10.2307367252       25.2019140060
  2       22.5850789856        9.8437493161       24.8527246246
  1       22.7690738538        9.4633119812       24.5007113839
  1        1.7243825419       12.5230797354       24.1556721739
  2        2.1989354357       12.2451628523       24.1478136043
  1        2.6792778521       11.9777562444       24.1640883725
  1        2.8431059963       20.3311832463       16.9239618280
  2        2.4286019449       20.2712645031       17.2804672776
  1        2.0154856748       20.1967851477       17.6358371862
  1       11.9275203919       25.4723653363       22.7531479201
  2       11.8807189107       25.7530556621       23.2238097545
  1       11.8309612564       26.0550353175       23.6807916607
  1       19.7016257892       28.1408132978       25.5167130543
  2       20.1069314604       27.7884238471       25.6352414812
  1       20.5096811875       27.4309385114       25.7470309753
  1        9.1902713566       18.1082504818       22.4781702267
  2        9.6489293366       17.8475373357       22.3227304867
  1       10.0928875637       17.5761299666       22.1445756898
  1        4.3213358238       16.3468305174       24.8089800899
  2        4.4308694957       15.8806139413       24.5385277302
  1        4.5385540800       15.4176800304       24.2617675028
  1       19.2921173244       17.9059153477        0.1650990201
  2       19.0219337582       17.4375207681        0.2656343786
  1       18.7581496081       16.9680539666        0.3775220161
  1       24.8231918870        7.9798491301       16.8033790659
  2       25.2563120645        8.3075665621       16.7167292151
  1       25.6869977502        8.6372166925       16.6254021622
  1       10.6487550444       24.9291330113       12.3108791610
  2       10.3841090486       24.5294333747       12.0412447839
  1       10.1215439387       24.1146646556       11.7931994820
  1       11.8563542857        3.9306627044       19.6354178602
  2       11.7124305685        3.8199163479       20.1545721804
  1       11.5797209841        3.7116932335       20.6772345214
  1       24.6491418678       26.5607635328       27.8663103918
  2       25.1222526965       26.3169783539       27.7276203404
  1       25.5935108580       26.0742069040       27.5810673899
  1       11.0526632268       24.8518018979       26.8472217124
  2       11.0818161788       24.3219471954       26.9918042133
  1       11.1134704478       23.7950254108       27.1462433249
  1        4.7986247613       12.8437440687       18.1474857839
  2        5.2996830291       12.9033384297       18.3663216230
  1        5.8020077667       12.9574881264       18.5836639044
  1        5.0136260952       18.0488444913        5.6901041178
  2        5.1743463815       17.8098473550        6.1586650620
  1        5.3324653242       17.5735658227        6.6294828998
  1       24.5964405788       12.3229047585       15.9174382308
  2       24.4964764221       11.8181729559       15.7231369831
  1       24.3871621013       11.3135866421       15.5335505117
  1       17.0065451938       19.2502005761        5.1311793949
  2       17.2746463377       18.7722138235        5.1775522426
  1       17.5472483262       18.2979939717        5.2350299511
  1        0.8767652562       10.5392340531       21.1926115922
  2        0.5037739680       10.8799588493       20.9751624898
  1        0.1411000312       11.2182321444       20.7373836170
  1       10.4146723832        7.7203502816       23.5665081663
  2       10.7372042023        7.4776007272       23.1929497645
  1       11.0413951239        7.2387832807       22.8018818555
  1       27.6439842570       20.9827381451       24.5858026977
  2       27.8702279063       21.3359093149       24.2300163349
  1       28.1188822113       21.6634548669       23.8647972952
  1        7.2075989323        8.8370342410        7.8924674216
  2        7.1456673950        8.8043576983        8.4379916907
  1        7.0441338701        8.7845552355        8.9781757379
  1       22.5691363412        4.7415652011       14.1014811664
  2       22.4010190624        5.2645863970       14.0753008458
  1       22.2489782204        5.7926217682       14.0515894947
  1       28.1351151867       14.4897246795       13.9602755026
  2       27.6622176941       14.2689895966       13.7866552715
  1       27.1817751000       14.0693082315       13.6083233754
  1       17.2833855434        8.0416211643       13.8001976893
  2       17.2438478608        7.5114197919       13.9409928466
  1       17.2153477539        6.9805906855       14.0820892774
  1        7.3685629932        9.9799977732       18.6995851163
  2        7.7686758521        9.7951511703       19.0285857751
  1        8.1935794753        9.6310011467       19.3368254218
  1        5.8451615863       14.3939370328       28.3997811135
  2        5.7800642613       14.5363644905       27.8725461018
  1        5.6855889238       14.6738181792       27.3484460225
  1       18.3042897447        8.8635314832       25.3186373631
  2       18.8098008219        8.6817244312       25.4365557528
  1       19.3163846164        8.5054369926       25.5581929065
  1       14.8006198462       25.8704574963       13.0335228601
  2       14.5097656807       25.4388193389       12.8557804751
  1       14.2160767554       25.0076877893       12.6815036807
  1       17.7666570614        3.8053833185       15.4255087298
  2       17.3208265553        4.0192223731       15.6663572683
  1       16.8680008200        4.2201698044       15.9052484199
  1       27.2957881566       22.8551739188       20.6799026406
  2       27.4258833035       22.8482662489       20.1455548729
  1       27.5320758410       22.8730124577       19.6064716055
  1        2.2164433913       19.0744251631       12.6869450557
  2        2.5763509946       19.4903062623       12.6838744863
  1        2.9393522474       19.9032690879       12.6977234626
  1        0.7061831569       23.8947908260       11.0801909204
  2        0.9784310803       23.8224571876       10.6078045182
  1        1.2513891042       23.7579977220       10.1346883660
  1       23.3597953084       21.7615297328       24.3722070668
  2       23.1547936123       21.3233310350       24.6338484354
  1       22.9779995189       20.8813466597       24.9093364742
  1        8.4083516062       26.3116253661        9.4430238463
  2        8.2157140951       26.3556340285        9.9563015752
  1        8.0196732527       26.3977527687       10.4684480374
  1       16.9175053511       24.3216361615       18.4603156551
  2       17.2130767077       24.7687344691       18.5837687899
  1       17.5073124266       25.2195146775       18.6965630471
  1        3.9333465433       23.6417804694       13.0543006478
  2        3.7930181871       23.2600356050       12.6840590902
  1        3.6357889760       22.8694024037       12.3302446245
  1       12.9298451934        9.2231409820        7.6796323533
  2       12.4780074172        9.4703131463        7.8726311751
  1       12.0078990462        9.7060523683        8.0336440245
  1       25.7260240452        3.6492518845       22.5632240181
  2       26.1164839510        3.9170447151       22.8430955276
  1       26.5148453769        4.2005866256       23.0949132360
  1       22.5976882444        6.4320072400        2.3555380144
  2       22.9075171082        6.8524056154        2.5280815775
  1       23.2232526613        7.2725274297        2.6902812094
  1       14.0193107433       11.1142276576        4.8197574289
  2       13.7165825537       11.1247765090        4.3606884091
  1       13.3963645328       11.1321835280        3.9135804198
  1       23.4025200500       10.3841530910       11.5242121633
  2       22.8820352481       10.4745222091       11.6772774875
  1       22.3624144753       10.5601900147       11.8358816443
  1        1.4735544345       21.6978588478        3.0867209660
  2        0.9850835577       21.7993750734        3.3182175284
  1        0.4898061458       21.8961574880        3.5369261210
  1       14.9380753947       19.4300276811       26.7259845789
  2       15.4838715192       19.4097391423       26.7907531341
  1       16.0304647802       19.3887619271       26.8481618651
  1        1.7469534499        3.6447941059       23.5731878084
  2        2.1347783756        3.8940886243       23.8730945773
  1        2.5364439966        4.1273175584       24.1676603463
  1       15.6465607403       18.1946457035       13.2380958595
  2       15.5938877012       18.7019687557       13.4438842743
  1       15.5348522713       19.2200171551       13.6189290483
  1        2.2451150322        3.2763853554        9.3666116207
  2        2.6244910971        3.5494694963        9.0767860638
  1        3.0163262219        3.8093591971        8.7914396474
  1       20.0107707031       17.3938283446        6.8726707124
  2       19.7959059296       17.3930546931        7.3789636420
  1       19.6168807789       17.4018626114        7.8989371172
  1       23.2247510677       20.1454625876        8.9990725771
  2       23.4408746031       20.6424699871        8.9054015445
  1       23.6630409906       21.1385507413        8.8214612053
  1        5.6997904728       19.3949142430       10.0392690099
  2        5.3027193434       19.2622373708        9.6825739499
  1        4.8955577600       19.1370377991        9.3346594328
  1       12.8053837214       13.8727863937        9.9554349775
  2       12.9841281334       13.5217982107        9.5715629538
  1       13.1580668043       13.1694087967        9.1867681531
  1        2.3356164930       15.5844142848       10.7026714821
  2        2.8155462577       15.8372789690       10.6119693739
  1        3.3081777673       16.0689523664       10.5336008108
  1       15.4336104740        7.3972403679       23.1697819515
  2       15.0085877806        7.2761691410       22.8423717072
  1       14.5709939195        7.1645243580       22.5284496561
  1       19.3926224692       21.2986478519       19.5980153776
  2       19.3222539334       21.8398854965       19.5301177983
  1       19.2694222901       22.3829635006       19.4610157157
  1       13.3551339788       14.2408977421        5.9540311648
  2       13.3554597410       14.6845054076        6.2791651879
  1       13.3394122271       15.1365365223        6.5920714800
  1       23.4621438118       23.2055483934       18.3487848292
  2       23.9395997996       23.0995973866       18.6003999398
  1       24.4159329231       22.9902863114       18.8527049998
  1       20.5195935377       19.9116695247       22.4588230208
  2       20.7132157837       19.3992740564       22.5084346118
  1       20.9061637437       18.8888053285       22.5769383453
  1        5.8540769637        1.6993323683       20.9148976705
  2        5.5021826174        2.1176733366       20.9754055484
  1        5.1445523806        2.5318470937       21.0307292468
  1       10.9872503377       23.6692218688        3.9675896497
  2       10.7455902768       23.7477830433        3.4798104406
  1       10.4994024934       23.8206827715        2.9934184136
  1        7.9666102717       24.7585008134       14.8574487047
  2        7.5105957087       24.8185126659       14.5558706951
  1        7.0601731087       24.8930616402       14.2491755193
  1        9.0997442976       12.7255398874       28.2953635893
  2        9.1292698193       12.5282770653       27.7828056681
  1        9.1445727489       12.3294590007       27.2702267020
  1       13.0613163369        0.2616746948       20.5380450628
  2       13.5616116055        0.0354767891       20.5702809381
  1       14.0584417419       -0.1985661007       20.6000087072
  1       17.3107541499       21.1439008298        8.0571085739
  2       16.9627623072       20.9180753387        8.4182242408
  1       16.5984616753       20.6861994547        8.7588393066
  1       27.2024105775       11.3048153747        2.4729354779
  2       27.6204538225       10.9733390572        2.6065891208
  1       28.0259289305       10.6204798246        2.7231236554
  1       13.1317848752       18.9721191439       16.3198303819
  2       13.1540266149       18.4816737949       16.5677591313
  1       13.1689707743       17.9864194479       16.8065054460
  1        6.2148334142        1.3399675836        2.3104356042
  2        5.8815740078        1.0625895839        1.9720576893
  1        5.5489050325        0.7735505292        1.6429866077
  1       14.5256988230        7.0066935492        9.6659462111
  2       15.0109484000        6.8467153549        9.8695139526
  1       15.5027189136        6.7278723006       10.0852408387
  1       23.4581060012        5.4725011324       10.3615003629
  2       23.0322277008        5.8205307154       10.3632560826
  1       22.5901726175        6.1477251552       10.3576792687
  1       15.0867913191       10.8698412742       16.3206402795
  2       15.0388449659       10.9687761649       15.7817404422
  1       14.9896823538       11.0781327552       15.2449684490
  1       27.9221404380        6.1246700029       17.4533708398
  2       27.5885697999        6.0473356090       17.8837776484
  1       27.2519958736        5.9730658467       18.3123823539
  1        6.5632932984       26.8297226802       23.4497659247
  2        7.0913899844       26.6884453482       23.3893125900
  1        7.6172789970       26.5394643002       23.3281129758
  1       22.6564156590        2.9643991279        3.5428531731
  2       22.9929791316        3.3249901719        3.7861618820
  1       23.3459999286        3.6742537701        4.0225751957
  1        3.5715818181       19.3879458490       23.8151838322
  2        3.1559450608       19.5737597651       24.1237600376
  1        2.7456826022       19.7562755060       24.4413646949
  1       19.3908422680       22.8089584333        3.9904218942
  2       19.1574414324       23.0446422071        4.4291441398
  1       18.9176064433       23.2980283852        4.8543201289
  1       14.1945203120        1.1319680441       13.2183634224
  2       14.1245212034        1.1063636734       13.7632896018
  1       14.0779197373        1.0876961609       14.3109937430
  1        8.6541174592       21.9415243806        0.8840688354
  2        8.1360828318       22.1249171269        0.8615471700
  1        7.6160722036       22.3033555196        0.8457774017
  1        7.0717382793        3.7026972318       17.4246759896
  2        6.7109873456        3.7820960880       17.8321739473
  1        6.3581885844        3.8372892238       18.2504881245
  1       26.3146140290       16.0338076104        7.3441418251
  2       26.5767651006       15.7239415008        7.7153019115
  1       26.8568407675       15.4322064494        8.0880595802
  1        2.6470453876        8.0962416482       23.1553564586
  2        2.3412905734        8.3813791028       23.5127226932
  1        2.0308260108        8.6659277902       23.8664793876
  1        1.4658912847       26.6509023574       14.8118242522
  2        1.3783515511       26.5379016454       14.2807238529
  1        1.2564994400       26.4197966996       13.7575572601
  1       17.7718577472       19.6583965381       16.5270805546
  2       17.4151839696       20.0282375392       16.7232984187
  1       17.0506116742       20.4006062070       16.8991637526
  1       17.3496299191       13.5585145553       16.6094566229
  2       17.4790817778       13.3776868326       17.1124909666
  1       17.6063968154       13.2140849408       17.6219272248
  1       21.8186449111       22.8135049890       12.0975380355
  2       21.4553339478       22.5548843530       11.7756366367
  1       21.0872042369       22.3035884691       11.4534086216
  1        8.9311605545        8.3315480645       12.6001210789
  2        8.9205370389        8.8262507142       12.3600035467
  1        8.9256527732        9.3108285785       12.0998917982
  1       15.2063861228       14.2948736494       13.2283846417
  2       15.5262392427       14.5129887540       13.6190504617
  1       15.8272907962       14.7509434055       14.0130625744
  1       21.7608392079       24.7098285450        1.5763491103
  2       22.2219410447       24.7382824296        1.8748042536
  1       22.6869636569       24.7588716804        2.1677719172
  1       20.8962585692       22.9788058064        7.5429492331
  2       20.7974720603       22.4381686452        7.5216728250
  1       20.6805040023       21.9020376204        7.4844976104
  1       14.6893173253       27.4353437062       16.8751111546
  2       15.0219755770       27.1386843402       16.5528818758
  1       15.3401770279       26.8282406623       16.2290415471
  1        0.8641238505        9.5521240819       10.3070936380
  2        0.3506799803        9.3592481759       10.3480115685
  1       -0.1644930986        9.1731797257       10.3977632481
  1       16.4722700098        0.1977653647        6.4551620676
  2       15.9402187870        0.3326224982        6.4200187916
  1       15.4119303863        0.4776543496        6.3712630047
  1       13.3229058452       10.0491381256       25.6371260387
  2       13.0823381086       10.2509150097       25.1855584876
  1       12.8571068164       10.4541185900       24.7267783998
  1       24.4970883383       17.5450428027       23.7092777039
  2       24.4086754390       17.0558732582       23.4739134840
  1       24.3206878766       16.5603091394       23.2521604862
  1       11.4855864282       11.3145029215       20.6974311499
  2       11.5391421535       11.0129030251       21.1542344848
  1       11.6002558503       10.7315923616       21.6228808607
  1       12.9176924713        6.8128165948       13.7660897697
  2       12.5763426333        6.7616121033       13.3378860937
  1       12.2214184330        6.7156637978       12.9202528045
  1        8.7482294155       24.6588902964        6.0065667106
  2        8.2851371309       24.8163881928        6.2580422533
  1        7.8201126074       24.9644730900        6.5116621555
  1        0.4289368522        3.3688977036       26.9595431957
  2        0.4468413062        3.8863776681       27.1449991658
  1        0.4853263476        4.4071613547       27.3176353508
  1        8.1638996522       25.7699054638       28.4036444384
  2        7.9240265204       25.5094784651       27.9827660010
  1        7.6705415698       25.2593290161       27.5636351957
  1       22.8849251754        6.7705885651       26.8943410787
  2       22.6776796333        6.6840319185       26.3922880614
  1       22.4605884488        6.5966977902       25.8945490066
  1        5.4225968638        4.3392348272        4.8362824755
  2        5.8602454515        4.2729444124        5.1627320039
  1        6.2929196584        4.1870720499        5.4912422275
  1       10.9658791575       22.3023208337       22.6286738694
  2       10.6689546314       22.6163271442       22.9688736089
  1       10.3668227398       22.9319691530       23.3029191766
  1        7.4109819226        0.6100347920       12.7054366881
  2        7.7106882343        0.4626561488       13.1424214272
  1        8.0254624883        0.3240798178       13.5716227419
  1        1.9955752167        4.5951999923       20.3977695983
  2        1.7937553999        5.0434494654       20.6444296303
  1        1.5805985327        5.4974118789       20.8702221814
  1       19.5840741906       19.4752968846       12.9750367802
  2       19.4872579454       19.1770863555       12.5231550534
  1       19.4098265897       18.8951644187       12.0572962704
  1       27.4558934990       14.2376590307        4.2176780490
  2       27.0093317102       14.4195737050        3.9531225348
  1       26.5626497526       14.5940566050        3.6838068364
  1       10.8241954727        6.7524900020        9.0883536210
  2       10.3138629823        6.7931509847        9.2893696245
  1        9.8011446778        6.8326452162        9.4844597188
  1       25.6482830114       12.4933147549       19.0657900056
  2       25.4351825176       12.3632302695       19.5558575583
  1       25.2398446263       12.2315073579       20.0528406382
  1       13.1545896880       21.3472754065        0.7513092762
  2       12.9275695569       21.7025361823        1.1045112599
  1       12.6832212602       22.0574659057        1.4462989137
  1        0.6280481834       19.0592574323        8.8648938409
  2        1.0416035242       19.2337906453        9.1827147615
  1        1.4462719121       19.4150248385        9.5081339712
  1       17.7479429603       27.2763466414       22.2091400209
  2       17.4078407259       27.5917519925       22.5046902444
  1       17.0778081243       27.9253480987       22.7915562737
  1       11.2170487000       10.2015764211        1.2115451339
  2       10.9646548452        9.7921559055        1.4783262868
  1       10.7033681210        9.3902516687        1.7479597995
  1       25.6415339848       11.4693975797       24.0568005378
  2       25.9108256389       11.0982789160       23.7530688429
  1       26.1433859683       10.7108530304       23.4395136239
  1       26.7822898783       24.8466565361        3.2188030635
  2       26.8987841183       24.7847060457        2.6848637141
  1       27.0043735971       24.7240718174        2.1485108906
  1        5.8990908385       11.4156666227       25.0362914794
  2        5.6196291519       11.5762727385       25.4819447541
  1        5.3343052687       11.7472756041       25.9199496635
  1       15.0720189643        4.7144750680       12.8853635384
  2       15.4596474389        4.4176758948       12.6320763170
  1       15.8507175301        4.1253181413       12.3789140633
  1       11.7502786427        3.4237569113       11.5664105883
  2       12.2018392096        3.6544714173       11.3534226280
  1       12.6647848815        3.8690368767       11.1481351042
  1       26.9122905073       17.4754465656       11.3155775735
  2       27.2789129113       17.0938369299       11.1657039641
  1       27.6391627101       16.7070075115       11.0137727871
  1       15.2086486847       26.7538541036       26.0546612678
  2       14.9148488800       26.5625406052       25.6308914953
  1       14.6169772035       26.3640437200       25.2133134189
  1        8.9486147918       18.4296716653       15.2418514754
  2        9.1666856671       18.7175643637       15.6566561132
  1        9.3587637156       19.0066903938       16.0832849460
  1       14.5276540842        0.1329853918        9.6439151614
  2       14.1785664915        0.5576502554        9.6611664301
  1       13.8348656670        0.9867638508        9.6763738114
  1       11.6907041776       10.1475810572       15.7821863833
  2       11.6042308903        9.8092051312       16.2070676647
  1       11.5435754356        9.4726865308       16.6378531640
  1        0.7887936765       25.9145163819       23.8358728128
  2        1.1510717376       25.7893072348       23.4414399592
  1        1.5011233917       25.6465786307       23.0419498042
  1       10.9259645769       17.2491777899        5.4086364714
  2       10.4517195015       17.0287243649        5.5789065387
  1        9.9864121000       16.7835431324        5.7397641911
  1       26.4988570731        7.5471580570        4.3085509633
  2       27.0439859589        7.4815268793        4.3405985285
  1       27.5906645292        7.4350642123        4.3791181380
  1       18.8792305632       15.3544952417       25.8346313172
  2       18.7694578728       15.2960520466       25.2988754498
  1       18.6515266984       15.2414170361       24.7644530956
  1       23.0739273547       16.2559068272        7.8994574197
  2       23.0365042064       16.2943404077        8.4468351392
  1       23.0153632841       16.3199544734        8.9958314780
  1       26.7069363755       26.3869653715        8.5801306695
  2       26.4086634564       26.2995885730        9.0338911358
  1       26.1072514815       26.1921203248        9.4812180812
  1        6.3569592143       16.0832620290       21.7161598057
  2        6.0690064582       15.9784718394       21.2594298785
  1        5.8051093056       15.8386985729       20.7975622288
  1       23.9826695837        0.5960653435       24.8393018871
  2       24.2891111816        0.2441190997       24.5482221926
  1       24.6009283108       -0.1000308356       24.2535513611
  1        2.6946707159       26.1293981302        2.6178923135
  2        2.7838553331       25.5944697450        2.7095314255
  1        2.8508875212       25.0588838980        2.8151462221
  1       13.8188070421        6.7365782767       26.5407223289
  2       13.8892600216        6.3902273969       26.1193229390
  1       13.9677450343        6.0568988223       25.6889368762
  1       24.6405708958       22.2274865906        3.4236190005
  2       24.2422378351       22.0689386722        3.7681379845
  1       23.8617529902       21.9102583058        4.1322146565
  1       10.1725857053        9.3466293467        5.1971679051
  2       10.3376738019        9.8295928209        4.9922479137
  1       10.4977875063       10.3142512241        4.7873825118
  1        0.4058912038       28.1232374461       28.3766572595
  2        0.7912408912       27.9251823401       28.0378655928
  1        1.1702745367       27.7024389004       27.7073828329
  1       11.9822013877       28.0247910223       27.8500180866
  2       11.8266475858       27.9811055678       27.3242856492
  1       11.6683160584       27.9633231756       26.7978685968
  1       15.8890584981       15.2330864148       27.0896415195
  2       15.8167486618       15.6121927840       27.4814956358
  1       15.7639804619       16.0069069198       27.8608586112
  1        3.8971763483       21.1956119116       28.2112384389
  2        4.1123518171       21.6944018004       28.1251677444
  1        4.3309703756       22.1891969904       28.0257512226
  1       28.2845851296       19.7089959409       27.3826485105
  2       27.7965936390       19.4568782879       27.3543466709
  1       27.3075889755       19.2053468396       27.3440331541
  1       23.3951985865        5.6977033531       19.0564735881
  2       23.7629292082        5.5099345348       19.4198151089
  1       24.1532721237        5.3302824852       19.7631189807
  1       13.9526036513       23.2383941719       25.1810358737
  2       14.2190436668       23.3606314099       25.6464043038
  1       14.4751107943       23.5179644444       26.1070299018
  1       20.2541112009       17.0373245817       18.5515436375
  2       20.0784512729       16.7651132916       18.9960035381
  1       19.8887142204       16.4879800532       19.4315457497
  1        4.7773365590       25.9712369719        8.6289635599
  2        4.8278666381       25.6498875012        8.1854759854
  1        4.8797507268       25.3236993233        7.7456927286
  1        4.0202102752       28.1148105770       12.3137204402
  2        4.1675852290       27.6161097398       12.1346168446
  1        4.3281352965       27.1279507132       11.9385953164
  1        3.4196134338       10.1959474262        5.1977849118
  2        3.2811710607       10.2297348146        4.6665673276
  1        3.1351965522       10.2830931730        4.1389838485
  1       14.2908748753       18.4170916549        2.3505840715
  2       14.0899248566       17.9489757419        2.1432520143
  1       13.8599217164       17.4986549016        1.9268965306
  1       27.3080451703       12.7552541065       26.4664900633
  2       27.2888035665       12.3677481373       26.8563219303
  1       27.2664663406       11.9898644357       27.2553268868
  1       13.9058743619       12.6778073616        0.2637077998
  2       14.2518206186       12.7734415467        0.6804514741
  1       14.5937787748       12.8705475281        1.1001359351
  1        2.1048949895       10.7497006922       27.5603851081
  2        2.4088101594       11.1726098079       27.7372563871
  1        2.7021645852       11.6048956529       27.9092218724
  1       19.0222778784       13.0131200615       13.7236998365
  2       19.2708845128       12.5233671747       13.6947714559
  1       19.5157834561       12.0313398778       13.6739472940
  1        1.5901905987       11.8085615856       17.0449911880
  2        1.5930064307       12.3381751948       16.8966621754
  1        1.6070560401       12.8741170516       16.7739065908
  1        3.3186227889        7.2887280482       11.5238311152
  2        3.1370949288        7.0284078963       11.0746306538
  1        2.9578223725        6.7728266205       10.6218177112
  1       10.4555587622       19.7338351973       26.4341963635
  2       10.6968737218       20.1607878834       26.1852415603
  1       10.9417018690       20.5829329397       25.9315631640
  1       24.1489506413       24.9647794367        5.9097985062
  2       24.3821924212       24.5655729319        6.2076784126
  1       24.6063648276       24.1641705900        6.5095440964
  1       21.4711228249       12.9342905372       17.9070275227
  2       21.4071888483       13.4758039829       17.9789694073
  1       21.3503014490       14.0143512247       18.0750458929
  1       12.2387750248       16.4237461248       20.0553735417
  2       12.4970209954       16.9090346259       20.0379353836
  1       12.7727318732       17.3844129740       20.0155984851
  1       24.0161946155       18.4774303300       12.9964627823
  2       23.7449939311       18.5625172021       12.5256014301
  1       23.4663100250       18.6456271175       12.0587738159
  1       24.7361230109       13.2607559829        6.8671996851
  2       24.2705920953       13.0386989190        6.6762242232
  1       23.7837227618       12.8451187916        6.5089370889
  1        8.9985353842       16.5883760224       12.2552199141
  2        8.9283028408       16.1185189509       12.5323511505
  1        8.8501590885       15.6415382758       12.7948068393
  1       28.1688915586       11.2169136167        6.4702481982
  2       27.7139991054       11.1841390985        6.1628418108
  1       27.2582954636       11.1504199752        5.8567418099
  1       17.4065752921       13.3046115629        3.4629827652
  2       17.6871413863       13.2552619085        3.9334583526
  1       17.9706521425       13.2123117821        4.4027950513
  1       17.3247463784       21.1698608444        1.4731195528
  2       16.9921088926       21.2519638503        1.9033652959
  1       16.6764654989       21.3336857550        2.3462995768
  1       20.8647477165        5.5412892320       21.3909084983
  2       20.6966229824        5.3860769083       21.8910516861
  1       20.5242671885        5.2365242000       22.3914789703
  1       27.1754812113        5.0372019654        9.8135646018
  2       27.0062427714        4.5207641686        9.8981243588
  1       26.8370545745        4.0065736224        9.9955072900
  1        9.3473976138       10.8933591368       24.3759685929
  2        9.1663842348       11.2923576254       24.0435015077
  1        9.0074173119       11.6994826595       23.7096172120
  1        5.2862563338        8.0264207038       28.0992179425
  2        5.3036252203        8.5712978585       28.0263673552
  1        5.2950402070        9.1150967861       27.9444587298
  1        6.7548520073       20.5951166753       22.1002106550
  2        6.9853847755       21.0321947816       22.3417005550
  1        7.2393524978       21.4571328147       22.5813420854
  1        1.4350357248        7.9870419980       15.3224215091
  2        1.4155173704        7.9582458131       14.7735227811
  1        1.3689813617        7.9283881054       14.2263090056
  1       17.2653544563        6.2231007871       27.1892405736
  2       17.1317769490        5.6895712418       27.1910499443
  1       16.9941690940        5.1578051577       27.2191374689
  1        1.2074283083       24.4646769742        6.5830401403
  2        1.3963267450       24.8660305705        6.2578745343
  1        1.5639838666       25.2683671167        5.9224399025
  1       15.8913180194       16.5004977915       22.1083375278
  2       16.2521846161       16.6466034807       22.4968326074
  1       16.6152256872       16.7886267887       22.8848152871
  1        7.7409502901        1.5820373412       26.9489771026
  2        7.6512135135        1.1782569924       26.5864736670
  1        7.5719840915        0.7647936873       26.2325375244
  1        7.5305985188       21.6643103824        4.4054510850
  2        7.3174640415       21.5501190615        4.8994490979
  1        7.1089286641       21.4302814212        5.3940721214
  1       11.1940359543       20.7419928313       19.1402616471
  2       10.7363309700       20.4864302269       19.3066764979
  1       10.2815772398       20.2313894799       19.4817572257
  1       20.8116866911       27.8435372228        1.8056079925
  2       20.8991162537       28.0134252053        1.2898617904
  1       20.9907508325       28.1645559214        0.7690330185
  1        7.0706454187       20.3598996469       12.8701121046
  2        6.9867290787       20.8676636676       13.0641062982
  1        6.9113092525       21.3687346299       13.2779748082
  1       10.4603559315       21.0962900269        7.2038041142
  2       10.5068088899       21.0350244231        6.6592045839
  1       10.5669835097       20.9849931884        6.1148004237
  1        0.4506291943       23.3258862021       26.9369329793
  2        0.6760181907       23.3472788882       27.4381735935
  1        0.8840372997       23.3611016082       27.9471303517
  1        3.9621428469        9.1218737708       18.2256233233
  2        3.7840212152        8.7123173155       17.9046308090
  1        3.6130265593        8.2912818427       17.5948083480
  1        5.6582304181        1.1524511815        9.3291573405
  2        6.0226152762        1.5415695665        9.4644738499
  1        6.3798192658        1.9419385025        9.5853457815
  1       26.4712620272       26.0867281485       21.1569913195
  2       26.5165018458       26.6114467665       21.3154959903
  1       26.5640134602       27.1390394436       21.4634439967
  1        6.7138733327        7.5216143877        3.7673522111
  2        6.8935907358        7.7881286464        4.2136388958
  1        7.0885466401        8.0621213906        4.6488631718
  1       16.8825672812       10.9109069217        0.4164795892
  2       17.2134260152       11.1984886845        0.0843211514
  1       17.5472591484       11.4646855618       -0.2623698648
  1       22.7008932688        3.6303091773       24.4717149458
  2       22.3520171160        3.5198840397       24.8823141652
  1       22.0018275268        3.4298424123       25.2967532511
  1       17.3471860958        6.6451176488       20.5656832584
  2       17.5473677728        6.1333324272       20.5881150026
  1       17.7712688552        5.6309999062       20.5936234139
  1        9.4733041791       -0.5271147680       20.5158623886
  2        9.3995168957        0.0145967687       20.4558286661
  1        9.3035768656        0.5517055996       20.3864772901
  1        3.5866917730        1.2264300754        6.0745789676
  2        4.0094481545        1.1548448106        5.7301191124
  1        4.4197195677        1.0547859116        5.3777477412
  1        2.9244616426       13.9867523308       20.5852352797
  2        2.5108276508       14.2965684389       20.7734396898
  1        2.1006629714       14.6058114892       20.9699941878
  1        4.1141638193       11.9865817632       10.7824549781
  2        4.1371601802       11.4822425305       11.0006592535
  1        4.1575533182       10.9817241342       11.2277395341
  1       15.6107618122       10.9666346643       10.9029270619
  2       15.5598030827       10.5262152971       11.2284020823
  1       15.4900986780       10.0829762323       11.5464907907
  1       27.1083591789       14.3570800914       22.0730406618
  2       26.6018455830       14.2816498324       22.2736752880
  1       26.1107362680       14.2039855172       22.5087920545
  1       15.0409574007        9.3737725640       19.5510868315
  2       14.9507984819        9.5606723450       20.0604392058
  1       14.8529707413        9.7221447789       20.5770206468
  1       15.1572458486       24.5819863611       21.6660806206
  2       15.3343307141       24.0671796796       21.5878819561
  1       15.5182878588       23.5531939446       21.5209608678
  1        6.3599341702       24.8615235924        3.4917612640
  2        6.3295807075       25.4078076354        3.5479076052
  1        6.3055900427       25.9551738949        3.5960181539
  1       15.2508299462        2.5906014729       18.2142619879
  2       15.1043052540        3.1143013254       18.2965357936
  1       14.9261673017        3.6293594446       18.3705763413
  1       14.4080800402       25.9214538872        1.3718788265
  2       13.9791304446       25.6134931663        1.2180528248
  1       13.5489308315       25.3173648910        1.0456105547
  1       16.9440135202       19.8278037820       23.5717226074
  2       17.1345177554       20.0503595981       23.1062367912
  1       17.3355133594       20.2563472254       22.6375472740
  1       18.5847830669       15.5091031034       11.2181312754
  2       19.0703235578       15.4081876082       10.9802941579
  1       19.5565409744       15.3139760395       10.7410938168
  1       21.3809467834       26.9650695609       21.7295952670
  2       21.0528358637       26.6348777485       21.4366505771
  1       20.7007503355       26.3301529643       21.1439415309
  1       18.9296925947       -0.0090060450       15.2021742027
  2       18.4281930182        0.0731146527       15.4125414192
  1       17.9212580190        0.1481522229       15.6122568884
  1        5.9588898285       18.8921934488        2.2804653573
  2        6.2793683622       18.6441539151        2.6523119643
  1        6.5844209627       18.3677314287        3.0170495671
  1        9.2034176475       17.4996516684        8.6318794622
  2        8.9920248076       17.9784612541        8.4628988485
  1        8.7863033878       18.4599549375        8.2945464525
  1       26.5384426377        3.9877816516        6.6675504921
  2       26.1683971761        4.3900654340        6.7286578952
  1       25.8116167851        4.8008433417        6.8090896188
  1       25.6737613924       27.1075527983       13.6269331932
  2       25.8224017508       26.7405892767       13.2451691068
  1       25.9703797800       26.3658073281       12.8708150059
  1       18.1272098659       24.1861034993       23.8901954164
  2       18.4113899970       24.6003400743       24.1141367324
  1       18.6991940306       25.0103693755       24.3411715522
  1        5.5890181645        6.6581498127       25.3508821852
  2        5.7801572816        7.0889789006       25.0674176638
  1        5.9617082481        7.5326352968       24.7977729944
  1        4.0735553594       25.0373972754       16.3301508483
  2        4.2576505748       24.5741879080       16.5626288765
  1        4.4553019767       24.1171793406       16.7962462808
  1       24.5943396450       22.4073868696       28.2718261523
  2       24.9442188174       22.0604428115       28.0274608821
  1       25.2926943803       21.7269061699       27.7632297526
  1       21.9298935072        2.3603849929       20.7771697482
  2       21.8681455175        2.2245859988       21.3065522365
  1       21.8149055670        2.0975266918       21.8390195493
  1        4.9060773648       24.1126614110       22.2971734785
  2        4.9261842349       24.0690291926       22.8450712275
  1        4.9210627543       24.0318681538       23.3937904878
  1        9.7295684351        2.4941394729        8.9067296484
  2        9.6029454861        3.0108770160        9.0461891063
  1        9.4751175220        3.5264709401        9.1887475712
  1       18.6570831209       21.0543104144       26.2261646613
  2       18.6509066101       21.5723957894       26.4106894427
  1       18.6358423977       22.0843081988       26.6112355811
  1       28.1071215674       10.9296098921       14.2820021072
  2       28.1474774309       10.9295334962       13.7334846522
  1       28.1984981200       10.9505830089       13.1862609262
  1       20.0160188553       10.9240754307        5.2893622372
  2       20.4616819448       11.2344234113        5.3763596030
  1       20.9299789197       11.5148239269        5.4439872091
  1       19.8096615372       25.9753201881        8.2174269999
  2       19.4444237346       26.3436334651        8.0345426715
  1       19.0706221394       26.7138815869        7.8742657403
  1        1.1934057528        1.5471217923       20.7804328015
  2        1.1937385232        1.4365049875       20.2416714334
  1        1.1849285435        1.3243870262       19.7032924350
  1        6.6361219647        7.0904728351       15.0297749294
  2        6.3865385719        7.0992935250       14.5397439860
  1        6.1332435336        7.0946345030       14.0515637774
  1        1.8687527879        3.1976776782       17.0931006605
  2        2.3978346638        3.0821104871       16.9970975720
  1        2.9194957719        2.9533306357       16.8796861710
  1        6.9687530575        3.7587203219       23.7483206600
  2        7.3491695579        4.1550099827       23.7211583512
  1        7.7252967764        4.5541510263       23.6797489101
  1       22.2107964709       17.3435747555       26.2716261321
  2       22.1159589374       17.8516555627       26.4596679776
  1       21.9980850326       18.3596354111       26.6344885004
  1       15.8326132849        8.0422810500        1.9552994700
  2       15.2853969868        8.0677462090        2.0043489228
  1       14.7386450792        8.0832157686        2.0619947658
  1       12.0900898779       12.1141200847       12.8615356541
  2       11.5795824719       12.2759566876       12.9867997844
  1       11.0645763962       12.4383802847       13.0911420871
  1       14.5735479349       22.0422601122       19.2189364530
  2       14.5355776807       21.6102998332       19.5572685047
  1       14.4788117914       21.1679984710       19.8792112600
  1        3.7650555267       18.8390208444       20.5222974082
  2        3.7259425671       18.5163271824       20.0786320198
  1        3.6947914856       18.2004139815       19.6294901061
  1        7.2512473163       24.7463106921       20.0717459116
  2        7.6956333456       24.4337344829       19.9862054510
  1        8.1410178160       24.1240734351       19.8954160903
  1       11.1424919105       27.8970388153       17.1232819024
  2       11.0790140238       28.0145408915       16.5897429442
  1       11.0191457301       28.1336107129       16.0561343198
  1        3.2577904636        5.8215886915        3.0599527838
  2        2.9637671841        6.2720178499        2.9452188113
  1        2.6794481952        6.7286440661        2.8305226467
  1       13.4916836408       19.3277108995       22.4428518404
  2       13.3975357716       19.3888410068       22.9812748049
  1       13.2945179058       19.4730359050       23.5149399972
  1        8.6098771679       13.4827533304       20.4222366130
  2        8.9010132189       13.8704781529       20.6818695498
  1        9.1925387753       14.2546622193       20.9462848519
  1        1.7082283011       25.7012801642       19.7121943670
  2        2.2532749595       25.7143655441       19.6397173845
  1        2.8000188010       25.7335123868       19.5831084708
  1       25.4022668320       15.0930329682       27.3217702216
  2       25.3906981387       15.6420194384       27.2904649364
  1       25.4041832023       16.1912601814       27.2649158035
  1        5.5888646945       18.3098887068       15.1898996015
  2        5.4094630888       18.0912974457       14.7181656463
  1        5.2640488580       17.8591934696       14.2412144489
  1       13.3473642182       13.5088789781       24.1681412207
  2       13.6541092213       13.5737437618       24.6200262315
  1       13.9612181833       13.6164239132       25.0742976141
  1       27.4029153436        1.0322996633       24.7184947633
  2       27.9449736233        0.9828341085       24.6395898820
  1       28.4855669338        0.9328334413       24.5515058029
  1        1.0646005672        2.6479347964       12.8830232757
  2        1.2212826783        2.3966311013       13.3464854305
  1        1.4007364024        2.1625396600       13.8107025747
  1       19.6797741401        4.7283184625       17.8975293113
  2       19.9750398356        5.1834169043       17.8069557097
  1       20.2694307257        5.6370856292       17.7068622989
  1       17.9922351991       23.4845944042       10.7802887490
  2       17.5091629125       23.4411660743       11.0396247203
  1       17.0237759218       23.4004462386       11.2950486098
  1        3.9621297912       22.3544616442        5.9269823905
  2        3.8182787634       21.9396790083        6.2582862492
  1        3.6755065195       21.5192250715        6.5828391299
  1       10.6839797974       22.8114804003       16.7084253243
  2       10.7853667939       23.0420057737       16.2194685479
  1       10.9077899327       23.2631687162       15.7310020425
  1       23.7987911100       16.5168443402       15.9170405470
  2       23.9913034127       16.0187045328       15.7855272566
  1       24.1715870417       15.5137148704       15.6631211581
  1       19.0957346035        5.6170105916       11.3429140172
  2       19.1025075398        5.5063728288       10.8041994241
  1       19.1303353640        5.4117179347       10.2631208141
  1       19.3445830486        9.4296734679       10.6544475783
  2       19.6683848266        9.2748023424       10.2377134387
  1       19.9725129772        9.1229114025        9.8053533927
  1        6.8808562918       18.7048303480       25.3266127133
  2        7.0011609121       18.7841623958       25.8573981921
  1        7.1618814694       18.8699188043       26.3763536236
  1        4.4862764244       25.8662081062       26.4383398140
  2        4.1837994551       25.5341461868       26.7557395063
  1        3.8839319766       25.2049634333       27.0785679578
  1       25.8367365053        5.4698944880        0.1891003769
  2       25.7972571728        5.7331686423        0.6703779496
  1       25.7659435189        5.9712104538        1.1652067584
  1       20.1022204547       21.6725780410       15.8597582356
  2       19.8558449863       21.9481992468       15.4525333844
  1       19.6212046639       22.2347324958       15.0459099526
  1       13.4119211138        3.7635860733        7.7923574173
  2       13.6547766859        3.8373083156        7.3044166400
  1       13.9042191777        3.9090876370        6.8195185360
  1       16.7576697033        9.9716591624        8.0655916249
  2       16.6086188206       10.1356676741        7.5622179641
  1       16.4550982814       10.3097612781        7.0635970058
  1       28.4275158682        1.2083234205        7.6842504590
  2       28.0610009135        1.2844944428        8.0871955710
  1       27.6821062722        1.3575486453        8.4791163964
  1       21.0731314056       26.4007245972       13.3734242437
  2       20.9364260132       26.3236384554       12.8462910893
  1       20.8166534343       26.2398428346       12.3160714912
  1        6.3494029727       27.3835520645       17.9697799962
  2        6.7184182390       27.7814119174       18.0594196673
  1        7.0926793266       28.1725003098       18.1567772900
  1       14.3053920808        4.8233553937        1.9280046757
  2       14.2437654147        4.6978372285        1.3960767255
  1       14.2070374118        4.5521003611        0.8670097937
  1       16.7499624218       11.0257490564       23.5432881012
  2       17.0383853392       11.4639902890       23.7083845663
  1       17.3241509762       11.9088197207       23.8599259017
  1        7.9066405862       15.2612815465        3.6570663468
  2        7.8637003349       14.9067127855        3.2388114861
  1        7.8266274236       14.5688053227        2.8064411069
  1       24.4568216456       21.9739044295       14.4467303407
  2       24.0623437008       21.6886944586       14.7027428865
  1       23.6553277582       21.4279674429       14.9651537185
  1       13.8521833796        1.0444379348        3.1575127320
  2       13.4393065810        1.3213707619        2.9222661412
  1       13.0261604390        1.5794285022        2.6668909916
  1       14.2206411556       25.8241335924        4.6313317532
  2       13.7467646324       25.9799788423        4.8629635706
  1       13.2610869668       26.1239856215        5.0771579955
  1        0.0497007210        6.6896786865        7.5529380245
  2        0.5214001566        6.9690433944        7.5087226147
  1        0.9906775574        7.2533196007        7.4704373874
  1       20.7079782049       13.8358305398        8.2426020480
  2       20.9485284173       13.4586073873        8.5625056093
  1       21.2014584515       13.0786673636        8.8693801360
  1        9.3965869291       14.9801575667       25.2407725778
  2        8.8555070142       15.0594599034       25.1820898281
  1        8.3150178528       15.1470090113       25.1300646503
  1       25.6698199864       24.1207758526       23.7618917870
  2       25.7645209644       24.4945358027       24.1541101247
  1       25.8267109945       24.8873673432       24.5339992927
  1       26.8438158720       21.1861450880       11.7197308349
  2       26.3022849857       21.1234164493       11.7925965813
  1       25.7587763768       21.0745794949       11.8612503721
  1        4.7850285935        6.5549762048        7.1399510524
  2        4.4733889597        6.8821795248        6.8263928822
  1        4.1495300793        7.1959393498        6.5114798835
  1       25.2467912905       16.7531458021       20.2718780226
  2       24.8940725739       16.7215141824       19.8510586461
  1       24.5549087651       16.6905375477       19.4191925120
  1       20.6903710011       26.2591786183       17.3560172673
  2       20.5848777476       25.7398293532       17.2088863246
  1       20.4828028275       25.2293696099       17.0313713671
  1       21.3246399115       13.3519526426       24.7785350447
  2       21.8138752461       13.4250681387       25.0189574056
  1       22.2922139709       13.5303864057       25.2691575775
  1       28.1272943360       17.8007127362        3.7250403927
  2       28.0962023120       17.7004303153        3.1851545509
  1       28.0738554508       17.5914607628        2.6465208596
  1       12.6020804887       16.8931959668       12.5007534450
  2       12.8363789185       16.8135766124       12.0095661038
  1       13.0522173195       16.7622656370       11.5062958310
  1       20.0725084533       13.3360891248        1.9253224165
  2       20.2937233834       13.6906955558        1.5678056563
  1       20.5277752035       14.0157945090        1.1909364282
  1       24.1568556233        1.3383079299        6.6394360805
  2       24.3707230086        0.8330517528        6.6778670190
  1       24.6035717249        0.3351031633        6.6959964571
  1       17.9050190633       25.2347352985        0.3128346797
  2       18.4073850041       25.3943348023        0.1558109236
  1       18.9142261828       25.5482921053        0.0077934672
  1        4.3873152668       14.6129019579        3.4643239834
  2        3.9845689126       14.8860681410        3.2080514515
  1        3.5775561009       15.1683233214        2.9689435611
  1       22.9972833877       14.6764540110       12.6890500006
  2       22.7737311518       14.1742689985       12.6707576242
  1       22.5367906702       13.6786747017       12.6434537764
  1        2.9687231462       15.7177332845       17.9826097609
  2        3.1500209721       15.9086289668       17.4997123218
  1        3.3077827040       16.1034948891       17.0101834592
  1       11.2660664066       14.8860975306       15.4049377205
  2       11.6472017521       14.5157755738       15.5467033604
  1       12.0143219789       14.1362045819       15.7004843740
  1       22.5582339473       24.5520169816       26.3467317559
  2       22.1104517864       24.3060303294       26.1430611803
  1       21.6586670790       24.0707217719       25.9356474393
  1        5.2151861738        3.6521397190       13.8027783140
  2        4.8001692569        3.6827752502       13.4431640445
  1        4.3729933944        3.7162793489       13.0983477791
  1       12.5524042989        4.3952965099       15.6271195290
  2       12.1109612860        4.0678685350       15.6475887172
  1       11.6891921679        3.7157374826       15.6723784707
  1       17.4620125042        8.8274911044       17.2689269987
  2       17.5408566341        8.3506389715       17.5314068009
  1       17.6319081902        7.8791741573       17.7996054998
  1       24.2641769100       18.6150429811        5.0665129662
  2       24.1222122032       18.8064217123        5.5622146943
  1       23.9938997898       19.0292305857        6.0484164317
  1       10.7887874734        0.3575461480       11.1458640798
  2       10.9334646042        0.2886351186       11.6720007520
  1       11.0690621378        0.2297873570       12.2017650853
  1        4.4406276446        3.1894623120       26.6870584485
  2        4.2435074771        3.6923114311       26.7909160577
  1        4.0374345159        4.1909764758       26.8975326924
  1       20.3792854434       16.2379833707       14.2381675488
  2       20.4080806430       16.5670133104       14.6779517405
  1       20.4520177045       16.9196504010       15.0977333693
  1       18.8855546675        9.8010964216       20.9066710423
  2       19.1656481569        9.4837794468       21.2578940124
  1       19.4705323924        9.2026230187       21.6191372336
  1       13.7513959087       22.2899258801       10.2099477665
  2       13.3509951098       22.2567220109       10.5855495548
  1       12.9406274417       22.2141923582       10.9492659341
  1        0.8148738341       14.5550689582        1.5421658225
  2        0.6247874460       14.7342369690        1.0581555034
  1        0.4408590160       14.9014557263        0.5675352645
  1        9.8982198678        6.4490964680       17.4296550121
  2       10.0354628178        6.6002511434       16.9189529103
  1       10.1647070797        6.7582956984       16.4082496321
  1       14.2744544590       18.5924170500        7.4169350671
  2       13.7930629445       18.8489818767        7.4871967170
  1       13.3171556498       19.1158368413        7.5564836113
  1       21.2251625555       10.6203416737        0.6349755007
  2       21.1720790231       10.0731040351        0.6495736355
  1       21.1059908879        9.5271244436        0.6433572858


Molecules in box 2
##############################################################################                                           
Moleculetype  1
Number-of-molecules: 13    
Atomtype         X                  Y                   Z
  1        1.7005622106       29.8385502319       30.9214399985
  2        2.0487440659       29.4136939766       30.8937532166
  1        2.3995396046       28.9911201567       30.8641921653
  1       29.1864427112       22.6045590933       14.2751423644
  2       29.5333755736       23.0263627931       14.3400979478
  1       29.8781300223       23.4533740728       14.3762329183
  1       29.4983704575       44.8828081180       37.5492712202
  2       29.1758206696       44.5295547595       37.8207002147
  1       28.8508590003       44.1703078542       38.0811643649
  1       41.1290947111       13.7995794100       33.6469532265
  2       41.4296702606       13.4611504462       33.3345109511
  1       41.7578564880       13.1274013840       33.0457110850
  1        6.3328335080       24.5884010797       15.3234674076
  2        6.4099650891       24.4501571267       15.8501925054
  1        6.5213443020       24.3203327469       16.3729164290
  1       14.1991120016       22.3288972311       42.9288825573
  2       14.3712028766       21.8841926468       43.2029675140
  1       14.5231371925       21.4353225203       43.4821297825
  1       21.1613868037       11.4176845384       32.0556815144
  2       21.2103121222       11.2411747569       32.5742859978
  1       21.2734181456       11.0688054597       33.0927514780
  1       36.9896450290       37.3227267634       45.5298264512
  2       37.3417075191       36.9534601421       45.7352386355
  1       37.7051130679       36.5890397119       45.9292338831
  1       44.5040646162        8.3650826902       29.7506194093
  2       44.5421771182        8.0311711397       30.1859934021
  1       44.5810814718        7.6938254075       30.6186414197
  1       26.0105863220       26.0916635678       16.5117307570
  2       25.6360186866       26.3848028982       16.7878981329
  1       25.2575547811       26.6788652753       17.0576987806
  1       13.1806148349        8.3838341265       15.3791788857
  2       12.7812825003        8.0252900551       15.4995110735
  1       12.3841333857        7.6636175875       15.6176872384
  1       18.4527890992       31.7056969309        2.7964778481
  2       18.2112174572       31.6775999046        3.2897867766
  1       17.9709047020       31.6610229828        3.7842308931
  1       37.3557340060       37.1477276503       21.7453479015
  2       37.0290627886       37.5880557945       21.7889029375
  1       36.6899388217       38.0179851358       21.8404363785


Number-of-fractionals:  1        
##############################################################################                                           
Fractional-type:      2
Box:                  1
Lambda:               0.575872
Reaction-Step         1 (only used if Type = 3 (RxMC))

Moleculetype  1
Atomtype         X                  Y                   Z
  1       15.1255217871       13.1129432965       20.4856636787
  2       14.6837193055       13.4240786715       20.3831680898
  1       14.2427468826       13.7385433996       20.2874849877

------------------------------------------------------------------------------                                           

