#   100 bins for weightfunction of N2                      
 0.0000000    0.7392187500E+001    0.5561328125E+001
 0.0101010    0.7301562500E+001    0.5499609375E+001
 0.0202020    0.7387109375E+001    0.5542578125E+001
 0.0303030    0.7501171875E+001    0.5541406250E+001
 0.0404040    0.7592187500E+001    0.5524609375E+001
 0.0505051    0.7691406250E+001    0.5500390625E+001
 0.0606061    0.7948046875E+001    0.5487890625E+001
 0.0707071    0.8113671875E+001    0.5486718750E+001
 0.0808081    0.8349609375E+001    0.5515234375E+001
 0.0909091    0.8637109375E+001    0.5516015625E+001
 0.1010101    0.8753125000E+001    0.5485937500E+001
 0.1111111    0.8871875000E+001    0.5481640625E+001
 0.1212121    0.8965625000E+001    0.5532031250E+001
 0.1313131    0.9025000000E+001    0.5464843750E+001
 0.1414141    0.9055078125E+001    0.5557031250E+001
 0.1515152    0.8926562500E+001    0.5517578125E+001
 0.1616162    0.8835546875E+001    0.5515625000E+001
 0.1717172    0.8655468750E+001    0.5494921875E+001
 0.1818182    0.8676171875E+001    0.5503125000E+001
 0.1919192    0.8501562500E+001    0.5501562500E+001
 0.2020202    0.8227734375E+001    0.5541015625E+001
 0.2121212    0.8086328125E+001    0.5541015625E+001
 0.2222222    0.7980468750E+001    0.5560546875E+001
 0.2323232    0.7835156250E+001    0.5546093750E+001
 0.2424242    0.7503515625E+001    0.5483593750E+001
 0.2525253    0.7302734375E+001    0.5588281250E+001
 0.2626263    0.7051562500E+001    0.5544921875E+001
 0.2727273    0.6783203125E+001    0.5553515625E+001
 0.2828283    0.6591406250E+001    0.5528125000E+001
 0.2929293    0.6316015625E+001    0.5505859375E+001
 0.3030303    0.6124609375E+001    0.5544531250E+001
 0.3131313    0.5866796875E+001    0.5540234375E+001
 0.3232323    0.5505078125E+001    0.5567578125E+001
 0.3333333    0.5311718750E+001    0.5580468750E+001
 0.3434343    0.4980078125E+001    0.5526953125E+001
 0.3535354    0.4637109375E+001    0.5526562500E+001
 0.3636364    0.4483593750E+001    0.5544921875E+001
 0.3737374    0.4101171875E+001    0.5516796875E+001
 0.3838384    0.3823828125E+001    0.5537890625E+001
 0.3939394    0.3571093750E+001    0.5521875000E+001
 0.4040404    0.3162890625E+001    0.5565625000E+001
 0.4141414    0.2875781250E+001    0.5533984375E+001
 0.4242424    0.2637500000E+001    0.5568750000E+001
 0.4343434    0.2364843750E+001    0.5551171875E+001
 0.4444444    0.2046484375E+001    0.5544531250E+001
 0.4545455    0.1712500000E+001    0.5550781250E+001
 0.4646465    0.1376171875E+001    0.5573828125E+001
 0.4747475    0.1108203125E+001    0.5543750000E+001
 0.4848485    0.7574218750E+000    0.5534765625E+001
 0.4949495    0.5011718750E+000    0.5573046875E+001
 0.5050505    0.3003906250E+000    0.5569531250E+001
 0.5151515    0.2726562500E+000    0.5531640625E+001
 0.5252525    0.3054687500E+000    0.5561718750E+001
 0.5353535    0.2539062500E+000    0.5599609375E+001
 0.5454545    0.2671875000E+000    0.5535156250E+001
 0.5555556    0.2941406250E+000    0.5566796875E+001
 0.5656566    0.2496093750E+000    0.5531250000E+001
 0.5757576    0.2906250000E+000    0.5547265625E+001
 0.5858586    0.2312500000E+000    0.5543750000E+001
 0.5959596    0.2789062500E+000    0.5554687500E+001
 0.6060606    0.2667968750E+000    0.5530468750E+001
 0.6161616    0.2828125000E+000    0.5561328125E+001
 0.6262626    0.2738281250E+000    0.5528906250E+001
 0.6363636    0.3066406250E+000    0.5528515625E+001
 0.6464646    0.2511718750E+000    0.5502734375E+001
 0.6565657    0.2191406250E+000    0.5578906250E+001
 0.6666667    0.2550781250E+000    0.5557031250E+001
 0.6767677    0.2621093750E+000    0.5577343750E+001
 0.6868687    0.2089843750E+000    0.5560546875E+001
 0.6969697    0.2375000000E+000    0.5521093750E+001
 0.7070707    0.2074218750E+000    0.5513671875E+001
 0.7171717    0.2324218750E+000    0.5534375000E+001
 0.7272727    0.2261718750E+000    0.5558203125E+001
 0.7373737    0.1992187500E+000    0.5541796875E+001
 0.7474747    0.2105468750E+000    0.5528906250E+001
 0.7575758    0.2238281250E+000    0.5591015625E+001
 0.7676768    0.2257812500E+000    0.5578515625E+001
 0.7777778    0.2175781250E+000    0.5596484375E+001
 0.7878788    0.1652343750E+000    0.5560937500E+001
 0.7979798    0.1925781250E+000    0.5572656250E+001
 0.8080808    0.1527343750E+000    0.5534375000E+001
 0.8181818    0.1628906250E+000    0.5578125000E+001
 0.8282828    0.1730468750E+000    0.5544921875E+001
 0.8383838    0.1554687500E+000    0.5545703125E+001
 0.8484848    0.1101562500E+000    0.5541406250E+001
 0.8585859    0.1550781250E+000    0.5603906250E+001
 0.8686869    0.1128906250E+000    0.5568750000E+001
 0.8787879    0.1296875000E+000    0.5553906250E+001
 0.8888889    0.1519531250E+000    0.5596875000E+001
 0.8989899    0.1121093750E+000    0.5585156250E+001
 0.9090909    0.8203125000E-001    0.5509765625E+001
 0.9191919    0.8828125000E-001    0.5536718750E+001
 0.9292929    0.5195312500E-001    0.5530468750E+001
 0.9393939    0.6406250000E-001    0.5550000000E+001
 0.9494949    0.6562500000E-001    0.5592187500E+001
 0.9595960    0.6914062500E-001    0.5543359375E+001
 0.9696970    0.2617187500E-001    0.5559375000E+001
 0.9797980    0.4648437500E-001    0.5602734375E+001
 0.9898990    0.3046875000E-001    0.5543750000E+001
 1.0000000    0.0000000000E+000    0.5563671875E+001


