Simulation state at cycle:     660000
##############################################################################                                           

Number-of-molecules: 401   

Box-size(s):    27.574892   50.791763

------------------------------------------------------------------------------                                           

Deltas
Translation per molecule type
Box 1    0.4814224782E+000
Box 2    0.2537904722E+002

Rotation per molecule type
Box 1    0.8212699356E+002
Box 2    0.1800000000E+003

Volume    Delta_Volume
Box 1   0.3218023197E+003
Box 2   0.1489825554E+004

------------------------------------------------------------------------------                                           

Molecules in box 1
##############################################################################                                           
Moleculetype  1
Number-of-molecules: 399   
Atomtype         X                  Y                   Z
  1       16.2589522912       22.2640738566       22.8665873973
  2       16.3440901243       22.4566172242       23.3747001810
  1       16.4143145768       22.6499587084       23.8847860519
  1        2.3006895217       18.0644890845       21.5790068178
  2        2.4824974763       17.8081278931       21.1276479726
  1        2.6536871370       17.5864599673       20.6543009226
  1       17.1753983044        2.2209192773       15.2346697109
  2       17.0059699250        2.4220939534       14.7516347495
  1       16.8307209308        2.6196678294       14.2691906050
  1        6.4481611705       15.1196006271        1.5337989861
  2        6.1553755559       15.1416729072        1.0687297457
  1        5.8677649992       15.1885312476        0.6022702484
  1        9.8846660777       14.0224004565       11.9698297501
  2        9.3442681068       14.1247161901       11.9710641280
  1        8.8031706367       14.2186290061       12.0009624544
  1        0.5224492855       18.1415284933        2.1342927768
  2        0.7174704145       17.9640561413        2.6169627713
  1        0.9238553902       17.7909715735        3.0964906361
  1       11.8852769794        7.0260740326        6.5535642756
  2       11.3875101030        6.8173748267        6.6592656390
  1       10.8799898653        6.6253293776        6.7489414597
  1        1.4567263607       10.6668891292       18.9402744390
  2        1.2319358734       11.1611406107       19.0279369162
  1        0.9809423287       11.6453463176       19.0989796697
  1       19.1800966454       14.1560184394        0.0287391076
  2       19.4118343930       14.3710616948        0.4787991198
  1       19.6674415839       14.5807772018        0.9183265582
  1        3.7895309794       17.5099103425        8.5214906751
  2        3.4945862778       17.4548088531        8.0605444214
  1        3.1908493325       17.3917892813        7.6063722066
  1       20.9279555730       19.8755934208       23.8176771261
  2       20.5385924261       19.9253932638       24.2029255076
  1       20.1774405444       19.9501779889       24.6169967995
  1       27.1096824716       13.7352803948        3.7438686398
  2       27.1384039345       14.2028805802        3.4557277989
  1       27.1559252758       14.6774624380        3.1783020217
  1       19.7174437618       18.8407633896       11.3075687284
  2       19.9794263038       18.3936860082       11.4919242621
  1       20.2316691738       17.9424964060       11.6798111331
  1        7.0033619795        4.3223583520       19.8695659290
  2        6.5137373035        4.2054742711       20.0911641878
  1        6.0355084976        4.0914693336       20.3377409151
  1        9.9933123361       16.1137682245       14.6808462890
  2        9.6049069368       16.5030039992       14.6691519517
  1        9.2341591965       16.9091310343       14.6588106084
  1       23.3477201796       17.3403354451       24.1002047655
  2       23.7933055362       17.6157209855       24.2678845021
  1       24.2270937694       17.9080113854       24.4378671184
  1       15.4692554018        2.7867938052       22.0564801678
  2       15.8784591857        2.6099464171       21.7343353796
  1       16.2944969797        2.4293679798       21.4232019983
  1        9.8680089550        1.3578973652       14.1022949425
  2        9.3814433719        1.1204178289       14.0055612711
  1        8.8992648528        0.8898757558       13.8757374397
  1       19.2364276712       20.3681443630        3.1078986541
  2       18.9814770070       20.2953979211        3.5897784254
  1       18.7311790987       20.2236700643        4.0742431513
  1       26.0264905963        8.0606314130       12.3078796879
  2       26.5059390857        7.9718116683       12.5623206417
  1       26.9825839362        7.8758711406       12.8194297636
  1       19.1109120653        3.7427603486       24.3305188165
  2       18.6979028146        4.0970942396       24.4103364368
  1       18.2750195868        4.4412939284       24.4824221423
  1        6.2099027995       26.4064930113        4.7013693377
  2        5.9801985913       26.1280507450        4.2863923732
  1        5.7292263791       25.8362329635        3.8935115642
  1        9.9216980667        6.0848075645       14.0602952537
  2       10.1687686362        5.6086658839       14.1817252076
  1       10.3957125121        5.1187549564       14.2865286396
  1       27.2001913004       26.4454051911        6.8995094311
  2       27.4526000875       26.8970758281        6.7130062410
  1       27.7104643147       27.3475064552        6.5310219300
  1        2.8634917258        5.3280838304        2.7824187275
  2        3.1021236956        4.9323890619        2.4841228456
  1        3.3417826085        4.5346056754        2.1894501766
  1       22.2269635890       17.2819283969        7.7483883844
  2       21.6924267893       17.2606047809        7.6206554083
  1       21.1624107898       17.2217331023        7.4789796098
  1       24.8725049602        6.7263242414       22.9111086526
  2       25.3235772716        6.5463229677       22.6529743632
  1       25.7793134324        6.3483497957       22.4171541479
  1       20.6004185486       26.9480383522       13.5299919114
  2       20.8689132815       27.4124935057       13.6512024256
  1       21.1239550773       27.8862634600       13.7652011616
  1       19.3799165788        2.0833828849        0.2694529941
  2       19.0238543214        1.7598789108        0.5360329026
  1       18.6599912134        1.4350478605        0.7901754342
  1       16.9721877249        8.2229878637       25.4440527817
  2       17.2534371055        7.8389871580       25.7196289853
  1       17.5291750469        7.4613470140       26.0092088676
  1        6.5011147192        4.7137997106        5.3378849742
  2        6.7171226393        4.2174723734        5.2404182988
  1        6.9258567704        3.7195539602        5.1355025453
  1        7.2393289814       13.6165298645       15.1167946243
  2        7.5813806239       13.2069442356       14.9836019576
  1        7.9435294665       12.8139511202       14.8535841662
  1        4.9158533243       27.1042571552       27.0931822278
  2        4.6483089045       26.6881539575       27.3335530088
  1        4.4074345990       26.2700663430       27.5975270880
  1       12.3604168528        1.8339101774       23.6740655045
  2       12.1649742432        2.2266902193       23.3423637936
  1       11.9887822201        2.6257743124       23.0074186389
  1       22.4971612418       13.9010539807       21.6417970985
  2       22.1631548569       13.6196272273       21.3075236816
  1       21.8341528894       13.3282110426       20.9768662884
  1        2.5719369919       21.0202016560        2.6072788640
  2        2.2666205487       21.4522985696        2.7575257500
  1        1.9387801204       21.8683070481        2.9057067150
  1       14.8323870419       10.4590121542       10.5826704418
  2       15.2771634583       10.4896091569       10.9047539137
  1       15.7075872593       10.5064269865       11.2467371168
  1       13.9391952794       24.7300694823       18.9883964165
  2       13.9686636364       24.9175953186       19.5045995516
  1       14.0026057767       25.1010532773       20.0219882908
  1        0.6916606877        4.8705139897       27.2901018439
  2        0.5364499298        4.5145128803       26.9006498818
  1        0.3797019089        4.1500257851       26.5197572272
  1       22.1472840896       16.8994909048        0.0901741678
  2       22.2012701515       17.4376483314        0.1900345167
  1       22.2272183551       17.9790353863        0.2834515735
  1        7.6211305085        8.6345519606        0.9748920299
  2        7.2376849802        8.8916379254        1.2738507788
  1        6.8760577776        9.1621767874        1.5877528167
  1        3.1859961770       18.5058122274       12.4362350061
  2        3.3394667482       18.0086041159       12.2581033760
  1        3.4975987779       17.5070897820       12.0969275930
  1       21.1714371169       15.5335336697       14.8017875315
  2       20.9273781461       15.4432914610       14.3172345802
  1       20.6880487739       15.3459568349       13.8316963004
  1       15.6827075836       25.7085676972        9.0727311100
  2       15.7228960072       25.4159149673        9.5366699747
  1       15.7315154918       25.1142430951        9.9964740472
  1        8.2132714445       18.3005835019        2.4278165102
  2        7.6953583742       18.2191784297        2.5940671217
  1        7.1732728890       18.1533468948        2.7540451019
  1       24.4088710162       23.5043459197        6.7185598057
  2       24.3659328655       23.9045359129        7.0933988172
  1       24.3419058880       24.3090424925        7.4652820387
  1        5.5599076831       11.7845533531       11.4280033799
  2        5.0729590781       11.6331221455       11.6340364973
  1        4.5952867541       11.4618815969       11.8461822592
  1       19.6697445223        9.1376238895       16.4424039279
  2       19.3453495056        8.9243208932       16.0528276133
  1       19.0374046022        8.7041804851       15.6538186708
  1       21.0610651497        8.7148653028       26.6365178002
  2       21.5416260956        8.6747124224       26.3720392123
  1       22.0189520136        8.6292544005       26.1026073374
  1        2.7403825744       13.5968334068        8.4359595645
  2        3.0104137804       13.4015444347        8.8735042651
  1        3.2837163059       13.1739153685        9.2930167641
  1       19.8012609437        1.7659370325       18.8456421988
  2       19.3842983160        1.7948323300       19.2031435678
  1       18.9836804857        1.8189445088       19.5792073336
  1        2.3403981196       25.7885576382        4.2022688413
  2        2.3262649332       25.5190825225        3.7230158653
  1        2.3066424634       25.2526732631        3.2422445431
  1       15.3367092487       13.6941578880       24.1086459820
  2       14.9828587146       13.6369279260       24.5257964716
  1       14.6419128599       13.5680232120       24.9518341032
  1       20.9310842642       25.0452291884        6.3333492308
  2       20.8979161099       24.5029812705        6.2475175984
  1       20.8837809905       23.9596203933        6.1634988242
  1        7.9473672824        8.0353412324       21.9984937843
  2        7.7215252223        7.5573031701       21.8469188031
  1        7.5066069361        7.0774979545       21.6853728832
  1        1.4074581564        4.7859218142       14.7941946436
  2        1.6643871552        5.0848627570       14.4106300437
  1        1.9073925759        5.3710771689       14.0087224985
  1        0.8749603925       27.0813315614       12.8190297643
  2        1.1793727035       26.7205231526       12.5368056741
  1        1.4678695862       26.3581941967       12.2401791827
  1        6.4636018388       18.0322825162       12.5128763792
  2        6.8350237986       18.1562758155       12.1266492575
  1        7.2109909506       18.2895971348       11.7480014985
  1       25.8982786432        3.1814390128        3.3666505520
  2       25.8284646560        2.7654242055        3.7195778637
  1       25.7563045427        2.3514773986        4.0744594750
  1        4.6187579454       19.3492420781        4.4602827137
  2        4.6206683512       19.6378510202        4.9284720225
  1        4.6235477826       19.9209743053        5.3999939342
  1        0.1546449100       16.2115284675       24.4125909763
  2        0.6966087973       16.1182231430       24.4042686361
  1        1.2399246137       16.0336433643       24.3918515658
  1       22.8082680673       23.4150070238        3.6556076492
  2       22.8919624453       23.9402624965        3.7956145755
  1       22.9857956083       24.4699077723        3.9103805040
  1       17.8153477935       13.4638737428        3.4997492949
  2       17.5252365300       13.0222435462        3.3471117366
  1       17.2198229909       12.5869028475        3.2067513248
  1       27.4081922387       16.3086180887        7.0862030535
  2       27.3940713461       16.3494436420        6.5379021557
  1       27.3738895067       16.3981149407        5.9904317939
  1       20.1118277720       16.7375991066       24.7986863455
  2       20.1336914120       16.1914820508       24.8601529430
  1       20.1531942364       15.6454927336       24.9235193720
  1       22.6849483881        7.5842478230       14.6057692981
  2       23.0655412406        7.8944776573       14.8535727091
  1       23.4433202374        8.2166818880       15.0901471421
  1       17.8510463386       15.6534309908       15.4325973536
  2       17.3098361856       15.6619149609       15.3350289543
  1       16.7699752043       15.6878984536       15.2331713185
  1       12.4246946209       26.3064720657       26.6965689782
  2       12.9415582309       26.4762748336       26.7773094796
  1       13.4591649999       26.6480442446       26.8485730829
  1        8.7043596849       26.0398472524       17.9775871233
  2        8.7945084246       25.8301642036       17.4771810644
  1        8.8943805530       25.6273955490       16.9757726185
  1       18.5202960370       23.5586961164       15.6854030994
  2       18.5287337342       23.6072871033       15.1376187246
  1       18.5332519098       23.6483196791       14.5891700827
  1       23.8546525893        3.7518453422       17.9502964410
  2       23.3073938137        3.8036359506       17.9322530120
  1       22.7582489747        3.8275612637       17.9130820908
  1       21.8192945289       22.0922153629        0.7081408731
  2       21.7922822852       21.6908852642        0.3330349006
  1       21.7723241746       21.2915598375       -0.0446433705
  1       22.2877811817       14.6106849985       17.8077865626
  2       22.7859279279       14.5102465572       17.5974013476
  1       23.2896300795       14.4085913680       17.4013137038
  1       22.2505350497       10.6489981608       17.9099715731
  2       22.7344429209       10.7886567055       17.6889994865
  1       23.2271675853       10.9127784290       17.4784853494
  1       19.4829504204       23.5051298007       21.2873470348
  2       19.8633814627       23.1391333897       21.4416805996
  1       20.2685302170       22.7960490927       21.5853735050
  1       19.2656830633        0.2249336560       24.1953640625
  2       19.4187705790        0.1784581879       24.7215809792
  1       19.5409622726        0.1324263761       25.2558564337
  1       23.8634569004       18.7228338132       15.6163218360
  2       23.3531992651       18.9218313090       15.5659517831
  1       22.8424779617       19.1233489868       15.5334806451
  1       14.7177860370        6.0910481509       21.6779976183
  2       14.4164625525        5.7960408035       21.3249043973
  1       14.1047288240        5.4957202686       20.9855967819
  1       10.2199678849        9.7256748320       24.4929270069
  2        9.9766272972        9.3924846222       24.8566159434
  1        9.7652448194        9.0565951879       25.2373989983
  1       24.7451985640        5.0379718663       14.6480311495
  2       25.0363569086        4.8337818161       14.2284679936
  1       25.3115190255        4.6436284574       13.7918588908
  1       16.2787334568       11.5995614789       21.2262067391
  2       16.3365074102       11.5580946031       20.6808236916
  1       16.3655501541       11.5173753867       20.1331025368
  1        3.3396032191       15.6199131258       15.0900952118
  2        3.7641624871       15.4003395462       14.8179980396
  1        4.1885970508       15.1696774162       14.5550336278
  1       22.9660365328        3.0777142670       21.7431852468
  2       22.7904873097        3.5320202305       21.4876689816
  1       22.6098116606        3.9899418771       21.2423853204
  1        4.6969839496        2.8771711853       26.5057656767
  2        4.2084042554        2.6431199727       26.4108451192
  1        3.7123591575        2.4299255212       26.3060243879
  1       16.6134923779       26.7307438339        1.5727018419
  2       16.1470959251       26.5025904845        1.7541416336
  1       15.6914042501       26.2723390432        1.9586639310
  1        1.0869486786       12.0415053794       13.5751814014
  2        1.5163554224       12.3851741450       13.5739054946
  1        1.9300949791       12.7463924134       13.6029044728
  1        7.5207705400        3.4932552080       12.4121072664
  2        6.9965794581        3.3971114914       12.5480487808
  1        6.4751109655        3.2899984147       12.6862421203
  1       25.3965902246        9.1123388487       19.6672165287
  2       25.7927860877        9.0006968649       20.0319971553
  1       26.1842452383        8.8829256357       20.3999505082
  1       11.5507070018        9.0635252303        1.9732655386
  2       11.1798898534        9.4430868097        1.8286016183
  1       10.8318208014        9.8500097576        1.7030562143
  1       12.1741469944       19.4739537831       24.4177829306
  2       11.7640028400       19.6644785248       24.7308038490
  1       11.3393796791       19.8534121212       25.0249114252
  1        4.8351544412       22.0301214828       20.7061002765
  2        4.6113771835       21.6059865942       20.4367801413
  1        4.3822902955       21.1869501021       20.1639658913
  1        7.6587997279       20.3395085959       26.6487873455
  2        7.3699844006       19.8717174747       26.6327507126
  1        7.0711522764       19.4100622858       26.6241572799
  1        0.8532725629       10.4538198725        1.8950119714
  2        0.9564135767       10.3787382870        1.3600122641
  1        1.0510381548       10.3299715288        0.8204124202
  1       18.1967645466       10.3129546294        5.8286393318
  2       18.6419608321       10.0138731974        5.7067764398
  1       19.0874517569        9.7193774175        5.5752086985
  1       23.2283844637       14.6606874538        6.2339263964
  2       23.7638407662       14.7200949127        6.1232136967
  1       24.3041317748       14.7651566066        6.0307200821
  1        6.8688062226       12.6108923810        3.6634387263
  2        6.4704431654       12.5765901069        4.0411029008
  1        6.0601171619       12.5073978873        4.4007485689
  1       25.1213348193       12.6142961701       24.5591920843
  2       25.6147425472       12.8571795951       24.5516783741
  1       26.1038036236       13.1082491473       24.5348455929
  1       22.9192304993       11.6833693977        7.7920345992
  2       23.0914493974       11.9174196350        8.2590047669
  1       23.2545648743       12.1587544293        8.7255354275
  1       16.4029805027       18.2236748359       23.8557961194
  2       16.6243148091       17.9068958746       24.2471555635
  1       16.8240508326       17.6031738765       24.6599006032
  1        2.7603789753        8.8687904190        8.8000701015
  2        3.0067315440        9.3604170963        8.8107294649
  1        3.2668725887        9.8441485325        8.8395484441
  1        8.4578698758       11.6625401253       21.5724033132
  2        8.0079554803       11.3541625654       21.6429746761
  1        7.5516732781       11.0570962942       21.7208089966
  1       25.5357309186       16.4401609762       21.5718530896
  2       26.0027135064       16.4770091633       21.2836353355
  1       26.4783827940       16.5373334419       21.0141920032
  1       10.2894202268       16.7227733364        9.8174833094
  2       10.8266978246       16.7688737063        9.7092819286
  1       11.3597423921       16.7875192508        9.5750588614
  1        0.0955107927        5.9120829294        8.8213967239
  2        0.5912930220        5.9639610062        9.0537943278
  1        1.0827540876        6.0254844059        9.2929195904
  1       16.3675455228       27.1251561847       12.8135625467
  2       16.6339138563       26.6445625406       12.8375971079
  1       16.9129255692       26.1718153648       12.8716936006
  1       13.1816989095       25.2731903057        5.1944965381
  2       13.5050762135       24.8328416497        5.1310916457
  1       13.8295696955       24.3976749080        5.0425824025
  1       11.6651375997       20.0405567852        4.7604021376
  2       12.1076868888       20.0689371962        5.0857399298
  1       12.5543100209       20.1065360264        5.4045096034
  1       25.9238191409        3.2336999692       23.7512086939
  2       25.8697436559        2.7136786160       23.9219530471
  1       25.8169758238        2.1791287628       24.0401563013
  1        8.1217326815        6.4651731872       25.3578016019
  2        7.7585156967        6.2299010433       25.6972429668
  1        7.3700671820        6.0295702013       26.0311221428
  1        8.5189656017        1.0283949200       20.4892722053
  2        9.0328555355        0.9217614886       20.3248141642
  1        9.5417091780        0.8097221965       20.1487029309
  1        2.2482976374        3.4171444100        5.6407249641
  2        1.8559554334        3.2015715356        5.3212004254
  1        1.4650258686        3.0025097967        4.9894648404
  1       26.7141319119       12.7627157683        7.9090788507
  2       27.0202317231       12.8671721815        7.4642285800
  1       27.3242082349       12.9915547229        7.0230627805
  1       25.3328598494       21.6486446220       11.1437873687
  2       25.2614106329       21.8108674055       10.6231351067
  1       25.2097360351       21.9796156437       10.1022188302
  1       15.8098534461        1.0666514377        6.9485953702
  2       16.1813542108        0.7251130544        6.7298747389
  1       16.5492261605        0.3835553517        6.5051336360
  1        4.6697519636        5.7711347531       23.0903103758
  2        4.6485892476        6.3103580256       22.9840540736
  1        4.6215708024        6.8458301121       22.8614178339
  1       17.5453000494        8.7505988885        2.1723042905
  2       18.0164304131        8.6239164693        1.9183599165
  1       18.4928467794        8.4829939856        1.6824186136
  1       16.2968888291        8.0664636271       18.4172891962
  2       15.8334221549        8.3292918767       18.2808342472
  1       15.3733289706        8.6010673778       18.1506331039
  1       19.4959859556       24.3895684052        9.8015461221
  2       19.2140209145       24.7092270558       10.1491292958
  1       18.9255916117       25.0471343803       10.4733625087
  1       15.6239033208       14.5985821130       19.0070834213
  2       15.5516577184       14.9056434179       18.5565349468
  1       15.4638133392       15.1999664011       18.1002923078
  1       19.7395337221       26.0055198664       17.3854542490
  2       20.0232680950       25.9287509857       17.8503212672
  1       20.2979115730       25.8647273349       18.3225203048
  1       26.5306552524       23.5149599496       23.1524027280
  2       26.9395217398       23.7070158097       23.4661585919
  1       27.3476999707       23.8937361498       23.7840045379
  1       21.2623381680        6.9768135165       22.5737764897
  2       21.2997443789        6.6231662220       22.9933409859
  1       21.3773229412        6.2881172099       23.4225538994
  1       10.8909951379       16.9787664001       27.1828087584
  2       10.8175868912       16.4351881544       27.2232305361
  1       10.7445890770       15.8951343451       27.2974814699
  1        2.8194911983        8.6722582039       12.2685686594
  2        3.2332386014        8.3980660965       12.5054901119
  1        3.6573444772        8.1225013014       12.7215878879
  1       22.7893810798       24.0076773079       11.4903879910
  2       22.6907358545       24.5487044080       11.4980558827
  1       22.6284294014       25.0948267218       11.4788641338
  1        3.3509450057       25.0339701373       24.4800179155
  2        3.3347565845       24.7463985494       24.0114664063
  1        3.3009831436       24.4733843466       23.5352074444
  1        5.6603681324        0.3908067314       16.5278107793
  2        5.3701647601        0.5005786889       16.9819386468
  1        5.0774465191        0.5856135301       17.4397433061
  1       21.1248209655       14.2283495043       10.8292179073
  2       21.0934410617       14.7221195073       10.5889961645
  1       21.0622315860       15.2051623375       10.3278533073
  1        0.5550390624       23.8793598127       27.0701793643
  2        0.6426781185       23.3439378545       27.1604163992
  1        0.7105181252       22.8078742397       27.2630494029
  1       12.4258854825       12.4292156700        0.4876125960
  2       12.6842547696       12.8822315598        0.6623178195
  1       12.9471410674       13.3367480014        0.8260419708
  1       22.5802335646        7.9631038983        8.2431631308
  2       22.4752199497        7.6259764113        7.8214793651
  1       22.3614056659        7.2863990379        7.4040664817
  1        0.1568459503        9.8505991585       23.3157615122
  2        0.2402567088       10.2066442974       22.9049397694
  1        0.3528650757       10.5725540832       22.5100608216
  1        1.7515362774        8.2710693864       15.5346625195
  2        1.5880034806        8.7961855535       15.5314946428
  1        1.3963809096        9.3109034114       15.5605861538
  1        7.3849437509        3.7012763723        8.5825597142
  2        7.2281257234        4.1066980147        8.9195187592
  1        7.0586157550        4.5254114556        9.2332788970
  1       14.4957304896        5.6834706910       25.3396461007
  2       14.3795555484        5.1469905903       25.3051137311
  1       14.2698905179        4.6113800349       25.2451561376
  1        2.8160118201        4.4223650783       17.9622818042
  2        3.2482503655        4.1332388121       17.7831845064
  1        3.6788209226        3.8434623022       17.6011444871
  1        7.7911064093       24.3935122517        1.2537781336
  2        8.2342772284       24.1145652663        1.0855871575
  1        8.6836330204       23.8420539115        0.9233622130
  1       11.9006581630       24.3963956340        1.7538983348
  2       11.7786480438       24.2265633239        2.2625932505
  1       11.6766848119       24.0677085157        2.7791865608
  1       12.8547889180       12.4460569700       12.2048230562
  2       13.1088996057       12.7891409467       12.5515522636
  1       13.3524112577       13.1243966124       12.9132229881
  1       23.9266529507        8.6034515198        1.4167191587
  2       23.7084302418        8.4148801486        1.8850349574
  1       23.4965551706        8.2437641695        2.3628720372
  1       13.6828670359        2.1559205173       16.6827627322
  2       13.3121126468        2.3662211400       16.3351784531
  1       12.9363109352        2.5512584254       15.9787597730
  1        1.8686820758        1.2395860521       10.1142719433
  2        2.0975869927        1.3740133211        9.6325751005
  1        2.3202416606        1.5217365427        9.1518436291
  1       18.3367596566       21.8194679799       27.5732498507
  2       17.9152421317       21.4715887216       27.5115813998
  1       17.4944476348       21.1202847083       27.4666650263
  1       23.6115586294       24.8533911854       19.4448322353
  2       23.2018003786       24.4868522221       19.4291044148
  1       22.7813352994       24.1329828304       19.4070687664
  1       23.3142557231       14.1752042219        2.7848459615
  2       23.1329200713       14.2226058983        2.2677671836
  1       22.9723351389       14.2692611479        1.7438055761
  1       12.9373897509       27.1680454458       11.4920838162
  2       12.9496194846       27.3476316017       12.0117945494
  1       12.9476605855       27.5260245173       12.5320561465
  1       24.8012255385       15.7892083805        9.5172171562
  2       24.9411057432       15.2597922394        9.5687154846
  1       25.0495571024       14.7213261814        9.5968687449
  1        8.1797927120       11.0772147715       18.0055866261
  2        7.6616377252       11.1565881003       18.1720657068
  1        7.1420215049       11.2200616189       18.3407965429
  1       26.3703093279       25.0365230477        2.8629501293
  2       26.3311174043       25.5664672267        2.7210940040
  1       26.2897029105       26.0954785741        2.5764156261
  1       22.8937009009        0.7768162049        9.9592800434
  2       22.9390942975        1.1276335110        9.5381308332
  1       22.9642506430        1.4926085038        9.1274479727
  1       13.8070024054        6.1954557907        2.9322679050
  2       13.2802393697        6.2969567303        3.0535867558
  1       12.7587993063        6.3828356423        3.2059844976
  1       25.5560215710        8.9876644626       25.3056460566
  2       25.7368727297        9.1088713292       25.8107220448
  1       25.9370537514        9.2147603583       26.3119356430
  1        0.7673792741       27.4522290662       25.6375773467
  2        0.9118787015       27.5190084150       25.1111170594
  1        1.0465638395       27.6089998312       24.5855112589
  1        9.9761186528       19.3040395220       18.0471355992
  2        9.7761657167       18.7970376401       17.9731902474
  1        9.5635215033       18.2962900686       17.8923551858
  1        2.8428518531       12.0125886056       25.2451634164
  2        2.3781324950       12.2114026894       25.0283481073
  1        1.8977725749       12.3906718508       24.8293081267
  1       11.4519659921        7.7578402025        9.8962581482
  2       11.4269103503        7.8668655290       10.4347613451
  1       11.4250199084        7.9789818215       10.9732094505
  1       12.6554636256       -0.1679898644        2.7110828619
  2       12.8000545965        0.2364965387        3.0545711453
  1       12.9617509705        0.6450057853        3.3854404202
  1        8.6211154401        7.1454112451        4.0837285629
  2        8.9686059569        7.0192116653        3.6765136236
  1        9.3236848806        6.8825624701        3.2793411745
  1       14.2323051308        9.3623771029       23.5263389876
  2       14.1074076602        9.4239252217       22.9942558635
  1       13.9816525251        9.4607621018       22.4600941940
  1       13.5418364007       25.3280341126       23.4559438362
  2       13.3068074415       25.8170706813       23.3659181573
  1       13.0627272963       26.3024126128       23.2800805709
  1        5.8771661612       16.1030112927        5.3098886666
  2        5.8487033693       15.9874176018        5.8468504605
  1        5.8166679051       15.8540329538        6.3794687701
  1       11.6388099305       16.0127756587       23.1634775415
  2       12.0657951316       16.3292326717       23.0219197901
  1       12.4985704463       16.6362582783       22.8772104162
  1       12.7172363046       15.3533029102       16.3887111502
  2       12.7718628794       14.8479332934       16.1786695167
  1       12.8373639186       14.3430391651       15.9706033445
  1       27.7510061115        1.8374367880       15.4141881881
  2       27.3254234241        1.9178301166       15.7531812395
  1       26.9019226143        2.0043949739       16.0932600371
  1        9.3218646617       22.5309747853       11.1492664074
  2        8.9957545639       22.1013952688       11.0414997931
  1        8.6734377989       21.6802765381       10.8956542700
  1        9.3623993948       14.2570750463       19.1060893420
  2        9.6595295562       14.3314947159       18.6492793378
  1        9.9419141173       14.3896290325       18.1808998337
  1        5.1716231600        1.5614410200        7.2001650385
  2        4.8705017323        1.1540844661        6.9859536386
  1        4.5816462999        0.7412301421        6.7654681623
  1        3.7891072475        6.6269999479       26.8594028084
  2        4.0899812594        6.8290201718       27.2731208986
  1        4.4151105291        7.0265533851       27.6703256148
  1       14.3681304385       18.4286040280       27.0451334196
  2       14.3830291873       18.9198204945       27.2920836380
  1       14.4097500057       19.3998238865       27.5592591243
  1       17.0374335083       23.7947080645        4.3196390448
  2       17.2008536176       23.8983828956        4.8344646437
  1       17.3531129689       23.9994752451        5.3532106565
  1       14.0527699978       10.4307226430        7.0145969238
  2       14.2821080852        9.9523925314        7.1598702732
  1       14.5417544627        9.4847066737        7.2877518436
  1        9.8832067538       -0.0671296406       10.7620824992
  2        9.6588985568        0.3588936822       10.4962066611
  1        9.4160510170        0.7800524512       10.2390095331
  1       12.1442050583       13.7383721982        9.0637212666
  2       12.4325163834       13.3721730155        8.7717028794
  1       12.7297838374       13.0162033904        8.4760380595
  1        0.3327539981       17.9349587834       10.1912072086
  2        0.1402588861       18.4331625334       10.0599111490
  1       -0.0487055588       18.9296323324        9.9173973734
  1        2.5399555711       26.3171089695       15.5503814855
  2        2.1903712429       26.5087754820       15.9292676762
  1        1.8518871721       26.6917783594       16.3222542912
  1       12.5599215325        0.6879628692       19.4432779723
  2       12.9970740288        0.9811688140       19.6027394690
  1       13.4301543495        1.2816603160       19.7597308444
  1       24.6529063848       17.8006945935        2.9903458057
  2       24.2622714170       17.7361986246        3.3721109061
  1       23.8713165009       17.6825170112        3.7552199466
  1       13.6527571157       16.0837079596        6.5254080691
  2       13.6796756983       16.5933416547        6.3203498170
  1       13.7016347719       17.0878012392        6.0805008701
  1       16.8175667211       18.4386040691       13.2210857244
  2       16.5890765561       18.4043123721       12.7219701827
  1       16.3724204400       18.3578031874       12.2185846226
  1        5.7430356716        9.0522615170       24.9810349573
  2        6.1656730501        9.4037587608       24.9991273281
  1        6.5971484543        9.7422817807       25.0407342939
  1       18.9960484791        3.7452683829        2.9679056041
  2       19.3081235328        3.4883750220        3.3408867859
  1       19.5995062570        3.2311382543        3.7300208918
  1       25.3775904815       19.6468721650        6.7651264650
  2       25.1360578178       19.3791754912        7.1804582157
  1       24.8776967743       19.1177594229        7.5896173650
  1       14.1741641986       22.4597369337        7.6637430640
  2       14.4718818757       22.0006896039        7.7197763906
  1       14.7643348743       21.5382499097        7.7756402597
  1        0.6822645108       14.9995183539       11.3155947536
  2        0.5937926479       15.2228556374       11.8103605440
  1        0.4969774033       15.4161479798       12.3160925656
  1        0.8302255129       14.6837499805       17.6793800378
  2        1.3333691166       14.6484620754       17.8987000728
  1        1.8304825544       14.6228198720       18.1326246468
  1       14.3052624774        9.8553890060        3.8071375048
  2       14.5247607698       10.0662758920        3.3490466613
  1       14.7516430491       10.2767748344        2.8943878600
  1       14.0588579149       22.3158742579       26.1716937470
  2       14.1165226511       22.6196625309       26.6265425828
  1       14.1970698502       22.9307496838       27.0729022259
  1       24.4855583200        4.9444522291       26.4951862786
  2       24.2793666747        5.4523465782       26.4501492326
  1       24.0560521960        5.9516889526       26.3928095803
  1        9.9262698195       13.9324674466        2.7424638305
  2        9.9509179102       14.2365048646        3.2001249717
  1        9.9944872394       14.5680468839        3.6367960172
  1       27.3063066263        3.3270736735       11.3293918171
  2       27.4622933283        3.0955633192       11.8032811551
  1       27.6347625232        2.8988803716       12.2870891686
  1        2.6169418161        0.2304629249       20.6445933641
  2        2.3563098009        0.5034378607       20.2445238238
  1        2.1137588988        0.7868293908       19.8403477489
  1       18.1066008606       16.9744413755        7.8659011765
  2       18.1061167611       16.5074850183        8.1565066241
  1       18.0794354971       16.0420994734        8.4484045579
  1       19.3511900877       11.6829132701       23.0844564093
  2       18.9346299553       11.7712533618       23.4325565159
  1       18.5121728569       11.8692683362       23.7708212995
  1       19.1015536901       26.5588162487        3.9677842399
  2       19.4674079427       26.9003647536        3.7397594941
  1       19.8426480617       27.2287894379        3.5077420837
  1        7.8449455666       24.5664556719        9.0453720926
  2        7.5373073026       24.8633055835        8.6993391051
  1        7.2283735762       25.1597368282        8.3541022750
  1       20.9552540158        4.7449875265        9.5220952669
  2       20.7728568899        4.2351321960        9.6184219531
  1       20.6010089053        3.7234825897        9.7241714190
  1       16.6352766611       18.0827683908        4.6392996825
  2       16.5171717352       17.5817184760        4.4456499747
  1       16.4212940626       17.0686565912        4.2722285997
  1       24.1600639318       18.4816607581       11.2506033802
  2       23.8661998166       18.1784659874       11.6030474364
  1       23.5809891874       17.8848071517       11.9703611772
  1       20.3201588755        5.4949001840       27.8584618121
  2       20.6167832257        5.4986929649       27.3953207864
  1       20.9200432643        5.5123805769       26.9366858584
  1       25.2453677128       11.9280561272        0.8809257887
  2       25.6190090683       12.2096900982        0.5918333401
  1       25.9961593411       12.4906926451        0.3067101399
  1        2.6117369150       22.4377706935       16.4676004360
  2        2.2556608023       22.8228754527       16.3020585186
  1        1.9082346508       23.2093042641       16.1218701674
  1       19.9908592452       25.5247403616        0.1805872132
  2       19.7453498442       25.2269683495        0.5724506624
  1       19.5087645193       24.9307784505        0.9709464927
  1       25.7209555271       15.7846251151       27.9169282462
  2       25.7937388061       16.1919384248       27.5545769497
  1       25.8461452350       16.6134728324       27.2052027830
  1        3.6312700818       18.6535360969       17.5822322637
  2        3.3574684252       18.7453875544       17.1141553869
  1        3.1016987317       18.8513394828       16.6389122368
  1       15.9619758210        1.7925458343        3.5977919580
  2       15.9873932916        2.2584034740        3.3065350068
  1       16.0288212897        2.7308967732        3.0280860846
  1       18.2475199022       14.6859763570       21.8923183175
  2       18.1072680298       15.2111250612       21.8083644569
  1       17.9706343697       15.7347592725       21.7101888247
  1       13.1217371054        2.3988619460        0.2120955930
  2       13.3613529202        2.6857865776        0.6155290040
  1       13.6014751995        2.9914747268        1.0046254514
  1       25.1118692821       21.8923698604       14.5365558946
  2       25.3956835810       22.3627300709       14.5632151533
  1       25.6775612307       22.8335051887       14.6008419798
  1       25.8925911243       12.2125591888       15.5832155408
  2       26.1668789640       12.0954762977       16.0453386604
  1       26.4067587639       11.9802645074       16.5266742231
  1        3.9519874937       21.8210840855       26.9245969052
  2        4.3219276110       22.2007233644       27.0712881711
  1        4.6763337060       22.5899607613       27.2306323510
  1       11.7244775418       10.6312551551       17.3201089122
  2       11.5379115322       10.6353306820       16.8027342760
  1       11.3528313434       10.6425779186       16.2848609322
  1        1.0855466452       19.6192586891        5.9082058125
  2        1.0996400318       19.7699754761        6.4369645727
  1        1.1024159082       19.8966469142        6.9721716731
  1       19.2016829607       13.5750858486       18.6403531047
  2       19.2935025453       13.4768138877       18.1070503899
  1       19.3786258400       13.3691392839       17.5744527901
  1       17.1136873767        8.1700815980       21.6231976264
  2       17.4405039229        8.3464422458       22.0288919289
  1       17.7781539453        8.5333967322       22.4207343479
  1        3.9332224207        6.1855733258        7.0238583944
  2        3.9752503615        5.9324217433        7.5103231192
  1        4.0244038234        5.6886227171        8.0008799161
  1        9.1680776284        2.8846431536       16.9219558414
  2        8.7648292353        2.5207807621       17.0085288942
  1        8.3729700295        2.1445215968       17.0944090571
  1       15.7289503446       14.9991855285        0.2822626002
  2       15.4473605091       15.3029279525        0.6441295708
  1       15.1558119991       15.5992661808        1.0042449963
  1       13.0951609546       21.3287544415       18.6149916196
  2       12.6188526373       21.4638897721       18.8545095298
  1       12.1418259777       21.6007986819       19.0915781179
  1       13.4123971130        4.2823384609       12.4666818137
  2       13.7839254602        4.6624015509       12.6081693919
  1       14.1577212925        5.0331316676       12.7673417996
  1       27.3130492779        7.2824937520        1.3454568433
  2       27.0501214632        6.8568011809        1.5738310957
  1       26.7823384746        6.4329407685        1.7999607505
  1       22.9651621254       10.1430116913       23.2900571264
  2       23.3074157924        9.8425987219       22.9816507789
  1       23.6339134126        9.5266178739       22.6717227118
  1        1.4492739290        6.3264622461       20.5962623002
  2        1.5859667748        6.8579967354       20.6321252700
  1        1.7275669637        7.3887926718       20.6586782250
  1       25.4235262962        5.6452768481        5.0942895712
  2       25.2354131814        5.9322043250        5.5241570846
  1       25.0451097338        6.1995543376        5.9655283201
  1       13.2174517783        8.9886090188       26.5275346628
  2       13.6880543850        8.7924903228       26.7338612091
  1       14.1529579422        8.5860574328       26.9430265585
  1        7.2876148058       20.1729076075       15.5989354974
  2        7.0075602671       19.8558683240       15.9504401889
  1        6.7199628837       19.5665222307       16.3193122294
  1       20.2935799448        0.5121660713        7.2589542439
  2       19.9878824846        0.7933778614        6.8984421193
  1       19.7064304696        1.0641742265        6.5112030577
  1       21.4508219746        3.9452444410        6.4500164119
  2       21.8804087581        3.8096993574        6.1344491041
  1       22.3143792795        3.6509880165        5.8361534525
  1       18.1693715194       17.9241448759        0.2284723455
  2       17.8426859087       17.8873132971        0.6694031185
  1       17.5193804275       17.8536367276        1.1130690440
  1        9.0810152765       14.5711617781        7.0462034414
  2        9.3138937282       14.0737836154        7.0164950255
  1        9.5592993453       13.5828413599        6.9811144676
  1       20.4336536612       21.1139279475       18.3620083636
  2       20.9660157802       20.9872405922       18.3068641139
  1       21.5035953025       20.8949029065       18.2362807733
  1       26.8889005003        5.9973881429       17.0161681478
  2       26.9240635143        6.2153214129       17.5199227034
  1       26.9460590629        6.4152561336       18.0318233796
  1       10.7664671954       23.6040554371       24.9305095415
  2       10.4251070271       23.3328585869       25.2658086677
  1       10.0929923740       23.0620824172       25.6105986358
  1       20.3725153040       13.6425991846        7.3474306255
  2       20.2277959795       13.5019264688        6.8357984293
  1       20.0982386571       13.3402421391        6.3263152826
  1       18.3268690874        1.5191850433       10.2139315172
  2       18.5721476623        1.2395767976       10.6190952491
  1       18.8140010729        0.9536770883       11.0219206243
  1        5.3884165643        7.6604692836       19.0393397857
  2        5.0121382854        7.5682246220       18.6489482141
  1        4.6381688953        7.4565818489       18.2614139763
  1        8.5576070639       26.4272577315       25.0809667805
  2        8.3911037917       26.8710856420       24.8020520153
  1        8.2172849091       27.3113426368       24.5219435121
  1       10.1035614018       10.8557539594       13.1709293883
  2        9.8446211795       10.4243923509       12.9487197488
  1        9.5762432303       10.0022136416       12.7201625070
  1       17.4500335782        3.7846456396        6.3194507243
  2       17.2935168441        3.8715567599        6.8394978078
  1       17.1411449585        3.9697907243        7.3587596837
  1        8.0169663734       22.2026545638       18.7296696122
  2        8.4186968449       22.5650346247       18.8286308149
  1        8.8305881856       22.9184591882       18.9177184143
  1       12.3925092895       13.5299513739       20.9880537708
  2       12.4323157921       13.4842514167       20.4414030996
  1       12.5011603573       13.4649716103       19.8960695192
  1       13.3852829678        8.8913234395       13.8118576424
  2       13.6364623870        9.3285488130       14.0315002432
  1       13.8783610168        9.7800194659       14.2318981012
  1       26.7594686406       25.0416927701       17.5404003019
  2       26.4782879454       25.5137059274       17.5150824011
  1       26.2064689530       25.9918421672       17.5154953115
  1       26.1319281481        9.8634240123        5.3529982933
  2       25.9522759395        9.7412965220        4.8477162334
  1       25.7395743664        9.6167313571        4.3560440260
  1        1.7548255757        3.9770909715       23.2874280233
  2        1.7212892207        3.7303042837       22.7970489418
  1        1.7156295370        3.4880051051       22.3033293098
  1        8.6410259822       24.5794348208       13.5054327849
  2        9.1155223500       24.8412815824       13.4116806099
  1        9.5879389852       25.1038060034       13.3096833052
  1        0.8126325100       23.3326664943       12.3934829763
  2        1.0096164689       22.8539488666       12.5792967347
  1        1.2426694767       22.3821427598       12.7392507660
  1       25.0216219122        1.0754802890       27.4280761475
  2       25.4137919192        1.4487692981       27.5248129105
  1       25.7843110843        1.8436200297       27.6212932036
  1        3.1077155680       25.4476731643        8.3564781915
  2        3.5083907862       25.4621694767        8.7329741762
  1        3.8932110715       25.4717043990        9.1258131155
  1        3.1865313776       21.6280461259        9.5153069044
  2        3.1486811266       21.2533091623        9.9161055654
  1        3.1148776619       20.8774573500       10.3162214735
  1        8.8847010891        2.3222378470       26.2905707232
  2        9.3604270872        2.5791135708       26.1895774693
  1        9.8457188381        2.8164650758       26.0863487010
  1       11.4088199156       20.9204081588        0.7250162956
  2       10.8935003276       20.9113568529        0.9170157645
  1       10.3828514924       20.9207439928        1.1210982176
  1        8.8386997284        4.0692789658       23.1817205841
  2        8.6840391897        3.5415225045       23.1744243300
  1        8.5365296533        3.0135051848       23.1303942749
  1        6.2535220356       12.5336779633        7.9450398951
  2        6.2250870359       11.9929306475        8.0413923280
  1        6.1773104883       11.4517028751        8.1267732321
  1       10.4328442880       13.1047457783       24.1072816300
  2       10.9100364231       13.2235320386       24.3536096443
  1       11.3769623315       13.3568452847       24.6118881246
  1       12.0877046187        0.7583562301        8.2847014424
  2       12.3075443796        0.9920228509        7.8379684238
  1       12.5280691375        1.2270799825        7.3923037797
  1        5.9809798307       15.3111677058        9.8455273555
  2        6.4774430398       15.4688030893        9.6689618776
  1        6.9808176866       15.6027273207        9.4923881984
  1        6.3816698658       23.1741627507       24.1400742382
  2        6.8261919898       22.8514210565       24.1672381875
  1        7.2669544529       22.5233693853       24.1919475176
  1       23.1784640250       21.8371127319       23.0793357885
  2       23.1621256361       22.3728689415       23.2026173397
  1       23.1455623888       22.9125657470       23.3072739976
  1        4.3824587577       21.3483018068       13.8337051645
  2        4.7446537619       21.5279034386       13.4608003070
  1        5.1116947563       21.6858328999       13.0828595806
  1       14.6805448012        6.0401888241        8.8717964592
  2       14.9482309254        6.2722347925        9.2925087213
  1       15.2116165970        6.5139465756        9.7104840805
  1        4.8441977256       25.6863950838       13.0472056387
  2        4.8177336590       25.4738496496       13.5537864235
  1        4.8070692760       25.2585854429       14.0597978772
  1       21.9219423022        7.3207925400       18.3707790079
  2       22.3789588341        7.2711440663       18.6727242323
  1       22.8394736898        7.2167182510       18.9684671905
  1        1.9298761042       21.3092117558       22.8374173397
  2        2.0184596728       21.2959645327       23.3800751162
  1        2.1165813767       21.2784906521       23.9209695548
  1        6.7200709749        9.1997268949       14.9522589876
  2        7.1937102379        8.9242666856       15.0000870294
  1        7.6740729215        8.6660812257       15.0714449970
  1       15.9955121552       12.7064510229        8.2290214909
  2       16.0367710891       12.8891140221        7.7118832801
  1       16.0996090838       13.0477773994        7.1890283115
  1       10.3291100989        3.7369771155        4.1948886893
  2       10.5897123453        3.5559551206        3.7456476554
  1       10.8392828350        3.3918824156        3.2838092452
  1       26.0620205244       11.2159674100       11.1626241786
  2       25.9991026223       11.6764386770       11.4567458368
  1       25.9321291945       12.1148487559       11.7820321133
  1       19.9644765573       23.8358927021       24.7870622677
  2       20.3213073539       23.5689884235       25.1094500600
  1       20.6805781027       23.2994795780       25.4269236971
  1        0.8464288154        7.0291945214       24.7451490101
  2        1.3243490837        7.1230255930       24.4896339476
  1        1.8020568887        7.2246068326       24.2366981774
  1       19.7144603819        7.7883005674       12.1742841641
  2       19.3509105038        8.0952374670       11.8983834105
  1       18.9953859767        8.3999262577       11.6098231042
  1       11.7545027190        5.6917994637        0.0672098386
  2       11.2055981890        5.6881378576        0.1017121513
  1       10.6569948929        5.6990130513        0.1393439544
  1        9.3570932964        6.6502859061       17.4709637110
  2        9.3139204325        7.1492218613       17.6983378881
  1        9.2656459229        7.6504427878       17.9195779242
  1       19.1755871769        5.5979293620       20.2628039572
  2       18.9253080744        5.4849956512       20.7393607196
  1       18.6736072193        5.4001248956       21.2209659867
  1        9.9471532109       10.3597635313        5.1230534743
  2        9.4054086115       10.4467955264        5.1609773562
  1        8.8642928956       10.5447066248        5.1713309941
  1       18.9406221271       11.1178451409        9.2169978846
  2       19.2825638489       11.2563209960        9.6249198090
  1       19.6210763666       11.4191096670       10.0266773515
  1       16.5298725937        5.2200076080        0.7960513798
  2       16.5248899154        4.8186540848        0.4200320686
  1       16.4939808957        4.4204473201        0.0419103897
  1       13.6844252925        3.8955682810        5.6011637580
  2       13.4321338426        4.0933033887        6.0480975914
  1       13.1765085478        4.2907618059        6.4932558567
  1        8.8600167687       27.3319076781        1.0182422830
  2        9.0372443532       27.4492555817        1.5255093259
  1        9.2436240428       27.5682534906        2.0212380021
  1       15.9211788542        1.6885484917       25.3004470700
  2       15.9212461646        1.5218864762       25.8245880510
  1       15.9434497794        1.3434291800       26.3443572228
  1       25.1926562551       20.7114646236        0.5740852306
  2       25.5375799890       20.7329492597        0.1462230703
  1       25.8710615057       20.7823311358       -0.2883474157
  1       20.5834695678       11.3469456157        2.0085930836
  2       21.0686539031       11.3223456745        1.7507345881
  1       21.5476004331       11.2890950692        1.4823978265
  1        3.7596833458        1.8770127990       14.4918939471
  2        3.5751796459        1.9517682228       13.9791854418
  1        3.3804387173        2.0045235896       13.4675284855
  1       21.9414818842       20.6382457315        5.1337202533
  2       22.1113844934       20.1462774399        5.3114849952
  1       22.2793672131       19.6579940163        5.5008552755
  1       13.0871129248       16.7825576259       12.7788262229
  2       13.5921687172       16.5829176926       12.8657891094
  1       14.0932634391       16.3746814150       12.9554648108
  1        6.8862658264       16.9676458815       21.0299611977
  2        7.3306640799       17.2770868435       20.9337505786
  1        7.7753859174       17.5919659781       20.8590939189
  1        1.1517584689       20.4976421143       19.4932577640
  2        1.0130784923       20.9737606371       19.2553943234
  1        0.8556486741       21.4309919008       18.9933725250
  1        0.4322383754       22.9528409225        8.5665225820
  2        0.3062403483       23.1258934954        8.0598892785
  1        0.1515482956       23.3076924314        7.5643900205
  1       25.9106275321        2.8104891098        7.8585789217
  2       26.3743900872        2.5964870274        8.0626068640
  1       26.8399942338        2.3588802772        8.2336501623
  1       14.2004517883       18.8908566145        9.9691791747
  2       14.4157714820       18.5088758495        9.6371729628
  1       14.6162236983       18.1376074595        9.2843575854
  1        0.1396556224       19.6958680665       14.2049812545
  2        0.1691707999       19.1656710402       14.0617333307
  1        0.1975417537       18.6348067949       13.9207431148
  1       12.2651852021       24.9409966435        9.2655440418
  2       11.7809538911       24.8452215571        9.0229596847
  1       11.2879485212       24.7351160605        8.8054223687
  1        4.5599875347        0.7313017342       23.3416489768
  2        4.9173990347        1.0944336359       23.1345445547
  1        5.2930848969        1.4327583302       22.9179884809
  1       21.6220542887       21.8128436241       14.0369432697
  2       21.6931347898       21.5233525687       13.5747285023
  1       21.7742515801       21.2378576822       13.1116812746
  1       24.3553093736        5.2579601169       10.3805842927
  2       24.2172564981        4.7347011981       10.4787754703
  1       24.0804648893        4.2084349793       10.5614309101
  1       11.5102939597        6.1202672227       24.1760757037
  2       11.4990194794        6.4046136611       23.7054166031
  1       11.4840958677        6.7413409584       23.2707995163
  1        8.9595577592       20.9245807691       21.7886993068
  2        9.3121788745       20.5337645997       21.9481391724
  1        9.6705177376       20.1410291693       22.0890367946
  1       14.8066213082        2.8105294535        9.7963563026
  2       14.8803489023        2.2744258683        9.8946272944
  1       14.9568847299        1.7402960342       10.0011523448
  1       10.6305352950       20.6074262082        8.1665164254
  2       10.4941291658       20.0748683344        8.1831139856
  1       10.3668626486       19.5418452016        8.2299068529
  1       12.9446446416       19.6804866097       15.3874582405
  2       12.6279916645       19.3630666938       15.7060104168
  1       12.3082955377       19.0624681873       16.0375747747
  1        8.6254071032       17.8900430956        6.0623823263
  2        9.1337977530       17.8319696738        5.8607231463
  1        9.6470402380       17.7756098324        5.6712351023
  1        1.6736364496       15.1818171747        0.2366794742
  2        1.5873371248       14.6632571093        0.3983825514
  1        1.5367764805       14.1423666926        0.5675475419
  1       16.9356932245       25.7943581324       25.4390123642
  2       16.9466990103       25.3868656867       25.8082396375
  1       16.9652147704       24.9775690003       26.1751638641
  1       21.6777482195       27.6005236057       21.3381780900
  2       21.8751058159       27.3239151455       21.7706566893
  1       22.0707020695       27.0551266475       22.2088288563
  1       16.1993366583        6.8496457139       14.6321051106
  2       16.3600624012        6.5387945019       15.0564148555
  1       16.5471922776        6.2315756869       15.4724665447
  1       13.7745232277       19.3409619733       21.3268611455
  2       14.2843254956       19.2164376870       21.1622544938
  1       14.7814522784       19.0767155849       20.9729328232
  1       18.5859183845        7.4057509696        8.4846054021
  2       18.7710237285        7.0421157745        8.1158162259
  1       18.9490209204        6.6785794970        7.7434476268
  1       16.1419060068       27.1825462603       16.9240719239
  2       16.1738290328       27.2965444169       17.4611802377
  1       16.1737534597       27.4189073045       17.9973959751
  1        3.9890492289       10.1963642018       21.5308993807
  2        3.9428392109       10.2357809559       22.0775354148
  1        3.9009827972       10.3001686998       22.6221474400
  1        3.9319481322       17.9686657331        1.6095349887
  2        4.1225775358       18.3800079667        1.2981541972
  1        4.3241379292       18.7907119842        0.9928746256
  1       20.4568961363        6.8698073531        4.4896403203
  2       20.6606427435        6.5566737046        4.0859886905
  1       20.8904269390        6.2434751597        3.6966226751
  1       10.7446322595       24.1286133668       21.1777078238
  2       10.2441594677       24.1662060542       21.4026828769
  1        9.7526504144       24.2048028490       21.6464637968
  1       22.2855249086       27.8926067124        1.2855769753
  2       22.5854975920       27.4897835429        1.5097418328
  1       22.8621006314       27.0700471664        1.7329281494
  1       17.7315500660       21.6776826672       10.7198017353
  2       17.2395800135       21.4360307814       10.6743063121
  1       16.7586057080       21.1733942191       10.6275542791
  1        4.2005100724       15.7482133905       22.9700728555
  2        4.2863169583       16.1719224463       23.3100843471
  1        4.3996780817       16.5919618991       23.6465603682
  1        5.7993983578       13.5548930037       20.2254392286
  2        5.2677567559       13.4641667598       20.1176155029
  1        4.7331392726       13.3925473261       20.0101222372
  1        9.5716730693       23.9837497594        5.7060897847
  2        9.3439904353       24.4699133072        5.5864836690
  1        9.1107895407       24.9591795557        5.4930177400
  1        7.7381084733       21.1819121672        4.3783587240
  2        7.6022947575       21.4773012081        3.9347373210
  1        7.4802597599       21.7765575820        3.4897057705
  1        7.0237592997        5.1415960412        1.9843842925
  2        7.0222099666        4.7523974366        1.5957687424
  1        7.0277881224        4.3635759989        1.2068127389
  1       17.9120905763        4.9626036087       12.2823710892
  2       17.6719316068        4.7459441123       11.8375314192
  1       17.4152693984        4.5470803643       11.3935970552
  1       22.8413155266       23.9670368092       16.1122351145
  2       22.5781426329       24.3300541552       15.7937097082
  1       22.2887576498       24.6806064363       15.4840818206
  1       10.9080137123       22.2506628239       14.8612343349
  2       10.6364653862       22.3218603406       15.3341956655
  1       10.3606333126       22.3886703336       15.8053146430
  1       25.6466858162       13.1614803405       20.6596584204
  2       25.3325363612       12.7176297631       20.5771551787
  1       25.0114120193       12.2756893582       20.5133756010
  1       22.5393711587       18.1168953919       20.2193065919
  2       22.4859487323       17.8192680932       20.6787236524
  1       22.4141103627       17.5206683021       21.1349882822
  1        9.4045442618       10.8123645191        9.7734748878
  2        9.5029686614       10.8423324647        9.2331837072
  1        9.6173707543       10.8338760850        8.6952797662
  1        5.7127307294       24.4762789304       17.5247759770
  2        5.2117651038       24.6591686676       17.6592556635
  1        4.7099034371       24.8444495498       17.7869500688
  1       10.7979328410        4.3234873093        9.4188856055
  2       10.6269488319        4.1922987801        9.9249034298
  1       10.4480666081        4.0730055310       10.4311348687
  1        6.7595615831       16.3081584297       17.4471324704
  2        6.4919381623       15.8429779491       17.5674853894
  1        6.2189096526       15.3820918537       17.6921426754
  1       23.2753574529       27.6043463782        5.5883056363
  2       23.7269282737       27.4571697468        5.8656552946
  1       24.1739785241       27.3267564950        6.1582957846
  1       11.7700485943        7.9464168784       20.1168262732
  2       11.9777930681        8.4542861077       20.0792619346
  1       12.1748469129        8.9634894051       20.0130668958
  1       14.9640522408       22.9583415626       15.5735963175
  2       15.0449403452       22.5114764092       15.2633244218
  1       15.1045100277       22.0595764985       14.9555291609
  1       12.1050295168       26.6953292836       15.4688358627
  2       11.9629479711       26.5547121215       15.9812220921
  1       11.8208367483       26.4127809415       16.4932376577
  1       16.2734155591        3.6777228458       18.1643710240
  2       16.2769292885        4.1641407054       18.4210523822
  1       16.2850613824        4.6593264719       18.6602696990
  1        4.3728163683       11.2788992321       16.8730721549
  2        3.9596679909       11.5453410971       16.6264608194
  1        3.5383754089       11.8099627481       16.3919657422
  1       18.3302868310       21.7659355713        7.5606956492
  2       18.2321267563       21.2248718236        7.5499895437
  1       18.1127624737       20.6879815971        7.5489640151
  1        1.3524662980        1.5804886380        1.8443859523
  2        1.2724269780        1.0994583750        1.5900169423
  1        1.1980190486        0.6210677825        1.3290458710
  1       23.6609195346        0.4082287824       16.6532406695
  2       23.4131962702        0.2549552498       17.1197601315
  1       23.1661584700        0.0948396238       17.5843409217
  1       11.2544875656        4.0980557574       19.4489825192
  2       11.1969353313        4.2027289881       19.9858542497
  1       11.1386166338        4.3074541895       20.5226331248
  1       19.5405246607       12.3629926986       14.3657146918
  2       19.1682048430       12.3303419800       13.9622151454
  1       18.7993506353       12.3035730855       13.5551156505
  1       19.5614765321       10.2104461425       19.5759245149
  2       19.8509400479        9.9681501577       19.9759289258
  1       20.1649959235        9.7619484135       20.3776125659
  1        6.0716188001        0.3588759494       10.0433936918
  2        5.7666482197        0.6634786958       10.3850223089
  1        5.4508867695        0.9609806674       10.7230863301
  1        6.3548148036       25.8396006934       21.9234314528
  2        6.1586004317       25.6079278480       21.4648165676
  1        5.9717455610       25.3815284595       20.9997052119
  1       22.6269003031        4.1867990506        2.1878080832
  2       23.0490757366        4.5273462665        2.0967284634
  1       23.4569067433        4.8878860363        2.0180840525
  1       23.2917279032       26.5277796159       25.3791957053
  2       23.7008074764       26.4804254000       25.0146254363
  1       24.1011263402       26.4067713176       24.6447337192
  1       12.4826687229       12.9447949660        4.8817656024
  2       13.0169721135       12.8882939991        4.7641750945
  1       13.5474861809       12.7885977752        4.6587450883
  1       25.9926999552       25.4865128616       10.6204047687
  2       26.0219723375       25.9498598401       10.3255273279
  1       26.0400792887       26.4076230091       10.0211837417
  1        5.0528531127       20.1955893869       23.6935591093
  2        5.1742861084       19.8618173890       23.2736183028
  1        5.2998138983       19.5207553598       22.8607993774
  1       21.8308987770        3.7740459694       12.9325534021
  2       21.3949701425        3.9346783458       13.2269399937
  1       20.9483485118        4.0703559322       13.5178363851
  1        8.3904437692       12.3754163122       27.6318853453
  2        8.8083691454       12.5676147763       27.3303921774
  1        9.2387231147       12.7548962463       27.0436499392
  1        6.6013648009       20.2218772605        8.3645011870
  2        6.7941005345       20.7078513118        8.1936733251
  1        6.9914989170       21.1959759243        8.0347134551
  1        5.0476249338        8.4094168984        4.2861637486
  2        5.3753955137        8.7847584400        4.5189408395
  1        5.7253219608        9.1428932650        4.7465170416
  1       17.0154262287       25.8714224614       21.2663889921
  2       17.0750023281       26.1853919504       21.7140203677
  1       17.1178179572       26.5051894423       22.1594374588
  1       16.9520478326       21.6435811358       18.0377124402
  2       16.7950263598       22.0454783715       18.3787738263
  1       16.6421405989       22.4328160072       18.7380724473
  1       24.5044145389       23.8960901556       27.7840873444
  2       24.7529406906       24.2510390212       27.4453454740
  1       25.0028880744       24.6128838041       27.1150506703
  1        5.6027354008        1.6739442538        2.2616509328
  2        5.1953473291        1.6975088337        2.6304051459
  1        4.7881077748        1.7291912999        2.9987150232
  1       22.8458651218        8.8468535248       11.5637543009
  2       22.6661957600        9.2657572575       11.2559579670
  1       22.4997396969        9.6999768180       10.9622816975
  1       25.5330300721       27.1875057606       21.1422091223
  2       25.7583186085       26.8629464045       21.5248398839
  1       25.9747857533       26.5291376702       21.9045946773
  1       19.6336460012       16.4183890369        3.6519960733
  2       20.1505742163       16.5760785161        3.7540707937
  1       20.6759206611       16.6979229860        3.8620755949
  1       19.9808476372       17.3233099337       18.4633811027
  2       19.4903143500       17.0828295025       18.5269912935
  1       18.9930215931       16.8547377760       18.5833302429
  1       26.8480035870        8.8959915281        8.4839611641
  2       26.3091328463        8.7869770340        8.4992636117
  1       25.7675182564        8.6925523793        8.5146785235
  1        5.8678273773       13.1962527449       23.8920265181
  2        5.9175612833       13.0673227743       24.4243831667
  1        5.9745826385       12.9273272280       24.9532024279
  1       16.1487150156        6.7143387759        5.2870097021
  2       16.5194117248        6.7223186826        4.8807828309
  1       16.8959721218        6.7250274336        4.4799151108
  1        3.0379797178       15.0856402505        3.6549059347
  2        2.9542368943       14.9434765809        4.1795740493
  1        2.8459438331       14.7939420171        4.6976590097
  1       17.4306576727       14.5607175834       11.4960586707
  2       17.0317076665       14.2482291357       11.2823067991
  1       16.6181667868       13.9509852111       11.0746291903
  1       26.7668306161        2.8479579908       20.5127255092
  2       26.6976488018        3.3460259242       20.2899201900
  1       26.6458156641        3.8518696367       20.0803123101
  1        3.9308100314       23.0305559450        5.4796332089
  2        4.3983329936       23.0988848389        5.7611530877
  1        4.8609727424       23.1751838301        6.0486299141
  1       14.9258938194       21.7515205864        2.7672840661
  2       15.2881744369       21.3377435830        2.7608540068
  1       15.6615819988       20.9342325313        2.7451816475
  1        1.2110238116       19.4987102775       26.9344786632
  2        1.2433725592       19.0976099592       26.5595492122
  1        1.2905642212       18.6957621306       26.1870022103
  1        0.9638460383        6.2882841979        5.3497658301
  2        0.9671507054        6.8376237142        5.3230230738
  1        0.9698022621        7.3857158828        5.2773290596
  1       12.8322777285        6.9835081988       17.0003942295
  2       13.0025830546        6.5064013851       16.7862326451
  1       13.1869876945        6.0327102586       16.5762049220
  1       22.5901713506        9.9288628984        5.1780164911
  2       22.5968533074       10.4121098433        4.9154755578
  1       22.6190089853       10.9052159234        4.6728739940
  1       19.3465527623        4.6356235590       16.8946412356
  2       19.6115353099        5.0737950920       16.6939176518
  1       19.8838986745        5.5006774841       16.4792327199
  1       10.3897835816       19.0652051680       12.2921685999
  2       10.5372603599       19.4131296734       12.6917923460
  1       10.6468873234       19.7883452284       13.0786970050
  1       24.9367330151       21.3804503735       17.7968645847
  2       25.1269951831       21.8076007570       18.0864208957
  1       25.3047785446       22.2288948878       18.3920421167
  1       19.0792878330       19.1847649857       21.1608337218
  2       18.6947052215       19.5355799723       21.3383867000
  1       18.3141891431       19.8840336087       21.5288796824
  1       23.1048014017       11.6349992751       13.4512346633
  2       22.8722892871       11.9162581799       13.8627338067
  1       22.6265923120       12.1945726243       14.2685343309
  1       12.5763886678       16.4271338164        2.7856107598
  2       12.5967023474       16.9686611383        2.6916133447
  1       12.6204154949       17.5119506927        2.6093081459
  1        2.5543705789       11.6348073711        4.7042559411
  2        2.6432983322       11.2785565337        5.1137400013
  1        2.7341224831       10.9203073089        5.5210586303
  1       22.4454353908        2.8033301615       25.2035578008
  2       22.3580661363        2.6408307644       25.7216895981
  1       22.2594941937        2.4497731002       26.2279311808
  1        3.0542846689        4.2079494892       11.1047106904
  2        3.5647804615        4.1302572510       10.9153487040
  1        4.0708330600        4.0330251274       10.7231074995
  1       15.7863445031       18.7959993956       16.7561963906
  2       16.1396124604       18.5886503255       17.1232224298
  1       16.4761284729       18.3684921327       17.4984388240
  1       15.9178936779       11.6824343658       15.7888998505
  2       15.4845454885       11.8275965221       16.0949019668
  1       15.0431224848       11.9563535882       16.3966756381
  1       21.5944799742       20.9042872234        9.7261922779
  2       21.7651948816       21.0383856686        9.2208468244
  1       21.9115797040       21.1751731160        8.7086352695
  1       22.4465298415       13.1391850316       26.1379352907
  2       22.0500384172       12.8854898005       25.8534475401
  1       21.6622801383       12.6204122954       25.5673052111
  1        9.1439470026        0.8413095103        6.2430954553
  2        8.8144602149        0.6681307493        6.6479998557
  1        8.4874403256        0.4845633693        7.0503193903
  1       12.9141034083       23.1859496390       12.6811887803
  2       13.3828123520       23.2373620805       12.3980480256
  1       13.8368892767       23.2901104944       12.0922184158
  1       26.5570025975       19.8482167370       22.3068434438
  2       26.7620464651       19.5134426785       22.6920490280
  1       26.9548700194       19.1708274143       23.0766707339
  1       26.4013860963       18.3446000772       18.0601402976
  2       26.8705595707       18.1639362195       17.8371227615
  1       27.3504082234       18.0098332461       17.6169011842
  1        1.3821526953       24.7595086581       20.7927043826
  2        1.7928629167       24.4896832511       20.5456995977
  1        2.1850130889       24.2052517858       20.2852826571
  1        2.1262934689       13.2901047754       21.7724233513
  2        1.8571130220       13.7687223852       21.7413255928
  1        1.5788615254       14.2362929101       21.6609893751
  1        3.9331500354       11.9602249693        1.5262257558
  2        4.1574724946       11.6919142497        1.1017392519
  1        4.3968324090       11.4029846317        0.6995869098
  1       25.4324293997       16.1548672996       14.7881946469
  2       25.7970258609       15.9709094831       15.1566087377
  1       26.1712078555       15.8066469246       15.5247196527
  1        8.3103160586       16.6499670953       24.6998717084
  2        7.8606944465       16.3358117820       24.7404530469
  1        7.3919787736       16.0524684920       24.7906745267
  1        6.2220296929        4.5416713526       15.8438662702
  2        6.1690982161        5.0501562092       16.0466997225
  1        6.1253890232        5.5650946744       16.2349226819
  1       12.6978622178       17.6332462876       19.0028124175
  2       12.3754263125       17.2501952645       19.2304239301
  1       12.0534149727       16.8733278532       19.4687087394
  1       24.5383362053       27.5034039901       13.5023753503
  2       24.9446151392       27.3143164971       13.8212536153
  1       25.3471748651       27.1104439976       14.1357081748
  1       17.4918742521       11.2005862183       27.4103076488
  2       16.9485620006       11.2602187039       27.4715919374
  1       16.4022176361       11.3162957139       27.5009722584
  1       19.4869372747       18.6369239893       15.2632554396
  2       19.3098583903       19.1125901905       15.0513952646
  1       19.1173825158       19.5857920450       14.8475986955
  1        6.9323824116        7.1872890753       11.5122779457
  2        7.4372118692        7.0520320102       11.3409515171
  1        7.9476469462        6.9086924409       11.1946306402
  1        7.1493905812        7.4363954428        7.2808732244
  2        7.0000518491        7.8100113339        7.6558520358
  1        6.8518675011        8.1920198553        8.0227456002


Molecules in box 2
##############################################################################                                           
Moleculetype  1
Number-of-molecules: 1     
Atomtype         X                  Y                   Z
  1       17.6269582122       38.0355469751       22.8085625384
  2       17.5903700171       38.5835568844       22.7794688400
  1       17.5847137720       39.1327272768       22.7498059667


Number-of-fractionals:  1        
##############################################################################                                           
Fractional-type:      2
Box:                  1
Lambda:               0.538024
Reaction-Step         1 (only used if Type = 3 (RxMC))

Moleculetype  1
Atomtype         X                  Y                   Z
  1       25.9451257849       22.0446287555        3.8732967535
  2       26.1259704133       21.5381502186        3.7580808172
  1       26.3092616592       21.0325218080        3.6429972449

------------------------------------------------------------------------------                                           

