Compiled using GNU Fortran (Ubuntu 9.4.0-1ubuntu1~20.04.2) 9.4.0 with all optimizations
Last Brick update unknown
Compiled at 16:28:53 on Sep  3 2023
Starting at 15:04:37 on Dec 31 2024

Settings
OK                      

Forcefield
OK                      

Topology
OK                      

Configuration
OK                      Starting from random configuration.

 F
Monte Carlo Simulation initialized.

#########################################################################################################################
###########################################   ENERGY STARTING CONFIGURATION   ###########################################
#########################################################################################################################
                                               Box 1               Box 2
-------------------------------------------------------------------------------------------------------------------------
Lennard Jones        
 Intermolecular                          0.1549000103E+008   0.1535655237E+007
 Tailcorrection                         -0.4379642141E+004  -0.6575932736E+002
Total Intermolecular                     0.1548562139E+008   0.1535589477E+007

Electrostatic        
 Real                                    0.1319058608E+005   0.3257514770E+003
 Exclusion                               0.1043425830E+008   0.2037985693E+007
 Selfterm                               -0.1044989240E+008  -0.2038978394E+007
 Fourier                                 0.1440066659E+005   0.9572346666E+003
Total Intermolecular                     0.1195714973E+005   0.2902845316E+003

Intramolecular       
 Lennard Jones                           0.0000000000E+000   0.0000000000E+000
 Electrostatic                           0.0000000000E+000   0.0000000000E+000
 Bending                                 0.9343375086E+007   0.3104111324E+007
 Torsion                                 0.0000000000E+000   0.0000000000E+000

Total                                    0.2484095362E+008   0.4639991086E+007

#########################################################################################################################

Simulation is running...



#########################################################################################################################
###############################################   RELATIVE ENERGY DRIFTS   ##############################################
#########################################################################################################################
                                               Box 1               Box 2                                                 
-------------------------------------------------------------------------------------------------------------------------

Lennard Jones        
 Intermolecular                          0.7219922250E-014   0.0000000000E+000
 Tailcorrection                          0.0000000000E+000   0.0000000000E+000

Electrostatic        
 Real                                    0.1119473025E-013   0.0000000000E+000
 Exclusion                               0.2674161428E-015   0.0000000000E+000
 Selfterm                                0.0000000000E+000   0.0000000000E+000
 Fourier                                 0.4511625712E-015   0.0000000000E+000

Intramolecular       
 Lennard Jones                           0.0000000000E+000   0.0000000000E+000
 Electrostatic                           0.0000000000E+000   0.0000000000E+000
 Bending                                 0.1235102944E-014   0.0000000000E+000
 Torsion                                 0.0000000000E+000   0.0000000000E+000

Total                                    0.1192691088E-013   0.0000000000E+000

#########################################################################################################################
############################################   TRIAL MOVE ACCEPTANCE RATES   ############################################
#########################################################################################################################
                                               Box 1               Box 2
-------------------------------------------------------------------------------------------------------------------------
Translation
 N2                                           0.50207             0.99902
-------------------------------------------------------------------------------------------------------------------------
Rotation
 N2                                           0.50623             0.99992
-------------------------------------------------------------------------------------------------------------------------
Bond Bending
 N2                      
  Bending 1                                   0.30134             0.30655
-------------------------------------------------------------------------------------------------------------------------
Lambda Move
 N2                                           0.76279             0.85376
-------------------------------------------------------------------------------------------------------------------------
GE Swap Fractional
 N2                                           0.09036             0.30686
-------------------------------------------------------------------------------------------------------------------------
GE Identity Change
 N2                                           0.02912             1.00000
-------------------------------------------------------------------------------------------------------------------------
Volume                                        0.51132             0.51132

#########################################################################################################################
######################################################   AVERAGES   #####################################################
#########################################################################################################################
                                                       Boltzmann                                    Biased
                                               Box 1               Box 2                  Box 1               Box 2      
-------------------------------------------------------------------------------------------------------------------------
Density
 N2                                      0.9166921720E+003   0.3221509768E-001      0.9168052534E+003   0.3226736353E-001
 Total                                   0.9166921720E+003   0.3221509768E-001      0.9168052534E+003   0.3226736353E-001

Number of molecules
 N2                                      0.3999087547E+003   0.9124530184E-001      0.3999086060E+003   0.9139400000E-001
 Total                                   0.3999087547E+003   0.9124530184E-001      0.3999086060E+003   0.9139400000E-001

Mole fractions
 N2                                           1.00000             1.00000                 1.00000             1.00000

Volume                                   0.2029416570E+005   0.1317058343E+006      0.2029165920E+005   0.1317083408E+006

#########################################################################################################################
#######################################   PROPERTIES FROM THE CFC GIBBS ENSEMBLE   ######################################
#########################################################################################################################
                                                       Boltzmann                                    Biased
                                               Box 1               Box 2                  Box 1               Box 2      
Chemical Potentials (as an indication)
=========================================================================================================================

Total N2                                -0.9912036911E+003  -0.9875411414E+003     -0.9911950566E+003  -0.9874276652E+003
 Ideal gas                              -0.2748766155E+003  -0.9928030408E+003     -0.2748679810E+003  -0.9926895647E+003
 Excess                                 -0.7163270756E+003   0.5261899445E+001     -0.7163270756E+003   0.5261899445E+001

-------------------------------------------------------------------------------------------------------------------------

#########################################################################################################################
##################################################   AVERAGE ENERGIES   #################################################
#########################################################################################################################
                                                       Boltzmann                                    Biased
                                               Box 1               Box 2                  Box 1               Box 2      
-------------------------------------------------------------------------------------------------------------------------
Lennard Jones        
 Intermolecular                         -0.3905530904E+006  -0.5110604140E-002     -0.3903876518E+006  -0.5617542059E-002
 Tailcorrection                         -0.1033720484E+005  -0.6265011129E-003     -0.1033339633E+005  -0.6668319481E-003
Total Intermolecular                    -0.4008902952E+006  -0.5737105253E-002     -0.4007210482E+006  -0.6284374008E-002

Electrostatic        
 Real                                   -0.1047560397E+005  -0.4731903045E-004     -0.1046987380E+005  -0.8830488744E-004
 Exclusion                               0.1394055970E+008   0.1862431309E+004      0.1393555176E+008   0.1875263684E+004
 Selfterm                               -0.1394306427E+008  -0.1862471596E+004     -0.1393805516E+008  -0.1875304498E+004
 Fourier                                 0.1037648347E+004   0.4118844026E-001      0.1037604348E+004   0.4148966257E-001
Total Intermolecular                    -0.1194252589E+005   0.8545838124E-003     -0.1193567113E+005   0.5870673855E-003

Intramolecular       
 Lennard Jones                           0.0000000000E+000   0.0000000000E+000      0.0000000000E+000   0.0000000000E+000
 Electrostatic                           0.0000000000E+000   0.0000000000E+000      0.0000000000E+000   0.0000000000E+000
 Bending                                 0.2819487841E+005   0.6426832319E+001      0.2819257917E+005   0.7871661818E+001
 Torsion                                 0.0000000000E+000   0.0000000000E+000      0.0000000000E+000   0.0000000000E+000

Total                                   -0.3846379427E+006   0.6421949797E+001     -0.3844641401E+006   0.7865964511E+001

#########################################################################################################################

No errors found in bookkeeping.

Total simulation time :  1 days and  22 hours

Simulation finished.

