 0.0000000   0.5002050471E-002   0.1170243287E+001   0.9741071907E+000   0.1001660834E+001
 0.0101010   0.4968519158E-002   0.1169229467E+001   0.9741441086E+000   0.1012912827E+001
 0.0202020   0.4806053619E-002   0.1149817596E+001   0.9726604121E+000   0.9920021461E+000
 0.0303030   0.4480195963E-002   0.1177091017E+001   0.9683817975E+000   0.9948986850E+000
 0.0404040   0.4060507023E-002   0.1163014499E+001   0.9732486116E+000   0.1005774745E+001
 0.0505051   0.3539070482E-002   0.1187990252E+001   0.9733419156E+000   0.1031435639E+001
 0.0606061   0.3005382922E-002   0.1186271987E+001   0.9715727787E+000   0.1014292175E+001
 0.0707071   0.2510021525E-002   0.1146146070E+001   0.9741946628E+000   0.1015540644E+001
 0.0808081   0.2077020210E-002   0.1159314947E+001   0.9749951767E+000   0.9964246936E+000
 0.0909091   0.1739135371E-002   0.1195289646E+001   0.9793236527E+000   0.1042955890E+001
 0.1010101   0.1468511551E-002   0.1150287047E+001   0.9737026121E+000   0.9968544637E+000
 0.1111111   0.1295678855E-002   0.1154315916E+001   0.9810591830E+000   0.9936543939E+000
 0.1212121   0.1185699961E-002   0.1142729482E+001   0.9748088153E+000   0.9700253940E+000
 0.1313131   0.1137866665E-002   0.1122197073E+001   0.9765175059E+000   0.9948666611E+000
 0.1414141   0.1134664121E-002   0.1137660383E+001   0.9763348575E+000   0.9781125900E+000
 0.1515152   0.1166419558E-002   0.1123928274E+001   0.9827369721E+000   0.9960343733E+000
 0.1616162   0.1237097393E-002   0.1106655610E+001   0.9818073840E+000   0.1007608926E+001
 0.1717172   0.1341184026E-002   0.1103982813E+001   0.9819293535E+000   0.9874709957E+000
 0.1818182   0.1474725758E-002   0.1049113123E+001   0.9821227470E+000   0.1002631297E+001
 0.1919192   0.1657851593E-002   0.1034725615E+001   0.9888884971E+000   0.1009242609E+001
 0.2020202   0.1912963056E-002   0.1059538596E+001   0.9832765296E+000   0.9895019610E+000
 0.2121212   0.2189684019E-002   0.1073124103E+001   0.9822262760E+000   0.9814235832E+000
 0.2222222   0.2566042081E-002   0.1034449119E+001   0.9832692007E+000   0.9970605305E+000
 0.2323232   0.3006890572E-002   0.1015577844E+001   0.9880520537E+000   0.1022469874E+001
 0.2424242   0.3621409971E-002   0.1020369368E+001   0.9845322444E+000   0.9987313429E+000
 0.2525253   0.4328748522E-002   0.1037852772E+001   0.9817908614E+000   0.9864643313E+000
 0.2626263   0.5239621534E-002   0.9999997305E+000   0.9865427224E+000   0.9993059167E+000
 0.2727273   0.6476072249E-002   0.1041104972E+001   0.9871503707E+000   0.9880789858E+000
 0.2828283   0.7887453054E-002   0.1010543779E+001   0.9904133022E+000   0.1014061510E+001
 0.2929293   0.9781577454E-002   0.9968149030E+000   0.9903175009E+000   0.9942544940E+000
 0.3030303   0.1210991619E-001   0.1005171235E+001   0.9896195578E+000   0.9874598570E+000
 0.3131313   0.1509735882E-001   0.1027187992E+001   0.9908043412E+000   0.9771240260E+000
 0.3232323   0.1888867426E-001   0.9970633724E+000   0.9890302671E+000   0.9784272597E+000
 0.3333333   0.2383298796E-001   0.1006639953E+001   0.9945372482E+000   0.9946954028E+000
 0.3434343   0.3008528504E-001   0.9908947565E+000   0.9922898869E+000   0.1005618339E+001
 0.3535354   0.3825569565E-001   0.9925628968E+000   0.9968838009E+000   0.9969449660E+000
 0.3636364   0.4830961211E-001   0.9464058044E+000   0.9947569567E+000   0.9982240657E+000
 0.3737374   0.6231007175E-001   0.9946379664E+000   0.9957520021E+000   0.9951325987E+000
 0.3838384   0.7916356215E-001   0.9633195076E+000   0.9952157826E+000   0.9950824743E+000
 0.3939394   0.1023053324E+000   0.9674680298E+000   0.9984202426E+000   0.9812750665E+000
 0.4040404   0.1311738576E+000   0.9865759170E+000   0.9977274252E+000   0.9842398303E+000
 0.4141414   0.1694036183E+000   0.9533306079E+000   0.9979482193E+000   0.9991796775E+000
 0.4242424   0.2193885897E+000   0.9603066144E+000   0.1004596284E+001   0.9957693638E+000
 0.4343434   0.2865355290E+000   0.9456275185E+000   0.1002059285E+001   0.9921882560E+000
 0.4444444   0.3706753028E+000   0.9495539813E+000   0.9975992188E+000   0.1000685265E+001
 0.4545455   0.4858270577E+000   0.9563650602E+000   0.9987418603E+000   0.9956867515E+000
 0.4646465   0.6323728639E+000   0.9578170700E+000   0.1004283914E+001   0.1015192558E+001
 0.4747475   0.8272219422E+000   0.9505861263E+000   0.1004585596E+001   0.9878167611E+000
 0.4848485   0.1076957068E+001   0.9134143545E+000   0.1010249436E+001   0.1011199780E+001
 0.4949495   0.1417306957E+001   0.9600678467E+000   0.1006604257E+001   0.9745514391E+000
 0.5050505   0.1618751493E+001   0.9598673465E+000   0.1006575247E+001   0.9946178957E+000
 0.5151515   0.1621816585E+001   0.9452971244E+000   0.1012300823E+001   0.1010979790E+001
 0.5252525   0.1619263018E+001   0.9365554223E+000   0.1007007085E+001   0.9956278089E+000
 0.5353535   0.1626261487E+001   0.9496483027E+000   0.1007899506E+001   0.9968994828E+000
 0.5454545   0.1630927996E+001   0.9511649899E+000   0.1008998304E+001   0.1009060212E+001
 0.5555556   0.1631172039E+001   0.9606429374E+000   0.1009210632E+001   0.1003474129E+001
 0.5656566   0.1632766071E+001   0.9516791759E+000   0.1009089722E+001   0.1022743701E+001
 0.5757576   0.1627445198E+001   0.9473743498E+000   0.1011580730E+001   0.9711787187E+000
 0.5858586   0.1645646119E+001   0.9397159957E+000   0.1009596526E+001   0.9901299080E+000
 0.5959596   0.1637692623E+001   0.9541778830E+000   0.1011801889E+001   0.1016419677E+001
 0.6060606   0.1651182624E+001   0.9565105846E+000   0.1009657195E+001   0.1036899195E+001
 0.6161616   0.1655928893E+001   0.9447570673E+000   0.1012111821E+001   0.1005376535E+001
 0.6262626   0.1667993249E+001   0.9345105356E+000   0.1008995109E+001   0.9744841425E+000
 0.6363636   0.1675389698E+001   0.9702491620E+000   0.1009183834E+001   0.1012602334E+001
 0.6464646   0.1681226364E+001   0.9543314921E+000   0.1011041423E+001   0.1012486770E+001
 0.6565657   0.1689937499E+001   0.9378786160E+000   0.1011845840E+001   0.1001389327E+001
 0.6666667   0.1697945667E+001   0.9548284308E+000   0.1013347203E+001   0.1010247417E+001
 0.6767677   0.1717882491E+001   0.9756152379E+000   0.1014250879E+001   0.1014511237E+001
 0.6868687   0.1725593730E+001   0.9585091191E+000   0.1014656699E+001   0.1015611189E+001
 0.6969697   0.1734400453E+001   0.9449516388E+000   0.1013437985E+001   0.9970080856E+000
 0.7070707   0.1755244018E+001   0.9490511138E+000   0.1015249559E+001   0.1003189163E+001
 0.7171717   0.1764299627E+001   0.9484668605E+000   0.1013449359E+001   0.1016584437E+001
 0.7272727   0.1774836151E+001   0.9551566691E+000   0.1016101200E+001   0.9965091624E+000
 0.7373737   0.1794555619E+001   0.9568506804E+000   0.1014730317E+001   0.1004832593E+001
 0.7474747   0.1801609088E+001   0.9413879089E+000   0.1015758835E+001   0.1000951667E+001
 0.7575758   0.1815196555E+001   0.9412903537E+000   0.1013259457E+001   0.9899447263E+000
 0.7676768   0.1841643587E+001   0.9447085592E+000   0.1012501018E+001   0.1001255198E+001
 0.7777778   0.1846192316E+001   0.9452863448E+000   0.1012580936E+001   0.9917000075E+000
 0.7878788   0.1870993384E+001   0.9402819238E+000   0.1014535181E+001   0.1001406963E+001
 0.7979798   0.1891277418E+001   0.9494553481E+000   0.1016512938E+001   0.1006008195E+001
 0.8080808   0.1911423139E+001   0.9564814797E+000   0.1017781160E+001   0.1010711996E+001
 0.8181818   0.1927620033E+001   0.9388433886E+000   0.1017898627E+001   0.1007084477E+001
 0.8282828   0.1947441569E+001   0.9405648878E+000   0.1016308141E+001   0.9896319131E+000
 0.8383838   0.1962073201E+001   0.9499479750E+000   0.1013925972E+001   0.9961253397E+000
 0.8484848   0.1997289805E+001   0.9448745647E+000   0.1018073886E+001   0.9927076002E+000
 0.8585859   0.2016457140E+001   0.9408968990E+000   0.1016822046E+001   0.9892624779E+000
 0.8686869   0.2039701734E+001   0.9523938622E+000   0.1016697725E+001   0.1002170432E+001
 0.8787879   0.2056558562E+001   0.9361899944E+000   0.1012412122E+001   0.9980435251E+000
 0.8888889   0.2086502797E+001   0.9499140194E+000   0.1017364770E+001   0.9990158451E+000
 0.8989899   0.2110805240E+001   0.9358795425E+000   0.1017462981E+001   0.1000283806E+001
 0.9090909   0.2142184785E+001   0.9648437405E+000   0.1015688132E+001   0.9959095264E+000
 0.9191919   0.2146331224E+001   0.9291326021E+000   0.1012264771E+001   0.1004645090E+001
 0.9292929   0.2172987853E+001   0.9365473376E+000   0.1010347021E+001   0.9912530652E+000
 0.9393939   0.2206969613E+001   0.9419495251E+000   0.1012254541E+001   0.9909931610E+000
 0.9494949   0.2232992399E+001   0.9510108418E+000   0.1011806628E+001   0.9992014909E+000
 0.9595960   0.2249944180E+001   0.9302919461E+000   0.1009813084E+001   0.9904390083E+000
 0.9696970   0.2284417358E+001   0.9553997487E+000   0.1014911426E+001   0.1008157509E+001
 0.9797980   0.2317343212E+001   0.9778212794E+000   0.1013921167E+001   0.1017554437E+001
 0.9898990   0.2345589603E+001   0.9726842695E+000   0.1011563524E+001   0.1034705790E+001
 1.0000000   0.2356776090E+001   0.9497550205E+000   0.1010260146E+001   0.9957275935E+000


