Simulation state at cycle:    1100000
##############################################################################                                           

Number-of-molecules: 401   

Box-size(s):    27.774352   50.732478

------------------------------------------------------------------------------                                           

Deltas
Translation per molecule type
Box 1    0.5075089073E+000
Box 2    0.2536990352E+002

Rotation per molecule type
Box 1    0.8086018603E+002
Box 2    0.1800000000E+003

Volume    Delta_Volume
Box 1   0.3337673762E+003
Box 2   0.1545219334E+004

------------------------------------------------------------------------------                                           

Molecules in box 1
##############################################################################                                           
Moleculetype  1
Number-of-molecules: 399   
Atomtype         X                  Y                   Z
  1        6.5581401026       16.8389932302       12.7202222971
  2        6.1476429650       17.2038993824       12.7491290468
  1        5.7300227194       17.5616100166       12.7608094381
  1       19.6842534883       11.3558450805       18.3417884992
  2       19.2940994814       11.7391856750       18.3994932607
  1       18.9053833071       12.1219301937       18.4695387336
  1        6.3742281737       21.3402692993       13.5400670436
  2        6.8639494290       21.3872460856       13.2941681342
  1        7.3532278202       21.4105154016       13.0440377805
  1       14.2545197651       21.5577576155       25.9340572306
  2       14.4008182407       21.9455727796       25.5725379995
  1       14.5410426428       22.3306889956       25.2057647504
  1       12.7937681659       14.0974749378       20.2733716288
  2       12.3545799493       14.3124970688       20.0216193824
  1       11.9294217772       14.5230223601       19.7433755516
  1       17.6130312092       11.8986182623        7.3081067682
  2       18.0027008567       11.8864242607        7.6960614976
  1       18.3886187505       11.8648968510        8.0873464946
  1       12.5645914070       27.6034006625       27.0106682214
  2       12.1853546176       27.2072581598       26.9688283466
  1       11.8093757227       26.8081611393       26.9256839628
  1        8.5693400777       25.8709788840        7.8603065244
  2        8.4850750616       25.3389133986        7.7493753462
  1        8.3814543198       24.8098159999        7.6406615772
  1        9.3628204943       22.8177305602        5.2375623209
  2        8.8414276082       22.6428263045        5.2299491929
  1        8.3176051284       22.4751662676        5.2302965113
  1       17.6877799741       27.8404545652       10.4308462745
  2       18.1524174183       27.6868653739       10.6818889118
  1       18.6171232264       27.5292683728       10.9303073012
  1       19.2919861162       23.8974013346       13.5170827777
  2       19.1564429586       24.3325792362       13.2092707466
  1       19.0426835803       24.7700876128       12.8959893664
  1        3.1472654604       20.0386606270       13.5858927578
  2        3.0114782800       19.9447267285       13.0612612067
  1        2.8617833403       19.8404805221       12.5423930612
  1       25.0135931476       20.7105515131        0.8245586136
  2       24.8684769970       21.1976660783        1.0347030951
  1       24.7312970823       21.6801877477        1.2602125375
  1       23.9257626228       13.8078459882       13.7102408327
  2       24.1221004576       13.9981644650       13.2330298395
  1       24.3328094869       14.1930760714       12.7638697713
  1       18.0486949902       20.2873700515       21.6487100743
  2       17.5658259003       20.0303672982       21.7060426723
  1       17.0912794248       19.7572204460       21.7579699168
  1        7.7299295798       23.6492767561       26.2804395439
  2        7.5074834133       23.6382166364       25.7775525021
  1        7.3217316260       23.6145534467       25.2604100401
  1       12.3024077224       20.2087979621       18.4428706937
  2       12.0293843263       19.9424530013       18.0466149846
  1       11.7561439777       19.6819252434       17.6466587391
  1       27.8966411965        1.2810125975        5.1684423762
  2       27.6651309164        1.1370341297        5.6461171516
  1       27.4325771740        0.9868271069        6.1213608850
  1       25.8847006451       25.4461556459       23.9178926427
  2       26.1313466442       25.4519782619       24.4094532679
  1       26.3796169173       25.4589168787       24.9001810194
  1       20.8759816298       14.4241756293        6.2235602972
  2       20.3445305737       14.5031853677        6.3411070375
  1       19.8137733246       14.5826445024        6.4614523216
  1        4.0855707847       17.9632323322       18.4087038281
  2        4.3683345652       17.5057761556       18.2934714935
  1        4.6507972236       17.0510814373       18.1671086871
  1        8.3618336248       20.0067585925       26.4896589988
  2        7.8955261618       20.0797016264       26.2072821872
  1        7.4345455176       20.1986472981       25.9318756297
  1        8.7416637542       11.0186348277       24.3580170852
  2        8.9116435936       10.5325158668       24.1648974072
  1        9.0726832786       10.0415176495       23.9765175530
  1       20.9556167082        7.9454580076       16.2741758283
  2       20.4291974631        7.9697695177       16.4316297227
  1       19.8997006247        7.9804647415       16.5800167482
  1       14.3308562017       19.5935440584        0.5493247170
  2       14.5557927235       19.7819796009        1.0145081297
  1       14.7960278589       19.9845232921        1.4659094278
  1       21.6027848035       18.9468543137       21.7575007792
  2       21.8976821788       19.3615035196       21.5486908798
  1       22.1932642988       19.7865943821       21.3631404340
  1       23.1390109627       13.0308276650        4.3563142671
  2       23.6236103017       13.2616312594        4.2363426811
  1       24.1076599570       13.4903205233        4.1102587777
  1        0.5378475879       21.7858784103       16.8554199711
  2        0.9746503479       22.0863599236       17.0017559169
  1        1.4091658540       22.3915989348       17.1450228706
  1        1.4390743076        4.7460856095       23.3355445101
  2        1.1399813671        4.3961276371       23.0345913070
  1        0.8387298936        4.0614796466       22.7187459789
  1       19.2091046848       25.3590956264       20.1798529750
  2       19.0059058194       24.8954053278       20.3947983822
  1       18.7996293956       24.4285585583       20.5997474727
  1       26.9702453855       22.4151013999        8.5981617942
  2       26.8324041912       22.5490315955        9.1134893676
  1       26.6983766189       22.6717886304        9.6325917845
  1       11.5974178558        9.8834609104       18.9628878655
  2       11.4483325356       10.0907742654       19.4500169450
  1       11.3300011051       10.2963694127       19.9462309180
  1       11.3558020666       14.1282275419       23.4178042000
  2       11.1243665677       14.1912694434       23.9127419016
  1       10.8939446714       14.2411930047       24.4096457018
  1        8.3549249852       15.6961015430       10.3149409615
  2        8.8582968228       15.7443173705       10.5312556098
  1        9.3686476501       15.7694950847       10.7347454494
  1       14.9049324532        7.8982777291       19.8878084915
  2       14.5782624805        7.9020975455       19.4453470379
  1       14.2351778493        7.9018722623       19.0154716094
  1       11.2613110927       11.4383760036        5.5866939710
  2       11.4706370508       10.9308653320        5.5532939494
  1       11.7063568873       10.4347861821        5.5242830083
  1        6.9263278232       27.4444250028        4.2799042612
  2        6.7961027564       27.0085488438        3.9707871217
  1        6.6442336450       26.5653933077        3.6826049867
  1       23.0777358891        2.4896756905       13.0651685285
  2       23.5008469152        2.5544987003       13.4105307108
  1       23.9060517480        2.6256895700       13.7755524944
  1       10.4760584089        6.7811798785       22.7402075286
  2       10.4925861457        6.6707884691       23.2787616768
  1       10.4917829634        6.5397403179       23.8129205820
  1       22.7327042328        8.8550536705        4.8012289115
  2       22.4435397835        8.4828449401        4.5177777124
  1       22.1502930952        8.1142560174        4.2337907676
  1        9.4501786288        7.2439897812        3.1711749491
  2        9.7451082975        7.1528478177        3.6263777973
  1       10.0239224290        7.0166564701        4.0804863701
  1       11.9052583092        6.8945272906       13.0452495110
  2       12.1431763186        6.5515586309       12.6871049602
  1       12.3864167110        6.2120086698       12.3292782782
  1       25.9377650220       10.9157560728       13.5785775513
  2       26.3551951511       10.6280145274       13.3653713357
  1       26.7822496064       10.3569641155       13.1493709529
  1       24.5375610375       24.0567533583       11.9967556838
  2       24.0616763403       23.8066245937       11.8806981285
  1       23.5908266656       23.5428439249       11.7747720150
  1       13.9248551085       10.1868697967       21.9082897941
  2       13.6981360512       10.3648677384       22.3767075583
  1       13.4826714001       10.5216709635       22.8578392780
  1       11.7240510532        1.0328174209        2.4654543584
  2       11.8372674314        1.1517380280        2.9903733435
  1       11.9403778808        1.2664791339        3.5182963614
  1       20.4781853274        6.5427453934       20.5587179083
  2       20.6469626714        6.2160967982       20.1496764637
  1       20.7925711169        5.8887958525       19.7323369490
  1        0.8672603892        0.5937920010       22.7860274747
  2        0.3201231037        0.6466698640       22.8045941771
  1       -0.2284493233        0.6818284142       22.8228196451
  1       22.5930151668       17.9845110301        6.6843758288
  2       22.6371517182       17.8952765205        6.1434607088
  1       22.7036730940       17.8022565867        5.6054809717
  1       22.1179231461        6.0713233637       25.9429000884
  2       21.7515222768        5.8704898345       26.3005539665
  1       21.3739176243        5.6719674543       26.6476902364
  1        5.6763726733        0.2286762586       15.3230704344
  2        5.1838117987        0.4678427006       15.3748700276
  1        4.6846614415        0.6861186089       15.4503984838
  1        6.9092769153       22.9559638890        2.1708075390
  2        6.8051305654       22.5034548204        1.8760380007
  1        6.7099952338       22.0421469676        1.5920585427
  1        4.3858639350        9.3012291503        4.0579589653
  2        4.3160097639        9.7680649956        4.3402437300
  1        4.2503248840       10.2446616743        4.6067790961
  1        6.3507171382       21.9019176789        7.9569621383
  2        6.3652892522       21.8436515149        8.5036729463
  1        6.3782153583       21.7652913264        9.0479087368
  1       15.3310684134       27.5548188148       18.9259056639
  2       15.6340789568       27.1023346280       18.8488169411
  1       15.9217404976       26.6434149206       18.7531950863
  1        8.8671229577        2.7761037611       10.2545518493
  2        9.3051592705        2.4598640330       10.1515148508
  1        9.7403098679        2.1327435225       10.0731814086
  1       11.3308957768        0.3711761933        7.2501754162
  2       10.9201309721        0.7257969722        7.1606411861
  1       10.5092260170        1.0748112609        7.0518011973
  1       26.5373395275        8.7344100186       27.2493075519
  2       26.3718327725        9.2319490233       27.0832881169
  1       26.2260673562        9.7352772269       26.9162157916
  1       17.6212123705       14.4566804884       20.7763274774
  2       17.1385494232       14.6046807511       20.5580789917
  1       16.6491977026       14.7401221836       20.3466776886
  1        9.1281216784       18.9480729360       15.8489781864
  2        8.6188097816       18.8954844184       15.6481403423
  1        8.1115529089       18.8287239941       15.4463148983
  1        9.4324835861        7.0681845620       27.2967209103
  2        9.4626880407        6.6086391470       27.5973963208
  1        9.5027084452        6.1652330876       27.9203350653
  1       25.1463660824        2.5193258468        9.9639110025
  2       24.7130379019        2.5099224513        9.6253282738
  1       24.2804224872        2.4993695952        9.2858690875
  1       20.8555777669       20.8583489259       24.9026843137
  2       20.4474325187       20.5284598293       24.7380919678
  1       20.0421379737       20.2055991972       24.5537082836
  1       17.8333165759        9.0470311313        5.1997921974
  2       17.4737128901        8.7162175713        4.9473093709
  1       17.1040099204        8.3821235718        4.7144984763
  1       23.0083197808        2.4575716318       19.0846882927
  2       22.7296454349        2.6646189840       19.5112700585
  1       22.4472943947        2.9055593256       19.9171341254
  1        6.9505492201       25.1993148023       10.9279176540
  2        6.5364473460       24.8549873976       11.0395343029
  1        6.1323792100       24.5031574290       11.1638106630
  1       23.9712829411       24.0039825158        7.4196131096
  2       23.7108057853       23.6270476255        7.7238691528
  1       23.4675290751       23.2538992699        8.0464784303
  1       17.7069831335       20.5182543345       11.5875902348
  2       17.7136739066       20.7176527956       11.0750519559
  1       17.6933377569       20.9281530183       10.5673354048
  1        9.4688039428       11.8722145886       17.6841282350
  2        9.2744616830       11.7727839053       17.1793068554
  1        9.0882766224       11.6667431407       16.6727592481
  1       14.3389118917        0.5037943669       21.8580867567
  2       14.4551980383        1.0327170159       21.9540990658
  1       14.5446621117        1.5697252618       22.0323187711
  1        4.2268359195       18.9825629937        9.8169019288
  2        4.0170657427       18.4776320610        9.7573937263
  1        3.8171741471       17.9684861160        9.6998284967
  1        6.6268350645       25.1953215350       18.7589712515
  2        7.0782953647       25.4918499938       18.6552674886
  1        7.5213725125       25.7959752713       18.5382612680
  1       26.3679228793       10.8689968311       21.8054975951
  2       26.0706927917       11.0095680680       22.2463989473
  1       25.7672601434       11.1671850673       22.6771953128
  1        8.1304053246       24.4759126586       21.6437150512
  2        8.5996448371       24.6673910674       21.8573743569
  1        9.0681591019       24.8181884806       22.1028423238
  1       15.4311413530        3.2590494433        0.4804275470
  2       15.2924129073        2.7307718050        0.4157966317
  1       15.1492430842        2.2023577014        0.3630620523
  1        7.4228350825        9.5271690161       10.3027581434
  2        7.4192518333        9.8547037187        9.8609344468
  1        7.4220598599       10.1856451846        9.4216510985
  1       10.1975910058       11.9999690118       10.6429578975
  2       10.2069331914       12.3715528747       10.2375714690
  1       10.1899894265       12.7364102019        9.8263634455
  1       10.4182590648       21.9914596367       14.5940202198
  2       10.9201578397       21.7665300688       14.5960960769
  1       11.4167520666       21.5302042240       14.6027494905
  1       12.1828240741       24.7686691347        8.4089338009
  2       12.3378177578       24.6276954826        7.9004031849
  1       12.5159187809       24.4821204899        7.4008154088
  1        6.6065299850       16.3582305763        7.4918107859
  2        6.8100097370       16.7312728214        7.1426181830
  1        7.0125130393       17.1213562833        6.8119713861
  1       10.7139424848       25.6689900429       15.9961045819
  2       10.4864838006       26.1697203963       16.0017313247
  1       10.2678293948       26.6742823772       16.0120974830
  1        1.4897603436       10.7145171580       23.9664413375
  2        1.5712491586       10.7288954224       24.5101810165
  1        1.6443070015       10.7514250774       25.0548414292
  1       12.3905192742       21.2522641881       22.4758651042
  2       12.8841267778       21.0248973791       22.3912721577
  1       13.3643483319       20.7725110455       22.3007823982
  1       22.3799505321       14.7242975009       27.5065533597
  2       22.9070990050       14.5854206202       27.5795444514
  1       23.4303539430       14.4268839489       27.6392972150
  1        9.4618997582       19.1667738473        5.9461753921
  2        9.5197016416       19.0648997383        5.4087922810
  1        9.5590293737       18.9501304421        4.8723397321
  1        5.8720456951       16.4337976368       27.6922112232
  2        6.1716610779       16.7690573283       27.3754596460
  1        6.4664522623       17.1329723847       27.0870779748
  1       12.0188910854        4.7827401900        1.9195452678
  2       12.3882096045        4.9171599791        2.3042986327
  1       12.7472222798        5.0486094572        2.6996856995
  1       24.6551287913       22.2422981261       24.9754425442
  2       24.4526067098       22.4287376646       25.4515991414
  1       24.2292463596       22.6149946918       25.9184165283
  1       26.2102419078       18.3445044036       26.3863687918
  2       26.5371627762       18.0595457914       26.7246310202
  1       26.8698192264       17.7899523005       27.0698252189
  1       23.1635694988       11.1108342702       25.7061373998
  2       23.4867782399       11.5484464253       25.6253183958
  1       23.8111366538       11.9818094722       25.5279115797
  1        2.7287457862       27.3796434297       25.5716465439
  2        2.3839677132       27.4186737388       25.9983838346
  1        2.0438596559       27.4633348810       26.4283046305
  1       16.4098381499       13.0554534688       24.6669396449
  2       16.0763754664       13.3119240359       24.3126438829
  1       15.7567197901       13.5695229825       23.9466342788
  1       17.1679020871        6.4470345427       17.7710515726
  2       17.3163167810        6.1815128781       18.2292778532
  1       17.4522127040        5.9142839973       18.6903863245
  1       15.6597328617       11.2476371314       18.5876325772
  2       15.1793590870       11.4947249954       18.6910183791
  1       14.7004960605       11.7384127808       18.8085192899
  1       20.3535485998       22.4033268477        6.6451168216
  2       20.4293504566       21.9330811450        6.3701203531
  1       20.4857803438       21.4554556863        6.1033065828
  1       25.3685119860        0.5135978750       19.9858428522
  2       25.4030572054        0.2325940748       19.5143097229
  1       25.4599767513       -0.0224247010       19.0303411410
  1        8.2033672748       18.9667736136        9.5720801099
  2        8.7433904110       19.0624157506        9.5305157733
  1        9.2844956011       19.1572028807        9.5036722986
  1       12.6346705783        1.7990871575       17.3281092102
  2       12.7234188348        1.6013201230       16.8226273143
  1       12.8150718179        1.3982250949       16.3197832638
  1        7.4292820732       12.5075474736        7.1914942022
  2        7.0108517583       12.4816567394        6.8354805206
  1        6.5786662255       12.4217215769        6.5006321363
  1       15.5766238546       21.9081959472       19.3613798071
  2       15.5440347777       22.1737645671       19.8419120746
  1       15.5261359069       22.4753944470       20.3014760473
  1        0.8337993279        1.9132665763       19.8559455890
  2        0.8103192536        2.2107806805       19.3939563642
  1        0.7963140034        2.5234604486       18.9417006682
  1        2.7539153784       23.7338723610       27.0824369075
  2        3.1328866091       23.4312516207       27.3418622220
  1        3.5174164167       23.1311616465       27.5959937499
  1       14.7749024182        5.7630876215       15.7599953587
  2       14.7729900294        5.2333742480       15.6120085866
  1       14.7770679404        4.7038015946       15.4635627232
  1       18.2821422770       15.3425311187       26.7744706175
  2       18.7836165638       15.4417728048       26.5715552969
  1       19.2883608913       15.5376393356       26.3752321675
  1       15.5891425012        2.4187146511        8.4576503420
  2       15.9753626716        2.2325358359        8.1131631453
  1       16.3586142297        2.0443445601        7.7664611321
  1       20.7315763994       12.7092913377       10.1610446469
  2       20.5480760575       13.0798162326       10.5237276032
  1       20.3546517783       13.4457843887       10.8858799964
  1       10.6152251113       27.8315663615       23.7213004392
  2       11.0428165821       27.4863998980       23.6983734554
  1       11.4810837315       27.1553029689       23.6701470796
  1        5.3458354883       23.5292774877        5.2519252934
  2        5.3692155487       23.9523922746        5.6025351190
  1        5.3894827937       24.3549652843        5.9767332077
  1       26.3357926561        3.0360298001        1.3361211051
  2       26.6686765776        2.9538275264        1.7661572442
  1       26.9976057112        2.8513872769        2.1948898175
  1        1.3570367876       -0.1337187472        2.3418935106
  2        1.3944060801        0.3250732552        2.0408728559
  1        1.4795909258        0.7701886813        1.7292387780
  1       17.2670306259        1.5800143013        4.2399713874
  2       17.2637888419        2.0721466065        3.9944204050
  1       17.2595670999        2.5635231825        3.7473753960
  1       24.5101721148        8.1966564792       19.2230922121
  2       23.9676134145        8.2784826506       19.1852169646
  1       23.4249509475        8.3553895349       19.1393609179
  1        2.5313823751       15.6264932429        7.8181444527
  2        2.5970738443       15.1259864082        7.5997925824
  1        2.6561948981       14.6313693045        7.3666432294
  1        7.7652791694        7.8506404257       15.8935249655
  2        8.0747956100        7.9599545020       16.3348298552
  1        8.4006176393        8.0602923011       16.7664226382
  1       23.1050307700       11.5096794925       17.4927243872
  2       22.9877662594       11.9055420522       17.1293487298
  1       22.8657186030       12.2940969179       16.7597144715
  1       19.9417220023        9.1725366924        1.0813548418
  2       20.2587556468        8.8733671019        0.7459636905
  1       20.5970298447        8.5846477264        0.4223718362
  1       27.8112617453       16.0295346261        4.0964514070
  2       27.4507258069       16.3930646507        3.8955540245
  1       27.0962871865       16.7748658606        3.7191989862
  1       27.2270452432        7.2912605100        3.5004683348
  2       26.7796684883        6.9991935793        3.3698890592
  1       26.3250205846        6.7191143628        3.2381661868
  1        0.6002823793       24.2876606698       12.8872132400
  2        0.5194346562       24.4805696304       12.3785387089
  1        0.4399465670       24.6711364344       11.8687682352
  1        0.8527362479       14.0999916234       14.7776020606
  2        1.1252260567       13.6873152397       15.0183249438
  1        1.3842036702       13.2580563471       15.2445270609
  1       10.7548144340       27.1635171154       20.4646594167
  2       11.2240727980       27.2932349700       20.2087886171
  1       11.7073979686       27.3954155008       19.9670120310
  1       19.3428581175        2.8650077249        0.2871741458
  2       18.9137220321        2.5235932186        0.3293446937
  1       18.5004425661        2.1630635596        0.3707988486
  1        8.7354970435       21.4072645610       22.0262338342
  2        8.8464820052       21.3919771620       22.5647026204
  1        8.9640456412       21.3814943974       23.1018887167
  1       20.3251193166       28.1014088032       18.0875909692
  2       20.1935333605       27.6281545876       17.8401731372
  1       20.0604579099       27.1477864745       17.6077136798
  1        2.1309128601       21.8879814483        6.8279647719
  2        2.4191049963       22.3555597307        6.7994018169
  1        2.7126926416       22.8204663587        6.7864356767
  1       10.8832085527       15.3875288657       27.7551901520
  2       10.3408532604       15.4751847247       27.7293601835
  1        9.7977390709       15.5591465804       27.7075110873
  1       13.9451941079       10.7717389366       12.3500919027
  2       13.4885459409       10.5964550353       12.0986003412
  1       13.0202700443       10.4399591518       11.8562643717
  1       17.6644205318        5.7188844635       27.5792630827
  2       17.7165101991        6.2449409146       27.4274366132
  1       17.7464233140        6.7718667436       27.2726646024
  1       26.2123447278        4.6097459992       25.8561447152
  2       25.9745710614        5.0901730559       25.9792443772
  1       25.7351310775        5.5712557777       26.0964105318
  1       26.1739872463       14.2770830457        1.4496719574
  2       26.4783057330       13.8206428456        1.4102688816
  1       26.7794966045       13.3615392431        1.3785208094
  1        7.2698522158        5.0604517840       20.6164480674
  2        7.5044994790        5.3326512466       20.2000971163
  1        7.7304792069        5.6057644112       19.7795708260
  1       17.8669022465       10.8442882698       11.7587508975
  2       18.0931104793       10.5251074129       11.3721588438
  1       18.3008883566       10.2039656712       10.9769420243
  1        2.3812559948        7.8841609672       10.8813730363
  2        2.6246032677        8.3100537628       11.1301649803
  1        2.9121652577        8.7284884251       11.3416372817
  1        2.4833277694        3.7187473871       16.3386464878
  2        1.9946242074        3.9692082758       16.3080168991
  1        1.5097027721        4.2234683645       16.2560264399
  1       13.3214955860       20.5217079140        4.1343280134
  2       12.9500873942       20.9106698492        4.2494999203
  1       12.6037507625       21.3255067800        4.3517802082
  1       25.1696942902       21.4528799719       19.2772342535
  2       25.2962591219       21.9641136897       19.1187368429
  1       25.4135514287       22.4840903342       18.9832126644
  1        2.4633615365       17.1160124691       21.5363499675
  2        2.3000103385       17.4972897483       21.8975203186
  1        2.1423623615       17.8908648127       22.2478712612
  1       13.0942988699        2.1222772015       12.0900332848
  2       12.7789190515        2.1714244255       12.5379396595
  1       12.4759281054        2.2273999203       12.9935307366
  1        2.5774850264        4.4079404726       11.8288832912
  2        2.7491687073        4.5550394520       12.3302679778
  1        2.9169135064        4.6891113980       12.8366140992
  1       26.1645567972        5.2698642151        6.2790021819
  2       26.4355341769        4.8370223885        6.4832549978
  1       26.7203414537        4.4014872415        6.6612829445
  1       24.7248262139       11.5116111596       10.4727269286
  2       24.1931854962       11.5936124973       10.5873302790
  1       23.6706423010       11.6965694962       10.7246199888
  1        0.1192934483       10.5346434582        9.5035350139
  2        0.5106127342       10.9173504294        9.5574292683
  1        0.8959016957       11.3065740458        9.6079999268
  1       20.3592597267       19.0799383352       10.0399953311
  2       20.4231560820       19.1111901406        9.4946141979
  1       20.4776600697       19.1678213189        8.9502593284
  1       21.4215899137       23.5790660050       15.9497087845
  2       21.9477610462       23.5266157539       15.7984047514
  1       22.4749751695       23.5019657269       15.6436868036
  1       21.1958745836       -0.0691835363        3.1669476555
  2       21.1566269724        0.4283290104        2.9357747963
  1       21.1116119851        0.9245601765        2.7029051337
  1        5.0645703711       13.6495005880        2.5983960346
  2        5.4083931890       13.3786544381        2.9314549378
  1        5.7472640963       13.1113773541        3.2723793686
  1       26.0270084007       16.2213794194       16.9779074747
  2       25.9227800629       15.7203998012       16.7762744520
  1       25.8161892743       15.2258647871       16.5604654566
  1       23.4865086423       25.1735735253       18.9022697249
  2       23.1100483798       25.0103418568       19.2685115755
  1       22.7361482860       24.8603931012       19.6429632940
  1       19.7910816313       25.8305848007        0.2270962355
  2       19.4432045698       25.9917171291        0.6214538433
  1       19.1072287407       26.1572425963        1.0242212215
  1        5.1601905687       25.5532677908       23.8507751462
  2        5.2680474733       25.9893443262       23.5334359849
  1        5.3642410482       26.4036453669       23.1847220006
  1        6.9785649966        7.3922815417       24.6107938326
  2        6.8278632189        7.1836361035       24.1247320512
  1        6.6680584664        6.9770667638       23.6406953295
  1        5.7965387984        1.2539145789       11.4066139977
  2        5.6664038994        1.7870393600       11.4432592678
  1        5.5144178939        2.3130918953       11.4949214703
  1        4.1526874072       11.5998908896       12.5432929335
  2        3.6278592498       11.6976029216       12.6756098408
  1        3.1023491927       11.7686702103       12.8215160414
  1       16.6031167408       14.7384103022       16.9951177668
  2       16.6663649748       15.2473216597       16.7963493308
  1       16.7349664119       15.7534208691       16.5922478069
  1       25.4878362450        5.1847059472       20.6863289973
  2       25.5632768157        4.7016087486       20.9381738246
  1       25.6216892269        4.2144481409       21.1866945108
  1       12.7110358594        7.4149637271        5.9676152616
  2       13.2045668188        7.4546874042        5.7281382865
  1       13.7030372154        7.4846950815        5.4976457659
  1        1.7317358958       16.1116556300        1.2504578882
  2        2.0930352905       16.5034525413        1.3863178440
  1        2.4491635594       16.9080161528        1.4958666430
  1        8.9374857465       15.5066993199        4.8191295674
  2        9.3206854094       15.4565118993        4.4277994750
  1        9.7144149044       15.4057443945        4.0471424847
  1        5.6145220048       10.9198506051       17.1653017714
  2        5.6892996877       10.8231478791       16.6290584675
  1        5.8119513707       10.7271823314       16.1015670673
  1        5.7917395178       22.6283275051       20.6183301431
  2        5.3776382977       22.9678815495       20.7437224494
  1        4.9669219279       23.3160419918       20.8559559957
  1       18.6110480364       11.7523136369       27.4508220767
  2       19.0640406520       12.0564294328       27.5201854160
  1       19.5224066373       12.3395945807       27.6307210280
  1       18.4966660587        2.6944256773       20.0498254164
  2       18.2958682092        2.2284468156       20.2620609555
  1       18.0877038447        1.7595981629       20.4604256127
  1       23.0280932657       18.1848031131       18.7226884918
  2       23.4054961392       17.8289051894       18.9054553899
  1       23.7736482395       17.4664963984       19.0941983321
  1       15.6549295287        6.4291610003        2.2691459587
  2       15.8267601891        6.0437998990        2.6219505019
  1       15.9889609472        5.6626587716        2.9837824437
  1        8.8663836890       13.0215744167       21.0600446106
  2        8.6862429245       13.5104691580       21.2362014636
  1        8.5087219374       13.9939944310       21.4290475383
  1        5.4632680965       11.9830768302       22.5457610856
  2        5.0961640411       11.9268352441       22.9514352115
  1        4.7412727720       11.8541557040       23.3652828533
  1        7.9751762354       15.5940088298       17.5585425512
  2        8.4181277372       15.8798015442       17.7154389866
  1        8.8477010518       16.1784785900       17.8850231507
  1       14.3239447689        3.6910828879       19.6207571584
  2       14.3930428439        4.0910841468       19.2496447106
  1       14.4584967456        4.4883998165       18.8750034897
  1       25.8763308923       17.2580910922       13.0392763747
  2       25.4963919254       17.4102163524       12.6718470800
  1       25.0876669783       17.5301817443       12.3239214826
  1        7.6536165041        9.7329439008        1.9112891244
  2        7.1629125312        9.9198793580        1.7476897788
  1        6.6680607809       10.0998936046        1.5888923758
  1        9.4274226052       23.1598392672       10.5813771921
  2        9.7789748191       23.1148503211       11.0019565968
  1       10.1298730987       23.0962900324       11.4250711345
  1       17.2453867258        5.3292735570        6.2779166708
  2       16.6965125932        5.3496942299        6.3065555030
  1       16.1475286237        5.3761137700        6.3270154154
  1        9.1113240699        2.8553053607        0.5338315107
  2        9.5103011520        2.9914972047        0.1806048561
  1        9.9238195817        3.1114306233       -0.1616209209
  1        2.8298627777        3.2046325247        8.9671139365
  2        2.6470383598        2.9644365373        8.5073519112
  1        2.4461880416        2.7126577545        8.0615194391
  1        3.7215569788        9.8739793634        8.3753238104
  2        4.1892521823        9.6344724323        8.2128503462
  1        4.6565278991        9.4019408340        8.0394073895
  1       21.2148436515        3.6619769077       10.0166300385
  2       20.8602385185        3.3000169669       10.2304996268
  1       20.5184325553        2.9276347921       10.4472949185
  1       16.5317079735       20.2539307584        6.4461432397
  2       16.9614717789       20.2110129256        6.7866739008
  1       17.4019080905       20.1813069218        7.1147492089
  1        8.5819627516        5.6311080024       12.6825098515
  2        8.6579820278        5.9167356713       12.2186802444
  1        8.7348878935        6.1954936077       11.7508346505
  1       23.4416720622        3.3473870012        4.0775517437
  2       23.4562166154        3.1976088781        4.6065649476
  1       23.4902044047        3.0522523924        5.1359195746
  1       15.3644136130       18.5736091781       18.0157259175
  2       15.0811396404       18.3090581088       18.4059419964
  1       14.7975162048       18.0550248015       18.8028359678
  1        7.6781373843        0.6715408019       21.3912803003
  2        7.5025345150        1.1362473655       21.1552475865
  1        7.3219197594        1.5969311588       20.9151460420
  1       17.6442400032       22.8189234021       24.2864930658
  2       17.5624441260       23.1632836605       23.8655115378
  1       17.4912457435       23.5066895609       23.4418333853
  1        5.2767940318        5.1759473382        4.7872762470
  2        5.3840648775        5.7141276677        4.7504672986
  1        5.4783176076        6.2556169689        4.7303238507
  1        5.1938221762       20.2043672850        4.6106309175
  2        5.6267392845       19.9443729269        4.3927187536
  1        6.0626604755       19.6879019519        4.1766276774
  1       22.1518310945       10.9406422645        7.1499106261
  2       22.6121863943       11.2256133621        7.2466808253
  1       23.0777150716       11.5134471261        7.3008543786
  1       25.7932330510       24.3865749496       15.9844381192
  2       25.9295917258       24.1111247529       15.5283312228
  1       26.1044877543       23.8453124715       15.0797164557
  1       16.4607499548        9.2623859607       24.7257848598
  2       16.1440643716        8.8753299629       24.9546907268
  1       15.8266280939        8.4918296471       25.1884891792
  1        7.9945142421       24.1967718626       15.3444842813
  2        7.7151617138       24.5121613767       14.9909427429
  1        7.4407001646       24.8312570107       14.6368963712
  1       22.5778862967       10.1649949667       13.0132701643
  2       22.6252452078       10.1103762933       13.5584984963
  1       22.6608769572       10.0560540121       14.1046481710
  1       13.3181340309        9.1419683613       15.3334201454
  2       13.2443503064        9.5326849064       15.7134155971
  1       13.1805649155        9.9194776247       16.0991912003
  1       20.3482961641        3.1511963539       23.3684315746
  2       20.5430983663        3.5063387446       22.9963751483
  1       20.7301047583        3.8723629353       22.6309235097
  1       17.1770064495       27.2216633904       22.5851468660
  2       17.4437044800       26.9277003065       22.9658801923
  1       17.7065355349       26.6523527536       23.3628733417
  1       22.9807557641       15.4168919611        9.7062250052
  2       22.7535927543       15.7639730022       10.0673783215
  1       22.5159161546       16.0867183792       10.4440018133
  1       22.8729950026        5.8476543884        7.2523437314
  2       22.5872264233        5.7775693162        6.7876670678
  1       22.2905962338        5.7069779001        6.3299254577
  1       16.4314608700        9.5121176424        1.2109649151
  2       16.2277572694        9.6013688940        0.7079350380
  1       16.0091532661        9.6687907382        0.2077684821
  1        4.4890208835       19.8926038254       23.3850622403
  2        5.0196980451       19.8560754744       23.2452501174
  1        5.5544750097       19.8277489747       23.1199057654
  1       12.5812521003        7.3060243000       26.7699781226
  2       12.9204169016        6.8898433725       26.8893961831
  1       13.2561377936        6.4675370821       26.9963956164
  1       12.5467602375        2.7279895386       25.0121599795
  2       12.6568414725        3.2311687298       25.2050143891
  1       12.7733497532        3.7265121114       25.4137265205
  1       19.9776818041        2.5026297963        6.6862667492
  2       20.3049844185        2.1621766966        6.9681615621
  1       20.6204816446        1.8107119747        7.2500020285
  1       13.8044174507       21.6597538814       10.2681722549
  2       13.6570743737       21.4621728052       10.7598548110
  1       13.5050836719       21.2865135911       11.2583953471
  1        6.4901165305        2.6104886929        7.1785614636
  2        6.3901122587        2.4465579167        7.6939504878
  1        6.3065811288        2.2860251595        8.2133268284
  1        4.9919254538       27.1324876316        0.7979559570
  2        5.0884140579       26.6139506717        0.6420413314
  1        5.1687316642       26.0910470108        0.4916390624
  1       21.1334559127        0.3352971346       25.5629898858
  2       20.5856256089        0.2908702479       25.5427856800
  1       20.0384462536        0.2353076841       25.5400372865
  1        4.4584099030        3.7814172753       21.9609987249
  2        4.5723584079        4.1757818890       22.3270482976
  1        4.6824345395        4.5529905271       22.7118818818
  1       16.7830639339       16.9017300773        2.8092063370
  2       16.9988410446       17.0259128573        2.3187790991
  1       17.2244487350       17.1802049049        1.8415002152
  1        5.2809110368       16.2845533444       23.8462678495
  2        5.3459071025       15.7559408983       23.9835427317
  1        5.4219649140       15.2308092887       24.1282907916
  1        2.6605079103       22.5031300069       10.1779614412
  2        2.9800325243       22.6566136472       10.5984930015
  1        3.2882162786       22.8009646081       11.0305642603
  1        9.0053133473        5.7103782339        7.8558072279
  2        9.3242398836        5.2624794913        7.8689442312
  1        9.6420342542        4.8140106260        7.8884996354
  1        4.7672612800        3.6663293094       18.7623010449
  2        5.1079218415        3.2452447846       18.6667070866
  1        5.4575707370        2.8301726129       18.5774841015
  1        2.4576386877       27.7611436429       11.3449022629
  2        2.7084198213       27.5989938288       11.8067639964
  1        2.9645507097       27.4485139088       12.2696384509
  1       20.4300388492       16.1112213795        3.0159299246
  2       20.2692981959       15.6281459163        2.8078421086
  1       20.1302840707       15.1376693563        2.6014255005
  1       11.2898739684        5.9215062921       18.8476675647
  2       10.9979119809        6.2971034751       19.1236837852
  1       10.6894554363        6.6781458071       19.3730054655
  1        9.3181393721        3.5148271640        4.0529175406
  2        8.9307343008        3.1738225937        4.2430048725
  1        8.5551936378        2.8266324740        4.4453121392
  1       26.1769416395       27.2120656702       12.9965936021
  2       25.8195583232       27.1772972062       12.5799782889
  1       25.4433553052       27.1521163793       12.1795569930
  1        2.2539912128       16.6442645367       25.8809333962
  2        2.4089842524       17.1516234584       26.0260680997
  1        2.5631430439       17.6582908248       26.1744704103
  1       23.1116158526       14.3727546471       22.9401011879
  2       23.2946075505       14.6198714216       23.3961136201
  1       23.4659178335       14.8577907786       23.8614599057
  1        1.5147064988       21.5880798457       21.3598421684
  2        1.6988061042       21.3306331946       20.9100327008
  1        1.8599508458       21.0801432724       20.4476614538
  1        2.8448023106       10.4868573649       20.1426787278
  2        2.8443237134       10.9225649627       19.8070320979
  1        2.8356871226       11.3548976945       19.4671588608
  1       10.9210440407        8.6671916727        8.9457550125
  2       11.0266793244        8.3845568452        9.4056014446
  1       11.1302446633        8.0918410742        9.8595746783
  1        2.5221090733        9.4742800417       16.5556408973
  2        2.3564978426        9.6807994531       16.0735385711
  1        2.2295260855        9.9006624881       15.5856467616
  1       12.5131585603       23.6994682408       18.0198722860
  2       12.4160239355       23.8422293646       18.5420639426
  1       12.3109566198       23.9865952727       19.0622748063
  1        6.8699485080       18.7269912224       19.9624941477
  2        7.2813586644       19.0210788387       19.7462670516
  1        7.6748333579       19.3303397612       19.5181544777
  1       15.2260220534       18.3527345731       13.7322695958
  2       15.2004565430       18.5281679847       13.2116262220
  1       15.1741564388       18.7005788564       12.6900106597
  1       22.2723534997        6.9440400111       10.0705017319
  2       22.6475191640        7.1491613450       10.4164438697
  1       23.0243990633        7.3526538498       10.7614834920
  1       23.6873646979       27.1779190560       15.6830798669
  2       23.1462398410       27.0844348696       15.7138141492
  1       22.6037791324       27.0004736106       15.7482653553
  1       13.3736933642       17.5232752564        5.7640647148
  2       13.9232753527       17.5443382117        5.7680634438
  1       14.4720958647       17.5739655871        5.7885149289
  1       17.5196000545       24.3384627260       16.4417107455
  2       17.7632566302       24.1692656284       16.9048563115
  1       18.0162608953       23.9825904948       17.3561225691
  1       15.6569126459       23.2150321149        5.0998686920
  2       15.9146677853       23.5596478020        4.7573744346
  1       16.1562912364       23.9088572051        4.4078448941
  1        8.3478387493        4.1930395135       23.6797686253
  2        8.3691715034        3.7241669852       23.9664800933
  1        8.4073242209        3.2535463828       24.2485450109
  1       10.9655046521       23.2918981851       25.4194014876
  2       11.2875124335       23.4669823368       25.0093325561
  1       11.5807022534       23.6665852419       24.5889774578
  1       24.6986125522       20.3023864976       16.1696718482
  2       24.8184676862       19.8055288895       15.9665283910
  1       24.9335181463       19.3046348187       15.7706495498
  1       23.9211522338        2.6127288825       24.4746150193
  2       23.9571985886        2.1007823739       24.2768489133
  1       24.0125205485        1.5947377262       24.0686223678
  1       23.4994460360        6.3096981385        1.4357998478
  2       23.7782671176        6.7414183716        1.2399007800
  1       24.0513145054        7.1660645721        1.0216790408
  1       12.6266287184        8.2899925711        2.0234964524
  2       12.5582114639        8.8357191227        2.0247653968
  1       12.4730925756        9.3785450618        2.0491533790
  1       19.0074694940       13.8760689168       14.5928166494
  2       19.2308003419       13.3922034787       14.4568108767
  1       19.4895951451       12.9293707332       14.3108276634
  1        7.3840802528        9.2246691216        5.2993903908
  2        7.8228114412        9.3412636594        5.6099071506
  1        8.2565921917        9.4544412003        5.9285371927
  1       21.9845075450       25.0233644375       24.7707836543
  2       21.5033552684       24.7832252070       24.6553469326
  1       21.0258722437       24.5427982123       24.5260998039
  1       14.8728613059       26.4419235506       15.4377077118
  2       14.3314402991       26.3466941556       15.4548732496
  1       13.7883304670       26.2606305786       15.4660432958
  1       12.4125698926       25.2223661548        4.1167275882
  2       11.8932979166       25.3365271122        4.2575249274
  1       11.3692246202       25.4183646281        4.4029546353
  1        5.0812487052       22.0912311682       17.3628778969
  2        5.3292568341       21.6167463488       17.2369567938
  1        5.5842212781       21.1461749018       17.1102459241
  1       10.5959332423        3.1212086352       21.4292141086
  2       11.0364313583        3.2705316962       21.7227512156
  1       11.4535460855        3.4200140004       22.0485891265
  1       14.3946009303       15.3447724032       27.0279180108
  2       14.5767340540       15.7004451173       26.6499967944
  1       14.7388986597       16.0501282076       26.2576648228
  1       16.5902541223        9.3841378219       15.0836108424
  2       17.0902153030        9.5950673627       15.1733189620
  1       17.5883175280        9.8048935237       15.2751381867
  1       24.8580052926        8.6141998278        7.5736927341
  2       25.1572051403        8.7350076988        8.0190969431
  1       25.4325919702        8.8443086339        8.4824708726
  1       20.6563190541        9.6967327500       24.2099303766
  2       20.4584713830        9.4990967847       24.6835297054
  1       20.2779374991        9.2889512713       25.1586574555
  1       23.6003585913       25.4238260708        0.6197142769
  2       23.7158431229       25.5685014012        0.1018027287
  1       23.8245988370       25.6970447862       -0.4217894712
  1       22.1346755643       16.0381510721       15.8596143199
  2       22.4996755904       16.3599526170       15.6032576412
  1       22.8740653031       16.6818327031       15.3609240855
  1       12.9962637319       23.3395765859        1.0918939579
  2       13.2353995687       23.8217377836        0.9786039274
  1       13.4830872635       24.3009119834        0.8711660802
  1        6.0317264967        2.3973544731        1.9478538109
  2        5.6135450172        2.7511551831        1.9973442930
  1        5.1944151206        3.1030137778        2.0523502750
  1        9.4440976539       22.0714184273       17.9314129770
  2        9.0339053430       22.3583226084       18.1592907051
  1        8.6228547110       22.6385086257       18.3938822067
  1       16.3041998849       25.2637632114       26.1206872007
  2       16.4026465626       25.7219617815       26.4085453638
  1       16.5051047292       26.1783759805       26.6978348417
  1       22.1883257656       20.3854087459       13.7639977298
  2       22.5245833841       20.2875115291       13.3399140718
  1       22.8635872419       20.1591077618       12.9262851851
  1       26.1965238658       21.1778821408        5.5465256092
  2       25.7640195000       20.8610091944        5.6691286656
  1       25.3124275188       20.5707532908        5.7887789556
  1       16.1019087143       14.2672659471        5.3175257510
  2       16.0483076325       14.4000690086        5.8485533123
  1       15.9794549529       14.5449755001        6.3746345001
  1        2.0334417578       12.9823507535        4.0506574943
  2        1.6210213570       12.7451954696        4.3266407988
  1        1.2101025107       12.5059761805        4.6030821713
  1       16.5632778857       23.6598681227        9.1504267589
  2       16.1598501092       24.0005664905        9.3042794526
  1       15.7493729351       24.3433787012        9.4326861377
  1       10.4007525422       18.6758318125       20.8865836675
  2       10.6091682587       18.2118926774       20.6772433512
  1       10.8174000260       17.7483230278       20.4669038397
  1        1.4715970593        9.1132285733        1.3208128624
  2        1.5745635111        9.6516337630        1.3657323633
  1        1.6773157587       10.1891808492        1.4203684750
  1       26.9114337449       13.6044829155        6.8538566878
  2       26.6278578456       13.1840831827        7.0668092036
  1       26.3154338425       12.7837126855        7.2779837906
  1        1.0088847381        7.4107969697       13.6849940392
  2        0.7738866463        7.3660365212       14.1802438742
  1        0.5284699074        7.3475818385       14.6721077252
  1       21.5558297298       15.2401657929       20.1666216888
  2       21.2530148992       14.7858722264       20.2331087830
  1       20.9615219333       14.3216096988       20.2777423505
  1        1.2110823504       20.8707996109       25.5770378384
  2        1.4593183066       21.1082510662       25.1475081928
  1        1.7062746473       21.3417273902       24.7150716415
  1       26.5019408436       16.6416906108       22.1493446461
  2       26.0147185117       16.8913079987       22.0963771181
  1       25.5209918917       17.1319075150       22.0672928193
  1        7.5576840129       13.1693383037       12.5227729015
  2        7.2749791640       13.1283689626       12.9927723499
  1        7.0036221559       13.0790626464       13.4686234404
  1        2.0231802136        4.3102390312        4.0427976121
  2        2.1454267779        4.0785381374        3.5591960475
  1        2.2697471743        3.8790479038        3.0619555778
  1       26.9229325538       11.4047161981       17.2855425252
  2       26.9894975673       11.0634262179       17.7116765986
  1       27.0523562815       10.7089850816       18.1275134198
  1       20.0543671226       13.3725641612       23.2068504699
  2       19.9793086014       13.1569795306       23.7072398038
  1       19.8957442034       12.9217899337       24.1973447353
  1       13.0782380480       15.0109453015       12.0263176590
  2       13.4752526723       15.3445446365       11.8430395323
  1       13.8594812588       15.6858521577       11.6471375970
  1       14.0659799903        5.6334532093       23.3872024229
  2       13.8610759901        5.8748585290       22.9374938257
  1       13.6492384366        6.1101372925       22.4877508398
  1        2.3384322236       23.9986361572        3.4462787834
  2        2.6405164942       24.4372448300        3.3089196714
  1        2.9268212924       24.8894492576        3.1822677187
  1       19.9601837262        9.0210777779        8.7196551438
  2       19.8546396678        8.7666571661        8.2435977901
  1       19.7657596544        8.4811327635        7.7819960595
  1        8.9037469776       25.6398684141        1.4013794331
  2        9.2856265015       25.2987430974        1.2006269798
  1        9.6750584663       24.9475483478        1.0347806906
  1       11.3171178057       18.5789954575       12.4223935819
  2       10.9674956266       19.0034466299       12.4121206006
  1       10.6241314425       19.4318398826       12.3792533367
  1        5.2466100034        6.6866752845       17.8119836979
  2        5.0529946278        6.8017833378       18.3137438222
  1        4.8523788191        6.9167943435       18.8127686361
  1       16.0187724990       26.4710481019        1.9296957440
  2       15.5356293087       26.6904103339        2.0744468025
  1       15.0550029539       26.9023926816        2.2374246852
  1       17.0370780966        5.8733593775       21.9891228348
  2       16.9476444419        5.3371380695       21.9056463096
  1       16.8738881775        4.7965293828       21.8363479673
  1        2.7375828222       16.0825241061       12.3597134064
  2        2.4218381982       15.8735983109       11.9607706228
  1        2.1104926035       15.6468149915       11.5681725514
  1       20.4672931050       11.2081347869        4.0032236188
  2       20.1203939756       11.5661458303        3.7708681007
  1       19.7610867027       11.9294392640        3.5673584850
  1       16.9831983926       13.7472826750        1.6078930973
  2       16.5296866977       13.4378627520        1.6408544965
  1       16.0743721770       13.1303571283        1.6659339222
  1       17.8137321726        6.3142940205        9.2995342532
  2       18.0913205021        6.0120198452        9.6656968431
  1       18.3834298477        5.7303579543       10.0369632009
  1       27.2329630687        6.7370881525       10.7770635733
  2       27.0556246005        6.4600766088       10.3362510596
  1       26.8895003852        6.1930098963        9.8850547440
  1        1.1541042598       15.3164033212       18.7057017486
  2        1.5244851786       15.1423784060       18.3382329692
  1        1.9012753709       14.9538390563       17.9847049454
  1       22.5575889429       11.1832603858       21.4763203186
  2       22.1172959849       10.8733452171       21.3640942108
  1       21.6784756726       10.5661499549       21.2393232068
  1       12.0929035380       19.0567311602       25.7237652265
  2       12.0364186016       18.6259726624       26.0610434033
  1       11.9869199828       18.2059225924       26.4126224477
  1       24.1622881517       19.1647398822        9.3414653219
  2       24.2371884609       19.6672667616        9.5520755761
  1       24.3059191997       20.1771331441        9.7465295719
  1        0.3074119170        8.8170262998        6.6175395140
  2        0.6169507092        9.2234586273        6.4138277095
  1        0.9399079257        9.6261399742        6.2239688984
  1        5.5361916217        3.2185704843       26.2907511613
  2        5.6089853348        2.6821689129       26.3880878426
  1        5.6901322462        2.1447453218       26.4722962838
  1        0.3161397809       19.4158251643        9.9958613813
  2        0.1803235291       19.0367396458       10.3704920200
  1        0.0471880980       18.6641627961       10.7525410313
  1       11.6552616343       17.6560536611        2.1890456818
  2       12.1104277763       17.3523946802        2.1332334389
  1       12.5633425455       17.0470319880        2.0690319047
  1       17.8093266591        9.9015805659       21.3597758143
  2       17.7368996888       10.4330727041       21.4813095177
  1       17.6774764764       10.9702118306       21.5835369092
  1       13.3776981309       12.9161078590        7.7244042526
  2       13.7067266765       12.7129195011        8.1154984963
  1       14.0308994043       12.5014913005        8.5062799665
  1        5.0152385505        6.7699628932        1.2412822925
  2        4.5187239723        6.5333807787        1.2398069187
  1        4.0203376407        6.3009375408        1.2488182772
  1        5.2544983471        5.9444937439        9.3647865181
  2        5.3496699495        5.8870361139        9.9034338859
  1        5.4390933684        5.8461344323       10.4445720416
  1        5.1087250079        9.7062080053       26.4241730543
  2        4.6374429780        9.5843335410       26.6801805996
  1        4.1765016913        9.4588265908       26.9527262557
  1       20.5972959593        6.1823508290       13.4444708302
  2       20.1443657342        6.4751153680       13.3365674668
  1       19.6821985792        6.7563899880       13.2376427075
  1       14.6563400526       13.2963377408       14.5231612212
  2       14.6605919671       12.9705392598       14.9662608387
  1       14.6350471839       12.6518820558       15.4138153598
  1       26.2162377680        3.3098119502       16.6874073116
  2       26.0449615543        3.8078805820       16.5290024610
  1       25.8715506401        4.3053238747       16.3709555555
  1       15.6767046521        7.4847185198       11.9931703884
  2       15.6816262091        7.0188188168       12.2854258332
  1       15.7016815142        6.5721543584       12.6057204559
  1       28.1102484316        7.9758791253       22.1770653520
  2       27.5913600684        7.8767495517       22.0240026386
  1       27.0803492316        7.7879561099       21.8410172613
  1       25.9939987093       17.4230843577        6.7187080202
  2       26.1901479048       17.4134458699        7.2324517235
  1       26.3880536661       17.3980159217        7.7453798133
  1       26.7311200233       19.8651898358       23.4790072898
  2       26.5992840874       20.1005787682       22.9997251844
  1       26.4801986265       20.3262431831       22.5124940033
  1       19.6460938018        0.2037871465       14.1402994126
  2       20.0030793799        0.6216840873       14.1197216620
  1       20.3499915391        1.0484723281       14.1216582393
  1       10.2779213513       11.0209722102       27.4678513050
  2       10.4471708978       10.5330256644       27.2787408625
  1       10.6361395491       10.0451008745       27.1092703717
  1       26.6075099635       26.0369714421        8.8101025772
  2       26.5832932963       26.5802412070        8.8923917965
  1       26.5353181096       27.1219553239        8.9745148507
  1        2.0689991827       18.5492056277        6.9121625688
  2        1.6175429989       18.4769227713        6.6064461925
  1        1.1899127052       18.3542773785        6.2830417421
  1       23.0209657334       27.5446618377        6.3181063367
  2       23.1615484455       27.3691792535        6.8200449422
  1       23.2959517397       27.1850908630        7.3205918611
  1       15.1851002459       18.6510276268        9.1254397151
  2       14.7946965107       18.2690171533        9.1898828808
  1       14.4062112216       17.8849815425        9.2538815431
  1       11.4597682999       16.1922095744        8.1099480621
  2       10.9733891331       16.2880824337        7.8717386984
  1       10.4849196115       16.4145429721        7.6528660009
  1       18.6202952546       21.0939391360       15.3224202907
  2       18.6030110737       20.5533425245       15.2226377236
  1       18.5885667349       20.0145427433       15.1131564202
  1       21.1680737554       18.6458330519        0.7111643930
  2       20.7293932270       18.5409216505        0.3964375401
  1       20.2964480503       18.4426233189        0.0717901762
  1       20.4742196454       21.8362040814       18.9893635886
  2       20.8958759493       21.5960475778       18.7304604886
  1       21.3258929382       21.3940858638       18.4533380351
  1        4.1723905510       20.2144982535        0.9063600407
  2        4.4636346258       20.0781006843        0.4601845237
  1        4.7531186887       19.9097319760        0.0238922428
  1       10.9258576492       13.0687308541       13.7667660234
  2       10.8503443896       13.5962529724       13.9028474781
  1       10.7162644221       14.1162121037       14.0218645489
  1       11.3395429343       21.1426511972        7.8934061586
  2       11.7261765998       20.8374906706        7.6486788374
  1       12.1218881579       20.5520110708        7.3948801773
  1       20.7123480897       27.7886009617       22.0354327984
  2       21.2048035073       27.6595523422       22.2436012771
  1       21.6998777565       27.5178045834       22.4367568093
  1       22.7003042543       20.4942622887        3.5258468496
  2       22.1711092299       20.5267501705        3.3795691558
  1       21.6439234747       20.5313911876        3.2228731462
  1        3.3467249386       24.7335544850       14.7741304838
  2        3.8439166953       24.7878247699       14.5453181299
  1        4.3383227080       24.8537900282       14.3135611920
  1        4.5809706512       13.8050091676       16.4339978892
  2        4.6906726388       14.2119133251       16.0805937572
  1        4.8081323466       14.6232437312       15.7348908313
  1       23.2970527132       10.7330451015        1.6261474074
  2       22.9217094458       11.0163754318        1.3409433480
  1       22.5472406842       11.3254929509        1.0826421575
  1       25.4884203465       13.6260680898       19.7142388140
  2       25.2210431815       13.9365092415       20.0811662496
  1       24.9397550463       14.2494024342       20.4353905202
  1        0.3075969085       27.4557420252       16.1440492093
  2        0.8132450299       27.5031524236       16.3551705759
  1        1.3225907606       27.5632248379       16.5538115351
  1        8.6724279105        1.9807784108       14.4708394147
  2        8.7163765648        1.9974492174       13.9228516411
  1        8.7586000146        2.0050018995       13.3745267956
  1       18.8582510444       26.3568021800        7.8445151893
  2       19.3325563788       26.0902307360        7.7640533041
  1       19.8184242307       25.8363147012        7.7197918442
  1       15.0694950149       22.1127039396       16.0757128803
  2       15.0663801091       21.7356392627       15.6753224124
  1       15.0538538287       21.3712824847       15.2635127116
  1       24.9874921419       27.8933360709        3.3441737969
  2       25.3885061411       27.5325078563        3.2369787783
  1       25.8167178059       27.2012962192        3.1398519514
  1        2.7079714127        6.4660588035        7.2829759506
  2        2.2694690154        6.3184585068        7.5803474354
  1        1.8298656368        6.1753745156        7.8783001832
  1       26.7552033584        0.2919235909       26.5789609713
  2       26.5496685404        0.2102482129       27.0825327847
  1       26.3432559827        0.1212195264       27.5844966758
  1       22.2498241648       26.5634259851       10.9699017064
  2       22.1498112191       26.9445326798       10.5861633867
  1       22.0703879990       27.3276045881       10.1995785136
  1       19.2494618125        5.7518033574        3.0402590900
  2       19.3892672275        5.2873595223        3.2995781405
  1       19.5275754216        4.8084337326        3.5319591432
  1       26.5290671995       15.2169664356       10.5228214406
  2       26.8224299028       14.8073485094       10.3022506383
  1       27.1037602904       14.3800040239       10.1004341306
  1        5.7971926725        4.1229022345       14.8396579713
  2        6.1147538209        4.2358793484       15.2742739958
  1        6.4399345855        4.3304859759       15.7076411096
  1        3.5112399065       26.9153111213       20.1841695277
  2        3.6634722644       27.0911316496       19.6857596050
  1        3.7998295488       27.2525175456       19.1779591692
  1       17.6487494740        3.1772421007       13.2467739321
  2       17.3815992602        3.1634094843       12.7662123627
  1       17.1166354806        3.1322184403       12.2852536189
  1       18.3195872155       20.9649026427        3.7823428861
  2       18.4265778298       20.5146080192        3.4852103222
  1       18.5190839679       20.0613254748        3.1877585642
  1       10.3942835997       26.5876565197       12.4597722848
  2       10.3864455270       26.6258081057       11.9111530898
  1       10.4125506323       26.6527420035       11.3624335917
  1        2.0688681063        6.9278432219       25.8805995808
  2        1.5389198959        7.0749894902       25.8789054623
  1        1.0102725835        7.2265909912       25.8859056761
  1       26.9593782111       20.8616257733       13.3911718393
  2       26.5500504570       20.9487446939       13.0342949930
  1       26.1567689165       21.0544409610       12.6646222621
  1        8.0914419832       17.6708437203        2.2940309458
  2        8.3196949183       18.1097598220        2.0537118802
  1        8.5532330882       18.5548963684        1.8305227737
  1       16.8265532633       19.1083142169       25.5957001615
  2       16.6438230121       18.8740087798       25.1328712326
  1       16.4806927031       18.6482311544       24.6586213353
  1       27.6137998697       18.5682792174       19.3604169152
  2       27.3852419740       18.7309962839       18.8873583094
  1       27.1590750950       18.8642680022       18.4040497217
  1        9.0263992651       12.8581381255        1.9718578628
  2        9.2291698094       12.4606037656        2.2933396494
  1        9.4260204166       12.0638779475        2.6194661013
  1       14.9479181550       10.5691109344        3.7543992887
  2       14.8485178379       10.9341789360        4.1535796128
  1       14.7490292722       11.2915063685        4.5596819771
  1       18.6106463837       18.2293744900       18.9027522610
  2       19.0493385945       18.0427493191       18.6284892671
  1       19.4768548718       17.8711393844       18.3280231925
  1       27.4745250025        3.3813097437       13.3936904118
  2       27.7563341833        2.9198668851       13.2929229873
  1       28.0292421899        2.4503775824       13.2057391953
  1       19.3486630591       17.6864567375        5.8911680112
  2       18.8784772427       17.6348021843        5.6105310479
  1       18.4032033449       17.5685409619        5.3417854964
  1       23.6515228728       24.2246716513        3.7966921774
  2       23.5804380067       23.7409454092        4.0485966524
  1       23.5208311762       23.2516267860        4.2925522011
  1       16.8755119471        3.2676014056       25.1859749714
  2       16.7161925303        2.8249483052       24.9010617284
  1       16.5678997233        2.3825884345       24.6098109993
  1       13.3268126301        4.9408504595        9.2949494645
  2       13.7700759004        5.2617405133        9.3501513357
  1       14.2131645166        5.5845616716        9.3944116669
  1       13.6251938742       11.9331336029       27.5774843783
  2       13.7855462535       11.8957621033       27.0527077730
  1       13.9358639887       11.8688769366       26.5243312356
  1       20.6474046162       23.8144004496       10.0941646752
  2       20.7778607040       23.2804697045       10.1141438785
  1       20.8980216847       22.7445724840       10.1437328413
  1        5.0736160924       14.3880017693       20.6496140823
  2        4.6151504392       14.6462659891       20.4895864673
  1        4.1551863592       14.9088350640       20.3412944411
  1        0.3097962764       20.0117351242        1.8091010737
  2        0.5822619501       20.4024398617        1.5341242297
  1        0.8609084860       20.7868014474        1.2564152481
  1       24.8208573967        7.1859016725       13.7823656096
  2       25.0114405884        6.6822374683       13.6705603485
  1       25.2046060814        6.1819902421       13.5483318577
  1        8.7295400408       17.5178330687       24.3752724951
  2        8.7345586763       17.5624534522       23.8271084369
  1        8.7302925070       17.5878210745       23.2777103276
  1       27.6261599640       24.4026812209        5.8654959700
  2       27.3477025181       24.8450107638        5.6943059402
  1       27.0822080996       25.3023237772        5.5430527732
  1       23.5707244275        8.2407738762       22.7756475318
  2       23.4149939221        7.7283923526       22.9009997717
  1       23.2617106230        7.2167255146       23.0321534070
  1        8.9659324342        3.0588667977       17.9144103713
  2        9.2087402430        2.5680212364       17.8632732726
  1        9.4501758907        2.0747137208       17.8340068734
  1       14.8803413505        8.8539596919        8.6949160844
  2       15.4169647191        8.8829915261        8.5779010733
  1       15.9540738219        8.9268564187        8.4679479837
  1        7.5901587394       27.1846252409       26.1844251863
  2        8.0575530757       27.4734866225       26.2089534672
  1        8.5319083603       27.7508134652       26.2329719049
  1       17.6865231855        3.0560184422       16.6702658081
  2       17.8885358406        2.5690561269       16.5135540004
  1       18.1331449335        2.1051102419       16.3479623143
  1       11.1262360519        4.6299186790       15.5326748520
  2       10.6738037700        4.9375948251       15.5887142975
  1       10.2215367503        5.2443473134       15.6508226928
  1       11.1371325827       20.9623858827        1.5259458065
  2       10.7260692689       21.2830776118        1.7011136315
  1       10.3010590517       21.5941529515        1.8595385263
  1        1.4134723815        3.3498461292       27.3433017058
  2        1.6163215293        3.2457297602       26.8427899627
  1        1.8123337024        3.1360199689       26.3407511309
  1        1.9428927920        5.6208525143       20.0849762841
  2        1.7022579183        5.9112495928       19.6846459276
  1        1.4256322180        6.1686032942       19.2849619358
  1       13.8986219103       26.8428511332       10.7646893889
  2       14.0701427541       27.1709549644       10.3579603930
  1       14.2409015636       27.5033512964        9.9544085295
  1        1.4340646136       24.6172833038       22.6697295363
  2        1.6246336447       24.5838263415       23.1845732757
  1        1.8200407644       24.5559262953       23.6979324521
  1       27.1844074776       25.0466797786       19.9690658234
  2       27.5023289177       25.4700316085       20.1180597361
  1       27.8066728400       25.9085464302       20.2506475450
  1       10.1071084041        9.6562195900       13.7318963729
  2        9.9224858007        9.4503588012       13.2564641170
  1        9.7318539660        9.2623195135       12.7760468725
  1       20.2993273072       23.6889673081        3.3043886705
  2       20.1056434723       24.0019553556        3.7130756586
  1       19.8961129253       24.3179172070        4.1115289901
  1        3.2693901363       25.5643139233        8.6955455513
  2        2.7334854038       25.6850699891        8.7224544759
  1        2.1970061132       25.8042565086        8.7444668194
  1       23.1349958231       18.7025420640       25.6170621960
  2       23.2351506869       18.6971164720       25.0762853787
  1       23.3856182353       18.6796618429       24.5475559093
  1       21.6570854830        3.6873263719       16.0665835425
  2       21.7007439966        4.0714074932       16.4578323463
  1       21.7547621066        4.4362905171       16.8658059013
  1        7.3464130227       13.8722363071       26.3751775551
  2        7.2542239230       13.3815983509       26.6059925586
  1        7.1786317547       12.8941697713       26.8493014217
  1       22.8764629640        2.8721107073        0.5680419021
  2       23.0275026396        2.3499215390        0.4843431035
  1       23.1869098000        1.8302825633        0.4002913861
  1        7.9941616288        9.7236837792       20.4966021576
  2        7.6784516948        9.6138293581       20.9333620959
  1        7.3775665532        9.5065603600       21.3810913585
  1        3.9874977446        8.2268450779       22.2875761200
  2        3.9388188833        8.3834529993       22.8125564315
  1        3.9122372830        8.5366893659       23.3401093041
  1        1.4314402281       13.8563528597       22.6784900560
  2        1.4855401984       14.0319570112       23.1968879487
  1        1.5454738862       14.1737670275       23.7249010843
  1       17.3780563564       22.2715139339        0.5321311142
  2       17.0039432554       22.4902662015        0.8707855591
  1       16.6131153078       22.6937572578        1.1999434306
  1       27.2893027879       24.1040731762        0.7958325658
  2       27.1390406922       23.8805590460        0.3162882653
  1       26.9925281907       23.6430215195       -0.1576421193
  1       18.5132414645       17.2161975483       12.9443710814
  2       18.9849742514       16.9765747109       13.0945345709
  1       19.4508077096       16.7381649067       13.2638270796
  1       13.4495832464       24.8201974819       22.0362210561
  2       13.7829235035       25.0637097731       22.3996574839
  1       14.1021384270       25.2900494866       22.7861444381
  1        5.3161305348        7.6449445162       13.4284813806
  2        4.9420964021        7.7247262804       13.8237450111
  1        4.5641700488        7.8056744338       14.2150493262
  1       14.6421980176       27.2256458945        6.0658341428
  2       15.1701077376       27.0911533587        5.9901830669
  1       15.6981929132       26.9516706863        5.9256026483
  1        1.4346516781       17.6927256459       16.1760364255
  2        1.6641440004       17.5965931665       15.6855348246
  1        1.9003320745       17.4854977579       15.2014139690
  1       21.4714302925       22.8833591686        0.0976437306
  2       21.4173963665       22.3514162339        0.2265508640
  1       21.3454598232       21.8196187305        0.3470355028
  1       25.7426345494       10.8479789562        3.9867931837
  2       26.0708009527       10.6251358901        3.6058105336
  1       26.3991005894       10.4109035366        3.2200335952
  1        4.0050737165        0.3966553452        5.7500690657
  2        3.6215090292        0.0431405226        5.9244405108
  1        3.2292633360       -0.3160602424        6.0645052301
  1       12.3677262565       17.2563235623       15.3175154341
  2       12.5996974427       16.9521827668       15.7127213871
  1       12.8128486795       16.6387304637       16.1112363843
  1       26.6921834102       14.5008135980       25.9218130921
  2       26.7279377894       14.1049434434       25.5416704279
  1       26.7579319785       13.6999272543       25.1707765966
  1       19.4086713026       16.5821374317       23.3331866949
  2       19.2013599317       16.9133872897       22.9461524237
  1       18.9951603800       17.2543771819       22.5670645220
  1       12.8320244055        3.4644571936        6.3679477821
  2       13.1935270928        3.1837693365        6.0629393659
  1       13.5440774551        2.9202752064        5.7309976755
  1       13.6070563538       16.8738991703       22.4978022727
  2       14.1442374327       16.7761484951       22.5639936163
  1       14.6822942704       16.6885692441       22.6369642486
  1        5.0553827310       14.4710707431       10.5165435979
  2        5.1861254028       14.0813950943       10.1510860182
  1        5.3042595646       13.6907748883        9.7823582413
  1        3.4260165631       13.4906068981       26.8469837112
  2        2.8778140821       13.5092150551       26.8066380001
  1        2.3307695743       13.5567919897       26.7753531687
  1       15.9531891690       23.6378209431       12.7730633811
  2       15.4240147408       23.7359893099       12.8863656153
  1       14.9055412903       23.8585399097       13.0229914938
  1       13.0147803443       14.1626937194        3.2867106477
  2       12.7680896684       13.9467913048        2.8450887983
  1       12.5260768090       13.7070158650        2.4133046933
  1        3.5052342500       16.2742264459        4.4892445512
  2        3.8572982819       16.4846402605        4.8556827371
  1        4.2022219516       16.7063809321        5.2222325095
  1       16.6995746030       15.0141932416        9.6816191769
  2       17.2281990178       15.1497392037        9.6131829270
  1       17.7645382523       15.2555293026        9.5527786269
  1       23.5130296433       17.2264493345        2.3301726397
  2       23.8537823404       17.3485862046        1.9160830546
  1       24.1965402460       17.4597565932        1.5005615007


Molecules in box 2
##############################################################################                                           
Moleculetype  1
Number-of-molecules: 1     
Atomtype         X                  Y                   Z
  1       47.3116782319        9.2698067403       34.6964749126
  2       47.2796828643        8.7796513921       34.9439098152
  1       47.2516364799        8.2780184283       35.1676904420


Number-of-fractionals:  1        
##############################################################################                                           
Fractional-type:      2
Box:                  2
Lambda:               0.912654
Reaction-Step         1 (only used if Type = 3 (RxMC))

Moleculetype  1
Atomtype         X                  Y                   Z
  1       24.2942198022       34.5391885801       13.7894832057
  2       24.1633564275       35.0091472743       13.5354879243
  1       24.0088299762       35.4803318225       13.2975663062

------------------------------------------------------------------------------                                           

