Compiled using GNU Fortran (Ubuntu 9.4.0-1ubuntu1~20.04.2) 9.4.0 with all optimizations
Last Brick update unknown
Compiled at 16:28:53 on Sep  3 2023
Starting at 18:37:47 on Dec 31 2024

Settings
OK                      

Forcefield
OK                      

Topology
OK                      

Configuration
OK                      Starting from random configuration.

 F
Monte Carlo Simulation initialized.

#########################################################################################################################
###########################################   ENERGY STARTING CONFIGURATION   ###########################################
#########################################################################################################################
                                               Box 1               Box 2
-------------------------------------------------------------------------------------------------------------------------
Lennard Jones        
 Intermolecular                          0.2073017925E+008   0.1203181202E+006
 Tailcorrection                         -0.4636799626E+004  -0.6962048891E+002
Total Intermolecular                     0.2072554245E+008   0.1202484997E+006

Electrostatic        
 Real                                    0.2187900652E+005  -0.5094147959E+003
 Exclusion                               0.1043425830E+008   0.2037985693E+007
 Selfterm                               -0.1044989240E+008  -0.2038978394E+007
 Fourier                                 0.1854732480E+005   0.1030797084E+004
Total Intermolecular                     0.2479222838E+005  -0.4713193237E+003

Intramolecular       
 Lennard Jones                           0.0000000000E+000   0.0000000000E+000
 Electrostatic                           0.0000000000E+000   0.0000000000E+000
 Bending                                 0.9343375086E+007   0.3104111324E+007
 Torsion                                 0.0000000000E+000   0.0000000000E+000

Total                                    0.3009370977E+008   0.3223888505E+007

#########################################################################################################################

Simulation is running...



#########################################################################################################################
###############################################   RELATIVE ENERGY DRIFTS   ##############################################
#########################################################################################################################
                                               Box 1               Box 2                                                 
-------------------------------------------------------------------------------------------------------------------------

Lennard Jones        
 Intermolecular                          0.1996057266E-014   0.0000000000E+000
 Tailcorrection                          0.0000000000E+000   0.0000000000E+000

Electrostatic        
 Real                                    0.0000000000E+000   0.0000000000E+000
 Exclusion                               0.0000000000E+000   0.0000000000E+000
 Selfterm                                0.0000000000E+000   0.0000000000E+000
 Fourier                                 0.5823632869E-015   0.0000000000E+000

Intramolecular       
 Lennard Jones                           0.0000000000E+000   0.0000000000E+000
 Electrostatic                           0.0000000000E+000   0.0000000000E+000
 Bending                                 0.2461871117E-014   0.0000000000E+000
 Torsion                                 0.0000000000E+000   0.0000000000E+000

Total                                    0.7484807392E-014   0.0000000000E+000

#########################################################################################################################
############################################   TRIAL MOVE ACCEPTANCE RATES   ############################################
#########################################################################################################################
                                               Box 1               Box 2
-------------------------------------------------------------------------------------------------------------------------
Translation
 N2                                           0.49436             0.99499
-------------------------------------------------------------------------------------------------------------------------
Rotation
 N2                                           0.50807             0.99946
-------------------------------------------------------------------------------------------------------------------------
Bond Bending
 N2                      
  Bending 1                                   0.32160             0.32565
-------------------------------------------------------------------------------------------------------------------------
Lambda Move
 N2                                           0.78470             0.97022
-------------------------------------------------------------------------------------------------------------------------
GE Swap Fractional
 N2                                           0.07652             0.29854
-------------------------------------------------------------------------------------------------------------------------
GE Identity Change
 N2                                           0.10575             0.99999
-------------------------------------------------------------------------------------------------------------------------
Volume                                        0.49682             0.49682

#########################################################################################################################
######################################################   AVERAGES   #####################################################
#########################################################################################################################
                                                       Boltzmann                                    Biased
                                               Box 1               Box 2                  Box 1               Box 2      
-------------------------------------------------------------------------------------------------------------------------
Density
 N2                                      0.8998922058E+003   0.9986916200E-001      0.9000284971E+003   0.1012460012E+000
 Total                                   0.8998922058E+003   0.9986916200E-001      0.9000284971E+003   0.1012460012E+000

Number of molecules
 N2                                      0.3997179217E+003   0.2820783249E+000      0.3997140250E+003   0.2859750000E+000
 Total                                   0.3997179217E+003   0.2820783249E+000      0.3997140250E+003   0.2859750000E+000

Mole fractions
 N2                                           1.00000             1.00000                 1.00000             1.00000

Volume                                   0.2066338884E+005   0.1313366112E+006      0.2066006015E+005   0.1313399398E+006

#########################################################################################################################
#######################################   PROPERTIES FROM THE CFC GIBBS ENSEMBLE   ######################################
#########################################################################################################################
                                                       Boltzmann                                    Biased
                                               Box 1               Box 2                  Box 1               Box 2      
Chemical Potentials (as an indication)
=========================================================================================================================

Total N2                                -0.1043942696E+004  -0.1045982973E+004     -0.1043930581E+004  -0.1044887592E+004
 Ideal gas                              -0.3156244427E+003  -0.1044117988E+004     -0.3156123274E+003  -0.1043022607E+004
 Excess                                 -0.7283182534E+003  -0.1864985174E+001     -0.7283182534E+003  -0.1864985174E+001

-------------------------------------------------------------------------------------------------------------------------

#########################################################################################################################
##################################################   AVERAGE ENERGIES   #################################################
#########################################################################################################################
                                                       Boltzmann                                    Biased
                                               Box 1               Box 2                  Box 1               Box 2      
-------------------------------------------------------------------------------------------------------------------------
Lennard Jones        
 Intermolecular                         -0.4035827722E+006  -0.1029892879E+000     -0.4034138153E+006  -0.1226959404E+000
 Tailcorrection                         -0.1073841776E+005  -0.2471550440E-002     -0.1073441444E+005  -0.2773090950E-002
Total Intermolecular                    -0.4143211899E+006  -0.1054608383E+000     -0.4141482298E+006  -0.1254690313E+000

Electrostatic        
 Real                                   -0.8947435966E+004  -0.1641410464E-002     -0.8940615296E+004  -0.2574171796E-002
 Exclusion                               0.1393345630E+008   0.5757257489E+004      0.1392891919E+008   0.5955059585E+004
 Selfterm                               -0.1393596576E+008  -0.5757382829E+004     -0.1393142759E+008  -0.5955191887E+004
 Fourier                                 0.1089038571E+004   0.1282358241E+000      0.1088946889E+004   0.1326287087E+000
Total Intermolecular                    -0.1036785464E+005   0.1254141622E-002     -0.1036006712E+005  -0.2247125619E-002

Intramolecular       
 Lennard Jones                           0.0000000000E+000   0.0000000000E+000      0.0000000000E+000   0.0000000000E+000
 Electrostatic                           0.0000000000E+000   0.0000000000E+000      0.0000000000E+000   0.0000000000E+000
 Bending                                 0.3216351990E+005   0.2239725347E+002      0.3216068146E+005   0.2537242698E+002
 Torsion                                 0.0000000000E+000   0.0000000000E+000      0.0000000000E+000   0.0000000000E+000

Total                                   -0.3925255247E+006   0.2229304677E+002     -0.3923476154E+006   0.2524471082E+002

#########################################################################################################################

No errors found in bookkeeping.

Total simulation time :  2 days and  15 hours

Simulation finished.

