Compiled using GNU Fortran (Ubuntu 9.4.0-1ubuntu1~20.04.2) 9.4.0 with all optimizations
Last Brick update unknown
Compiled at 16:28:53 on Sep  3 2023
Starting at 15:05:01 on Dec 31 2024

Settings
OK                      

Forcefield
OK                      

Topology
OK                      

Configuration
OK                      Starting from random configuration.

 F
Monte Carlo Simulation initialized.

#########################################################################################################################
###########################################   ENERGY STARTING CONFIGURATION   ###########################################
#########################################################################################################################
                                               Box 1               Box 2
-------------------------------------------------------------------------------------------------------------------------
Lennard Jones        
 Intermolecular                          0.1871294201E+008   0.7869681443E+005
 Tailcorrection                         -0.4465362755E+004  -0.6704640302E+002
Total Intermolecular                     0.1870847665E+008   0.7862976803E+005

Electrostatic        
 Real                                   -0.4153093994E+004   0.6793957668E+003
 Exclusion                               0.1043425830E+008   0.2037985693E+007
 Selfterm                               -0.1044989240E+008  -0.2038978394E+007
 Fourier                                 0.1396927410E+005   0.9850752928E+003
Total Intermolecular                    -0.5817922838E+004   0.6717694476E+003

Intramolecular       
 Lennard Jones                           0.0000000000E+000   0.0000000000E+000
 Electrostatic                           0.0000000000E+000   0.0000000000E+000
 Bending                                 0.9343375086E+007   0.3104111324E+007
 Torsion                                 0.0000000000E+000   0.0000000000E+000

Total                                    0.2804603381E+008   0.3183412862E+007

#########################################################################################################################

Simulation is running...



#########################################################################################################################
###############################################   RELATIVE ENERGY DRIFTS   ##############################################
#########################################################################################################################
                                               Box 1               Box 2                                                 
-------------------------------------------------------------------------------------------------------------------------

Lennard Jones        
 Intermolecular                          0.1731100662E-014   0.0000000000E+000
 Tailcorrection                          0.0000000000E+000   0.0000000000E+000

Electrostatic        
 Real                                    0.1185552696E-015   0.0000000000E+000
 Exclusion                               0.0000000000E+000   0.4175638563E-015
 Selfterm                                0.0000000000E+000   0.0000000000E+000
 Fourier                                 0.3917261873E-015   0.2772277278E-015

Intramolecular       
 Lennard Jones                           0.0000000000E+000   0.0000000000E+000
 Electrostatic                           0.0000000000E+000   0.0000000000E+000
 Bending                                 0.2088548727E-014   0.1118879871E-015
 Torsion                                 0.0000000000E+000   0.0000000000E+000

Total                                    0.1809026845E-014   0.6496127262E-013

#########################################################################################################################
############################################   TRIAL MOVE ACCEPTANCE RATES   ############################################
#########################################################################################################################
                                               Box 1               Box 2
-------------------------------------------------------------------------------------------------------------------------
Translation
 N2                                           0.50100             0.98194
-------------------------------------------------------------------------------------------------------------------------
Rotation
 N2                                           0.51024             0.99841
-------------------------------------------------------------------------------------------------------------------------
Bond Bending
 N2                      
  Bending 1                                   0.34105             0.34429
-------------------------------------------------------------------------------------------------------------------------
Lambda Move
 N2                                           0.70167             0.98394
-------------------------------------------------------------------------------------------------------------------------
GE Swap Fractional
 N2                                           0.33130             0.29111
-------------------------------------------------------------------------------------------------------------------------
GE Identity Change
 N2                                           0.91111             0.55037
-------------------------------------------------------------------------------------------------------------------------
Volume                                        0.49562             0.49562

#########################################################################################################################
######################################################   AVERAGES   #####################################################
#########################################################################################################################
                                                       Boltzmann                                    Biased
                                               Box 1               Box 2                  Box 1               Box 2      
-------------------------------------------------------------------------------------------------------------------------
Density
 N2                                      0.8631658834E+003   0.6233173015E+000      0.8646345848E+003   0.6079539592E+000
 Total                                   0.8631658834E+003   0.6233173015E+000      0.8646345848E+003   0.6079539592E+000

Number of molecules
 N2                                      0.3982501267E+003   0.1749873341E+001      0.3982928500E+003   0.1707150000E+001
 Total                                   0.3982501267E+003   0.1749873341E+001      0.3982928500E+003   0.1707150000E+001

Mole fractions
 N2                                           1.00000             1.00000                 1.00000             1.00000

Volume                                   0.2146408337E+005   0.1305359166E+006      0.2142995290E+005   0.1305700471E+006

#########################################################################################################################
#######################################   PROPERTIES FROM THE CFC GIBBS ENSEMBLE   ######################################
#########################################################################################################################
                                                       Boltzmann                                    Biased
                                               Box 1               Box 2                  Box 1               Box 2      
Chemical Potentials (as an indication)
=========================================================================================================================

Total N2                                -0.1012346541E+004  -0.1011765762E+004     -0.1012193533E+004  -0.1014011851E+004
 Ideal gas                              -0.3588276266E+003  -0.1009825209E+004     -0.3586746192E+003  -0.1012071298E+004
 Excess                                 -0.6535189143E+003  -0.1940552944E+001     -0.6535189143E+003  -0.1940552944E+001

-------------------------------------------------------------------------------------------------------------------------

#########################################################################################################################
##################################################   AVERAGE ENERGIES   #################################################
#########################################################################################################################
                                                       Boltzmann                                    Biased
                                               Box 1               Box 2                  Box 1               Box 2      
-------------------------------------------------------------------------------------------------------------------------
Lennard Jones        
 Intermolecular                         -0.3665716348E+006  -0.2171752388E+001     -0.3659429251E+006  -0.3002721618E+001
 Tailcorrection                         -0.9882624931E+004  -0.3045908576E-001     -0.9866815107E+004  -0.4037729364E-001
Total Intermolecular                    -0.3764542597E+006  -0.2202211474E+001     -0.3758097402E+006  -0.3043098912E+001

Electrostatic        
 Real                                   -0.7434068784E+004  -0.3518992261E-001     -0.7438985912E+004  -0.3901008411E-001
 Exclusion                               0.1388185226E+008   0.3571222932E+005      0.1387378278E+008   0.3684929063E+005
 Selfterm                               -0.1388435864E+008  -0.3571301297E+005     -0.1387628710E+008  -0.3685014432E+005
 Fourier                                 0.1144384064E+004   0.8025992517E+000      0.1143284416E+004   0.8282564955E+000
Total Intermolecular                    -0.8796063422E+004  -0.1624008124E-001     -0.8800018011E+004  -0.6444774946E-001

Intramolecular       
 Lennard Jones                           0.0000000000E+000   0.0000000000E+000      0.0000000000E+000   0.0000000000E+000
 Electrostatic                           0.0000000000E+000   0.0000000000E+000      0.0000000000E+000   0.0000000000E+000
 Bending                                 0.3606409749E+005   0.1582875781E+003      0.3601586839E+005   0.2043405328E+003
 Torsion                                 0.0000000000E+000   0.0000000000E+000      0.0000000000E+000   0.0000000000E+000

Total                                   -0.3491862257E+006   0.1560691266E+003     -0.3485938898E+006   0.2012329861E+003

#########################################################################################################################

No errors found in bookkeeping.

Total simulation time :  1 days and  20 hours

Simulation finished.

