 0.0000000   0.5296385428E-002   0.9848629404E+000   0.9737132659E+000   0.1041010606E+001
 0.0101010   0.5284302025E-002   0.9726868443E+000   0.9729593242E+000   0.1025578892E+001
 0.0202020   0.5080701603E-002   0.9634842688E+000   0.9681139384E+000   0.1007499749E+001
 0.0303030   0.4752205001E-002   0.9789008519E+000   0.9735717670E+000   0.1023322269E+001
 0.0404040   0.4286069113E-002   0.9667252412E+000   0.9731869621E+000   0.1016246729E+001
 0.0505051   0.3744641853E-002   0.9914060449E+000   0.9730029376E+000   0.1017345294E+001
 0.0606061   0.3202664204E-002   0.1002607471E+001   0.9778156855E+000   0.1031301997E+001
 0.0707071   0.2665376425E-002   0.9650035504E+000   0.9759564614E+000   0.1025728650E+001
 0.0808081   0.2201860789E-002   0.9437292384E+000   0.9725197342E+000   0.1014063446E+001
 0.0909091   0.1836762536E-002   0.9695594539E+000   0.9730548042E+000   0.9984035057E+000
 0.1010101   0.1549477905E-002   0.9379244175E+000   0.9699210491E+000   0.9872506577E+000
 0.1111111   0.1371042900E-002   0.9631881787E+000   0.9817400417E+000   0.9954822042E+000
 0.1212121   0.1263594658E-002   0.9797235939E+000   0.9736008913E+000   0.1040382341E+001
 0.1313131   0.1205431929E-002   0.9992873792E+000   0.9812998309E+000   0.9976629229E+000
 0.1414141   0.1213514142E-002   0.9435622630E+000   0.9803464823E+000   0.9974726485E+000
 0.1515152   0.1229286397E-002   0.9254235931E+000   0.9781357001E+000   0.1003714776E+001
 0.1616162   0.1298090261E-002   0.9465993702E+000   0.9801190536E+000   0.9990933144E+000
 0.1717172   0.1415139975E-002   0.9914526426E+000   0.9774705150E+000   0.1025215268E+001
 0.1818182   0.1561185003E-002   0.9846731515E+000   0.9797511274E+000   0.1004489209E+001
 0.1919192   0.1753919314E-002   0.9651579056E+000   0.9904281576E+000   0.1005371343E+001
 0.2020202   0.2001339965E-002   0.9486472454E+000   0.9790985092E+000   0.1000199573E+001
 0.2121212   0.2307266353E-002   0.9457431361E+000   0.9852921810E+000   0.1023376120E+001
 0.2222222   0.2683673792E-002   0.9290373477E+000   0.9858230948E+000   0.1021231302E+001
 0.2323232   0.3165964247E-002   0.9921836453E+000   0.9814825427E+000   0.1027514972E+001
 0.2424242   0.3777516687E-002   0.9809574642E+000   0.9856037714E+000   0.1021004101E+001
 0.2525253   0.4523361280E-002   0.9642536175E+000   0.9834716977E+000   0.1012942314E+001
 0.2626263   0.5433530266E-002   0.9542617921E+000   0.9900938641E+000   0.9805048925E+000
 0.2727273   0.6679661712E-002   0.9639405387E+000   0.9870380827E+000   0.1007030987E+001
 0.2828283   0.8153871728E-002   0.9657418340E+000   0.9850003563E+000   0.1003284992E+001
 0.2929293   0.1004102145E-001   0.1014446218E+001   0.9903236362E+000   0.9845709175E+000
 0.3030303   0.1247137766E-001   0.1017779901E+001   0.9937195578E+000   0.1022598098E+001
 0.3131313   0.1548203277E-001   0.9806395315E+000   0.9875232315E+000   0.9848596627E+000
 0.3232323   0.1931207212E-001   0.1023550259E+001   0.9923844140E+000   0.9801853751E+000
 0.3333333   0.2433553036E-001   0.9875699800E+000   0.9948593573E+000   0.1004557933E+001
 0.3434343   0.3077132150E-001   0.9927695152E+000   0.9896109549E+000   0.1009557379E+001
 0.3535354   0.3874736054E-001   0.1015827163E+001   0.9929112332E+000   0.9921690708E+000
 0.3636364   0.4937518987E-001   0.9836149937E+000   0.9968237156E+000   0.9989035529E+000
 0.3737374   0.6287358250E-001   0.1015114120E+001   0.9940671391E+000   0.9913859199E+000
 0.3838384   0.8046079970E-001   0.1028850271E+001   0.9970860836E+000   0.1000533450E+001
 0.3939394   0.1030275496E+000   0.9898799677E+000   0.1002239657E+001   0.1002469018E+001
 0.4040404   0.1322972030E+000   0.1025755887E+001   0.1002677554E+001   0.9979244861E+000
 0.4141414   0.1698880460E+000   0.9770553858E+000   0.1003285388E+001   0.9926957872E+000
 0.4242424   0.2201475192E+000   0.9966939217E+000   0.1004415924E+001   0.9775471773E+000
 0.4343434   0.2876410530E+000   0.9997485031E+000   0.1001992768E+001   0.9767137653E+000
 0.4444444   0.3718755977E+000   0.9934325627E+000   0.1001321107E+001   0.9812198318E+000
 0.4545455   0.4851239067E+000   0.1006641091E+001   0.1006156331E+001   0.9846109212E+000
 0.4646465   0.6307574459E+000   0.9968754589E+000   0.1007429093E+001   0.9930065858E+000
 0.4747475   0.8249106271E+000   0.1028312940E+001   0.1004937177E+001   0.9993923170E+000
 0.4848485   0.1077215756E+001   0.9662602342E+000   0.1007596003E+001   0.1004682047E+001
 0.4949495   0.1417283052E+001   0.1025416112E+001   0.1009167327E+001   0.9917131303E+000
 0.5050505   0.1622618504E+001   0.1006906116E+001   0.1006511082E+001   0.9687412176E+000
 0.5151515   0.1624976221E+001   0.1019657889E+001   0.1014755753E+001   0.9990569007E+000
 0.5252525   0.1619785619E+001   0.1001620666E+001   0.1014676485E+001   0.1029884940E+001
 0.5353535   0.1623528660E+001   0.1007667698E+001   0.1014864054E+001   0.9780215811E+000
 0.5454545   0.1629633414E+001   0.1002899678E+001   0.1009108565E+001   0.9737104048E+000
 0.5555556   0.1626149625E+001   0.9808244664E+000   0.1012496819E+001   0.1007697204E+001
 0.5656566   0.1631313706E+001   0.1003247705E+001   0.1009315541E+001   0.9869311403E+000
 0.5757576   0.1636567457E+001   0.1043918341E+001   0.1009554860E+001   0.9851427663E+000
 0.5858586   0.1628597320E+001   0.9778980289E+000   0.1011605222E+001   0.1015796943E+001
 0.5959596   0.1652546048E+001   0.1021080577E+001   0.1008686316E+001   0.9860269524E+000
 0.6060606   0.1655669752E+001   0.1013464753E+001   0.1012877374E+001   0.9967207827E+000
 0.6161616   0.1656651384E+001   0.1027924625E+001   0.1013005279E+001   0.9700531364E+000
 0.6262626   0.1670771912E+001   0.1018324027E+001   0.1007408381E+001   0.9492737383E+000
 0.6363636   0.1675950920E+001   0.1043358197E+001   0.1011136710E+001   0.9787211343E+000
 0.6464646   0.1678947520E+001   0.1016236350E+001   0.1008023561E+001   0.9873055347E+000
 0.6565657   0.1692730507E+001   0.1026582027E+001   0.1012824788E+001   0.9921049622E+000
 0.6666667   0.1703202333E+001   0.9972496973E+000   0.1008313742E+001   0.1018441808E+001
 0.6767677   0.1707701593E+001   0.1044906117E+001   0.1016076960E+001   0.1003194727E+001
 0.6868687   0.1719666651E+001   0.1005023274E+001   0.1010239295E+001   0.9875450444E+000
 0.6969697   0.1733177207E+001   0.1042626224E+001   0.1011163066E+001   0.9621621348E+000
 0.7070707   0.1743333440E+001   0.1008953506E+001   0.1013330373E+001   0.1002047439E+001
 0.7171717   0.1759998360E+001   0.1018797286E+001   0.1010960948E+001   0.9968772077E+000
 0.7272727   0.1778512399E+001   0.1032232493E+001   0.1012631752E+001   0.9841006166E+000
 0.7373737   0.1802777266E+001   0.1022477054E+001   0.1016044663E+001   0.1009452241E+001
 0.7474747   0.1806496348E+001   0.1046223961E+001   0.1016206341E+001   0.1014653758E+001
 0.7575758   0.1822048362E+001   0.1046712266E+001   0.1016625616E+001   0.1016262628E+001
 0.7676768   0.1838755200E+001   0.1020815552E+001   0.1015416509E+001   0.9946436635E+000
 0.7777778   0.1856838585E+001   0.1008845263E+001   0.1012555850E+001   0.9946544337E+000
 0.7878788   0.1870932877E+001   0.1015510686E+001   0.1014241471E+001   0.9965048648E+000
 0.7979798   0.1889157453E+001   0.1027206728E+001   0.1014241854E+001   0.1010321554E+001
 0.8080808   0.1907985154E+001   0.1022957108E+001   0.1012011498E+001   0.9943138887E+000
 0.8181818   0.1916443285E+001   0.1016116458E+001   0.1015707088E+001   0.1003417312E+001
 0.8282828   0.1940190407E+001   0.1038194096E+001   0.1012964929E+001   0.1009148110E+001
 0.8383838   0.1973049312E+001   0.1010878576E+001   0.1016742609E+001   0.9771563712E+000
 0.8484848   0.1988537220E+001   0.1014940834E+001   0.1011569534E+001   0.9976721546E+000
 0.8585859   0.2006983007E+001   0.9987714059E+000   0.1013247603E+001   0.9949452304E+000
 0.8686869   0.2031151542E+001   0.1030735054E+001   0.1011498240E+001   0.1018769018E+001
 0.8787879   0.2058592307E+001   0.1033397437E+001   0.1016950163E+001   0.1004056860E+001
 0.8888889   0.2081801913E+001   0.1016860080E+001   0.1013946118E+001   0.9912653957E+000
 0.8989899   0.2108018114E+001   0.1031376259E+001   0.1012120651E+001   0.1023185846E+001
 0.9090909   0.2131290492E+001   0.1015627181E+001   0.1012788178E+001   0.9914879809E+000
 0.9191919   0.2163038126E+001   0.9814433431E+000   0.1016643484E+001   0.9706890938E+000
 0.9292929   0.2179524855E+001   0.1019718077E+001   0.1013896486E+001   0.9994789918E+000
 0.9393939   0.2202561760E+001   0.1024675887E+001   0.1009705122E+001   0.9891457084E+000
 0.9494949   0.2236629764E+001   0.1030513714E+001   0.1011662272E+001   0.1021325157E+001
 0.9595960   0.2265346264E+001   0.1013411845E+001   0.1011482159E+001   0.9741914758E+000
 0.9696970   0.2279539683E+001   0.9925457488E+000   0.1009412995E+001   0.9917608271E+000
 0.9797980   0.2317264693E+001   0.1027064993E+001   0.1015282656E+001   0.1001823316E+001
 0.9898990   0.2345433078E+001   0.1027438746E+001   0.1016000524E+001   0.1029216672E+001
 1.0000000   0.2352606502E+001   0.1017182867E+001   0.1011328976E+001   0.9958776261E+000


