Simulation state at cycle:    1100000
##############################################################################                                           

Number-of-molecules: 401   

Box-size(s):    27.970147   50.673311

------------------------------------------------------------------------------                                           

Deltas
Translation per molecule type
Box 1    0.5969632355E+000
Box 2    0.2530037710E+002

Rotation per molecule type
Box 1    0.1120087118E+003
Box 2    0.1800000000E+003

Volume    Delta_Volume
Box 1   0.4268029142E+003
Box 2   0.1975939418E+004

------------------------------------------------------------------------------                                           

Molecules in box 1
##############################################################################                                           
Moleculetype  1
Number-of-molecules: 380   
Atomtype         X                  Y                   Z
  1       17.5147275359        5.1835918499       24.6294448399
  2       17.0921556856        5.5158047444       24.5129646956
  1       16.6593788963        5.8430016662       24.4227071524
  1        4.5970909880        9.1654956219        6.7583072364
  2        4.2705110906        9.5144126223        7.0305249754
  1        3.9550726032        9.8657315201        7.3126128902
  1        6.0781522901       20.4836451377       13.8294713169
  2        6.2415506877       20.7187645598       14.2990666970
  1        6.3658350830       20.9593689055       14.7777763552
  1        1.0908247288       16.2988083346        8.9452242239
  2        0.7116003934       16.6438772702        9.1442627456
  1        0.3227064157       16.9937082122        9.3142032798
  1       16.7911547411        7.9759030069       10.7435340931
  2       16.9880728380        8.4419817773       10.9591584028
  1       17.1771375529        8.9088555623       11.1800280509
  1       24.0013465334       22.1363514097       21.9190495824
  2       24.4956312661       22.0932921442       21.6817133173
  1       24.9863162375       22.0792493780       21.4336587699
  1        7.2780743594        5.3409279454       21.1475424476
  2        6.9362104862        5.0550134731       20.8252351304
  1        6.6007786966        4.7654834267       20.4994163683
  1       25.4098990108       10.8364248239       21.2903338428
  2       25.4806054832       10.3360676476       21.0732087846
  1       25.5687039566        9.8542543370       20.8230196728
  1        7.9530804390       12.4094768551       20.0975204368
  2        7.7193442279       12.6314127140       20.5431793402
  1        7.4652534785       12.8269057327       20.9900801902
  1        2.3462867701       19.1543813274       27.6608937782
  2        2.4762229343       19.3795323586       27.1762045929
  1        2.5949059004       19.6201400373       26.6960772165
  1       14.3016905505       25.3812828198        4.0757602665
  2       14.0045913877       25.2502743347        3.6318358762
  1       13.7006818404       25.1215726603        3.1918644396
  1        8.2202477155       12.2913016942        6.6121597640
  2        8.2656853887       12.7502075538        6.9118943632
  1        8.3108864721       13.2237329828        7.1879931301
  1       20.6254732643       24.2735864279       11.8342624705
  2       20.8036717632       23.7746234172       11.9818470529
  1       21.0078969469       23.2902044188       12.1434957687
  1       18.8898999001       25.7583347798        8.7443651440
  2       18.3636342329       25.7207207131        8.8997022920
  1       17.8374902712       25.6794953918        9.0545344703
  1       20.5829742327        4.3706695495       27.2258046875
  2       20.9036263058        4.2972074293       27.6665830500
  1       21.2209814060        4.2108333922       28.1074064444
  1        5.8723457754       -0.2189536318        6.1214314978
  2        5.7145115727        0.1658813437        5.7615837438
  1        5.5406063273        0.5565274875        5.4156754395
  1        3.5974987356       13.4210512353        4.4197867534
  2        3.5598709157       12.9386180919        4.6812105651
  1        3.5082128484       12.4448169815        4.9178366550
  1       25.7475145354       16.3139369496        3.4374157679
  2       25.4804091035       16.4178243279        2.9679883498
  1       25.2131574842       16.5490226488        2.5055344910
  1       11.2943121512       14.8464109508        1.9165597503
  2       10.9701618419       15.2168677419        1.6712266239
  1       10.6517815890       15.5887118069        1.4204956826
  1       13.4322784942        9.5142940839        8.4533049695
  2       12.9743302636        9.6469504441        8.1791048452
  1       12.5146962791        9.7559772758        7.8974139698
  1       20.7473013810       24.8035217346       18.2992270363
  2       20.7998508391       25.3395951600       18.4104198285
  1       20.8560999649       25.8769114633       18.5135082616
  1        0.6482638081        3.2556396822        5.7961893790
  2        0.1628488469        3.0893801166        5.9942552075
  1       -0.3329104481        2.9324154631        6.1733775620
  1        6.3526866985        0.8425298978       11.7594184244
  2        6.6677315765        0.5207306254       12.0751587499
  1        6.9891122006        0.2027030788       12.3883247968
  1        4.4742769154       18.5423207318       23.5002651912
  2        3.9292970595       18.5050708173       23.5643697970
  1        3.3882634794       18.4669737272       23.6556456202
  1       21.6070874623       24.7452793490       24.8720806890
  2       21.8363077038       24.3405740714       24.5785304902
  1       22.0930731265       23.9387339603       24.3044939200
  1       17.2792390896       11.3984978860       25.2887580591
  2       17.0653033661       11.9042611308       25.2581795314
  1       16.8490136919       12.4099056743       25.2516701922
  1       19.5806410969        6.7734737931       13.9958153342
  2       19.8454086370        6.9426871238       14.4472186997
  1       20.1056583061        7.1312716306       14.8935436851
  1        3.9098222148        1.0869168350       22.1309885998
  2        3.9206992554        1.2251689295       22.6632179192
  1        3.9526909488        1.3712862894       23.1924874608
  1       13.1309763420        8.2640771119       11.6342381240
  2       13.3467264998        7.8781663082       11.9613844536
  1       13.5673674224        7.4733071004       12.2612287534
  1        6.0507191200       17.5039004289       27.2236191682
  2        5.9850377276       18.0213149955       27.3981703669
  1        5.9121747877       18.5378440204       27.5724940813
  1        2.8174980931       22.4993396977        0.1120631570
  2        3.1582536182       22.8936820424        0.2877896129
  1        3.5437637227       23.2523430031        0.4466740790
  1        3.4213392461       22.7528332401       25.0150673734
  2        3.8275905858       23.0923033776       24.8660040487
  1        4.2392778099       23.4261059551       24.7190705001
  1       19.6110604701       16.3122316245       13.3381059099
  2       19.7565976253       15.8344579342       13.1077773678
  1       19.8821495101       15.3468574841       12.8864574088
  1        3.4997600714        6.5919558115       18.8378699183
  2        3.3837136064        6.3454350008       18.3601035446
  1        3.2568566108        6.0940880481       17.8876291950
  1       -0.0442508684       21.1925184122        2.1697914557
  2        0.3978227777       21.0127711520        2.4432175223
  1        0.8187830165       20.8313393579        2.7471500485
  1        8.7965229986        2.1242664901        4.1007927041
  2        8.5975380455        1.9026890357        3.6383984782
  1        8.4000149641        1.6835049551        3.1742401323
  1       25.6876265687        8.7219611459       13.3775857373
  2       25.9488367419        9.2057685077       13.3917166266
  1       26.2165117573        9.6824334907       13.4520538386
  1        8.7857806752       20.4010079240       17.8105605845
  2        8.7730910543       19.9697190917       17.4694903326
  1        8.7898745494       19.5353392104       17.1325445922
  1       11.6407920443       10.0403312733       14.0410114627
  2       11.4327578054        9.9154736056       14.5346027089
  1       11.2224906266        9.7770214544       15.0236003718
  1        6.8774091689       16.9208188869       17.7580486640
  2        6.5545522307       16.5350002567       17.9803263778
  1        6.2498027707       16.1300480284       18.1939649941
  1       24.6052104041       22.0753534534        9.8930291570
  2       24.1816626961       21.7545946818       10.0352302453
  1       23.7472534110       21.4576541802       10.1952768338
  1       22.4795439726       18.4890948073        6.4632744583
  2       22.4675093843       18.9100461266        6.8170472038
  1       22.4873279553       19.3089095235        7.1952207273
  1       11.0999677373       17.5023507262       22.6780479081
  2       11.4211728711       17.0640821040       22.5929134447
  1       11.7651238262       16.6418138912       22.5161847284
  1       10.4264206180       21.2858093871       20.7683321365
  2       10.5300679692       20.7743551364       20.5946318888
  1       10.6567131209       20.2626667040       20.4376734461
  1       25.1144921847        1.2769978740        9.1025804740
  2       25.6390860506        1.3952690298        8.9871975915
  1       26.1615769235        1.5041505477        8.8543514331
  1       18.0699339985       21.6275563691       27.5395544832
  2       18.3991614271       21.4891487605       27.9578278795
  1       18.7307002609       21.3404574603       28.3707115168
  1       17.4212911769       19.6612312264        7.1682550939
  2       17.3891115200       19.7897657622        6.6344542483
  1       17.3359929055       19.9260016405        6.1042484418
  1        0.9213513801       21.9513762411       18.9388673936
  2        0.5243545547       21.7874026582       19.2823876764
  1        0.1177084803       21.6088048073       19.6067975667
  1       17.1010492576       26.5324347614       12.3941111351
  2       17.5800911699       26.5559785595       12.6633035121
  1       18.0615452738       26.5655772222       12.9290285778
  1        4.5377991897       15.0634080788       24.9298770515
  2        4.1688768225       15.2095304204       25.3107241970
  1        3.7903909730       15.3478176860       25.6850570607
  1       10.9410286595       10.8832846429        3.5059167655
  2       10.6894185905       11.3671002491        3.4343987091
  1       10.4355038842       11.8523506430        3.3838084316
  1       16.3196895454        0.1420701236        2.8458011517
  2       16.5142295521        0.1821687749        3.3586815315
  1       16.7409401998        0.2226453857        3.8581451690
  1       17.0485699311       22.3634178962       14.2618258378
  2       17.4791319904       22.6571099881       14.0861520825
  1       17.8857870094       22.9582808813       13.8706809995
  1       13.4203591833       20.0890596041       17.9253979742
  2       13.4590755674       19.5487854095       17.8299787084
  1       13.4566606179       19.0016743241       17.7737325782
  1       18.8118710361       24.0882671383       25.4227263694
  2       18.3291082607       24.2679197368       25.2299439880
  1       17.8563782492       24.4550176769       25.0201328920
  1       19.8863500128       10.7871059216        8.2093392631
  2       19.9050175224       10.2460495221        8.3063418229
  1       19.8973635078        9.7010719380        8.3801039267
  1       10.1742628449        7.8285929586       25.5629748413
  2       10.2906840717        8.2903547319       25.2877982386
  1       10.4385603393        8.7340934984       24.9984394378
  1       23.5291214234       25.7773682681       27.7376207574
  2       23.8522788835       25.6259751794       27.3191122286
  1       24.1613332874       25.4640899621       26.8939316189
  1       17.5756124247       25.1434127179        4.7895880087
  2       17.9471863193       25.3012176334        4.4160502603
  1       18.2965313127       25.4633946531        4.0234223335
  1        6.5771689489        6.3252743166       17.6556099291
  2        6.8443299882        6.5203888337       17.2162293375
  1        7.1126264161        6.6900512438       16.7670838239
  1        4.5682843787       15.8421977021        6.9094474836
  2        4.9724628103       15.4710042873        6.9462611249
  1        5.3752414249       15.1008769465        7.0034899484
  1       14.0659486636       16.2836087077       20.1070265665
  2       14.5066720175       15.9581632220       20.0585687378
  1       14.9332439278       15.6135383598       20.0164960777
  1       12.2280910376        5.9690347603       23.2377360241
  2       11.9962684853        5.9937297196       22.7395910018
  1       11.7710235443        6.0226961959       22.2386661983
  1       22.8255930619       16.8048022003       13.4591978897
  2       22.8611734537       16.2940796945       13.6601868391
  1       22.8721142154       15.7721910031       13.8334279788
  1        3.4769311176       13.5251323708       17.0306493222
  2        3.7084784572       13.4143036584       16.5442309570
  1        3.9685837004       13.2870363779       16.0766325174
  1       22.3651135743       16.3016081229       23.4730513659
  2       21.9501615266       16.5035315104       23.1738161010
  1       21.5467931870       16.7134558895       22.8644203405
  1        6.8171274215        8.4090861310       20.3932688316
  2        6.6597732804        8.9087547638       20.5608126516
  1        6.5034451600        9.4055685180       20.7375543033
  1        6.4552506497       21.8768191049       21.7131070970
  2        6.0382732507       22.1348454678       21.9622099769
  1        5.6074537570       22.3789150627       22.2016355304
  1       16.1966001742        9.9032180727        0.1479600584
  2       15.8354318510        9.6102470107        0.4416016752
  1       15.4604253701        9.3386643842        0.7384400408
  1        7.7796939775        9.6694327310       -0.2708780711
  2        7.6915509330        9.2811006797        0.1085017143
  1        7.6216209816        8.8888766071        0.4876719634
  1        2.7690870761       26.5691981338       12.5548995234
  2        3.3051118635       26.4995632146       12.6565282855
  1        3.8424793553       26.4377909040       12.7561292861
  1       25.6161991266       23.3926762704        6.0482736560
  2       25.6825458800       22.9966145961        6.4240837922
  1       25.7407873320       22.5899340329        6.7897596757
  1       25.8602295093       25.0714538974       20.2682347413
  2       25.9931598805       24.9798603714       19.7424589884
  1       26.1236358816       24.9112828875       19.2125786803
  1        0.3533579236       20.2381988433       23.4898158298
  2        0.7629216651       20.6052918094       23.4892718735
  1        1.1806315582       20.9627998703       23.5036395673
  1        3.3351476978       13.0634045761        8.9213526147
  2        3.0222273304       12.6112836823        8.9342963806
  1        2.7205227856       12.1514243485        8.9362353854
  1       19.1279107642       12.1859542641        1.3408669933
  2       18.8706124178       12.5351704987        1.0027167567
  1       18.5750234454       12.8651937109        0.6768151799
  1        0.8274863746        0.1812168437       19.4393447241
  2        1.3412768492        0.0130506721       19.3381543737
  1        1.8565908947       -0.1527702518       19.2409182969
  1       12.8052624050       27.2866992193        0.2405102081
  2       13.3389866068       27.3659539959        0.3470801703
  1       13.8679913361       27.4333590939        0.4816556070
  1       21.5082902276       16.6042894206        3.6817734259
  2       21.0920163792       16.5866991252        4.0408091687
  1       20.6865209820       16.5993462359        4.4121762814
  1       10.4624833900        6.7627941437       18.6562600028
  2       10.9614966365        6.7298203798       18.4273527931
  1       11.4433101255        6.7095799518       18.1628795696
  1        4.9134505040       26.2409514785       20.0380430031
  2        5.0319405583       26.5140162062       19.5755543421
  1        5.1551310904       26.7907405938       19.1164816844
  1        6.0086437567        3.1027768272       15.0954896142
  2        6.5268909290        3.2805868289       15.1434841102
  1        7.0461982135        3.4546633960       15.1936567333
  1       17.9972344440        6.2395619695        1.1083387075
  2       18.0808496481        6.4886916114        0.6251793971
  1       18.1590611779        6.7325235558        0.1384259292
  1       15.5652252675       22.2834718592        3.8556184376
  2       15.8071406330       21.9598203578        3.4824875470
  1       16.0476823409       21.6336828487        3.1106354112
  1       27.8044161609       16.9543970778       22.0977386256
  2       27.3932037377       17.1504993489       21.7896018990
  1       26.9769647808       17.3526648031       21.4923238156
  1       26.8485458927        3.1988342403       12.3453311702
  2       26.8905006285        2.7597611618       12.0167666684
  1       26.9239895470        2.3309908918       11.6739335503
  1       20.1891099792       20.8897755197       15.7356581386
  2       20.3511610005       21.4119727139       15.7952362964
  1       20.5096333484       21.9345501899       15.8608053094
  1       10.4868025405       17.1639256164       18.8612890447
  2       10.2154399539       16.7278775825       18.6645037334
  1        9.9576709830       16.2847096697       18.4653621816
  1       26.2745816656       12.5009767843        1.8640051590
  2       25.9732970269       12.8965025537        1.6288734252
  1       25.6770260584       13.2911343959        1.3859964578
  1       22.3550562422       19.2835835167        0.6771021649
  2       21.9248418505       19.1986233869        1.0090620322
  1       21.4755727216       19.1266990189        1.3180671035
  1       24.0501671880       18.2546695882       20.3620777098
  2       24.0112628475       18.8007415661       20.3092397760
  1       23.9521091155       19.3457705803       20.2651465955
  1       18.8771345112       15.5428297641       26.3810092035
  2       19.0043915122       15.9809716437       26.6881530607
  1       19.1403957137       16.4170973920       26.9944163263
  1       13.8341566777       11.2158309744       20.6988143005
  2       13.8312007849       11.0238856576       21.2142250669
  1       13.8497190774       10.8316478704       21.7292024499
  1       22.9441866918       25.9999525318       21.9685313546
  2       23.1504200877       26.3599410109       22.3296076365
  1       23.3326285765       26.7217343361       22.7016367422
  1       26.8080294305        0.9262528419       16.6351177224
  2       26.5751751151        0.9632814812       16.1382195964
  1       26.3400765787        0.9917576715       15.6418147376
  1        9.9395947013       25.5165250804       12.0513937280
  2       10.0363672089       26.0481964596       12.1536709315
  1       10.1272846551       26.5833199288       12.2424227746
  1        6.9029978563       15.2669934638        3.6911481934
  2        7.3408811797       15.0226135666        3.9170611434
  1        7.7664385489       14.7688633843        4.1558325183
  1       23.6598759990        4.7956789568       25.2624361024
  2       24.0607453990        4.6465722977       25.6082263978
  1       24.4432209551        4.4855671795       25.9691831817
  1        7.8137187310       21.0630643561        1.1109194493
  2        7.8212972233       21.4431777993        0.7134822383
  1        7.8374605907       21.8284619806        0.3213153807
  1       26.6799360883        9.7048654690        5.6315832589
  2       26.3020281109        9.8792009637        5.2720103234
  1       25.9412598246       10.0685108884        4.9025404396
  1       16.5747242631       24.2612309820        1.2139676994
  2       16.7100633238       24.6467778977        0.8458143150
  1       16.8218530615       25.0330891271        0.4706254459
  1        4.7624627203       12.8445628922        0.9496506255
  2        4.8032886121       13.3278351146        1.2090368347
  1        4.8832978123       13.8051273177        1.4703616894
  1       21.2085309899       27.9796688149        1.9238508559
  2       20.7758702212       27.9464546548        2.2617879487
  1       20.3422803346       27.8994534593        2.5968859894
  1        6.1741552558        6.3568884972        5.1264293974
  2        5.7685391406        6.1066604379        5.4009498619
  1        5.3663135443        5.8264398118        5.6503310347
  1       16.8380831872        2.0908629510       10.6241541164
  2       16.5421573051        1.6281905755       10.5947918050
  1       16.2223954152        1.1822075430       10.5580294950
  1        1.3507260276        7.4052206169        5.7599215799
  2        1.2310584021        6.8874032097        5.9015012119
  1        1.1401609625        6.3560540598        6.0106146180
  1        6.9667300068       26.7775215750       24.2808881584
  2        6.5010403971       26.6714013616       24.0081764283
  1        6.0405240801       26.5834017731       23.7206337477
  1       12.4943309367       23.6915128919       22.9211813500
  2       12.3296286466       23.3837291692       23.3462017444
  1       12.1447948257       23.0505339297       23.7428343074
  1        0.6815124662        7.3053541482       17.0244716521
  2        0.5438551332        7.7424119173       16.7202826235
  1        0.4452975655        8.1800521963       16.4020729582
  1       10.7552587238       13.0213089980       24.3058946874
  2       10.4420062240       13.4174046869       24.0879931577
  1       10.1391320159       13.8270890722       23.8808074501
  1        5.9900426732       25.6684473277       27.0378957304
  2        5.5392968252       25.8040296429       27.3224051614
  1        5.0673527556       25.9138672175       27.5826060480
  1       24.4020545722       13.5213287397        5.0436304512
  2       23.9262782669       13.6048558229        4.7806473079
  1       23.4489981360       13.6789094788        4.5175508775
  1       14.6030541997        7.3169642829        3.2784234305
  2       15.1308700093        7.4006180462        3.4084715714
  1       15.6596982183        7.4643846414        3.5454918099
  1       13.0126830190        6.0666368487       26.9345727089
  2       13.3803233981        6.0674370326       26.5255006964
  1       13.7505516930        6.0720089244       26.1187942833
  1       27.4268105557        1.6905730217        2.6093080363
  2       27.3109341109        2.2136292972        2.7337459010
  1       27.1884826712        2.7440299682        2.8123637879
  1       11.2933104581        0.5245754556       14.6616106379
  2       11.2341319549        0.0460850827       14.9262705477
  1       11.1668337626       -0.4303199198       15.1927461111
  1       11.9680865897       13.8142891621       19.0910555190
  2       11.8585948542       13.8436499163       19.6292464758
  1       11.7797821280       13.8689424680       20.1729824779
  1        3.2177020922       14.2657916658       12.0118477455
  2        2.7363834745       14.4805649575       12.1690254201
  1        2.2507347168       14.6768862339       12.3366656288
  1        9.0279365735        9.6142920286       17.4679364280
  2        8.5048340776        9.7789138442       17.4259431352
  1        7.9862868659        9.9517189861       17.3647289938
  1        0.5081885281       27.0776698374        6.6333894763
  2        0.0491525798       26.9674096018        6.3512039369
  1       -0.4217266893       26.8863202257        6.0788122594
  1       15.4818694791        7.4858208242       19.7539488660
  2       15.8071904399        7.0625815307       19.6215299366
  1       16.1411360676        6.6502702199       19.4766862286
  1        1.8233051498        7.4692668393       12.3992067277
  2        1.4916762565        7.8326661539       12.6450994182
  1        1.1854640290        8.2335676572       12.8642159520
  1       12.4486585639        3.3856668794        1.5565525371
  2       12.2655672683        3.6910693154        1.9757266412
  1       12.0641888800        3.9796981533        2.3983850584
  1       25.3456842016        4.4934244511       15.7629526336
  2       25.5244233692        5.0089755582       15.6939644762
  1       25.6959749842        5.5274281095       15.6285657414
  1       14.7326014047       10.7156542855        5.5304379766
  2       15.0746556693       10.9270905486        5.1552132616
  1       15.3941342803       11.1375315516        4.7600575956
  1       27.1624084720       26.7587525255       28.3203790043
  2       27.1842638759       26.9842271831       27.8191968816
  1       27.2192143286       27.2086178703       27.3182704555
  1        9.5283394903       24.0121442666       15.0416602984
  2        9.1194453688       23.6786419393       14.8864771966
  1        8.7154949925       23.3356239156       14.7392945621
  1        8.7272102662       16.9722461000       14.4515699527
  2        9.2267025602       16.7620972610       14.5456173539
  1        9.7184722210       16.5483054363       14.6679106712
  1       15.4844644992       15.1940604303        9.1580537522
  2       14.9927268607       15.0497584464        9.3577310728
  1       14.5016663983       14.9106078383        9.5626621088
  1        9.4688240881       24.5632494315        1.4987384157
  2        8.9926764494       24.7951170298        1.3503442007
  1        8.5094037274       24.9991564683        1.1850705408
  1       18.6901176706       12.4238036896       11.9396905982
  2       18.7608678367       12.6821675640       11.4593339366
  1       18.8568856086       12.9646040115       10.9972622542
  1       28.3608019321        2.8891603667       22.4300957646
  2       27.8862044457        3.1106920166       22.2622239264
  1       27.4211611812        3.3534463810       22.0969814390
  1        7.8282274274       22.0006776059        5.0158804846
  2        7.6423918378       22.1562409698        4.5221546766
  1        7.4616009984       22.3410037859        4.0366885366
  1        1.5174067571        2.8958665419       26.8789701059
  2        1.1252323232        2.7489506826       27.2355019328
  1        0.7356545290        2.6321641575       27.6057586665
  1       18.0482699877       10.6891963070       18.2922136188
  2       18.0378945434       10.1435747791       18.3606935311
  1       18.0460816853        9.6043662927       18.4688007833
  1       20.0772274586       19.2456586493       24.5920357080
  2       19.8915267703       19.6848697574       24.3179757567
  1       19.7176892880       20.1343755938       24.0529756968
  1       13.7761610177        0.3236109092       16.8013073542
  2       13.5809270796        0.0960322721       17.2623840001
  1       13.3960313869       -0.1259138062       17.7304155376
  1        3.6941089346       10.2906907140       11.5280407494
  2        4.0558081883       10.1941444801       11.9309706125
  1        4.4417054195       10.0993144138       12.3112212989
  1       18.4050296513        2.5576326714        7.2979620549
  2       17.9478469898        2.3164021517        7.1101008018
  1       17.5042553235        2.0363007381        6.9449656127
  1        3.7942693999        9.7711825145       23.1075156516
  2        3.9904705337        9.4778847294       23.5293942174
  1        4.1915916463        9.1967092250       23.9571682615
  1        9.8372414263        8.7013510552       11.4149523164
  2        9.7977527697        9.0985752919       11.0365959344
  1        9.7654249590        9.5025601115       10.6647745025
  1       23.1424759911       25.6575233675        7.9820295789
  2       23.5110420040       25.8888561156        7.6456603566
  1       23.8627266906       26.1214144800        7.2924826571
  1       25.3478251647       14.0974198278       22.6110056116
  2       24.8175836692       14.0371810446       22.7441042422
  1       24.2884774411       14.0087959689       22.8915521513
  1        0.1648321486       25.3292839531       16.3326116254
  2        0.5703178138       25.2640450989       15.9667902657
  1        0.9846156040       25.2110783387       15.6089469168
  1       10.3619986149       22.0143321373       11.8896043993
  2       10.8045326690       22.2897187685       11.7140315816
  1       11.2603651867       22.5546692767       11.5574495169
  1       19.7316811143        2.2251934011       12.5677968670
  2       20.0688430828        2.6514892242       12.4835728901
  1       20.3913547693        3.0915232846       12.4138861863
  1       24.2893626384        3.1805190695        5.0876241645
  2       23.8245316166        3.4243765550        4.9234119603
  1       23.3577487911        3.6601688792        4.7530717928
  1        4.0613269194        3.2997515527        4.6599583979
  2        3.7280563487        3.2618308049        4.2240768273
  1        3.4015363405        3.2253101309        3.7829975560
  1        0.7992072011       21.1786266906       10.5328242243
  2        0.8830751674       20.7682875386       10.1763302627
  1        0.9855659424       20.3653229554        9.8163091736
  1       23.8920112343       17.7212751624       26.1037750898
  2       23.7086828468       17.3499454541       26.4657211494
  1       23.5093977714       16.9793882564       26.8199425786
  1       20.1792189085       20.7216515973        4.6419883731
  2       19.9273302361       21.1994742995        4.5383661651
  1       19.6682836544       21.6714664693        4.4260351401
  1       24.0954265166        1.9182237716        1.2098976415
  2       23.9780199442        1.9083983192        0.6726647709
  1       23.8670283265        1.9137386540        0.1340068641
  1        5.8737020606        2.6042673812        9.0989580678
  2        6.0085332834        3.0707929885        9.3571719310
  1        6.1899114728        3.5192664668        9.6188463292
  1        2.9290783336        1.0335285722       15.4927054906
  2        2.4870181489        0.7224866238       15.3910408488
  1        2.0638069787        0.3918958329       15.2722888662
  1       19.5096320081       27.0459025803       27.2659211792
  2       19.3233178584       27.5553570923       27.1751294514
  1       19.1400218124       28.0643281002       27.0758768869
  1       12.6821483577       13.1615591265        7.2401994127
  2       12.4227367759       13.2405537593        6.7616960383
  1       12.1859057394       13.3194244526        6.2716037278
  1       21.6635350303       16.9061108541       16.5878262018
  2       22.0292940278       17.2779414153       16.7623609822
  1       22.3810302558       17.6607463718       16.9419215294
  1       11.4941108217        1.3811274090        8.3961833980
  2       11.8932144605        1.5197735983        8.0440562623
  1       12.2877362800        1.6587535567        7.6869328886
  1        0.8149064190       16.1090059292       25.5144472889
  2        0.7229506969       16.6436683160       25.4240024034
  1        0.6250938336       17.1759727373       25.3261451789
  1       13.8365166398       23.5146595160       19.0192985410
  2       13.9300196798       23.4774210348       19.5600114751
  1       14.0267719701       23.4589374564       20.1011189973
  1       14.1528793072       16.2477554584        4.1737359001
  2       13.9875612637       16.2581494993        4.6981993482
  1       13.8286615864       16.2636531322        5.2247167758
  1       10.6252466641       25.0903001459       17.9057560790
  2       10.5133065233       24.7987295475       18.3584767335
  1       10.3976614086       24.4687506468       18.7830237056
  1       14.5469027055       20.5189038529       12.2455020687
  2       14.4464462392       20.0892389967       12.5738260090
  1       14.3562049186       19.6455882903       12.8861248302
  1       22.6663157850        9.8160139177        3.3395546278
  2       22.9427064610       10.2195689795        3.0880561064
  1       23.2248284379       10.6238251008        2.8441623231
  1        9.5141316852        3.3310694711       27.2880780510
  2        9.9050546606        3.7072943832       27.1978891225
  1       10.2829767100        4.0974278268       27.1114552184
  1       23.3870380173       20.7303402974       24.7317967790
  2       23.4636125149       21.0813525711       25.1482421295
  1       23.5515858213       21.4547310590       25.5423857596
  1       27.4458623146        9.5334241163       23.6725285575
  2       27.9036646550        9.2919856735       23.8586051424
  1       28.3588292012        9.0259396121       24.0152727145
  1       23.8155448217        3.7624688489       21.9906034657
  2       23.9389347984        3.8789378639       21.4674305668
  1       24.0375185928        4.0139391154       20.9434497498
  1       17.7935673348        1.0203722283       23.2407246675
  2       17.6330493590        1.5167933062       23.4147938863
  1       17.4826675984        2.0215031972       23.5733916508
  1       16.6558060760        6.7848960208        7.2075510584
  2       16.6560020985        7.3348805885        7.2034356191
  1       16.6560698259        7.8848790813        7.2021502139
  1       18.6182221993       10.0741439788        5.0302426147
  2       18.5758410793        9.7089233891        4.6211976764
  1       18.5244632977        9.3484345597        4.2089985420
  1        3.4613978722        4.9421200169       22.1994520995
  2        3.8004877454        5.3550267083       22.3299362829
  1        4.1633173188        5.7568369990       22.4269063296
  1       14.5216327602       14.2978416201       23.3648270610
  2       14.1997542635       14.0337498844       23.7242012233
  1       13.8707609861       13.7848102089       24.0879215283
  1        7.5011564655       19.4380571051       11.1138993484
  2        8.0381249905       19.3502325135       11.0335772202
  1        8.5786105072       19.2628927687       10.9811637278
  1        5.1238221138        2.7776992017       18.3023328859
  2        4.6157782899        2.8098373938       18.0941055831
  1        4.1223905604        2.8416321297       17.8531540482
  1       26.2930248098       18.0116715354       17.2073942889
  2       25.9575948790       17.6264819068       17.0033949960
  1       25.6102182073       17.2530551730       16.7975262965
  1        7.3330299410       18.2183448033        7.3037551138
  2        7.0929978361       18.6686442429        7.0985357111
  1        6.8564518356       19.1218661863        6.8957159422
  1       17.9073164666       10.2882769422       14.4071565958
  2       17.7386904760       10.7195665145       14.7038965158
  1       17.5852212026       11.1547364738       15.0031861543
  1       26.9431238046       19.0411238095        6.0845159372
  2       26.9922125563       19.2479082574        6.5917934613
  1       27.0558557020       19.4196834917        7.1103904319
  1       24.9141943169        1.3245726254       25.1062111095
  2       25.3130098555        1.2538223012       24.7341350986
  1       25.7090714835        1.1911371958       24.3576968390
  1        6.5435477741       23.6861953522       18.5647275567
  2        6.3324863091       23.1911686712       18.4511421568
  1        6.1329032458       22.6922783555       18.3337749864
  1       10.9745986566       25.1280400230       26.0097172198
  2       11.0837656395       24.7774391446       26.4191822292
  1       11.1968948865       24.4307355110       26.8308840180
  1       19.8747785484        7.4686318762       24.8292629332
  2       20.3806851259        7.2927438986       24.7042751169
  1       20.8759011819        7.0903288341       24.5766459726
  1       12.5671521516        3.6218419697       13.6196115595
  2       12.9479150006        3.3185736044       13.3635882179
  1       13.3260264294        3.0157358161       13.1031635254
  1       13.8824173073       22.3836059739       27.4216090991
  2       13.9889560274       22.0075724617       27.0346358457
  1       14.0999428731       21.6179754198       26.6626196310
  1       23.7877987682       14.1078876794       11.1397719975
  2       24.2808826723       14.3513356093       11.1297037858
  1       24.7785768320       14.5850213251       11.1435424505
  1       11.0565095900       27.9277789427       23.8442133207
  2       10.6518233894       27.5637548711       23.7653745339
  1       10.2468628582       27.1990826705       23.6910700710
  1       26.4358676031       22.9427983268       26.2451023786
  2       26.9199807511       23.1956887842       26.3097620763
  1       27.4009476674       23.4537487223       26.3774074222
  1       18.8207913743        4.4117284182       21.0665092848
  2       19.3202541587        4.2548109037       21.2350732803
  1       19.8135448298        4.0933317059       21.4169765005
  1        3.8335254692       17.2495660799        2.2369266952
  2        3.6100755170       17.3508668091        2.7291748857
  1        3.4010486037       17.4337169415        3.2311147268
  1       20.7647412965        0.4897108318        5.6613322634
  2       20.8880777603        0.0228033156        5.9245536303
  1       21.0164092001       -0.4458571234        6.1822131603
  1       24.5637600426        7.3295815204       23.1293330651
  2       24.1392733506        7.2366917377       22.7921646553
  1       23.7198841777        7.1227029902       22.4550900551
  1       10.3742548248        4.4535391914        7.0341819655
  2       10.1092594110        4.6339413797        6.5872675653
  1        9.8527292814        4.8290298288        6.1415851800
  1       13.4091958521        2.5022385961       25.2559958417
  2       13.2723816230        2.3859635879       24.7361285613
  1       13.1432352486        2.2795989282       24.2121936683
  1        8.6783528737       18.4148973697        2.4430962690
  2        8.4179176667       18.6261437126        2.8790417766
  1        8.1562543054       18.8231292044        3.3208890357
  1       15.1841072079        3.6414637380        3.6262590784
  2       15.2784703526        3.5321391820        4.1569602546
  1       15.3518412586        3.3955800150        4.6846612145
  1       11.8754611736        2.4079497792       20.3397402652
  2       11.6211995944        2.5997078560       20.7881595883
  1       11.3763938661        2.7911946688       21.2419248964
  1       12.7186565596       22.7670703218        6.4349510366
  2       12.6885014502       22.2388852602        6.2845807933
  1       12.6690960523       21.7084621709        6.1404462177
  1       13.4010933308       16.2454157971       26.1553307159
  2       12.9322944465       16.3141017585       26.4346331414
  1       12.4704006202       16.3739516841       26.7271601976
  1        9.0383345847       23.3488589665        8.0804970147
  2        8.6135748339       23.0149908013        8.1835077049
  1        8.1939725600       22.6705538034        8.2718088103
  1       14.7038399258        4.0578636639       17.7609101110
  2       14.9578358506        3.8830210794       17.3054804888
  1       15.2387723892        3.7115181628       16.8648429848
  1       20.1145026223       24.5247485231        1.0497055132
  2       20.5943005979       24.2610529815        0.9971834805
  1       21.0666592154       23.9837577317        0.9473369168
  1       11.6937142378       17.4885547264       11.6750945460
  2       12.0964097990       17.1162087728       11.6339268910
  1       12.4888210279       16.7346658993       11.5797193071
  1       17.1500334344       18.7094381411        1.8380099602
  2       17.2986656307       18.4719122206        2.3112856804
  1       17.4564635185       18.2414202696        2.7850717989
  1       25.0848810168       13.9863049983       15.7609483324
  2       24.6292231407       13.6905686995       15.8470641936
  1       24.1650189411       13.4020897318       15.9086624504
  1       22.5323846656       11.1361543356       13.0551969300
  2       22.0747215210       11.4409853509       13.0662648191
  1       21.6273478069       11.7606057327       13.0521378781
  1        1.4415019808       14.6376345295        1.3712518286
  2        1.1498280793       14.2899283622        1.0605642744
  1        0.8710216139       13.9684732293        0.7120911027
  1       11.7167571380        6.3278650106        9.8819144500
  2       11.4299161227        6.5323783868        9.4595443387
  1       11.1200765192        6.7233943911        9.0472188541
  1        0.9432073508       22.0792952473        6.5285323259
  2        1.3191885671       22.2831643576        6.8743292473
  1        1.6908696314       22.4988302524        7.2176096098
  1       26.3664943487       11.2283644563       16.8952773564
  2       26.3645550383       11.2474312006       17.4449433444
  1       26.3453667067       11.2529397967       17.9945809179
  1        0.4558090029       14.0148524091       17.0523480225
  2        0.4814307891       14.4645337396       17.3679905814
  1        0.5080356536       14.9260615557       17.6659574507
  1       10.4426318021        2.6442863990       17.1523740521
  2       10.0933892652        3.0551519440       17.2606290949
  1        9.7653943486        3.4800774974       17.3804523305
  1       23.9310273041       19.6068072224        3.3935429733
  2       24.0745656502       20.0814766003        3.6314205150
  1       24.2242268538       20.5656169614        3.8452186299
  1        1.2176750813       11.8945350091       14.8089241427
  2        1.5235985056       11.4420381446       14.8734024040
  1        1.8310439008       10.9922308514       14.9485737211
  1        7.5559509438       27.7810749856       16.1480584197
  2        7.6896443940       27.3859482818       16.5065287105
  1        7.8386340081       27.0033249440       16.8724542156
  1        8.1345200866        5.0394987112        2.4222281734
  2        7.6950869216        5.2517265276        2.1685396883
  1        7.2383541184        5.4473492331        1.9326861266
  1        7.9267110592        1.3480986493       20.2626181658
  2        7.6623589665        1.1952182676       20.7200518331
  1        7.3892848697        1.0485828716       21.1743959728
  1       23.3425922945        5.1940275280       12.9740017469
  2       23.3511557424        5.1717783527       12.4245186794
  1       23.3671975543        5.1526495322       11.8750855647
  1       14.6306635602       12.8561056394       16.0373354137
  2       14.1284777916       12.6880347493       15.8888038354
  1       13.6223203196       12.5341296723       15.7384115493
  1       19.5472065906        6.2801217072       18.6352317795
  2       19.9912014975        6.0852422857       18.3756349118
  1       20.4266137475        5.8872961448       18.1040957859
  1       26.0894224183       22.4451293940       13.1197519757
  2       26.4497993011       22.7543301707       13.3972828425
  1       26.8070551734       23.0784251986       13.6615377452
  1       16.4360757293       18.7647779864       16.0136114963
  2       16.4587337478       18.4669256149       15.5517992195
  1       16.5116445093       18.1687607814       15.0926715876
  1        5.4014246717        5.8274519927       26.5995627151
  2        5.7027657749        5.4487505137       26.3382607264
  1        6.0294214947        5.0939028520       26.0739140284
  1       13.0442979289       15.8051983236       16.1129573562
  2       12.8912697223       16.0459058338       15.6426997007
  1       12.7783927156       16.3205968762       15.1797703199
  1        2.2036705032        9.9478790366       19.3933128434
  2        2.4825013927       10.3463328211       19.6501939768
  1        2.7644372923       10.7508655363       19.8938441971
  1        9.0277100464       26.2676336571        4.6353132351
  2        8.8667970666       25.8026697841        4.8811091053
  1        8.7070678743       25.3487319654        5.1474304165
  1        7.7866458901        8.2676431161        8.2349192183
  2        7.4357257678        7.8512111536        8.3119872945
  1        7.0815140685        7.4402851538        8.4023968835
  1        2.2822193852       27.4897753562       25.7875841874
  2        2.3110638639       26.9909683368       26.0174962433
  1        2.3720163294       26.4918419091       26.2403361074
  1       14.8676073397       18.8578297004       22.4122599898
  2       15.2243473857       18.7148928885       22.0188065524
  1       15.5960692250       18.5956661871       21.6313689873
  1       16.4737695125       12.1924823513        7.9027445207
  2       16.6694095432       11.7541571494        8.1712514959
  1       16.8438533068       11.3028839268        8.4328272037
  1       27.0366447305       19.8718443033       27.3613585292
  2       26.7323026743       19.7148647959       26.9309710909
  1       26.4371845152       19.5437047491       26.4995669769
  1       24.0957240218        6.4597993501       18.4933003107
  2       24.6294071302        6.4455230533       18.6255066918
  1       25.1625302175        6.4463291115       18.7607069986
  1       11.4203741314       19.3101272885        8.8881411014
  2       11.1321447540       19.7783330958        8.9025337393
  1       10.8357257830       20.2416097499        8.9057794041
  1        3.2735670943       16.8071997200       16.0337763380
  2        3.5943017693       16.7275149833       15.5941405672
  1        3.9118104103       16.6465834818       15.1523958967
  1        3.4850083574       21.1761235040       16.8793194914
  2        3.2642799012       20.6755480611       16.8227228969
  1        3.0342790240       20.1784589875       16.7727024169
  1       16.0779256534       21.6199301963       23.9470998643
  2       15.9799870504       21.8732330647       23.4688262115
  1       15.8900929181       22.1446782795       22.9990001380
  1       15.1942763750       27.2589896001        6.9044101486
  2       14.8742703608       27.2327807098        7.3509627714
  1       14.5299064405       27.2208952704        7.7796494002
  1        2.8640089108        2.4401815069       11.9206678802
  2        3.0369870933        2.7858664946       12.3119228325
  1        3.2124863038        3.1119047416       12.7186156989
  1        5.4974894759       25.3268956504        3.0700296079
  2        5.2345046551       25.0631354588        3.4747141089
  1        4.9888524517       24.7886433006        3.8831367442
  1       20.8623211761       19.4201235897       11.5485244153
  2       21.1031778158       18.9795740082       11.3240157399
  1       21.3525889316       18.5372478532       11.1127299929
  1        8.0085525229       24.8290593392       21.4280652975
  2        8.2690684851       25.2734983933       21.2354377797
  1        8.5125883974       25.7243533864       21.0356182949
  1       21.6289868114        3.7920480574        7.9780700253
  2       21.9484417432        3.9186598693        8.4075091894
  1       22.2690652285        4.0524512841        8.8338898139
  1       21.2306201425       12.5164541890       17.1167272073
  2       21.1656954029       12.0828428943       16.7846639253
  1       21.0918419785       11.6403410243       16.4664850986
  1       12.0690889834       -0.0491574974        3.5756246227
  2       11.9879637121        0.1001644143        4.0987131975
  1       11.9031019538        0.2368470942        4.6246564701
  1       10.8384400456       17.4993942709        4.7701655493
  2       10.8759516169       17.9032881525        5.1415987391
  1       10.8869403838       18.3050953735        5.5170054560
  1       17.3546043291       18.3133019322       10.9678442426
  2       16.9062299756       18.1964730307       10.6715142796
  1       16.4750196972       18.0844933086       10.3489956963
  1        6.3249916068       11.1405050738        3.8676238355
  2        6.1333760479       10.6318633634        3.7835578616
  1        5.9349436632       10.1244972085        3.7080318885
  1        4.2553789792       25.3830863122       16.0339411869
  2        4.7909909018       25.2694435246       15.9819297925
  1        5.3286086183       25.1763839515       15.9125964971
  1       18.6167893537       17.9904323137       18.1506381872
  2       18.8618054252       18.3278731212       18.5092477605
  1       19.0922323659       18.6743064118       18.8689523605
  1       23.3653682012        9.5552121342       16.7883032813
  2       23.2126714351        9.0888841658       16.5398643080
  1       23.0545756497        8.6261891672       16.2880328962
  1       12.7706325351        5.7166973160        5.1875842219
  2       13.0555411584        5.9164445666        5.6135280119
  1       13.3401762242        6.1213151768        6.0372152921
  1       11.0674512617       22.0546044956        3.4149888341
  2       11.5431841687       22.1492089222        3.1557048128
  1       12.0199036558       22.2282685984        2.8930489596
  1       23.5788206014        8.1511966373       27.0368165869
  2       23.2151103093        7.7399033586       27.0692613450
  1       22.8861053859        7.3025462099       27.1238001745
  1       14.4897087480        9.5346390025       24.5613102542
  2       14.0235848899        9.2430880561       24.5462571947
  1       13.5472486452        8.9681286680       24.5452008210
  1        3.3414450553        6.5885516422        2.2328173581
  2        2.8040429487        6.5997552075        2.1163121823
  1        2.2652614660        6.6313287769        2.0103989037
  1       25.6905016773       13.5221319981       26.3272597194
  2       25.8328613735       14.0272952381       26.4917097661
  1       25.9554832133       14.5426884182       26.6394722555
  1        9.8195874651       13.5190355709       16.6598535836
  2        9.3190891421       13.6973722349       16.5177358054
  1        8.8131301104       13.8655321083       16.3827257532
  1        4.7134634133       20.6921540828        2.7343709517
  2        4.4231356826       21.0025355108        3.0834743433
  1        4.1418184711       21.3368691082        3.4175127709
  1        6.6903235077       11.9284175331       10.4737750749
  2        6.4644844384       11.8584723384        9.9771822995
  1        6.2602968643       11.7887257759        9.4712743528
  1       15.1189550564       11.8590234391       11.9177726108
  2       14.5797414847       11.8466157602       12.0254516410
  1       14.0352528628       11.8520277304       12.1029297037
  1       21.4023592392       22.7224241416        8.4380286820
  2       21.0657072666       22.3966246068        8.1498965727
  1       20.7453325082       22.0616549707        7.8538301002
  1       20.1146150095       15.1963255087       19.4223524804
  2       20.3376149008       14.7575989629       19.6678928364
  1       20.5840203410       14.3438712127       19.9336252334
  1        6.3411038336       15.0130114626       13.0609559128
  2        6.3903163088       14.5421460289       13.3408913976
  1        6.4566637863       14.0549316911       13.5873060892
  1       10.6911902245       20.2696903699       27.2437744484
  2       10.7945481971       19.8449255476       26.9100200848
  1       10.9142202803       19.4147042120       26.5889465826
  1       22.1945468685       25.1517609593        3.9006176547
  2       22.2881884636       24.6942015565        4.1910839084
  1       22.3828989774       24.2438110641        4.4922123227
  1       24.9619088827       18.1381213443        9.4571478937
  2       24.5307377838       17.8112102740        9.5557411773
  1       24.1063703277       17.4786788453        9.6645304697
  1       23.5615876743        1.4041085812       17.5261404769
  2       23.6695957357        1.9420887624       17.4885694331
  1       23.7531729429        2.4837230922       17.4422325991
  1        1.9026260053       12.8094538602       24.6279752058
  2        1.4019826216       12.7206747484       24.8376761158
  1        0.9185925152       12.6330929528       25.0849885358
  1       21.6261118702       13.1119484402       26.7711398403
  2       22.0532806058       13.4583965544       26.7703812201
  1       22.4713387536       13.8155375340       26.7570506276
  1       16.9965404352       15.4229173999       17.1592896180
  2       17.3718313781       15.1859164238       16.8345016171
  1       17.7549950015       14.9669587250       16.5062590805
  1        5.2719572364        1.7531814351        0.7712993113
  2        5.3726136506        1.6864247156        0.2347251536
  1        5.4468612186        1.6073323289       -0.3044702581
  1       13.9241621972       26.1309106844       24.4561752854
  2       14.4455845321       26.2128057351       24.6108101758
  1       14.9698612521       26.2827309195       24.7616226037
  1        9.1612126008        8.1107700358        4.8454326268
  2        9.4982756353        8.3005118715        5.2364397196
  1        9.8233479815        8.4755368024        5.6441090001
  1       27.2573353752       16.2681721059       14.1772859907
  2       26.8951170429       16.4524354860       13.8066852803
  1       26.5390601704       16.6411570138       13.4323756660
  1       10.2011328973        6.6671639133       15.0019686201
  2       10.2881531557        6.3261563626       14.5793087983
  1       10.3759644700        5.9754890284       14.1647951160
  1        0.9470176247        5.4015404027       24.5737740810
  2        0.5520470051        5.3131395179       24.9461764081
  1        0.1491611049        5.2136403003       25.3071235734
  1        7.3538496913       17.5267697117       21.3940525349
  2        7.5472709405       17.1161842576       21.7047095888
  1        7.7446875509       16.7091386343       22.0175043163
  1        8.6917027790       19.9295701432       24.0944063062
  2        8.3061919338       19.7235419619       24.4282232872
  1        7.9445337339       19.4913455239       24.7714260837
  1       10.0241703508       14.0591079370       11.9731480475
  2        9.5587754420       13.7704687890       11.9222066983
  1        9.0804077500       13.5030378535       11.8758920677
  1        5.3954705213       16.9762931086       10.0166061503
  2        5.0209917352       17.2953692207       10.2624843182
  1        4.6539386198       17.6353850059       10.4908727488
  1       13.5758604095       26.5199393569       20.9873792270
  2       13.6616331614       27.0254410466       21.1864045438
  1       13.7574702391       27.5281031938       21.3880131233
  1        2.3083115126       17.0985118534       19.2992957691
  2        1.9681238654       17.5014536842       19.1430579834
  1        1.6350624884       17.9068457007       18.9780506167
  1        1.7513307778       11.2259232274        2.3224667466
  2        1.4307545459       10.7836980453        2.3870249980
  1        1.1260146974       10.3327775708        2.4664249316
  1        0.8051967914        7.5527398371       21.0699768320
  2        0.8299141932        7.0794170320       21.3490011538
  1        0.8802422721        6.6088033857       21.6291616068
  1       26.8547822416       27.4089639696       12.3689629346
  2       27.0057994561       27.1244793780       12.8147906121
  1       27.1545155696       26.8284342392       13.2538131541
  1       14.7144761296        5.3841197615        9.8753774420
  2       14.4946895127        4.9078214348        9.7100482341
  1       14.2837845644        4.4300744783        9.5374882523
  1       16.1013347082       17.9789264462       26.3126199988
  2       16.1258847899       18.4221622618       26.6373341889
  1       16.1252748791       18.8585555476       26.9720886169
  1        6.0291700537       12.2629487869       24.6283877354
  2        6.5174777615       12.0714126372       24.7938249920
  1        6.9990308204       11.8700765021       24.9672332130
  1        9.2518224772       16.5509065570       25.8496395470
  2        9.0869876168       16.1839534898       26.2247060948
  1        8.9289455157       15.8066158932       26.5923187054
  1        0.9171295074        4.7601777984       14.3885537999
  2        0.9391473382        4.3256717507       14.7250351658
  1        0.9487835053        3.8793555808       15.0462967722
  1       25.0669646580       27.3839076778        3.7064879000
  2       24.6858550065       27.6487561503        4.0016331525
  1       24.3047705830       27.9126631893        4.2976529760
  1        1.2309298289       24.6186822303        2.5113647817
  2        1.2639942964       24.6890699047        3.0558391303
  1        1.2947422449       24.7405726948        3.6025584598
  1       24.3696474843       15.2910710303       19.1155578571
  2       24.8477416804       15.0191777800       19.1155626950
  1       25.3022406094       14.7100400473       19.0964685929
  1        6.7803061145       23.8768659970       11.7764902121
  2        6.6922300990       24.2869073015       12.1323114370
  1        6.5795944607       24.7102180088       12.4649091775
  1        7.5698768632        3.3597984559       23.9466789937
  2        8.0443005972        3.5385811915       24.1598898144
  1        8.5291153391        3.7251997602       24.3405225214
  1       11.1309336831       20.2950861184       15.0262979026
  2       11.6337503224       20.5040888464       14.9488815806
  1       12.1385054751       20.7120256634       14.8819150596
  1       23.6706099313       21.3626869316       17.5158170078
  2       23.9481958226       21.6234558959       17.9126111865
  1       24.2015530722       21.9095384927       18.3081700959
  1        4.3121322351       21.2669737037        9.7742025404
  2        4.4560807173       21.6289327221       10.1624865904
  1        4.5992071622       22.0077762089       10.5346323041
  1       21.3437941286       13.9018306715        7.9269032626
  2       21.6746474810       14.3277211545        7.8189525532
  1       22.0080382378       14.7470994389        7.6945642223
  1       20.8192180818       13.0217583528       23.3141895474
  2       20.4149813112       13.2582207300       23.6025958189
  1       20.0233686466       13.4792624871       23.9192660916
  1       10.0471786837        9.9972923025       21.0412781035
  2       10.4407002805        9.6135109276       21.0600559947
  1       10.8330303898        9.2283411602       21.0749333126
  1        8.0690775347       27.0194536206        8.3960943383
  2        7.8853830725       26.6790599899        8.7871039554
  1        7.6894234092       26.3273328489        9.1617875922
  1       15.8788175416        2.1673860782       27.7632162466
  2       16.3314030115        2.2339640258       27.4578741936
  1       16.7749971342        2.3267836415       27.1462513892
  1        8.1422811296       23.7352076408       25.2979654924
  2        7.8038199263       23.3038975313       25.2541978870
  1        7.4572473236       22.8787255867       25.2139953055
  1       28.4414548144        3.9004982265       18.8070452126
  2       27.9059467175        3.9906201680       18.7198149784
  1       27.3733796251        4.1037411175       18.6418666500
  1       12.9775381632       19.1762820788        2.4329004328
  2       13.2444218774       19.0414172746        1.9712895927
  1       13.4889904414       18.8998424412        1.4994392107
  1       20.9837439900        1.0162664874       20.1780281298
  2       20.5207074646        0.8518267413       20.4251247628
  1       20.0549042929        0.6878775643       20.6672984021
  1       10.8905972098        7.1171450871        1.7337769631
  2       10.8237811684        7.6257752982        1.5354567046
  1       10.7775929731        8.1334950948        1.3290899007
  1        0.4173182680       16.3068813025        5.6058483702
  2        0.3789972334       15.7637593825        5.5280661212
  1        0.3590856332       15.2245276811        5.4216109689
  1       19.0269404576       25.0102434882       21.8874740194
  2       18.8093579124       25.4178657105       21.5891420568
  1       18.5666773076       25.8139022874       21.2945895948
  1       16.2976817879       14.8979993504        0.9399040453
  2       15.9900616835       14.7345647260        0.5142762796
  1       15.6757268882       14.5910193146        0.0863880345
  1       13.0372705439       12.1599706448       27.1491652750
  2       12.8021260864       12.6550822124       27.1946803248
  1       12.5877111804       13.1577893557       27.2564199001
  1       23.5418988163       10.8900493164       24.3903631779
  2       23.2130308834       10.5208217522       24.1494962261
  1       22.8754035939       10.1494290712       23.9246067223
  1        3.4670907598        9.4110300144       27.3816199531
  2        3.9916599408        9.5686143467       27.3316764596
  1        4.5255667092        9.6944244059       27.2914845376
  1       17.0099133242        0.4737449459       19.4776092308
  2       16.8678208536        0.9804078742       19.3176017095
  1       16.7416365680        1.4936071724       19.1652730997
  1       17.6175849823        8.7530008340       22.0407057463
  2       18.1161323132        8.5278781749       21.9835187972
  1       18.6148611200        8.2969100950       21.9629439968
  1       26.9968718009       12.2866621762       11.6175915689
  2       27.4822701677       12.0448926169       11.7094387551
  1       27.9692135848       11.8085042504       11.8069407951
  1        8.0243172559        9.9357086766       14.0611271922
  2        7.8581879432       10.4229795381       13.8675602556
  1        7.6986505633       10.9178029786       13.6881233971
  1        4.6862277073        9.5389018239       15.9378200288
  2        4.4126477788        9.3829586743       16.3887476913
  1        4.1308997015        9.2530188244       16.8428772492
  1       18.2227037544       16.4494296375       22.7828395045
  2       17.7797537054       16.2101522469       23.0042928502
  1       17.3191285356       16.0016588838       23.2207529379
  1        7.3325405402        7.4662675149       23.7514469838
  2        7.3528679169        8.0126354238       23.6917066631
  1        7.3751011186        8.5613356521       23.6611494506
  1        2.3760912681        0.1887653497        2.7829779654
  2        2.3166303078        0.1542660641        3.3286648660
  1        2.2711813818        0.1479507146        3.8767474423
  1       27.1896586348        7.4383146594        0.8533910938
  2       27.1771517092        6.9584130196        0.5849921502
  1       27.1519989436        6.4812876853        0.3125609612
  1        9.2153543491        2.9207206246       11.3326436663
  2        9.3729773276        3.3348108218       11.6585029998
  1        9.5429999434        3.7338203412       11.9967096119
  1       16.9972274439        1.1679334693       15.4419477100
  2       16.8729492749        1.4649271235       14.9960220368
  1       16.7508964361        1.7889102217       14.5686602982
  1       19.3681137836       17.0781604279        8.2705007339
  2       19.3113214222       16.7143001926        8.6790106565
  1       19.2065542970       16.3472529217        9.0749906426
  1       16.9820338134       13.4239506755       21.1153110843
  2       17.0443798204       12.9481343198       21.3840335638
  1       17.1143385014       12.4748937768       21.6554173703
  1       20.7686889129       10.4635910101       20.2580266617
  2       21.2707700513       10.6874995454       20.2747448648
  1       21.7727925278       10.9120636525       20.2814077337
  1       10.2505282956       15.9134752585        8.2544164828
  2       10.0081747721       16.1709602107        8.6756839383
  1        9.7765182609       16.4281377894        9.1031122397
  1        4.6923356610       19.3712968112       20.1066902016
  2        5.0308133275       19.3479196893       19.6738087173
  1        5.3582653053       19.3317421591       19.2322054013
  1        8.8342619550       12.5826945549        0.6798599758
  2        8.5633942322       13.0321165987        0.8446340736
  1        8.2812936541       13.4794192997        0.9957616900
  1       14.4914063192       23.6592787489       10.4845877946
  2       14.5147703312       23.9154479453        9.9984484465
  1       14.5092211897       24.1599162897        9.5057980283
  1        0.6964525419       24.9993042176       10.1500658390
  2        0.5571099335       24.8841577022       10.6695125807
  1        0.4640831564       24.7696681010       11.1993598690
  1        0.4105680059        9.5713339120        8.6666272396
  2        0.2134503620        9.2868592764        9.0940834551
  1        0.0327027611        8.9941849530        9.5232361601
  1       15.3187630265       15.2577690298       13.4065998484
  2       15.7870145477       15.2867853603       13.1195483454
  1       16.2494439348       15.3158391606       12.8232124926
  1       23.6352356387        7.7357849507        6.9534358576
  2       23.7424349101        7.6875703469        7.4907287648
  1       23.8369171035        7.6224369698        8.0286235104
  1       25.9438395148        6.4474544018        4.6930769868
  2       25.8302818291        6.1411944951        4.2505732901
  1       25.7004648032        5.8518134068        3.8012336363
  1       21.0693906705       -0.3094652470       10.4308257987
  2       21.2286948308        0.0476915405       10.0440943497
  1       21.4176003799        0.3804707612        9.6490339964
  1       19.1373867168        3.7096914963       15.9394445540
  2       18.7675637889        4.0760541113       15.7619355787
  1       18.4154810041        4.4506741414       15.5664936571
  1       26.0005143861       23.8687978499        1.5363750262
  2       25.7253942345       23.8620710747        2.0125720995
  1       25.4477233624       23.8320916005        2.4863865326
  1        2.1310483861       19.2671430274       12.8462736605
  2        1.8315614619       18.8259143597       12.9809022054
  1        1.4860772684       18.4150099941       13.1004775933
  1       26.1024412649       10.1929179871       26.5258641620
  2       26.2772986042       10.3661599525       27.0177098007
  1       26.4510376092       10.5371171221       27.5107497619
  1        9.2614032743       27.7431816297       27.3896397715
  2        8.8305958203       27.8992723128       27.6938446961
  1        8.4134841003       28.0801223015       28.0033783674
  1       15.4577040409        8.4944231778       15.8505230599
  2       15.0900788398        8.0853373973       15.8497911589
  1       14.7254377887        7.6739409935       15.8327646561
  1        2.8657994713       23.3402801293       13.3944789779
  2        3.2442981177       23.1032756260       13.7155204707
  1        3.6325438143       22.8518347084       14.0130817972
  1        4.0394052037        7.2317526056       10.0372399054
  2        3.5370767937        7.1603899818        9.8249345959
  1        3.0323463967        7.1049417865        9.6135753687
  1        1.5320341765       24.8087110505       20.4947003009
  2        1.2084194976       24.6735236858       20.9183722447
  1        0.8870104028       24.5441887853       21.3455357688
  1        4.1456295333       24.5825982438        7.6272343663
  2        4.6082431529       24.2974408449        7.7119332262
  1        5.0815361972       24.0359384273        7.8124826109
  1       25.9235222545       13.4805544881        7.9972412528
  2       25.8043294489       14.0065833879        8.1048826560
  1       25.6770648296       14.5340913755        8.1945433428
  1       21.1104900563       27.3484484738       14.7541602090
  2       21.0790525744       26.8222968039       14.5970739108
  1       21.0499715717       26.2975773723       14.4348277633
  1       20.6764910867       22.2679766646       21.1616820953
  2       20.8221374209       21.8656945082       20.8160577154
  1       20.9603678380       21.4483558961       20.4855719614
  1       23.3365673485       11.2096892265        8.7726421062
  2       23.2090833040       11.0625794028        8.2582429245
  1       23.0891610603       10.8928447795        7.7490191897
  1       25.4752087355        0.0845630313       19.9148178440
  2       25.4071882359        0.5700606253       20.1641475410
  1       25.3124591830        1.0564031432       20.4028887416
  1        4.0830571046       27.4633358267        9.6874796608
  2        3.9990312370       27.8097235815        9.2686059603
  1        3.9375163825       28.1491623922        8.8402402107
  1       23.7738852573       26.3594994298       12.0757075887
  2       23.9096827882       25.8268206635       12.0580338069
  1       24.0418986307       25.2930987779       12.0453879065
  1       18.7388452181        3.6329164237        3.7840696380
  2       18.8920114730        3.4133176842        3.3036359881
  1       19.0627751821        3.1980932191        2.8271717353
  1       26.7663825825       26.1342580833       24.3164035641
  2       26.4757160866       25.7524684634       24.0476105688
  1       26.2107030260       25.3762683671       23.7463771639
  1       13.8662596554       24.4205329663       15.0207675795
  2       13.3517275948       24.5263447860       14.8577932948
  1       12.8365188068       24.6103220327       14.6845659130
  1       17.1853493693       22.0256850440       19.6577295161
  2       17.1559640625       21.8571839897       19.1350021508
  1       17.1199366739       21.6952360071       18.6106216809
  1       19.2552960175        5.8464086063       10.2524240203
  2       19.0212319523        5.4285575190        9.9820271227
  1       18.7966678045        5.0061700069        9.7106238580
  1       13.7323708672       27.8562382714       11.6679058979
  2       13.8163256612       27.5597653384       12.1234883740
  1       13.9221138329       27.2840043559       12.5874546899
  1        4.7291866757       15.4914256115       21.3475256081
  2        4.6733089267       14.9619854948       21.2094283963
  1        4.6538296619       14.4261550731       21.0869281251
  1       24.0901646737       25.4451608823       16.4829850528
  2       24.3030617278       25.6341286819       16.0123832944
  1       24.5118473504       25.8240556263       15.5403278754
  1       21.0873722436        6.2417998042        2.7008075623
  2       21.5574964389        6.3099440128        2.4236079811
  1       22.0252419635        6.4089045466        2.1517239323
  1        2.3995471825        3.8314874776        8.6752860403
  2        1.8909525484        3.9334732630        8.8581258548
  1        1.3851536281        4.0371350428        9.0476560280
  1       23.4181286405       20.4809524653       13.8542948046
  2       23.4791487412       20.0987455349       14.2450561252
  1       23.5271793645       19.7298885547       14.6501950969
  1        6.2535929040        6.8934320987       12.9531854867
  2        6.5027476384        6.8764233248       12.4631522022
  1        6.7574611840        6.8624726309       11.9758880164
  1       20.9893317588        8.6065051650       11.4894794041
  2       21.4562645289        8.3319944333       11.5849657720
  1       21.9269845374        8.0591919968       11.6655976715
  1       16.5934419419       25.5773422748       18.5521499410
  2       16.9152804673       25.2487642459       18.2505600829
  1       17.2455979270       24.9225754572       17.9556172937
  1       16.4913721979        5.1377175547       12.7567702220
  2       16.3651437874        5.5561948545       13.0906012242
  1       16.2395320143        5.9901115032       13.4043495683
  1       11.3608946116       25.9689078469        7.7092477100
  2       11.3466230394       25.8717666267        8.2504130318
  1       11.3182919225       25.7427998077        8.7843277314
  1        0.0994796457       12.7214809624       21.8858678009
  2        0.1581873910       12.9167004148       21.3750422279
  1        0.2075464185       13.1072580726       20.8614748376
  1        3.6198870623       19.2083779560        6.7267541337
  2        3.1354519599       18.9487461021        6.7064088132
  1        2.6342865312       18.7224914902        6.6944898125
  1       18.6011418720       14.3743325686        5.3561136563
  2       18.5478435192       13.9935780035        4.9628132027
  1       18.5109617998       13.6069083320        4.5734209803
  1       14.6949467140        4.2313144016       21.3865846150
  2       15.0270022887        3.8097917852       21.5072402371
  1       15.3699030752        3.3910399903       21.6050460849
  1       21.4485685296        0.7749829346       24.5676375415
  2       21.7443631512        0.6005405685       24.9972599371
  1       22.0453634981        0.4258467280       25.4231482467
  1       23.2768937228        1.8715045288       13.8394349365
  2       23.3144105452        1.9057401512       13.2917850390
  1       23.3494487259        1.9228333243       12.7431684622
  1       17.3710899805       21.4741307920       10.2185307797
  2       17.7535747253       21.7937103503        9.9859919099
  1       18.1345131891       22.1260778044        9.7693868286
  1       26.3079750868        4.9314861787        9.6405617311
  2       26.2222378499        5.4323279071        9.8510532733
  1       26.1302287167        5.9300712983       10.0661947031
  1       19.5761782040        6.2558272588        5.6982883634
  2       19.9858119895        6.4022637949        6.0348243981
  1       20.3897095545        6.5264114669        6.3868955720


Molecules in box 2
##############################################################################                                           
Moleculetype  1
Number-of-molecules: 20    
Atomtype         X                  Y                   Z
  1       22.8958677527       17.5043240766       26.2180120524
  2       23.3318258040       17.5560678855       25.8867068220
  1       23.7645853676       17.6011862474       25.5502792777
  1       24.5026868022       38.7208517480       25.1345201489
  2       24.5519655524       38.1849103542       25.2478269327
  1       24.6119145011       37.6462821651       25.3415595115
  1       12.6238323264       -0.3623680031        2.8575205645
  2       12.7237993671        0.1707600111        2.7665199533
  1       12.8200458267        0.7074900413        2.6947042678
  1       17.2251342507        4.6810447495       16.7398958011
  2       16.7182674516        4.6474652236       16.5290440442
  1       16.2045983091        4.6155993135       16.3350631823
  1       48.6656839754       29.8041088153        3.7948465455
  2       49.1365558119       29.5498719424        3.9219029351
  1       49.5987254919       29.2972949315        4.0803454780
  1       34.6983526577        7.0077767898        7.5754399313
  2       34.2139326289        7.1523873816        7.7920617502
  1       33.7215088255        7.3024500555        7.9857108936
  1        0.0015432969       14.3151902227       10.7169360884
  2        0.3562156941       14.6006082729       11.0255523992
  1        0.6943215712       14.9051884911       11.3344460792
  1        1.1215427340       43.8411691483       21.2794191791
  2        1.1993691409       44.0843274905       20.7922671792
  1        1.3208318996       44.3639640047       20.3345006261
  1       30.1386132313       39.6598117162       30.2513159744
  2       30.5945347875       39.3927614690       30.0986080831
  1       31.0320166132       39.1033828303       29.9331703164
  1       30.8438578320       15.6034018853        4.5269357952
  2       30.3714093062       15.6674709580        4.8011392679
  1       29.9207977275       15.7137958319        5.1130738927
  1       35.9605545548       38.9082414187       43.1415479971
  2       35.4519682011       38.9102432724       42.9321777188
  1       34.9491306572       38.9201697514       42.7095662447
  1       41.7445988099       23.6542061898       25.0745400163
  2       41.7463620639       23.3597948848       25.5391031169
  1       41.7515679722       23.0607078499       26.0006438443
  1        6.9932414546       22.1140982835       15.5368929943
  2        6.8518500916       22.6439923827       15.4954113587
  1        6.7001531903       23.1702578516       15.4450853674
  1       26.1097059355       17.3961222814       37.1679896442
  2       26.1556412872       17.5318482268       36.6369826657
  1       26.1896802779       17.6485196588       36.1005787851
  1       22.8773877158       18.2502489601       21.0008537965
  2       23.0315346325       18.2716898394       21.5283753759
  1       23.1651374284       18.3008254915       22.0611055193
  1       40.7004090449       15.5746394459       18.8641410438
  2       40.6364400971       15.2502949252       18.4245860351
  1       40.5449710432       14.9333986682       17.9844608558
  1       13.1936877567        6.0773854047        0.3417175875
  2       13.6263100174        5.7395783878        0.3067261758
  1       14.0901452997        5.4458418587        0.2739285936
  1       12.8573450946       15.4973563470       17.4651278186
  2       13.3476601785       15.4813009864       17.2164647054
  1       13.8332345345       15.4577784067       16.9592406162
  1        3.5371911005       34.4119050403       12.9395853804
  2        3.1441712358       34.4548974187       12.5572412404
  1        2.7568073378       34.4602766495       12.1668308495
  1        1.2591389819        5.7789303703       10.1185428412
  2        1.4935525487        5.9672853371        9.6580293385
  1        1.7310675277        6.1668126924        9.2038537466


Number-of-fractionals:  1        
##############################################################################                                           
Fractional-type:      2
Box:                  2
Lambda:               0.300530
Reaction-Step         1 (only used if Type = 3 (RxMC))

Moleculetype  1
Atomtype         X                  Y                   Z
  1        4.2923294730        1.6610271134        5.0567833398
  2        4.6084757167        1.9506514078        5.4012674768
  1        4.9128060887        2.2668845818        5.7327484013

------------------------------------------------------------------------------                                           

