#   100 bins for weightfunction of N2                      
 0.0000000    0.5012475586E+001    0.3263964844E+001
 0.0101010    0.5035546875E+001    0.3284985352E+001
 0.0202020    0.5055712891E+001    0.3291381836E+001
 0.0303030    0.5073461914E+001    0.3246533203E+001
 0.0404040    0.5159057617E+001    0.3270410156E+001
 0.0505051    0.5291210937E+001    0.3277099609E+001
 0.0606061    0.5409838867E+001    0.3267138672E+001
 0.0707071    0.5583447266E+001    0.3276098633E+001
 0.0808081    0.5672753906E+001    0.3305932617E+001
 0.0909091    0.5794409180E+001    0.3273022461E+001
 0.1010101    0.5939868164E+001    0.3266015625E+001
 0.1111111    0.6021191406E+001    0.3268969727E+001
 0.1212121    0.6088818359E+001    0.3267700195E+001
 0.1313131    0.6125439453E+001    0.3261401367E+001
 0.1414141    0.6095434570E+001    0.3271997070E+001
 0.1515152    0.6076464844E+001    0.3264038086E+001
 0.1616162    0.6043139648E+001    0.3238964844E+001
 0.1717172    0.5991503906E+001    0.3269311523E+001
 0.1818182    0.5875903320E+001    0.3262280273E+001
 0.1919192    0.5840454102E+001    0.3264428711E+001
 0.2020202    0.5667431641E+001    0.3251367187E+001
 0.2121212    0.5557568359E+001    0.3250024414E+001
 0.2222222    0.5466796875E+001    0.3252758789E+001
 0.2323232    0.5284765625E+001    0.3250634766E+001
 0.2424242    0.5130664063E+001    0.3251611328E+001
 0.2525253    0.5003271484E+001    0.3225439453E+001
 0.2626263    0.4852929688E+001    0.3249780273E+001
 0.2727273    0.4696533203E+001    0.3251416016E+001
 0.2828283    0.4550561523E+001    0.3236547852E+001
 0.2929293    0.4360302734E+001    0.3247290039E+001
 0.3030303    0.4192944336E+001    0.3237133789E+001
 0.3131313    0.3997485352E+001    0.3233837891E+001
 0.3232323    0.3824316406E+001    0.3237817383E+001
 0.3333333    0.3633886719E+001    0.3240942383E+001
 0.3434343    0.3481518555E+001    0.3221606445E+001
 0.3535354    0.3279614258E+001    0.3225268555E+001
 0.3636364    0.3076342773E+001    0.3249023437E+001
 0.3737374    0.2884057617E+001    0.3233276367E+001
 0.3838384    0.2663403320E+001    0.3214794922E+001
 0.3939394    0.2456958008E+001    0.3201318359E+001
 0.4040404    0.2274780273E+001    0.3218432617E+001
 0.4141414    0.2102026367E+001    0.3200390625E+001
 0.4242424    0.1860351562E+001    0.3215551758E+001
 0.4343434    0.1642504883E+001    0.3188574219E+001
 0.4444444    0.1455590820E+001    0.3196313477E+001
 0.4545455    0.1257812500E+001    0.3201684570E+001
 0.4646465    0.1019506836E+001    0.3181103516E+001
 0.4747475    0.7989013672E+000    0.3195312500E+001
 0.4848485    0.5895751953E+000    0.3201806641E+001
 0.4949495    0.3683837891E+000    0.3193237305E+001
 0.5050505    0.2950927734E+000    0.3196362305E+001
 0.5151515    0.2763183594E+000    0.3199780273E+001
 0.5252525    0.2547851562E+000    0.3192089844E+001
 0.5353535    0.2747070312E+000    0.3178515625E+001
 0.5454545    0.2661865234E+000    0.3185278320E+001
 0.5555556    0.2653076172E+000    0.3178662109E+001
 0.5656566    0.2760742187E+000    0.3213598633E+001
 0.5757576    0.2698974609E+000    0.3202490234E+001
 0.5858586    0.2440673828E+000    0.3222241211E+001
 0.5959596    0.2406005859E+000    0.3191479492E+001
 0.6060606    0.2539062500E+000    0.3186401367E+001
 0.6161616    0.2563232422E+000    0.3187158203E+001
 0.6262626    0.2402832031E+000    0.3203149414E+001
 0.6363636    0.2483886719E+000    0.3199658203E+001
 0.6464646    0.2436767578E+000    0.3192114258E+001
 0.6565657    0.2348876953E+000    0.3193701172E+001
 0.6666667    0.2374267578E+000    0.3207861328E+001
 0.6767677    0.2248535156E+000    0.3192797852E+001
 0.6868687    0.2078369141E+000    0.3205200195E+001
 0.6969697    0.2193115234E+000    0.3188696289E+001
 0.7070707    0.1830322266E+000    0.3182958984E+001
 0.7171717    0.1956787109E+000    0.3192871094E+001
 0.7272727    0.1967529297E+000    0.3197436523E+001
 0.7373737    0.2067871094E+000    0.3215087891E+001
 0.7474747    0.2000976562E+000    0.3193969727E+001
 0.7575758    0.1849609375E+000    0.3193212891E+001
 0.7676768    0.1742675781E+000    0.3197167969E+001
 0.7777778    0.1867431641E+000    0.3200024414E+001
 0.7878788    0.1673339844E+000    0.3190429687E+001
 0.7979798    0.1610839844E+000    0.3184130859E+001
 0.8080808    0.1675781250E+000    0.3187500000E+001
 0.8181818    0.1199707031E+000    0.3194750977E+001
 0.8282828    0.1529541016E+000    0.3204931641E+001
 0.8383838    0.1315673828E+000    0.3196289062E+001
 0.8484848    0.1263183594E+000    0.3203564453E+001
 0.8585859    0.1193359375E+000    0.3207885742E+001
 0.8686869    0.1138427734E+000    0.3195288086E+001
 0.8787879    0.8498535156E-001    0.3177856445E+001
 0.8888889    0.9309082031E-001    0.3185131836E+001
 0.8989899    0.9067382812E-001    0.3199316406E+001
 0.9090909    0.9125976562E-001    0.3195336914E+001
 0.9191919    0.6403808594E-001    0.3180957031E+001
 0.9292929    0.5527343750E-001    0.3193554687E+001
 0.9393939    0.4980468750E-001    0.3173779297E+001
 0.9494949    0.4819335937E-001    0.3196166992E+001
 0.9595960    0.4924316406E-001    0.3190307617E+001
 0.9696970    0.2995605469E-001    0.3195263672E+001
 0.9797980    0.1318359375E-002    0.3201196289E+001
 0.9898990    0.3852539063E-001    0.3231347656E+001
 1.0000000    0.0000000000E+000    0.3183715820E+001


