Compiled using GNU Fortran (Ubuntu 9.4.0-1ubuntu1~20.04.2) 9.4.0 with all optimizations
Last Brick update unknown
Compiled at 16:28:53 on Sep  3 2023
Starting at 15:06:05 on Dec 31 2024

Settings
OK                      

Forcefield
OK                      

Topology
OK                      

Configuration
OK                      Starting from random configuration.

 F
Monte Carlo Simulation initialized.

#########################################################################################################################
###########################################   ENERGY STARTING CONFIGURATION   ###########################################
#########################################################################################################################
                                               Box 1               Box 2
-------------------------------------------------------------------------------------------------------------------------
Lennard Jones        
 Intermolecular                          0.1565689096E+008   0.1498594358E+007
 Tailcorrection                         -0.4551081903E+004  -0.6833345666E+002
Total Intermolecular                     0.1565233987E+008   0.1498526025E+007

Electrostatic        
 Real                                    0.6294520220E+004   0.3222323010E+003
 Exclusion                               0.1043425830E+008   0.2037985693E+007
 Selfterm                               -0.1044989240E+008  -0.2038978394E+007
 Fourier                                 0.1626278260E+005   0.1034864444E+004
Total Intermolecular                     0.6923199881E+004   0.3643951334E+003

Intramolecular       
 Lennard Jones                           0.0000000000E+000   0.0000000000E+000
 Electrostatic                           0.0000000000E+000   0.0000000000E+000
 Bending                                 0.9343375086E+007   0.3104111324E+007
 Torsion                                 0.0000000000E+000   0.0000000000E+000

Total                                    0.2500263816E+008   0.4603001744E+007

#########################################################################################################################

Simulation is running...



#########################################################################################################################
###############################################   RELATIVE ENERGY DRIFTS   ##############################################
#########################################################################################################################
                                               Box 1               Box 2                                                 
-------------------------------------------------------------------------------------------------------------------------

Lennard Jones        
 Intermolecular                          0.7011158807E-014   0.0000000000E+000
 Tailcorrection                          0.0000000000E+000   0.0000000000E+000

Electrostatic        
 Real                                    0.1811163052E-013   0.0000000000E+000
 Exclusion                               0.4007560396E-015   0.0000000000E+000
 Selfterm                                0.0000000000E+000   0.0000000000E+000
 Fourier                                 0.1123746099E-015   0.0000000000E+000

Intramolecular       
 Lennard Jones                           0.0000000000E+000   0.0000000000E+000
 Electrostatic                           0.0000000000E+000   0.0000000000E+000
 Bending                                 0.9110278711E-015   0.0000000000E+000
 Torsion                                 0.0000000000E+000   0.0000000000E+000

Total                                    0.9309233349E-014   0.0000000000E+000

#########################################################################################################################
############################################   TRIAL MOVE ACCEPTANCE RATES   ############################################
#########################################################################################################################
                                               Box 1               Box 2
-------------------------------------------------------------------------------------------------------------------------
Translation
 N2                                           0.50486             0.99524
-------------------------------------------------------------------------------------------------------------------------
Rotation
 N2                                           0.50626             0.99955
-------------------------------------------------------------------------------------------------------------------------
Bond Bending
 N2                      
  Bending 1                                   0.32166             0.32541
-------------------------------------------------------------------------------------------------------------------------
Lambda Move
 N2                                           0.77587             0.92467
-------------------------------------------------------------------------------------------------------------------------
GE Swap Fractional
 N2                                           0.06257             0.31939
-------------------------------------------------------------------------------------------------------------------------
GE Identity Change
 N2                                           0.03763             1.00000
-------------------------------------------------------------------------------------------------------------------------
Volume                                        0.49340             0.49340

#########################################################################################################################
######################################################   AVERAGES   #####################################################
#########################################################################################################################
                                                       Boltzmann                                    Biased
                                               Box 1               Box 2                  Box 1               Box 2      
-------------------------------------------------------------------------------------------------------------------------
Density
 N2                                      0.8962843878E+003   0.1256751488E+000      0.8963798049E+003   0.1253503817E+000
 Total                                   0.8962843878E+003   0.1256751488E+000      0.8963798049E+003   0.1253503817E+000

Number of molecules
 N2                                      0.3996452708E+003   0.3547292204E+000      0.3996461810E+003   0.3538190000E+000
 Total                                   0.3996452708E+003   0.3547292204E+000      0.3996461810E+003   0.3538190000E+000

Mole fractions
 N2                                           1.00000             1.00000                 1.00000             1.00000

Volume                                   0.2074280817E+005   0.1312571918E+006      0.2074065325E+005   0.1312593468E+006

#########################################################################################################################
#######################################   PROPERTIES FROM THE CFC GIBBS ENSEMBLE   ######################################
#########################################################################################################################
                                                       Boltzmann                                    Biased
                                               Box 1               Box 2                  Box 1               Box 2      
Chemical Potentials (as an indication)
=========================================================================================================================

Total N2                                -0.1025446750E+004  -0.1024529952E+004     -0.1025438234E+004  -0.1024736954E+004
 Ideal gas                              -0.3159458207E+003  -0.1025730832E+004     -0.3159373045E+003  -0.1025937834E+004
 Excess                                 -0.7095009291E+003   0.1200880398E+001     -0.7095009291E+003   0.1200880398E+001

-------------------------------------------------------------------------------------------------------------------------

#########################################################################################################################
##################################################   AVERAGE ENERGIES   #################################################
#########################################################################################################################
                                                       Boltzmann                                    Biased
                                               Box 1               Box 2                  Box 1               Box 2      
-------------------------------------------------------------------------------------------------------------------------
Lennard Jones        
 Intermolecular                         -0.3938802575E+006  -0.1220599988E+000     -0.3936949232E+006  -0.1262728560E+000
 Tailcorrection                         -0.1049572048E+005  -0.3069655247E-002     -0.1049140206E+005  -0.3197058625E-002
Total Intermolecular                    -0.4043759780E+006  -0.1251296541E+000     -0.4041863253E+006  -0.1294699146E+000

Electrostatic        
 Real                                   -0.8898405210E+004  -0.2741898869E-002     -0.8893228012E+004  -0.2241193223E-002
 Exclusion                               0.1393091692E+008   0.7239980970E+004      0.1392643252E+008   0.7268284433E+004
 Selfterm                               -0.1393342596E+008  -0.7240138744E+004     -0.1392894049E+008  -0.7268443916E+004
 Fourier                                 0.1090329325E+004   0.1614306732E+000      0.1090355645E+004   0.1620798146E+000
Total Intermolecular                    -0.1031711468E+005   0.9147707349E-003     -0.1031084657E+005   0.3554949529E-003

Intramolecular       
 Lennard Jones                           0.0000000000E+000   0.0000000000E+000      0.0000000000E+000   0.0000000000E+000
 Electrostatic                           0.0000000000E+000   0.0000000000E+000      0.0000000000E+000   0.0000000000E+000
 Bending                                 0.3218207023E+005   0.2864795838E+002      0.3217923128E+005   0.3053966987E+002
 Torsion                                 0.0000000000E+000   0.0000000000E+000      0.0000000000E+000   0.0000000000E+000

Total                                   -0.3825110224E+006   0.2852374349E+002     -0.3823179406E+006   0.3041055545E+002

#########################################################################################################################

No errors found in bookkeeping.

Total simulation time :  1 days and  22 hours

Simulation finished.

