Simulation state at cycle:     110000
##############################################################################                                           

Number-of-molecules: 401   

Box-size(s):    25.469359   51.359794

------------------------------------------------------------------------------                                           

Deltas
Translation per molecule type
Box 1    0.1057603290E+001
Box 2    0.2566383562E+002

Rotation per molecule type
Box 1    0.1800000000E+003
Box 2    0.1800000000E+003

Volume    Delta_Volume
Box 1   0.5710167055E+003
Box 2   0.2643595859E+004

------------------------------------------------------------------------------                                           

Molecules in box 1
##############################################################################                                           
Moleculetype  1
Number-of-molecules: 232   
Atomtype         X                  Y                   Z
  1       14.4942302406        5.0147012458       22.8188730757
  2       14.1815078302        5.3122385647       23.1597194309
  1       13.8625334431        5.5954083899       23.5069516147
  1        4.0079193265       17.6483314182       10.2052835146
  2        4.1926846963       18.1583491074       10.1144886093
  1        4.4023041774       18.6607152032       10.0358249077
  1        5.3972869033       17.2077615258       15.4791863834
  2        4.8939851572       17.0272677068       15.3503091796
  1        4.3971456043       16.8355568189       15.2128413900
  1       17.9598726695        3.2339348307       11.2803582822
  2       17.6724257580        3.7023409527       11.2586793080
  1       17.3608206802        4.1537704255       11.2185083539
  1       22.8170463436       21.0616571917        9.8879729475
  2       22.5136071437       21.5034839926       10.0113168976
  1       22.1976068579       21.9422560640       10.1119294601
  1        9.2495703037       18.7044120448        9.8319676563
  2        8.9491883110       18.4350129073        9.4582100300
  1        8.6853732953       18.1535885406        9.0661616117
  1       18.9092313231       18.2146571639        8.7265884869
  2       18.7608286985       18.3633507298        8.2182904597
  1       18.6295187100       18.5019667605        7.7024966230
  1        4.6361103948        2.3535585668        1.3560284711
  2        4.2772538796        2.0273705224        1.6154959279
  1        3.9092324343        1.7134168872        1.8772082313
  1       16.3042391157       17.9698510051       17.7470626397
  2       16.3305531781       18.4309768753       18.0456769428
  1       16.3558878098       18.8891146807       18.3489390516
  1        1.8773735814       23.9687773084       24.6210728767
  2        1.4697341458       23.9224522691       24.9873843305
  1        1.0801662067       23.8414584522       25.3670905611
  1        1.7580279552       15.7125817472       17.3149504991
  2        1.8081744930       15.8466072635       17.8460083921
  1        1.8556015115       15.9936310285       18.3738669806
  1       21.4522600775        9.5170976822       12.8668570260
  2       21.1158970160        9.0970343662       12.7532493616
  1       20.7520244361        8.6942918920       12.6643941752
  1       22.4750446115       14.6203494631        8.0346149714
  2       22.6390817354       14.2301130995        8.3857665092
  1       22.7866628519       13.8344620408        8.7381584115
  1        5.6160464520       13.7627083204       12.8488402140
  2        5.4002558066       14.2340908101       12.6651749050
  1        5.1717147409       14.7048188863       12.4958112178
  1        9.3994700925       14.6423801720       15.1357147452
  2        9.2213391179       15.0214385325       15.4922033358
  1        9.0573078633       15.4039521392       15.8517545660
  1       11.7901821500        4.1428735593       20.6033660392
  2       11.6569913828        3.7417919887       20.2513805377
  1       11.5105216354        3.3568078661       19.8869167707
  1       15.4358945042       12.8215128049       16.6472765410
  2       15.1361005060       13.1268720553       16.9927896188
  1       14.8056985035       13.4120654796       17.3274524735
  1        5.4289933133        9.6609825581       22.2582531147
  2        5.1009873986        9.7880205413       21.8354369953
  1        4.7899028076        9.8997306908       21.3958380660
  1       23.9280901771        8.0202716657       11.6404334282
  2       24.3834291506        7.8339855250       11.8863274969
  1       24.8385992268        7.6509947640       12.1349931000
  1        5.2101341409        7.0007205839       13.4213058297
  2        5.6660155469        7.0241183186       13.7281033031
  1        6.1185347785        6.9950750803       14.0393633780
  1       17.6979370857       21.8853416098       19.0640961948
  2       18.0162887742       22.3218611797       18.9611259682
  1       18.3460231054       22.7527063892       18.8708614945
  1       14.0528613534       10.3891962465        5.7870733995
  2       13.5667043908       10.3098178415        5.5424298291
  1       13.0840374135       10.2074219948        5.2994325481
  1       10.9466305739       16.4445673189        5.4667407145
  2       10.7460819063       16.2926994865        5.9558382440
  1       10.5431094973       16.1516527844        6.4471711536
  1        4.7109492103        9.9235225462        1.9077419859
  2        4.9471025086        9.8099349874        2.3913011717
  1        5.1575815238        9.6839735427        2.8835737563
  1       18.4271871608       19.0628493827       14.9219175494
  2       18.2259540580       19.5576200832       15.0530937369
  1       18.0185145862       20.0501136163       15.1831667332
  1        2.3238788160       22.2935891817        8.9871401492
  2        1.7821495669       22.3567387004        8.9161362131
  1        1.2383074332       22.4169510924        8.8603670420
  1       11.0029818907        1.1954911861        5.9999794192
  2       10.4735033930        1.0495198000        5.9709126880
  1        9.9472559891        0.8898826232        5.9619885245
  1        5.7057786362        2.3362744764        6.9082184609
  2        6.0822548872        2.5899954405        6.5977489700
  1        6.4684129727        2.8474059249        6.3025849910
  1       20.9792238354        4.1670494443        9.6335255081
  2       20.8226829855        4.6579757272        9.8258438564
  1       20.6746282644        5.1455008906       10.0329646270
  1        4.8425994990       20.3694576070        3.5978952122
  2        4.5731612261       20.0539402998        3.2368524918
  1        4.2879282296       19.7285292768        2.8973678783
  1       19.4706813718       14.1464380601        4.9271213962
  2       19.2039319852       14.1377775101        4.4462162500
  1       18.9339890104       14.1337553062        3.9670350617
  1       13.3772555380       20.5417486563       10.8338012361
  2       13.2363203665       20.1418217012       11.1840807075
  1       13.0986135797       19.7401378821       11.5336332061
  1       18.6533554620       22.6435430031        1.1327392845
  2       18.6684001545       22.7728652835        0.5983710547
  1       18.6619264882       22.9403815750        0.0745424733
  1        0.8055116020       14.6033110270       12.3490733322
  2        1.1661570694       14.1908378172       12.3970389243
  1        1.5070966968       13.7601552050       12.4248356339
  1       14.9085175733       19.4104523714       14.5776684574
  2       14.8812140599       19.9260547236       14.3881724613
  1       14.8589144605       20.4463438657       14.2112489313
  1       20.5867325393        4.5031341840       20.4360283103
  2       20.7748486961        5.0194036752       20.4600725204
  1       20.9536983292        5.5392194519       20.4775186071
  1       24.2870949882       15.4095275075        1.0495061113
  2       24.0055950343       14.9946290627        0.8234152965
  1       23.7251229255       14.5616642196        0.6326881623
  1        4.1405495508       20.1201185720        6.8016650539
  2        4.6856259870       20.0492980815        6.8210593013
  1        5.2266617545       19.9518491053        6.8379114317
  1       16.3224765388       19.2729446472        3.1234327970
  2       16.7193866308       18.9093826214        3.0103618800
  1       17.1139114289       18.5366878336        2.9212059613
  1        2.6627310691       25.3718935560       10.1810871107
  2        2.4408604707       25.2294077344       10.6637580423
  1        2.2229361988       25.0913220610       11.1494959937
  1        1.3204110338        1.1897405887        7.4800337243
  2        1.5649398504        1.1229448179        6.9919312936
  1        1.7993227930        1.0824572381        6.4960226417
  1       17.7597244859       11.2261194036        7.0076241113
  2       17.5162540420       11.4742249207        6.5814014050
  1       17.2754820998       11.7394169102        6.1640261787
  1       22.9592958607       19.4570633190        3.1554221238
  2       22.9929352949       19.3760682605        2.6124597044
  1       23.0393847924       19.2958354834        2.0703295127
  1        3.7331749322        2.9735662861       18.8998398047
  2        4.2041924275        3.2476068421       18.9742998126
  1        4.6630506090        3.5346382318       19.0720860572
  1       13.2142073000       20.7291451266        0.5398386713
  2       13.7447915742       20.7548029180        0.6823939437
  1       14.2728343334       20.8172522708        0.8230030535
  1       14.4166610700       21.9561418005       22.7476567952
  2       14.3155635169       22.4966537829       22.7364281862
  1       14.1946383987       23.0331866118       22.7395327502
  1       13.6222468917        3.1498132741        0.3060476674
  2       13.0843059914        3.1731930573        0.4181769391
  1       12.5435306439        3.2010699900        0.5145351206
  1       18.1650093451       11.7346633148       10.9130695322
  2       18.5859557049       11.4456539658       10.7086734501
  1       19.0168060794       11.1667414325       10.5109975726
  1        0.6165650204       20.1972568961       14.2458997022
  2        0.6980235912       20.6149608306       13.8974920038
  1        0.8007707852       21.0488593791       13.5755058818
  1        3.2336463357       11.9976528076        9.5145460301
  2        3.6338317067       11.6649194609        9.3366691377
  1        4.0176658692       11.3403488365        9.1134534473
  1       11.9276143766       11.8401587947       13.4498042446
  2       11.8766318560       12.0408179762       13.9593498024
  1       11.8174500691       12.2206369132       14.4757437073
  1       11.7760295468       14.3140046538        3.3458914040
  2       11.5160766529       13.8358530344        3.4252357284
  1       11.2510839631       13.3636966471        3.5219167465
  1        2.0720524621       13.1094206225        2.3643826097
  2        1.6507375019       13.3737245080        2.5991956426
  1        1.2246280020       13.6364797738        2.8269902065
  1       17.1565383390       15.8801879893        5.8933441849
  2       16.9723420163       16.3603872196        5.6984585417
  1       16.7737112358       16.8221443406        5.4752407709
  1        1.4445162694        9.4774488058       18.9938957984
  2        1.1528502782        9.6783364953       18.5730928923
  1        0.8646627794        9.9057820601       18.1635608671
  1        8.0795841307       20.9791416228       12.5427744356
  2        7.9921833590       21.4442710963       12.2625679439
  1        7.8944670708       21.9099918486       11.9867859524
  1        5.0313093703        9.9194343488       18.4440516238
  2        4.7205004556        9.9058390631       17.9904956882
  1        4.4026601296        9.8840288895       17.5421633979
  1       13.7581507167        5.8876986395        6.7592880459
  2       13.7841312299        5.4810602581        6.3898692596
  1       13.8396345091        5.0667993260        6.0323678399
  1       13.8899173332       21.0217103592       18.7701773576
  2       13.9931331827       21.5167752334       18.5539430894
  1       14.0991100509       22.0185011764       18.3550964637
  1       13.7032119161        4.7862098844       13.6933961571
  2       13.9378344939        4.5456169516       13.2580029019
  1       14.1618544599        4.3051076241       12.8170150141
  1        8.6854971020       20.5555454736        3.2770474955
  2        8.9789899780       20.9446908179        3.0222380907
  1        9.2938844335       21.3089406327        2.7564119196
  1       24.7349742207       10.6064795571        2.4695937891
  2       24.8402030495       10.1377631017        2.2017659003
  1       24.9173411655        9.6770535597        1.9114274290
  1       25.2069704474       24.4317977039       19.3807679139
  2       25.3780649912       24.0509873445       19.7388323315
  1       25.5473492615       23.6640914952       20.0911878858
  1       22.6075540638       17.2649562719       10.4984318481
  2       22.3404924596       17.6136952764       10.8294291386
  1       22.0476527135       17.9484866470       11.1529405298
  1       16.5971270420        7.5300925643       19.8012050149
  2       16.1398357272        7.2754653665       19.9701714126
  1       15.6799173528        7.0134795792       20.1196322272
  1       25.0882179418        3.8445496127       10.5515601867
  2       24.7939482709        4.2945304520       10.6674161539
  1       24.4856518566        4.7397551360       10.7634801980
  1        3.0750573318        3.7758913643       12.7974679112
  2        2.5935122446        3.9658439541       12.6116391118
  1        2.1188779761        4.1828006936       12.4379955594
  1       17.3943466518        0.4421307169       22.3096845298
  2       17.1175403164        0.0268283479       22.0785953805
  1       16.8628449585       -0.4065329968       21.8553730282
  1       11.7818483189       12.8801786624        8.8853437822
  2       11.5092439486       12.5868428667        8.5083279095
  1       11.2307821804       12.3124963361        8.1214260825
  1        1.4951447659       12.5839709666       23.9431201174
  2        1.3380645497       12.1280937351       24.2076985660
  1        1.1804043096       11.6684404973       24.4653070841
  1       25.6746837373       10.9274721495       10.4485916366
  2       25.3807394090       11.2814465649       10.1472631693
  1       25.0903053584       11.6364869485        9.8437925988
  1        2.1938115991       13.2977019922       20.8205210559
  2        2.7112108910       13.3967751581       20.6624625841
  1        3.2285453133       13.5072048404       20.5118957225
  1       11.1728355839        7.0748883182       -0.4083348045
  2       11.4136037270        6.8194793404        0.0150999076
  1       11.6655084371        6.5619638436        0.4307076372
  1       11.8072495216       16.5877051931        9.4213067225
  2       12.1920106346       16.1998126041        9.3580752007
  1       12.5771894586       15.8155312678        9.2776691868
  1       14.0810020573       14.0287025960       20.4300475923
  2       13.8493015318       13.5554985596       20.5878221355
  1       13.6385029158       13.0934249821       20.7988954674
  1        5.8794959179        7.4657332848        8.3851828202
  2        6.0725338610        7.1257701969        7.9983217969
  1        6.2813016050        6.7889402445        7.6169274980
  1        7.9461144671       21.6375536609        7.4707628364
  2        8.4138210211       21.6274077069        7.1815438210
  1        8.8844317113       21.6103133632        6.8974076552
  1        7.2836545126       12.0717153938       16.9217581557
  2        7.5888714977       11.9697695522       16.4757204472
  1        7.8872543495       11.8514746111       16.0290953475
  1        6.0949591650       23.7796831181        9.2909253284
  2        5.7757786207       23.8277525344        8.8456017254
  1        5.4633612793       23.8787484822        8.3958297642
  1       12.5756556277       14.7721647211       24.9237815192
  2       12.8163712953       14.3078047830       24.7537056091
  1       13.0371679505       13.8338991508       24.5829359166
  1       16.8224542338       10.4947955054       18.6269000626
  2       16.3900215153       10.7259309772       18.8760553106
  1       15.9410763888       10.9414229785       19.1095322253
  1       15.3753097771       22.3869169263        3.8714627854
  2       15.9003769833       22.3065123537        4.0140795225
  1       16.4293997216       22.2319163907        4.1447332010
  1       20.9000865895       19.4206037893       18.6107243917
  2       21.0907933793       19.6974255403       18.1754076811
  1       21.2812260307       19.9746870073       17.7402508321
  1       11.3715001723        7.3076457457        4.2257322160
  2       11.4654121304        6.8843539371        3.8873469491
  1       11.5808847679        6.4913370118        3.5203268333
  1       23.3189192798        5.5043140945       14.0414165088
  2       23.4383193098        4.9695931785       13.9932794664
  1       23.5287445459        4.4317889519       13.9219360053
  1       21.5954351370        0.1711464289       21.0433061432
  2       21.1074627198        0.2548169159       20.8037603863
  1       20.6267975481        0.3267885992       20.5463092871
  1       21.9554810770       21.7597922724       21.4884096512
  2       21.9338260094       22.0460268514       21.0192606090
  1       21.9086968835       22.3388193344       20.5543508458
  1        1.8709349207        8.5793384115        5.1353872669
  2        2.3363062338        8.3075244587        5.0256297341
  1        2.7880131219        8.0147078486        4.9128497753
  1        9.0614435654        4.5024069396        6.3618956849
  2        9.1293607155        4.6633062209        5.8403607560
  1        9.2063124077        4.8106462526        5.3160809155
  1        1.0090043932       18.4167461669       20.3924884297
  2        0.8746812997       18.0505763852       20.7802731606
  1        0.7557336769       17.7076084889       21.1934613552
  1        3.3941460409       21.0841755466       25.7653761120
  2        3.4895741854       21.0494867591       25.2248299463
  1        3.5741789856       21.0622803704       24.6815267618
  1        9.9155285521        4.7890560986       15.6780315581
  2        9.4737077882        4.5420916511       15.8932128172
  1        9.0277393009        4.3054288767       16.1113935646
  1       14.8294582128        5.5212877579        1.9427159907
  2       14.7913036684        5.6355723183        2.4793567178
  1       14.7342645817        5.7687328914        3.0099364040
  1       21.5642600635       10.6160560307        7.7876998002
  2       21.4627837408       10.6126984016        7.2471525939
  1       21.3668716119       10.5880480296        6.7061412986
  1       23.8903685934        3.3814873556        7.0427162100
  2       23.3967420239        3.6216950704        7.0763772216
  1       22.9035390289        3.8631623350        7.1071077414
  1       17.2649145901        8.6940557660        4.0533026385
  2       17.0688661950        8.2453503771        4.3037592231
  1       16.8766805209        7.7917307072        4.5482870552
  1       23.3027836845       13.3368498149       12.4740973026
  2       23.1364105346       13.4282665721       12.9902977980
  1       22.9523823029       13.5301300343       13.4984881600
  1       13.7542237312       16.0789750027       13.2376018184
  2       13.3384854414       15.7545707871       13.3938822691
  1       12.9177177830       15.4293061943       13.5340875521
  1       20.0874564285        1.5730231385        1.1039369574
  2       20.2181154001        1.2623590694        0.6692921952
  1       20.3405466165        0.9701688500        0.2196974088
  1       17.9660872756        3.2743768804        7.2526302504
  2       17.9059965613        3.6137081388        6.8239772402
  1       17.8690921419        3.9620345788        6.3999409752
  1       12.0502718500       23.1527350732        4.0675723503
  2       12.0538278440       23.6721897040        3.8868675041
  1       12.0591562006       24.1888695532        3.6984171366
  1        9.4894051546        9.2501859037       12.3141520601
  2        9.2097142690        9.6998478342       12.1655682226
  1        8.9382651766       10.1560458640       12.0216976318
  1       14.8942486454       23.7453912215       11.9314166721
  2       14.7810181207       24.2807081578       11.9872255066
  1       14.6703148276       24.8153424428       12.0536405734
  1       12.6620884233       16.1116528284       17.3013723634
  2       12.9597814383       16.5726589164       17.3381453930
  1       13.2539376167       17.0366276574       17.3647000362
  1       18.2794796943       25.5910416460       14.8076858206
  2       17.9410292735       25.2406168830       14.5524334001
  1       17.6100622864       24.8802322066       14.3012686386
  1        2.5959179648       23.7059359984       14.6315113958
  2        2.0872187784       23.9150326432       14.6334429449
  1        1.5733366456       24.1084560346       14.6652634452
  1       25.3352386674        1.0899964495       12.6258686123
  2       25.0605236609        1.0913294079       13.1023451473
  1       24.8022665436        1.0977569877       13.5878983850
  1       23.7753914695        2.6357509003       21.7603498323
  2       24.1627012005        2.3352611542       22.0097432659
  1       24.5560571644        2.0599545429       22.2780292223
  1        0.6342758800       18.5886285459       10.7671414111
  2        0.4814933514       18.6384412489       10.2411412270
  1        0.3296521935       18.6736103237        9.7136875343
  1       17.1822064405        8.8696024853       14.7098821179
  2       17.3637822658        9.2166672268       14.3237781360
  1       17.5145848716        9.5854697935       13.9446432789
  1       11.2018993378       24.0414869147       21.4040229132
  2       10.7905864376       23.7631314674       21.6403276806
  1       10.3919937739       23.4665628647       21.8762746054
  1       14.8774382173        5.3755512025       17.0414320543
  2       14.9748152183        5.9165070616       17.0218239414
  1       15.0636541052        6.4574932961       16.9777609712
  1       22.9630705805        8.0167914100       17.8095883376
  2       22.6851099029        7.7898295345       17.3927836246
  1       22.4003760089        7.5665373911       16.9785768799
  1        7.8673282170       17.9902629810        5.8459047880
  2        7.4080518435       17.6877858252        5.8373735016
  1        6.9622281496       17.3660400853        5.8225103958
  1        7.1875984724       16.3296778146       19.0444828651
  2        6.9482922659       16.4005512538       18.5543711481
  1        6.7293482398       16.4793512149       18.0560197875
  1       10.4891495656        3.2238996157       12.4756262645
  2       10.1205607555        3.6321126814       12.4735329305
  1        9.7617524553        4.0472975081       12.4364093206
  1        4.3993934349       24.7812163906       20.6807747507
  2        4.0191642281       24.5692273538       21.0169092456
  1        3.6475305841       24.3620222472       21.3654124412
  1        0.1793374504       24.9407976235        3.6811623107
  2        0.4268459392       25.2230842364        3.2792247332
  1        0.6685392368       25.5028704393        2.8720343237
  1       21.4841898587        7.0022628628        1.6534743884
  2       21.1613343082        7.4261982758        1.5173014868
  1       20.8283076863        7.8501045815        1.4082294373
  1       14.0172168573        2.3734188842        9.4925172364
  2       13.7117098963        1.9162882153        9.4784798451
  1       13.4010853115        1.4624089988        9.4809340619
  1        8.7162861730       24.2817793979       18.2284631776
  2        8.6633288301       24.0594773148       18.7287404044
  1        8.6083475651       23.8470817353       19.2330866915
  1       10.4368464672       25.5119432791       13.8675902315
  2       10.6218678903       25.0233275286       13.6957713693
  1       10.8172578466       24.5432548222       13.5117796291
  1        2.5367020817        7.5061653471       11.2538465391
  2        2.8420957101        7.9625521787       11.2846002647
  1        3.1513077914        8.4172452877       11.2965193418
  1        7.1794662013       20.3959819800       16.1086133179
  2        6.7273975762       20.5923794764       16.3526665531
  1        6.2853676906       20.7973432498       16.6078124542
  1       25.4456635661       11.9381047854        6.2445670368
  2       25.1479556395       11.4771803367        6.2822319150
  1       24.8576356723       11.0105815881        6.3045908818
  1        1.9716150590       17.1709409470       13.3605261606
  2        2.3247029850       17.5687306874       13.2205538815
  1        2.6617707082       17.9788265995       13.0766556820
  1       15.9396499104       15.3352366052       22.5546399039
  2       15.8550767908       14.9195259187       22.9046856332
  1       15.7710179752       14.5293382436       23.2830871299
  1       10.2068510843        3.4355689054        2.8232807274
  2       10.7348701611        3.4166764734        2.9760515708
  1       11.2592628270        3.3522695443        3.1289046976
  1       14.8457747588       13.8321966950        5.3097241657
  2       14.4795429036       13.6088169747        5.6539272001
  1       14.1265692549       13.3746236541        6.0047306933
  1       19.5796891977       13.3943901906       20.3635671101
  2       19.6964854548       12.9197539570       20.6157160345
  1       19.7975684600       12.4375081263       20.8600952150
  1        1.0741837387        5.1620435748        5.0144338758
  2        1.3974788346        4.7363538749        4.8849403995
  1        1.7068597435        4.3033703708        4.7459845166
  1        6.9582006661       23.6409788659       15.1676630617
  2        6.4559105622       23.8638907511       15.1903554175
  1        5.9655343928       24.1121683543       15.2100897324
  1       11.5766393828       17.6407951295        0.7620851251
  2       11.3222463569       17.4239173991        1.1988324645
  1       11.0599852238       17.2071519089        1.6309572373
  1       13.4287062927        8.8289465606       13.3053750517
  2       13.5487207866        8.6964797232       12.7852317462
  1       13.6812725661        8.5308581455       12.2777876431
  1       14.1733037956       18.0402135201       21.9289953987
  2       13.9564658712       17.9046430992       21.4420642172
  1       13.7379205573       17.8095619700       20.9463853659
  1        2.9383687012       12.7432225912       16.4628729201
  2        3.1376877048       13.0686289293       16.0667887750
  1        3.3645869237       13.3804226698       15.6746135504
  1        6.1377747256       14.3102715286        7.5110773415
  2        5.7732942259       14.5947139130        7.8089808414
  1        5.4273961291       14.8969254414        8.1115080265
  1       11.5948078684       23.3270214514        9.3598457446
  2       11.1455914049       23.3442368773        9.6767182710
  1       10.6990541820       23.3474733155        9.9978008663
  1       10.5837086792       11.0394076167        1.1230931850
  2       10.4217701632       10.5415204924        1.2915696773
  1       10.2614146723       10.0376407043        1.4428683049
  1       19.7431852875       15.9922765307       16.9855812005
  2       20.2374747848       16.0546989904       17.2185647395
  1       20.7414824715       16.1095049327       17.4318076981
  1       10.7886582054        1.5280370743       22.6854681308
  2       11.2771289054        1.4673608649       22.9308551166
  1       11.7645974424        1.4221096067       23.1815077608
  1       20.7404344682       12.9817667910       24.3261347814
  2       20.7844272256       12.6528122569       24.7647160758
  1       20.8254884087       12.3225557097       25.2026025808
  1        7.8894456878       23.3169127678       25.1195580112
  2        8.4214068307       23.1787597820       25.0987951837
  1        8.9527613122       23.0399167184       25.0690459368
  1       17.7403467794       13.0105096347       14.4300432232
  2       17.3146094542       13.1243447259       14.1009698242
  1       16.9069520576       13.2248747328       13.7457105334
  1       23.8417903775        8.0541411503        5.0858710941
  2       23.5753493819        7.7864763523        5.4857019981
  1       23.2925030041        7.5010856063        5.8612683007
  1       22.7499969279       15.8939636353        3.7797008155
  2       22.3942808442       16.2526552389        3.9972011632
  1       22.0082998251       16.5853495252        4.2041629078
  1       23.3933279967       14.2168872316       16.9076269510
  2       23.6314427352       14.1687027477       17.4010634989
  1       23.8755983518       14.1092954075       17.8903065896
  1        0.2764390477        6.9556903919        7.8820412408
  2        0.3039245032        7.3321122531        8.2821051508
  1        0.3180009692        7.7235064353        8.6682559585
  1        9.3030632965       10.3863113585        6.3769686364
  2        8.9664515456       10.4657244360        6.8046204717
  1        8.6252947704       10.5275677270        7.2315718285
  1        7.8453589260        6.5357442640       24.8937781448
  2        8.0250782183        6.1146817725       24.5889710678
  1        8.2091266036        5.7059155454       24.2703233587
  1       18.9451365599        4.4569543765        2.6456531096
  2       19.1210088978        4.2267160118        3.1131562820
  1       19.2814307726        4.0107504685        3.5928683886
  1        5.8633960922        1.6713004634       13.0037508694
  2        6.2491862709        1.3000667790       13.1296535684
  1        6.6387693661        0.9284136330       13.2418986127
  1        3.4715870667        8.0538267604       24.6043038044
  2        3.8975612963        7.7067189531       24.6280129965
  1        4.3152239571        7.3498393906       24.6543735476
  1       20.2238196265        1.3449626708        5.8595403194
  2       20.7575021959        1.3793992067        5.7310995156
  1       21.2898090036        1.4116133431        5.5965197591
  1       15.6380902750        9.0133803774        0.0248991879
  2       15.9776197478        8.7462595671        0.3652904477
  1       16.3446099850        8.5144091013        0.7030233692
  1       24.6399962755       10.0323033261       15.0122463343
  2       24.1600460961       10.1876572502       15.2313649861
  1       23.6766623330       10.3444126815       15.4417643001
  1        7.5487421662       13.4652990758        4.1135834026
  2        7.8545641928       13.8773801804        4.3114774433
  1        8.1740078386       14.2782060071        4.5109628131
  1       19.5393571396       15.2704407052       11.6339466535
  2       19.1064107033       15.4739583587       11.3625835241
  1       18.6659728555       15.6439628087       11.0804257877
  1        0.9616184944       21.0093132723        3.8687982595
  2        0.7963044431       21.3391639776        4.2766827734
  1        0.6552032648       21.6631496501        4.6981370894
  1        7.7387126229        1.4773253985       25.4154275781
  2        7.5633506001        1.2986974401       24.9256927381
  1        7.3645371710        1.1291088299       24.4417372415
  1       23.8721693512       19.3475783301        6.2556408011
  2       23.5913458226       19.7922377948        6.4166256021
  1       23.3221737872       20.2409234871        6.5861176784
  1       10.8863158579       15.6454847367       20.7717985892
  2       10.9806738944       16.0129365367       20.3735828993
  1       11.0476765061       16.3994073953       19.9880301475
  1        4.9209728711        3.2073093493       22.6719290401
  2        5.2769094236        3.5424557464       22.9238934487
  1        5.6073592041        3.8787127042       23.2071498693
  1       17.6670274122       14.1731663302        8.4301242200
  2       18.1711583530       13.9534943131        8.4203160884
  1       18.6751894036       13.7335030266        8.4278349219
  1        7.4628914625       11.3053761236       25.1840089924
  2        7.2525639020       11.7861096516       25.3488046002
  1        7.0643998595       12.2680332182       25.5354699909
  1       24.2728927229       18.4937546051       17.9328476443
  2       24.2267857958       17.9637586608       17.7932824255
  1       24.1251494831       17.4411867627       17.6551206718
  1       24.5669301309       19.2043359967       24.3912002624
  2       24.2734562171       19.6128896281       24.1688109817
  1       23.9844189637       20.0288704415       23.9545274591
  1        7.4223127663       18.0228306998       22.1715445084
  2        7.0737592882       17.6086974412       22.2690335697
  1        6.7088757099       17.2071506949       22.3591456318
  1       15.3783659592       16.3539545513        1.6656658323
  2       15.2702062534       16.4438463415        1.1339507356
  1       15.1576704169       16.5265832895        0.6019824264
  1        0.8661707894       14.8072170584        8.6564691010
  2        0.3919150866       15.0251825979        8.8298834948
  1       -0.0834793049       15.2503329004        8.9905306636
  1       18.2651274044       19.5776497567       21.3513357346
  2       18.3652942840       19.9907504619       21.7003549369
  1       18.4299205499       20.4095937778       22.0509169449
  1       11.4995667702       19.0415781069       14.9048992638
  2       11.0656395440       18.7798730610       14.6910824467
  1       10.6385300598       18.5251129914       14.4561892913
  1       15.9134761232       23.1380485611        7.7597936413
  2       15.4448733414       23.1793977484        7.4748345608
  1       14.9768733945       23.2544330136        7.1958260347
  1       16.9639838488        3.1545544268       24.0534989970
  2       17.2270594987        3.6375499574       24.0509455938
  1       17.4726092753        4.1296809076       24.0544717929
  1        8.7438588166        8.0857193866       16.6831708968
  2        8.3797435704        7.9412663074       17.0692452360
  1        8.0125979747        7.8100396128       17.4571674771
  1       23.6681975821       14.5993565889       21.2392827274
  2       23.3809868758       14.9817488288       20.9676466013
  1       23.0959059553       15.3706994597       20.7031730213
  1       22.4775206874       24.0372434535       24.4164562037
  2       22.1946214806       23.6490088919       24.6843031075
  1       21.9052304489       23.2727987564       24.9621857513
  1       19.3817211287        5.8399204876       16.1428043586
  2       19.1260270398        6.1941435750       16.4769398659
  1       18.8836661900        6.5426937103       16.8266168892
  1       24.7444573365       10.2449488744       21.1430171018
  2       24.4050815590       10.5908695734       20.8828960691
  1       24.0672248667       10.9364247687       20.6203232954
  1       15.5508798225       17.4193288492       10.6289842118
  2       15.8263060759       17.7238050113       10.9949550381
  1       16.1205813100       18.0346570890       11.3403143746
  1       10.9179064580       20.2648357874       22.4915907017
  2       10.9959570685       19.7882856797       22.2283263915
  1       11.0448495259       19.3018397441       21.9763742565
  1       12.6108222949       10.3573311529       17.2260267651
  2       12.3361458683       10.3043643642       17.6995744185
  1       12.0708873230       10.2577830411       18.1791242944
  1        7.3336315326       19.3157886948       25.4422627658
  2        7.8469823199       19.5130748480       25.4352525645
  1        8.3624159016       19.7049713856       25.4332674562
  1        5.2880828113       10.3276589489       13.2151187653
  2        5.0421739545       10.5325862572       13.6623699614
  1        4.8227481846       10.7381527035       14.1229074373
  1       20.7315071689       11.2493518551       17.2721657172
  2       20.5275740753       11.0869085545       16.7878894867
  1       20.3318828948       10.9355421905       16.2966734602
  1       13.6132170429        9.7541366902       22.4620222062
  2       13.6633019308       10.2213772854       22.7478153661
  1       13.6544930854       10.6965296348       23.0246775124
  1       12.8190896395       19.0883758773        4.5384741608
  2       12.9136439837       18.9155004872        4.0249826073
  1       12.9998406318       18.7517659418        3.5070432909
  1       20.1353060941       24.7226182661       10.9674951982
  2       20.5145388473       25.1159011191       11.0308285736
  1       20.8939983719       25.5107786645       11.0816438497
  1        8.6767286003       15.5313598717       11.3488478316
  2        8.9140704974       15.2579874697       10.9347990981
  1        9.1220740681       14.9861709885       10.5042757954
  1       22.6012831550        8.6033872113       24.2336532352
  2       22.9338303399        8.2027152987       24.0565250661
  1       23.2608814777        7.7913933411       23.8941926929
  1       17.1075605133        0.4979716083       17.7357591290
  2       17.2198296898        0.4090557554       18.2667860616
  1       17.3320812584        0.3314931615       18.7995933705
  1       21.9338964352       23.0700155675       14.1829194009
  2       22.1318852205       23.0153095200       13.6727158246
  1       22.3351615205       22.9843273605       13.1625993177
  1        6.1658336120       16.4157474528        2.7863587320
  2        5.6792124544       16.1662051315        2.8449119460
  1        5.1884823722       15.9224880598        2.8927238096
  1        6.5867261968        6.4249156390       20.3972157036
  2        6.9300033216        6.1977079759       20.0324726524
  1        7.2711978672        5.9793676172       19.6604326427
  1        3.4708371024       21.6379388924       18.3231429501
  2        3.5469938301       22.1694847202       18.2041505734
  1        3.6253194546       22.7056923745       18.1100950203
  1       25.3056918666       21.8023018599       16.9319823010
  2       24.7786825027       21.8522571655       17.0811989147
  1       24.2529665588       21.9209015612       17.2275228439
  1       16.8805741028        0.3699815635        5.8148262970
  2       16.4891128871        0.6680129713        5.5689901797
  1       16.0903057769        0.9593593921        5.3269774714
  1        9.8051692564        7.8112272634        8.6048919668
  2       10.0962445077        8.2420801442        8.7841710599
  1       10.3876126361        8.6831679863        8.9359805732
  1        9.0978962856       14.9257099660       24.9663763493
  2        8.7788626452       15.3721741946       24.9291308262
  1        8.4702190491       15.8252666575       24.8850133748
  1       21.0992720504       11.1270089753        3.3470542101
  2       21.3661683356       10.6461197484        3.3505073852
  1       21.6482696987       10.1744484369        3.3294125079
  1       14.7008790382       10.2679982600        9.0271280558
  2       14.1685413668       10.1321843516        9.0530353124
  1       13.6336415262       10.0152715900        9.1051272086
  1        5.0302625887       24.1545883092        4.4157973028
  2        5.3476975733       23.9209900383        4.0321739481
  1        5.6899574380       23.6928912828        3.6670313160
  1        0.5624989510        6.7176300688       17.2568171247
  2        1.1014840278        6.6152195390       17.2179948327
  1        1.6379221723        6.5026820695       17.1725037997
  1       19.3184460554        7.0735487111       23.2057606795
  2       19.7914014969        6.8155077160       23.3163409453
  1       20.2664569000        6.5642420143       23.4333362873
  1       21.5984289606        3.8974654599       25.1161550797
  2       22.1189475601        4.0741175648       25.1349811626
  1       22.6438922287        4.2324708737       25.1780778378
  1        7.2056611467        4.6125906294       10.1479066512
  2        7.0062586361        4.7972876598       10.6260547932
  1        6.8201196953        4.9814715132       11.1097164538
  1       10.9206528162       22.5426389938       17.0620556669
  2       11.1114818602       22.4311601253       16.5584122039
  1       11.3317664633       22.3201027048       16.0668423289
  1       20.4300384363       24.3418439860       17.1875964346
  2       20.4500221047       24.8841561066       17.2770291853
  1       20.4570806941       25.4269960558       17.3652049463
  1        4.5227089171       21.6117443169       12.3522120925
  2        4.5536386187       22.1561733152       12.2805153745
  1        4.5927302015       22.6991328196       12.2019862479
  1        3.4149706734        5.9728425981       21.1230887899
  2        3.3850544991        6.2236472578       20.6345173568
  1        3.3583506171        6.4600057043       20.1386125409
  1        8.6997231010       10.6339921095       20.1528417775
  2        8.2430779485       10.9348538059       20.0940417402
  1        7.7751828190       11.2217329025       20.0583411699
  1       25.1347971223        6.4142354932       20.3374138214
  2       24.7117710118        6.2400903310       20.6427372111
  1       24.2841827533        6.0504363912       20.9320461521
  1        6.8676881149        7.1310763250        4.1321327659
  2        7.3042357479        7.3559963003        3.8844693474
  1        7.7402861249        7.5923222507        3.6467507893
  1        8.2512293564       25.8776884481        3.0775103500
  2        8.4448678641       25.4010709037        2.8829856866
  1        8.6014000660       24.9220830084        2.6626035981
  1       21.4866730958        9.1515173185       21.5193773238
  2       21.2631172911        9.1405299655       21.0169809860
  1       21.0421242483        9.1270192629       20.5135134747
  1       21.9182973495       19.5231265455       14.5126425264
  2       22.4126030621       19.7231945718       14.3779775814
  1       22.8913856356       19.9640886562       14.2545381775
  1        2.6058511508       16.3531264822        5.9773087962
  2        2.5902535877       16.8494675707        6.2137453413
  1        2.6256416652       17.3520114940        6.4344199618
  1        9.7860511580       19.2251360446       18.6837155934
  2       10.2808289797       19.0756817117       18.4956775401
  1       10.7752488409       18.9225391116       18.3096766156
  1       17.3755632630       11.6838265943       22.6528390564
  2       17.3766991187       11.3371606491       23.0798301948
  1       17.3422221619       10.9739514086       23.4914008279
  1        1.2959568135       18.0293844076        1.8089138076
  2        1.5889025989       17.6302157588        1.5694411441
  1        1.9096664089       17.2384322081        1.3546942544
  1       14.7533787106       18.9140816394        7.0805489829
  2       14.3913505404       19.1804308657        7.3975563860
  1       14.0624118586       19.4782343842        7.7225370115
  1        7.9687595696        1.5148477039        9.6572063527
  2        8.4794874051        1.3306668727        9.5692603497
  1        8.9857965557        1.1377961238        9.4746457776
  1       15.4105781276       25.3636949785        1.7119474941
  2       15.0439205663       24.9560449544        1.6685459894
  1       14.6702888378       24.5599497908        1.5910350106
  1       17.2678378813       12.1047260506        1.8399910955
  2       17.0504219159       12.0497991085        2.3421995473
  1       16.8343622315       12.0052612229        2.8460195435
  1       20.1229187889        3.3730106917       13.6258279735
  2       20.3446517735        3.1878144032       14.0938416681
  1       20.5755226585        3.0043821169       14.5581166188
  1       22.7012907555        3.8070242871        3.9995911625
  2       23.1720177402        3.9459171608        3.7513475814
  1       23.6502572744        4.0817865781        3.5161318329
  1       15.0988686059       14.0260689089       11.1829529571
  2       14.6768930375       13.7052359886       11.0363144325
  1       14.2483026626       13.3915497518       10.8934465413
  1        6.6819752714       21.2447451299       21.4925690114
  2        6.6487533526       21.1681442519       22.0361944427
  1        6.5841333331       21.1083622868       22.5791036145
  1        7.4396602125        4.6969877035        2.1528657511
  2        7.1458312242        4.3976734698        2.5086402796
  1        6.8442141055        4.1163195499        2.8724631547
  1       19.7072237249       19.9347367677        4.7897762079
  2       19.4947934238       20.3049611461        5.1366296017
  1       19.2711235035       20.6735933779        5.4780707290
  1        3.3836823262        5.0692600009        7.9644743337
  2        3.2124765170        4.9274124941        8.4675328350
  1        3.0405262307        4.8141395615        8.9775351298
  1       18.3687247112       16.9281925586       24.3045502913
  2       18.8301457514       16.6670565988       24.4508330112
  1       19.2898464875       16.3910866414       24.5733720450


Molecules in box 2
##############################################################################                                           
Moleculetype  1
Number-of-molecules: 168   
Atomtype         X                  Y                   Z
  1       49.6417825300       45.9832691704       47.8892960348
  2       49.7870537266       45.4529805659       47.8755019998
  1       49.9009846449       44.9149131499       47.8737129428
  1       42.8517066560       25.9691049183       19.7895395452
  2       43.3441037222       25.7291507458       19.7398693906
  1       43.8494662911       25.5158694092       19.6996233422
  1       35.1216026106       49.9455670494       14.4934212365
  2       34.6044219135       50.1313487108       14.5159889316
  1       34.0851273013       50.3125194855       14.5127865781
  1       28.3325704548       24.6382970610        0.8090249582
  2       28.0018783575       24.2256628048        0.9602721311
  1       27.6906822870       23.8159182698        1.1546079765
  1       25.6899767518       32.3742635311       29.1459418347
  2       26.0216088220       32.4931160825       28.7235744105
  1       26.3774681602       32.6084083517       28.3203724474
  1       14.0570431867        2.6866490803       46.7788596426
  2       13.7946244266        2.6034856023       47.2550111209
  1       13.5347618958        2.5286669782       47.7339408001
  1       20.4607867446       29.6919472953        6.6808785011
  2       20.8131126973       29.3251245441        6.8901808954
  1       21.1613669932       28.9571997099        7.1043076352
  1       21.4836425059       11.5506915967       47.7492911811
  2       21.5428158602       11.5713562676       48.2957081332
  1       21.5993557543       11.5955517873       48.8422589691
  1       22.8620734481       11.8038395204       43.5193921145
  2       23.3043730228       11.6179649606       43.7883191199
  1       23.7435622996       11.4008587626       44.0382744698
  1       47.0023152965       49.3451618564       30.7745223607
  2       47.3376937315       49.3983555943       31.2071789584
  1       47.6868433820       49.4466609784       31.6293887528
  1       24.1039409499       49.4999492811       16.3374735450
  2       24.5694171183       49.2071836339       16.3484376909
  1       25.0304856643       48.9084588782       16.3745013663
  1       39.5900167319       30.4761648179       24.3118079222
  2       39.0539892017       30.5852160384       24.3690994414
  1       38.5202227633       30.7009736628       24.4338571489
  1       28.5832127774       31.4456037509       21.8658772295
  2       28.3470721292       31.4090153095       22.3612547424
  1       28.1400215118       31.3693946310       22.8692510442
  1       28.9093128770       26.1692738131       32.5476871714
  2       28.9952912200       26.2888753220       33.0775958462
  1       29.0522343414       26.4053996066       33.6120858564
  1       40.1637485154       45.3850068134       46.0143601194
  2       40.6339896558       45.5533175504       46.2446746125
  1       41.1097761939       45.7139651134       46.4689947622
  1       15.4585173361       14.0620260706       34.4512657620
  2       15.1599738366       14.5065843721       34.3258078191
  1       14.8561560127       14.9355074085       34.1638826582
  1       14.1438559275       14.8943502671       42.8119775245
  2       14.1835484627       14.4941855842       42.4367539522
  1       14.1963278230       14.0766075589       42.0790316022
  1       48.6653010517       29.6106715946       20.9949519723
  2       48.8855143038       29.2301038706       21.3253673640
  1       49.1268801385       28.8572520680       21.6497499562
  1       31.2706754820       33.6965215677       23.4416955775
  2       31.4241085690       34.1584233087       23.1855607118
  1       31.5684181920       34.6170377535       22.9184511411
  1       37.3633969598        3.3072297477       26.4428949987
  2       37.3488773703        3.2418186822       26.9887984463
  1       37.3051517827        3.1738681260       27.5328304250
  1        9.2194416246       31.8141513184        0.0856593043
  2        9.5642165160       31.8187960448        0.5141551629
  1        9.9380401538       31.8409688401        0.9169755371
  1       37.3018151167       15.2564866287       21.2832973968
  2       36.9347629284       15.6061755577       21.4965820516
  1       36.5671527973       15.9383315601       21.7354024457
  1       11.6089239179       13.4952545926       44.9716110362
  2       11.5427427276       14.0389224036       45.0220626107
  1       11.4805395795       14.5827469160       45.0757810154
  1       23.4950489458       49.6481504829       31.8486089814
  2       22.9685099037       49.5267685221       31.9511909325
  1       22.4378783579       49.4260323508       32.0550291980
  1       26.2424281964       28.6564930956       24.9665303618
  2       26.7482894877       28.8146846284       24.8196297393
  1       27.2439549924       28.9954868590       24.6643034381
  1       46.8960752755       44.6276830422       26.5618717978
  2       46.4253492543       44.3697313626       26.4419637329
  1       45.9453572974       44.1146982824       26.3579051324
  1       15.3067938103       10.9421149536       39.8718172983
  2       15.6981820328       10.7439967940       39.5400576652
  1       16.0846806666       10.5718886532       39.1886354222
  1        5.6601366559       19.4380551290       35.7701597087
  2        5.1829821866       19.7113260823       35.7580519247
  1        4.7051066761       19.9828118462       35.7787998269
  1        3.1176250083       48.9461010380       26.6993516121
  2        3.3524245957       48.9442409180       26.2019928948
  1        3.5842152652       48.9556228024       25.7033512026
  1       34.7370330054        8.1005794345       50.9888454410
  2       34.5292237657        8.1209982965       50.4800248538
  1       34.3287544854        8.1241522045       49.9678704634
  1       39.8383365105       17.9691661480       22.9529261485
  2       39.6285889645       17.7028338403       23.3860232148
  1       39.4345663081       17.4215762076       23.8170097015
  1       16.0537752720       36.5136327755        2.2638777381
  2       15.9054076745       36.5978479031        2.7867494894
  1       15.7489913726       36.7001261085        3.3040241825
  1       26.4970834302       13.4117253380       50.4576625779
  2       26.2502059967       13.8650904692       50.6474297790
  1       26.0092667081       14.3294851839       50.8170935853
  1       45.1059511555       47.7150118368       34.4758984593
  2       45.6115651999       47.9300916417       34.5002934499
  1       46.1172481180       48.1445054087       34.5287806730
  1       47.2434063926        6.0394874047       26.0421708209
  2       47.0424730685        6.1010651243       25.5339051584
  1       46.8556176861        6.1559246350       25.0195361283
  1       30.8994445328       27.4978782522       26.2902108055
  2       30.6137311923       27.0534694484       26.1373425544
  1       30.3269517634       26.6017545172       26.0100194260
  1       29.0270258747       11.8166751746       43.9754455093
  2       28.7862514915       11.4590180861       44.3169262604
  1       28.5305448152       11.1104847325       44.6569830146
  1        8.0486433184       16.0515577218       44.2326182653
  2        7.8254085777       16.5249767466       44.0636784019
  1        7.6075552724       16.9876547587       43.8612704141
  1       33.5207613636       11.9357840915       48.7840321914
  2       33.7376120020       12.2880560384       48.4215680192
  1       33.9624637814       12.6300114135       48.0541334023
  1       44.4889527938       45.9967777913       31.6832074842
  2       44.0126002050       45.7235315732       31.6527983495
  1       43.5363167034       45.4500375244       31.6235574476
  1       18.3535806244       10.1822116125       24.5403883739
  2       18.0042999388       10.0458597469       24.9427702465
  1       17.6595366263        9.8932156249       25.3431925603
  1       17.0104448510        5.6428392168       41.3991857420
  2       16.8360031993        6.1633373519       41.4331239438
  1       16.6635982088        6.6854714434       41.4454733838
  1       36.8259287174       28.1976561510        3.4673667852
  2       36.5579160073       27.7396009162        3.3229556042
  1       36.2765394095       27.2931414771        3.1680324672
  1       47.0969107557       12.7978899053       47.0027995260
  2       47.3003761730       12.9917140126       46.5300056604
  1       47.4969520881       13.1724306752       46.0491736768
  1       41.7773132938       41.2001978724       27.6407820742
  2       42.2721565759       41.3880300409       27.7902785711
  1       42.7712280599       41.5691870784       27.9338396403
  1        8.8477145142        0.8827569014       21.2131099922
  2        8.3062831864        0.8123628982       21.1468016099
  1        7.7729539290        0.7159481873       21.0531848073
  1        3.0258365858       27.5707341773       41.8689868512
  2        2.6866131083       27.8851792171       42.1665633107
  1        2.3547614992       28.2039651032       42.4678108291
  1       27.2382135781       28.9884014314       34.7419221129
  2       27.4064014119       29.2349629310       34.2799477852
  1       27.5787835824       29.4927680322       33.8257221628
  1       32.1722898745       45.4273722808       40.3606169130
  2       31.6664693496       45.2458799380       40.4776900785
  1       31.1705937054       45.0422143718       40.6006847192
  1       43.7762967163       13.0396399656       47.1547327376
  2       43.5645064272       12.5449322283       47.2683510818
  1       43.3985295712       12.0281121926       47.3569441569
  1       44.9071626438       11.4946585522       32.1151851048
  2       45.2116160646       11.3412211767       31.6836007141
  1       45.4974794294       11.1797897818       31.2423275102
  1       20.7781822052       14.9087721357       38.6558208554
  2       21.0326155487       15.2393869852       38.2974111806
  1       21.2642227675       15.5807766530       37.9336651292
  1       44.4492648574       31.0282293211       47.0091907462
  2       44.8678626187       30.8766262156       47.3321341044
  1       45.2648941125       30.7275207717       47.6823248503
  1       17.4456887784       11.9862146533       28.2781906896
  2       17.2825229212       11.4632818650       28.3273659064
  1       17.1090204388       10.9433351224       28.3726679201
  1       29.7689079301       16.4811884513       49.4334612213
  2       29.6368506327       16.6434574544       49.9421159577
  1       29.4990597912       16.8010818616       50.4507103239
  1       11.4651246146        6.7354257445       16.1127261584
  2       11.3479992044        6.2619832004       15.8584943827
  1       11.2503546915        5.7935443106       15.5873292032
  1       35.4814239410       31.9095012651       26.1621465405
  2       35.2459590385       32.3848315611       26.0168283056
  1       35.0150804084       32.8640345193       25.8769727297
  1       28.3438664480       46.5895453682        9.2286446190
  2       27.8202348974       46.4950628243        9.3678676350
  1       27.3025642656       46.3689527061        9.5042984015
  1        6.8118408253       42.9431044236       10.9788207606
  2        6.3285366100       42.9499188709       11.2412528446
  1        5.8453951063       42.9598806573       11.5038838580
  1       17.0146442409       17.9056854845       46.7583471713
  2       17.1266315745       17.7954736242       46.2312682560
  1       17.2414142853       17.6788345444       45.7061775464
  1       22.3510722209       50.2676538259       25.6528303465
  2       21.8355463952       50.1119769253       25.5410366723
  1       21.3269056136       49.9351281412       25.4291927547
  1       17.1790237360       48.8879644622       40.6091447834
  2       16.6387844706       48.9446184509       40.5229365377
  1       16.0982923912       48.9871621757       40.4304252273
  1       18.8067825501        5.7192667630       25.0545764613
  2       19.0684438836        6.2011476822       25.0972862532
  1       19.3055717250        6.6966628087       25.1243998137
  1       41.8836399904        5.8819478149        6.1005787215
  2       41.9420052855        6.3632889885        5.8409555967
  1       42.0171632831        6.8439513216        5.5844112614
  1       46.1638834642       44.0851539062       44.9897584875
  2       46.3302572048       44.2071822552       45.4995906761
  1       46.5216815858       44.3245623497       46.0016649921
  1       18.7447992708       49.6577387400       10.1749934679
  2       18.3581214255       49.4156946367        9.8677559441
  1       17.9831441014       49.1763779153        9.5443065474
  1        8.4962634297       41.2228050307       29.6580007576
  2        8.0590354864       41.0980415525       29.9674612562
  1        7.6211447687       41.0115538477       30.2888202380
  1        0.0245733287       43.4045668359       10.2618510487
  2        0.4193715716       43.0218547125       10.2747265282
  1        0.8099569281       42.6354004944       10.2991440550
  1       17.8589247360       23.8967089233       10.3901015214
  2       18.1475172052       24.1111948935       10.8062867630
  1       18.4493449087       24.3223124895       11.2147343080
  1       23.6575485444        1.3648633653       28.9889721836
  2       23.9389664925        0.9994040383       28.6894001241
  1       24.2329670785        0.6530019736       28.3794497023
  1        3.1976984930       39.4788121769       20.6437453953
  2        2.9752800497       38.9825150183       20.5617748740
  1        2.7160185485       38.5038830754       20.4830669569
  1       26.8796568905       51.0942473900       11.5509374973
  2       26.9859727436       50.5784305590       11.3924132521
  1       27.0960823137       50.0568225521       11.2571321795
  1        1.1621525408       33.5023872137       33.7662866142
  2        0.9076234017       33.3563450162       33.3011128898
  1        0.6686727256       33.2266533527       32.8230097150
  1       19.4426338016       50.1469234741        4.1622085330
  2       19.9509075484       50.2528350975        3.9807132814
  1       20.4567834966       50.3704056350        3.7996975565
  1       36.0324184707       26.7482672522       42.1526603940
  2       35.8658200839       27.2679537473       42.2210045545
  1       35.7007723541       27.7875661912       42.2935452609
  1       36.9539863960       11.9664217322        0.7463705236
  2       36.6058449614       11.5406517823        0.7421882701
  1       36.2616361693       11.1117007094        0.7468016694
  1       40.0954718929       50.3246049439       41.2914206012
  2       39.7358962460       50.1539184940       41.6709881051
  1       39.3764949347       49.9765254647       42.0476343709
  1       42.5039196421       24.3339052093       11.1092176451
  2       42.1688404423       23.9716678323       10.8663061127
  1       41.8152117092       23.6177936851       10.6377895794
  1       33.7259457578       15.2654243118       37.3292795465
  2       33.5604845572       14.7769977122       37.5204915962
  1       33.3824152642       14.2947707756       37.7160638525
  1       28.3566330300       18.7619711919       35.7504687049
  2       28.6655359906       19.2015096971       35.6326346545
  1       28.9455662081       19.6592565650       35.5120076214
  1       32.6530940252       33.2505934486       48.0848600636
  2       32.2610614706       32.8885086524       48.2179204881
  1       31.8672651063       32.5317456834       48.3598521840
  1        7.9494316374        8.6879948226        4.0073327636
  2        8.0904864746        8.1564570225        4.0157648422
  1        8.2215238632        7.6223864353        4.0256547223
  1       39.2719437789       39.6977732182       47.6279930353
  2       39.3376216155       40.1973092268       47.8485609338
  1       39.3956709550       40.6933612814       48.0789142110
  1        7.8747903532       29.7684724510       33.5813924338
  2        8.1779113540       29.9348809416       34.0090907774
  1        8.4756145316       30.0718512262       34.4508055703
  1       38.2409341152        6.2371708896       45.0717504273
  2       38.2928218626        5.8176997980       44.7198247746
  1       38.3341106856        5.3935114945       44.3721762233
  1       29.2178416143       46.4148224752       25.2818573026
  2       29.1933529025       45.9352488597       25.0136979278
  1       29.1862427877       45.4436528060       24.7671563183
  1       44.5196911643       27.2243042377       15.4353709765
  2       44.7784637932       26.9438584736       15.8314604865
  1       45.0520758511       26.6814005341       16.2298977723
  1       43.0953015704       36.8664331202       39.8246497460
  2       42.9392557560       37.3909460807       39.7695511239
  1       42.7410406038       37.9004282228       39.7092294922
  1        8.5801705367       23.7413552502       17.5486246750
  2        8.3177783192       24.2054870282       17.6836506608
  1        8.0827149455       24.6839646651       17.8189442687
  1       46.5996149020       19.5070023560       35.0958771252
  2       46.8261218212       20.0042410429       35.1587126543
  1       47.0506635350       20.5058229019       35.1809984460
  1        1.7686235611       23.1605235854       51.2947630847
  2        1.4193027522       22.7489412884       51.1895253284
  1        1.0500168420       22.3552532886       51.0839901479
  1       45.1261670647        0.3853914475       36.3385234650
  2       44.8354397585        0.8173779709       36.1614210172
  1       44.5701790809        1.2702001248       35.9968340528
  1       32.0637912783       32.6724674024       15.3646557938
  2       32.2639191897       32.2280915272       15.6195653870
  1       32.4792710042       31.7909382509       15.8745567750
  1       24.4702194170       37.5606123720       21.8777594119
  2       24.7536209565       37.2664028258       21.5094873517
  1       25.0504043317       36.9623490359       21.1602439981
  1       22.0387659372       23.6488831733       13.0673280016
  2       22.2408325862       23.4544281587       13.5404625666
  1       22.4202459470       23.2709107651       14.0269111366
  1       23.8335068027       30.9680971842       21.5976156549
  2       23.3118553396       31.0612308206       21.7449447995
  1       22.7871176395       31.1523696877       21.8822184386
  1       27.5359605849       34.7388539115       40.8321221211
  2       27.8257348545       34.5313631998       40.4132206085
  1       28.1070727851       34.3331123651       39.9842152771
  1        8.7449292556       40.4336129022       15.2465089451
  2        8.3905347125       40.7807617738       15.0090385916
  1        8.0557804807       41.1250314724       14.7408633171
  1       35.2550602594       49.2028111365       24.4308280855
  2       34.8305488232       49.5205506369       24.2847744980
  1       34.4394690627       49.8754313444       24.1310985291
  1       38.9363263343       12.6890629091       42.3854242304
  2       38.7351151868       12.2898739829       42.7058337735
  1       38.5295036927       11.9160861917       43.0529743785
  1       10.2197853169       45.1252947081        3.0900110662
  2       10.2357473959       45.6348331373        3.2964470155
  1       10.2529959341       46.1393657008        3.5147343932
  1       24.3583620928       36.9153426554       13.0716297979
  2       24.0541979531       36.9981325255       13.5223292693
  1       23.7369548203       37.0814211428       13.9638264945
  1       37.1960740129       13.7422689818       39.3178958986
  2       37.5539477309       14.1582924461       39.2811415908
  1       37.9134046550       14.5738210991       39.2561084673
  1       16.7319298010       33.4562014053        7.4625350647
  2       17.2693750208       33.4715740516        7.5783638927
  1       17.8097151162       33.4735231031        7.6809737436
  1       29.0820747231        9.8836267326       15.7582379696
  2       29.1253837243       10.1818577726       15.2981482205
  1       29.1501696048       10.4951671520       14.8467914970
  1       44.3488541949       27.0965592648       50.4980764062
  2       44.6539398330       27.5114078398       50.6912690903
  1       44.9620304673       27.9276121628       50.8766177390
  1       50.8471978628        2.9533155712       26.9397818371
  2       50.9857513946        3.2328418621       27.3927365495
  1       51.1116228222        3.5360904819       27.8339809912
  1       19.6764090142       38.9531355281       29.2829581521
  2       20.1078364680       39.0980158382       29.5917947558
  1       20.5358908516       39.2322705252       29.9099851433
  1        6.4498640569       44.4458975250       17.2558825601
  2        6.4360077189       44.3492365203       16.7146204683
  1        6.4190379220       44.2639919977       16.1715317128
  1       41.2794313816       22.7602882406       40.1877295291
  2       40.9436348376       22.3258383916       40.1562016089
  1       40.5997367062       21.8987829277       40.1131005078
  1       45.7734878871        5.5752385823       21.3448484333
  2       46.1678773551        5.9026150411       21.1453951761
  1       46.5771900543        6.2222259464       20.9642543955
  1       12.8118608557        1.0256167928       11.6881478437
  2       12.5595112057        0.8905488361       12.1578033570
  1       12.2899273977        0.7477162590       12.6154313985
  1        7.0752498674       46.3880563115       48.3779452762
  2        6.7215388446       46.1260027194       48.7076670184
  1        6.3699724914       45.8801881621       49.0518708848
  1       11.5817656503       37.6659626101       41.2995616506
  2       11.5043518284       38.1281816572       41.0117063872
  1       11.4295683662       38.5964226207       40.7330348371
  1       19.0158946476       11.5593122076       20.3128365769
  2       18.9744127465       11.9980096913       20.6419623426
  1       18.9572076415       12.4539072049       20.9491454158
  1       14.6362929986       12.9405560279       48.6495630453
  2       14.5883278727       13.4558359452       48.4633213918
  1       14.5578818347       13.9576708674       48.2403085029
  1        1.4718604234       17.5209496866       41.3325195966
  2        1.2946910939       17.0317098811       41.5107201616
  1        1.1091055986       16.5635263826       41.7317681986
  1       38.8407422828       24.9722370492       32.8774530885
  2       39.3056113246       25.0718591868       32.6009170083
  1       39.7701764593       25.1544135459       32.3183147924
  1       25.5367632304       38.1391927968        6.8382718384
  2       25.2500064892       37.8428148449        7.2021821035
  1       24.9750026100       37.5257964787        7.5576708106
  1       26.1458894890       34.8582815099        9.4802505756
  2       25.8836125156       35.2510888411        9.7620540351
  1       25.6245717105       35.6563420990       10.0288267048
  1       46.9166610514       40.6538815506       44.4910502536
  2       46.6351728864       40.4985199721       44.9372869541
  1       46.3637033933       40.3746754203       45.3993116724
  1       39.6464199505       48.4875828525       37.1116857760
  2       39.4156336662       48.0902093813       37.4138976477
  1       39.2079368266       47.6859581968       37.7236443210
  1       49.1957237102       27.9094901751       35.3100571414
  2       49.6462392546       27.6674410172       35.1077011448
  1       50.0779219290       27.4156383358       34.8780373094
  1       31.7861543190       44.4064398021       47.5655640847
  2       31.7445002107       44.9544844355       47.5858622384
  1       31.7027151360       45.5027912404       47.5965231102
  1       11.8758574344        1.1034666647       42.9335165017
  2       11.7361907421        1.0574700270       43.4634952978
  1       11.6148865415        0.9698718915       43.9927512440
  1       50.7278841255       51.0399302918       28.2428855170
  2       50.2080037889       51.1453595536       28.3881752496
  1       49.6851640563       51.2570796441       28.5172381581
  1       26.7521380193       18.4204622262       12.8138421834
  2       26.7790230840       18.0457205125       12.4121634046
  1       26.8362409615       17.6615798490       12.0227252656
  1       30.5683646660       36.2386099897        3.9409406532
  2       30.4102784269       36.1442660245        3.4226666357
  1       30.2319056836       36.0442283027        2.9121026165
  1       11.5705517880       26.0875102648        3.7392876143
  2       11.7082344525       26.0571272646        3.2076671132
  1       11.8406129576       25.9960228905        2.6773443946
  1       26.6740185005        7.0500386857       27.5295973378
  2       26.3542553722        7.1135980130       27.9725552971
  1       26.0300485566        7.1927603481       28.4097317654
  1       24.5110903271        6.9142147005       21.2855938968
  2       24.4749788092        7.3370380354       20.9357133662
  1       24.4612008437        7.7431674784       20.5650800674
  1        6.3635588412       15.9310883680        4.7945902736
  2        6.6577606274       16.3578410073        4.9785127946
  1        6.9346525758       16.7875981112        5.1813419828
  1       48.0749136934       10.3795221422       25.1075921518
  2       48.1026533531       10.9255574496       25.1673914354
  1       48.1451320023       11.4713889550       25.2199607327
  1       24.7911968466        5.9972137636       14.7276657088
  2       25.1733957435        5.6157454054       14.6232344160
  1       25.5529844892        5.2276663242       14.5348771312
  1       24.5595249351       47.8099683459       12.3936269001
  2       24.2460131399       48.1496375253       12.6916792492
  1       23.9391711474       48.5117464115       12.9695733750
  1       33.3473355951       16.9478739330       42.4018383420
  2       33.2599617110       16.4334616553       42.5757515759
  1       33.1551523636       15.9165559793       42.7317115766
  1        9.7647432889       18.0083359945       49.2815129815
  2       10.2948061137       18.0831469912       49.4077536903
  1       10.8244913211       18.1328520228       49.5472635102
  1       23.9101874575       28.5595195676        2.1775680535
  2       23.9694420693       29.0556703127        2.4074013173
  1       24.0150758717       29.5543394767        2.6348801514
  1       24.8755809565        9.2558075587       16.8864036829
  2       25.2537107324        9.5613410045       16.6291738516
  1       25.6264076363        9.8719864834       16.3701441172
  1       38.3935798690       38.8637592397       28.0366786991
  2       38.5545994264       38.7555362117       27.5220327253
  1       38.7284152965       38.6211204111       27.0178299538
  1       -0.3272642254       51.5397432016        1.4005106908
  2        0.0423795814       51.2601260792        1.6966149309
  1        0.4201509997       50.9901672120        1.9914215870
  1       43.2174044765        8.7284125180       49.3538305119
  2       43.2812463945        9.2298503217       49.5705892223
  1       43.3536719331        9.7378795052       49.7684803262
  1       42.5961642777       30.4238096811       50.6895754130
  2       42.2585496706       30.6632017061       50.3273491917
  1       41.9081512939       30.8718262921       49.9583007414
  1       50.4792943713       24.7497707570       21.5658496997
  2       50.2283841914       25.1785896526       21.3299292970
  1       49.9472877524       25.5803792879       21.0808311638
  1       25.9668172029       17.2432743516       38.6113185938
  2       25.5699690259       16.9045768666       38.7853747284
  1       25.1746575802       16.5523757837       38.9343151767
  1       27.9410975853       33.5757539193       16.5707175737
  2       28.3367801571       33.2018048434       16.6488033659
  1       28.7290274369       32.8212732416       16.7107531081
  1       40.8336185183       44.1247916715        9.6813320788
  2       40.8576591348       44.6739394229        9.6623901712
  1       40.8834539027       45.2200625784        9.6025225844
  1       16.3787803091       30.8626385163       50.2011329471
  2       16.5997693455       30.7460837591       50.6911113491
  1       16.8268631289       30.6183981518       51.1754921891
  1       31.0802141300       27.5108364853       16.3245541060
  2       30.9073305813       27.6864466432       15.8328505866
  1       30.7490525717       27.8729541700       15.3402422096
  1       28.3619861088       13.7811171114       12.8612022059
  2       27.9820118129       14.1549815269       12.9966456746
  1       27.5968822990       14.5262939236       13.1243263723
  1       45.3290490463       10.3950181018       44.1849567297
  2       44.9142910340       10.7057604440       44.0007965060
  1       44.5102695545       11.0302422876       43.8164648043
  1        7.2158780371       33.1102135816       41.4760117231
  2        6.9542562777       32.8739040878       41.8981632103
  1        6.7092564062       32.6419719045       42.3325392275
  1       15.2469262145        7.4660517559       17.9510413888
  2       15.4528775125        7.9611182424       18.0734882624
  1       15.6588590513        8.4487867317       18.2226561180
  1       41.5273826317       19.0242782925       12.8261656828
  2       41.9984310649       19.0455643493       12.5430397791
  1       42.4882641342       19.0777993180       12.2949985122
  1       45.2993698468       43.7422419796       13.6588722514
  2       45.7872780777       43.5066065325       13.7533259138
  1       46.2620721722       43.2472601216       13.8523713880
  1       15.8822060036       23.2398109209       41.1087036321
  2       16.2961110899       23.3573661671       40.7661202938
  1       16.6986462434       23.4902498664       40.4156814666
  1       20.9635770745        5.0394645458       28.5379367904
  2       20.5389390531        5.3746539616       28.4387873764
  1       20.1248650541        5.7213119210       28.3345233774
  1       45.5291358113       28.0839437581        4.7015630301
  2       45.6344968460       27.5442637619        4.6895399659
  1       45.7347192488       27.0036318608        4.6764016066
  1       44.1733005897       38.4890449943       35.1824743065
  2       43.9456186985       38.0163578656       35.0174657163
  1       43.7090979278       37.5483213587       34.8516352240
  1       46.9022887538       50.6190180334       26.8764920177
  2       46.8146314651       50.1517698822       26.5999140632
  1       46.7166939522       49.6895859083       26.3183217748
  1       16.8709909313        7.8166337487       22.0089090607
  2       16.3920409147        7.9458193498       21.7713844050
  1       15.9119762739        8.1149867827       21.5630089764
  1        2.4089595741        5.8921935422       19.2430241273
  2        2.7938212868        5.5026716806       19.1915053795
  1        3.1569728431        5.0926948636       19.1411074064
  1       43.0746585361       18.6593209278       34.5455720793
  2       42.7182675202       18.3808867701       34.8585574841
  1       42.3521313933       18.0951620366       35.1531855755
  1        2.7827476388       18.6668007393        9.6811115789
  2        3.3230235239       18.7445789329        9.6136392099
  1        3.8627592891       18.8225935923        9.5422318182
  1       43.2489048943       12.4575657585       40.3543297800
  2       43.2145716431       11.9189973158       40.4604677110
  1       43.1778184860       11.3827201483       40.5768979653
  1       49.0828294008       21.1685506897       18.4992819165
  2       48.9040456120       20.8181357761       18.1149048293
  1       48.6858561915       20.5024550307       17.7209009679
  1       16.0843684297       11.6680676582       22.6165051861
  2       16.2524030061       12.0199216790       23.0044009572
  1       16.4419570176       12.3852466978       23.3692391491
  1       34.4935409507       40.8412386150       19.7057444869
  2       34.8717756674       41.2382298294       19.7485985972
  1       35.2606941425       41.6248420517       19.7907104508


Number-of-fractionals:  1        
##############################################################################                                           
Fractional-type:      2
Box:                  2
Lambda:               0.194308
Reaction-Step         1 (only used if Type = 3 (RxMC))

Moleculetype  1
Atomtype         X                  Y                   Z
  1       32.6701131380       34.4767128277       36.9952984595
  2       32.9477451086       34.1328612252       36.6679048671
  1       33.2240919972       33.7852713902       36.3433841393

------------------------------------------------------------------------------                                           

