 0.0000000   0.6095242519E-002   0.1097584490E+001   0.9689045837E+000   0.1012929482E+001
 0.0101010   0.6089067768E-002   0.1070654522E+001   0.9687865434E+000   0.9781047505E+000
 0.0202020   0.5871812823E-002   0.1118640788E+001   0.9663874840E+000   0.1013559105E+001
 0.0303030   0.5505831431E-002   0.1078099910E+001   0.9678571617E+000   0.1002784482E+001
 0.0404040   0.4986307731E-002   0.1055297202E+001   0.9659852808E+000   0.9723285113E+000
 0.0505051   0.4423836563E-002   0.1086288528E+001   0.9679919778E+000   0.9894022336E+000
 0.0606061   0.3782571316E-002   0.1086753505E+001   0.9665590878E+000   0.9997783972E+000
 0.0707071   0.3198595099E-002   0.1083768028E+001   0.9683098722E+000   0.1001784996E+001
 0.0808081   0.2719786478E-002   0.1112126401E+001   0.9704038111E+000   0.9957494715E+000
 0.0909091   0.2308323566E-002   0.1098237760E+001   0.9637569525E+000   0.9964906261E+000
 0.1010101   0.1984614255E-002   0.1136509194E+001   0.9680141669E+000   0.1038834144E+001
 0.1111111   0.1784065510E-002   0.1122625260E+001   0.9694366246E+000   0.1001678231E+001
 0.1212121   0.1665295716E-002   0.1066888679E+001   0.9765992725E+000   0.9948910668E+000
 0.1313131   0.1621735164E-002   0.1047334534E+001   0.9727785742E+000   0.1003660045E+001
 0.1414141   0.1606226482E-002   0.1105406985E+001   0.9723647305E+000   0.1016348325E+001
 0.1515152   0.1663290192E-002   0.1058861155E+001   0.9790184251E+000   0.9909479340E+000
 0.1616162   0.1770887057E-002   0.1101350334E+001   0.9743008845E+000   0.1021758991E+001
 0.1717172   0.1901166926E-002   0.1078352535E+001   0.9706993789E+000   0.1025164966E+001
 0.1818182   0.2094034732E-002   0.1035264481E+001   0.9753177639E+000   0.9896152857E+000
 0.1919192   0.2359859203E-002   0.1076901639E+001   0.9793727588E+000   0.1023873308E+001
 0.2020202   0.2672838842E-002   0.1052497925E+001   0.9741232634E+000   0.1001715885E+001
 0.2121212   0.3047950126E-002   0.1046430732E+001   0.9806325359E+000   0.1014335530E+001
 0.2222222   0.3584223772E-002   0.1040075870E+001   0.9807753595E+000   0.1001587672E+001
 0.2323232   0.4200015571E-002   0.9815091521E+000   0.9841166823E+000   0.9876811345E+000
 0.2424242   0.4995426994E-002   0.1008419245E+001   0.9792188329E+000   0.9969753555E+000
 0.2525253   0.5944981104E-002   0.1009011319E+001   0.9838904858E+000   0.1001047177E+001
 0.2626263   0.7158517287E-002   0.9941576803E+000   0.9850543222E+000   0.1004975535E+001
 0.2727273   0.8661627834E-002   0.1017707803E+001   0.9832310555E+000   0.9899775220E+000
 0.2828283   0.1060926011E-001   0.9738503671E+000   0.9805255742E+000   0.1003094289E+001
 0.2929293   0.1299325301E-001   0.9726792943E+000   0.9852402343E+000   0.1004380228E+001
 0.3030303   0.1597867248E-001   0.9914651019E+000   0.9857254217E+000   0.9967627799E+000
 0.3131313   0.1976331967E-001   0.9997044545E+000   0.9857389070E+000   0.1007541693E+001
 0.3232323   0.2460083355E-001   0.9777940425E+000   0.9897056318E+000   0.1003429834E+001
 0.3333333   0.3072515644E-001   0.1032995037E+001   0.9906797940E+000   0.1014670599E+001
 0.3434343   0.3844807854E-001   0.9645591934E+000   0.9880623291E+000   0.1007257147E+001
 0.3535354   0.4801024788E-001   0.9893985950E+000   0.9936688421E+000   0.9768335870E+000
 0.3636364   0.6074175509E-001   0.9963429158E+000   0.9935419602E+000   0.9858122811E+000
 0.3737374   0.7646263907E-001   0.1006705263E+001   0.9967827172E+000   0.9939659344E+000
 0.3838384   0.9710009842E-001   0.9649059648E+000   0.9966569583E+000   0.9933553755E+000
 0.3939394   0.1228543402E+000   0.1007667122E+001   0.9944230990E+000   0.1017013696E+001
 0.4040404   0.1564239355E+000   0.9718769603E+000   0.9958871029E+000   0.9847675154E+000
 0.4141414   0.2004556839E+000   0.1009581949E+001   0.1004041892E+001   0.1012907557E+001
 0.4242424   0.2568578167E+000   0.9958533561E+000   0.1001551420E+001   0.1005768165E+001
 0.4343434   0.3282053358E+000   0.9906151718E+000   0.1000556860E+001   0.1012946640E+001
 0.4444444   0.4212533532E+000   0.9838523439E+000   0.1001487041E+001   0.1012404239E+001
 0.4545455   0.5433156551E+000   0.9514085527E+000   0.1004242097E+001   0.9997431268E+000
 0.4646465   0.7038671661E+000   0.9719873204E+000   0.1011343041E+001   0.9948882071E+000
 0.4747475   0.9090657545E+000   0.1004672230E+001   0.1008998207E+001   0.9897744790E+000
 0.4848485   0.1176818613E+001   0.9917543396E+000   0.1008808530E+001   0.9995925128E+000
 0.4949495   0.1515227913E+001   0.9713544495E+000   0.1008042024E+001   0.1008339566E+001
 0.5050505   0.1737010387E+001   0.9622698741E+000   0.1013337959E+001   0.9879346999E+000
 0.5151515   0.1724042078E+001   0.9695578281E+000   0.1010006421E+001   0.9823815220E+000
 0.5252525   0.1724679926E+001   0.9954417284E+000   0.1015349027E+001   0.1026216881E+001
 0.5353535   0.1737141210E+001   0.9736861345E+000   0.1013411086E+001   0.1007886294E+001
 0.5454545   0.1736497292E+001   0.9789494243E+000   0.1011964258E+001   0.9784398191E+000
 0.5555556   0.1735239450E+001   0.9790048659E+000   0.1012514027E+001   0.9814602026E+000
 0.5656566   0.1734022697E+001   0.9727927926E+000   0.1014752493E+001   0.1010699822E+001
 0.5757576   0.1742586512E+001   0.9773107592E+000   0.1014978504E+001   0.1010628804E+001
 0.5858586   0.1748850218E+001   0.9753791951E+000   0.1017749327E+001   0.1004225801E+001
 0.5959596   0.1747757847E+001   0.9512600111E+000   0.1014920747E+001   0.9856202006E+000
 0.6060606   0.1745507604E+001   0.9549651830E+000   0.1013186332E+001   0.1000504776E+001
 0.6161616   0.1755646095E+001   0.9742096914E+000   0.1013260789E+001   0.9835278093E+000
 0.6262626   0.1759645040E+001   0.9744283195E+000   0.1012146654E+001   0.9753722495E+000
 0.6363636   0.1763798737E+001   0.9749178792E+000   0.1017110176E+001   0.9916123516E+000
 0.6464646   0.1760793189E+001   0.9575128810E+000   0.1012911386E+001   0.9830926491E+000
 0.6565657   0.1770295925E+001   0.9472927992E+000   0.1016264832E+001   0.9999251982E+000
 0.6666667   0.1779114000E+001   0.9753493822E+000   0.1014103442E+001   0.9969219733E+000
 0.6767677   0.1789929083E+001   0.9724067936E+000   0.1016745058E+001   0.9904822697E+000
 0.6868687   0.1788928203E+001   0.9770016462E+000   0.1015468022E+001   0.9771405346E+000
 0.6969697   0.1785708927E+001   0.9769592804E+000   0.1016809650E+001   0.1007815753E+001
 0.7070707   0.1796336198E+001   0.9590704759E+000   0.1013770894E+001   0.9833505041E+000
 0.7171717   0.1801818328E+001   0.9715328040E+000   0.1014252434E+001   0.9975554102E+000
 0.7272727   0.1812808731E+001   0.9602394566E+000   0.1015208115E+001   0.1002305472E+001
 0.7373737   0.1825637048E+001   0.9772877457E+000   0.1015119743E+001   0.1001924647E+001
 0.7474747   0.1831475166E+001   0.9604178112E+000   0.1014969851E+001   0.9859566990E+000
 0.7575758   0.1842792516E+001   0.9737415761E+000   0.1017363527E+001   0.1007183746E+001
 0.7676768   0.1852313593E+001   0.9711556966E+000   0.1021979138E+001   0.1012049629E+001
 0.7777778   0.1852562011E+001   0.9706222020E+000   0.1022049715E+001   0.1020755216E+001
 0.7878788   0.1860296504E+001   0.9476437549E+000   0.1018549911E+001   0.9968051997E+000
 0.7979798   0.1876746548E+001   0.9692785280E+000   0.1016607749E+001   0.1000946609E+001
 0.8080808   0.1890661133E+001   0.9507762048E+000   0.1016234529E+001   0.9660136839E+000
 0.8181818   0.1900651437E+001   0.9737002564E+000   0.1023347951E+001   0.1007189466E+001
 0.8282828   0.1907184495E+001   0.9782883095E+000   0.1019240980E+001   0.1010225578E+001
 0.8383838   0.1914419186E+001   0.9775979048E+000   0.1020283531E+001   0.1007709942E+001
 0.8484848   0.1916933930E+001   0.9602300420E+000   0.1015879059E+001   0.1006598449E+001
 0.8585859   0.1932911590E+001   0.9723079402E+000   0.1015493120E+001   0.1005430237E+001
 0.8686869   0.1940309762E+001   0.9557502569E+000   0.1015390775E+001   0.9938105541E+000
 0.8787879   0.1958351074E+001   0.9707796352E+000   0.1017660627E+001   0.1008068366E+001
 0.8888889   0.1969313681E+001   0.9661607231E+000   0.1019478336E+001   0.9932419384E+000
 0.8989899   0.1971059100E+001   0.9602415488E+000   0.1013938911E+001   0.9837055910E+000
 0.9090909   0.1992785761E+001   0.9753875637E+000   0.1017177982E+001   0.9966298011E+000
 0.9191919   0.1986701873E+001   0.9496056550E+000   0.1015681811E+001   0.9995467566E+000
 0.9292929   0.2012813621E+001   0.9504137423E+000   0.1019188571E+001   0.9733737537E+000
 0.9393939   0.2023888726E+001   0.9588215118E+000   0.1017103192E+001   0.9906376500E+000
 0.9494949   0.2036401825E+001   0.9745977825E+000   0.1017161657E+001   0.1014980883E+001
 0.9595960   0.2047566699E+001   0.9672957066E+000   0.1018034411E+001   0.1011594927E+001
 0.9696970   0.2070152628E+001   0.9643091832E+000   0.1022636912E+001   0.1004231521E+001
 0.9797980   0.2067649058E+001   0.9563946346E+000   0.1016685504E+001   0.1003568056E+001
 0.9898990   0.2083845700E+001   0.9806921732E+000   0.1017715488E+001   0.9950164196E+000
 1.0000000   0.2082940642E+001   0.9871830236E+000   0.1015207829E+001   0.1044474068E+001


