 0.0000000   0.4161645043E-002   0.9624247332E+000   0.9718852341E+000   0.9701406576E+000
 0.0101010   0.4127229139E-002   0.9721509306E+000   0.9690582491E+000   0.9889051068E+000
 0.0202020   0.4011084279E-002   0.9672931023E+000   0.9738531572E+000   0.9735300736E+000
 0.0303030   0.3735572990E-002   0.9962764380E+000   0.9716929873E+000   0.9809031313E+000
 0.0404040   0.3367073215E-002   0.9814534861E+000   0.9694810329E+000   0.9732376690E+000
 0.0505051   0.2957413374E-002   0.1008224748E+001   0.9747800810E+000   0.9962023376E+000
 0.0606061   0.2534182285E-002   0.9923507224E+000   0.9755739594E+000   0.9809814363E+000
 0.0707071   0.2116236274E-002   0.1009004771E+001   0.9785207889E+000   0.9851945413E+000
 0.0808081   0.1745622552E-002   0.1004140418E+001   0.9741818766E+000   0.9952993523E+000
 0.0909091   0.1469381024E-002   0.1008656923E+001   0.9690228483E+000   0.9700266694E+000
 0.1010101   0.1265005597E-002   0.9833121902E+000   0.9774587655E+000   0.9708568012E+000
 0.1111111   0.1126406052E-002   0.9405494474E+000   0.9699770078E+000   0.9382630987E+000
 0.1212121   0.1050405166E-002   0.9769354749E+000   0.9756935447E+000   0.9774676244E+000
 0.1313131   0.1003834109E-002   0.9607216322E+000   0.9767287593E+000   0.9913935200E+000
 0.1414141   0.1021143479E-002   0.9298063084E+000   0.9770917327E+000   0.9732446074E+000
 0.1515152   0.1058404427E-002   0.9752850782E+000   0.9757212765E+000   0.9645046818E+000
 0.1616162   0.1109604842E-002   0.9481217968E+000   0.9779560291E+000   0.9782045833E+000
 0.1717172   0.1219185014E-002   0.9261938068E+000   0.9757429138E+000   0.9979656863E+000
 0.1818182   0.1349880548E-002   0.9141325590E+000   0.9798862418E+000   0.9672983853E+000
 0.1919192   0.1535154010E-002   0.9566016637E+000   0.9793956130E+000   0.9743017246E+000
 0.2020202   0.1747543633E-002   0.9330654403E+000   0.9775674617E+000   0.9965175399E+000
 0.2121212   0.2046469795E-002   0.9407462100E+000   0.9874348267E+000   0.9971836278E+000
 0.2222222   0.2403339788E-002   0.9750747630E+000   0.9850555836E+000   0.9907090949E+000
 0.2323232   0.2853390362E-002   0.9911731583E+000   0.9865312932E+000   0.9893873267E+000
 0.2424242   0.3413297689E-002   0.9606508578E+000   0.9836471153E+000   0.9467591885E+000
 0.2525253   0.4130494834E-002   0.9244766513E+000   0.9866755557E+000   0.9893387578E+000
 0.2626263   0.5057792288E-002   0.9745306541E+000   0.9874742589E+000   0.9693779275E+000
 0.2727273   0.6223150092E-002   0.9989302237E+000   0.9896823624E+000   0.1008374796E+001
 0.2828283   0.7652121303E-002   0.9702480553E+000   0.9881215219E+000   0.9802023514E+000
 0.2929293   0.9581935683E-002   0.9846558983E+000   0.9886215274E+000   0.1005819477E+001
 0.3030303   0.1198141304E-001   0.1015258008E+001   0.9864693659E+000   0.9832572366E+000
 0.3131313   0.1491114525E-001   0.1015954708E+001   0.9897284807E+000   0.9850617202E+000
 0.3232323   0.1883502245E-001   0.1021042930E+001   0.9902013738E+000   0.9734800179E+000
 0.3333333   0.2387589554E-001   0.9867751121E+000   0.9924253295E+000   0.9868780983E+000
 0.3434343   0.3028355409E-001   0.9864292716E+000   0.9945858133E+000   0.9914440713E+000
 0.3535354   0.3862104715E-001   0.1021953961E+001   0.9946983206E+000   0.1016062065E+001
 0.3636364   0.4944921050E-001   0.1023032642E+001   0.9910895009E+000   0.9993117389E+000
 0.3737374   0.6300193614E-001   0.1000440076E+001   0.1001099350E+001   0.9925913879E+000
 0.3838384   0.8138888314E-001   0.1022285245E+001   0.9976559470E+000   0.1001717387E+001
 0.3939394   0.1054511724E+000   0.1019419638E+001   0.1000153442E+001   0.9925254729E+000
 0.4040404   0.1354246268E+000   0.9743258604E+000   0.9984565451E+000   0.9774824925E+000
 0.4141414   0.1763984497E+000   0.1044354281E+001   0.9999871000E+000   0.9820449963E+000
 0.4242424   0.2284215573E+000   0.1000772364E+001   0.1005919378E+001   0.1006371577E+001
 0.4343434   0.2977637563E+000   0.1005837997E+001   0.1000318518E+001   0.9871789282E+000
 0.4444444   0.3868917689E+000   0.9994040602E+000   0.1000710476E+001   0.1001747123E+001
 0.4545455   0.5100231588E+000   0.1033490174E+001   0.1004625803E+001   0.1011576380E+001
 0.4646465   0.6672116026E+000   0.9729610706E+000   0.1006752664E+001   0.1005534506E+001
 0.4747475   0.8738506251E+000   0.1013477106E+001   0.1008265480E+001   0.1003805354E+001
 0.4848485   0.1144160618E+001   0.1032846178E+001   0.1009083161E+001   0.1015271086E+001
 0.4949495   0.1517206272E+001   0.1010273188E+001   0.1013053333E+001   0.1003855410E+001
 0.5050505   0.1740787124E+001   0.1005220604E+001   0.1009169877E+001   0.1002157976E+001
 0.5151515   0.1750231048E+001   0.1008800480E+001   0.1009062345E+001   0.9879619779E+000
 0.5252525   0.1742450173E+001   0.9988383677E+000   0.1009264874E+001   0.1012681074E+001
 0.5353535   0.1732380682E+001   0.1000366290E+001   0.1011163598E+001   0.1014784406E+001
 0.5454545   0.1740909268E+001   0.1010606479E+001   0.1011766339E+001   0.1019662112E+001
 0.5555556   0.1752204881E+001   0.1008262896E+001   0.1009001034E+001   0.9762018592E+000
 0.5656566   0.1747156620E+001   0.1009785798E+001   0.1010614683E+001   0.1015323620E+001
 0.5757576   0.1738060658E+001   0.9894379328E+000   0.1009192099E+001   0.9920531651E+000
 0.5858586   0.1750698322E+001   0.1037346119E+001   0.1013299985E+001   0.1007734480E+001
 0.5959596   0.1753079216E+001   0.1037438979E+001   0.1007621996E+001   0.9749628564E+000
 0.6060606   0.1752336635E+001   0.1000784912E+001   0.1013042241E+001   0.1026045454E+001
 0.6161616   0.1760842868E+001   0.9762267279E+000   0.1011447000E+001   0.1001187589E+001
 0.6262626   0.1769477099E+001   0.1000167017E+001   0.1012903674E+001   0.1003609096E+001
 0.6363636   0.1766218323E+001   0.1009895725E+001   0.1007681664E+001   0.9971682641E+000
 0.6464646   0.1776056434E+001   0.1023585785E+001   0.1011776076E+001   0.1003471319E+001
 0.6565657   0.1783904041E+001   0.1019908533E+001   0.1016642840E+001   0.1007215585E+001
 0.6666667   0.1788874852E+001   0.1019957724E+001   0.1009021677E+001   0.1025872985E+001
 0.6767677   0.1781271837E+001   0.1000658422E+001   0.1017060047E+001   0.9999827828E+000
 0.6868687   0.1787682684E+001   0.9868574311E+000   0.1009123464E+001   0.1021976569E+001
 0.6969697   0.1808530387E+001   0.1002860959E+001   0.1015149268E+001   0.1015605617E+001
 0.7070707   0.1797908702E+001   0.9780698717E+000   0.1009555370E+001   0.9960026103E+000
 0.7171717   0.1815828107E+001   0.1006317857E+001   0.1014213940E+001   0.1018641173E+001
 0.7272727   0.1820559470E+001   0.1016356767E+001   0.1014145672E+001   0.1028166627E+001
 0.7373737   0.1835858849E+001   0.1022598459E+001   0.1017367975E+001   0.1028014477E+001
 0.7474747   0.1833249912E+001   0.1013000759E+001   0.1016664136E+001   0.1017121165E+001
 0.7575758   0.1847741699E+001   0.1031028131E+001   0.1014864104E+001   0.1021486419E+001
 0.7676768   0.1857054525E+001   0.1025553412E+001   0.1012791641E+001   0.1025891818E+001
 0.7777778   0.1857609684E+001   0.1004545488E+001   0.1011345013E+001   0.9842196939E+000
 0.7878788   0.1867347268E+001   0.1032648411E+001   0.1010600036E+001   0.1024471920E+001
 0.7979798   0.1880562714E+001   0.1010227009E+001   0.1015541683E+001   0.1033813506E+001
 0.8080808   0.1889981027E+001   0.1024349245E+001   0.1015192981E+001   0.1010603515E+001
 0.8181818   0.1902521518E+001   0.1039233434E+001   0.1015028307E+001   0.1023249272E+001
 0.8282828   0.1910362181E+001   0.1027037163E+001   0.1012934906E+001   0.1029047310E+001
 0.8383838   0.1918438210E+001   0.1013605604E+001   0.1015610604E+001   0.1023636337E+001
 0.8484848   0.1928666145E+001   0.1004289496E+001   0.1009778383E+001   0.1006588650E+001
 0.8585859   0.1940779628E+001   0.1018125623E+001   0.1016321074E+001   0.1020558158E+001
 0.8686869   0.1963027709E+001   0.1011655545E+001   0.1019572912E+001   0.1006966794E+001
 0.8787879   0.1967863891E+001   0.1010292763E+001   0.1015690171E+001   0.1018531150E+001
 0.8888889   0.1979876526E+001   0.1021734611E+001   0.1018011061E+001   0.1015092669E+001
 0.8989899   0.1995158223E+001   0.1025907283E+001   0.1016196879E+001   0.1003730518E+001
 0.9090909   0.2001550345E+001   0.1005745639E+001   0.1017048764E+001   0.1005357081E+001
 0.9191919   0.2011377962E+001   0.1022697342E+001   0.1019004008E+001   0.1040686502E+001
 0.9292929   0.2022283549E+001   0.1028141945E+001   0.1014038161E+001   0.1008567090E+001
 0.9393939   0.2040651678E+001   0.1038088496E+001   0.1014214312E+001   0.1018940021E+001
 0.9494949   0.2040543737E+001   0.1033885707E+001   0.1013935289E+001   0.1043733458E+001
 0.9595960   0.2051806173E+001   0.1025475610E+001   0.1011318963E+001   0.1017321883E+001
 0.9696970   0.2067344526E+001   0.1032535473E+001   0.1014426505E+001   0.1049657873E+001
 0.9797980   0.2079205297E+001   0.1017280346E+001   0.1009443264E+001   0.1005076075E+001
 0.9898990   0.2087822365E+001   0.1022194895E+001   0.1014468981E+001   0.1017505256E+001
 1.0000000   0.2101639515E+001   0.1022848428E+001   0.1016877141E+001   0.1012873368E+001


