Simulation state at cycle:    1100000
##############################################################################                                           

Number-of-molecules: 401   

Box-size(s):    28.329565   50.562150

------------------------------------------------------------------------------                                           

Deltas
Translation per molecule type
Box 1    0.7309736241E+000
Box 2    0.2528109899E+002

Rotation per molecule type
Box 1    0.1417311981E+003
Box 2    0.1800000000E+003

Volume    Delta_Volume
Box 1   0.4997286621E+003
Box 2   0.2313558621E+004

------------------------------------------------------------------------------                                           

Molecules in box 1
##############################################################################                                           
Moleculetype  1
Number-of-molecules: 364   
Atomtype         X                  Y                   Z
  1       23.6031388798        9.0160635903       15.4621411651
  2       23.9297413836        9.4335792427       15.3154732255
  1       24.2501083083        9.8572118514       15.1726430980
  1        9.9268213024       18.1763774182       10.7404838213
  2        9.4473598111       17.9069038160       10.7396738313
  1        8.9501166398       17.6718536792       10.7404867212
  1       27.5871498945       15.5465093240        6.8502474320
  2       27.9561848326       15.2778450234        7.1570579730
  1       28.3412625921       15.0306184798        7.4621713196
  1        2.2242168802       11.4455908944       27.5192568594
  2        2.0935223348       11.4263291431       28.0531556520
  1        1.9823668060       11.4012918181       28.5912240303
  1       21.3387089570       10.8373277097       27.2550921877
  2       21.8659400115       10.8179519550       27.0996830653
  1       22.3897780203       10.8150955834       26.9320955338
  1       20.6127043381       22.8561944802       27.3540833825
  2       20.2805088253       22.7680702014       26.9246881650
  1       19.9591988863       22.6433286352       26.4960864108
  1       19.8339073589        7.6530705731       20.5532391675
  2       19.5851590712        7.6484224891       20.0627264921
  1       19.3342249324        7.6468289702       19.5733089631
  1       25.6624356108       10.2250941516        8.6802983440
  2       25.3833455164        9.9380875315        8.3031565679
  1       25.1124819886        9.6409421992        7.9278732086
  1        1.5733105273       27.7938936589       11.6928080903
  2        2.0322743978       27.6028933743       11.4574975362
  1        2.4961140304       27.3971899822       11.2452738131
  1       24.3149638252       13.4744452003       22.6579133126
  2       24.8219676568       13.3013905418       22.7824090953
  1       25.3321288112       13.1420036431       22.9121450273
  1        3.2003494621       22.2855615515        1.4593340073
  2        3.4608431202       21.8020236411        1.4882155468
  1        3.7233068896       21.3187201672        1.4826909813
  1       12.6339481927       26.6241994243       11.4600657037
  2       12.1469427618       26.8786960853       11.4364614695
  1       11.6596060778       27.1303628305       11.3956349493
  1       14.6082335549       23.0625981760       16.9966109302
  2       15.0785271480       23.2686530816       17.1937538026
  1       15.5484081983       23.4810696213       17.3850415734
  1       26.1507266876        7.3869765269       12.4365823310
  2       26.1786694883        7.9338992404       12.4875209741
  1       26.2271582537        8.4793154955       12.5391925068
  1       27.4599273799        3.4761943977       26.8156259992
  2       27.6372353921        3.8292620324       26.4329967869
  1       27.8308056109        4.1830012991       26.0589659050
  1       20.0142829846        3.5588129693       20.8148765248
  2       20.0291001545        3.1429163238       20.4552789278
  1       20.0283851610        2.7294307020       20.0926094800
  1       17.8310002231       22.9830118931       20.2772817568
  2       17.6694448076       23.5087387770       20.2806121142
  1       17.5036391554       24.0329837600       20.2673575873
  1       22.8722480131       22.0853900498        7.4718866416
  2       22.6092846041       21.7609880055        7.8298161865
  1       22.3306735718       21.4494238153        8.1873125460
  1       10.4819708193       20.4715066823       21.9604519838
  2       10.6496649133       20.3524834542       21.4503420329
  1       10.8043760524       20.2166070632       20.9403400047
  1        6.2009094270       26.9558109959       17.5756518808
  2        6.5424265279       27.3218414628       17.8034407461
  1        6.8911695203       27.6842762381       18.0259701999
  1       27.8395507610       24.8842899077       13.1608470072
  2       28.0222590131       24.7704460200       13.6669668189
  1       28.2075343187       24.6483109680       14.1702123745
  1       12.9914488361       22.7210728300        0.1113521024
  2       12.5400267742       22.9637733330        0.3108880339
  1       12.0773795463       23.1973667033        0.4949849618
  1       21.1413493154       12.2724896779       15.7760297340
  2       20.8937363872       12.7313577228       15.6010212907
  1       20.6602453592       13.1914583082       15.4105235477
  1        6.8875901378       21.0570345884       14.5797000037
  2        7.0494667628       21.3415806035       14.1377390059
  1        7.2049404739       21.6229463140       13.6914641343
  1       27.3912452956        3.0425135120       15.6325464863
  2       27.5210350359        3.5691770228       15.5415510488
  1       27.6419904093        4.1007975190       15.4690979969
  1        8.9038881540        7.5958839590       15.4754221822
  2        9.1572513658        7.4479635391       15.0102054238
  1        9.4327574448        7.3097403153       14.5546939094
  1        0.2443517710        4.1542853052       22.6729213858
  2        0.2415625499        4.6891163768       22.5446718436
  1        0.2330398427        5.2192176763       22.3983161990
  1       22.3521880671        4.8904719357       17.4984977594
  2       22.2102218488        5.4166319302       17.4243273272
  1       22.0626790514        5.9397596371       17.3402528114
  1        1.7649095320       19.0802875403       22.5918850177
  2        1.8084309621       18.5797534077       22.8156515639
  1        1.8454413145       18.0783305683       23.0385985731
  1       15.6292901046        6.8228514742       26.6963512100
  2       15.4425850062        7.3388079197       26.7341685673
  1       15.2716856113        7.8615117280       26.7427781316
  1       12.1012874542        0.8713885530       27.4168835065
  2       11.8338988941        1.3074185559       27.6190744918
  1       11.5595168625        1.7335933018       27.8325916704
  1       19.2334764469       19.9794495781        6.8979472445
  2       18.9309052914       19.5897667677        6.6548464359
  1       18.6194721211       19.2129498132        6.4028179409
  1       24.0692823666       21.6924086713       18.7295911254
  2       23.9188167279       22.2084855374       18.6132951245
  1       23.7810882243       22.7284798849       18.4986795194
  1       15.0073457277       17.0655800471       28.8296556731
  2       14.8480235322       16.9638057232       28.3131690566
  1       14.6826392378       16.8514534221       27.8007971267
  1        4.9039519409       23.8427222104       11.1029158618
  2        4.9183141890       23.8138334804       11.6519688347
  1        4.9327261460       23.8343762131       12.2013960734
  1       22.6884250789        2.9525761907        7.0373334729
  2       22.8087470907        2.9990717841        7.5719929657
  1       22.9220050919        3.0461696929        8.1081407170
  1       21.7718136438       10.0169252672        4.9910630068
  2       22.2915549071        9.8429578848        4.9451896038
  1       22.8091303050        9.6756784446        4.8637445587
  1       11.2498695247       18.3264061218       18.4167590646
  2       11.7068878113       18.6313190915       18.4424955497
  1       12.1579121875       18.9432094927       18.4849383195
  1       14.9893903049       26.8562206333       20.2426315059
  2       14.9212531313       26.3970756463       19.9476006491
  1       14.8441877787       25.9625956188       19.6192897657
  1       20.2265319151       26.3093325413        7.9200638091
  2       19.9095899354       26.7032948913        8.1364926617
  1       19.6206953644       27.0984129278        8.3873345704
  1       15.9941164525        1.9043119460       14.3295050743
  2       16.5180637265        2.0622216778       14.2743346960
  1       17.0472004547        2.2028915430       14.2221206091
  1        8.0922842273        1.8028307813       20.7975353825
  2        8.3276440866        1.9359621336       21.2764735618
  1        8.5555963819        2.0854411220       21.7541698901
  1        6.1442795736       15.7736650894        8.5762084807
  2        5.7652013712       15.8561283793        8.9660796418
  1        5.3819592202       15.9331134615        9.3529888686
  1       12.6327757278       20.6925164729        6.1304358494
  2       12.4553830371       20.1758422043        6.1943070755
  1       12.2968060732       19.6513487926        6.2418466020
  1       27.7688216486       28.4123348925       28.2350933886
  2       27.6301856827       28.2241456809       27.7372330772
  1       27.4889431574       28.0272723444       27.2434806723
  1       16.9073630650       25.6615112093       11.8507243792
  2       16.6268400722       26.1197885826       11.7332990854
  1       16.3471855116       26.5802453108       11.6225158414
  1       18.0608060841       25.1282308175       23.7115926441
  2       18.1319482734       25.6156567414       23.9562449640
  1       18.2167304126       26.0976360461       24.2072587839
  1        2.7085803025       26.1498745839       14.3931471710
  2        2.6534767604       25.9500015349       14.9025726944
  1        2.6046319878       25.7473735440       15.4115482189
  1        2.1598171904       27.1244714753        7.4958797501
  2        1.7942161493       27.2921889572        7.8709887009
  1        1.4114110032       27.4555620391        8.2305293178
  1       14.4211788347       27.6387774385        2.3572216567
  2       14.2568716540       28.1314643077        2.1762166862
  1       14.0784058411       28.6083523699        1.9683038951
  1       17.3036364012       18.4501326479       21.2150617492
  2       17.8451400921       18.3652929730       21.2606246983
  1       18.3841226235       18.2673924131       21.3097501509
  1        2.4253445553        2.7516801469        8.3640731142
  2        2.4404003890        2.5209789204        8.8631224764
  1        2.4648402458        2.3044127502        9.3680994921
  1       23.1289436173       12.6376255688       18.9895744236
  2       23.6487897893       12.5999813771       19.1651958126
  1       24.1623104187       12.5481682118       19.3552272786
  1       17.1564602241        5.9206173103       13.0037895385
  2       17.0068532540        5.9643364603       12.4763368009
  1       16.8810939422        6.0076821368       11.9426648541
  1       24.4991309164        5.2530938446       15.2238986109
  2       24.4607887131        5.1192969939       14.6918006141
  1       24.4362667210        4.9928356251       14.1570986475
  1        0.7539593171        6.8212895120       17.8881704833
  2        0.5879989847        6.7922116930       17.3646137543
  1        0.4215188333        6.7501802962       16.8421027785
  1       16.3140566792        9.2269687066       19.8024901461
  2       16.4038969653        9.6930752527       19.5246891190
  1       16.4893459769       10.1530860838       19.2355723595
  1        8.7295772954       14.2973899016        6.1985895606
  2        8.2997772001       13.9577347851        6.2476434079
  1        7.8743022970       13.6093750223        6.2584407014
  1        8.4183253505       22.9454394467       27.4109123785
  2        8.5950063698       22.9252973650       26.8904528566
  1        8.7692000373       22.9280218944       26.3687737003
  1       24.7393471830       20.2982942754       28.1775597453
  2       24.3204218121       20.1539960466       27.8517077011
  1       23.9059323877       20.0122517784       27.5191312761
  1        0.8569831810       25.9802994904       21.5818450657
  2        1.3870420675       25.8651755869       21.4908282340
  1        1.9144030816       25.7386545200       21.3992707138
  1        0.6627430550        8.5446877890        5.3100210043
  2        0.1152901023        8.5907983483        5.3358876026
  1       -0.4328282963        8.6265493100        5.3639605236
  1        2.1994273498       21.6741134671       15.1429893081
  2        1.7237481810       21.4129677265       15.2326120201
  1        1.2520464824       21.1505511769       15.3381348187
  1       27.4040990319        9.5278820310       24.7478344635
  2       27.5188942464        9.5161242925       25.2855926009
  1       27.6358770922        9.4971969527       25.8226743159
  1        3.6481678039       16.5464679346        6.1483547828
  2        3.1980161416       16.3035539177        5.9462254645
  1        2.7651063970       16.0370504398        5.7363086994
  1       15.8928291000       17.6395198322        9.0185956533
  2       15.3559237506       17.7526297473        9.0565270767
  1       14.8245909187       17.8804033448        9.1186505713
  1       13.3792770232        2.8158194603       12.4695917464
  2       13.4549007764        3.2169928314       12.1010256407
  1       13.5340516973        3.6215321156       11.7369060200
  1       21.6648908128       25.5137677089        1.6577826415
  2       21.3318554828       25.6467647557        1.2407703462
  1       20.9979727937       25.8100151811        0.8353426121
  1        6.2969312755        8.6682862119       20.5441706458
  2        6.4351950132        8.1580170181       20.3924851530
  1        6.5651008187        7.6475901133       20.2340905335
  1       18.8590465390       23.6918569923        8.3702303377
  2       18.8095243693       23.6510309209        7.8239879129
  1       18.7743592751       23.6171247158        7.2761614948
  1       13.7686804946       11.9737623364       28.3009184613
  2       13.9063662437       12.0561311095       27.7748405015
  1       14.0512134944       12.1307882675       27.2495352743
  1       22.8517277499        8.1931937923       19.6749313108
  2       22.9329047554        8.7100560843       19.5053327706
  1       23.0080421484        9.2337425376       19.3549769599
  1        6.2543161609       26.7474661327       12.7980349838
  2        6.0123313735       27.0505337099       13.1880265302
  1        5.7653297847       27.3527761748       13.5755051833
  1       26.3824546458       13.6179240917       27.1844129435
  2       26.7267850147       13.1948730967       27.1139540716
  1       27.0696442634       12.7691182733       27.0532880599
  1       24.8448944000        5.7250761888        5.0643635248
  2       24.8111708340        6.0777609193        4.6436781293
  1       24.7530638019        6.4474635595        4.2406352909
  1       13.8410249973       19.2266529755        3.1229359118
  2       13.3067481206       19.3429401802        3.0635599487
  1       12.7734091915       19.4663698428        3.0105061637
  1       20.2858852194        4.0911191825       23.9885618105
  2       20.0360490346        4.5783932990       23.9371243130
  1       19.7914750884        5.0686210026       23.8885405462
  1       22.1997837048       10.3320096626       23.3327602072
  2       21.9937505861       10.4824660764       22.8455095309
  1       21.7810987099       10.6183724698       22.3568290312
  1       18.6638782932        5.3157978481       16.9146309508
  2       18.3278561162        5.0366190823       16.5804927858
  1       18.0059614135        4.7426059568       16.2451719225
  1       18.0520447992        6.5122674252        7.0714239067
  2       18.4403315157        6.7790729577        6.7876136996
  1       18.8281023465        7.0466230882        6.5037991309
  1       25.2190576768       24.9960975892       -0.0070012464
  2       24.8430661915       24.5947426778       -0.0003200754
  1       24.4835279337       24.1789383796        0.0180925764
  1       18.5051051693       18.8342608113       17.0715074922
  2       18.2021996473       19.2392934370       17.2876019550
  1       17.9156417607       19.6638584214       17.4879245715
  1       10.4175715309        9.6165905438        4.3755077685
  2       10.0513401593       10.0182148710        4.4596058198
  1        9.6708773180       10.4011387780        4.5650444596
  1       19.3862525778       14.3614446681       27.6185709440
  2       19.7460934932       14.0556950077       27.9005845265
  1       20.0983892422       13.7533295564       28.1954791485
  1        8.6823550866        2.4251013658        8.0267036984
  2        8.6550003284        2.2271280072        7.5142993010
  1        8.6336745938        2.0580650898        6.9913624578
  1       12.0026538347        8.1568987884       21.0694775383
  2       12.0876603636        8.4211949758       21.5442631903
  1       12.1716901509        8.6876542653       22.0180125343
  1        4.3758425003       17.4569751745        2.8776878853
  2        4.7849612829       17.2450375517        2.5773476353
  1        5.1932923430       17.0230268291        2.2832779440
  1        6.7448432523       19.3191608306        7.9625498871
  2        6.5607785844       19.2231482994        8.4718649094
  1        6.3567671632       19.1063865039        8.9691033050
  1       15.4708200756        0.0207693065       27.1736041835
  2       15.4270387601        0.1073810729       26.6322340713
  1       15.3874001507        0.2053662380       26.0924862718
  1       23.6526972909       17.6261156295       25.3005104743
  2       23.2184194434       17.3737513798       25.5245975928
  1       22.7966267654       17.1227059568       25.7727248412
  1       26.7455810909       18.9402936251        3.7684050601
  2       26.3040526375       18.9873234208        3.4438425497
  1       25.8613247670       18.9997493432        3.1177480417
  1        3.1067685006       21.5809819750       24.7903402812
  2        3.0818363146       21.3897856449       25.3054347866
  1        3.0631470549       21.1912609487       25.8180151760
  1       15.4921960594       28.4000186364        7.4667567351
  2       15.9750051846       28.1475220322        7.3916513860
  1       16.4606524667       27.8973249103        7.3280265747
  1        7.1883580571       22.0961381386       18.8035072249
  2        7.3064078237       21.7988285107       19.2509122291
  1        7.3999875063       21.5142370014       19.7121610934
  1       26.0026935555       13.4813907005       13.6440018759
  2       25.5150190455       13.2657495848       13.5091965292
  1       25.0261123262       13.0354044575       13.4071605498
  1       18.6683065318       20.1522871930       10.5021082380
  2       18.2684406642       20.1624736268       10.8796046280
  1       17.8666768654       20.1538688005       11.2551200151
  1       18.8330457400        1.7311709234       25.9656911896
  2       18.8447272362        1.2855547089       26.2878553280
  1       18.8708796270        0.8456888194       26.6169967121
  1       26.8817431001       26.8448747584       11.0076749340
  2       26.6987817388       26.4622058695       10.6575468692
  1       26.5198074813       26.0734911584       10.3120485516
  1        0.5541656480       11.4834836910       12.4174223726
  2        0.1163053348       11.5261134247       12.0873298827
  1       -0.3249471194       11.5698048504       11.7619265483
  1        3.8999899286        3.2556664801       22.3058697890
  2        4.1120780707        2.7780170252       22.1344941251
  1        4.3401934424        2.3159791918       21.9421807957
  1        0.7780425186       17.6310537922       19.5485864320
  2        0.7867180735       17.4714215013       19.0223333879
  1        0.8078077079       17.2923502399       18.5027290099
  1       15.7180448935        2.9806954018        8.2767967621
  2       15.8858296848        3.4372620209        8.5334973388
  1       16.0450385578        3.8931710714        8.7967452667
  1       26.8654559773        3.3323122491       19.5060267917
  2       26.4932178197        3.7175387328       19.6306835616
  1       26.1283414638        4.1085339284       19.7590891723
  1       10.7979820036        5.0793715744        8.8556826768
  2       10.5061368179        5.4774768030        9.0982493988
  1       10.2195278347        5.8715656390        9.3532970004
  1       13.1500623545       18.2143793174       14.3582379322
  2       13.0633171839       18.2566481099       14.8997068829
  1       12.9758806707       18.3226710739       15.4386835274
  1       28.1076401945       27.4074788540       16.4579239840
  2       28.1991918465       27.7959671916       16.8363352769
  1       28.2784579096       28.1807066482       17.2212929898
  1       17.3279447761       24.9641377890       27.7820772031
  2       17.0196240362       24.7125210336       27.4024361494
  1       16.7355472395       24.4642122840       27.0022572676
  1       20.8153917403       19.0233679447       28.6293394133
  2       20.4728683693       19.2541042500       28.2661060205
  1       20.1315511101       19.4933494233       27.9072686274
  1        1.2235371018       24.4915796676       18.5382474579
  2        1.1197797528       24.2388868960       18.0608788626
  1        1.0124471543       23.9995545830       17.5774538361
  1        6.7876854065        4.7211064964        9.2916585706
  2        6.4999528257        5.1592335047        9.1250611917
  1        6.1874279735        5.5847521108        8.9709114866
  1       21.7700645648       20.1842168742       15.9283391438
  2       22.3057656022       20.1746670670       15.8041087137
  1       22.8442778249       20.1943536432       15.6940313604
  1        5.4889216743        0.7321319206        9.7396947695
  2        5.3317988548        0.6257310575       10.2559226997
  1        5.1968140669        0.5309983250       10.7806176734
  1        6.5549149543        3.7118362515       18.2617814627
  2        6.7889129781        3.3203385561       17.9544144519
  1        7.0036994554        2.9195375434       17.6450193704
  1       14.1229915984       21.8969954400       11.6449041023
  2       14.1550499021       22.4227218084       11.4865246506
  1       14.1727509979       22.9448833952       11.3146702137
  1       20.0206408202        0.8637869299       15.3277263291
  2       20.4147038569        1.2160318590       15.1756150768
  1       20.8026822668        1.5769913317       15.0283703435
  1       24.6747938728        7.1487595591       26.3595949377
  2       24.9994681617        6.8837387314       26.0034340655
  1       25.3421767748        6.6239254626       25.6605815157
  1       23.4290872345       23.7558726891        4.4208728002
  2       23.7230158988       24.1837901584        4.2392342034
  1       24.0168307428       24.6150058063        4.0653782245
  1       19.9941895876        8.5240142936       16.1854187248
  2       19.6549420992        8.9082637544       16.3848265820
  1       19.3208536243        9.3049475501       16.5679299849
  1       16.1142672430       15.8728510394        5.5607583406
  2       15.6550339803       16.0950451027        5.7662689454
  1       15.1980243096       16.3178435621        5.9760378812
  1        8.4991077262       10.2332832316        8.3511419370
  2        8.6567260357       10.7199559883        8.1491367480
  1        8.7967930856       11.2123114293        7.9479717901
  1       15.6057588071       12.6812979971        2.9900400255
  2       15.7092626683       13.1160420498        2.6694397145
  1       15.7905034245       13.5466648805        2.3370785914
  1       27.8728562393        2.9386985021        6.1332647721
  2       27.3262790373        2.8878487323        6.0990936858
  1       26.7816570478        2.8183168304        6.0666560194
  1       19.6678778307       10.3257985433       13.3676383407
  2       19.5095914166        9.9314802606       13.0184127646
  1       19.3349885609        9.5370884949       12.6771372498
  1       26.8453520626       18.7991467988       25.1342835326
  2       26.7956357432       18.3409286147       25.4343908190
  1       26.7657973685       17.8853768399       25.7411191204
  1       13.3792580167       26.3436513356       25.4369112204
  2       13.1887161115       25.8301729432       25.4872473196
  1       12.9997839184       25.3161189064       25.5377752593
  1        3.0163672369        0.5386807739       16.3696297491
  2        3.2880736651        0.9828761969       16.1925251383
  1        3.5490798014        1.4396195091       16.0320217349
  1        1.9414332664       11.5494642700        4.3715916634
  2        1.5992106911       11.6913459640        4.7781052474
  1        1.2529801461       11.8327730752        5.1813703970
  1        5.8685332691       10.4029187937       -0.4151523873
  2        5.6137148625       10.6094435476        0.0263395217
  1        5.3565022665       10.8430056661        0.4527083951
  1       14.4560161765        6.8988243329       18.1759057143
  2       14.1432032262        7.2581436438       17.9010645039
  1       13.8586710782        7.6388421795       17.6242792430
  1        4.1176698105       19.9567975717       11.7812413813
  2        4.3520790305       19.6765537336       12.1923565827
  1        4.5644030933       19.3848942041       12.6075110241
  1       11.5571765628       10.0991450900       10.7473356160
  2       11.4236236238       10.5094975208       11.0883260776
  1       11.2805431128       10.9218637916       11.4229632320
  1       18.3966234846        3.1994957560        6.3900862519
  2       18.2912462434        2.6731750474        6.2701606554
  1       18.1992280931        2.1476759029        6.1364321687
  1       -0.3206778375        4.1490012013       11.7941820103
  2        0.0614222975        4.5046018894       11.6208394665
  1        0.4360619496        4.8722447122       11.4565717433
  1       17.3694270827       12.4834163040        6.4262444744
  2       17.7711770096       12.2763762789        6.1128255467
  1       18.1739213031       12.0634054049        5.8047014811
  1       23.7121833281        4.8572851907       10.9143636041
  2       24.2505213307        4.8296678901       10.8051414466
  1       24.7903149462        4.8033363219       10.7030165227
  1       14.5031111750        8.5644484444        2.5014715021
  2       14.9780202438        8.7831407991        2.3307816360
  1       15.4477671744        9.0167807646        2.1657053305
  1       17.3027632053       21.5311387596       13.9978289105
  2       16.8877633434       21.3401660406       14.3041041710
  1       16.4650097264       21.1608931074       14.6068261452
  1       22.3589567980       16.0199588055        1.2623945641
  2       22.5123699546       16.4313893844        1.5935882871
  1       22.6557166012       16.8228953208        1.9523010408
  1        6.1471596870       11.6890619742       10.5843699807
  2        6.6377359278       11.7420665289       10.8273215585
  1        7.1206664620       11.7737017587       11.0886208321
  1       -0.2409946033       23.0043847376       28.3116631241
  2        0.1611764379       23.3336366261       28.1317974867
  1        0.5571748268       23.6614071930       27.9362169906
  1       16.5708472276       13.4582498510       25.2635311234
  2       16.4829961917       13.8213409399       25.6671981355
  1       16.3833637285       14.1837638453       26.0687239864
  1       26.2175956374        6.2263742863        8.1400702982
  2       26.7313672774        6.0300615282        8.1400159791
  1       27.2432354430        5.8295037423        8.1236588834
  1        0.3327782145       21.5349401275       20.5200936941
  2        0.2847620131       21.2282385324       20.0660798441
  1        0.2430228932       20.9344262963       19.6030115826
  1       23.2721536550        8.2905840506        1.5010953589
  2       23.4101448903        8.7518477114        1.2352114478
  1       23.5261894206        9.2166879802        0.9651055602
  1       20.6947618477       24.7516245846       11.5872663017
  2       21.0325115117       24.3402340539       11.4487636098
  1       21.3782141800       23.9365419845       11.3072631604
  1       16.0131585419       22.6907080130        4.2214406996
  2       15.7807940958       22.2042954018        4.1123098800
  1       15.5353725228       21.7214434466        4.0167994622
  1       27.9100034951       24.3612161673        6.6803237133
  2       27.4480029781       24.4688698749        6.4019962055
  1       26.9907110515       24.5791811284        6.1170128372
  1        6.4576905752       10.4531805481        3.5423375689
  2        6.4068957305       10.6440879589        4.0556349917
  1        6.3522913544       10.8436898341        4.5652205611
  1       16.6161687623        5.1044204941       22.1161119043
  2       16.4544394699        5.5024928903       21.7727724173
  1       16.2791100960        5.9000396832       21.4355541539
  1       12.6336567957        1.2628375061        9.3373498819
  2       12.6824379896        1.3292332367        8.7935558013
  1       12.7316332772        1.3997250428        8.2503148530
  1       11.4015418519        1.6542698812        5.0226670811
  2       11.1882396075        1.6156856745        4.5171837367
  1       11.0043993492        1.5885464477        3.9995291986
  1       22.0386194370       25.8392424897       25.7967328515
  2       21.9315733553       25.4506242494       25.4225443967
  1       21.8169500305       25.0531642693       25.0600708713
  1       20.7223404395        5.7778617149       26.9816419251
  2       20.8186247256        5.5752790626       27.4838267569
  1       20.9059394486        5.3857100961       27.9926879807
  1       27.1641299181       15.3400011897        3.5906055522
  2       27.6638585798       15.1298348540        3.4978619487
  1       28.1706625135       14.9273064814        3.4298029295
  1        9.0085356107       11.4214916689       20.5379147762
  2        9.0003428746       10.8722211947       20.5108071167
  1        8.9928046157       10.3223120647       20.5042403466
  1       18.0513972136        0.9322793722       10.5473087733
  2       17.7367854602        1.2453182581       10.8721565847
  1       17.4375230686        1.5474099676       11.2209869431
  1       26.1900501431       21.2600232842       14.9579671738
  2       26.2909684464       21.1566372608       15.4886524160
  1       26.3766516654       21.0481700774       16.0209993471
  1       11.7184511946       14.4593720125        1.9039077587
  2       11.8952111219       14.5490504369        1.3908641852
  1       12.0723235402       14.6423496539        0.8785884329
  1       28.5318008930       10.2718361120       16.0612641794
  2       28.1273836585       10.4399901086       15.7285917673
  1       27.7211831960       10.5962341917       15.3923047325
  1        0.3754200576       19.4698286036        0.0875669691
  2        0.8058115515       19.3191409835        0.3950672181
  1        1.2393613958       19.1609025957        0.6942246083
  1       16.0015492474        8.3851218484       14.4134128241
  2       16.0356011223        8.2095000936       14.9335065359
  1       16.0553556689        8.0183012818       15.4488246621
  1        5.7290245279       12.1125532605       20.6549889086
  2        5.2659818090       12.2074874100       20.9361987018
  1        4.8091282721       12.3129670582       21.2237032907
  1       25.8712236434       20.5188219376       22.1983422524
  2       25.9785945772       20.9023121254       22.5776926952
  1       26.0842060524       21.2852707243       22.9580726721
  1       11.6360819432       28.3247906341       20.7869171780
  2       11.1763613203       28.0396138300       20.6877650758
  1       10.7240800456       27.7384983202       20.6024943463
  1       12.1647766526       24.6326366428       22.0571082386
  2       12.4103539898       24.1739264879       21.8788478525
  1       12.6396542052       23.7089652067       21.6951839825
  1        1.2217513214       17.1343567221       13.1962325481
  2        1.5913049451       17.5239492809       13.3151768940
  1        1.9600870198       17.9089811042       13.4502704738
  1       12.9505490917       14.2481428858       14.9634043353
  2       13.1571327819       13.7440607439       14.8877447483
  1       13.3436385475       13.2344184239       14.7984122003
  1       22.6519655032       17.0453351477       21.7307647520
  2       22.5127440061       16.5156132111       21.7808850540
  1       22.3692447082       15.9856891839       21.8138771107
  1       27.5175885336       26.4743300418        2.5837442169
  2       27.1889040663       26.0629508128        2.7425952506
  1       26.8758816156       25.6553854389        2.9385733371
  1       24.2648935511        1.6389307487       13.3670650254
  2       24.2826269454        1.1026185015       13.4877078882
  1       24.3351365968        0.5707981846       13.6177459056
  1        5.8247285463       27.0669095788       22.5213529121
  2        5.3803808350       27.2128711992       22.2319564421
  1        4.9384063051       27.3630884950       21.9411072064
  1        7.7824489357       10.5286360974       17.2446167169
  2        7.2716270425       10.7314389449       17.2238321452
  1        6.7671166535       10.9461308821       17.1805119591
  1       13.4244346766       13.3938756078       23.3141251782
  2       13.2645721974       13.5152516610       23.8261914254
  1       13.0914506901       13.6586709202       24.3281474581
  1        3.7770258339       10.0859208683       18.6514537747
  2        3.5783553451        9.6636603613       18.3603762918
  1        3.3784012740        9.2371699442       18.0764321202
  1        9.7486195238       18.0019381339        4.8899819448
  2        9.3712738907       18.4018947205        4.8779402669
  1        8.9954910537       18.8031430650        4.8948820622
  1       15.6456357832        3.0491360808        0.6096495346
  2       15.8266498114        3.2408706883        1.0923210191
  1       16.0044378743        3.4375291145        1.5742098725
  1       18.6443973728        9.4098454875        3.0832381689
  2       18.9311453498        9.7540997876        2.7642325661
  1       19.2023215024       10.0892640458        2.4227235425
  1       10.6462123049        4.0830150866       16.6459546055
  2       10.6111927483        3.7407514386       17.0750574206
  1       10.5606619833        3.4065320618       17.5089284255
  1       10.1561683720       26.5985388369        2.2297386286
  2       10.5051674897       26.7079759216        1.8189794043
  1       10.8513139664       26.8264802428        1.4083221975
  1        8.2383979811        6.8026778048        2.6879369955
  2        7.7932423401        6.4797249051        2.6817823323
  1        7.3639083993        6.1361134014        2.6716087993
  1       16.0049235110        2.0079099398       22.5787708162
  2       16.0047166295        1.4579191827       22.5755889547
  1       16.0018249012        0.9080852730       22.5623863525
  1        2.6829193908       16.5399595291       -0.3058627189
  2        2.3244477753       16.3321789933        0.0558351521
  1        1.9627503675       16.1196566190        0.4115165047
  1       11.0181851689        6.3734828872        4.9872857460
  2       11.3375695959        6.3319004910        5.4331158618
  1       11.6598226827        6.2980297179        5.8775320156
  1       22.4975098464       17.9655309037       12.9422744114
  2       22.1496907345       17.7755842629       12.5609056410
  1       21.8033069373       17.5701937398       12.1862951806
  1       16.0597382628       10.6978337701       23.8502614748
  2       15.7022678287       10.5116025139       23.4760518972
  1       15.3526716559       10.3292669116       23.0925988452
  1        7.8875456612       15.2363512196       19.7941901383
  2        7.6115406330       15.6907585491       19.9350276448
  1        7.3048950478       16.1270706796       20.0695646613
  1        9.6963919821        5.4217148043       21.2758267584
  2        9.2000698342        5.3725772979       21.0439866605
  1        8.6976300447        5.3192534416       20.8267061431
  1       21.9927132726       13.6514794598        6.7655962882
  2       22.3247406617       13.2361139429        6.9060573157
  1       22.6627984964       12.8288068369        7.0554488173
  1       16.9814908154       27.1336860111       15.2029913466
  2       16.8828920531       27.1272760334       15.7440432815
  1       16.7434534805       27.1035039499       16.2755428313
  1       21.4444436174        0.1526700891        5.7678626283
  2       21.3562543204        0.3059762483        5.2470748890
  1       21.2700035501        0.4654293063        4.7278104806
  1       24.8591055804       15.3018632826       16.3201983160
  2       25.2160695303       15.6468928358       16.0834889037
  1       25.5689608284       16.0033270223       15.8578289793
  1        9.4344882372       25.7975966308       13.9674892297
  2        9.0663879147       25.9229468639       14.3564487027
  1        8.6774130447       26.0424774531       14.7264635506
  1       19.6579012144       23.3198622648        3.7552879726
  2       19.4113177298       23.0412896115        3.3502029668
  1       19.1521931967       22.7824858267        2.9398676450
  1       12.9676760369        3.7605254471       20.6785761943
  2       12.9902196502        4.2553209253       20.9176770521
  1       13.0367722678        4.7621917387       21.1260393121
  1       17.4594818836       22.0590815045       23.8145994103
  2       17.9135447783       21.7526043646       23.7656233926
  1       18.3537325983       21.4238432366       23.7401125545
  1       15.6262339200       14.0047780405        9.1285275108
  2       15.8638946673       14.0733930853        9.6197599861
  1       16.1117500550       14.1368469076       10.1066288783
  1        2.1988206138       23.9519528980        4.7961845006
  2        2.7315283763       23.8227591511        4.7511132733
  1        3.2625016979       23.6831120804        4.7184632132
  1       12.7068151425       17.2717104102       21.9614458301
  2       13.0826971259       16.9618426540       22.2167783746
  1       13.4763987811       16.6689871179       22.4652429409
  1       26.4981229000       23.9791638288       20.1229597155
  2       26.0853232927       24.3360819090       20.1915597757
  1       25.6733838068       24.6918266614       20.2706263935
  1        3.9509992959       25.0224560759       24.6967870703
  2        3.4448219731       24.8159028211       24.7569557563
  1        2.9253927988       24.6374974165       24.7863639772
  1       25.7801843316       20.7997543136        6.8573858148
  2       25.5537672091       20.3091983715        6.9602942902
  1       25.3103878953       19.8310992882        7.0814874217
  1       22.0311246414        1.0754950613       10.4331553592
  2       21.7635160306        1.3931047903       10.7937239261
  1       21.5124492229        1.7171355856       11.1604247588
  1       21.5944319369        7.0446977523       13.5153804761
  2       21.1891102522        6.6777654028       13.4555893165
  1       20.7895360520        6.3043988247       13.3969560843
  1       21.6062880996       20.2598015479       24.5751337210
  2       21.9021111181       20.5330179190       24.2005118366
  1       22.2120004543       20.7936754076       23.8283206599
  1       10.0575076708       17.8988723544       28.4997706143
  2        9.5830282145       17.7141050707       28.2918516483
  1        9.1144387329       17.5080320426       28.0907103948
  1        9.4090990076       15.1670771372       15.2894967425
  2        9.6022987289       15.6349781486       15.0744560225
  1        9.7926413229       16.1042958029       14.8599551246
  1        5.6117074857       21.3570274090        4.5687060398
  2        5.4276465668       21.4194389288        5.0832217153
  1        5.2563114226       21.4838410817        5.6018705657
  1        3.6799626881        8.1990501133        2.5412894820
  2        3.7876233603        7.6718760485        2.6552924866
  1        3.8838718631        7.1418841175        2.7663995422
  1       19.9885826299       12.9465730318       24.3599584370
  2       19.9415929696       13.4932931912       24.3226886213
  1       19.8942355025       14.0396337603       24.2806261458
  1       11.9397983929        9.0643610409       25.9845054817
  2       12.2693542166        9.4316404928       25.7416088714
  1       12.6160435159        9.7951660375       25.5176541728
  1        2.3299463665       14.4533288083       20.9428186615
  2        2.6663882015       14.7755327598       20.6504293571
  1        2.9917566077       15.0888182923       20.3366020568
  1        9.4285225061       27.8085865850       25.3598076756
  2        9.6775419205       27.4466554333       25.0289071276
  1        9.9314205171       27.0646705706       24.7253725796
  1        8.1705522805       24.9550311265       10.4703435286
  2        7.9025523329       25.2877698080       10.1239896664
  1        7.6317248740       25.6211958145        9.7805081027
  1        9.5455542001       21.4974143896        9.9063538957
  2       10.0844001983       21.5674582958        9.9914352767
  1       10.6217226487       21.6397726099       10.0839297265
  1       24.8587895442       26.7287527310       17.8481515472
  2       24.6675511795       26.8164597949       17.3399829149
  1       24.4695671994       26.9016211537       16.8339691942
  1        2.2963663366        8.0055431592       26.5981291997
  2        2.4837242407        8.0442287351       27.1137845516
  1        2.6867707285        8.0896074300       27.6229140998
  1        8.0637588738        4.2762198748       24.3785678614
  2        8.1418657446        4.3973729839       24.9093420515
  1        8.2156010496        4.5151015941       25.4415103314
  1       13.9290215933       25.2007435969        8.6992963274
  2       14.4139743319       24.9477634845        8.6416603658
  1       14.9119099830       24.7234266546        8.5765982950
  1       11.7934380346       14.2864876355       18.7783265107
  2       11.8206686777       14.8132366171       18.9341918451
  1       11.8438684836       15.3414337032       19.0857491153
  1       21.9777402316       19.7219892923        3.8912626055
  2       22.2967170506       20.0317961296        4.2149499740
  1       22.6098565672       20.3484400245        4.5377196843
  1       11.4656245687        9.2744642934        7.6625191541
  2       11.9655440741        9.4711282835        7.7804333735
  1       12.4661152381        9.6669132481        7.8970385038
  1        4.9999787870       24.1084096201        7.5102640197
  2        5.5395863889       24.2119235366        7.4855961249
  1        6.0764668749       24.3226612372        7.4409138643
  1       23.1131701884       12.1082470793        1.9466468162
  2       23.2269350237       12.6336259252        1.8303083853
  1       23.3444612754       13.1610803271        1.7279392831
  1       23.6894273050       20.4288790313       11.6603133019
  2       23.4737529998       20.9249714522       11.7596959160
  1       23.2730330370       21.4274460774       11.8583404624
  1       10.1481143132       14.4384042104       22.2385940817
  2        9.7755865119       14.4608694864       22.6425969883
  1        9.3887770791       14.4875703805       23.0326809844
  1       26.2073210733        1.3134443232        8.8736750126
  2       25.7770979722        1.0502114946        8.6543201375
  1       25.3203563338        0.8136958937        8.4595190973
  1       25.8973041499       26.5742857257       24.5230540322
  2       25.4778103835       26.3928143989       24.2171240771
  1       25.0707327705       26.1868255754       23.9099491749
  1       24.7810231680       24.0483928581       13.3922894976
  2       24.2583251972       24.0974650733       13.5562368945
  1       23.7386140359       24.1848687848       13.7135928573
  1       12.8172575328        0.7453449830       23.8837488126
  2       12.6675542312        1.2688110822       23.8058247178
  1       12.5191191045        1.7919367435       23.7233228718
  1       15.0713189965       20.8227797236       20.0613518827
  2       14.8884804553       20.3689129264       19.8102045191
  1       14.7312487194       19.9138176079       19.5443729347
  1        3.8330212535       10.8897414103       15.4312530703
  2        4.0330497105       11.1110873978       14.9691983438
  1        4.2230051302       11.3424055090       14.5077778535
  1        6.8653245823        8.3299551561       10.6836593486
  2        7.3281130338        8.0807806479       10.8456436491
  1        7.7695274699        7.7974812324       11.0111572006
  1        9.1229280732        0.6234349651       15.9291735552
  2        8.7442675087        0.8568303311       15.6056881923
  1        8.3627515279        1.0633693095       15.2676242844
  1       18.5292022044       12.9003374701       12.2934264794
  2       18.3866088905       13.3240729398       12.6137628629
  1       18.2357280691       13.7538752440       12.9219916025
  1        9.6794877214       13.6727725038        9.5969030537
  2        9.7610879656       13.9191490496       10.0818154146
  1        9.8455250346       14.1626047300       10.5677163428
  1       14.5161480159       10.4829450893       11.9669740759
  2       14.7893835433       10.6142121837       12.4258981399
  1       15.0466778612       10.7547073398       12.8912590150
  1       14.9973136149        6.4924093555        5.4397626616
  2       15.4044563476        6.6732548721        5.1172263159
  1       15.7982350542        6.8668526675        4.7856268243
  1        5.1714379882       18.1742263875       25.7481976359
  2        5.4515792426       18.3013473951       26.2041155309
  1        5.7063710824       18.4443329819       26.6700943280
  1       23.4202814194        3.8839238129        1.9300705039
  2       23.1631029441        3.4404536063        2.1293025489
  1       22.9123119811        2.9851559876        2.3090467287
  1       28.0492805572        8.4568844169        0.7202740946
  2       28.1222892895        8.4849387632        1.2646844901
  1       28.2035370266        8.5052913760        1.8082694193
  1       18.0086230116       18.6242445029        2.3831996848
  2       17.9314407413       18.7432624329        2.9145918465
  1       17.8334605107       18.8925859605        3.4347863846
  1        5.1997688550       27.4623947786        5.1537018129
  2        5.2515621756       28.0090220383        5.1218256315
  1        5.2947002477       28.5572726301        5.1295970102
  1       16.0643139908       16.5351305168       18.7636970274
  2       16.0809952762       16.0082165606       18.9204880268
  1       16.1138348645       15.4782275498       19.0637821606
  1        4.7568934282       23.9648762550       20.9354446884
  2        4.9961228345       24.2940250334       20.5654036463
  1        5.2519851918       24.6147208144       20.1990859301
  1        1.7543538926        1.3488056732       19.6255251508
  2        1.5879232302        1.1865645198       20.1240014720
  1        1.4264860692        1.0052158931       20.6175100511
  1       11.3130854191       16.3821490024       25.5400043862
  2       11.5003666416       16.8852532055       25.4203720137
  1       11.7183889473       17.3798886528       25.3188730116
  1       18.3235265571       27.8010852693       19.4859619308
  2       18.3164271058       28.2685587337       19.1962756215
  1       18.2627387206       28.7287327277       18.8998680448
  1        1.5464834405       14.6073364357       16.3273613975
  2        1.2027932241       14.2932179188       16.0346045146
  1        0.8594648505       13.9838638177       15.7364004452
  1       26.7761642846       21.4003013612       10.9077908047
  2       26.8744956723       20.9074534902       10.6843363032
  1       27.0124809822       20.4228452433       10.4638484343
  1       26.4893966814        9.6118828924       21.3889061206
  2       26.4225774519       10.1285578635       21.2126047741
  1       26.3431672972       10.6403625177       21.0275371586
  1       12.0980281481       15.2496724414        7.5441317328
  2       11.7078559740       15.5916835388        7.7265983978
  1       11.3186387761       15.9296471163        7.9184071364
  1        0.0873254730       12.4936543021       19.4573749017
  2        0.4681171139       12.1410369554       19.6394702970
  1        0.8433326699       11.7824783697       19.8215390374
  1        9.9596661986       12.0132662283        0.4357803631
  2       10.1269941909       11.6606565129        0.8232951778
  1       10.3419116178       11.3261785841        1.2033412458
  1        6.9886420231       14.4653550572       27.3429748726
  2        7.0245114057       14.1921942109       27.8189964471
  1        7.1003267637       13.9426312655       28.3032178497
  1        2.5721230515        9.8795561389       22.3225986178
  2        2.2142673239       10.1907426905       22.6011703470
  1        1.8530759223       10.4989867659       22.8787065796
  1       17.3133951680       26.2187594572        4.4009191738
  2       17.7520539891       26.0415768431        4.6814272127
  1       18.1848288101       25.8545334460        4.9646598395
  1       16.1982157654       17.5934783726       13.2249227398
  2       16.5262055799       17.4063341252       12.8250481192
  1       16.8577100034       17.2170371555       12.4291043435
  1        4.4651892697       18.5122173315       18.6251286325
  2        4.2022145216       18.9102198168       18.3513800188
  1        3.9272308959       19.3120926112       18.0956804652
  1       21.6093339985        6.3011719876        3.2288517031
  2       21.2229570521        6.6896857016        3.2764956887
  1       20.8451894551        7.0862367785        3.3268830388
  1       13.7980356291        7.2308401717       12.2139584683
  2       13.3015706441        7.0049118243       12.1433971443
  1       12.8094883423        6.7639224282       12.0956570326
  1        8.1014497750       18.4321079745       16.5938578025
  2        8.0664771672       18.6631652319       17.0917427897
  1        8.0477284927       18.8628923349       17.6038536864
  1       24.5500261116       27.9902185945        5.0592183868
  2       24.9879160561       27.7329328059        5.2703023027
  1       25.4327161778       27.4846859358        5.4777302230
  1        4.5956339875        8.7098682695        7.6530943204
  2        4.6790959954        8.6559179998        7.1121475008
  1        4.7703708832        8.6082705546        6.5718710764
  1        8.6902129521       11.1614606350       13.9193610742
  2        9.0463455403       11.5787105566       13.9590105702
  1        9.4164976886       11.9817027436       14.0145504962
  1        1.9028192369       20.7825884135        4.3464035136
  2        2.2280892352       20.3518332369        4.4519942614
  1        2.5532981289       19.9242530651        4.5699534540
  1       12.8305340630       12.3223772522        5.4166005569
  2       12.9488963709       12.7637098284        5.1104699945
  1       13.0680358971       13.2124171051        4.8155673798
  1       13.2482782775       22.0225268235       24.4820897182
  2       12.8901129973       21.6101687368       24.4174488615
  1       12.5282547068       21.2042658067       24.3349783339
  1       24.0755838813       16.8303526093        5.2168747054
  2       24.3361065886       16.3460108775        5.2232782851
  1       24.5708308209       15.8486497190        5.2172440618
  1       17.2740526224       11.1645970465       27.7275580302
  2       17.6924112171       10.9962638224       27.4126929608
  1       18.1301755161       10.8339407345       27.1219806759
  1       21.5346105044       25.9182372393       19.1139286569
  2       21.2313858875       25.6988924370       19.5169704531
  1       20.9299617569       25.4727578979       19.9176032808
  1        5.5905409686        7.7552445318       16.0114043343
  2        5.7515431618        7.4390281571       16.4316251074
  1        5.9127878351        7.1397604201       16.8639895092
  1        5.6247328275        6.0158925167       27.9417225962
  2        5.5822463480        6.5135245845       28.1720641343
  1        5.5543656197        7.0223996141       28.3788704887
  1        4.4678574886        6.5131566333       23.1710685942
  2        4.3143945900        6.4764725211       23.6979494296
  1        4.1743223217        6.4111527054       24.2257875490
  1       17.1835371324       14.6329943032       22.0814779644
  2       17.5901278398       14.3142634557       21.8928125370
  1       18.0040566513       14.0071823548       21.7008121844
  1       15.4077307548       21.5043738322        8.0234571852
  2       15.9546988440       21.4635458837        7.9827265093
  1       16.5009094833       21.4211464279        7.9341855716
  1       20.2868175733        4.6447767607        9.6369113602
  2       20.0619688892        5.1459703960        9.6095616020
  1       19.8262085974        5.6421165151        9.5820641069
  1        1.3538941702        8.3017552710       13.1316707961
  2        1.6971053137        7.9892865304       13.4267460359
  1        2.0339485076        7.6638854557       13.7151048440
  1       15.8737510020       20.0841567520       28.5800736787
  2       16.1448740155       20.1642639842       28.1082949775
  1       16.4112517015       20.2451178518       27.6339474472
  1       19.4310529924       10.2973673213        8.3875786682
  2       19.6559652916        9.8602495081        8.6342413429
  1       19.8833465646        9.4148828361        8.8632528777
  1       10.2758487255       27.2235737993        6.6180814041
  2       10.3319251434       26.9611486449        7.0981735553
  1       10.3853026091       26.6963047048        7.5772440434
  1        3.5056356668        3.5653676482       26.1591525691
  2        3.1967988916        3.9907039109       26.3210442301
  1        2.8748275765        4.4109390554       26.4701646330
  1       25.1158389909       16.4720926475       -0.1601430405
  2       25.5198407374       16.3523034477        0.1933157781
  1       25.9200249283       16.2542414359        0.5576459226
  1       23.8060878448        1.3272857094       25.8761358196
  2       23.4515286046        1.6628481384       26.1294845941
  1       23.0925047696        2.0031824207       26.3698477800
  1       19.8869445954       11.3303146279       19.2769073207
  2       19.7235675487       11.7334153667       18.9402803238
  1       19.5422288516       12.1359415302       18.6122727574
  1        6.5877276695       20.1023917821        1.6628398606
  2        7.0865295462       20.2898939807        1.7990001090
  1        7.5805095862       20.4870820759        1.9390021597
  1       19.0028214902       15.2722739863        9.0046234503
  2       18.9589281819       15.6824564559        9.3683867237
  1       18.9237276238       16.0784941926        9.7484065006
  1       11.4959817613       22.8276689202       14.1242910569
  2       11.2266161340       22.3546887697       14.2032336695
  1       10.9518096463       21.8841487826       14.2778896398
  1       16.0158730262        9.8263530967        9.1082424277
  2       15.5821783598       10.1143712620        8.9308883390
  1       15.1547420687       10.4068755538        8.7458492747
  1       26.0206587467        0.3745902871       21.4728890702
  2       26.0375267521        0.0158572655       21.0563244418
  1       26.0559876454       -0.3437170352       20.6405534511
  1       13.7636713833       25.5887496405       15.0101334804
  2       13.6249421399       25.7683133863       15.5111435184
  1       13.4988703501       25.9678592820       16.0079204687
  1       22.8484792152        9.7107055254       11.3260010301
  2       22.7083288745       10.1209364411       10.9875213737
  1       22.5409451174       10.5224492341       10.6509650576
  1        4.8500600643       28.6619472614       25.4778367212
  2        4.7094795742       28.2243290901       25.7798755629
  1        4.5601489100       27.8093949597       26.1085547670
  1        3.1749537653        2.3532032288       12.7032165645
  2        2.6883385613        2.4268685265       12.9487345213
  1        2.1916949564        2.5241321762       13.1641060866
  1       13.9874735859        4.5014190512       15.5153396018
  2       14.0195420486        4.9253438736       15.1663992650
  1       14.0416322615        5.3644701676       14.8359751143
  1       26.5054128875       22.2334910609        2.8728474954
  2       26.6757593877       22.3270873435        3.3873587253
  1       26.8339764749       22.4279736147        3.9043590277
  1        3.7113154519        4.9336965744       15.4438167018
  2        3.3141054467        4.8410197903       15.8127817752
  1        2.9040365697        4.7553483309       16.1691578633
  1       23.4138314795       26.1113297051        9.5805955548
  2       23.4377248001       26.1421196040        9.0319781186
  1       23.4568550378       26.2065304593        8.4860978435
  1        9.8930727551        1.5873437072       11.3735894877
  2        9.4085983729        1.3271512499       11.3643993780
  1        8.9328544208        1.0511861965       11.3610857157
  1       27.1103091086       15.5880689102       21.6341730608
  2       26.6954341668       15.9044711374       21.8081512584
  1       26.2659451313       16.2039884221       21.9764621717
  1        9.1990341562       12.1346220488       25.6536542047
  2        9.4906630620       12.0012542381       25.2068146268
  1        9.7628314010       11.8633929988       24.7491917767
  1       10.6402540897        4.0047342212       13.3499776298
  2       10.1342733181        4.1628206133       13.4965796468
  1        9.6330455873        4.3309042843       13.6482985987
  1        4.2810460571       16.1043429198       15.8679206777
  2        4.7668521782       15.8532358365       15.9265521149
  1        5.2509287130       15.5976004611       15.9796601389
  1       12.9525774767        9.5427817993       15.1384945875
  2       12.5874197225        9.9254016702       15.2893648926
  1       12.2315523059       10.3022300783       15.4733723154
  1       21.2983011147       15.6067609287       18.3751199370
  2       20.7528088855       15.6182222850       18.3057883770
  1       20.2072467295       15.6088228991       18.2366972455
  1       27.1196634608       11.3651161920        2.5087637321
  2       27.1927791456       11.6919578244        2.0724970202
  1       27.2487754122       12.0353119423        1.6465012845
  1        0.3532133661       14.8384305176       24.8766439934
  2        0.8527485419       14.7775411152       24.6547046125
  1        1.3602957596       14.7218509002       24.4502677743
  1        0.6960117087       10.2703382896        8.3326603062
  2        0.7202672772       10.8159093186        8.3979590021
  1        0.7321695692       11.3640484569        8.4415688577
  1       19.1429644289        1.6877483509        2.0866906827
  2       19.1680801682        1.9437281065        1.6005388912
  1       19.2101291278        2.1828455242        1.1070262323
  1        8.3236126369        6.9004217181        6.7509872540
  2        8.1269086394        7.2844193368        6.4098811618
  1        7.9583413887        7.6766171005        6.0630872819
  1       10.5824661571        8.4399222083       18.2108714149
  2       10.5352202959        7.8953962195       18.2721843509
  1       10.5076709644        7.3497710648       18.3356998918
  1       18.8082913368        8.4496807079       24.3660557292
  2       18.4825793288        8.2188541491       23.9877294315
  1       18.1498103794        7.9894883822       23.6146930119
  1       18.4859685832       23.4372273320       16.4820654081
  2       18.7839885529       23.8427986481       16.7038671331
  1       19.0962897620       24.2429869835       16.9155679835
  1        7.7579463772        2.7792190704       -0.2514093938
  2        7.7438218331        3.1825350975        0.1222705222
  1        7.7173819408        3.5843545567        0.4968930699
  1       28.2146027002       24.1544650491       24.8456620366
  2       28.0774469690       24.0613537076       24.3212398942
  1       27.9283668350       23.9905728345       23.7965826912
  1        1.0376765245        0.8015258644        3.5530824774
  2        0.7118747086        1.1327814042        3.2587647169
  1        0.3792829663        1.4437329025        2.9502328749
  1        2.6735887387        7.0811945400        9.5125294025
  2        2.1296000495        7.1526532553        9.4741893713
  1        1.5841194614        7.2209931384        9.4574386286
  1       22.4089535354       14.0950913359       11.8530145392
  2       22.4812739262       14.3484219061       11.3702170834
  1       22.5623497942       14.5842951673       10.8800227268
  1       22.7869174043       13.6320413584       25.6778277108
  2       22.9020944324       13.8134021830       26.1841304893
  1       23.0060006301       14.0048979351       26.6891382892
  1       24.6406468145       18.2214581747       18.9929195672
  2       25.1652553774       18.2579568312       19.1540210998
  1       25.6935709752       18.2903607467       19.3034621060
  1       24.4798696137       -0.3536369308        1.5523574436
  2       24.1098804011        0.0182133179        1.3870233119
  1       23.7356331066        0.3801922210        1.2097939825
  1        2.7687230210       19.9687522344        8.3147997484
  2        2.5402059144       19.4707947393        8.2666513834
  1        2.3014623934       18.9778543806        8.2165381819
  1        2.7912101333       13.9020252947       12.8726195249
  2        2.9289389801       13.8281900733       12.3452874428
  1        3.0897158434       13.7629057275       11.8233786832
  1        8.7642073863       19.7638870962       25.3844354097
  2        8.8938416526       19.3035508222       25.1128005964
  1        9.0127049714       18.8493215708       24.8263616017
  1       12.0833896825        4.9352699112        1.3644125790
  2       11.9240355538        4.7829999736        1.8683174587
  1       11.7201418092        4.6214565068        2.3529111527
  1        3.2100798813        6.6272643081       19.8413240484
  2        3.0480690663        6.2187707980       20.1720589090
  1        2.9094874042        5.8096725272       20.5125493299
  1       13.5467138259       24.6532715690        5.0245694738
  2       13.1538798096       24.5843935439        4.6458383643
  1       12.7604197798       24.5082357347        4.2691565462
  1       15.6638373106        3.1751830935       18.3313715265
  2       15.8830360901        2.9432731225       18.7793331994
  1       16.1045608536        2.7131369047       19.2270653731
  1        5.2417717503       14.4531922199       24.3665887079
  2        5.6159632637       14.6556172338       24.0180132855
  1        6.0166817304       14.8721245535       23.7097126368
  1        8.6703612521       23.0214182296       22.9905229500
  2        8.2188452920       22.7365264919       23.1226972121
  1        7.7566414599       22.4528139315       23.2142111437
  1        1.0192115542       23.8164909038       10.7356225949
  2        1.3184866115       23.6868303881       10.2927652920
  1        1.6005024548       23.5475494372        9.8415803190
  1       17.1877092748       12.2946841828       15.9572740337
  2       16.7551175611       11.9640225966       16.0349098802
  1       16.3143874588       11.6406938052       16.0958645239
  1        5.1671762276       20.1709752131       21.4747408147
  2        5.0907855343       20.0744282434       22.0107847911
  1        5.0157003485       20.0019319642       22.5507908127
  1       22.8610439001        7.2686749207        8.8126373085
  2       22.6448501717        7.2239342888        8.3088927823
  1       22.4348692053        7.1884891291        7.8017915760
  1       25.9275768303        8.5955811155       17.7885690254
  2       26.0056325569        8.1101768852       18.0351253814
  1       26.0737128126        7.6171134032       18.2691199978
  1        6.1176777784       15.1595615429       12.3375564853
  2        6.1976128362       15.7036630813       12.3295625871
  1        6.3153617989       16.2398906118       12.2964685349
  1       17.7190748664        7.1216012014        1.0141936861
  2       17.9808018534        6.7307760781        1.2992457992
  1       18.2338527410        6.3262743922        1.5728214439
  1        8.6668737825       14.0950074527        2.8540896453
  2        8.4031185119       14.5756741822        2.8975942708
  1        8.1266260941       15.0468684378        2.9610601304
  1        9.9761511189       23.4678275761        6.8501941700
  2        9.6965152106       23.0672417620        6.5975387440
  1        9.4036310577       22.6694295585        6.3557447764
  1       12.9559877366        6.1966630986       24.5497038128
  2       12.6133993799        5.7664447826       24.5564431320
  1       12.2859757068        5.3250504800       24.5780025124
  1       20.5021657577       16.2017526658        5.0862758904
  2       20.1447099997       16.3803610006        4.7083546766
  1       19.7746624816       16.5537372889        4.3402439650
  1        1.6032852944        5.2250683692        4.8155226194
  2        2.0698668891        5.2893365956        5.0995493973
  1        2.5346936031        5.3471318977        5.3878128671
  1        9.0538802838        8.2905703430       23.4495963527
  2        8.5105069214        8.2861737439       23.5346025813
  1        7.9662453977        8.2650287200       23.6109719523
  1        4.6097331442        0.3737266536        1.2627929846
  2        4.3431238342        0.8504469827        1.1983166044
  1        4.0912830552        1.3320818902        1.1140311551
  1       21.4495194270       27.6833785923       22.8771459689
  2       21.7572330236       28.1029500204       22.6988985028
  1       22.0661320722       28.5227414802       22.5232382995
  1       26.9496581852        4.4095259997        2.2140007042
  2       27.4105167615        4.4581585717        1.9177841522
  1       27.8750140826        4.4869412879        1.6246736050
  1       22.6263913771       17.6133568136        8.8953459354
  2       22.2456740143       17.5813011632        8.4997113503
  1       21.8490464362       17.5650819455        8.1190231574
  1       11.2288282594       22.6142060546       18.1091194171
  2       10.9689038085       22.5503623610       18.5896017400
  1       10.7082392135       22.4794879303       19.0686954500
  1        8.4524949373        7.8063613706       27.0250682402
  2        8.6604318831        8.0962266033       27.4436854560
  1        8.8509372049        8.3867921003       27.8700414262
  1       15.4101424666        4.2322163191       24.8634395753
  2       15.6675855064        3.9935410699       25.2868273488
  1       15.9148246520        3.7543759251       25.7159809779
  1       13.0746316036       11.2626563373       20.0665843903
  2       12.5710390544       11.3373486829       20.2747083867
  1       12.0791090245       11.4230919993       20.5052575753
  1        4.8291120082       24.8593784437        0.2699024100
  2        4.5975202889       25.0570076069        0.7279504308
  1        4.3944041023       25.2655732748        1.1945810941
  1       23.3505652673        2.1159404080       18.7455391363
  2       23.1130457281        1.8021592749       18.3613180163
  1       22.8841294388        1.4885149413       17.9717996426
  1       21.3261771416       19.7976490913       20.0060281029
  2       21.6955675997       20.0544787350       20.3223969123
  1       22.0841355605       20.3269939437       20.6003364738
  1       24.8856116351        3.3204986876       22.7992377987
  2       24.9066399016        3.7224362740       23.1740764155
  1       24.9185803143        4.1446377874       23.5263594091
  1        5.3052510059       10.9488001367       24.0932163304
  2        4.8964570482       11.0412500674       24.4493630845
  1        4.4926602262       11.1601119285       24.8033687109
  1       25.6728593799       11.5646027224        5.4476187413
  2       25.7542815583       12.0942117100        5.3235834675
  1       25.8101344515       12.6206119775        5.1743078444
  1        5.8999698357        3.5144682473        5.0371408331
  2        5.5449931113        3.4235251097        5.4472882101
  1        5.2041939406        3.3209730937        5.8666198309
  1        6.2990838317        3.8416413280       13.0723938242
  2        6.2498366710        4.2965603345       12.7672325313
  1        6.2026083006        4.7492591833       12.4584717301
  1        0.6292101346        1.4283552189       24.8367442664
  2        0.9890763761        1.1315420469       24.5453712596
  1        1.3714313559        0.8545909665       24.2632316355
  1        7.4519978498       24.9798980633        2.8650068682
  2        7.8142088723       24.5674656119        2.8996860863
  1        8.1765888546       24.1552137823        2.9347456994
  1       25.4616278614       13.3311536032        9.8649146942
  2       25.9133792683       13.6400204504        9.9198868421
  1       26.3728161094       13.9362701417        9.9803344102
  1       17.9720109429       17.7018336025       26.1906805801
  2       17.7562897906       17.7422131654       25.6863653262
  1       17.5194518982       17.7775451934       25.1912295271
  1        4.5006453743       12.1974785800        7.1339166917
  2        4.4748332946       12.7127769713        7.3244457037
  1        4.4646528650       13.2309508980        7.5085438827
  1       15.2944136472        3.0475342748        5.0742954062
  2       15.1911903390        2.6220408285        4.7414286524
  1       15.0803752234        2.1866010419        4.4242343880


Molecules in box 2
##############################################################################                                           
Moleculetype  1
Number-of-molecules: 36    
Atomtype         X                  Y                   Z
  1        7.2133179240        4.2308207378       30.9119983736
  2        7.6965125621        4.2434893418       31.1744149282
  1        8.1824278302        4.2410682412       31.4320590423
  1       40.4777806481       19.0401657730       28.0264327477
  2       40.6507900497       18.5967753141       27.7508013855
  1       40.8482041138       18.1533792293       27.4920976973
  1       36.7497082897       25.1406635079       22.7818614775
  2       36.9774237748       25.4094840289       23.2042134461
  1       37.1953325049       25.7044574263       23.6140993803
  1       45.8480187409        4.0744349959       16.9104239534
  2       45.8432392982        3.6297747622       16.5867660577
  1       45.8377814955        3.1970696251       16.2473010731
  1       35.2914048397       16.5423392784       31.4009004026
  2       35.2238291727       16.5866416956       30.8568683952
  1       35.1842033472       16.6355584665       30.3104830528
  1       17.2841960741       49.9852889116        8.9676976475
  2       17.5241271503       50.4326772383        8.7560924401
  1       17.7774677726       50.8866723843        8.5766295318
  1       12.4036859733       14.2237576515       19.3494284588
  2       12.2387240278       14.6321584066       19.0200405723
  1       12.0876319289       15.0569889436       18.7050958289
  1       19.8152726672       28.4007062144       22.3191866991
  2       20.1660199297       28.0010308407       22.4596714084
  1       20.5166227280       27.6074100284       22.6166438039
  1       26.1893376177       46.1785472165       37.9604010277
  2       26.3267811263       45.7786207610       37.6087362554
  1       26.4557191052       45.3825350460       37.2495829414
  1       47.3453406235       23.6286833097        9.8565726117
  2       47.5971385173       23.6748805047       10.3433617240
  1       47.8357391632       23.7102527777       10.8376476059
  1        3.8694685501       25.5630078649       16.7756951812
  2        3.7475449678       25.0285738026       16.8205825196
  1        3.6072866416       24.5034442344       16.9046452199
  1       38.8142450447       12.2211013246       46.2737578302
  2       39.0961369613       11.7805029937       46.4437874103
  1       39.3715334940       11.3419700049       46.6291129792
  1       22.3909683115       48.4022749659        6.9774961497
  2       22.2002296783       48.8325959883        6.6929920347
  1       22.0085528427       49.2652989997        6.4127633893
  1        4.3854678998       18.1284612878        2.3664117041
  2        4.4824081151       18.6184594755        2.5966384851
  1        4.6093264322       19.1044775999        2.8206432229
  1       48.9802017122        4.1833332376        6.7159549279
  2       49.2889012267        3.7539658427        6.5647985522
  1       49.6020224172        3.3325473274        6.4009036040
  1        5.3384047982       28.3801156609       14.6202465875
  2        5.4691293089       28.7322430901       15.0220144010
  1        5.5749474551       29.0864299580       15.4292663887
  1       36.6490151233       35.6663973633       32.9315428484
  2       36.6644044710       35.8771760317       33.4393179176
  1       36.6618413337       36.0634222409       33.9568174624
  1       41.6557844186       40.8032846974       48.5192563038
  2       41.5648291063       40.2668640709       48.4387575917
  1       41.4569305218       39.7346422675       48.3515919654
  1       49.8087641245       34.4222724705       15.5337573797
  2       49.3285515524       34.5105537004       15.2805730397
  1       48.8480443595       34.6257779424       15.0390441375
  1       45.4050939908       43.1868031425        0.7466322604
  2       45.1897775406       42.7454463971        0.4989569700
  1       44.9889893045       42.2843762021        0.2762500807
  1       37.2821993320        6.2706035605       29.2420536584
  2       37.0033909314        6.5088196712       29.6519548177
  1       36.7377940819        6.7860167367       30.0458077082
  1       48.1581175220       26.3987535088       24.3884456076
  2       47.8525879145       26.6472224561       24.7723920116
  1       47.5491855761       26.8934853400       25.1594341438
  1       31.3414688783       26.0335478695       23.4741831319
  2       31.1912803142       26.5525313922       23.3712292667
  1       31.0616668033       27.0814332403       23.2940076904
  1       28.0268416352       39.6477309545       33.6838058662
  2       27.9936745325       40.1876417257       33.7832860275
  1       27.9673211010       40.7265106238       33.8901775908
  1       19.4833529788       18.6788059720       45.4103483368
  2       19.1726252966       18.5062621273       44.9906139812
  1       18.8657621936       18.3550520504       44.5599510648
  1       50.6300857681       39.2762309047        9.6696753785
  2       50.4493485490       39.3325644030        9.1532834783
  1       50.2695491179       39.4015471653        8.6381004602
  1       35.7377025944       27.0081433339       43.1416768529
  2       35.4139860333       27.4456454286       43.0623074303
  1       35.0747172696       27.8731228447       42.9940449688
  1       24.6171196602       34.0613340519       31.5353008701
  2       25.1478568624       33.9198122880       31.5072008245
  1       25.6805600538       33.7867240274       31.4753445270
  1       13.9673157694       34.8352732782       15.9437634705
  2       13.8457309749       35.1766068173       16.3575370231
  1       13.7126707456       35.5062983201       16.7771779259
  1       18.4568465382       35.5670264892       16.1465757544
  2       18.3027004158       35.2398242626       16.5609158031
  1       18.1725286380       34.9260459805       16.9934646407
  1       18.9497498154       25.6254690855       40.9585412676
  2       18.5019964346       25.8686804072       41.1655803050
  1       18.0496151781       26.0946188004       41.3819204080
  1       41.2662320960       35.8880317161        0.0443840361
  2       40.9442880625       35.5491125307        0.3341871159
  1       40.6212483189       35.2118266612        0.6246756102
  1       47.5521578699        0.5865291367       22.4771436376
  2       47.7001954377        0.0861069447       22.6508172058
  1       47.8420363593       -0.4132069483       22.8326599626
  1       23.9555705285       30.6306046463       35.7487552488
  2       23.9885105593       31.1182807997       35.4965907712
  1       24.0343397762       31.6052937459       35.2451587286
  1       40.4473452916        9.3920854329       33.4924297052
  2       40.5500783504        9.8979036148       33.6824136139
  1       40.6634267383       10.4092423467       33.8502970353
  1       31.8923565860       42.2502011682       18.5533016916
  2       31.9272027122       41.7733992959       18.2813720645
  1       31.9564091996       41.2931970268       18.0148148271


Number-of-fractionals:  1        
##############################################################################                                           
Fractional-type:      2
Box:                  2
Lambda:               0.802161
Reaction-Step         1 (only used if Type = 3 (RxMC))

Moleculetype  1
Atomtype         X                  Y                   Z
  1       11.0226598813       15.8506775121        9.7321392099
  2       11.0620946125       15.3811773985        9.4483883592
  1       11.0819462827       14.9101605317        9.1651057769

------------------------------------------------------------------------------                                           

