Simulation state at cycle:     470000
##############################################################################                                           

Number-of-molecules: 401   

Box-size(s):    28.087716   50.637315

------------------------------------------------------------------------------                                           

Deltas
Translation per molecule type
Box 1    0.5631830965E+000
Box 2    0.2530587369E+002

Rotation per molecule type
Box 1    0.8729096994E+002
Box 2    0.1800000000E+003

Volume    Delta_Volume
Box 1   0.3689611499E+003
Box 2   0.1708153472E+004

------------------------------------------------------------------------------                                           

Molecules in box 1
##############################################################################                                           
Moleculetype  1
Number-of-molecules: 396   
Atomtype         X                  Y                   Z
  1       20.2615491942        5.0444103228        3.2909891036
  2       20.2035366527        5.1887794691        2.7634551288
  1       20.1546660177        5.3275429083        2.2334962927
  1       13.0595593773       20.2357441527       13.0490850327
  2       12.7402287812       20.3435187108       12.6144442442
  1       12.4157006657       20.4240131556       12.1777496764
  1       27.0755773330       10.4917225478       10.7604378189
  2       27.5316287739       10.2046196890       10.8703879519
  1       27.9908292486        9.9205023961       10.9748498439
  1       16.9050800526        7.3460441624       11.9922571530
  2       16.9331179019        7.5920607354       12.4833678582
  1       16.9738486198        7.8328778052       12.9761641108
  1        8.1718779897        8.1995917399        3.4072690161
  2        7.9374340456        8.3931398056        3.8656086100
  1        7.7226444211        8.5881029164        4.3328931075
  1       12.9196017359        2.4673063366       13.6655058714
  2       13.2214011492        2.6804064382       13.2580681942
  1       13.5191544243        2.9171769290       12.8608494624
  1       14.3201181205       23.6647270542       28.3454958473
  2       14.3864567002       23.3931826376       27.8718263183
  1       14.4316539194       23.1181994634       27.3976518100
  1       24.8902645806        7.9355142589       26.0141477000
  2       24.5960225559        8.3756981049       26.1630094230
  1       24.2981066171        8.8093380758       26.3233293160
  1        0.6930238421       16.7795293978       14.6350266000
  2        0.4569266699       17.2720409405       14.6997607141
  1        0.2328953955       17.7702025294       14.7641425321
  1       13.2480738132       19.9766674587       26.5977043558
  2       13.4782074134       19.9557929275       26.0986023822
  1       13.7381044757       19.9367340643       25.6142571792
  1        8.3231598240        2.8605402663        2.9069634296
  2        8.5316024484        2.8631984642        2.3979991810
  1        8.7410873911        2.8653324231        1.8894605847
  1       15.2206391231       17.8733980050       19.4542943165
  2       15.0186308977       17.4531877834       19.1625477715
  1       14.8104534353       17.0342704346       18.8732894129
  1       12.3539994140        5.4306909033       19.6115832332
  2       12.6077109159        5.2532384696       20.0661611777
  1       12.8626170065        5.0541347190       20.5109988789
  1       15.3393306825        4.5769815166       23.0108799146
  2       14.8115041867        4.5081386119       23.1492990057
  1       14.2857703237        4.4261188098       23.2884990644
  1        6.5382408590       23.7271342847        9.8484526386
  2        6.7526359146       24.2310516761        9.7974426123
  1        6.9611539063       24.7371634231        9.7438595390
  1       25.7929649968       20.8398165698       14.3467750704
  2       25.5892536798       21.2938270639       14.1125184365
  1       25.3799009872       21.7431569959       13.8742453551
  1       16.7104139505       16.2424515613       16.2292896963
  2       16.8036973867       15.9735625229       15.7586551400
  1       16.8894545262       15.7080485984       15.2846846052
  1        3.8777715886       10.5972059609       16.6977726616
  2        4.2222828380       10.6891337311       17.1165342693
  1        4.5633512233       10.7850858400       17.5372070023
  1        6.0508439411        3.8148625180       19.1986151480
  2        6.0076742089        3.3278940966       19.4506035025
  1        5.9524485424        2.8368039705       19.6920172818
  1        1.1068329742        9.4622561301        7.6251072762
  2        1.1445060010        9.6705928776        7.1174887750
  1        1.1596149285        9.8886081729        6.6127699916
  1       16.6949809618        0.4315817579       23.2635568149
  2       16.1678828720        0.3571207853       23.1252702746
  1       15.6420817434        0.2877891226       22.9795778152
  1       11.2907698793        8.6243850444       19.1726800132
  2       11.7394221647        8.6122425803       18.8547748586
  1       12.1781330305        8.6164339746       18.5230894542
  1        3.2263844729        8.6298677713       22.8967399769
  2        3.0036239299        8.5751583885       23.3966245875
  1        2.7647689745        8.5292349647       23.8899189706
  1       19.8395678992        6.8572978855       16.1242743975
  2       19.3670673897        6.8477005847       15.8429362375
  1       18.8984115790        6.8227725793       15.5561604982
  1        6.2408041282       11.2058854494       21.1623991777
  2        6.2540332354       11.5389509559       20.7249150533
  1        6.2499993661       11.8756471140       20.2900364220
  1       22.7549401036       12.7930272734        9.8497893277
  2       22.3663333049       12.4308036202        9.9921929129
  1       21.9536273354       12.0889388349       10.1158951776
  1       11.6449905554       24.6712369578       12.0937165525
  2       11.7690316159       24.8690826230       11.5957497784
  1       11.9066323113       25.0603866310       11.0987901984
  1        2.5299209337        1.8520912631        6.8768212520
  2        2.3194861524        2.2942448845        6.6263868737
  1        2.1255732875        2.7432428682        6.3747947227
  1        1.8426210236        6.5553181511        6.6009195246
  2        1.5938069720        6.2217286560        6.9605159880
  1        1.3081111380        5.9084318403        7.3108344070
  1       13.0946604297       18.7879615642        7.6244691734
  2       12.9218904743       18.2760365543        7.7273444708
  1       12.7663275956       17.7633798795        7.8517764740
  1        9.8106366103       23.9031257020       27.6126974582
  2       10.3021501738       23.6563765105       27.6181061032
  1       10.7889153668       23.4003311537       27.6187550126
  1        7.0930292620        1.0044003957        5.4863771347
  2        6.7771476215        1.4464839770        5.5717053032
  1        6.4798611926        1.8987626686        5.6695049115
  1        3.5355028637       16.7464511824       24.7341941615
  2        3.6164960015       17.2867076473       24.7979363276
  1        3.6962225224       17.8273458487       24.8600170493
  1       12.7181617621       12.2904997205       12.4658944220
  2       12.5426371577       12.8017647762       12.5673791800
  1       12.3636751988       13.3102101287       12.6767224001
  1       22.4527567760       24.0754671772        3.1180918880
  2       22.1268880412       24.2033635906        2.6938843031
  1       21.8018451895       24.3243365995        2.2670205371
  1        1.2994615167       13.7342262429        2.5899249433
  2        1.1553673371       14.1429858806        2.2513213019
  1        1.0025703290       14.5574752395        1.9236756935
  1       15.1230605384       23.6053722309       12.3883020497
  2       14.9078880783       23.3893309455       12.8460432161
  1       14.6880965932       23.1849007645       13.3069119644
  1       20.7315948042        8.6538559228        9.3004567084
  2       20.3134701801        9.0090298371        9.2614273699
  1       19.9045486305        9.3750444350        9.2251440479
  1        0.0536418540        9.4966064983       27.7138557715
  2        0.5035777054        9.6139152964       27.4200933241
  1        0.9648125867        9.7094987458       27.1361458157
  1       11.0243292801       10.2088253834        2.6145205553
  2       11.1952092194       10.0478805601        3.1119105534
  1       11.3700151857        9.8945885573        3.6103525611
  1       21.9450918415       16.6780646628       21.4025157035
  2       22.0033162298       17.2207097397       21.3343523621
  1       22.0598425121       17.7615860801       21.2521479659
  1        7.3524855082       21.8808428107       25.5679129411
  2        7.6488782570       21.6789021894       25.1509341359
  1        7.9413060705       21.4931348251       24.7237615020
  1        2.2919000057        5.0387929086       22.2177519631
  2        2.6696336772        4.8704958058       21.8551318331
  1        3.0472656846        4.6771437359       21.5051189147
  1       18.2739464512       23.5484404884        1.1387344526
  2       17.9497695372       23.9488555496        1.3312886195
  1       17.6256126767       24.3476823785        1.5271444064
  1       -0.1415184159       15.9735473117        7.6128374441
  2        0.2335582826       16.3500758020        7.7544134528
  1        0.5933785015       16.7389285974        7.9021392550
  1       26.7964261374        5.7494572961       15.8136670792
  2       27.0394863720        5.2979587764       15.6147429503
  1       27.2609939478        4.8322481631       15.4235675925
  1       17.1702150775        6.3127387212        3.2142679905
  2       17.1070494144        6.8443007765        3.0879672370
  1       17.0331727926        7.3710637275        2.9480993093
  1       20.8289905491        5.5552109835       12.4433995986
  2       20.7092341247        5.5069971110       11.9087653112
  1       20.5907053842        5.4490459626       11.3748246768
  1        5.4369365723       14.2876731605       15.3043279913
  2        5.0059806057       14.1844304481       14.9785705705
  1        4.5847367447       14.0774875270       14.6414996282
  1        6.6021951531       13.0730725882        7.9488752724
  2        7.1499193236       13.0794875171        7.8993063128
  1        7.6982691119       13.1058263033        7.8658581890
  1       13.1452075146        6.4120398827       11.8982888567
  2       13.4412446146        6.3647657032       12.3594040130
  1       13.7567822153        6.3146115328       12.8070875851
  1       10.2792221362       15.5196413591        1.3934777475
  2        9.9892693942       15.2518015559        1.7764780703
  1        9.7071072693       14.9785323116        2.1614565819
  1       18.7413576711       16.1389916419       23.8112789823
  2       18.7852574530       16.3468278269       23.3039556836
  1       18.8225823550       16.5539459924       22.7958130696
  1       14.7770777662       10.0515246779        0.6571356923
  2       15.1778450707        9.8026634150        0.3743749464
  1       15.5801994015        9.5690681481        0.0810419568
  1        4.3505338438       18.4663830971       14.6705771797
  2        4.5885692293       18.0617248934       14.9570922638
  1        4.8257713983       17.6615018352       15.2504463736
  1       14.1072359214        2.7803335287        8.3159474347
  2       14.0168433360        3.1066082642        8.7493917535
  1       13.9132818439        3.4307496987        9.1814882089
  1       25.2295255294        4.4513419994       26.5468069202
  2       25.4487229311        4.4121322022       26.0439002779
  1       25.6958843991        4.3589196751       25.5554541348
  1       24.5007591043       16.7483681213       25.2761575422
  2       24.2546926340       16.4664691562       25.6792509131
  1       24.0271702745       16.1801647955       26.0900591262
  1        7.5549448818       24.3210639657       18.7509788089
  2        7.8045080686       24.1706228700       18.2845179932
  1        8.0605605332       24.0363443524       17.8166436361
  1        8.5084962505       12.9261075214       10.9427940336
  2        8.8916820586       12.7639062518       11.3024596904
  1        9.2755083796       12.5871264516       11.6544913033
  1        5.3459774519       22.1273546006       19.7815274791
  2        5.6173829296       21.9038574071       20.2044790971
  1        5.8782471342       21.6452339394       20.6138246329
  1       20.8122401847       17.9022421775       14.8763160296
  2       20.8472677627       18.4386629831       14.9926164513
  1       20.8939803227       18.9757416115       15.1015406573
  1       18.3644258168       12.7262987370       17.0975128340
  2       18.6549128898       13.0763585391       16.7883601284
  1       18.9541201697       13.4035886922       16.4629443490
  1        4.6696334739       16.5726400868        7.5514973037
  2        4.5367325352       16.2595979755        7.9837495184
  1        4.3931253500       15.9472771124        8.4130893067
  1       12.6182738167        0.0461524816       10.6251349992
  2       12.1807216672        0.2025441461       10.9193963858
  1       11.7400837663        0.3606961970       11.2080591096
  1       18.6199699273        3.8075770140       17.4812100509
  2       19.0608802873        3.4938275165       17.3829282758
  1       19.4797868060        3.1561137718       17.2690566193
  1       22.8795843094       21.1062789351        6.1334852445
  2       22.6667560109       21.3379937393        5.6823617970
  1       22.4516078233       21.5561211025        5.2255995944
  1       20.4537784523       13.5658379356       23.2008539459
  2       20.3329888666       13.5504092715       22.6645034707
  1       20.1910012115       13.5386197526       22.1332779893
  1       11.0567290672       25.6508843108       17.4724825748
  2       11.1966905145       26.0559857493       17.8171615816
  1       11.3241416864       26.4664669939       18.1603253116
  1        4.1510752044        7.6057300423       19.2348056294
  2        4.5914163582        7.3133883816       19.3869109276
  1        5.0322015290        7.0233316567       19.5420738371
  1       15.6203623664       10.7954767622       20.6227077670
  2       15.2277956633       10.6350326474       20.9729206589
  1       14.8348192927       10.4613722405       21.3163032941
  1        7.5780771338        4.4851936861       22.9783934851
  2        7.1044157050        4.7476886317       23.0745249283
  1        6.6312280493        5.0136552560       23.1631544732
  1       19.7361755272       14.0789293123       13.1931496387
  2       20.2763361884       13.9992340682       13.1270048869
  1       20.8135301039       13.9313271884       13.0305095405
  1        1.2611470702       18.3904305331       21.8412906830
  2        1.3313398070       18.6316605367       22.3305565259
  1        1.4076699435       18.8695368730       22.8205448501
  1       19.2486998891       10.6054186749       13.4687548392
  2       19.5015148912       10.1664874415       13.6830535724
  1       19.7525403570        9.7347077885       13.9133849550
  1       10.7036612771        5.2970536924        5.3170739818
  2       10.4539385934        4.8227547108        5.1938706648
  1       10.1858816221        4.3625510618        5.0565460111
  1       11.3102879372       16.3584604246       11.5619989034
  2       11.6326191951       16.7765008605       11.7164163707
  1       11.9774626190       17.1765202609       11.8699334423
  1        9.6747565651       11.9173779157       24.6325523234
  2        9.3524370972       11.8098934943       24.2000511560
  1        9.0116785784       11.7152591520       23.7788291574
  1       17.7559756761       19.4965877017       13.7862966183
  2       17.3170434681       19.5314658439       14.1158751855
  1       16.8773170341       19.5613898927       14.4448815890
  1       18.2610691523        3.7170110380       23.6875484351
  2       18.3766191779        4.1440392073       23.3607531870
  1       18.4780853985        4.5715633233       23.0299545545
  1        7.0801005638       10.3047589474       10.0841902163
  2        7.0989202908        9.8627974346       10.4110171415
  1        7.1232184083        9.4246028632       10.7425214675
  1       18.8286562583        0.7019300794       20.8721102204
  2       19.0161164522        1.1120055847       21.1870653849
  1       19.2038297951        1.5237706742       21.4996565091
  1       17.6175070613       23.2718289764       25.7232204937
  2       17.3492134206       22.8434608683       25.5063811837
  1       17.0759460894       22.4223090007       25.2817568996
  1        7.1873757858       23.2140441492        1.9931227803
  2        7.7112685729       23.0541994480        2.0429827760
  1        8.2333410391       22.8858603640        2.0830114131
  1       15.4537748902        0.2199369384       12.1673776362
  2       15.7945296083        0.5135363416       11.8508565270
  1       16.1350589219        0.7967223165       11.5247499659
  1        4.3365280650        0.9931392133       16.2197897263
  2        4.7450722653        1.2271365927       16.5041079686
  1        5.1506557291        1.4633057002       16.7908590898
  1        5.0890202395       26.3204604184       20.4271864941
  2        5.0946106880       26.8636820227       20.3412851812
  1        5.0958821934       27.4083722545       20.2650557011
  1       10.6425064444        3.8124981470        9.0397222901
  2       10.4760380726        3.3554670560        9.2964534005
  1       10.3108254966        2.9005416344        9.5576959402
  1       20.4072136162       15.3967066753       26.8701591089
  2       20.6248423122       14.8916022274       26.8674670144
  1       20.8436834021       14.3870937270       26.8585367619
  1       22.4378307294       23.1857407357       23.6533846197
  2       22.7200108510       22.8530595923       23.9883437751
  1       22.9879384262       22.5113539712       24.3259116674
  1       23.2418096395       23.3990502154       16.6141562160
  2       23.3767465087       22.8847144843       16.4736186871
  1       23.5053154946       22.3656069396       16.3451765915
  1        1.9854047927       15.6486238356       11.3126332343
  2        1.7815811060       16.1446263391       11.1904144908
  1        1.5578342713       16.6338745477       11.0760748943
  1        1.7270162439        8.1823464066        2.4798828796
  2        1.7329095837        7.8612248469        2.9263649201
  1        1.7607839137        7.5295854716        3.3642442933
  1        3.4662510035       24.5617124315        8.4995433730
  2        3.1513331144       24.2082893869        8.7795770758
  1        2.8270689327       23.8601007899        9.0554709690
  1       12.6564978491       14.3020282954        3.7077147939
  2       12.3147336636       14.0075278462        4.0223045696
  1       11.9875893864       13.7039143451        4.3437006848
  1        3.3075896183        8.9069417496        9.7912931857
  2        3.7023722106        8.6440290757       10.0697238427
  1        4.1019126583        8.3978977741       10.3565806223
  1        9.8319580649       11.7579964803       20.5280441258
  2       10.2875012842       11.7982647164       20.2224973299
  1       10.7433017426       11.8079154773       19.9148403718
  1        8.6948660195       18.5806466164        2.7293299693
  2        9.0250350684       18.9563320782        2.5005312958
  1        9.3553306087       19.3407099623        2.2868528055
  1       24.6207924262        4.7841001385       12.9002030912
  2       24.3121320945        4.5752052756       12.4957383388
  1       24.0014524187        4.3518160506       12.1006745564
  1       11.6476016628       11.6305223555       27.3229201342
  2       11.6464266322       12.0239438980       27.7072612708
  1       11.6521303559       12.4170764040       28.0918575516
  1        4.8926730098       27.5656064456        9.2162838809
  2        4.9634303516       27.9138749850        8.7965191575
  1        5.0429046071       28.2671779116        8.3825615706
  1        1.3807359996       20.2429719177       25.8686518067
  2        1.1337738305       19.7651839087       25.9836661778
  1        0.8911139785       19.2855379691       26.1000962763
  1       19.2116008609       21.7281281353       22.8195062333
  2       19.4147043778       21.3885630477       22.4374793851
  1       19.6097084946       21.0336182814       22.0653401554
  1        4.8566084648       25.5503406222       12.7264410541
  2        5.0978402643       25.9411836776       13.0290115829
  1        5.3423513021       26.3297047033       13.3319402280
  1       20.6573194509       20.0705982867        3.2122788281
  2       20.5018274478       20.4653896323        2.8623330746
  1       20.3657954341       20.8493864513        2.4928175360
  1        7.5794166429       18.6870773749       18.8539598923
  2        7.1585487673       18.5526665523       18.5263870575
  1        6.7433454856       18.4237995060       18.1894901620
  1        3.3072292404        7.0267046342       27.4596631786
  2        3.6729043538        7.1129527486       27.0579879688
  1        4.0374478495        7.2089722102       26.6575028857
  1        8.6305421031       10.2933179398        0.2362179853
  2        8.4985966370       10.8157602188        0.3464198870
  1        8.3797402240       11.3424694630        0.4510646389
  1       23.9642558885       15.7405048318       12.5347966134
  2       24.2324792899       15.4347256924       12.9050064523
  1       24.4901144987       15.1228247745       13.2776214220
  1        5.2622707853       15.8222485439       11.8223892256
  2        5.5895668283       16.2242248501       12.0062161810
  1        5.9205024040       16.6245373823       12.1871347270
  1        9.5425229669       21.5152877597       19.7632832175
  2        9.8120890362       21.2959219314       19.3370054117
  1       10.1051595753       21.0852338886       18.9220111868
  1       17.3454930164       21.1642810192       18.1691455815
  2       17.2305384362       21.2631912263       18.6978252723
  1       17.1054330571       21.3666802645       19.2233142465
  1       21.5274690750       10.1145083696       16.6092166385
  2       21.4128241862       10.6261658457       16.4431950237
  1       21.3093311480       11.1436222703       16.2881852216
  1       16.6394768892       19.0736387929        4.8739151871
  2       16.3575913960       19.0075861249        5.3415449699
  1       16.0639113919       18.9160341422        5.7974729122
  1       13.1640411798        8.5084804940       15.3311010323
  2       13.5892912775        8.7454868921       15.0751902632
  1       14.0127299323        8.9933741355       14.8266915326
  1        7.5603772623       19.4486256989       12.3127529502
  2        7.7749286623       19.3923130786       11.8094671611
  1        8.0048088835       19.3464464356       11.3119218526
  1        5.4272395636       18.3729234118       21.5509009090
  2        4.9281957695       18.1894331735       21.6915658444
  1        4.4300237197       18.0103488326       21.8407416019
  1       16.6214969753       12.0915963333       24.2242784278
  2       16.7306589786       12.6212892400       24.1242330301
  1       16.8535562983       13.1477285952       24.0229519701
  1       23.5396076328        8.1429796303        3.2255917545
  2       23.2576627169        7.6715702999        3.2535257412
  1       22.9728317665        7.2016485770        3.2768688995
  1       18.8160343919       21.5503592780       10.0838330897
  2       18.9278613780       22.0621595473       10.2513299836
  1       19.0313916017       22.5694269261       10.4369675287
  1        6.2460303671        7.7696197475       15.5424659150
  2        5.7510945141        7.6388052347       15.7435282554
  1        5.2622933770        7.5023298741       15.9555375080
  1       19.8784181544       22.1020916427       13.8014090250
  2       20.0070768441       22.1654953224       14.3323769289
  1       20.1292304081       22.2147766299       14.8663711784
  1       17.9735319838        3.4651645338       13.6610611679
  2       17.6848264066        3.9265982025       13.5821431148
  1       17.3747565440        4.3725309615       13.4955368002
  1       20.1868868852       13.3077767768        1.9279192629
  2       20.4396290352       13.3654958017        2.4129861859
  1       20.6901727271       13.4310636230        2.8981961592
  1       10.1024915107       27.4109451086        0.3644136682
  2       10.5203569166       27.1888008889        0.0841629801
  1       10.9250635532       26.9283039255       -0.1820209213
  1        6.0124350953       16.5174714026        4.5119015265
  2        5.9091958334       17.0221372332        4.3191476569
  1        5.8099844722       17.5187525321        4.1046008098
  1        6.2471425593        2.4081493446       26.6606963623
  2        6.7911796684        2.4738947323       26.6137797565
  1        7.3289248951        2.5684219841       26.5474874583
  1       26.0873891292       23.2414074779       26.9190034861
  2       26.3105127927       23.7328960928       27.0246196413
  1       26.5332430978       24.2261721287       27.1224458269
  1       21.1572588940       22.0365392399       27.0929298749
  2       20.8080168695       21.6229317978       26.9956730389
  1       20.4578573027       21.2130343343       26.8867127425
  1        0.0673280212        4.1669542092        3.2154105863
  2        0.2060977674        3.6644048735        3.3905879899
  1        0.3554746032        3.1753992274        3.5932207562
  1        3.2328417786       18.9389573589       17.8070644092
  2        3.3428299625       19.0798153389       18.3272197984
  1        3.4449654516       19.2199970567       18.8491560271
  1        0.4337108692        7.7207685385       20.7038081478
  2        0.4470177182        7.5573019426       20.1788304342
  1        0.4324048785        7.3945590623       19.6536626336
  1        7.1623231009        5.1136514844        7.7378427808
  2        7.0039762120        5.1419265660        8.2637959941
  1        6.8368129129        5.1481268270        8.7877406354
  1       16.5944469350        8.2026287946        8.6809348085
  2       16.6828175316        8.3019108760        8.1472366673
  1       16.7455500822        8.4222292908        7.6142375068
  1        2.4021276318       14.8177030247        5.9683242721
  2        2.6615964543       14.9173619237        5.4937254583
  1        2.9172635770       15.0394495227        5.0223138128
  1        0.1123039049       20.3523211908        1.4481700237
  2        0.1692788461       20.8374114910        1.1953039392
  1        0.2491297671       21.3140578121        0.9327546790
  1        5.0665302484        9.8299067449        1.3093231262
  2        5.0643201084       10.1399950330        0.8550760912
  1        5.0695703433       10.4491529340        0.4002202610
  1       27.0919157215        6.9881063563        9.1790813786
  2       26.9130327868        6.6367315252        9.5625349270
  1       26.7271847832        6.2837086224        9.9411314783
  1       13.3540519146       16.8508484563       -0.1578514014
  2       13.4596136452       17.1110577023        0.3150628290
  1       13.5645553471       17.3656259688        0.7911744083
  1       19.7820284638        6.9772310474        6.1329736622
  2       20.3108004038        7.0063332449        6.2814771893
  1       20.8417922321        7.0526949757        6.4171174014
  1        3.0217437873        1.0770766763       26.7311093317
  2        3.0787617508        1.0958414691       27.2778239139
  1        3.1378274207        1.1089859067       27.8244851156
  1       22.2453369712       16.7769168936        6.5969000020
  2       22.2216644156       16.6151706606        6.0717545305
  1       22.1686228537       16.4537631017        5.5486539746
  1        8.8006000589        0.1071153112       20.0963360159
  2        8.6428528159        0.1440229592       19.5707376590
  1        8.4854262286        0.1740073759       19.0446028822
  1       21.5941836834       25.7071136990       10.3404402748
  2       22.1034857403       25.9143436562       10.3275112482
  1       22.6032789665       26.1439033804       10.3305217446
  1       26.3524094411        9.6611065446        3.6547036323
  2       26.3514180998       10.2047587467        3.5713891657
  1       26.3585175801       10.7460256538        3.4740252522
  1        1.3162784646       26.0404821927       26.5278941073
  2        1.6885384358       25.7515027555       26.2443215438
  1        2.0577405789       25.4661605227       25.9531693728
  1       24.9419776838        6.1010927408       19.0680688141
  2       24.5855924092        6.0492386635       18.6523757895
  1       24.2428716795        6.0152723151       18.2235532299
  1        6.3934887051       26.2998889747       27.9329748689
  2        5.9833118879       26.5057039850       27.6298327238
  1        5.5922114640       26.7156708989       27.3050953645
  1        5.8907310799        9.6631294349       25.1860962450
  2        6.3552333238        9.7584370248       25.4647611490
  1        6.8198848164        9.8607452915       25.7406814419
  1       11.2066209954       17.4222812380       18.6234427999
  2       11.4273362567       17.7252251491       19.0259471603
  1       11.6234572911       18.0556928830       19.4194285648
  1       24.9447133186       17.0544692937       19.2045632915
  2       24.8576626680       16.5960498757       18.9134038482
  1       24.7682150357       16.1427784340       18.6150012339
  1       25.8830621518        2.2000104454       17.1448970795
  2       26.3475422411        1.9249557518       17.2502686228
  1       26.8289856174        1.6806452604       17.3552669955
  1       25.6374507497        6.4740359381       22.6797955386
  2       25.2117436972        6.1264654788       22.6581557315
  1       24.7920792062        5.7716763171       22.6356531809
  1        1.0358482110       18.0765202085        5.0188378076
  2        1.4071691135       18.4537901804        4.8695456256
  1        1.7683067697       18.8447060858        4.7307495623
  1       24.2837882144       13.2514948994       23.9525442448
  2       24.1765031875       12.9139775496       23.5317450509
  1       24.0543835062       12.5936305622       23.1016699527
  1        3.4003246481        0.8777385253       22.7339686616
  2        3.2003760372        0.6782368784       23.2059004849
  1        2.9836506796        0.4874165492       23.6740006027
  1       17.4016004968        2.8729827041       27.3234611460
  2       17.2184470228        3.2816803513       27.0042104010
  1       17.0265209499        3.6669708176       26.6618427067
  1       18.7058268177        7.0297733290       26.4381461166
  2       18.4054339038        7.0348019115       26.8988399526
  1       18.1027660158        7.0357444713       27.3580689371
  1       12.8543297469        9.5096503421       10.5108705566
  2       12.7443058764        9.8529496866       10.0954908412
  1       12.6457261025       10.2058467166        9.6853131804
  1       12.1763588852       14.1979412969        8.5364916536
  2       11.8229555319       13.8609808916        8.7895998422
  1       11.4749100812       13.5238459211        9.0498004858
  1       22.3535075707       27.5308695300        5.9759430770
  2       22.7088580700       27.2033826863        6.2385804503
  1       23.0763435623       26.8863010053        6.4972571201
  1        1.1978073163       27.9679489053        9.5206301347
  2        0.6685380913       27.8183826724        9.5186227703
  1        0.1385546589       27.6714645924        9.5243357532
  1       24.2938396388       22.0490698912        1.7489640266
  2       23.9611119864       21.6376675288        1.5988294016
  1       23.6069816055       21.2363303780        1.4722586166
  1        4.8079394326       19.2662162169        9.6783834575
  2        4.8520860976       19.7975525927        9.5433548395
  1        4.8847203831       20.3320712443        9.4179562208
  1       15.5127103251        1.1919039016        5.0269639998
  2       15.9379666845        1.1056619560        5.3649275415
  1       16.3494214599        0.9985724199        5.7138355496
  1        5.8009541494       25.7187046876        5.8879827103
  2        5.6131623130       25.9363133712        5.4190683397
  1        5.4199650341       26.1395177618        4.9459058030
  1       20.2851640909        9.6085944639        1.5092943628
  2       20.0605284181        9.2282495303        1.8369779693
  1       19.8451027087        8.8430129133        2.1651311525
  1       25.3023510265        1.0685384142       13.2836511081
  2       24.8833188428        1.1289075358       12.9325562517
  1       24.4579486678        1.1887746507       12.5890796997
  1       15.8668415507        1.7255860893       15.9799524773
  2       15.4616706082        1.3919922792       16.1444264180
  1       15.0570488313        1.0564264812       16.3062189143
  1       20.9489622752       10.3435465738       24.1130410422
  2       21.2877846939       10.2748240761       24.5407986686
  1       21.6296583098       10.2185891285       24.9679521075
  1       16.1458919456       15.4557465499       11.9089485944
  2       15.7128516946       15.2695856606       11.6255402949
  1       15.2569651328       15.1295141361       11.3515924717
  1       15.9622085164       16.0046859250        7.8285468393
  2       16.3689609428       15.9785298640        8.1978276593
  1       16.7621450525       15.9361808489        8.5800747205
  1       18.7821551055       14.6286839450        5.1518015535
  2       18.9044242575       15.1648006401        5.1631656962
  1       19.0376128348       15.6983486333        5.1725113262
  1       23.1194471658        8.7932680335       11.7810752056
  2       23.6268042758        8.7805733098       11.5691138720
  1       24.1337660511        8.7766849049       11.3558660404
  1       18.9672011917        0.8144543480        8.6577679315
  2       19.0512989698        0.2758760306        8.5845493571
  1       19.1370951560       -0.2637996384        8.5221860200
  1       24.5387564688       18.7273300201        4.0993956582
  2       24.7567703722       19.2295749237        4.1515492274
  1       24.9759911962       19.7331387251        4.1809724708
  1       15.9531015098       11.8636358531        6.7349328771
  2       16.3927187277       12.0222190234        7.0249123243
  1       16.8243340276       12.1746172540        7.3298434824
  1       24.2369745214       11.8244244501       13.6393366521
  2       24.3352703819       11.8097424245       13.0983908490
  1       24.4531096412       11.7975330699       12.5613016203
  1        9.7228906979       14.7321488063       21.9578949697
  2        9.9326408601       15.2090532816       21.7816366624
  1       10.1481590283       15.6791794663       21.5944648467
  1        8.8761038809        6.1481441864       20.0073355505
  2        8.9199590915        5.9113216502       19.5128744228
  1        8.9360895072        5.6853102408       19.0117171107
  1       17.6851642038        9.2452953847       17.3733388963
  2       17.1794212911        9.3841845349       17.5389707477
  1       16.6898724515        9.5662972301       17.7112405908
  1        9.7652188997        3.3676256284       13.1559525266
  2        9.9980359489        3.7814970043       12.8784517053
  1       10.2408763657        4.1734658782       12.5786368744
  1       17.9632135450       13.1024806420       10.0025527176
  2       18.3133488672       12.7364783448       10.2169065714
  1       18.6670782201       12.3688999936       10.4224830768
  1        5.9990308646        6.1179872822       11.7993591468
  2        6.2266084759        6.3048455351       12.2638937786
  1        6.4582476052        6.4987822656       12.7234934494
  1       23.7233975842       26.8688042590       26.6651028652
  2       23.5344606107       26.5852442285       26.2333662219
  1       23.3418119276       26.3029014684       25.8024729061
  1       12.2032364006       -0.1498467956       21.2939563659
  2       12.6138984289        0.1748252957       21.1253007059
  1       13.0145829602        0.5080765625       20.9495295520
  1        3.9504472410       20.9594265038       23.2750979062
  2        3.6629678805       21.4273745749       23.3047664078
  1        3.3742946731       21.8953218276       23.3186641430
  1        0.6638050688        0.3926593924       14.8002015810
  2        0.7236108132        0.0808852408       15.2493342466
  1        0.7785065039       -0.2471170440       15.6873992683
  1        9.8797930610        4.4405888106       25.5038851508
  2       10.3389826094        4.7072717503       25.6471512260
  1       10.8050703059        4.9667836155       25.7810013286
  1       13.8094647613       21.1717986608       19.3783919507
  2       13.6197844099       21.6150134964       19.6431219523
  1       13.4263472201       22.0581972772       19.9051719267
  1        7.6340093683        4.1207856350       15.7860576820
  2        7.7661390448        3.8620619322       16.2530735213
  1        7.8670377674        3.6193159654       16.7361820416
  1       19.8597328904       10.9735599508       19.7850293257
  2       19.7688847474       10.5865756892       20.1651474602
  1       19.6906839537       10.2087754733       20.5571316840
  1        4.5791036879       13.6782718883        1.1026767081
  2        4.9192356214       13.8613702273        0.7111600852
  1        5.2645549877       14.0522952525        0.3280123734
  1       26.1960249631       25.3472028575       13.5718636444
  2       26.0873534007       25.5694860681       13.0806603608
  1       25.9743811143       25.7871077008       12.5883412708
  1       11.4595855794       24.1605729288        4.0167495242
  2       11.5349077662       24.2275490843        3.4760640677
  1       11.5840312841       24.3004739054        2.9331378762
  1       22.1923589340       20.7283389559       19.1882160543
  2       22.4769934986       20.7983085204       19.6536055951
  1       22.7543273130       20.8481112712       20.1259461930
  1       25.6316087253       18.7819475790        7.7263142137
  2       25.9240660284       19.1039643842        7.3897523278
  1       26.2271131003       19.4258017350        7.0625166469
  1       16.4021760435       26.7312295253       19.2940732713
  2       15.8775179485       26.6599328448       19.1452422708
  1       15.3510936892       26.5939686612       19.0002380479
  1       27.0734183737       11.9844626315       20.3319434036
  2       26.7956719767       12.4264318797       20.1586802437
  1       26.5218607304       12.8790946673       20.0082681395
  1       22.7944723552       23.3058228418       12.6053974236
  2       22.9128746317       22.8698361704       12.2917152226
  1       23.0488974816       22.4372858560       11.9804307725
  1       16.8398750514       13.9614501043       19.8977278414
  2       17.1796126363       14.3790474350       20.0103814822
  1       17.5286903995       14.7881302377       20.1256896553
  1       18.3150374052       11.6800834769       27.3498504431
  2       18.4976570277       11.3918743101       26.9184740997
  1       18.6663251414       11.1060575344       26.4798856398
  1       23.3573321579        2.8672010695        5.7180148926
  2       23.3988962137        3.2278020845        5.3048087246
  1       23.4575280334        3.5788789270        4.8855148428
  1       19.0693896031       18.0356737900       19.2619558887
  2       19.2940150174       17.8140933987       18.8114611014
  1       19.5291294709       17.6128022874       18.3568149958
  1       14.1755892028       13.8861420045       21.4830601154
  2       13.8831469301       14.3370108082       21.3660351650
  1       13.5852745175       14.7819543208       21.2403478729
  1        7.8883746210       23.9332062074       13.5425269993
  2        8.1852839186       23.7173196859       13.1329688486
  1        8.4877018082       23.5143136417       12.7208621086
  1       10.1275240407       10.4473226483        7.1389330786
  2        9.8063401505       10.6175148270        6.7261673690
  1        9.4756802260       10.7729970398        6.3150842937
  1       25.8449547754       13.0280286716       16.5938321180
  2       25.5834475139       13.4635457327       16.3830268960
  1       25.3418638857       13.9195063148       16.1926659305
  1       -0.1548707357        6.9318397866       25.3041342171
  2        0.2508576564        6.6288986168       25.0893992188
  1        0.6593815096        6.3495792201       24.8494222721
  1       13.0335193620        1.4991755771       25.0396889648
  2       12.5547740985        1.4188879762       25.2982559267
  1       12.0795980414        1.3256412443       25.5590484894
  1       21.8656581676       14.7032477599       16.1894902484
  2       21.7370589158       14.5934230876       16.7128455520
  1       21.6214663346       14.4683031152       17.2358019046
  1       10.7993235259        8.2055671240       26.5772790963
  2       10.7972718326        8.5882621179       26.1822596888
  1       10.7929960380        8.9804301249       25.7966614901
  1       24.7684540345       15.5242767569        8.5091557097
  2       25.0860756760       15.2009668040        8.8207438468
  1       25.4104200845       14.8807162499        9.1285429473
  1       26.0490744125       15.3375581837       22.0597951988
  2       26.2658529063       15.8361196982       22.1431228706
  1       26.4757695058       16.3329896548       22.2506182960
  1        8.0104166635        8.3286378470       22.2443100835
  2        8.4617928807        8.2180703378       22.5384772748
  1        8.9326223914        8.1202729553       22.8054140516
  1       26.8592049795       12.3901300583        8.0101518006
  2       26.5709434689       12.1246492342        7.6242434779
  1       26.2612561802       11.8634218317        7.2522837672
  1       13.1062086067       25.7294874010       24.0761743143
  2       12.9804578493       25.3467453276       23.7017477497
  1       12.8614229536       24.9637415283       23.3253984673
  1       27.6003142582       12.6583555720       27.2834560918
  2       27.2719204275       13.0936441095       27.2114742807
  1       26.9475525023       13.5328532366       27.1452867386
  1        4.2996917555       22.7433604171       27.0566251143
  2        4.4231762563       22.2086008693       27.0924553262
  1        4.5423162826       21.6718979874       27.1084449988
  1       27.9241819742       23.3206855408       16.3360377559
  2       27.7311760659       23.7305081616       16.6479578400
  1       27.5376730919       24.1403565993       16.9595358497
  1       24.5478998024        1.0533195128        9.3036779145
  2       24.7855362791        0.7615906956        8.9025255717
  1       25.0236312572        0.4800722718        8.4944101989
  1        2.2542219021        1.4760559728       19.9424203330
  2        2.3634024207        1.1167924040       19.5405381333
  1        2.4866067706        0.7563855558       19.1437666739
  1       13.8174419910        6.4506869566       25.6549387370
  2       13.8502019266        6.5025293491       26.2015090919
  1       13.8785784017        6.5851544125       26.7445264706
  1       23.1654207061       12.3915512956       18.7909786065
  2       23.0078279829       12.4672291286       19.3124547796
  1       22.8212196075       12.5431210057       19.8242337712
  1       20.4613738515        0.9387854418       24.5737263200
  2       21.0008088728        0.9370240934       24.4664567742
  1       21.5448785808        0.9528905848       24.3874858540
  1        0.2196854360       28.1077371710        0.6848786916
  2        0.3876502125       27.9899353653        1.1951830796
  1        0.5708605473       27.8730960471        1.7004380113
  1        0.1036343942       16.0744459808       18.4606338224
  2        0.5456718763       16.2694311123       18.1977961102
  1        0.9939409652       16.4591876261       17.9417740635
  1        3.4358957956        3.8559002650       14.5738941079
  2        3.4782347656        4.3052084804       14.2595224501
  1        3.5227561503        4.7476509921       13.9358521409
  1        7.4905448852       12.4973439009        4.2567649353
  2        7.3420324158       12.2518150054        3.7875532476
  1        7.1961730325       11.9882082206        3.3274048995
  1       11.0630284667        1.2319042597        5.6222973173
  2       11.3298318630        0.8918246572        5.2822064299
  1       11.6176032725        0.5682919528        4.9430689887
  1       25.6741044591       23.0513290677       20.1126359067
  2       25.5154997874       22.7920369414       19.6542559864
  1       25.3641418809       22.5468804277       19.1857593834
  1       18.1573824101       24.5816351891       16.6764549292
  2       17.8539735561       25.0108142753       16.5144414136
  1       17.5527587291       25.4463388521       16.3658211929
  1       15.9588713675       20.2350827032       22.4673954170
  2       16.2222301483       19.8377348806       22.7417252558
  1       16.4892879568       19.4159367102       22.9725204666
  1       24.9154889378        1.3102886620       23.1254092716
  2       24.8164383116        0.8105377816       23.3326242106
  1       24.7240599664        0.3001392216       23.5155437292
  1       16.2659684680       12.3384647506       13.5182880835
  2       16.0740946005       12.1951300506       14.0134038101
  1       15.8785122511       12.0685746359       14.5116319412
  1       21.7581762680        6.7984183307       23.8285018682
  2       21.6577812081        6.3059346666       24.0518416823
  1       21.5432772185        5.8159066037       24.2737906244
  1       21.0923945144       23.0938219302        7.9617190613
  2       20.7147720948       23.4725760226        7.8334745849
  1       20.3347899918       23.8363664031        7.6729437173
  1        6.5380749500       14.1222682691       23.0272761420
  2        6.4489652413       14.4880970231       23.4281860851
  1        6.3660461975       14.8423333087       23.8406677031
  1       27.3347938384       14.3707478084        4.7889029362
  2       26.8125024413       14.2079369333        4.8455096102
  1       26.2864973812       14.0597222470        4.9075667004
  1        0.2590901057       15.2997669044       24.6126889524
  2        0.4287196872       15.6293392412       25.0190236419
  1        0.5775207554       15.9654477457       25.4281560340
  1       -0.3777766999       11.0292098139       24.0004810159
  2        0.0982177695       11.0833791671       23.7303052467
  1        0.5750439033       11.1418476329       23.4625025663
  1       23.1491516598        3.8490836199       15.9867116421
  2       22.7154278469        4.1839158550       15.9390563334
  1       22.2683447247        4.5005251643       15.8903200422
  1       16.5379631047        3.2894348930        2.7890801529
  2       16.1969040449        3.5303878552        2.4311410691
  1       15.8554718665        3.7587778027        2.0654060579
  1        0.2915800197       20.6520487775        9.1291957309
  2        0.8308479398       20.5557352794        9.1783263773
  1        1.3714198637       20.4656111887        9.2247983300
  1        1.4685238221        6.5100544914       12.0374087025
  2        1.0798117934        6.4780537782       12.4251959033
  1        0.6837888045        6.4328911677       12.8041762851
  1        8.1795526490       22.8664070609        6.4724638876
  2        8.0113948908       22.5663698760        6.0432778487
  1        7.8435377757       22.2552090403        5.6219668919
  1        4.3248638197        0.4838889398        2.9141179805
  2        4.8634443988        0.4929074168        2.8029891054
  1        5.4031536460        0.5083402321        2.6982238645
  1       22.9976233207       26.0173209611       21.5915804173
  2       22.5685277688       26.3561935340       21.5320624650
  1       22.1426942734       26.6993862632       21.4738852885
  1       16.6191580675       26.1318931316        8.6421742598
  2       16.8078840660       25.7822938008        8.2618286205
  1       16.9903623102       25.4527612141        7.8610668912
  1        8.7135879210       27.3899840995        8.0282503073
  2        9.1371222925       27.6523438134        8.2612439053
  1        9.5596713674       27.9124132215        8.4985542110
  1       19.6130409398       19.6316644985        7.5613106802
  2       19.5277295764       19.1382521514        7.7888326066
  1       19.4466996462       18.6450823495        8.0184359513
  1        4.5375363714        9.3150843805        6.6936595594
  2        5.0121469395        9.4862288134        6.9126444714
  1        5.4736836948        9.6737472096        7.1457124307
  1       21.6017161411       18.3321212707       24.3588459631
  2       21.5689263988       18.8765963771       24.4293561844
  1       21.5542717810       19.4196091019       24.5155096634
  1       27.1688421766       17.1255839687        0.8352223075
  2       26.8647837552       17.1506604452        1.2928462215
  1       26.5625155665       17.1736814135        1.7517623098
  1       10.0707319386        2.2402927883       22.8053764367
  2       10.2356107747        2.5610664507       22.3901424943
  1       10.4051618530        2.8855875173       21.9797298871
  1        5.2879890455       20.2956147926        2.1817235783
  2        4.8365094156       20.2248156622        2.4877523791
  1        4.3686468012       20.1760047478        2.7727472347
  1        5.8376994355       24.6616601025       23.3661991734
  2        6.1112962080       24.8282953570       23.8132757866
  1        6.3933522742       24.9838349723       24.2590916707
  1        4.7433083794        4.1157456245        0.9513052888
  2        4.2823737135        4.0918612328        1.2504185944
  1        3.8191094611        4.0765787692        1.5464805435
  1       24.1896319688        3.6411099589        1.5962204910
  2       24.6631422751        3.3753932539        1.6838710614
  1       25.1366663254        3.1046900601        1.7545446326
  1        8.6358761545       27.7470523876       25.3003864357
  2        8.9704064264       27.3297385386       25.1721731423
  1        9.3014134848       26.9050979959       25.0598578018
  1       25.6432633701       19.6684408235       21.9726082633
  2       25.4328447845       19.7067823934       22.4793171963
  1       25.2021600393       19.7234863794       22.9783217295
  1       20.8849449969        6.3015557210       20.1589362768
  2       21.3764382277        6.3866131193       20.3906681114
  1       21.8660292430        6.4585636116       20.6307176132
  1       26.6930719657       27.5002109319       20.2728714953
  2       26.5729321914       26.9666090070       20.3306245945
  1       26.4387180660       26.4367093539       20.3913940366
  1       26.4692582135        8.8868992254       13.5863423199
  2       26.8063814365        9.1183322258       13.9541557221
  1       27.1449864089        9.3454301255       14.3233077444
  1       13.7775696479       10.8367639578       25.1957238826
  2       13.4592463505       10.7203440279       24.7625764733
  1       13.1428588303       10.5971286860       24.3298907726
  1       23.3439164061       15.8498999434        1.9021863754
  2       23.5320108341       15.5071032383        2.2889820646
  1       23.7177286987       15.1708089949        2.6825745640
  1       10.4748381893        5.8523089708       15.4787397479
  2       10.3486186865        6.3517034007       15.6715449357
  1       10.2357958324        6.8496563430       15.8760293356
  1       26.1408955388        6.1434969464        5.1636391501
  2       26.6029172265        6.4294271834        5.0783170563
  1       27.0635237765        6.7229179721        5.0134729195
  1       27.3505285061       13.9935531500       12.3134934373
  2       27.5237538056       13.4782470180       12.3968756051
  1       27.6770583018       12.9599231089       12.4985518347
  1        6.6761704008       21.1874067216       16.1667229804
  2        6.4568384878       21.4083579972       15.7133202391
  1        6.2367319989       21.5995322742       15.2469453595
  1       15.9567724412       20.9782950480        1.4453342219
  2       16.2668802400       20.6475024383        1.7566369725
  1       16.5773854233       20.3369231595        2.0877367183
  1        5.5864765073        5.7046812693        4.8964433596
  2        5.7505866482        5.5152841487        4.4068551731
  1        5.9279975445        5.3253544130        3.9221366276
  1       13.7158735193        4.5682508792       16.4809399357
  2       14.2512720615        4.6755388798       16.4150788250
  1       14.7833520802        4.7862339290       16.3305953428
  1       16.8612163402        4.5407928012        8.9323746296
  2       17.1365596756        4.4132018225        8.4736736488
  1       17.4084687425        4.2867809310        8.0126061737
  1        9.0962484905       16.7228266579        9.3967411775
  2        8.5542387728       16.6646977628        9.4698609247
  1        8.0144543828       16.5912104489        9.5455737109
  1       22.4322730567       -0.2649341609        2.4849705193
  2       22.4523211430        0.1933583118        2.1815465852
  1       22.4950426902        0.6425392239        1.8670447942
  1       18.9559426490       25.7816803421       23.0484761245
  2       19.2129216078       25.6383380320       23.5131424530
  1       19.4587188274       25.5086400364       23.9877603580
  1       16.4504853170        5.7769224033       19.6715700689
  2       16.9215156132        6.0112340339       19.5111689472
  1       17.4078565675        6.2206245839       19.3624138710
  1        8.4352778496       15.2297433857       18.3029082748
  2        8.6373921187       14.8045168373       18.0185982244
  1        8.8423584054       14.3780320426       17.7382421291
  1       20.1931435088       10.3155513678        6.0630740556
  2       19.8189733718       10.6463388983        5.8326910740
  1       19.4459294588       10.9609973407        5.5790608261
  1        0.9040559462       13.7408992045       16.1566207540
  2        1.2668674063       13.4442562570       16.4444936534
  1        1.6475046947       13.1796677548       16.7404804405
  1       19.9151796630        1.6274791589        4.7623577155
  2       19.7239953034        1.9550554123        5.1606570236
  1       19.5354633541        2.2809693751        5.5615757086
  1        6.5984867575       10.8767537811       14.0996802827
  2        6.1469941770       10.7446885448       13.8147009447
  1        5.6937597969       10.6007953452       13.5383436709
  1       12.4305792242       14.2121616999       24.6796982495
  2       12.1149780765       14.4820179189       25.0403553396
  1       11.7997295553       14.7642672236       25.3917151250
  1        2.9301701690        1.4451105858       12.0123335949
  2        2.8428178024        0.9459257617       12.2260719289
  1        2.7223799793        0.4536597360       12.4397747359
  1        2.0298152031        7.3681701076       16.2713297994
  2        1.7313651657        7.7917597976       16.4557189251
  1        1.4185451095        8.2060451452       16.6374089419
  1       12.2608184839        7.3878353967       23.0408826725
  2       12.7048719973        7.5139826754       22.7418787573
  1       13.1407851013        7.6620132144       22.4409356991
  1        2.7470381476       24.7132804965       17.6578724365
  2        3.1666820598       24.9194281653       17.3682138001
  1        3.5971719608       25.1337228429       17.1012751644
  1        3.3357511144        4.2641408302        9.1600823611
  2        3.5685826421        4.2349733022        9.6575145023
  1        3.7915091769        4.1937434699       10.1586171464
  1        2.6420797110       10.3542455018       13.7505491568
  2        2.4890845756        9.8301286319       13.6842619385
  1        2.3428871495        9.3037663464       13.6204727862
  1       14.9885161523        5.5888390136        5.8316016951
  2       14.9989120968        5.0922617701        5.5953751818
  1       15.0167811918        4.5909958243        5.3697357659
  1       23.1409849990       11.7589210336        3.2710686992
  2       23.1915370699       11.7549058829        3.8187258608
  1       23.2543527051       11.7393502145        4.3649055163
  1       20.5736200494       26.1832125579       27.4956667110
  2       20.0520769307       26.0123235463       27.4597540248
  1       19.5236253882       25.8695559200       27.4063089954
  1        2.8512849507       21.6134495734       15.6036803142
  2        2.5002215423       21.3750188504       15.2538156637
  1        2.1540325553       21.1208059743       14.9102621776
  1       24.2926974307        8.9132719852        6.2860253264
  2       24.1120905066        9.2893966536        6.6443706526
  1       23.9069159192        9.6713496454        6.9827717456
  1        0.8322617993       23.8498285918       12.3353348331
  2        0.9743676814       24.1080747009       12.7996783109
  1        1.1418196430       24.3635215038       13.2570695772
  1       27.8699006309       24.3201067079        2.3384250059
  2       27.3210251026       24.3420431994        2.3109578481
  1       26.7730557458       24.3684060357        2.2717840830
  1        1.6258188811        4.2472343533       17.9385003799
  2        2.1678063050        4.2905612959       17.8556003896
  1        2.7096784100        4.3110965073       17.7636605946
  1       11.1547379537       21.0441083649        9.3866456406
  2       10.9492033274       21.5525711615        9.4281318053
  1       10.7576823290       22.0665788136        9.4683293145
  1        2.2929827371       11.3511027817       20.7827351279
  2        2.2736906156       10.9415550482       20.4161311616
  1        2.2751127296       10.5275535533       20.0540528017
  1        4.6091859276       21.9003739570       12.2518894409
  2        4.1232308986       21.9245764302       11.9954485119
  1        3.6510573652       21.9338645560       11.7135515731
  1       26.8907752045       19.7420062060       17.9441276833
  2       27.2644059448       19.4819427762       18.2527813443
  1       27.6198617895       19.2080565260       18.5708025125
  1       18.0445950823       16.2149066437        1.5933908231
  2       18.1304155924       16.5906839642        1.9857251773
  1       18.2012590961       16.9795913406        2.3681284323
  1        0.7799395905        4.0704972534       27.4018564873
  2        0.4547179229        3.6513909750       27.5470487540
  1        0.1318265544        3.2396813227       27.7165666745
  1        6.8708037391        0.3844746432       22.5255721738
  2        6.6834875698        0.8379693449       22.7740781259
  1        6.4798237886        1.2943070011       23.0038105936
  1       17.7166441374       25.0135286529       12.3755995673
  2       18.0334231124       25.3338254338       12.0600666006
  1       18.3429836227       25.6594255095       11.7428019159
  1        2.1880941804       12.3063851929        8.6694076980
  2        2.1059239479       12.8444946793        8.7480603115
  1        1.9839396126       13.3750354724        8.8264585748
  1       25.2595477446        9.6161526945       18.0485596914
  2       25.6679264262        9.3117522147       17.8410333067
  1       26.0788051318        9.0014306070       17.6476963262
  1       24.3811769292       26.2451278460       18.0364924509
  2       24.7382282981       26.3462594060       17.6305531358
  1       25.0843265707       26.4655723498       17.2200894881
  1       11.7484956971       22.7516509128       15.1186524840
  2       11.3973025399       22.3288479389       15.1386777593
  1       11.0474221352       21.9048440292       15.1561244176
  1        6.1150153334        2.3198686323       13.1457082262
  2        6.1775591332        2.6377086439       12.7012242556
  1        6.2234554878        2.9342799939       12.2403132468
  1        4.8063582244       15.4839493702       19.0794792554
  2        4.4286095965       15.2589276397       18.7490686095
  1        4.0508497515       15.0432616886       18.4124892043
  1       14.4790400137       24.4329010708       16.7088041340
  2       14.4076188762       23.9019516770       16.8332700427
  1       14.3373103105       23.3661655293       16.9356902972
  1       26.4936113009       -0.0504108674        4.2260323654
  2       26.1258365272        0.3006489526        4.0162736500
  1       25.7637792555        0.6647232800        3.8191330526
  1       22.0934494488       18.1996734888       27.5845773160
  2       21.8142070652       18.2521332102       28.0555037103
  1       21.5301713240       18.3215922371       28.5213353755
  1        7.9458150777       17.5340019823       23.5798485195
  2        7.6707514480       17.9457607527       23.8192116634
  1        7.3842544193       18.3538167234       24.0513964523
  1       18.6550768111        0.6088312342        1.8792267167
  2       18.3041717977        0.2486247336        1.6564780948
  1       17.9538877422       -0.1080148075        1.4271108844
  1       23.3588653090        9.7702495180       21.5231257952
  2       23.8346463675        9.6512378830       21.2741908336
  1       24.3115242796        9.5285346332       21.0291778373
  1       16.6863389545       27.2909962930       26.4047937592
  2       16.5693319338       26.7589241160       26.4803487431
  1       16.4650495705       26.2255500316       26.5648311310
  1       17.4242333456       18.8462921722       26.7514722621
  2       17.7231196329       18.6930132340       26.3159581355
  1       18.0294451511       18.5227229294       25.8920880045
  1       24.7868882975       17.8506971336       16.0301662145
  2       24.6909974279       17.8800693792       15.4893869505
  1       24.6035709024       17.8842366584       14.9463959420
  1        3.2490074621       11.0848191559        3.9810278311
  2        3.4836458243       11.5759660468        4.0598920847
  1        3.7114826079       12.0699269386        4.1410895996
  1       26.9233279481        3.8241927240       20.9400164733
  2       26.9683707297        3.3684358245       20.6354564688
  1       27.0422012440        2.9145587716       20.3337203671
  1        2.5363202603       13.2251453743       25.8415305944
  2        2.9565785793       13.1241952070       25.5013953138
  1        3.3616164296       13.0366495207       25.1397600119
  1       26.7951476850       24.6359088954        9.3676403735
  2       27.1677343066       24.3266224571        9.1068318066
  1       27.5345390829       24.0161485223        8.8393244406
  1       12.6507142623       17.7646973150       23.1954231177
  2       12.9278248639       18.1052492155       22.8641617141
  1       13.2001777221       18.4489985047       22.5322575927
  1        8.3528490021       19.1947198306        6.0097540728
  2        8.0406509205       19.0633437929        6.4430815409
  1        7.7283704142       18.9271812369        6.8748692696
  1       13.5785362869       20.2853081045       16.5596792861
  2       13.4558937856       19.7578769187       16.6559869243
  1       13.3503969650       19.2218514032       16.7196034828
  1       13.4969849138       16.0775126351       15.1241491138
  2       13.1249166811       15.7010142376       15.2735284527
  1       12.7540818698       15.3297807125       15.4383532434
  1        2.7237814002       14.9419338722       21.6686780210
  2        2.3215920770       14.9074976247       21.2951035396
  1        1.9169508526       14.8739114801       20.9241083248
  1       16.0068010088       23.8819438006       22.2562293801
  2       16.0248415478       23.8170003392       21.7103751086
  1       16.0582822407       23.7872477697       21.1621994947
  1        1.3391344711       25.0976577363       20.7951823655
  2        1.5735905232       25.5759509850       20.6581935779
  1        1.7893365279       26.0665424485       20.5346068618
  1       22.0861743042       18.7028985035       11.0011379522
  2       22.3263243755       18.8452144588       11.4750304633
  1       22.5727564541       18.9883680826       11.9454327057
  1        7.9863861710       15.1171893240       27.2901071718
  2        8.2969086898       14.8427623754       26.9284918856
  1        8.6090222251       14.5800868705       26.5595925509
  1       14.2693575457        9.0087660586        5.3764265814
  2       13.8077664818        8.9263144073        5.6638903442
  1       13.3425128101        8.8564800640        5.9487801200
  1       24.8065384087       20.2447365288       26.3956723525
  2       25.2174374067       19.9561462320       26.6201220217
  1       25.6134898721       19.6425229904       26.8375683507
  1       18.2090756836        0.2180492305       14.1527562912
  2       18.6089553481        0.2210567366       14.5303635062
  1       19.0155337300        0.2462877926       14.8999002597
  1        7.1851439562        6.8877503466       27.1185787548
  2        7.1764243236        6.6820348293       26.6085737607
  1        7.1804752847        6.4807863709       26.0967313566
  1       12.2024392208       24.4625462882        7.6380373334
  2       11.9165146197       24.9322182694        7.6255732828
  1       11.6514772273       25.4140284397        7.6148896784
  1       10.2288981840       18.5814744612       27.0876173791
  2       10.1096848951       18.1065194747       26.8372058128
  1        9.9879185616       17.6301016663       26.5908340798
  1       19.4060330817       25.9605726443        4.5572960123
  2       18.9398109245       26.2415968647        4.6357962522
  1       18.4596850487       26.5034310616        4.6942940788
  1       23.6335094254        5.9357543188        7.3229646344
  2       23.6930103369        5.8993687623        7.8685246520
  1       23.7438936777        5.8568580878        8.4145134131
  1       25.9710305175       24.7963979148        5.4179387587
  2       25.7459107126       24.3640105951        5.6726194984
  1       25.5380147667       23.9275154433        5.9348241077
  1       19.1172832081       16.9332693759       11.6933371546
  2       18.8764037734       17.2816336930       11.3424534123
  1       18.6447669936       17.6297318790       10.9851411482
  1       26.2423982624        6.0463344559        1.0489828554
  2       26.2276606827        6.5897688519        0.9655450884
  1       26.2058269371        7.1317991300        0.8748452307
  1       15.6767016618       19.4884505740       10.8545276236
  2       15.5750311631       19.2936167252       10.3503422598
  1       15.4813271992       19.0886189309        9.8486496543
  1       14.5775008785       22.3339634787        9.2445268589
  2       14.8918724617       22.2677189043        8.7981165499
  1       15.2183603152       22.2094988360        8.3593499784
  1       16.4856215380        7.8266806362       23.4821200143
  2       16.7120214994        7.9250527414       22.9906263862
  1       16.9402021793        8.0148232370       22.4983105989
  1       10.0284634553        7.0164304754        9.7079298809
  2       10.3139042480        7.2279023727        9.2880451461
  1       10.5805229667        7.4093592782        8.8425253942
  1        2.8032835831       25.1766112320        1.3186605939
  2        3.0186110537       24.9362842602        1.7640559542
  1        3.2158929196       24.6971344764        2.2183545843
  1       21.3515293569        3.1173028922        8.9440354299
  2       21.5515540046        2.6660492743        8.7014239861
  1       21.7422446042        2.2083303318        8.4634524250
  1       23.4223443696       11.9840055915       27.9314293014
  2       23.9705245355       11.9401583243       27.9401426718
  1       24.5175587577       11.8944616757       27.9742802616
  1       11.1358606364        2.4786106409       18.6415143306
  2       11.2288673554        2.1138847113       18.2404847225
  1       11.3373330147        1.7411909563       17.8508251728
  1        9.7538792687       17.5260405270       15.1124470339
  2        9.4138039424       17.9351853835       14.9729864344
  1        9.0811471033       18.3484066807       14.8277707812
  1       14.9931293625        2.6529405472       19.1975307498
  2       15.3279674011        2.4041702658       19.5559953017
  1       15.6696403891        2.1741489913       19.9204809414
  1       13.5802001829        7.0727764329        1.9614338615
  2       13.6375461931        6.7016903575        2.3633126489
  1       13.6975935115        6.3127487643        2.7475245119
  1       15.4323171769       16.0610102209       24.1388994989
  2       15.2895951362       16.3837311543       24.5607781760
  1       15.1203657850       16.6923587317       24.9834014648
  1       23.5423819525        7.1840989383       14.8800955990
  2       23.6323910712        7.7101591966       15.0129826307
  1       23.7470463110        8.2345103033       15.1330246726
  1       12.1954788983       27.2561702710       14.7631256384
  2       12.5346466085       27.2547808801       14.3301552769
  1       12.8759750620       27.2268570390       13.8997889853
  1       26.7402680948        3.1863162398        6.9805590638
  2       26.7450521900        3.3166413226        7.5148740320
  1       26.7470306770        3.4828036736        8.0391699005
  1        9.5028258607        8.6192322707       12.7723995208
  2        9.6946069884        9.0160635236       13.1014055326
  1        9.8981812397        9.4195206908       13.4149016847
  1        0.2163436751        2.2027461732       24.2714873379
  2        0.0752765341        1.8815423748       23.8478976997
  1       -0.0518413152        1.5537096022       23.4249713177
  1       10.1382984482       16.3744533310        5.3380885406
  2        9.9435620240       15.9090209592        5.5570644122
  1        9.7343615005       15.4538220740        5.7840646651
  1       17.1549515408       11.3347436685        3.1526675619
  2       16.7836895513       11.6975954120        3.3343352458
  1       16.4140416912       12.0619752534        3.5162357397
  1       20.5245154079       15.4768269939        8.9698682276
  2       20.5079851809       15.1241017810        8.5481910100
  1       20.4944640993       14.7700244491        8.1275410102
  1        8.8902696518       27.1507543671       11.8605259736
  2        8.5503567675       27.5400713118       11.6723995597
  1        8.2072830033       27.9293615017       11.4900440296
  1        3.7404118465        3.4297879972       24.8714586944
  2        3.6930592655        3.8619261660       25.2083775810
  1        3.6493922982        4.2975534562       25.5412770537
  1        3.0802675698       17.9989929775        0.4715485138
  2        3.1307858356       17.6266775260        0.8732064646
  1        3.1929504959       17.2662591391        1.2839790785
  1       21.5677348599        2.8302452074       27.9355103573
  2       21.8147987743        2.9794753192       27.4673332584
  1       22.0669549760        3.1455541844       27.0076213274
  1        0.3460416044       21.7758952243        5.9406293247
  2        0.4205051820       21.7035749272        5.4005136425
  1        0.4984059382       21.6606944120        4.8577496674
  1        8.5180306720       27.9686818311       15.0277425578
  2        8.4944982011       27.6915898558       15.5022594279
  1        8.4606085165       27.4311783321       15.9855164264
  1       22.6973624375        2.7157819432       20.9149684897
  2       22.9464184506        2.9007565783       20.4608148960
  1       23.1862909076        3.0787357700       19.9989874275
  1       11.4285734891       20.6568653361        4.2849183005
  2       11.6152611061       20.1649803827        4.4452209088
  1       11.7846812248       19.6684546102        4.6103238454
  1       17.4900962572       23.1533509486        4.7628758144
  2       17.5019379601       22.6526911111        4.9902510574
  1       17.5093597353       22.1482654755        5.2093393829
  1        4.4678697613       22.1491975550        6.6120367373
  2        4.1596588278       21.7352478214        6.4219008952
  1        3.8294122834       21.3442695401        6.2204729863
  1       22.8511853480        6.2742674305       28.2669563777
  2       22.3864604725        6.4183633066       28.0105052741
  1       21.9204014372        6.5598584183       27.7550290365
  1       26.7641000418       18.0496976622       11.9897774863
  2       26.3697695701       18.1810953248       11.6295856854
  1       25.9735935521       18.3246264734       11.2761123892
  1       20.4263717850       24.5755816018       19.3073003420
  2       20.1037320938       24.2367872325       19.5964750384
  1       19.7788155192       23.9041540855       19.8902171159
  1        6.8534467897       19.0109545315       27.6100838407
  2        6.6432122727       18.5412975490       27.8043099118
  1        6.4516864003       18.0648185060       28.0012504122
  1        1.3340020553       21.7821934046       20.5736468731
  2        1.0483433904       21.9028158244       20.1193899425
  1        0.7751823023       22.0312779069       19.6596285780
  1       10.3586104940        6.6915255192        1.3250308453
  2        9.9711411805        6.3716438078        1.1013274215
  1        9.5816222189        6.0700575706        0.8567446766
  1       20.6247841164        0.7572102902       11.9450055529
  2       20.8766989114        1.1621485415       12.2189835606
  1       21.1111920169        1.5599856158       12.5177119402
  1       27.5336482230       22.4341551978       23.1124345362
  2       27.9809180757       22.6922441000       23.3017485543
  1       28.4350014673       22.9544512875       23.4677475401
  1        5.0101969167       12.7958787725       11.2863582158
  2        4.4678461077       12.8572482107       11.3541032673
  1        3.9256244478       12.9194061187       11.4221625431
  1       27.8782050954        3.5510023910       11.7907906939
  2       27.9186896134        3.1309385929       11.4380763486
  1       27.9395619435        2.7020439094       11.0943996179
  1       14.1992315540       27.1645491466        0.8627280866
  2       14.3293623563       27.1705644791        1.3970779627
  1       14.4464200490       27.1742740462        1.9344639828
  1       22.7369610355       26.4979584188       14.0416346218
  2       22.2116394127       26.4736477908       13.8805564236
  1       21.6883793153       26.4315962761       13.7164511537
  1       15.4876612426       13.8884225161       28.4814815850
  2       15.5193759796       13.7762814729       27.9439701322
  1       15.5197726753       13.6816685403       27.4021692143
  1       14.2455449398       25.9345032440        5.3672743643
  2       14.6780570359       25.6283531585        5.2199467978
  1       15.1148948499       25.3367779524        5.0566782388
  1        9.3661081034       25.0327836073       21.9795886506
  2        9.6138113596       24.9684769775       21.4927542288
  1        9.8595830890       24.9038757920       21.0049807744
  1       14.4653344032       13.3264951667       17.4869331882
  2       14.3979934615       12.8662051643       17.7803583257
  1       14.3315050895       12.4030997628       18.0695169024
  1       12.7358477571        3.3467870151        0.7853213607
  2       12.9854932593        2.9206934622        0.5432027793
  1       13.2326503883        2.4975497850        0.2934773680
  1        8.5637099434        9.6798652594       17.4586570349
  2        8.2058157001        9.4013769852       17.7698739877
  1        7.8407181583        9.1202554026       18.0701645798
  1        1.8873185555       25.5354473954        5.9411678474
  2        1.6158968542       25.9319676323        6.2087532764
  1        1.3540328208       26.3358705505        6.4748165389
  1        9.0950537291       26.8303513392        3.4425934337
  2        8.6482746429       26.5725920284        3.6335085609
  1        8.1978027107       26.3224200143        3.8258338080
  1       21.3174224781       -0.2229187949       17.9535247023
  2       21.5365604634        0.2558647766       18.1124109353
  1       21.7595809868        0.7292104729       18.2818384918


Molecules in box 2
##############################################################################                                           
Moleculetype  1
Number-of-molecules: 4     
Atomtype         X                  Y                   Z
  1       20.0844244623       29.2927310067       20.6956866013
  2       19.9802750317       28.9329114774       20.2929673412
  1       19.9071766174       28.5509349888       19.9040578620
  1       36.9644861211       33.8085162929       36.9109267880
  2       37.5014490895       33.7022654257       36.9646066146
  1       38.0406792308       33.6083265045       37.0185170294
  1       13.4043826963       14.3227574215       48.6852084492
  2       12.9669906920       14.4061305878       49.0080662348
  1       12.5323198760       14.4782924326       49.3372378448
  1       25.9260657202       12.8702751511       18.3765951104
  2       26.0090050832       12.8065960053       17.8366265664
  1       26.0877707283       12.7293586442       17.2978034394


Number-of-fractionals:  1        
##############################################################################                                           
Fractional-type:      2
Box:                  1
Lambda:               0.565409
Reaction-Step         1 (only used if Type = 3 (RxMC))

Moleculetype  1
Atomtype         X                  Y                   Z
  1       11.6621507000       11.4349578219       15.5769323458
  2       11.2096828426       11.7469293423       15.5557992343
  1       10.7638266741       12.0682016985       15.5335203400

------------------------------------------------------------------------------                                           

