Compiled using GNU Fortran (Ubuntu 9.4.0-1ubuntu1~20.04.2) 9.4.0 with all optimizations
Last Brick update unknown
Compiled at 16:28:53 on Sep  3 2023
Starting at 18:37:47 on Dec 31 2024

Settings
OK                      

Forcefield
OK                      

Topology
OK                      

Configuration
OK                      Starting from random configuration.

 F
Monte Carlo Simulation initialized.

#########################################################################################################################
###########################################   ENERGY STARTING CONFIGURATION   ###########################################
#########################################################################################################################
                                               Box 1               Box 2
-------------------------------------------------------------------------------------------------------------------------
Lennard Jones        
 Intermolecular                          0.2182948466E+008   0.1545440277E+007
 Tailcorrection                         -0.4636799626E+004  -0.6962048891E+002
Total Intermolecular                     0.2182484787E+008   0.1545370656E+007

Electrostatic        
 Real                                   -0.4241647006E+004  -0.1045152802E+004
 Exclusion                               0.1043425830E+008   0.2037985693E+007
 Selfterm                               -0.1044989240E+008  -0.2038978394E+007
 Fourier                                 0.1652717267E+005   0.9703583565E+003
Total Intermolecular                    -0.3348577272E+004  -0.1067496057E+004

Intramolecular       
 Lennard Jones                           0.0000000000E+000   0.0000000000E+000
 Electrostatic                           0.0000000000E+000   0.0000000000E+000
 Bending                                 0.9343375086E+007   0.3104111324E+007
 Torsion                                 0.0000000000E+000   0.0000000000E+000

Total                                    0.3116487437E+008   0.4648414485E+007

#########################################################################################################################

Simulation is running...



#########################################################################################################################
###############################################   RELATIVE ENERGY DRIFTS   ##############################################
#########################################################################################################################
                                               Box 1               Box 2                                                 
-------------------------------------------------------------------------------------------------------------------------

Lennard Jones        
 Intermolecular                          0.1617468048E-014   0.0000000000E+000
 Tailcorrection                          0.0000000000E+000   0.0000000000E+000

Electrostatic        
 Real                                    0.2274695560E-013   0.0000000000E+000
 Exclusion                               0.0000000000E+000   0.0000000000E+000
 Selfterm                                0.0000000000E+000   0.0000000000E+000
 Fourier                                 0.1969214972E-015   0.0000000000E+000

Intramolecular       
 Lennard Jones                           0.0000000000E+000   0.0000000000E+000
 Electrostatic                           0.0000000000E+000   0.0000000000E+000
 Bending                                 0.1012670808E-014   0.0000000000E+000
 Torsion                                 0.0000000000E+000   0.0000000000E+000

Total                                    0.8855542044E-014   0.7311489248E-015

#########################################################################################################################
############################################   TRIAL MOVE ACCEPTANCE RATES   ############################################
#########################################################################################################################
                                               Box 1               Box 2
-------------------------------------------------------------------------------------------------------------------------
Translation
 N2                                           0.50651             0.98689
-------------------------------------------------------------------------------------------------------------------------
Rotation
 N2                                           0.49547             0.99867
-------------------------------------------------------------------------------------------------------------------------
Bond Bending
 N2                      
  Bending 1                                   0.34088             0.34226
-------------------------------------------------------------------------------------------------------------------------
Lambda Move
 N2                                           0.77489             0.92698
-------------------------------------------------------------------------------------------------------------------------
GE Swap Fractional
 N2                                           0.10259             0.32782
-------------------------------------------------------------------------------------------------------------------------
GE Identity Change
 N2                                           0.03920             1.00000
-------------------------------------------------------------------------------------------------------------------------
Volume                                        0.49622             0.49622

#########################################################################################################################
######################################################   AVERAGES   #####################################################
#########################################################################################################################
                                                       Boltzmann                                    Biased
                                               Box 1               Box 2                  Box 1               Box 2      
-------------------------------------------------------------------------------------------------------------------------
Density
 N2                                      0.8721637542E+003   0.4578699506E+000      0.8723578295E+003   0.4541498591E+000
 Total                                   0.8721637542E+003   0.4578699506E+000      0.8723578295E+003   0.4541498591E+000

Number of molecules
 N2                                      0.3987126801E+003   0.1287319925E+001      0.3987230940E+003   0.1276906000E+001
 Total                                   0.3987126801E+003   0.1287319925E+001      0.3987230940E+003   0.1276906000E+001

Mole fractions
 N2                                           1.00000             1.00000                 1.00000             1.00000

Volume                                   0.2126708481E+005   0.1307329152E+006      0.2126291663E+005   0.1307370834E+006

#########################################################################################################################
#######################################   PROPERTIES FROM THE CFC GIBBS ENSEMBLE   ######################################
#########################################################################################################################
                                                       Boltzmann                                    Biased
                                               Box 1               Box 2                  Box 1               Box 2      
Chemical Potentials (as an indication)
=========================================================================================================================

Total N2                                -0.1039017873E+004  -0.1038596320E+004     -0.1038997848E+004  -0.1039330537E+004
 Ideal gas                              -0.3578942989E+003  -0.1037587554E+004     -0.3578742742E+003  -0.1038321771E+004
 Excess                                 -0.6811235738E+003  -0.1008765443E+001     -0.6811235738E+003  -0.1008765443E+001

-------------------------------------------------------------------------------------------------------------------------

#########################################################################################################################
##################################################   AVERAGE ENERGIES   #################################################
#########################################################################################################################
                                                       Boltzmann                                    Biased
                                               Box 1               Box 2                  Box 1               Box 2      
-------------------------------------------------------------------------------------------------------------------------
Lennard Jones        
 Intermolecular                         -0.3863644676E+006  -0.1256194383E+001     -0.3861428237E+006  -0.1301259612E+001
 Tailcorrection                         -0.1038115310E+005  -0.1942151283E-001     -0.1037597622E+005  -0.1986639439E-001
Total Intermolecular                    -0.3967456207E+006  -0.1275615896E+001     -0.3965188000E+006  -0.1321126006E+001

Electrostatic        
 Real                                   -0.7553114155E+004  -0.2478709097E-001     -0.7549164914E+004  -0.2336452682E-001
 Exclusion                               0.1389800706E+008   0.2627262637E+005      0.1389362050E+008   0.2616180120E+005
 Selfterm                               -0.1390051629E+008  -0.2627320320E+005     -0.1389612866E+008  -0.2616237790E+005
 Fourier                                 0.1138602797E+004   0.5905303799E+000      0.1138548641E+004   0.5880701308E+000
Total Intermolecular                    -0.8923748475E+004  -0.1108587081E-001     -0.8918777463E+004  -0.1199318373E-001

Intramolecular       
 Lennard Jones                           0.0000000000E+000   0.0000000000E+000      0.0000000000E+000   0.0000000000E+000
 Electrostatic                           0.0000000000E+000   0.0000000000E+000      0.0000000000E+000   0.0000000000E+000
 Bending                                 0.3606671571E+005   0.1174227055E+003      0.3606090516E+005   0.1212125329E+003
 Torsion                                 0.0000000000E+000   0.0000000000E+000      0.0000000000E+000   0.0000000000E+000

Total                                   -0.3696026534E+006   0.1161360037E+003     -0.3693766723E+006   0.1198794137E+003

#########################################################################################################################

No errors found in bookkeeping.

Total simulation time :  2 days and  15 hours

Simulation finished.

