#   100 bins for weightfunction of N2                      
 0.0000000    0.7870703125E+001    0.6014843750E+001
 0.0101010    0.7833984375E+001    0.6005859375E+001
 0.0202020    0.7892187500E+001    0.6000390625E+001
 0.0303030    0.8035156250E+001    0.6044531250E+001
 0.0404040    0.8149218750E+001    0.6024218750E+001
 0.0505051    0.8283984375E+001    0.6020312500E+001
 0.0606061    0.8545703125E+001    0.6008203125E+001
 0.0707071    0.8733203125E+001    0.5986718750E+001
 0.0808081    0.8954296875E+001    0.5969140625E+001
 0.0909091    0.9247656250E+001    0.6054296875E+001
 0.1010101    0.9403906250E+001    0.5956640625E+001
 0.1111111    0.9633984375E+001    0.6017578125E+001
 0.1212121    0.9746875000E+001    0.5992187500E+001
 0.1313131    0.9862500000E+001    0.6011328125E+001
 0.1414141    0.9860937500E+001    0.6023437500E+001
 0.1515152    0.9721875000E+001    0.5997656250E+001
 0.1616162    0.9726953125E+001    0.5987500000E+001
 0.1717172    0.9636718750E+001    0.6009765625E+001
 0.1818182    0.9646484375E+001    0.6009765625E+001
 0.1919192    0.9425000000E+001    0.5993359375E+001
 0.2020202    0.9242968750E+001    0.5998437500E+001
 0.2121212    0.9131250000E+001    0.5999218750E+001
 0.2222222    0.9001562500E+001    0.6014453125E+001
 0.2323232    0.8711718750E+001    0.5989843750E+001
 0.2424242    0.8515625000E+001    0.5976953125E+001
 0.2525253    0.8202343750E+001    0.5991796875E+001
 0.2626263    0.7982421875E+001    0.5996093750E+001
 0.2727273    0.7744140625E+001    0.5983593750E+001
 0.2828283    0.7380468750E+001    0.6023437500E+001
 0.2929293    0.7073437500E+001    0.5960156250E+001
 0.3030303    0.6772265625E+001    0.5940625000E+001
 0.3131313    0.6535156250E+001    0.5937890625E+001
 0.3232323    0.6286718750E+001    0.5976562500E+001
 0.3333333    0.5874218750E+001    0.5969531250E+001
 0.3434343    0.5602343750E+001    0.5958984375E+001
 0.3535354    0.5332421875E+001    0.5894531250E+001
 0.3636364    0.5058984375E+001    0.5949218750E+001
 0.3737374    0.4677343750E+001    0.5923828125E+001
 0.3838384    0.4351171875E+001    0.5966796875E+001
 0.3939394    0.4000781250E+001    0.5971484375E+001
 0.4040404    0.3717187500E+001    0.5940625000E+001
 0.4141414    0.3312500000E+001    0.5980078125E+001
 0.4242424    0.3045703125E+001    0.5984375000E+001
 0.4343434    0.2595312500E+001    0.5959765625E+001
 0.4444444    0.2257812500E+001    0.5946484375E+001
 0.4545455    0.1928125000E+001    0.6014453125E+001
 0.4646465    0.1585156250E+001    0.5943750000E+001
 0.4747475    0.1309765625E+001    0.5989453125E+001
 0.4848485    0.9132812500E+000    0.5949609375E+001
 0.4949495    0.5042968750E+000    0.5933203125E+001
 0.5050505    0.3378906250E+000    0.5957421875E+001
 0.5151515    0.3082031250E+000    0.5939453125E+001
 0.5252525    0.3296875000E+000    0.5955859375E+001
 0.5353535    0.3269531250E+000    0.5964062500E+001
 0.5454545    0.3414062500E+000    0.5957812500E+001
 0.5555556    0.2808593750E+000    0.5972656250E+001
 0.5656566    0.2765625000E+000    0.5940234375E+001
 0.5757576    0.3597656250E+000    0.5942968750E+001
 0.5858586    0.3421875000E+000    0.5985546875E+001
 0.5959596    0.3027343750E+000    0.5923828125E+001
 0.6060606    0.3089843750E+000    0.5958203125E+001
 0.6161616    0.2781250000E+000    0.5937109375E+001
 0.6262626    0.3042968750E+000    0.5946093750E+001
 0.6363636    0.3406250000E+000    0.5974218750E+001
 0.6464646    0.3242187500E+000    0.5963281250E+001
 0.6565657    0.3500000000E+000    0.5951562500E+001
 0.6666667    0.3078125000E+000    0.5948437500E+001
 0.6767677    0.2574218750E+000    0.5911718750E+001
 0.6868687    0.2628906250E+000    0.5967578125E+001
 0.6969697    0.2691406250E+000    0.5958984375E+001
 0.7070707    0.3003906250E+000    0.5944531250E+001
 0.7171717    0.2718750000E+000    0.5898437500E+001
 0.7272727    0.2500000000E+000    0.5949609375E+001
 0.7373737    0.2613281250E+000    0.6018750000E+001
 0.7474747    0.2359375000E+000    0.5926171875E+001
 0.7575758    0.2253906250E+000    0.5919531250E+001
 0.7676768    0.2531250000E+000    0.5984765625E+001
 0.7777778    0.1960937500E+000    0.5917578125E+001
 0.7878788    0.2074218750E+000    0.5975000000E+001
 0.7979798    0.2433593750E+000    0.5947265625E+001
 0.8080808    0.1515625000E+000    0.5928125000E+001
 0.8181818    0.1871093750E+000    0.5938281250E+001
 0.8282828    0.1976562500E+000    0.5934765625E+001
 0.8383838    0.1632812500E+000    0.5985156250E+001
 0.8484848    0.1589843750E+000    0.5926171875E+001
 0.8585859    0.9609375000E-001    0.5946875000E+001
 0.8686869    0.1394531250E+000    0.5939453125E+001
 0.8787879    0.8945312500E-001    0.5978906250E+001
 0.8888889    0.1218750000E+000    0.5954687500E+001
 0.8989899    0.3750000000E-001    0.5912890625E+001
 0.9090909    0.8242187500E-001    0.5954687500E+001
 0.9191919    0.9726562500E-001    0.5928515625E+001
 0.9292929    0.7656250000E-001    0.5962109375E+001
 0.9393939    0.3671875000E-001    0.5970703125E+001
 0.9494949    0.1718750000E-001    0.6006250000E+001
 0.9595960    0.3320312500E-001    0.5982031250E+001
 0.9696970    0.1914062500E-001    0.5989843750E+001
 0.9797980    0.4960937500E-001    0.5965234375E+001
 0.9898990    0.4218750000E-001    0.5988671875E+001
 1.0000000    0.0000000000E+000    0.5960156250E+001


