Simulation state at cycle:     610000
##############################################################################                                           

Number-of-molecules: 401   

Box-size(s):    27.491691   50.816200

------------------------------------------------------------------------------                                           

Deltas
Translation per molecule type
Box 1    0.4418000901E+000
Box 2    0.2542115440E+002

Rotation per molecule type
Box 1    0.7075362755E+002
Box 2    0.1800000000E+003

Volume    Delta_Volume
Box 1   0.2887175077E+003
Box 2   0.1336655128E+004

------------------------------------------------------------------------------                                           

Molecules in box 1
##############################################################################                                           
Moleculetype  1
Number-of-molecules: 400   
Atomtype         X                  Y                   Z
  1       15.3185804166       19.4382748402       25.1688843065
  2       15.0902814323       18.9648303669       25.0069278171
  1       14.8384077986       18.5047165502       24.8415345060
  1       20.4017968662       24.3052674926       27.5777425178
  2       20.7920957431       24.3565350872       27.1936352146
  1       21.1632655500       24.3876935435       26.7889598830
  1       22.6760799535       17.2006532192        0.8447663597
  2       22.8372052066       17.5592161330        1.2294367246
  1       22.9809084334       17.9276916612        1.6116345356
  1       12.8336782954       12.0296313780       20.0148760255
  2       12.9922024003       12.5166186487       20.2154090808
  1       13.1539341310       13.0021380049       20.4169377413
  1        7.6942313554        1.7575677691        6.0374651446
  2        7.7670402726        2.1960848224        6.3613503951
  1        7.8513252406        2.6376714527        6.6782057108
  1       14.4457120530        1.7724297340       21.6610948363
  2       13.9952535053        1.7052125905       21.9694273717
  1       13.5454439663        1.6256023378       22.2757500533
  1       24.6664538128       17.5745591833       25.7262116736
  2       24.5509375684       17.6815148564       25.1992235511
  1       24.4350378674       17.7893940977       24.6725079470
  1       18.5725504273        8.4295290017        6.2658484670
  2       18.4980999807        8.4481314036        5.7212283410
  1       18.4247136083        8.4566554049        5.1762129460
  1        6.8542029120       27.2674135183        8.6972009261
  2        6.8446241476       26.7298461600        8.8130870022
  1        6.8269159401       26.1890661497        8.9117956580
  1       21.1864398840        3.4510048098        6.6276468643
  2       20.9255355641        3.1912155199        7.0362278975
  1       20.6471196336        2.9487001916        7.4438685286
  1        7.3591355957       25.1832400192        3.9911038089
  2        7.3614427116       25.4443802971        4.4751497080
  1        7.3723834156       25.7110624352        4.9560456814
  1       21.8926336908       24.3229301942       12.5225954323
  2       21.9848156578       23.8185927276       12.3234818851
  1       22.0620933312       23.3133577659       12.1203420472
  1       14.0066091501       25.1427489468        6.4868656902
  2       14.0069496425       25.5313935873        6.8760381808
  1       14.0026161287       25.9168247213        7.2683697505
  1        8.1407116904       17.5656749146        5.9760831041
  2        7.6032789424       17.6710559033        6.0266883278
  1        7.0673070978       17.7849763009        6.0741891037
  1        3.1873285162       18.5462616867       18.1922547584
  2        2.7668772379       18.2097609764       18.3040044540
  1        2.3282597353       17.8914731411       18.3978529454
  1        8.7483310287        9.3936419489       17.5104754891
  2        8.4824400880        9.0041989021       17.2273922488
  1        8.2106691142        8.6065042568       16.9619124833
  1       24.8767142006        5.4708969139       13.4318873645
  2       24.3346510728        5.5634150541       13.4422777044
  1       23.7928169552        5.6575087694       13.4343934929
  1        0.4272969673       10.6607033701       15.6376122620
  2        0.8829701050       10.5200195356       15.3636231193
  1        1.3311583963       10.3518466149       15.0928000715
  1        6.4247161303       14.6869278935       10.9318782423
  2        6.5088255182       15.2303926157       10.9403462182
  1        6.6085340673       15.7712103065       10.9317189641
  1       17.5083397554       21.4978772712       21.5738568529
  2       17.2805586572       21.8609042903       21.2291437044
  1       17.0851580228       22.2324614218       20.8738074002
  1       13.5175719511        5.2741579305       20.6154495937
  2       13.1151472709        5.1488455490       20.2621067236
  1       12.7079876823        5.0307731965       19.9117069691
  1        7.9392322383       11.6691730399       14.5448159097
  2        8.4875832579       11.6824239176       14.5043736851
  1        9.0349949326       11.6953463411       14.4526680920
  1        6.2983336757       22.5327630311       18.3279363149
  2        6.4126518107       22.5910205562       17.7931116475
  1        6.5296909636       22.6550724171       17.2595395392
  1       12.7516685881       13.0617108696       12.6671377969
  2       13.0810114474       12.7987261901       13.0205106021
  1       13.4363382349       12.5671901793       13.3707019051
  1       19.7690358600       -0.2189550027       22.0726186134
  2       19.6520219590        0.2399135506       22.3523459766
  1       19.5191724181        0.6962979637       22.6290484630
  1       21.3294744008       15.5114759606        5.1624714219
  2       21.4391432695       15.8088626300        4.7129896001
  1       21.5756811669       16.0915747432        4.2614021084
  1        9.7895082544       21.0436890658       27.3253444908
  2        9.2490772737       21.1083251931       27.2462462846
  1        8.7082329860       21.1773536203       27.1739791989
  1       27.1012244798       16.9475590369       16.9234162144
  2       27.0212889336       16.4332037438       17.1010364298
  1       26.9646482311       15.9126167827       17.2692061231
  1        6.1368370974        3.7989034136       21.7589187060
  2        6.5563656910        3.4506458703       21.8311159547
  1        6.9854496517        3.1157877801       21.9102172379
  1       13.8201068205       10.6415972753       10.6029115853
  2       14.2003611024       10.5009524302       10.2312589132
  1       14.6002209334       10.3821968248        9.8727770857
  1        4.7416932240       13.0476044823       21.7669062321
  2        4.8551398567       13.1277579017       21.2347358732
  1        4.9661293547       13.2236764521       20.7046594994
  1        8.6160985934        1.3609708436       17.0980415120
  2        8.5249857645        1.8372342945       17.3576018666
  1        8.4552650689        2.3220941038       17.6077018246
  1        1.4225429804       25.3239286677       12.4688333885
  2        1.5013453908       25.0412857237       12.9340249043
  1        1.5686372374       24.7542362080       13.3983247879
  1       15.2883043480       12.9820534507       16.6789845861
  2       14.9500400087       12.5641391389       16.5631188678
  1       14.5934738503       12.1562211549       16.4684431469
  1       10.2103276729       14.5075870552       25.1303310800
  2        9.9226225123       14.8817364531       24.8479519578
  1        9.6437830181       15.2470042641       24.5457467930
  1        2.6448476079       13.0650199139       18.1057346898
  2        2.4548790898       13.5361374629       18.3165906055
  1        2.2508433316       14.0096286908       18.5080990008
  1       10.2923063661        3.1673909493       12.7550731462
  2       10.2806022812        3.3712730470       13.2657541667
  1       10.2577730197        3.5565439606       13.7831065730
  1       17.3005710235        3.4642223269       21.5513610864
  2       17.4249556042        3.0469102402       21.2153862385
  1       17.5489438942        2.6401375460       20.8665841769
  1        2.0404418154       16.4776550490       10.5315511478
  2        2.2557685529       16.5099631727       11.0366160755
  1        2.4814521435       16.5687941352       11.5347183078
  1       16.7127779468       12.9523179673       20.3803693335
  2       17.1882008681       12.8833044674       20.1125817634
  1       17.6589573204       12.8074427562       19.8384771074
  1       14.6100061978       21.6468877896        7.4211239876
  2       14.9992855310       21.2649118134        7.4922292220
  1       15.3943886255       20.8950717935        7.5902695368
  1       21.3848212227       14.7618835681       19.0153471823
  2       21.2930603016       15.3036701186       19.0387409221
  1       21.1670359030       15.8383503659       19.0658496505
  1        1.3802037402       21.3323776317        6.6457843541
  2        1.3733903073       20.8071521710        6.8088542548
  1        1.3578535584       20.2806180794        6.9670328210
  1       15.3672597582        9.2321888316       14.0860447703
  2       15.6034913180        9.2271524571       13.5893866533
  1       15.8510946613        9.2190733559       13.0983394952
  1       20.0906256850        5.6901507926        4.0786343035
  2       20.3379792640        5.8272824233        3.6069234569
  1       20.5931958958        5.9741095566        3.1423739302
  1        5.2265423419       23.9444510271        1.3811737898
  2        5.5088768870       23.5422758067        1.6282411828
  1        5.7881743514       23.1532699029        1.8987357894
  1       22.8224361717       21.2576340471       26.9185666510
  2       22.7467900008       20.7846904931       26.6481927404
  1       22.6536999381       20.3272350416       26.3573856753
  1       13.8583695221       13.5826059163        8.4436173559
  2       13.3232397573       13.6808703214        8.5241173032
  1       12.7907388545       13.7593035660        8.6372146668
  1       18.8797262398        8.2788547918       24.7189778469
  2       18.5428867774        7.8455639285       24.6829472432
  1       18.1938249952        7.4209409122       24.6642078427
  1       14.8933537702       22.9387011572        3.5312811617
  2       15.2457816505       22.8230645108        3.9373879891
  1       15.6025099301       22.7198622694        4.3430901346
  1       12.2640593899       19.7581609651       18.0083436786
  2       11.9736891019       20.2174251070       17.9231289865
  1       11.6997499782       20.6841689539       17.8251109428
  1        5.3353775712        3.2236986698        9.3203350788
  2        5.1499231760        3.0030701575        8.8519018104
  1        4.9416406509        2.8104371930        8.3807214525
  1       12.6982074444        1.0412094683       11.9932069058
  2       12.9701805691        1.1830060696       11.5366717557
  1       13.2428687133        1.3110339689       11.0765087063
  1        8.4013858933       24.9975295060        0.7713338507
  2        8.5328287995       25.4705847319        1.0192078422
  1        8.6833461650       25.9501751936        1.2424510071
  1       25.5982563942       10.6931541014       24.4934673492
  2       25.7719761143       11.1543305652       24.7376757193
  1       25.9348323467       11.6165771341       24.9872873298
  1       25.8695524197        8.7162886288       27.7757625621
  2       26.0374276817        8.4636542840       27.3169665461
  1       26.2073442733        8.2394988395       26.8443327687
  1       10.0065842874       15.3796642421       18.7752166169
  2       10.5000110390       15.3970703267       19.0175533021
  1       10.9951043624       15.4024878463       19.2570386891
  1        2.7679476229        7.1472838230       16.2850081281
  2        3.0801519319        6.7981933179       16.5733903201
  1        3.3967738092        6.4417327107       16.8475917449
  1       17.5223609788       18.8565596109       10.1379826561
  2       17.4821528018       18.7161438860        9.6077310868
  1       17.4443079739       18.5797065332        9.0762683724
  1        4.7231243552       13.0986080227       13.6608570317
  2        4.1818527539       13.0958446479       13.5632997800
  1        3.6421725163       13.1004282791       13.4573553113
  1       20.0649797880        3.6159825896       24.6991537401
  2       20.4983682584        3.4827804148       24.3878153160
  1       20.9374243803        3.3759701254       24.0742530687
  1        0.1113444318       13.8491829860       13.1580248302
  2        0.0869110896       14.0181539146       13.6808554310
  1        0.0565529424       14.2069132529       14.1965571801
  1        7.5711984590        6.3614045196       23.6352316121
  2        7.7896838102        6.7078174140       24.0023314049
  1        8.0119400480        7.0527560700       24.3685546802
  1        7.1882174354       25.6632982648       16.1091462388
  2        7.3081295564       25.7268682181       15.5761547339
  1        7.4206905816       25.7988966541       15.0426363003
  1       19.1551959046       10.1489631629       13.8227765664
  2       18.8078569740       10.4126534153       14.1579229793
  1       18.4521477864       10.7003319765       14.4632294127
  1       25.9448814121       15.0163877749        4.4002225176
  2       25.6251976342       14.9895688193        4.8469696784
  1       25.3015554404       14.9568225356        5.2904597125
  1       21.6622258347        2.8256865704        0.0463261825
  2       22.1929841265        2.6984823794        0.1142579830
  1       22.7282291340        2.5814102013        0.1622880359
  1        7.1187910705       10.3092739430        3.8372964434
  2        7.5973951983       10.0451068560        3.8977434369
  1        8.0776930847        9.7882447490        3.9741358269
  1       27.0301472213       23.1774521560        2.5286701761
  2       26.9283718972       23.3229789145        3.0492119573
  1       26.8375948957       23.4522725027        3.5760351753
  1       17.3120448477        4.5983619670        6.2357423384
  2       17.0711143441        4.1596710661        6.0077011449
  1       16.8166546041        3.7367763791        5.7649866554
  1       20.8612103138        6.6624339349       15.3796331579
  2       21.0369925536        7.1635374215       15.5227970496
  1       21.1884610472        7.6755376692       15.6547555307
  1        7.5047951236       15.1939189964       15.4306531580
  2        6.9836742982       15.3641962238       15.3866219064
  1        6.4587440902       15.5274157701       15.3690817976
  1        9.8762644614       26.1362745685       18.5398824074
  2        9.4534311544       25.8662184289       18.7652303073
  1        9.0167814871       25.6216693940       18.9933373797
  1        1.3958319579        2.0889798808        0.9664512310
  2        1.8336673341        2.1857953080        1.2849272213
  1        2.2571688007        2.2801501639        1.6229267301
  1       15.2546148963        3.1434076812        1.2085941258
  2       15.3920688814        2.7421846354        0.8584135016
  1       15.5292619240        2.3666526305        0.4807181464
  1       21.8010628255       21.0186653770       23.1838995356
  2       21.2664839205       20.9440251647       23.0782859329
  1       20.7315215594       20.8699562115       22.9742231567
  1       26.6592227010        4.3640391098       16.0255821137
  2       27.0841332223        4.4358167233       16.3673408342
  1       27.5065846107        4.4909358871       16.7151866352
  1       16.5360685934       25.6386766846       20.0482655123
  2       16.7790468178       26.1298424376       20.0953588829
  1       16.9966044555       26.6332125186       20.1376345838
  1        5.7169524398       10.5118664330        0.2222019580
  2        5.2916484048       10.1854403177        0.0994727070
  1        4.8670227917        9.8554645868       -0.0158923863
  1       21.4796371850       13.4919974082       14.9613033554
  2       21.2551850753       13.0224981728       14.7832816758
  1       21.0491971769       12.5544502933       14.5807966957
  1       19.3022982192       22.3001320283        9.2660381005
  2       19.8346448241       22.1620529970        9.2596136671
  1       20.3683916223       22.0296259553        9.2508140646
  1       17.7219974539       13.9508355523       13.5074901945
  2       17.2751384305       13.6460098150       13.4080000789
  1       16.8264702697       13.3512659207       13.2883216878
  1       23.7283331198       22.8711898988        2.4865386230
  2       23.4468689306       23.3413675709        2.4395187666
  1       23.1487103381       23.7981909923        2.3694201626
  1        0.1912474379       25.7330404652        6.8926437064
  2        0.1375218716       25.6105478020        6.3591560205
  1        0.0931993137       25.4936639974        5.8235501150
  1       18.6266038741        5.4636026088       -0.1323051726
  2       18.4852282163        4.9660671880        0.0547013204
  1       18.3258708641        4.4771707899        0.2498565028
  1        1.6097221943        2.2477289865        7.7529801320
  2        1.4421048887        2.4371504467        8.2413692691
  1        1.2625609680        2.5928319029        8.7373806236
  1       11.0934718146       21.2284976509        9.2023044822
  2       11.3749422917       21.1626828336        9.6702177010
  1       11.6581769122       21.0963806121       10.1369961968
  1        0.9705378034       17.6520408501       27.1859270753
  2        1.4851120930       17.8404165082       27.2331278378
  1        2.0012911902       18.0228477556       27.2858343702
  1       20.0043847249       18.2572967108       15.2277250551
  2       20.1079830883       18.5222160678       15.6984533349
  1       20.2266786075       18.7791708321       16.1700311352
  1       23.3565153083       10.3166476930        9.5022335729
  2       22.9210589570       10.6480150446        9.4467949183
  1       22.4786379752       10.9708220112        9.3962050363
  1       16.0263481986       25.8968414182       10.3409961287
  2       16.0980137202       26.4356160131       10.2568178124
  1       16.1555323526       26.9788266568       10.1926788814
  1       12.0563641656        9.1821133238       21.3496168217
  2       12.0364572199        8.9461918996       21.8460488866
  1       11.9970699442        8.7126323125       22.3424343828
  1       20.2383486927       26.6227367696        5.7099558739
  2       20.3740419288       26.9826742074        6.1030619493
  1       20.4990563340       27.3469213449        6.4957391963
  1       22.5228837591       17.4331525596       21.7437508245
  2       22.7777939219       17.8913751889       21.5777603704
  1       23.0415687206       18.3404996405       21.4010966176
  1       21.9307952207       24.0534332076       17.1209513498
  2       21.8649420244       24.4252713319       16.7210766622
  1       21.7852836139       24.7934969394       16.3203717350
  1       23.6448889895       27.3435513894        4.9547645420
  2       23.8678220096       26.8938924124        4.7298030499
  1       24.0925761216       26.4659083439        4.4674764878
  1       21.5262981043        8.0155934029       19.1147067247
  2       21.6474132414        7.4852723443       19.0335236088
  1       21.7764437172        6.9534041080       18.9790505466
  1       14.4616913874       16.1272397365       13.9681478649
  2       14.3290606722       15.9684350452       14.4777459059
  1       14.1789008946       15.8004249313       14.9794675836
  1       11.8339280359        6.4644980353       11.9036718362
  2       12.3580445488        6.5901491477       11.7940649074
  1       12.8818038763        6.7204924908       11.6882973378
  1       11.3145380053       23.6263405449        2.9365556922
  2       10.9064980256       23.2846918888        2.7977047984
  1       10.5132717754       22.9226317051        2.6681457829
  1       11.2095864202        0.3904408582       24.6589440812
  2       11.5008835606        0.8303651484       24.8142263884
  1       11.7965716988        1.2770143840       24.9390181520
  1        4.4214622096        6.5651005049       26.7797499581
  2        4.9402989679        6.7441932672       26.7446187655
  1        5.4611697879        6.9110972327       26.6868549867
  1       23.8134741363       26.1620809422       19.7671885882
  2       23.4366449958       26.2632624352       19.3795520260
  1       23.0737236207       26.3494234831       18.9753684683
  1       10.9254567288        6.3062118027       16.3124976086
  2       11.2042565324        5.8344553176       16.2654180131
  1       11.4950809246        5.3717130986       16.2038484543
  1       26.7016595524       19.7071930990        3.8365907294
  2       26.7710341047       19.1681949503        3.7519257002
  1       26.8252716353       18.6270215817        3.6701352706
  1       25.7290175567       27.1644049043       22.4439528108
  2       26.0940979501       27.1385202397       22.0334089149
  1       26.4698362299       27.0684002463       21.6379295468
  1       10.4091388002       17.5083057087       15.6957451373
  2       10.9155508315       17.3709391881       15.5308897655
  1       11.4229349620       17.2428949235       15.3615793720
  1       20.6568797971       16.6309247986       25.0935837783
  2       20.7950244200       17.1421492285       24.9450386828
  1       20.9369574312       17.6455955549       24.7750480485
  1       18.6343060976        1.9194074218        3.9498122335
  2       18.8105549772        2.1418219403        3.4786773118
  1       18.9957663628        2.3646668177        3.0111980051
  1       22.8980455209       12.7918690779        3.8437749639
  2       22.8797242435       13.0154507219        3.3416040973
  1       22.8690785487       13.2350060587        2.8374393204
  1       23.3816628598       13.4854318929       21.2596552822
  2       23.2056729481       13.3478971040       21.7622602293
  1       23.0312458515       13.1840646350       22.2574714055
  1        8.7632479027       19.1785602281       18.7359066702
  2        8.3575633659       19.4105016717       19.0259467077
  1        7.9495295365       19.6402103587       19.3144641460
  1       24.9941294365       13.1790361398       16.7538478900
  2       24.7689144788       13.0829931091       17.2463455641
  1       24.5287505572       12.9766803894       17.7295834925
  1       16.2226671154       19.6886042705        2.1641219818
  2       16.6507440232       19.7398829412        2.5056196522
  1       17.0765909362       19.7894907524        2.8501388400
  1       12.0313908616       20.3702616405       14.1633484137
  2       11.9497248902       20.8318523551       13.8756598994
  1       11.8579613021       21.2903422666       13.5860628622
  1        8.4828230889        0.8109917329       26.4053550073
  2        8.2628565673        1.1488339211       26.0312194901
  1        8.0425120136        1.4771071279       25.6488780480
  1        0.3246288998       16.2951125126        6.8319645714
  2        0.8737514995       16.3227692009        6.8178409020
  1        1.4223571769       16.3449398551        6.7855876575
  1        4.8585694878       19.6928588009       12.1035421363
  2        5.1876729402       19.3014996431       12.3060981216
  1        5.5171048234       18.9049040235       12.4976354493
  1        7.4390494257        5.7790145955       10.1642682612
  2        7.3784326820        5.4994523556       10.6340241174
  1        7.3060595519        5.2195250613       11.1018946539
  1        4.1264729310        0.4547315748       15.2407564448
  2        3.8146413620        0.8826663291       15.3895278084
  1        3.4945493123        1.3063830002       15.5327243913
  1        3.4342175712       10.3975896242       19.9553368266
  2        3.1808108263       10.0112835800       19.6569199004
  1        2.9384600519        9.6116087241       19.3670473237
  1       22.4751587308       20.1307026595        4.1889668295
  2       22.8080086444       19.7421142843        4.3907340461
  1       23.1291164749       19.3536466856        4.6109218862
  1       12.7618160294       11.9432745258        2.0840007136
  2       12.4698352687       12.1391271453        2.5069534140
  1       12.1744456109       12.3461734680        2.9221362284
  1       15.4402780416        2.2581173594       17.3995073955
  2       15.4515952253        2.7036083087       17.7218577258
  1       15.4513222304        3.1606253837       18.0278566109
  1        8.0128134250       16.3940860861       27.1286298646
  2        8.1742143469       16.8975700853       26.9771253929
  1        8.3506390890       17.3982399009       26.8332363900
  1       22.4253224909        0.9013433168       16.1510667866
  2       22.9295834841        0.7749025716       15.9715296354
  1       23.4395667283        0.6521729572       15.8061375817
  1       10.7032809375       24.1744018749        7.6708055608
  2       10.1648437623       24.1860398314        7.5592261437
  1        9.6266246997       24.1942457483        7.4462973936
  1       11.2676806984       21.7922842823       23.9536653693
  2       11.7930172856       21.7814856353       24.1161610902
  1       12.3231461751       21.7646635447       24.2616958862
  1        0.7419801867       24.2243536383       20.1546842609
  2        1.0156157367       24.7005291139       20.1843575193
  1        1.3016394208       25.1694098588       20.2133626599
  1       26.3388711299       26.6836286688       10.4135813275
  2       26.7775351615       26.9894054470       10.2848396120
  1       27.2297021811       27.2809173902       10.1705340023
  1       19.0279688769       10.1133487253       22.0732861222
  2       18.4802278757       10.1564518281       22.0982244095
  1       17.9342385730       10.2107672200       22.1362443841
  1        6.5990269714       22.0335786493        5.1441345190
  2        6.3137746348       21.5633761415        5.1505146576
  1        6.0087110419       21.1060482973        5.1335604186
  1       23.7232941597       17.1503705382       11.1884769760
  2       24.1652153185       17.4775948016       11.1770765009
  1       24.6090951384       17.8000146046       11.1381384082
  1       24.3909241026        8.6306850578       16.7399267905
  2       24.1890455295        9.1422916874       16.7418498811
  1       23.9833922529        9.6522076127       16.7557235220
  1        4.7396253138       20.4163488577       24.3550234995
  2        4.8748341234       20.3177574944       24.8789493730
  1        5.0014030058       20.2096171465       25.4031496993
  1        2.0297048833        9.2887042916        1.9210245755
  2        2.1440864120        9.6204314188        2.3445502287
  1        2.2404275243        9.9472772699        2.7762795174
  1       23.3339669960       18.3669376965       17.8983965608
  2       23.6474543664       17.9280978657       18.0063098200
  1       23.9663831495       17.4948786455       18.1207892399
  1       14.4083302190       19.3881716269       21.5856914916
  2       14.5409610346       19.0561463226       21.1677581667
  1       14.6787296408       18.7233664938       20.7520931625
  1        7.5490912259       15.4966567668        3.3459063621
  2        7.4735831296       15.1507634299        3.7668057882
  1        7.4123616685       14.7831782141        4.1713215985
  1        4.2842084169        7.8339775050        9.1349651417
  2        3.7540510263        7.9189578787        9.0157532414
  1        3.2305923001        8.0085218538        8.8726824361
  1        9.5061001773       22.4668697855       20.4202323164
  2        9.7405273563       22.8654036877       20.7180823232
  1        9.9739983783       23.2678469021       21.0113922958
  1        4.8405529354       10.6852045043       10.3445594754
  2        5.1186423410       10.9165341920       10.7588695744
  1        5.3822919645       11.1474583668       11.1827361813
  1       19.8622808786       21.3796427742        3.0387396251
  2       20.0414557570       21.4332924904        2.5215181340
  1       20.1929579313       21.4737060243        1.9943427965
  1        5.9637756739       18.9606230214       15.9376627405
  2        6.4883295218       19.0946969878       15.8408772449
  1        7.0102273183       19.2479634386       15.7594396369
  1        0.2385646506        3.6960425382       22.8541631095
  2        0.0757031346        3.3224662089       22.4848165882
  1       -0.0812727879        2.9526471236       22.1091939013
  1        7.9915155470       14.2178726750        7.3542036679
  2        8.5159029150       14.0522533684        7.3448157222
  1        9.0349961528       13.8706860568        7.3361254514
  1       25.8975864633        6.3764945996       24.2887486710
  2       25.5208588175        6.0868171224       24.5656299454
  1       25.1681047998        5.7880969668       24.8636750270
  1        4.4418734678       18.8634268143       21.4948499839
  2        4.9454114698       18.7810526032       21.7001886550
  1        5.4467362411       18.6879743948       21.9063679940
  1        8.6072710066       12.9707672809        0.5495719367
  2        8.9035685627       12.5088920699        0.5124364043
  1        9.2188071974       12.0596889300        0.4758148086
  1       21.7231739345       27.5689967764        2.0147983277
  2       21.9027300105       27.1874247855        1.6617226540
  1       22.0886078720       26.7931847256        1.3262763919
  1       14.9406136201       26.3676559297        3.3364584826
  2       15.0704713074       26.8420475853        3.0903090602
  1       15.2139863193       27.3184799730        2.8559682394
  1       19.3812830944        8.6107616103        1.3506982878
  2       18.9376954424        8.7336419965        1.0496494450
  1       18.4796267242        8.8588171208        0.7721530728
  1       26.6405789498       23.1465969529       23.5264339432
  2       26.4909027393       22.7391158364       23.1887119100
  1       26.3478123812       22.3436314854       22.8342866337
  1       16.1919442265       15.6900729066       10.6890950188
  2       15.6533217879       15.5946092983       10.7463013828
  1       15.1142482805       15.4993534038       10.7994621505
  1        9.0301722188       12.7025792702       21.8560698732
  2        9.2179852107       12.7468481203       21.3410295360
  1        9.4006697042       12.7696827805       20.8227584167
  1        5.9336265262       19.0818986424        1.4330665451
  2        5.5963180130       19.5084012751        1.3504925100
  1        5.2659370917       19.9370585045        1.2525056461
  1       20.4443848862       26.6986961945       10.1380240649
  2       19.9416281407       26.4804374656       10.0922115976
  1       19.4399613926       26.2655725938       10.0239213369
  1       21.2999611368        2.9622171368       20.4416885200
  2       20.9645668197        3.3461147317       20.2352102193
  1       20.6156578003        3.7162716128       20.0260538698
  1       14.7859404061       21.6379756258       16.3133299071
  2       15.0320955408       21.7840418931       15.8436786586
  1       15.2864357011       21.8887458424       15.3673928570
  1       27.2559643083       15.2984935414       24.2076588616
  2       26.8296088373       14.9511121280       24.2145266043
  1       26.4109754850       14.5945938678       24.2026587698
  1       25.8841089386       13.7820130076        9.1499495545
  2       26.1688054196       14.2248362591        9.3091836011
  1       26.4612141139       14.6703743358        9.4451724855
  1        1.9451243964        1.8980134938       18.6096534700
  2        1.6985801308        1.7528218862       19.0793718135
  1        1.4748963063        1.6203015101       19.5640406649
  1       13.9429607174       16.6902659100       18.3670259252
  2       14.0706015819       16.2985570827       18.7314048547
  1       14.1948090421       15.9208360056       19.1114039254
  1        0.5093121010        8.2791730713       21.8228861780
  2        0.3539077988        8.6278904908       22.2187973602
  1        0.2155676674        8.9848934248       22.6136529188
  1        7.4971008109       26.9735720410       21.5194842076
  2        7.5638679414       27.1321952789       22.0418641638
  1        7.6148459742       27.3117851921       22.5592119213
  1       26.8188020983       11.7524503268        1.8845229577
  2       26.5707479344       11.7568021938        2.3753897349
  1       26.3177169935       11.7577493349        2.8637281881
  1        3.3806378389        4.3791916061       13.9229141002
  2        2.8668817705        4.3878295026       14.1190775242
  1        2.3448244177        4.3665578104       14.2908437445
  1        1.9621487357       26.1345402417        2.3328777750
  2        2.0521667099       25.5972583418        2.2572145452
  1        2.1426577232       25.0585084623        2.1934968641
  1       12.6038892699       18.8182595265        4.4901294456
  2       12.9003819610       19.2803892615        4.4580640103
  1       13.1974964530       19.7411898210        4.4146379585
  1        1.7773777198        8.5670583366       25.4611793246
  2        1.5591094294        9.0381012564       25.6427764642
  1        1.3755685878        9.5134369749       25.8498240751
  1       22.3821755836        7.0069342545        6.2349984769
  2       22.6299152135        7.4304062800        6.4835875341
  1       22.8660473270        7.8621458375        6.7292347985
  1       25.8273718435        4.1846045849        1.1350681063
  2       25.7274152830        4.6324592944        1.4382757005
  1       25.6169191710        5.0764776624        1.7434613768
  1        0.1209975658       10.1114553211        7.7504206699
  2        0.2731321553        9.5836806808        7.7788635198
  1        0.4217487352        9.0541580143        7.7745210711
  1       16.1556441864        4.3508439297       24.7569854110
  2       15.8097894956        3.9395074929       24.6399945202
  1       15.4532168607        3.5328089164       24.5402336914
  1       11.4010455064        4.4721059286       23.8707509149
  2       11.3387407113        4.9752084776       23.6574297073
  1       11.2632876974        5.4818940126       23.4572382730
  1        9.2921351703       18.1397192921       12.8640615505
  2        8.9703426146       18.5838516874       12.8228794353
  1        8.6514403821       19.0314888265       12.8023281149
  1        1.6589274808       15.1821386036        2.8481673164
  2        1.7642704778       15.7131801423        2.9451092430
  1        1.8646778057       16.2451292661        3.0423126237
  1       18.8379800961        3.6069233560       17.0663217242
  2       18.5732863693        3.8357593240       16.6419735997
  1       18.3126678786        4.0648061295       16.2152236001
  1        8.1358321783       20.6402649744       22.8923624308
  2        8.3231403514       20.1518143517       23.0621612455
  1        8.5218697056       19.6685266030       23.2337409490
  1        8.4895684855        5.9518816612        3.5983708093
  2        8.8376124950        5.5553772460        3.7537722770
  1        9.1884289673        5.1579552528        3.9003449929
  1       10.5737300545        8.4750335913        8.5258119168
  2       11.0043689325        8.1519999806        8.6385037226
  1       11.4383201346        7.8302815070        8.7418651125
  1       16.8732489506       24.4901858424       -0.1648079543
  2       16.6381620382       24.1493704693        0.1972404196
  1       16.4387426038       23.8104242466        0.5817496475
  1       18.2000037344       21.0331139943       26.2107114017
  2       18.6469529286       20.8878199049       25.9250086797
  1       19.0829553155       20.7261151798       25.6313192186
  1        3.8327118185       22.8901546141       15.3547275273
  2        3.8228838304       22.3406364630       15.3339137761
  1        3.8035443386       21.7919857977       15.3006206757
  1       22.1090362439        4.5451145605       10.3328630093
  2       22.5780603660        4.5977202904       10.0504643372
  1       23.0530729736        4.6488410736        9.7779763794
  1       13.9993217879       26.3727719641       17.6055694007
  2       13.6715051760       26.5537469797       18.0084146722
  1       13.3562126543       26.7406956976       18.4184644272
  1       20.0606627924       20.0122659105       12.0417383147
  2       20.5841682059       20.0015284131       11.8734326754
  1       21.1136146525       19.9941903981       11.7246623402
  1       23.5978091447        2.3048015588       22.5551329402
  2       23.9024207270        2.7624508860       22.5387354645
  1       24.1981490266        3.2260197733       22.5265429013
  1       12.1739314125        9.2242594468       13.6454160365
  2       11.7575696240        9.5114813090       13.4294381142
  1       11.3515361249        9.8060478988       13.2039002664
  1       18.4723194187        5.7028450382        9.1800728042
  2       19.0037401254        5.8014832598        9.0782762732
  1       19.5329855414        5.9060090477        8.9711611561
  1       11.4736270192       17.7748504542       26.1372708283
  2       11.4437943580       18.2585610155       25.8772052494
  1       11.4321631010       18.7386993572       25.6091905378
  1       16.1384571389       22.3866278395       10.4067468161
  2       15.7383377612       22.5297999827       10.7558975299
  1       15.3325843062       22.6766256847       11.0969346922
  1       10.5132418125       27.4554458195        5.0457938201
  2       10.6398793712       27.2955256324        4.5350214026
  1       10.7382582938       27.1223244921        4.0223587927
  1        7.8763825916       22.0892515235       13.8181792906
  2        7.3280453352       22.0981601313       13.8599751030
  1        6.7792399826       22.1190192585       13.8895990930
  1       18.8447571789       12.6077405897        3.8738080610
  2       18.9245893076       12.1910048328        3.5238678659
  1       19.0035935520       11.7783768608        3.1689080300
  1       15.6454284221       23.7976622785       23.8714720496
  2       15.5343816730       23.4571032915       24.2888306434
  1       15.4077613588       23.1154716860       24.7008441640
  1        3.0164596796        0.0174895182        4.9506969067
  2        3.5218328196        0.1449866070        5.1263171837
  1        4.0216419455        0.2859513374        5.3074794906
  1        5.1513887247        6.7903677479       19.6884345383
  2        5.3576209063        7.2619963908       19.4946957697
  1        5.5781196574        7.7269187420       19.3004600698
  1       17.2241539362        5.9770682765       12.6962303799
  2       17.5172093037        5.5796447403       12.9384556563
  1       17.8169847498        5.1884784183       13.1826350768
  1        6.9045395193        7.1001715710        6.5034850388
  2        6.7438936262        6.5982007940        6.6607053811
  1        6.5923215949        6.0987080075        6.8340053365
  1       25.6251033631        5.2699436105       20.3086754157
  2       25.3601346273        5.7482302675       20.2492326470
  1       25.0732360581        6.2107030769       20.1698090326
  1       17.0657341653       11.7289612572        7.6884769329
  2       17.0822345832       11.8935232989        8.2130215646
  1       17.0921286172       12.0926792462        8.7256023053
  1       12.3834327941        9.2663111703       17.2198726286
  2       12.1250106444        9.3590777315       17.6964356964
  1       11.8591620374        9.4629911629       18.1665702686
  1       23.7533313982        3.1989291608        4.2581384045
  2       23.3330753694        3.1987552551        3.9033358678
  1       22.9133082421        3.1584545081        3.5502474829
  1        4.5380198845        3.9420504841        5.0729406588
  2        4.0170527148        3.8337385321        4.9337942283
  1        3.4991035054        3.7172471659        4.7900640052
  1       25.3829960723       25.0106431382       14.0238556947
  2       25.0307185911       25.1811601475       14.4102810118
  1       24.6728835422       25.3534672897       14.7907600856
  1        3.8003732010        6.1516491877       23.5196495190
  2        3.2948913315        6.0206572636       23.3469382123
  1        2.7978351659        5.8894987069       23.1514066286
  1       24.0562168431       25.1597989372        8.0846833673
  2       23.6624396033       25.0852358675        8.4613527635
  1       23.2841385644       25.0261241465        8.8561870672
  1       19.3225692254       13.1680709771       10.9349089378
  2       19.6738040480       12.8238988093       11.1812412709
  1       20.0229836527       12.4816385536       11.4330974204
  1        5.3057931022        4.3108141733        1.7756056465
  2        5.7151295726        3.9788254126        1.9328542290
  1        6.1184089600        3.6343061038        2.0783608632
  1        9.6260533571        1.4536038747        9.0977154685
  2        9.7511265880        1.0265244095        9.4209179086
  1        9.8585713537        0.5995871586        9.7505847178
  1        6.5873190266       23.3633617740       21.6927869097
  2        6.2125439644       23.7550294502       21.5998348563
  1        5.8122113228       24.1244715900       21.5240306321
  1       24.5216753213        9.3650572412       21.0513100118
  2       24.6515400550        9.5412445537       20.5467377356
  1       24.7798842961        9.7173498563       20.0417479563
  1        5.8006456188       26.3484227855       25.7950739293
  2        5.3169000331       26.1801971161       25.5945986626
  1        4.8308851136       26.0050630934       25.4058724826
  1       21.5177952337        7.4854765990       11.9160414265
  2       21.0038484945        7.3029095513       11.9869499754
  1       20.4927897058        7.1055251126       12.0355122739
  1       15.6467702538       13.1479042473       23.6563889758
  2       15.5649019640       12.6114139023       23.5670822413
  1       15.5130412954       12.0733502018       23.4656035526
  1       22.7392851559        6.5061534683       26.9819052020
  2       22.3577316613        6.3946337509       26.6017995806
  1       21.9658357609        6.2826616324       26.2325031592
  1       20.4371169464       19.4130478268       19.6968402704
  2       20.2102069656       19.8923589796       19.5509887040
  1       19.9887153844       20.3715142798       19.3965488234
  1       12.4466935946       25.7787171606       22.2216349869
  2       11.9444949043       25.9571505860       22.0857748081
  1       11.4389019110       26.1162363401       21.9389162133
  1        2.1717898312       12.8291861712       24.1796454990
  2        2.0256854732       12.4573351947       23.8016503034
  1        1.9000572217       12.0892187360       23.4127958137
  1       18.5010907771       24.3059921317       12.5027673507
  2       18.0746986073       24.5942291961       12.6966980398
  1       17.6572044116       24.8921196092       12.8953431941
  1       25.8157043134        3.9960736748        7.9305958659
  2       25.7927158780        4.4329417574        7.5972524840
  1       25.7734008061        4.8769769494        7.2732776775
  1       18.5193484371       15.5166449490        8.0726560475
  2       18.0873051999       15.3168169113        7.7971430777
  1       17.6672144901       15.1253019302        7.4982353888
  1       14.4766960533        6.3786948047        8.7459345446
  2       14.9237104624        6.6464519593        8.5699111819
  1       15.3876547606        6.8905782196        8.4036040677
  1       10.9983691604        1.7523520993       19.7879927055
  2       10.8034113413        2.1629139717       20.0977190327
  1       10.6265347367        2.5745864928       20.4166867443
  1       23.6546427111       22.4674774819       20.4265351360
  2       23.5062032539       22.0031412736       20.1718635568
  1       23.3302151170       21.5462178726       19.9213656919
  1        8.6845877755       23.5969172766       10.9825842764
  2        8.4968466479       24.0278955736       11.2680855487
  1        8.2981445262       24.4452776150       11.5660951079
  1       20.4438712928       11.2009993006        6.4747085151
  2       20.9756581226       11.0612459511        6.4616024500
  1       21.5140114330       10.9508778800        6.4393628199
  1       11.3434900248       23.6356113022       16.3383989272
  2       10.8113084972       23.5356846438       16.2419754623
  1       10.2821098917       23.4222566675       16.1440830258
  1       14.1531506088       25.8875794003       13.9327105411
  2       14.1388817944       25.3509931308       14.0525920508
  1       14.1077034855       24.8139583255       14.1671412972
  1        8.5526209237       24.1501782201       24.5418755704
  2        9.0526278059       24.1680269738       24.7702930387
  1        9.5578018900       24.1794792253       24.9874749661
  1       23.5543769353        1.3192830539        8.5827544797
  2       24.0040130216        1.1598790538        8.3090434010
  1       24.4541538063        0.9974349017        8.0379619180
  1       18.1728028430       25.5741980331        3.0173118660
  2       18.2448008324       25.0575644539        3.1916851278
  1       18.3201243020       24.5464284999        3.3802757173
  1        4.8418376920       12.6715672359        3.5911554558
  2        4.4447665374       13.0287163508        3.7226050961
  1        4.0446113497       13.3847815124        3.8474787338
  1        2.0339960455        1.3607458109       12.3739552255
  2        2.4533843258        1.5651962614       12.0827276794
  1        2.8597537182        1.7795279745       11.7803606300
  1       14.9003355720        8.3743054360       23.7471089891
  2       14.7919178812        7.8357144467       23.7729033789
  1       14.7050706680        7.2929230478       23.7912079639
  1        9.6726479093       20.5674460156        6.2746858208
  2       10.0236125845       20.9128290727        6.0296667590
  1       10.3936741801       21.2572552622        5.8130449355
  1       26.1564977137       -0.2469165952        1.5881896324
  2       25.7800584998        0.1099418018        1.4053082428
  1       25.4000322933        0.4767265307        1.2518512649
  1       25.4837639468       23.5347901937       17.9533308101
  2       25.8038848653       23.7994928835       17.5928379759
  1       26.1434798681       24.0547213811       17.2435048297
  1       15.5838022144        3.4870943708        8.8774491072
  2       15.7881072179        3.6086103738        9.3734262504
  1       15.9994411439        3.7345768558        9.8653311356
  1       16.0122191781        9.8817284510        3.1266197657
  2       15.6479945066        9.6351490727        2.7964092285
  1       15.2949389069        9.3829925734        2.4583724814
  1       24.5380306665       10.0993921301       12.9703812793
  2       24.0812314582       10.2762504795       13.2204924696
  1       23.6137417139       10.4451182414       13.4559431374
  1       24.7798087855        1.9270779885       19.5913534363
  2       25.0804315906        1.9418929918       19.1310204647
  1       25.3736398375        1.9545393924       18.6658656609
  1        1.0620847004       20.8313271165       12.6808899141
  2        1.5809202287       21.0138068357       12.6775964858
  1        2.0989495963       21.1982687122       12.6666699408
  1       10.9951426138       15.9574432956       10.9881595930
  2       10.9908514465       15.7606498970       11.5017293976
  1       11.0120087627       15.5573729125       12.0123474883
  1        4.3010662447       16.6137945286       24.7371829699
  2        3.8265450035       16.8230406208       24.5540282141
  1        3.3591418092       17.0392743421       24.3609550914
  1        3.4008788834       23.3953645524       23.4052081246
  2        3.0349833650       23.7910455159       23.2954035498
  1        2.6791433765       24.1859557176       23.1542517370
  1        7.4238310671        9.8402712753       21.2233755490
  2        7.9216374815        9.6127289817       21.1694007556
  1        8.4046666258        9.3573378767       21.1064863034
  1       18.3150130921       11.6090746108       25.6155411008
  2       18.8224533892       11.4748895997       25.7798539965
  1       19.3219606789       11.3363813749       25.9637233474
  1       26.5795724669       19.7967319420       19.4055452109
  2       26.8564870709       20.2436551340       19.5670319366
  1       27.1309689679       20.6882913600       19.7386661808
  1       17.8527420168       16.9478954300       21.7254042725
  2       17.7153463354       16.7673231538       21.2243892230
  1       17.5856343150       16.6014232422       20.7163026063
  1       13.7680035005       15.9084739242       22.3896786139
  2       13.2519207915       15.7721602273       22.5222576977
  1       12.7275491154       15.6622111706       22.6465378218
  1       18.4299996495       21.2522108057        5.9591667469
  2       18.5193754272       20.7672020376        6.2026384398
  1       18.6153877657       20.2741833699        6.4267237430
  1        4.2087850910       19.1591274488        8.1547934986
  2        4.1735413913       18.7369502707        8.5055417158
  1        4.1527439355       18.2906943251        8.8263580120
  1       11.8067501298        2.9978409176        3.8626600868
  2       12.2815211739        3.2201686249        3.6963385718
  1       12.7539679245        3.4530740874        3.5380694583
  1       13.5447392786        1.5657758600        6.9924830066
  2       13.1229007192        1.7174365810        7.3111540839
  1       12.6823383823        1.8513927525        7.6119207217
  1       10.8975307593        8.4465417570       25.5923531027
  2       11.3337327137        8.1574081102       25.7615559080
  1       11.7834165706        7.8718744460       25.8985046372
  1        8.3196073493        7.5188473913        0.6315981385
  2        8.4583002546        8.0481492017        0.6873105388
  1        8.5859419796        8.5799885433        0.7452286164
  1       19.5171828464        0.6257680856       17.6515642358
  2       19.8327072650        0.5589512000       18.0970750045
  1       20.1468630688        0.4981270843       18.5444077184
  1       16.8078591140        0.1086654792        5.8560525708
  2       16.9564672918        0.4406232306        6.2686294252
  1       17.1118688828        0.7491636480        6.6965933901
  1       22.3582930776       24.7048674585       23.2145592503
  2       22.6779416390       24.3594837890       23.4992255780
  1       23.0108216944       24.0139089284       23.7680543030
  1       21.9794778021        9.6199195119       23.0276421818
  2       21.9655006583       10.0763325834       23.3342229176
  1       21.9457339949       10.5477202502       23.6168940084
  1        0.7616884158       26.4111059890       17.0366311816
  2        1.1216247567       26.2175765264       16.6685385607
  1        1.5189127842       26.0391876256       16.3326224667
  1       25.9843723746        2.6771450472       10.8894480027
  2       26.2030369901        2.9818529154       11.2917400620
  1       26.4092728594        3.2835055639       11.7028026423
  1       11.6253104202       15.7985940789        1.0596132019
  2       11.2398296128       15.4304195444        1.1950829740
  1       10.8440577699       15.0734940731        1.3309831409
  1       18.3123149490        9.4505803104       18.3211543764
  2       18.1818236775        9.2170057087       17.8406182867
  1       18.0598267575        8.9666691361       17.3663310837
  1       24.7090975258       22.3687966856        5.8043735500
  2       25.1842732597       22.2714177316        6.0636520898
  1       25.6449011261       22.1876205172        6.3522694743
  1        0.2423322654       26.2167875489       26.3447223819
  2        0.6444309407       26.5794900052       26.2484748702
  1        1.0361996380       26.9535939332       26.1532722554
  1       18.8659948219       24.4143330636       24.1734833356
  2       18.7798618109       24.9451229394       24.2889961581
  1       18.6978924969       25.4738297242       24.4164722980
  1       18.1097268408       16.5976124602        4.0660799731
  2       17.9221838468       16.2222691701        3.7104888597
  1       17.7360169115       15.8308585736        3.3719041345
  1        4.7669081693       15.0426846112        6.7185192373
  2        4.4532245974       14.8823472695        7.1408870315
  1        4.1436772090       14.7187333609        7.5650460845
  1       10.3799265315        4.5871971694        8.4647467154
  2       10.4833988553        4.6223408948        9.0037814052
  1       10.5777763559        4.6468472193        9.5450690611
  1       14.7527121421       26.8272164353       24.8142835856
  2       15.1505783819       27.2052228398       24.7780397815
  1       15.5360744003       27.5914873729       24.7095377432
  1        4.4081715405        9.4496347563       23.1253975709
  2        4.6469296651        9.3838145599       23.6164803131
  1        4.8882687168        9.2964982535       24.1029279709
  1       17.9042451968        6.6902704303       20.0624112147
  2       17.8884349140        6.7493470601       20.6090006280
  1       17.8896733448        6.8142376008       21.1551578242
  1       27.0284187966       19.9625355314        9.7163494845
  2       27.3768617424       19.5407633786        9.7728805785
  1       27.7354715473       19.1300082313        9.8448473468
  1       20.7534441559        3.9381264048       13.5582319810
  2       20.8270725404        3.4703185812       13.8379366488
  1       20.9085590565        2.9980848442       14.1078537551
  1       26.1751579560        1.8391209024       25.9133138944
  2       25.9186330314        2.2684258275       25.6844203726
  1       25.6610448262        2.7035410385       25.4680339852
  1        1.6780785076        5.2909226054       10.7123275492
  2        1.2256225995        5.5917070968       10.6268153221
  1        0.7707825017        5.8816563377       10.5193447582
  1       13.3858550433       22.8325599236       20.5796927419
  2       13.5484822418       22.9242598504       20.0623499950
  1       13.7072008831       23.0466803472       19.5501765734
  1       14.3235302590       19.3125090506       11.9299846026
  2       14.3583302679       19.3212276567       11.3811558996
  1       14.4100575864       19.3290940361       10.8336502799
  1        2.9373952396        8.1414931737       12.8160716429
  2        3.4493923266        7.9424705611       12.8434391895
  1        3.9717557883        7.7716672073       12.8649479603
  1       12.5970293338       18.2854359332        7.5354145478
  2       12.6297070339       17.7878314685        7.7674101611
  1       12.6483476673       17.2864435441        7.9927158979
  1        6.3963525306        5.9392175920       15.3185579446
  2        6.8181808947        5.5979711339       15.2284930456
  1        7.2363412419        5.2528559299       15.1360948904
  1       26.4699056935       20.4473959419       27.9494428721
  2       26.3370183634       20.3024382176       27.4358007636
  1       26.1999923122       20.1466040895       26.9264486410
  1       14.9265406983       16.7886356555        5.6464368470
  2       15.2810945080       17.1969912715        5.7466231081
  1       15.6421087551       17.5973211683        5.8557317057
  1       14.2983139251       10.3981429381       26.4069794208
  2       14.4445550799       10.9182465206       26.5099638279
  1       14.5808642887       11.4456913977       26.5856057489
  1       15.5866185841        7.3059210969       27.0662068889
  2       15.4501156970        6.7803521899       27.1536384953
  1       15.3317647371        6.2505160129       27.2417672353
  1       22.2770676445        0.3540671211       25.0148173897
  2       22.7497901613        0.1072567848       25.1494208072
  1       23.2154907864       -0.1541207911       25.2809680978
  1        7.6560436519       12.7680191902       18.0097454356
  2        7.2435974308       12.4072776989       17.9622723784
  1        6.8401813160       12.0395910236       17.8947301981
  1        0.3865980681        9.7978450462       11.2933594711
  2        0.6311596654       10.2012225919       11.5761600736
  1        0.8805334775       10.6273674331       11.8184682971
  1        3.9550612389       10.3671662583        6.6089022174
  2        4.1912465267        9.9929030852        6.2823389203
  1        4.4277159243        9.6284901096        5.9450179956
  1       22.5785240027        0.5247806137       12.2011133160
  2       23.1141162532        0.4528110739       12.0988326897
  1       23.6484001679        0.3670828030       12.0003879788
  1       16.7131264099       25.1434614333       16.5252130299
  2       17.2421211498       25.0084590233       16.5918382090
  1       17.7727346373       24.8937998919       16.6801705892
  1       17.6461965578       15.4830232862       16.9372242189
  2       17.9595996300       15.0483003466       16.8135533649
  1       18.2735484994       14.6254857344       16.6549219995
  1       14.1338241084        9.7542405136        6.5294997965
  2       14.6337021182        9.5495264153        6.4259907954
  1       15.1341311822        9.3368930918        6.3431788363
  1        5.5411110712        0.2214454216        2.3139151592
  2        5.1965520864        0.2621978180        1.8871618954
  1        4.8795974209        0.3083826993        1.4400526294
  1       21.0902101325       23.3286805520        5.3284854656
  2       21.1154697052       23.4595630388        5.8620880599
  1       21.1637780030       23.6055525990        6.3901537336
  1       12.2339652697       24.4629975944       27.1715686580
  2       12.5794479177       24.5674281899       26.7565554165
  1       12.9473461407       24.6579894725       26.3578706406
  1       27.4046685256        8.7055411976       18.5034796416
  2       27.3483650269        8.1623529023       18.4380855138
  1       27.3248069367        7.6151998346       18.3874047894
  1       26.6316864482       17.2647943265       21.4728755503
  2       26.5770314031       16.9030376420       21.0622115426
  1       26.5108428975       16.5218361424       20.6713093842
  1       15.5314878037        9.7993237580       19.7246598187
  2       15.3586320196        9.3178407471       19.9266375109
  1       15.1706733873        8.8443149111       20.1338688651
  1       22.2195097710       10.8079244838       27.3960712645
  2       22.7680505918       10.8144318150       27.3565665494
  1       23.3161835123       10.7909782382       27.3178337435
  1       27.0418478574        0.9238794780       14.7801005334
  2       26.7148595558        0.8115303642       14.3523665890
  1       26.4073799463        0.6814705212       13.9152845304
  1       23.9892576431       13.7861035630       12.2066965899
  2       23.4560067116       13.6888513773       12.1135007937
  1       22.9289528902       13.5820762587       11.9981173359
  1       25.5327421626       23.8248499199       26.8507186786
  2       25.1500098949       24.2165657224       26.7999767696
  1       24.7800678158       24.6184883535       26.7359372837
  1       21.0237562934       11.3598795108       18.8486350419
  2       20.8783924020       11.4351072477       18.3235539752
  1       20.7265032008       11.5105078530       17.8003480709
  1        2.7095644522       26.0599776210        9.1279440205
  2        2.9133634153       26.5514950826        8.9887442806
  1        3.1192391998       27.0411272613        8.8460015404
  1       12.9142234285        6.9932963778        5.6174333473
  2       12.6095943527        6.5556571294        5.7522406708
  1       12.2983686511        6.1245972369        5.8930452539
  1        1.4497017487       13.2997559775       -0.0940586524
  2        1.8651718076       12.9917513401        0.0930717125
  1        2.2761338033       12.6823855761        0.2877587977
  1        3.7379577895       23.9618384549        5.6678336243
  2        4.1334645329       23.9990031107        6.0482192238
  1        4.5244669683       24.0372441067        6.4331279411
  1        4.2281847994       15.4415996035        0.4230117946
  2        4.7252833658       15.2500219984        0.5597269603
  1        5.2189199933       15.0731059179        0.7256292795
  1       11.1217213486       15.0798170159        4.9529090699
  2       11.6529992529       15.1635521273        5.0679404547
  1       12.1814116047       15.2610964649        5.1852668698
  1       16.9696036972        1.2084092224       14.5290984896
  2       16.8139795488        1.3755222403       14.0287442514
  1       16.6671150793        1.5520033582       13.5289590559
  1        5.7669589866       12.8928060028       25.2468123234
  2        6.1965687905       13.1426791339       25.0112304167
  1        6.6204577936       13.3987510174       24.7719705110
  1       27.3608560421       12.3363619281       20.5578582023
  2       26.9482045927       12.2955742120       20.9191823553
  1       26.5377767593       12.2493778795       21.2823832520
  1        8.0950640508        8.3199938486       12.9390831503
  2        8.0698443307        8.3761181976       12.3925357844
  1        8.0141571523        8.4392262056       11.8490136446
  1       23.0023551764       20.9826959138       16.2310004266
  2       23.4401277393       21.0014710995       15.8985809995
  1       23.8772369300       21.0209415635       15.5653296597
  1       22.7917888782       15.0605353760        8.5519033266
  2       22.3641505870       14.7282971529        8.4557614781
  1       21.9509939689       14.3799425867        8.3535327929
  1        3.4410138188        0.2500197429       22.6315136636
  2        3.7696384906        0.6776707589       22.5237155490
  1        4.1002481143        1.1027525724       22.4118999528
  1        2.7946463649       21.9332796022       19.0040237777
  2        3.0004922083       22.0480561998       19.5009682629
  1        3.2243539146       22.1503920910       19.9928150895
  1       26.1938421551       18.3698955427       14.1783243258
  2       26.5622390244       18.0052318155       13.9944653778
  1       26.9432256466       17.6562423341       13.8059036253
  1       16.8102068992       18.7007738454       17.1577864307
  2       16.9399318001       18.7184959430       17.6919749530
  1       17.0799345044       18.7449459250       18.2231996137
  1        3.1723990197       21.6044634280        3.1008015248
  2        2.7099000254       21.3498094912        2.9467039818
  1        2.2333814681       21.1324236300        2.7788544931
  1        2.8155518622       17.4738039878       15.1642886795
  2        2.9192431406       16.9446672619       15.0558338776
  1        3.0212695248       16.4190667206       14.9299979251
  1       17.1795001503       15.8696643064       24.8331985695
  2       17.4596830801       15.5018486167       25.1310393730
  1       17.7176948252       15.1211657591       25.4327188392
  1        8.5869217876        1.7359978268        2.8635548529
  2        8.9007396783        1.8555625688        2.4279832699
  1        9.2261639395        1.9768988763        2.0015134003
  1        6.6267381678       16.1394079127       18.7668368680
  2        6.0814131252       16.1910177505       18.8164052310
  1        5.5357292904       16.2481711795       18.8546496678
  1       14.5296256512        4.3361039656       14.2162395667
  2       14.2499853882        4.1785578184       13.7696071286
  1       14.0048516742        4.0011285382       13.3103378048
  1        7.1240667539       20.8517111525        9.1815388780
  2        7.2053799157       21.3237976698        8.9113121401
  1        7.2850802442       21.7873081781        8.6261703063
  1        1.2059054148       12.7691004871        5.8188844785
  2        0.7875693482       12.8932446582        6.1536727104
  1        0.3619820267       13.0217689328        6.4774889261
  1       23.5509885975       15.9144991602       14.8129230327
  2       23.0896255997       16.2104700464       14.7676967256
  1       22.6448730607       16.5322225352       14.7334839513
  1       25.2144111266       20.9696439619       12.1977117305
  2       25.0849581027       21.4944061171       12.2995282077
  1       24.9663594544       22.0211955029       12.4040619466
  1       20.1380446745       24.6464974341       19.8558904985
  2       20.1193993388       24.2816877931       20.2670671968
  1       20.0700833092       23.9144280139       20.6735006881
  1       12.8053941293       25.0811763990       10.5792234550
  2       12.5152876119       24.6652079262       10.7920812435
  1       12.2173763648       24.2533453459       11.0021243409
  1        9.5057108211       19.1713964822        2.6413184034
  2        9.4353528024       18.6260366544        2.6298115610
  1        9.3610687189       18.0810922216        2.6256355578
  1        1.8214245665        4.6065237044       26.0934757891
  2        1.3112235988        4.7259647567       26.2605949310
  1        0.7961685690        4.8480479622       26.4099736652
  1       15.7727704262        6.4682551092       16.7580573233
  2       15.2490918736        6.5062349889       16.9218202688
  1       14.7189906084        6.5228778412       17.0674762436
  1        9.7733913512        4.1236003681       26.8355789616
  2       10.1161427239        4.3142108691       27.2211812612
  1       10.4532119741        4.4911516132       27.6181400659
  1       18.9388924614        0.1621962947       27.3623211433
  2       18.9667030383        0.3361996216       26.8413130685
  1       18.9717114105        0.5246099443       26.3246154146
  1        0.9259006596       20.2697111052       16.2885769790
  2        0.8031200621       20.8055413766       16.3062077767
  1        0.6660427428       21.3368478144       16.3439341162
  1       12.1000497625        7.8860441157        1.9662496196
  2       12.0188281603        7.3427363109        1.9394227566
  1       11.9645988271        6.7958884735        1.9166934551
  1        1.7275457753        4.9655485548       19.7760865135
  2        1.9712806580        5.4205368106       19.9660312266
  1        2.2146573590        5.8746915165       20.1584143951
  1       14.7479886994       12.8439010847        5.0247602954
  2       15.0202497948       13.3001067339        4.8824567411
  1       15.2686194152       13.7683958056        4.7357670144
  1       25.9921497183       15.5190539828        0.8701786579
  2       25.5972157917       15.1384851383        0.8290137672
  1       25.2154741756       14.7432180668        0.8058344725
  1       20.1519646936       26.9314782658       14.6258562598
  2       19.9452928299       27.1321328266       14.1573218555
  1       19.7492995880       27.3249670240       13.6809799400
  1        1.9799839305        6.4539185319        6.2204295584
  2        1.9800494782        6.0438584404        6.5869683927
  1        1.9665127695        5.6392485156        6.9592687623
  1        9.2207388025       18.2720614956        9.4871875310
  2        9.0742244161       17.8096104535        9.2280108186
  1        8.9506451202       17.3529837645        8.9474395736
  1       17.2141702245       19.8041699550       13.4945792196
  2       17.1601872151       19.2569858537       13.4813355807
  1       17.1205200451       18.7085379891       13.4698702254
  1       20.1096107678       14.4793970506        1.2062125522
  2       20.4284102742       14.2441847515        0.8247128155
  1       20.7345309756       14.0236993725        0.4244924852
  1       12.4023704690        0.9774370535        1.0592155853
  2       12.1967711972        0.4674672468        1.0718542434
  1       11.9957279205       -0.0434144253        1.1047406700
  1        5.2906273993        3.8926071652       17.8499470337
  2        5.3757874753        3.3971275574       18.0729890022
  1        5.4522714538        2.9046906912       18.3057037049
  1        7.5136897450        1.8809884780       12.0563615251
  2        7.1213323573        2.0971844078       12.3754461537
  1        6.7178018972        2.2954980956       12.6922029184
  1       23.1820217763       14.6383972994       25.3112161793
  2       23.2229421972       14.0930741322       25.3699372357
  1       23.2789164703       13.5476433356       25.4132053054
  1       16.5205528910        6.2167846599        3.0702900397
  2       15.9968137253        6.0997130910        3.1906708276
  1       15.4665515988        5.9928945758        3.2902292574
  1        4.7888290252        7.3484326605        3.5880920625
  2        5.0058885389        7.4996142558        3.1058791503
  1        5.2004659793        7.6695442225        2.6203243901
  1       22.7664751098        8.9049048316        3.0721238301
  2       22.2781820287        9.1422012657        3.1602162211
  1       21.7926408192        9.3746396442        3.2730086544
  1       18.9849062707        9.5775254985       10.0466778559
  2       18.4969906697        9.3495010926       10.1582271120
  1       18.0070175656        9.1191630888       10.2550297995
  1       13.3191322518       20.4297196707        0.5167718257
  2       13.3147646621       20.9776093293        0.4688359709
  1       13.3288354031       21.5269525797        0.4459447844
  1       10.7465414325       11.3204879470        5.8774929752
  2       11.0523528190       11.3583870834        6.3330619067
  1       11.3638769879       11.3823068651        6.7856992176
  1        2.0301876930       21.9634222056       26.4468793072
  2        1.9571599306       22.5054821821       26.5046541099
  1        1.8583816969       23.0434458182       26.5624294136
  1       27.0912812817       23.3103372805        9.1258846135
  2       27.0148719315       23.3708398571        9.6671803270
  1       26.9576128597       23.4313247598       10.2108373643
  1       19.8979351470       14.2129055388       21.9260249790
  2       19.7287818431       14.0066449224       22.4070070139
  1       19.5672976099       13.8009027233       22.8908385847
  1        5.2427603219       26.1287618826       18.7320772181
  2        5.2219962720       26.6384613282       18.9376868710
  1        5.2113630031       27.1549769608       19.1263626082
  1        2.9148252060       22.0165129874        9.7685075521
  2        3.4493701008       22.0454313758        9.6423113468
  1        3.9793555014       22.0589706454        9.4959140712
  1       22.9181048800        4.3536090539       16.3887788787
  2       23.0529095806        4.4019597389       16.9198060945
  1       23.2087146340        4.4546229276       17.4446407093
  1       15.0965615509       16.6958605632        1.4131896013
  2       14.8457665567       17.0816431420        1.1119029059
  1       14.6089554997       17.4709107638        0.8038586869
  1        9.9980023229       27.0199837086       13.7527435434
  2       10.3402064984       26.5896952191       13.7369917783
  1       10.6599093446       26.1427203259       13.7145522166
  1       10.2045069046       12.2841763288       10.0887902881
  2       10.3199074954       11.8034101302       10.3297188375
  1       10.4405840379       11.3133209181       10.5482359656
  1       22.0507307549        6.4201438766       22.4531771121
  2       21.5825207623        6.1877641366       22.2820658640
  1       21.1006995570        5.9820132086       22.1146893997
  1       20.8360343571       18.2583359026        8.7207362607
  2       20.8849586152       18.1405935329        8.1857192971
  1       20.9208710843       18.0357833474        7.6469938396
  1       16.9407212276       13.4589095111        0.7184724380
  2       16.6680966696       13.3180691538        1.1749150347
  1       16.4195607494       13.1508105188        1.6361681587
  1       26.8436062508        1.3967055095        4.6462996364
  2       27.0191586138        1.8497927081        4.9039687234
  1       27.1935310802        2.2893163871        5.1848836171
  1       18.0167963886       24.7916527096        7.3239561171
  2       17.5624221220       24.4817869953        7.3187345265
  1       17.1075835640       24.1725629614        7.3171911812
  1       27.5822122462        7.2785412397       13.3743763558
  2       27.2734200579        7.6216683051       13.6733934146
  1       26.9511505467        7.9555863547       13.9685901241
  1        3.6664950526       18.4250348085        4.7520063886
  2        4.0897308835       18.2988190935        4.4242244112
  1        4.5033086072       18.1631419561        4.0880024907
  1       24.7630874761       10.5397987479        5.7843349054
  2       24.9369849090       11.0200106553        5.9884334279
  1       25.1088296120       11.4975236867        6.2004492335
  1        5.0115936042        9.6510825922       16.5608559515
  2        4.9189024279        9.8200533740       16.0457275978
  1        4.8128962288        9.9814385674       15.5307348755
  1       23.4168740305       20.6072998365        8.8211227210
  2       23.5532984421       21.0886948543        9.0494803721
  1       23.6883301122       21.5771859298        9.2631224002
  1        8.3333791731       16.3694803518       21.6760090409
  2        7.9153273091       16.0780827972       21.8829392324
  1        7.5124758119       15.7604465715       22.0812266460
  1       11.1796731541       12.9711414866       16.8737783061
  2       11.1821421931       13.3364805306       16.4626563208
  1       11.1653476807       13.6933358321       16.0444790413
  1        7.8665188826       10.1653989700        8.6894341441
  2        7.7280070482       10.1226604957        8.1588798165
  1        7.5934622427       10.0769391453        7.6275538785
  1       26.9457121607        8.3055458239        4.1343225916
  2       26.7607529175        7.8292239090        4.3378109494
  1       26.5373362834        7.3617343213        4.5223061849
  1       18.8976676530       22.2906065161       14.9819405564
  2       19.4108810299       22.1105294103       14.9001831974
  1       19.9211550305       21.9444522282       14.7796061977
  1        2.5485958543       13.1338482877       10.1620510475
  2        2.3075637158       13.0539861511        9.6741724281
  1        2.0621187867       12.9634605945        9.1903729764
  1       18.3749647776       17.9729373740        0.2833352030
  2       18.9000293874       18.0694000081        0.4156307650
  1       19.4203497638       18.1557861170        0.5715286326
  1       18.9479957165        2.3341524882       10.1715177572
  2       19.1693851986        2.2774221126       10.6717860469
  1       19.4042660288        2.2343344758       11.1672398290
  1       25.2179767271       18.3386503436        7.0482083000
  2       24.7832419440       18.0253518508        7.1721022979
  1       24.3699455124       17.6881265668        7.3061364968
  1       14.4707601325       14.8236979672       26.3781039945
  2       14.0299268706       14.8958529158       26.0572306572
  1       13.6128704531       15.0052276165       25.7157615979
  1       11.7791765132        1.6846585678       16.0020361087
  2       12.1870137263        1.8606141000       15.6776775750
  1       12.6140895783        2.0528039251       15.3892867175
  1        9.1985818411        5.7329449739       19.7956384704
  2        8.8227071133        5.5788835991       19.4248510895
  1        8.4344911939        5.4321176481       19.0639519976
  1       25.2424709599        7.3763132476        9.6056263354
  2       25.0392838043        7.4841714088       10.1052077570
  1       24.8320012643        7.5732756743       10.6067996005
  1        0.9629427146       19.5702360047       23.6679181050
  2        1.0473170043       19.4801136139       23.1319526827
  1        1.1255227030       19.3896077646       22.5951169919
  1       20.5741928776       15.9378583029       12.1748945156
  2       20.1985269093       16.2597994105       11.9346259087
  1       19.7995467458       16.5519585989       11.6938815698
  1        4.7355333729        2.1354481335       25.6095720271
  2        4.8544251351        2.6541261961       25.7486325042
  1        4.9723934464        3.1674203701       25.9071019568
  1        8.4202678224       10.4994419375       25.2570479361
  2        8.4568324760       10.3381660269       24.7324975507
  1        8.4748028073       10.2074792431       24.1985518318
  1        5.2700835734       26.2122956005       12.3225581650
  2        5.0153758293       25.7941928747       12.0719308008
  1        4.7595544853       25.3740260060       11.8259323426
  1        2.7660399102       15.9873623801       21.4149598095
  2        2.3419732181       15.6372258819       21.4234376222
  1        1.8998716866       15.3101738942       21.4325607881
  1       11.6355589574       11.7339293243       24.3256655281
  2       11.9553973188       12.0987435923       24.0666018824
  1       12.2859064736       12.4467423751       23.7979747342
  1        2.2947604403        6.0149512011        2.3342550714
  2        1.8251422508        5.7292336817        2.3162479840
  1        1.3435343849        5.4644354887        2.2953726518


Molecules in box 2
##############################################################################                                           
Moleculetype  1
Number-of-molecules: 0     
Atomtype         X                  Y                   Z


Number-of-fractionals:  1        
##############################################################################                                           
Fractional-type:      2
Box:                  1
Lambda:               0.441851
Reaction-Step         1 (only used if Type = 3 (RxMC))

Moleculetype  1
Atomtype         X                  Y                   Z
  1       10.9775841278       18.8515613336       21.0906714201
  2       11.2265617605       18.3754064316       21.2080879764
  1       11.4853846701       17.9018525721       21.3141890725

------------------------------------------------------------------------------                                           

