Simulation state at cycle:    1100000
##############################################################################                                           

Number-of-molecules: 401   

Box-size(s):    27.482906   50.818770

------------------------------------------------------------------------------                                           

Deltas
Translation per molecule type
Box 1    0.4704685082E+000
Box 2    0.2540414876E+002

Rotation per molecule type
Box 1    0.7482934601E+002
Box 2    0.1800000000E+003

Volume    Delta_Volume
Box 1   0.2863536629E+003
Box 2   0.1325711402E+004

------------------------------------------------------------------------------                                           

Molecules in box 1
##############################################################################                                           
Moleculetype  1
Number-of-molecules: 399   
Atomtype         X                  Y                   Z
  1        9.4690458644       10.4815748168       25.6206228016
  2        9.5527487187       10.5027513101       26.1638036078
  1        9.6352711373       10.5422672992       26.7061397914
  1       17.4314105266       19.0256205767        4.6706885902
  2       17.7727622387       19.1380469936        5.0870289671
  1       18.1186191217       19.2595421532        5.4970557244
  1       13.1774605986        1.3641458439        6.2833776337
  2       13.0327117371        1.0016963633        5.8958493881
  1       12.8842126210        0.6439143666        5.5054136645
  1       14.8489766819       22.7220429831       24.7781268138
  2       14.4836334527       22.3228363487       24.6798497160
  1       14.1202544416       21.9224653955       24.5790588778
  1       14.4078791325       10.0067275860       13.5234115368
  2       14.0574839680       10.4300053732       13.5470577534
  1       13.6866685242       10.8359273130       13.5620004583
  1       17.1704772422       13.9834041953        8.7592902448
  2       17.5568498547       13.9940171844        8.3680057334
  1       17.9390867050       14.0194906346        7.9733589387
  1        8.7355314994        0.2182712296       23.2370929768
  2        9.0739680173        0.4460968725       23.6059509437
  1        9.3953614299        0.6621972292       23.9964722737
  1       19.5017270917        3.6172122814        6.3153957148
  2       19.0417960240        3.8765357700        6.1613998015
  1       18.5864638596        4.1447247129        6.0089291160
  1        4.8122309343       23.1844209706        4.6955924595
  2        4.8729169167       22.6429225501        4.6207815503
  1        4.9262950244       22.1002858225        4.5486971659
  1       10.5458267087        4.2832992104       14.0345445734
  2       10.1112638943        4.2005370790       14.3613558186
  1        9.6834464751        4.0826408775       14.6862754094
  1       25.0905640007       21.4448936050       26.1389522615
  2       25.3925998893       21.0624554141       25.8839711795
  1       25.6949468929       20.6700050119       25.6450800534
  1        1.6343303468       18.5056929564       24.6816328906
  2        1.6006098446       18.7941180384       25.1487237809
  1        1.5780868951       19.0754252563       25.6208031862
  1       22.9673931305       10.9787210531       23.2160139393
  2       23.0575965298       10.5590479867       23.5598712703
  1       23.1419169283       10.1412485117       23.9074826454
  1        1.8553505302        2.8855102060        8.0470244599
  2        1.7808413721        2.4021156961        8.2985759123
  1        1.7194764762        1.9165224680        8.5494415444
  1       12.5897582378       13.7080755639       25.9888603731
  2       12.1790037458       13.8028499215       26.3421287816
  1       11.7745390178       13.8939630579       26.7035242425
  1       13.9440505238       22.9245778550       11.7558513524
  2       13.9538129714       23.0796451364       11.2282541264
  1       13.9622246057       23.2542831553       10.7067842751
  1       27.2302800464       12.5144631406        8.7162137023
  2       26.7917926263       12.7903688145        8.9008886643
  1       26.3452860294       13.0529713973        9.0857446659
  1       14.9717227477        6.7572498599        2.7099215275
  2       14.8333839106        7.2752352603        2.5872288581
  1       14.7001812140        7.7921074461        2.4545631722
  1       13.4491458053        6.5947631042       14.4864860022
  2       13.8502966421        6.6202696790       14.1110829909
  1       14.2425151746        6.6561662609       13.7271870973
  1       14.4029389002       25.0972483323       26.8917025849
  2       14.0640227506       25.3708591061       26.5558856882
  1       13.7363746307       25.6663033594       26.2274661369
  1       17.4968583176       20.5844380449       25.3561726213
  2       17.8875127422       20.3954755668       25.0182639023
  1       18.2721485289       20.2242797553       24.6643609429
  1        2.6115710496        1.2718516347        4.7566196436
  2        2.0953502527        1.4148314266        4.6318283459
  1        1.5968820424        1.5908764078        4.4800469014
  1       20.2514378287       16.1767713295        5.1219166468
  2       19.7833255951       16.0432079827        5.3779083832
  1       19.3213850503       15.9314331363        5.6547067138
  1        5.6506067829       20.3390582864       11.2854625245
  2        6.0906411365       20.6442575456       11.1600704202
  1        6.5324794716       20.9262206933       10.9934100831
  1       14.4223244521       14.8400946706        1.0838031299
  2       14.0376590504       14.7994828615        1.4748059555
  1       13.6676472662       14.7653491159        1.8803009197
  1       19.1690293029        1.8423428026        2.5857929048
  2       19.4598619987        1.7376165424        3.0407091097
  1       19.7506617311        1.6316338421        3.4953553258
  1       26.0491274280        2.1058969868       10.2514045281
  2       26.2271039542        2.6247145892       10.2107517108
  1       26.4072674536        3.1411122006       10.1526602364
  1       -0.2084293594       20.1686228359        1.1951804564
  2        0.0983385512       19.7166694918        1.2594581641
  1        0.3909497373       19.2536339441        1.3092253654
  1       13.6498756296        6.7860205947       24.0697264500
  2       13.4210970516        6.3174303189       24.2446078833
  1       13.1738382868        5.8567882015       24.4154058396
  1       21.6982888195        0.4094528451        5.8553519454
  2       22.0917844656        0.7814883984        5.7591712634
  1       22.4653864467        1.1756680939        5.6723154846
  1        4.4080412133       18.7188678071        7.8154331060
  2        4.2607696075       18.2087695164        7.9589977533
  1        4.1122175074       17.7083433859        8.1322200396
  1        7.8839505287       19.2776891696        3.3593129018
  2        7.7667805689       19.7272022817        3.0648487060
  1        7.6542234366       20.1718793599        2.7613801127
  1       17.0265729132       14.3364591203       11.9124134832
  2       17.0639997682       14.8817242381       11.8508896519
  1       17.0743261399       15.4284466795       11.7918308928
  1       21.2812107470       14.6214821049       10.4037081080
  2       20.7940443497       14.8270925563       10.5550132421
  1       20.3037165991       15.0317025933       10.6971871803
  1       11.0206699034       19.6589174427       15.2069706936
  2       11.3860172972       20.0247031076       15.0192950978
  1       11.7526230886       20.4039142606       14.8634134306
  1       17.5533037524       18.2777076418        0.9299349176
  2       17.1603007323       18.0503389680        1.2403412841
  1       16.7696094701       17.8161866074        1.5486155268
  1       11.9774584583        5.1093950606       17.3486538771
  2       12.4698930467        5.2019990725       17.5754416040
  1       12.9619932951        5.3005059435       17.8004610274
  1       25.2475629741       14.0000903023        5.0760767056
  2       25.7208699952       14.1038721871        5.3362877433
  1       26.1883667836       14.2132606350        5.6045803434
  1        6.1669220218        4.1171859215       14.1445041705
  2        5.6791365939        3.8674549464       14.1914063708
  1        5.2009111145        3.6067305361       14.2677160802
  1       18.1819401386       21.9413820975       12.5460556149
  2       17.8090069201       21.6812517387       12.2366157808
  1       17.4256102362       21.4512956769       11.9162609908
  1        1.9424334253        3.6431161872       18.6861188610
  2        1.4502099847        3.4805330172       18.5023178891
  1        0.9519553933        3.3250103069       18.3289539720
  1       22.7196785882        4.3109612427        7.2513784478
  2       22.9911645337        3.8868957753        7.4726562387
  1       23.2659936338        3.4685251306        7.7005486880
  1       20.9631641573       11.0868781379        1.3545874199
  2       21.0671484532       11.2243261970        0.8322893276
  1       21.1677098357       11.3469761882        0.3056543620
  1       17.7012470474       11.0156540556        1.7041117551
  2       17.2805978754       11.2584234270        1.9622150415
  1       16.8508309264       11.4845616599        2.2204046387
  1       27.3035406425        9.2990740890       10.3662315672
  2       26.8102601316        9.1047798030       10.2198619392
  1       26.3126550813        8.9239759830       10.0708680082
  1       25.4986231201        7.5121321227       21.6635937592
  2       25.0190602670        7.4132258525       21.4131201685
  1       24.5420887967        7.2940451670       21.1665554108
  1        2.7334484548        9.5434758569       14.4939942806
  2        2.1857717929        9.5814683048       14.4607249578
  1        1.6407106455        9.6475163634       14.4283830567
  1       23.2959351245       24.9063664727        0.5729041317
  2       23.0491225152       24.4972139468        0.3005482131
  1       22.7842112209       24.0947926129        0.0352576644
  1       25.2617046602        1.5328860682       18.0453324224
  2       25.3041526335        1.8781568888       18.4713444293
  1       25.3383641529        2.2240007624       18.8976325782
  1       19.3450444351        8.8810586885        4.1709906424
  2       18.8503536888        8.6420840841        4.1969175391
  1       18.3610192508        8.3918222125        4.2174310084
  1        2.9572573562       26.6589155415       10.2437169421
  2        2.7071705441       26.1791421790       10.1448528584
  1        2.4664990803       25.6950576873       10.0436626886
  1       22.2601744485        4.5989695905       19.7823056390
  2       22.2026119405        4.6672338005       20.3250086474
  1       22.1606207766        4.7471055134       20.8675556506
  1        1.9969197633        5.3232597676        4.8028257216
  2        1.6555431026        5.5811202215        5.1484699923
  1        1.3248892910        5.8437176703        5.5009052852
  1       26.5122246587        9.0819894706        6.3754704490
  2       26.5536392028        9.6301583678        6.3926662555
  1       26.6176102314       10.1762218128        6.4075800256
  1       24.5052834255       14.6081396847       14.4350911307
  2       23.9749710426       14.4688130478       14.3919997771
  1       23.4495630022       14.3112503326       14.3517458218
  1        2.3850021265       20.5529615885       20.9446654708
  2        2.5346900381       20.1934431470       21.3330467517
  1        2.6442038765       19.8283382695       21.7295377940
  1        3.0647608463       25.9529176113        2.8004509984
  2        3.2555276682       25.6245833947        2.4025758146
  1        3.4486936727       25.3118666312        1.9934363280
  1        5.3063621953        7.1128527557       15.2983045711
  2        5.4645414411        7.5545107866       15.5853890707
  1        5.6380578770        7.9944054379       15.8662533462
  1        1.4730770720        5.6325784439       15.4015283693
  2        1.9523548696        5.3844164903       15.2956584609
  1        2.4299623177        5.1249014944       15.2117353330
  1        7.5250364075       24.5254292949       23.2572520444
  2        8.0315153994       24.3240877705       23.1834914771
  1        8.5325213808       24.1132918664       23.0994790233
  1        1.1868382304       12.9641940314       20.0940126398
  2        1.1131665920       12.4211704659       20.0471309057
  1        1.0398814415       11.8797817083       19.9836683271
  1        2.7732727812       25.5386611830        6.0830664754
  2        3.1834791858       25.7517383523        6.3811081260
  1        3.5924651912       25.9679093328        6.6785985521
  1        1.1261774120       19.8823765559        5.9454722343
  2        0.9326754117       19.6677197790        5.4775198392
  1        0.7116916251       19.4474291180        5.0245980030
  1       18.4509983676       25.4847911411        1.5044670074
  2       18.0014567745       25.4686966587        1.8209371067
  1       17.5832880435       25.4497656658        2.1776954687
  1       16.2858221779       23.7423931477       18.9971802095
  2       16.4302301530       23.4617558206       18.5467481643
  1       16.5811030985       23.1984786829       18.0880298389
  1       18.3745198086       27.1211537257       20.1893886830
  2       18.5840393680       26.6134654112       20.1601631881
  1       18.8056754061       26.1115340299       20.1221848514
  1        0.4373768794        4.5688595344        1.8770002813
  2        0.9424500386        4.3583958577        1.8212674852
  1        1.4469201064        4.1526888204        1.7458051469
  1        4.1609768859       13.7969497361       21.2957130716
  2        4.5752818171       14.0849083003       21.0767809148
  1        4.9832371503       14.3923844082       20.8729896289
  1        4.6935066087        1.2080865436       12.0757836919
  2        5.1553288619        1.1907928292       11.7775872233
  1        5.6144225937        1.1829213339       11.4748150581
  1       15.3977618263       18.9657959619       22.0917242159
  2       15.0720876895       19.0947154191       22.5157715365
  1       14.7497412303       19.2254114014       22.9418129893
  1       23.1068283023        1.1716178900        1.4879079212
  2       23.1068174321        0.8598068626        1.9409795304
  1       23.1070966912        0.5405446364        2.3888316845
  1       23.8948718385       22.5762953297       20.1443048623
  2       23.5441291307       22.8747203850       19.8436022861
  1       23.1770342824       23.1689683296       19.5587171892
  1       11.6346998069       12.7988141412       19.9785314280
  2       11.8407359064       12.4395639164       19.6166082293
  1       12.0354566765       12.0639708246       19.2651631411
  1       13.9346725398       10.3351120679       24.4118656400
  2       13.5046790327       10.2170881691       24.7338531291
  1       13.0808375059       10.1147904879       25.0691045924
  1        3.5368547242       13.0833983273       13.7620130616
  2        3.5624950301       13.5640953741       14.0280448716
  1        3.5563061974       14.0518900892       14.2820488347
  1       14.1670420120       15.6700547537        9.9205207462
  2       13.8621043580       15.8010426485       10.3591039180
  1       13.5819829640       15.9138956376       10.8187735890
  1        2.5103975016       21.8587255114        0.3194110539
  2        2.9161060873       21.6182746300        0.6024020734
  1        3.3197875022       21.3880914101        0.8966077829
  1        4.5422017134       18.8145615306       16.7939058919
  2        4.6550965300       19.2569678046       17.1005513698
  1        4.7614627502       19.6878785314       17.4253623482
  1       24.8009250591        3.7448980932        0.4215187828
  2       24.5778861456        4.1675983626        0.6936917523
  1       24.3389859449        4.5812162653        0.9663580752
  1       15.8379590100        1.6282269017       18.9739203826
  2       15.3581748520        1.8866606620       18.8996293785
  1       14.8799998040        2.1456144601       18.8172185000
  1       21.5787323194       21.9567503300       12.9671122898
  2       21.5310324077       21.9342057324       13.5145759503
  1       21.4949257830       21.9124873506       14.0629595957
  1        5.3832796270        4.6983877932       10.6347070755
  2        5.6628756812        5.1716953720       10.6172147251
  1        5.9155700223        5.6601802802       10.6119172297
  1        8.8759678952       11.2651278041        9.3671145773
  2        9.3114281342       11.0389598363        9.6155545714
  1        9.7560455811       10.8313699727        9.8639932426
  1        6.6288142569       25.0281597010       12.2173115633
  2        6.9208391339       24.5622857793       12.2308378428
  1        7.2145872584       24.0976102289       12.2478281699
  1        7.5041933309        0.7778285827       26.8946273064
  2        7.4953041432        0.5760385352       27.4061952482
  1        7.4903332291        0.3486576394       27.9069678685
  1       26.9789335841       16.2468168301        2.5344388178
  2       26.9070348853       15.8387236653        2.1727890620
  1       26.8121672695       15.4227409010        1.8257177806
  1        5.5156627012        5.0855303873        7.1970920088
  2        5.0379996649        4.8947048567        7.0023520779
  1        4.5750343928        4.6772466160        6.8001762403
  1       26.8423897863        0.6120232211        1.5914171943
  2       27.2028401767        0.2267855528        1.7468760472
  1       27.5608853009       -0.1631149384        1.8961452502
  1       15.7241712634       26.5134087711       16.4862819238
  2       16.0044272917       26.9021559762       16.2164075658
  1       16.2874150121       27.2998085301       15.9628520582
  1        8.3320412116       15.1336577514       25.1179599296
  2        8.1170665275       15.4049718476       25.5453643592
  1        7.9037975322       15.6944287714       25.9615746712
  1       26.7710103105       25.9503462066       16.8141091424
  2       26.2339325930       25.8886473191       16.9153058448
  1       25.6957896833       25.8519163000       17.0227909132
  1        1.9681043011       20.1653713521       14.0423792309
  2        1.9758416468       19.8342660398       14.4814799092
  1        1.9863794743       19.5275602968       14.9379013595
  1       10.8481453974        1.4477746465       16.5249174898
  2       10.7697280021        1.1880726449       17.0033582724
  1       10.6919049787        0.9412489379       17.4886639839
  1        4.6722221646       20.9740394214       25.2942665941
  2        4.9404859687       20.8676642445       24.8260584640
  1        5.2152078833       20.7890550319       24.3561132966
  1       13.6513783492        9.7628963520       21.0075299264
  2       14.1049400354        9.4527555367       20.9831481395
  1       14.5461115152        9.1247563313       20.9662885535
  1       20.8523080747       25.6175155316       22.6065323612
  2       21.1841231735       25.1842531651       22.5381038443
  1       21.5181139981       24.7509930729       22.4812195708
  1       20.0346559961       11.4176714059        8.4612026976
  2       20.3985132666       11.0588436294        8.6645509544
  1       20.7440064243       10.6761496507        8.8560706547
  1        3.3424920178        6.6284668564        0.9179685276
  2        3.2771406863        7.0442473715        1.2720246909
  1        3.2017544073        7.4615751648        1.6222452226
  1       14.5190971119        1.2834049582       25.1105583076
  2       14.1595254668        0.9988806605       24.8068246148
  1       13.7907546115        0.7442011037       24.4880043230
  1       17.7280672814       18.1134530332        9.2454619935
  2       17.9093482157       17.7789425521        8.8482970896
  1       18.0990579815       17.4581267637        8.4438376558
  1       12.6432033749       24.4952479840        6.1966499233
  2       12.2679059493       24.7003354941        6.5424691760
  1       11.8938529658       24.9339299034        6.8711301205
  1       22.3879384735       20.7736553642       22.4772447307
  2       21.9279187502       21.0176603414       22.3002039861
  1       21.4621741716       21.2413529632       22.1116738891
  1       11.1875834675        6.3234315911       11.3529609251
  2       11.4402426667        6.7961966670       11.4760727117
  1       11.6788466126        7.2743621717       11.6061723124
  1        8.1875558180       26.5920326965       19.7480829731
  2        8.6821303537       26.5984029369       19.9886145691
  1        9.1778881777       26.5872862322       20.2265233706
  1       24.2064436531       11.0600666187        3.5187356980
  2       24.5052469087       11.3132256514        3.1325658925
  1       24.7933250407       11.5810927155        2.7481725722
  1        3.0279260961       25.6401428378       14.5877984906
  2        3.0945856864       25.6105606336       14.0426550304
  1        3.1712224326       25.5825372216       13.4987418972
  1       23.9644424111       17.7444352864       23.2141884434
  2       23.5324168286       17.6929407693       23.5506438056
  1       23.1118067010       17.6213289108       23.8977156443
  1       13.6644730929       12.9461356391       22.4529069897
  2       14.0234155350       13.2473216608       22.1649012543
  1       14.3774390134       13.5456146218       21.8679354564
  1       21.3332024880       24.9052089813        3.1398753030
  2       21.3079811581       24.9495092983        3.6875078134
  1       21.2821169296       25.0224763606        4.2320322375
  1        2.2625873289       16.2777337303       21.1382337860
  2        1.8894560498       16.0731926212       21.4867104469
  1        1.5323025420       15.8189726744       21.8188453434
  1       22.6582832193        0.4972074315       10.1416129212
  2       22.8913266433        0.3173689183        9.6770175363
  1       23.1345831493        0.1285584119        9.2213017653
  1       11.7383116810       21.6755139221        0.4660021410
  2       12.1343516535       21.9320717241        0.1834593399
  1       12.5216366945       22.1910491714       -0.1088435472
  1       13.6532017442       19.9936073349        3.9171397889
  2       13.9883295055       20.0587423871        3.4859242876
  1       14.3182130578       20.1106036446        3.0489034061
  1       20.9284183683        8.1065644445       21.9030761025
  2       20.5989840901        8.4829532941       22.1317778522
  1       20.2764686333        8.8543177786       22.3778920506
  1       15.7331760070       16.9782127926       19.0052796757
  2       15.6284479617       16.6390042985       19.4253625652
  1       15.5290226046       16.2964695354       19.8440325228
  1        9.6066707771       13.5937914018        7.0974425210
  2        9.4142731513       13.9437111644        6.7192371359
  1        9.2159605927       14.2973654780        6.3476180371
  1       27.1069021814        9.4879943515       18.3031043266
  2       26.6546310925        9.3542919174       18.5860787446
  1       26.2081286727        9.2081169110       18.8720305860
  1       18.4861504882       19.5899023701       19.0171177785
  2       19.0122869004       19.4461137551       18.9463695636
  1       19.5355537814       19.2959057732       18.8680795101
  1       27.3166455884       10.0390837949       22.7698632850
  2       27.1529997774        9.9650235323       23.2897047282
  1       26.9755698767        9.9016601674       23.8064287486
  1       16.0569827403       26.8838069261        5.3100585985
  2       16.4631745811       27.1962281862        5.1103058896
  1       16.8625891825       27.5177171410        4.9112761754
  1       17.4088959181       17.2559080489       15.9613694712
  2       17.4303712788       16.9974379396       15.4763622429
  1       17.4601698969       16.7272289592       14.9982418101
  1       23.9001346595        0.8276145922       14.1333701016
  2       23.6066748119        1.0797098241       14.5243039987
  1       23.3144674812        1.3302054954       14.9171993965
  1       13.7999604912       10.9531702570        4.1789299162
  2       13.6907043405       11.4600452202        3.9955154534
  1       13.5905210798       11.9725150771        3.8227787781
  1       13.4501979811       24.4792359515        2.3745069792
  2       13.2005568625       24.9607680587        2.4656450150
  1       12.9496550920       25.4405756224        2.5622524806
  1       11.1822788124        1.0178426123        0.6727365804
  2       11.5058104313        0.8531809491        0.2595612808
  1       11.8488285649        0.6884002489       -0.1375355334
  1       23.5469802296       17.4575200823       19.7968828354
  2       23.4484298066       17.9727606895       19.9621551283
  1       23.3557452615       18.4973430351       20.0989869110
  1       11.0715214419       16.9639967505        7.7557046950
  2       11.1714626642       17.2277213853        8.2278922309
  1       11.2738058194       17.4648941768        8.7134588531
  1       24.6933138556       18.2892357690        4.6264732682
  2       24.2430842821       18.0978580998        4.3751409804
  1       23.7946089861       17.9188740739        4.1118262896
  1       24.3436097083        8.9649714379       27.1266867777
  2       24.3322855896        8.4151906117       27.1160656900
  1       24.3194953381        7.8658363529       27.0926924848
  1       19.0086854799       14.7153682922        1.9599986765
  2       19.2605876164       14.5224166253        1.5107604681
  1       19.5006320673       14.3300491509        1.0548290967
  1       25.0958249063       23.5728291857       11.3958258370
  2       25.2537882528       23.3704227491       10.9094317421
  1       25.4279531483       23.1639153866       10.4303479316
  1        7.9749359632        6.3337876676        5.1618524993
  2        8.1900558740        6.8062362855        5.3435548036
  1        8.3974256211        7.2898111852        5.5037206657
  1        1.4719883337       27.0562389372       19.7108269345
  2        1.8351890783       26.6919193035       19.5162596618
  1        2.1887144801       26.3304232251       19.2998332896
  1       11.4939263229       17.5890788999       24.9414072901
  2       11.3906085588       17.0530384226       24.8744293356
  1       11.2916912261       16.5166158613       24.8039580935
  1       18.1664485817        6.0962608283        1.2568435324
  2       18.3665393531        5.9127023388        1.7351425645
  1       18.5580153264        5.6986531984        2.2042053707
  1       12.7410057073       17.0743552775       17.1867566533
  2       12.8160248687       16.5316709712       17.2353968531
  1       12.8601278216       15.9853779307       17.2814277392
  1        1.8785914448       14.1941464724       26.3089927393
  2        1.9612945473       14.7337236604       26.3761988028
  1        2.0453406912       15.2749129252       26.4267005297
  1        7.8968183826       27.2849386894        8.9843768207
  2        8.3601328601       27.2553827266        8.6894766003
  1        8.8077198654       27.2027241603        8.3742101304
  1       13.9408672872       22.2440095413       21.3127563488
  2       13.7800966729       22.5350017327       20.8746052857
  1       13.6041912096       22.8602177284       20.4674298652
  1        8.5065474074        3.1482229258       11.1785179484
  2        8.3880021002        3.0770731951       10.6461790282
  1        8.2781721794        2.9989064221       10.1129554887
  1       23.3312677637       24.2426469022        7.7640861300
  2       22.9664324950       24.5746779008        7.5208770785
  1       22.6095171782       24.9145165383        7.2767026407
  1        2.2281107515        3.1112642489       11.5369454610
  2        1.9612519559        2.7204140167       11.8171640885
  1        1.6943324785        2.3437130238       12.1160793834
  1       25.3500976922       22.3473335868        6.2754499872
  2       25.2793721738       22.1554333875        5.7648893008
  1       25.1916956768       21.9517145404        5.2615887324
  1        9.8266892216       24.1715116422       10.1391466541
  2        9.5987241895       23.7963220922        9.8078390241
  1        9.3736654230       23.4150785665        9.4814926978
  1        3.0871762595        4.4901220920       24.9306562887
  2        3.0562462741        4.1109001352       25.3278137429
  1        3.0388995005        3.7388792718       25.7325353332
  1       14.9083269631        5.0348584574       20.8616547546
  2       14.9614006065        5.5376015058       20.6450153867
  1       15.0150436629        6.0406019922       20.4291151038
  1        3.4167168694       10.7019018159        0.0214086497
  2        3.3336072594       10.7237977593        0.5646520209
  1        3.2622560273       10.7451800036        1.1095848611
  1       11.9608646009        5.1528183990        7.9549876605
  2       11.7824302200        4.6562526791        7.7997985580
  1       11.5975570823        4.1614684292        7.6464673221
  1       14.6604678591       20.1444394103       18.2066689295
  2       15.0108777196       20.0477669165       17.7939131196
  1       15.3524102053       19.9368488463       17.3773165018
  1       23.5026487924       13.2245665948        7.9268967812
  2       23.4605064552       13.7622836184        8.0345277524
  1       23.4248093171       14.3016645823        8.1359865578
  1       20.8601157832       17.5741536686        2.0790604207
  2       20.5970215442       17.9696552324        2.3562966636
  1       20.3442236883       18.3864377039        2.6110232121
  1       19.0845832919        7.7829935311        7.6124602954
  2       19.1932936163        7.2571358531        7.7314383096
  1       19.2848634285        6.7260463721        7.8412514766
  1        6.1554120299       15.8525932469       16.8032966242
  2        6.1346841940       15.3278599584       16.9667754693
  1        6.1125955436       14.8059596222       17.1389153239
  1       11.0688455189       20.9929471073       23.8700155173
  2       10.9821537633       21.3749203335       23.4839054372
  1       10.8849449240       21.7543136403       23.0977562959
  1       12.3344517767       20.8997168697        7.5208194424
  2       12.7638760237       21.1388983151        7.2740664236
  1       13.1917051265       21.3739255003        7.0206409316
  1       11.4845595480       13.2207832216       13.8556636173
  2       11.2229208186       12.7546221383       13.7262842540
  1       10.9814941862       12.2769151442       13.5997567553
  1        7.4342749270       24.4742128336        2.0238213880
  2        7.0308979570       24.1075755971        2.0970617925
  1        6.6177788236       23.7510199041        2.1656228488
  1       19.5598466279       23.8688023216        6.8377664289
  2       19.1669495324       24.2365189881        6.7241164155
  1       18.7802484859       24.6062737963        6.5966657137
  1       26.9270487061       13.3201107448       16.4894321302
  2       26.5995216807       12.8786127859       16.4719507133
  1       26.2445718357       12.4590694028       16.4497255874
  1       11.3014325593       16.8710883427       13.1135707742
  2       11.6613200255       16.7488821339       13.5111215938
  1       12.0282276125       16.6258137745       13.9019322903
  1       20.5814268278       26.9635582528       25.9255369263
  2       20.9707938565       27.1070428822       26.2865154272
  1       21.3659142064       27.2548423642       26.6394109092
  1        8.8575508501        6.6112436296        8.7947620316
  2        8.7762831063        7.1415978004        8.9156752539
  1        8.7210493354        7.6781548118        9.0231731746
  1       17.6616235523       25.4828990190       25.1172205140
  2       17.3723637355       25.8467585047       25.4112188697
  1       17.1132286271       26.2348669913       25.7022872417
  1        6.1030928971       22.5245285171       20.8895308287
  2        6.2566401380       22.4273992686       20.3704073810
  1        6.4117234442       22.3394236833       19.8501099050
  1       23.6521201701       17.3725793971       -0.0137998341
  2       23.9035685465       17.6110170804        0.4133080974
  1       24.1558923428       17.8327062751        0.8488383509
  1       23.7797739427       13.1250760900       25.4402971712
  2       23.5502008691       13.4653777396       25.8063449703
  1       23.3293884716       13.8136051488       26.1703223811
  1       19.6424801417        8.5173848745       26.5132492905
  2       19.5402254042        8.8562150899       26.0922527896
  1       19.4569731483        9.1945010573       25.6666571304
  1        2.9924975315       14.9665209388       17.8032891608
  2        2.7135423159       15.3985906530       17.6083539156
  1        2.4445623593       15.8433020736       17.4284052165
  1       27.5794418219       22.9841094361       20.3681956190
  2       27.2702928076       23.2253305444       19.9825283222
  1       26.9670888793       23.4559761899       19.5858294905
  1       19.5861553638       16.7063122318       25.7384973703
  2       20.0757484562       16.4835782343       25.8533371294
  1       20.5603167233       16.2628126483       25.9910184626
  1       11.8451465011       16.2969162940       20.6344780245
  2       11.8963277760       16.0242106538       21.1093591790
  1       11.9551554980       15.7649479249       21.5908382912
  1       19.8347583544        0.9563266689       12.1253299564
  2       20.0144108297        0.7650600765       12.6086953241
  1       20.1909258372        0.5810661420       13.0960234304
  1       23.1281460717        5.9581736543       24.1383058917
  2       22.8470329698        6.2267096535       24.5273609534
  1       22.5406120624        6.4978693083       24.8948914530
  1        8.7961334475       18.8933114317       23.0194924669
  2        8.3112807143       19.0582304138       22.8189443269
  1        7.8169046006       19.1966782559       22.6216515185
  1       11.2270973091        8.3492240429        3.8169427365
  2       11.6391309778        8.3453065754        4.1812405669
  1       12.0414244149        8.3573185160        4.5560948089
  1       22.4957331805        8.0783076418       13.7974410730
  2       22.2974010407        7.8410656735       13.3425997701
  1       22.1224301061        7.5997544122       12.8803725033
  1        0.8879338146       19.1609679527       18.0767032575
  2        0.3454339484       19.2353312667       18.0250893761
  1       -0.1852313716       19.3651239375       17.9614640682
  1        6.5898272533       10.9107294219       12.2298958862
  2        6.3735394257       11.3696071613       12.0174087197
  1        6.1644333104       11.8375770726       11.8179625024
  1       19.5670873766       17.9648448557       12.7735677932
  2       19.2972917859       18.3805699792       12.5350663028
  1       19.0195775248       18.7943749860       12.3023858255
  1        9.2348430147        2.6690674227        5.7653345935
  2        8.7140159516        2.8438318429        5.7389420237
  1        8.1951210580        3.0218332467        5.6993997846
  1        5.9094007462       22.6983303612       15.2481404287
  2        5.7516216272       22.3905741815       14.8204818224
  1        5.5906964319       22.0944272537       14.3858554569
  1       15.3073899948       25.4497131175       22.7961124637
  2       15.3969841156       25.7260946132       22.3291155020
  1       15.4945953084       25.9776450866       21.8498510516
  1       16.8430630675       21.5149890622        8.3741665304
  2       17.0348822868       21.9776817246        8.6013688351
  1       17.2044078058       22.4520014171        8.8222351446
  1       17.6538311778       22.3937455671       22.0973682182
  2       17.8387626942       22.9102904813       22.1358608902
  1       18.0301854129       23.4240107298       22.1800066496
  1       16.0415561319        3.4170872483        2.9117173865
  2       16.1575290953        3.4372018321        3.4489749367
  1       16.2784936103        3.4672935670        3.9846633467
  1        7.7740124227       15.8437242908        3.0464829729
  2        7.2634965439       15.7357824761        2.8726379208
  1        6.7546129196       15.6237330401        2.6966197974
  1       11.7738243376       25.8296727794       22.4906187769
  2       11.9627637199       25.5358298119       22.9154225201
  1       12.1740109466       25.2717050335       23.3491421412
  1       15.9569902011       13.0905138222       25.4117342840
  2       16.1804194736       13.1070774639       25.9140340013
  1       16.4278814405       13.1360304999       26.4043648035
  1        3.0252811025        7.3997601336       17.9279001584
  2        2.8198787490        7.4915025057       18.4297897980
  1        2.6299070571        7.6080986615       18.9325980036
  1       24.0240507804       21.2427692843       16.6304149270
  2       24.3535955020       21.3881905084       16.2147793366
  1       24.6859319503       21.5548628134       15.8094734930
  1       14.6543144069        4.1433514384       26.9649987408
  2       14.3198287228        3.9949955957       27.3756200640
  1       13.9838654876        3.8296942555       27.7784899816
  1        1.9320917565       22.2983041079       24.3790295214
  2        1.4015479237       22.2433739660       24.5132156644
  1        0.8700022772       22.1743977712       24.6365100650
  1       17.3639981747        8.5059961151       19.0522187408
  2       17.6318792750        8.5764877152       19.5273720323
  1       17.8819588455        8.6672626698       20.0087451880
  1       13.2206090067       26.6545732195       14.6530264366
  2       12.8240080959       26.3636895655       14.8991857701
  1       12.4371256698       26.0576036161       15.1423593273
  1       26.7681905756        2.8415269349       15.0392058312
  2       26.9243688563        2.3149534513       15.0679931727
  1       27.1097030798        1.7977166898       15.0928398452
  1       19.9610312386       11.4095127958       19.6011868076
  2       20.0042899306       11.7943555332       19.9917309832
  1       20.0248168082       12.1827130841       20.3806487880
  1       22.5900606668       18.8160856176       11.9304789917
  2       22.8442295111       18.6744186709       12.3972001877
  1       23.1040153199       18.5224703346       12.8575511795
  1        5.1466646057        1.4315547759       20.1035306357
  2        4.6876039959        1.3253471609       20.3872264218
  1        4.2242849022        1.2549076649       20.6751043366
  1       27.3184923531        1.4074904799       25.8637052757
  2       26.8953863477        1.3019509602       25.5285296233
  1       26.4631761201        1.2003588046       25.2039170047
  1        1.7767819450       15.4011970364        5.5760059883
  2        1.9683312569       15.8137493036        5.8852138277
  1        2.1627626299       16.2203264784        6.2004779092
  1        8.7891106624        3.0570906630       19.9338141347
  2        8.3393477801        3.0896194403       20.2487033665
  1        7.8901793249        3.1475730254       20.5607756014
  1        5.2876932891       24.1715496445       26.7452723873
  2        5.5201401119       24.5415936502       26.4113024659
  1        5.7331996712       24.9229160926       26.0770887347
  1       19.0577838545        7.3966578363       11.2940748805
  2       18.5501470345        7.3408569954       11.0898908333
  1       18.0433385028        7.2603004623       10.8920126987
  1       18.5992066225       10.8902750167       16.6595942517
  2       18.8729810214       11.3671654279       16.6706899335
  1       19.1385631015       11.8487731993       16.6751746040
  1       14.0889894927       13.3974528613        6.7735321924
  2       13.6873999004       13.7708020241        6.8163831195
  1       13.2868168918       14.1470113954        6.8387384567
  1       26.7838748052       16.9605486891        7.8044296348
  2       26.2849806649       16.8971161722        7.5817618271
  1       25.7960121923       16.8387303960        7.3368109485
  1        4.9243706698       16.8439880739       24.0437901756
  2        4.7587462919       16.3202772467       24.0719954038
  1        4.5938390656       15.7956162208       24.0780297730
  1       25.5041045731        3.7804955069       23.3008200227
  2       25.2273437860        3.6399087622       22.8467948758
  1       24.9386918137        3.5252397505       22.3928884365
  1        4.0925842373       25.0899244058       21.8285419043
  2        3.7208938296       24.6850328704       21.8487677649
  1        3.3564073482       24.2734854415       21.8654506169
  1        2.6011822012       22.9716684478       17.2925218378
  2        2.6673828447       22.6771577503       17.7522836498
  1        2.7485306381       22.3613480811       18.1952049605
  1        7.5983927131       14.6581154837       14.0980605176
  2        7.3575945278       14.9947814719       13.7358834251
  1        7.1245670953       15.3303028752       13.3676123258
  1       15.0527843645       18.2459961821        6.4576940621
  2       14.6530465672       17.8684059802        6.4460608003
  1       14.2634110989       17.4815478800        6.4140450051
  1       21.8387373674       21.7913401050        5.7715084605
  2       21.9442351192       21.2538464181        5.8212152100
  1       22.0611641131       20.7170561504        5.8473651200
  1       25.9542457721       19.8064300753       21.7213024075
  2       25.8470220004       20.2123073078       22.0766427161
  1       25.7117073318       20.6069220738       22.4350686163
  1       19.1242402518       25.5268613103       14.9934776207
  2       19.5076435413       25.1413536558       14.9104971057
  1       19.9004869927       24.7643816531       14.8326117354
  1       13.5734700928       18.3093899072        0.4613412163
  2       13.5189861107       18.6410700982        0.0260025590
  1       13.4706991233       18.9769621523       -0.4068310046
  1       15.6693192781       23.1080483542        5.4266469648
  2       15.6606265121       22.9198606608        4.9099170277
  1       15.6538193960       22.7168202879        4.3988120785
  1        7.8503002740        7.0402158150       12.7522211860
  2        7.7853020212        7.5205303423       12.4922727642
  1        7.7425347780        8.0071132388       12.2394723552
  1        2.1864424895        7.6107731658        8.8629166779
  2        2.3819476835        7.1204534339        8.7084360005
  1        2.5650393683        6.6327564917        8.5320015184
  1       13.8131532929       10.5076814885        0.7399340837
  2       13.7767721114       11.0559386834        0.7156347441
  1       13.7419057908       11.6047855195        0.7084591456
  1        6.4511696593       11.7338265997       23.6677314820
  2        6.5026766394       12.2522532088       23.4914337738
  1        6.5257663210       12.7747023768       23.3210995949
  1        4.8537270674        3.6787033348        3.2722336390
  2        5.2364437842        4.0469002285        3.4152684674
  1        5.6102782127        4.4266889150        3.5513139476
  1       10.6881461263        8.9988061084       22.6730765387
  2       10.2330322468        9.1714220913       22.4170002235
  1        9.7595563510        9.3148426396       22.1766855937
  1        5.8054512068        3.8741370560       17.8887435810
  2        5.4498038268        4.2930967865       17.8666599848
  1        5.0814157026        4.7012576950       17.8527006973
  1        6.3920411237       11.2266464676        1.9381625605
  2        6.4269359146       11.4608664591        2.4345730249
  1        6.4767211664       11.6956736473        2.9294336235
  1        8.3695009956       17.5498109612       11.1956987130
  2        7.9588525758       17.6483356790       10.8433341925
  1        7.5552853700       17.7663311394       10.4887773132
  1       21.8114356637       15.2903030995       22.0746561784
  2       21.9772215669       14.8103468087       21.8633341652
  1       22.1605863940       14.3357640180       21.6544118975
  1       27.6790926308       26.5582345698       12.1446454757
  2       27.1712388958       26.6673003135       12.3254471556
  1       26.6556939559       26.7751051750       12.4838502040
  1       22.9027988704        3.2674983518       12.1492706396
  2       22.8379829361        3.6016668377       11.7172633274
  1       22.7280450564        3.9274066958       11.2879531756
  1        4.1628934428       17.6124261786       13.2595693586
  2        4.4016340679       17.3911127449       12.8162598978
  1        4.6246676956       17.1582884732       12.3706716816
  1       12.8704088428       12.3502738190       10.5751814593
  2       13.0024179990       12.1068074175       10.0999997109
  1       13.1338208842       11.8490192655        9.6322620179
  1        8.1772374784       21.2268739952       26.6013692770
  2        8.2908254128       21.4149307573       27.1055839489
  1        8.4246948336       21.6377335632       27.5902878656
  1       17.1132536513        6.7023670713       24.0164662992
  2       17.3269693762        7.0187614784       23.6205873175
  1       17.5340001811        7.3448677856       23.2290609184
  1       23.3426888098        9.3406572493        6.7927478011
  2       22.8897062783        9.0458371814        6.6908264894
  1       22.4400023680        8.7495382434        6.5791424200
  1       24.1810348656       20.9134185876        2.4838357400
  2       24.2663052046       21.4247274245        2.3000090755
  1       24.3694030445       21.9353558604        2.1235737196
  1        3.7600936454        9.8468074428       21.5613637073
  2        4.3064984468        9.8118925146       21.6135435968
  1        4.8540062022        9.7793864842       21.6545144971
  1        8.7320552511        6.8607712213       25.7593494406
  2        9.1707949574        6.8130136816       25.4311320012
  1        9.6218927741        6.7723367018       25.1191125434
  1        5.1753793388        5.7692877037       21.7897831661
  2        4.9128602953        5.3515561420       21.5467109668
  1        4.6488429303        4.9382237622       21.2978110395
  1       15.9991476056       17.2141469155       25.6075516624
  2       15.5406952096       17.0027037071       25.3893472394
  1       15.0912545957       16.7741358488       25.1696659527
  1       21.0199825763       20.9281911311        9.2546564571
  2       21.4889032408       21.1882905835        9.3769744249
  1       21.9522037576       21.4625944229        9.4892688319
  1       16.2657645402        8.9822096660       26.6593416811
  2       15.9395249088        8.5396648723       26.6742349175
  1       15.5968536038        8.1100194552       26.6961709897
  1       21.2200917957       12.3008528804        5.6178434748
  2       20.9402071077       12.4042276422        5.1558064416
  1       20.6750838054       12.4915620190        4.6819052492
  1       23.8362935790       11.5110885560       20.1998027515
  2       24.3233039445       11.7634829248       20.1595785482
  1       24.8049389679       12.0254761561       20.1161360579
  1       20.0398689742        3.8410108694       23.4684150281
  2       19.8191988027        4.3016922210       23.6723203192
  1       19.6079991321        4.7656162524       23.8788855419
  1       16.3901673467       10.9086942487       10.7642860777
  2       16.7053476539       10.5730831747       10.4634097227
  1       17.0233989802       10.2291006183       10.1752789300
  1       26.4054053864       12.8267615399       27.2043033879
  2       26.7377748955       12.4868910250       27.4809232399
  1       27.1021493710       12.1801825032       27.7559889107
  1       18.8226167954        4.1042266740       20.2661069063
  2       18.4167561441        4.1145797433       19.8950678981
  1       18.0017914609        4.1304297662       19.5344391589
  1       26.1096521074        7.9915363646       15.1076135935
  2       25.9511272802        8.4508601961       14.8499481187
  1       25.7885054492        8.9200441602       14.6134728621
  1       25.9969145512       20.4407606829       12.4194137585
  2       26.0912773524       20.0836142825       12.8268964090
  1       26.1702303870       19.7125166223       13.2250834805
  1       21.5984056865        0.8786161795       21.0045329608
  2       21.4783072392        1.1427704687       20.5373083099
  1       21.3593175391        1.4178416452       20.0761388203
  1       10.5521903394       18.5506352170        1.2831182484
  2       10.2803948311       18.1217255691        1.0717803304
  1       10.0154024314       17.6888602314        0.8598684937
  1       19.6595061947        4.1780223384       14.1625419087
  2       19.8422635094        4.6847528125       14.0515284383
  1       20.0384888271        5.1865417789       13.9410591809
  1       22.8801913575       25.1086677979       14.0013309132
  2       23.2019108435       24.8341069799       14.3529172178
  1       23.5310930387       24.5827356320       14.7147894699
  1        8.4670146744       20.1647481866        7.6001690321
  2        8.5475459924       20.1105069624        7.0588072341
  1        8.6229682044       20.0730875369        6.5152897316
  1        4.3078196775       18.7404933821        3.4968036546
  2        4.2486230481       18.4110641692        3.9332348092
  1        4.1825267841       18.0786371225        4.3663901411
  1       16.6506522389       12.5209557319       19.3781451503
  2       16.1995085668       12.2077009778       19.3491478022
  1       15.7604528329       11.8773271727       19.3249980537
  1       19.7282743398        7.0024137684       17.3548776950
  2       19.8102675275        7.2977257281       16.8981852781
  1       19.8988610304        7.5999950992       16.4473145455
  1        8.1793947659       22.1660364532       17.3466889719
  2        8.2044190031       21.6240114863       17.2567850076
  1        8.2240160612       21.0849067938       17.1496305172
  1       22.3802375495       14.4901513113       18.2360913837
  2       22.4328095004       13.9699700887       18.0653644506
  1       22.4485258266       13.4481678615       17.8922303070
  1       18.8152740058       20.2798651594       15.5384762743
  2       18.6090292801       20.7187757340       15.7979384500
  1       18.4059927444       21.1523857778       16.0686015138
  1        5.6057421260       13.2541898794       26.7514374904
  2        5.1911153460       13.4420604585       27.0601271061
  1        4.7946784102       13.6429793242       27.3841168657
  1        4.0709576180        8.1920553800        5.4893997454
  2        4.1516794090        8.5368356098        5.0685546604
  1        4.2419865608        8.8813684467        4.6494583211
  1        5.7981636047        8.3769703604       26.1686250158
  2        6.0653792354        8.8260832898       26.3400700021
  1        6.3325231266        9.2828298938       26.4901255924
  1        5.2998335056       24.8529040016       17.8515748518
  2        5.2238750839       25.3967532885       17.8825308091
  1        5.1621205007       25.9404612430       17.9379206152
  1        9.0287334238       25.2107809563       16.8400721385
  2        8.8587499138       25.4481126762       16.3739399030
  1        8.7089272367       25.6912428240       15.9038963989
  1        5.0315855891       17.6947055588       -0.1172675787
  2        5.3816577872       17.9345974287        0.2325914599
  1        5.7350305561       18.1625178823        0.5871051437
  1       26.2238738456       15.4613817418       19.6699111657
  2       26.3734564284       15.8132880639       19.2745796701
  1       26.5080635913       16.1769573881       18.8845469365
  1       25.5865382027        6.1209154395        3.9922609006
  2       25.7093354164        6.6376092753        3.8492632630
  1       25.8263106721        7.1522242553        3.6943819828
  1       27.5399298347       22.7431725450       14.6024538441
  2       27.4225764470       23.2091282026       14.3348468421
  1       27.3052862464       23.6644547225       14.0495035961
  1       20.7020757048       21.9494736715        2.3059869228
  2       20.2843439266       21.9562282857        2.6636942566
  1       19.8908755508       21.9456903949        3.0478447338
  1       22.1433599817       26.3195237836       17.2161585477
  2       22.2487905058       26.3176615806       17.7559556733
  1       22.3485440430       26.3083327230       18.2967534203
  1        7.2850300303       11.6247761989       20.3715701888
  2        7.3916545848       11.6548833428       19.8328450602
  1        7.5177076518       11.6989645222       19.2993026786
  1        7.1091675189        1.1779194274       16.6732278657
  2        6.8122342996        1.0465642013       16.2292949114
  1        6.5317045497        0.8894320357       15.7830746284
  1       26.7846982130       24.1784079994       27.1608778123
  2       26.5907389498       24.6568731024       27.3504851682
  1       26.4234015169       25.1392576263       27.5549438527
  1        5.5199608176       14.3695081659        9.6013172108
  2        5.0511703885       14.3649324412        9.3137157568
  1        4.5666213400       14.3512272214        9.0538612100
  1       22.8958283997        5.2321239994       16.0097120208
  2       23.1589123888        4.8958787825       15.6629758549
  1       23.4325742072        4.5794561411       15.3059241498
  1        7.7069731313       23.9101913052        5.4737770931
  2        7.7565170959       24.1838462448        5.9482856490
  1        7.8055276133       24.4671986665        6.4171239722
  1        8.3860205669        6.1292658441       17.1680083039
  2        8.6290038347        6.4886703864       16.8299439511
  1        8.8623419997        6.8440416904       16.4809961957
  1       15.3365091179        5.9159067079       10.1664304399
  2       14.9701956725        6.2970206762       10.3183073732
  1       14.6147371688        6.6811743645       10.4873493649
  1       17.5353614916        8.6976648959       14.2078403578
  2       17.3428925672        8.2843368381       14.5154368951
  1       17.1505578014        7.8671350718       14.8178439438
  1       14.1195300819        2.2810865157       15.3282635390
  2       13.9476513673        2.7170308386       15.0403221303
  1       13.7824495859        3.1508936617       14.7454129559
  1       25.2369100656       20.0295975178        8.7852658460
  2       25.0590816772       19.7274036985        9.2090062852
  1       24.8752790444       19.4324549380        9.6352947085
  1       25.6228284897       27.0099679748       21.5564406955
  2       25.1131835713       27.1675037763       21.4224835066
  1       24.6042955109       27.3293973902       21.2908651237
  1       15.4883793484        2.9797210831        8.1943560901
  2       15.6372247579        2.6188869242        7.8068722145
  1       15.8078220770        2.2513584564        7.4349590807
  1       19.4629212477       18.0733659521       22.6843211599
  2       19.8979704758       18.1066443759       22.3494708715
  1       20.3343871923       18.1567094577       22.0185117561
  1       14.6775702058       18.9293550423       10.0071432507
  2       14.6649307159       19.4611811256       10.1467901639
  1       14.6609902081       19.9966178394       10.2724563765
  1       25.4146127585       23.9646610116       23.2040176796
  2       25.0038949442       24.0710487340       23.5540070074
  1       24.5891958577       24.1918260899       23.8945029647
  1        5.4878781745       13.3599393307        5.9179931512
  2        5.0084523896       13.3654690778        5.6485115401
  1        4.5263204200       13.3573828801        5.3839678267
  1       16.8456091041       14.4032966015        4.4217895272
  2       17.1449044954       13.9534929956        4.5247408988
  1       17.4616777792       13.5128764658        4.6142493305
  1        3.2278061203       10.3913471403       11.0620407053
  2        2.9783965194       10.8651343623       10.9362610598
  1        2.7064086100       11.3337727725       10.8419179805
  1       20.1000740172       25.2844958419       10.8740678418
  2       20.5035613048       24.9879041828       10.6466224714
  1       20.8896146451       24.6778705730       10.4071606204
  1        7.4911615298        7.9192100838       20.0804752334
  2        7.1862442004        8.0403148628       19.6390468081
  1        6.8866304414        8.1781277765       19.1988886601
  1        2.0421417103       15.3709712405       10.6304621488
  2        1.7079937937       15.1987513696       10.2289830262
  1        1.3894619064       15.0356436410        9.8113308927
  1       11.2268066252        3.6141025032       25.5319273044
  2       11.0166643449        3.5311543400       25.0304696050
  1       10.8222011732        3.4486835800       24.5226481329
  1        3.2026742107        1.1955099465       16.4769149502
  2        3.0879154550        1.2411497792       15.9409602565
  1        2.9779098532        1.2795017840       15.4034401264
  1        9.6882269581       23.0102300574       14.4970311910
  2       10.1011774252       23.1098999630       14.1476920697
  1       10.5163820354       23.2003415880       13.7985138299
  1        6.2431927670       -0.3690880278        3.7260409700
  2        6.2038460928        0.1776234108        3.7714110277
  1        6.1535894217        0.7237731948        3.8125775113
  1        9.8773430821        0.3948843355       13.2670794976
  2        9.3485768665        0.5045435439       13.1627667602
  1        8.8172292534        0.6104627640       13.0681579240
  1       19.3772612650        4.1566099952       10.3747955303
  2       19.1664134106        3.8491413239        9.9704365333
  1       18.9809959167        3.5184719478        9.5719668159
  1       10.6261726530       21.9983620846        4.4461895760
  2       10.5391446187       22.4127145161        4.0951366117
  1       10.4443845727       22.8229002754        3.7412041669
  1       14.7315222518       14.3887992453       14.9228579013
  2       14.7335961791       13.9101108256       15.1936956675
  1       14.7408335486       13.4315604447       15.4646885685
  1        9.8438913814       14.7318972477       17.4863421663
  2        9.7521451414       14.1964679625       17.4003299111
  1        9.6618561069       13.6601774769       17.3182299464
  1        1.5816059207        2.7725208650       22.0015347134
  2        1.4943112950        2.4179065694       22.4127868863
  1        1.4200651864        2.0870756875       22.8458439748
  1       13.0649900710       22.8553913121       17.0026765761
  2       12.5340518090       22.7720583111       17.1195533182
  1       12.0065612639       22.6766424479       17.2426367732
  1       17.3069748966       10.9358704359       23.5061332004
  2       17.1156756017       10.9955506770       22.9939390491
  1       16.9228387891       11.0863353911       22.4869162702
  1        4.8188166956        1.3377976846        7.6955705075
  2        5.2446544717        1.2832148864        7.3517930989
  1        5.6807147120        1.2291967254        7.0209857470
  1       25.7705895359        5.5744171278       17.6355675577
  2       26.1298753740        5.8207127701       17.9713534168
  1       26.4952346375        6.0764798101       18.2932164759
  1       25.8557717181       25.8722714719        4.6479400276
  2       25.4868473124       25.7252070068        4.2674576681
  1       25.1096828657       25.6015410968        3.8867297838
  1       11.8987421965        6.8250117844        1.2278517643
  2       11.8714617516        6.9243712518        0.6875893525
  1       11.8342756099        6.9983696618        0.1438601689
  1       11.5835579416        1.1443770238       21.0599687081
  2       12.0605324195        1.3422032425       21.2493364314
  1       12.5435817233        1.5300706736       21.4333722904
  1       19.5802542348       23.1029406032       26.2991978094
  2       19.8721186292       23.0770299760       25.8337476889
  1       20.1677864814       23.1042880082       25.3707816860
  1       17.0814813745        2.4664466164       22.5340565503
  2       16.8758556567        1.9566992075       22.5146750317
  1       16.6696461655        1.4475970863       22.4865205493
  1       21.0036587517        4.2708856565       27.7524389298
  2       21.1540239028        4.1685309724       27.2333880268
  1       21.3167393939        4.0583974973       26.7196816071
  1       14.3869086066        9.1860252100       17.3124222114
  2       14.4443296027        8.6393870816       17.2926842840
  1       14.4891622155        8.0913102244       17.2825949621
  1        2.8907531316       11.3096580534        7.2677895085
  2        2.5765498153       10.8738054700        7.1502786513
  1        2.2548684909       10.4476694615        7.0182588544
  1       21.4867755551       19.6978048375       27.0576736698
  2       21.6043566073       19.9620605554       26.5898664320
  1       21.7132842400       20.2056079079       26.1089096180
  1        8.4557989777       10.9607882852        5.4381027416
  2        8.0701716888       10.7322750409        5.7568083914
  1        7.6734603584       10.5089460257        6.0654250959
  1        5.6120027660        8.6914123224        9.1340488044
  2        5.4969478963        9.1844958396        8.9192674689
  1        5.3817651707        9.6789613203        8.7077566486
  1       23.0020092949        1.3302411765       24.1905753154
  2       22.8889893797        1.6948661392       24.5865237153
  1       22.7731499237        2.0545076038       24.9861976278
  1        2.1506473999       12.2565231492       23.7152878251
  2        2.6414173244       12.3393408842       23.9493521410
  1        3.1343203788       12.4416403258       24.1708953699
  1       25.2599558584       16.1117116282       10.6347870529
  2       25.5770279382       15.8528913161       11.0021796797
  1       25.8914860647       15.5927200957       11.3708624996
  1        5.5868214096       24.0359612185        9.0641928507
  2        5.4380463942       23.5870561020        8.7833900886
  1        5.2967390644       23.1310315306        8.5103079988
  1        8.1558872719       15.6756829504       21.2716199665
  2        8.2325339963       15.2787219711       20.8987295530
  1        8.3007952930       14.8766831326       20.5296697114
  1        3.3571623980       22.6041188527       11.6136616132
  2        2.8671445997       22.6562396862       11.8579278123
  1        2.3841106404       22.7204455444       12.1129881992
  1       20.0023788350       23.1337661779       18.7729459957
  2       20.0420118242       23.3911896835       18.2885263791
  1       20.0738583435       23.6627994765       17.8113325835
  1        8.5992304210       18.0143008377       18.7974939490
  2        8.8329028008       17.9085236709       18.3109670640
  1        9.1029435866       17.8079782829       17.8424923070
  1        2.0549955574       22.6685099717        7.9036855147
  2        1.5629903556       22.7904957333        8.1171108069
  1        1.0630673172       22.9212547731        8.3054695821
  1       23.5284300901       18.0126956040       16.4702718154
  2       23.0160626931       18.0292026237       16.6695383925
  1       22.5070603397       18.0390581195       16.8776716969
  1       16.6133622319        3.9880088628       12.6025280935
  2       16.3370970024        3.5361370197       12.4542399941
  1       16.0608797896        3.0839300969       12.3068868493
  1        6.6792573286        7.6970401393        1.8967036770
  2        7.2210930951        7.6467479564        1.8167993688
  1        7.7617176457        7.5713235117        1.7494476987
  1       11.3632246132       19.8208985080       20.5072996992
  2       11.4054135542       19.7627179682       19.9620152615
  1       11.4452643760       19.7124764082       19.4157665117
  1       14.9936846383        0.3174327023        2.0370724716
  2       15.2109470224        0.3918369383        1.5373114626
  1       15.4343632786        0.4423250460        1.0372753375
  1        4.9125473445        0.4700818867       24.5444482312
  2        4.6634386375        0.8384395562       24.2207856300
  1        4.4048866789        1.2002293460       23.8971206309
  1       25.6801427901        6.1842313737        7.6158590732
  2       26.0840409109        5.9869037304        7.9327630164
  1       26.4844161936        5.8044710024        8.2627901846
  1       20.2829614966       11.5670765823       12.1355544821
  2       20.3433063967       11.1650754472       12.5060319854
  1       20.4185811235       10.7754389261       12.8868430881
  1       15.4299979245       25.4835057716        8.4099580528
  2       15.5117728288       26.0273778838        8.4059592236
  1       15.5933945649       26.5712146856        8.3970471972
  1       15.6194603639       19.3312578676       13.8458195579
  2       15.0709273588       19.3066393668       13.8141103825
  1       14.5230582661       19.2810412127       13.7730714901
  1       11.8597614691       27.2038138553        9.9537446264
  2       12.3225146329       27.0798171487       10.2239007409
  1       12.7812375257       26.9515766921       10.4989056353
  1        0.7366879918       11.8393064913        4.2143738527
  2        1.0028235320       12.2579537610        3.9768736679
  1        1.2650527344       12.6768890472        3.7355666635
  1       11.2307468737       16.0620422041        3.8114501049
  2       11.0944632776       16.4053128556        4.2189940182
  1       10.9431713272       16.7660633774        4.6056072691
  1       12.6884543485        3.9876229074        4.1318078263
  2       12.5252807927        3.6696915972        3.7137240157
  1       12.3803279578        3.3592965054        3.2834408978
  1        7.4039026878       17.0251481197        6.6302771324
  2        6.9321205594       16.7539353867        6.5504944480
  1        6.4671383577       16.4746941011        6.4593031351
  1       25.5607157593        1.8505211132        5.7986253948
  2       25.4990701219        2.0368431313        5.2848317388
  1       25.4003790657        2.1897661876        4.7658186240
  1       10.6780178551       12.3351771847       23.4038002137
  2       10.5850396882       12.8769054026       23.4234368740
  1       10.4959361377       13.4184505869       23.4593446675
  1       10.5476422723       12.1642504992        2.7145117641
  2       10.1575135886       12.5280916014        2.5806489144
  1        9.7692893434       12.8823480075        2.4185244771
  1        1.3634195567       23.0283861166        3.7035081980
  2        0.8317343328       22.8880282434        3.7140196290
  1        0.3006035399       22.7452138624        3.7119868044
  1       18.5378838916        0.4558415901        8.0165110899
  2       18.9436414143        0.1471366057        8.2228168470
  1       19.3391849971       -0.1682811871        8.4385873017
  1       23.1097595061       11.0475968359       14.9010048354
  2       22.6589804221       10.9840746357       15.2096521219
  1       22.2028270471       10.9032600400       15.5061198244
  1        1.8689441896       26.2408128400       26.4428921645
  2        2.0180314343       26.0473509244       25.9500986168
  1        2.1903270420       25.8732609870       25.4576487043
  1       15.7588778378       23.0768207400       14.8708890893
  2       15.4113211212       23.4756559097       14.7204403068
  1       15.0634248846       23.8733819001       14.5678551038
  1        2.8278786145        6.9441508370       11.9123401214
  2        2.3360992683        6.7077236448       11.9812984964
  1        1.8556540783        6.4542922742       12.0675826706
  1        6.9670714983        3.3788041761       23.9293783376
  2        7.2387338321        3.8559311715       23.9617728839
  1        7.5040057770        4.3369486563       23.9892132465
  1       19.3306201762       15.5491822396       19.7614566300
  2       19.2394431190       15.3317764240       19.2645447107
  1       19.1666877048       15.1078835385       18.7674746709
  1        2.8624887756       15.9045825030        2.3180811508
  2        2.8990729836       15.3699653725        2.1942016951
  1        2.9450034699       14.8384951000        2.0602997204
  1       25.5737487648        5.4738853177       12.0568380464
  2       25.8588840625        5.8894438283       12.2770856034
  1       26.1246677182        6.3236309250       12.4852696863
  1       22.5076056986       14.3854914040        2.4707366674
  2       22.9840559006       14.6425168463        2.3736123808
  1       23.4603509327       14.8973541035        2.2701666768
  1        7.8364114476       19.4385009320       14.0363095731
  2        7.5338972903       19.0651128328       14.3038287537
  1        7.1995235069       18.7157691311       14.5658462150
  1       11.1113950597       20.8507631829       11.0282816085
  2       10.6202450818       20.6947995916       11.2204977819
  1       10.1412661677       20.5296257222       11.4344996317
  1        9.6501309733       26.7463674647        3.5192384763
  2        9.7561329364       26.8027094301        4.0559778607
  1        9.8699872705       26.8271627724        4.5935085330
  1        1.2257052844       19.3732806761        9.5605098969
  2        1.6050795218       19.5080897611        9.9352120434
  1        1.9872396893       19.6516161410       10.3037955259
  1       20.3575819587       15.2319330203       15.1023544208
  2       20.1231520679       14.8434258531       14.7915412820
  1       19.8947066761       14.4410451941       14.4942156906
  1       10.4615317116       23.6603510821       20.1708908865
  2       10.1026497146       23.2452991585       20.2087803706
  1        9.7435640098       22.8286969673       20.2085161360
  1       27.7271626370       12.9329645560       13.2604458332
  2       27.3873173999       12.7734204029       12.8585119107
  1       27.0496305265       12.6489411373       12.4426122990
  1        9.1631346345        4.2395149040        1.3710638883
  2        8.9209901575        3.7985999054        1.5934599681
  1        8.6912701944        3.3544385792        1.8224784255
  1       12.7692892159       25.9981179161       18.6648757721
  2       13.0979683657       26.2395689959       19.0338898539
  1       13.4279206306       26.4846798469       19.3993377607
  1       25.6211284729       14.1679888539       22.9452610870
  2       25.8619412194       13.6749884680       22.9834689478
  1       26.1053255667       13.1844420083       23.0347352073
  1       10.3238868060        8.7841285850       14.3883917000
  2       10.6598025614        8.7871312782       14.8238817563
  1       10.9980218980        8.7872233547       15.2575955684
  1       22.5672572855        3.8865272074        3.6854005408
  2       22.5084581807        4.4308206325        3.6326053450
  1       22.4591834035        4.9765468385        3.5851195224
  1       15.7442785606        6.5668815228        6.9642236137
  2       15.4815794117        6.4293241418        6.5010097062
  1       15.2286221394        6.3032892127        6.0291751865
  1        4.2121554380       11.1608999116       18.2660495135
  2        3.9517214476       11.0659234884       17.7910193927
  1        3.7039611801       10.9625665882       17.3109858522
  1       17.1445151064       21.8760771625        1.2818763324
  2       16.6997510476       21.8162966800        0.9638964181
  1       16.2510124923       21.7502122434        0.6528231869
  1       26.2790926894       15.9403877636       25.2894119549
  2       26.2812847046       16.3632550694       25.6410914066
  1       26.2832569752       16.7790663987       26.0010873060
  1       23.8738694236       11.2481696097       11.8580392998
  2       23.7545103717       11.5293744972       11.4006803292
  1       23.6198438471       11.7927044297       10.9369753877
  1        2.8850641757        9.0503026760       24.8566348110
  2        2.8634863076        8.5154492347       24.9829922084
  1        2.8400641924        7.9803494289       25.1079706123
  1        9.3092393596       25.2886910894       26.3389793240
  2        9.7211737751       24.9566325973       26.4891365587
  1       10.1278566288       24.6223785588       26.6484579108
  1       12.8253316659        2.7133850377       11.3910087792
  2       13.0227301234        3.2262542800       11.3686707112
  1       13.1953805018        3.7473746382       11.3351234595
  1       20.2938495606       12.7066362803       24.4746239601
  2       19.9260545126       12.7233776573       24.8832148667
  1       19.5513382216       12.7178542085       25.2857781434
  1       27.1509718623       26.6821690138        8.2392531111
  2       26.6175207244       26.5586728268        8.1874981574
  1       26.0857727034       26.4255666981        8.1424781648
  1       10.8711916334        5.5073266956       21.6573136363
  2       11.2630524186        5.1715974846       21.4669691541
  1       11.6467628525        4.8333465925       21.2648488041
  1        3.5675855993        1.4661030982        1.1551534840
  2        3.9451542917        1.5146101028        0.7581787329
  1        4.3286943352        1.5479250812        0.3653847076
  1       16.5951023606        4.6426115160       15.9388838668
  2       16.5110065452        4.9134793127       16.4101147343
  1       16.4297865273        5.1776094237       16.8856550504
  1       27.7297207372        5.9033667435       26.2462165183
  2       27.2784652632        5.7942242566       25.9513327874
  1       26.8295172307        5.6920994908       25.6504736919
  1       18.0793346013       15.1751468011       23.1385063893
  2       17.5704786366       15.1495475935       22.9313584042
  1       17.0528550802       15.1125525529       22.7491573617
  1       19.3302521194        1.0893122256       16.7637834444
  2       19.1295635809        1.5820866780       16.9030581712
  1       18.9172728427        2.0687381957       17.0465954200
  1       16.5380903195       10.7990849865        7.0039579989
  2       16.7600634046       10.7414946555        6.5040467035
  1       17.0071587287       10.6967960164        6.0147145756
  1       17.8298942809        2.9228675841       26.9179523731
  2       18.0847203614        2.4670135082       26.7454393875
  1       18.3634069686        2.0297055433       26.5621485863
  1       13.7569610428        9.1107695936        7.9626051769
  2       13.3201077862        8.8510511634        8.1728563819
  1       12.8888883219        8.5954505377        8.3991705281
  1        6.1409283983        4.5766029567       27.8807967571
  2        6.1010917324        4.7118221776       27.3491683133
  1        6.0883137351        4.8526083119       26.8176459843
  1        7.7442681188       10.9776317977       15.3823516111
  2        7.2713891836       11.2501331891       15.4503847228
  1        6.7811840276       11.4949390010       15.4980189384
  1        9.2526942164       14.1341246872       10.9939244182
  2        9.6919040674       14.2932293961       10.7036135531
  1       10.1299301452       14.4296190817       10.4002474249
  1       10.5368608689        9.3741864791       18.5279387502
  2       10.8216267856        8.9895150867       18.7989300646
  1       11.1194030829        8.6150484586       19.0702306733
  1       16.3673469803       27.3209606266       11.7746643481
  2       16.0095062636       26.9588950925       11.9828915569
  1       15.6686280547       26.5857701820       12.1998704656
  1       23.3950603524        8.5057471610       17.5207566990
  2       22.9848872760        8.5834161764       17.8788426822
  1       22.5683679045        8.6365742111       18.2340691389
  1       22.5179919655        6.9211011994        9.3228960526
  2       22.9727469731        6.9113739063        9.6320938256
  1       23.4134137340        6.9011520350        9.9610441533
  1       -0.1262763297       16.7350856163       14.8941007598
  2        0.0615993757       16.6181392868       14.3905868322
  1        0.2417975022       16.4744167110       13.8912147711
  1        0.2961749196        8.7637418223        0.5856407758
  2        0.2819341872        9.0623450609        1.0473044060
  1        0.2611060217        9.3516517913        1.5146028141
  1       21.6682592267        7.5235812720        1.5340474812
  2       21.9408070199        7.7609844784        1.9486043747
  1       22.2240191257        8.0010100628        2.3544105119
  1        1.3300216225        7.0452908342       22.2229771731
  2        1.1815449150        6.6012733789       21.9343542933
  1        1.0461161690        6.1540109752       21.6443277497
  1        5.2809340472       18.3883306483       20.6060031215
  2        5.3046127245       17.9558564422       20.2670261587
  1        5.3192695960       17.5329466667       19.9156965458


Molecules in box 2
##############################################################################                                           
Moleculetype  1
Number-of-molecules: 1     
Atomtype         X                  Y                   Z
  1       20.6719576435       13.6288803532       19.6777139423
  2       20.4782785276       13.9678708875       19.2903203211
  1       20.2797044555       14.3112769548       18.9093470809


Number-of-fractionals:  1        
##############################################################################                                           
Fractional-type:      2
Box:                  1
Lambda:               0.733662
Reaction-Step         1 (only used if Type = 3 (RxMC))

Moleculetype  1
Atomtype         X                  Y                   Z
  1       22.0386081214       17.3198108629        8.0044949911
  2       21.7450307718       17.5490873213        8.4091487264
  1       21.4447816699       17.7650648381        8.8162165192

------------------------------------------------------------------------------                                           

