Simulation state at cycle:    1100000
##############################################################################                                           

Number-of-molecules: 401   

Box-size(s):    27.963506   50.675334

------------------------------------------------------------------------------                                           

Deltas
Translation per molecule type
Box 1    0.5673790087E+000
Box 2    0.2535940937E+002

Rotation per molecule type
Box 1    0.8731173337E+002
Box 2    0.1800000000E+003

Volume    Delta_Volume
Box 1   0.3498416835E+003
Box 2   0.1619637423E+004

------------------------------------------------------------------------------                                           

Molecules in box 1
##############################################################################                                           
Moleculetype  1
Number-of-molecules: 393   
Atomtype         X                  Y                   Z
  1       19.4924351403       18.8205200340       18.3976613575
  2       18.9452606538       18.8663778050       18.4292389780
  1       18.3955669055       18.8842631796       18.4333493844
  1       23.8462204235       26.9959656662       19.5664599318
  2       24.1960147885       27.3089891552       19.8530959336
  1       24.5587106709       27.6092182245       20.1373743215
  1       21.8018682391       10.3807544580       10.2869535598
  2       21.5430697601       10.8659941324       10.2950656338
  1       21.2874270161       11.3529237094       10.3018754331
  1        2.7497813285       14.4394965718       17.6746068419
  2        2.2495480473       14.2423295938       17.5588836930
  1        1.7492365027       14.0370449812       17.4586510376
  1       22.2872979988       13.8847715443       27.2600800331
  2       22.1801438174       13.3459753770       27.2868507544
  1       22.0740321509       12.8071088314       27.3162303266
  1       13.6709160282       12.9107532686        3.3402322670
  2       13.3392136481       13.1982200490        3.6716479896
  1       12.9929651141       13.4926255689        3.9813855261
  1       11.6849807221       11.3975265947        1.0097516397
  2       12.0428605067       11.4773867352        0.5998194285
  1       12.3795664967       11.5844270260        0.1783085136
  1       10.2968159882       22.6852203053        8.2562955268
  2       10.1069128549       23.1817587690        8.1152765424
  1        9.9322798896       23.6867505673        7.9849438525
  1       13.9878793947       15.6322960855       10.2952263108
  2       14.2142319997       16.1202261128       10.1803838682
  1       14.4431727521       16.6043159106       10.0549119648
  1       27.3688328555       25.1432035387        3.3217998239
  2       26.9736221855       25.1882989137        2.9419644208
  1       26.5786598143       25.2443834480        2.5633363059
  1       21.2788269187       16.8310797203       25.8302286338
  2       21.7023318610       16.6941480780       25.5071291303
  1       22.1052136972       16.5290168775       25.1710965252
  1       18.4209102100        9.9454778964        5.4885351707
  2       18.2098774829       10.3391807981        5.1676563567
  1       18.0021099942       10.7345741087        4.8467252121
  1       22.2478547943       21.3519239551       25.6142878534
  2       22.3387453509       20.8415956565       25.4304293903
  1       22.4364618339       20.3403225612       25.2262804941
  1        6.7691500231        7.4619669282        5.7789802542
  2        6.7040776387        8.0069258724        5.7431286989
  1        6.6476622292        8.5532002817        5.7131025401
  1        4.7569641735       10.9933973203        0.5913032115
  2        4.5042285843       10.8722420724        1.0645326779
  1        4.2538333144       10.7443776971        1.5372407372
  1        7.4431035064       14.5682528222       19.5802196030
  2        7.4577243606       14.4948402257       19.0353372108
  1        7.4778213171       14.4237716070       18.4903185297
  1       14.0683619167        9.4282144848       12.8200845655
  2       14.2292518187        8.9385224839       12.6282091276
  1       14.3862694870        8.4369964076       12.4659838349
  1       16.2093498099        6.3639885953        5.4292317421
  2       15.9881108686        6.8576797510        5.5283396309
  1       15.7746630352        7.3471685638        5.6600238120
  1        7.4950917281       13.5885846193        0.8951165457
  2        7.0795022644       13.6333650177        0.5376531020
  1        6.6589918442       13.6602587324        0.1841736632
  1       19.4541221156       19.2162162401       11.1602639916
  2       19.6298406092       19.4200707688       10.6806116778
  1       19.7885056789       19.6500786678       10.2068799383
  1       13.7587791683       26.7584569208        9.6107359949
  2       13.7917201743       26.9596472540        9.0999157330
  1       13.8235029286       27.1689661927        8.5922983205
  1       19.8557051950       15.5202914174        9.8069730272
  2       20.0602293512       15.8480597966       10.1984289751
  1       20.2781902484       16.1696159672       10.5877805840
  1       24.7688929543       12.6586348001        4.1406835121
  2       25.1815103262       12.3388188834        3.9675804102
  1       25.5924840918       12.0141065920        3.7997635734
  1       14.8262579691        1.8043978190       22.3763615617
  2       14.5876827230        2.2788225572       22.5195503173
  1       14.3580787028        2.7616325017       22.6486880361
  1       25.0778262686       13.5365824359       13.8492725300
  2       25.5919195806       13.6984327631       13.7396708049
  1       26.1075673970       13.8609072220       13.6386293353
  1       23.5159184753       27.1601992118        0.5509062097
  2       23.4351387294       27.3002973073        0.0252188917
  1       23.3649764362       27.4118931860       -0.5087507811
  1       13.0013634257       16.1093254877        6.7750790404
  2       13.2796672436       16.3593607679        6.3719297585
  1       13.5659641717       16.5916515671        5.9637936872
  1        7.9168131849       17.7365208007       25.6192852341
  2        7.8269957839       18.2739867617       25.6938719303
  1        7.7496201573       18.8109442983       25.7843684238
  1       18.2997915823       23.5612366007       19.4206002592
  2       18.4346973010       23.0883358619       19.6669036052
  1       18.5591226006       22.6226088811       19.9316992305
  1        4.7247283699        5.7969025892       24.3754211650
  2        4.7712612322        5.3639575391       24.0394252181
  1        4.8060768611        4.9264166607       23.7079952093
  1        6.9099877477        3.7859147943        2.4433801087
  2        6.7414362563        3.9697103137        2.9335939414
  1        6.5684021993        4.1423120063        3.4263087370
  1       26.6546076597       13.4399446123        9.0177848747
  2       26.6286232316       12.8969005202        8.9345507260
  1       26.5978954383       12.3550357758        8.8454530245
  1        5.0196123035       25.8584558757        0.7667396930
  2        5.0948513660       26.3970345493        0.6844469484
  1        5.1951454819       26.9324408854        0.6084131104
  1       26.8718949533        4.7926588289       13.8369674310
  2       26.6236484663        4.6061771264       14.2909478891
  1       26.3780802155        4.4290735721       14.7501107842
  1       13.1511064904       23.6328463437        6.6499171057
  2       13.3485946727       23.2457852312        6.3127493240
  1       13.5545955361       22.8496083761        5.9916456916
  1       17.4495115961        2.9393619866       17.5732884521
  2       17.7877783010        3.0824504473       17.1638970395
  1       18.1210746774        3.2370599041       16.7546178679
  1       24.9045671991        9.3183264453       20.0810717708
  2       25.3055156150        8.9613899555       19.9613357696
  1       25.7123459191        8.6075143680       19.8528868359
  1       17.0133327464       25.2555825848       24.1808666304
  2       17.5524937008       25.3636954543       24.1700466132
  1       18.0941291169       25.4591097970       24.1752598886
  1       17.0971658076       25.2008191857       14.7998949744
  2       17.1495269514       25.7055826867       14.5878286672
  1       17.2029196700       26.1939019898       14.3404555182
  1       25.9955157713       19.1964072253        6.1834619638
  2       26.2805394819       19.3540843619        5.7402922390
  1       26.5769508499       19.5140426221        5.3054892320
  1       27.5055696388        0.9571576704       12.6040040120
  2       27.4637568184        1.3086192603       13.0249867182
  1       27.4233900995        1.6652687721       13.4417260285
  1       18.2135603569       21.3089032372       15.4028822574
  2       18.4960519465       21.3836226462       14.9369257018
  1       18.7628411070       21.4749539910       14.4647158668
  1        0.5717212005       16.8213516878       26.9827862676
  2        0.2988829439       17.2414732568       26.7557242652
  1        0.0089483367       17.6575559053       26.5428554036
  1        6.5860788371       26.9617421692       18.1326277571
  2        6.2097655516       26.6034671460       18.3129810737
  1        5.8309775871       26.2509727319       18.4994411631
  1        5.3511857740       21.5786635290        1.7159394454
  2        5.4233790582       22.1221683325        1.7594211467
  1        5.4798305833       22.6639413751        1.8355473222
  1       17.2099467240       27.7061625553       17.9714615398
  2       17.1724731970       27.5538815337       18.4986296583
  1       17.1552727103       27.4027619209       19.0271814579
  1       20.5747828674       22.9652490952       10.1655863783
  2       20.5494411121       23.1669190047       10.6766509956
  1       20.5157809725       23.3674189641       11.1876957689
  1       14.4680625776        9.5279804100       25.6695355544
  2       14.5792130282        9.0992700438       25.9956536300
  1       14.7024725783        8.6766271929       26.3253202842
  1        9.4141532285        8.3990870870       22.0764958663
  2        9.8478274047        8.4939309550       21.7517939266
  1       10.2741561220        8.5801939877       21.4151895401
  1        8.2356381653       26.5431426495        3.1951076256
  2        8.7075410546       26.3119033455        3.0328237776
  1        9.1899129971       26.0995721117        2.8755572675
  1        4.9390625976        6.5583286326       14.7121902876
  2        5.2382214194        6.2780138563       14.3455465566
  1        5.5378465472        5.9941098186       13.9820588964
  1       14.0504882964       17.2144221254       19.8746047294
  2       13.9948914501       16.6672472113       19.8716714536
  1       13.9470482646       16.1194658061       19.8837776795
  1        8.9233728348       10.1424709715       18.4843950828
  2        9.4544637333       10.0047908029       18.5229519074
  1        9.9813123461        9.8536249753       18.5685526822
  1       24.3588301184        3.5887180351        4.4449280885
  2       24.2062261544        3.1539605269        4.1445983708
  1       24.0771031295        2.7150767511        3.8392980682
  1        1.0116314613       13.2638742550       25.0797650395
  2        1.1800907711       13.7461683253       24.8760154610
  1        1.3528985622       14.2349748843       24.6924245728
  1       22.7317372940        6.2058154550        1.3030337774
  2       22.7154610251        5.8718739353        0.8663208918
  1       22.6894904795        5.5404582078        0.4281552322
  1       20.1807171022       18.2890438059       21.6519516418
  2       20.3512960798       17.7898684037       21.8076010243
  1       20.5143857068       17.2938782485       21.9805042878
  1       22.1846007196        1.0686858492       23.5849001954
  2       21.9879050651        1.4051176323       23.9730038862
  1       21.7837841948        1.7232238330       24.3725575301
  1       20.5986444277       24.4995943375        5.9012355422
  2       20.4373021112       25.0253272833        5.9098103093
  1       20.2836727980       25.5531280175        5.9278219189
  1       23.9612117034       16.3710873653       21.5161021657
  2       24.1910301148       15.9732479986       21.2137657040
  1       24.4438881405       15.5729696666       20.9338727338
  1       11.9126616992       15.3651371873       16.8954666917
  2       11.8440633774       15.9099586740       16.9265121075
  1       11.7876179196       16.4555201786       16.9674578516
  1       15.6323758009       15.9168657120       23.0466304860
  2       15.8887969086       15.7580229250       22.5867205116
  1       16.1538350892       15.6004879181       22.1312674587
  1       23.2625133939       22.0728331914       14.3307452566
  2       23.0062173374       21.6264523228       14.1369503867
  1       22.7618853466       21.1776988079       13.9334260390
  1       24.2911773739       26.1581722605       15.9022257912
  2       24.7603116598       26.1108738778       16.1853792564
  1       25.2351877451       26.0604314655       16.4582313512
  1       27.3145805079       20.9695576642        9.6962545897
  2       27.1283387956       21.4869848345        9.7053731415
  1       26.9564052084       22.0070745332        9.7548256031
  1        0.3911009935       18.8331670512       16.1640677922
  2        0.0875892686       19.2484355244       16.3588310535
  1       -0.2107398356       19.6697231993       16.5486110302
  1        9.3250703876       12.0224357516       10.8586227898
  2        8.9919240991       11.5992567042       10.9701263518
  1        8.6544966409       11.1815584643       11.0891678983
  1        3.1054979167        3.3726584914        2.5709827344
  2        3.4917073540        3.0893489801        2.3006533217
  1        3.8734573514        2.7898907750        2.0416326240
  1       15.2445587795        2.3358710992       15.0742125873
  2       14.7288284981        2.1467970195       15.0464048686
  1       14.2024547500        1.9878413055       15.0336080984
  1        2.8810936841       20.1419622956        7.4773857285
  2        2.5626149668       19.9922824322        7.9000762123
  1        2.2431290719       19.8454261909        8.3229970162
  1       26.1359673064       12.0327780545       17.5068742734
  2       26.1803541823       12.5808121140       17.5206028857
  1       26.2271250465       13.1282765861       17.5449983183
  1       26.2700332492        2.1456370739       17.2766070310
  2       25.7800487178        1.9359332007       17.1408151146
  1       25.2909928628        1.7211645633       17.0096709111
  1       22.1429313565        8.6118470368       18.2742229301
  2       21.8532453954        9.0619297786       18.4007439538
  1       21.5695267269        9.5149718942       18.5301910768
  1        4.0223247711       12.6510833795       25.3792403879
  2        4.5630483193       12.5508527787       25.3707627044
  1        5.1032102562       12.4474574063       25.3648909224
  1       20.2037302287       17.2049228544       13.9279718278
  2       20.1375560706       17.5916683181       14.3133922828
  1       20.0256805298       17.9586940692       14.7074429907
  1        0.2639208411        9.1281485469       23.2688416494
  2        0.4375656294        9.5662980041       23.5523421621
  1        0.6311208299        9.9946722587       23.8378800428
  1       18.4801327362        7.3892848497        3.2232636799
  2       19.0160980775        7.4543572857        3.1183507112
  1       19.5577381134        7.5068455037        3.0385318069
  1        3.1272672951        6.2555875804       11.8014940771
  2        2.8886782181        5.8871209302       11.4701218091
  1        2.6500636091        5.5186998339       11.1387172781
  1       23.4333645702        5.5803832083       17.5279040603
  2       23.6225777133        5.0661902089       17.4799046245
  1       23.7925281680        4.5458002238       17.4268847665
  1        2.1726243560       27.2664567052       27.0452953416
  2        2.0803332033       27.5669685084       27.4965990079
  1        1.9813364656       27.8514671143       27.9567730925
  1        2.1280976215       23.3488959256        0.9996009683
  2        1.9719799108       23.8568255627        1.1414979172
  1        1.8143918989       24.3652117352        1.2800963196
  1       24.7421506521        3.8698616557       25.4756270320
  2       24.6312627668        3.3815902750       25.7032120395
  1       24.5220198756        2.8933450991       25.9316472337
  1        9.2453511799        7.0076066614        2.8189739977
  2        8.7707359752        7.1230031251        2.5661419119
  1        8.3015172327        7.2417803176        2.3049413201
  1       26.0750494433        6.5073973262       23.7946658062
  2       26.1249185148        6.0772232375       23.4556033796
  1       26.1678409697        5.6563908583       23.1040955269
  1       23.2898361544       23.9461702429        0.9213037576
  2       23.0822918553       23.5690927130        0.5789035527
  1       22.8799613048       23.1899393069        0.2356761616
  1        3.3336337885        8.7828713523       25.9671920217
  2        3.4743102279        9.0690586604       25.5190771211
  1        3.6067928222        9.3524792490       25.0667264484
  1       22.5698760770        9.5925129376       26.7658844198
  2       22.2883568395        9.3418913089       27.1664286972
  1       22.0117721279        9.0928304471       27.5713602759
  1        5.2454066926        2.0148109558       11.8766769873
  2        5.0266502176        2.5123572910       11.9608984155
  1        4.7873253716        3.0015278206       12.0379426243
  1       26.7898392716        8.8264563562        2.1692723143
  2       26.2987920739        8.5835083403        2.2177378816
  1       25.8014495739        8.3503195869        2.2455487056
  1        2.3682892996       13.7884902735        1.6596785424
  2        2.3195634519       14.3078438466        1.8340277833
  1        2.2763052573       14.8291095955        2.0040593881
  1       15.1403853450       13.8643640436       27.1061406952
  2       15.3499080699       13.3561096818       27.0894754200
  1       15.5625485295       12.8488893528       27.0860736883
  1        9.2862199440       18.7382464303       15.4364886622
  2        9.6448716130       18.9854682168       15.7722718788
  1        9.9938277077       19.2575378673       16.0989333983
  1       17.9449821081       23.7482112591        7.4390672631
  2       17.5347795466       23.4473852784        7.6482025969
  1       17.1206593449       23.1689558753        7.8794633264
  1       17.6717360072       21.7568954689        0.8284164834
  2       18.0156515457       21.8536121373        0.4102442839
  1       18.3559487003       21.9654941117       -0.0071048138
  1       16.4633844874       25.1591105253        0.8454362512
  2       16.6171393570       25.6657468818        0.6965099529
  1       16.7723910568       26.1732338912        0.5521013524
  1       16.9557110787        5.8655374993       10.9049737733
  2       16.6896471557        6.1283340204       10.5016773842
  1       16.4084095774        6.3555628698       10.0872229555
  1        1.8359557327       25.8470578049       23.7406784901
  2        2.2429258054       25.9342239200       23.3811267856
  1        2.6478539449       26.0328163873       23.0222218870
  1       23.4775548342       11.9588021001       19.2781946300
  2       23.2300859782       12.1173983521       19.7430670793
  1       22.9833642957       12.2861028550       20.2047674161
  1       26.9605815763       16.7396607075       10.2400143289
  2       26.7863670245       16.8592235723        9.7322210527
  1       26.6075350491       16.9851038063        9.2275694003
  1       18.8954751563        9.8281682607       24.4322916976
  2       19.3417360947       10.1400319591       24.5103442982
  1       19.7848664850       10.4525465779       24.6023772774
  1       23.3793001412       14.9443794743       16.4565089509
  2       23.1940253589       15.3445048665       16.7852534194
  1       23.0070974959       15.7549911158       17.0999898363
  1        9.3912266744       25.7516227265       10.8054522749
  2        9.8813692853       25.9959365785       10.7547476128
  1       10.3684720992       26.2429801129       10.6899375843
  1        0.6062984549       21.2828660762       24.8893674245
  2        1.0554495439       21.4010404181       25.1839826383
  1        1.5055995617       21.5386387257       25.4684675520
  1       14.7441243439       18.5664610524       15.9694956497
  2       15.2179418146       18.8453004865       15.9538248327
  1       15.6998632634       19.1103243129       15.9500714996
  1        0.4659293489        9.4073644809        8.8201081444
  2        1.0108970264        9.4699227217        8.8600668349
  1        1.5546838391        9.5233023243        8.9228881633
  1       11.3794992769        0.2803211926       16.2335898962
  2       10.8969147903        0.0849608616       16.4109216597
  1       10.4022498289       -0.0965276374       16.5686191538
  1       10.1159173674       22.1117160575       12.8046087000
  2       10.5985736407       21.9521742106       12.5946341277
  1       11.0830947520       21.7759814630       12.4030736742
  1       21.5207582432       25.4194724172       24.8545004865
  2       21.4026791760       24.9753084212       25.1566191363
  1       21.2897078965       24.5539228916       25.4915396111
  1       15.0086553989        5.5774781630       15.9641051059
  2       15.4010819697        5.8573888885       16.2289661492
  1       15.8043252458        6.1274588154       16.4877268376
  1       11.6250128445       22.6567776936       25.3009769631
  2       11.4123149345       22.2242090971       25.5658241048
  1       11.2092288295       21.7936858765       25.8413341581
  1        5.5073563172       14.1159851316       13.1289840653
  2        5.8078773278       13.6598740477       13.0645651138
  1        6.1118172972       13.2091350474       12.9811693845
  1       19.6521892731       26.4891260912        9.3974267122
  2       19.7450461139       27.0122162106        9.5397444347
  1       19.8260073441       27.5400325955        9.6714833508
  1        1.1993411416        9.7119041231       20.0051835263
  2        1.0395388808        9.9718316556       19.5475800787
  1        0.8810642832       10.2187930052       19.0823963594
  1        0.7326058927       23.2482761145       16.8115219656
  2        0.9001990562       23.0357541297       17.2903193523
  1        1.0626912439       22.8240244490       17.7712214528
  1        6.8090907940       14.8487590908        9.7794743362
  2        7.0009237107       15.1920510834        9.3949606955
  1        7.1946696890       15.5435657628        9.0189288817
  1       10.4540115626       15.4279744137        9.8729014796
  2       10.6626338442       15.9339058230        9.8180366212
  1       10.8805258220       16.4368824571        9.7728969426
  1       19.0109684807       20.6195553793        5.3232957684
  2       19.0465680098       21.1517408139        5.1890894468
  1       19.1121515119       21.6835105070        5.0649129725
  1       20.8390167440       24.4418606614       14.6514501044
  2       20.9208396156       24.8410323142       14.2820356904
  1       20.9891319236       25.2359471839       13.9053681907
  1       22.5609638129       19.5549129647       17.4411505069
  2       22.6843032657       19.4132451517       17.9580814599
  1       22.8360286872       19.2971430258       18.4738330394
  1        6.8284975564       12.0801232470       22.0986880459
  2        7.3409029614       12.2640637103       22.1768328274
  1        7.8550395600       12.4295199068       22.2806971814
  1       23.0052312941       26.1095053936        3.9068039080
  2       23.4620803805       26.4137334346        3.8716725645
  1       23.9090203469       26.7296522226        3.8174509385
  1       23.4949707824       22.2280826345        8.0760971652
  2       23.4320020588       22.0107997974        7.5747758027
  1       23.3754727169       21.7875042646        7.0753325752
  1        2.3131501665        3.5696468992        6.3003902858
  2        2.4074201725        3.0727550779        6.0842614265
  1        2.4968726520        2.5646713889        5.8936067178
  1        6.3332415612        9.0966322151       20.4625719216
  2        6.3799593143        8.5962471704       20.2391166495
  1        6.4419097336        8.0896360009       20.0341599044
  1        7.6887867293        5.2737658948       22.1946926291
  2        8.0868566808        5.0164895067       22.4737072772
  1        8.4660015040        4.7517940879       22.7715084480
  1        5.3479722508        6.8671972658        0.5201685919
  2        5.1275018220        6.3640563687        0.5474087773
  1        4.9266387603        5.8526534545        0.5723304305
  1       12.9009056861        4.0304591452        4.9039981312
  2       12.9080976038        3.5169065372        4.7072444905
  1       12.9000021843        3.0065300898        4.5024266565
  1        1.4018633417       11.2563847474       14.8796305845
  2        1.0009021702       11.6326936205       14.8685955958
  1        0.5998446856       12.0089806444       14.8607873526
  1       12.6264509082       26.6167639257        5.1496814163
  2       12.7371402199       27.1378609446        5.2864504669
  1       12.8496099069       27.6550418037        5.4360316401
  1       25.0846302163       17.4793345632       14.1891042410
  2       25.4672428563       17.8697572610       14.2497481586
  1       25.8472706160       18.2648901364       14.2938946374
  1        6.3003325132       24.3518218662        7.8511224089
  2        5.8033209557       24.1251196811        7.9150413496
  1        5.3135391600       23.8832243583        7.9790760627
  1        5.0633408871       22.4366025506       26.5234792743
  2        4.8564933492       22.8491635247       26.2243011690
  1        4.6536770924       23.2547048319       25.9130106085
  1       18.9683120970       21.9598572060       23.1762671764
  2       18.5657117154       22.0495602669       23.5400889647
  1       18.1552357925       22.1531440654       23.8912013575
  1       16.0345896737       12.5845702780       19.1241794826
  2       15.5648113676       12.7974402305       18.9331435529
  1       15.0952909286       13.0026083580       18.7332520928
  1        4.7933508001       15.3635679575       22.3193093583
  2        5.0978439644       15.2094349988       22.7506177676
  1        5.4132151804       15.0403489867       23.1682909839
  1       13.7092401257       19.0689271750       22.9572967424
  2       13.6526928728       19.4500376815       23.3497979399
  1       13.6197882272       19.8219630108       23.7536405240
  1       11.3980275241        8.3241632019       16.1384416230
  2       11.7066125493        8.0833519222       15.7520671806
  1       12.0355821736        7.8483704304       15.3791560868
  1       25.6325283787       23.8335009900       23.6618238001
  2       25.2814922498       23.8252249351       23.2384975157
  1       24.9447943656       23.8268653171       22.8036046060
  1       18.9838294491       24.2976792914        2.7053951487
  2       19.4541198844       24.0946471604        2.5051331696
  1       19.9222438050       23.8852002097        2.3064073061
  1       16.6738004641       14.7121727818        4.5834664912
  2       17.0880043425       14.8054342876        4.2338417800
  1       17.4940463976       14.9053487626        3.8765646520
  1       16.6040142954       25.6258100053       10.8855061824
  2       16.6858809203       25.1849756672       11.2040386644
  1       16.7610716894       24.7470795926       11.5282197482
  1        9.2541158819        6.4422270580       17.9863577026
  2        8.7791771953        6.4310206661       17.7092157521
  1        8.2965495063        6.4101754135       17.4462785194
  1        0.8092960350        9.9526026523        5.3032261587
  2        1.1475114776        9.5357571054        5.1834342375
  1        1.4744619299        9.1156730121        5.0451130343
  1       19.3493582723       16.2074889214        0.3748970040
  2       19.0157621050       15.7713810894        0.4068900652
  1       18.6895714210       15.3291701988        0.4303243339
  1        0.5411382442       23.5928920430       21.7235336292
  2        0.3079219400       23.1097165696       21.8445774945
  1        0.0722768830       22.6213366252       21.9365363768
  1       22.2469988639       21.8498784952       22.0710478138
  2       22.3122314512       21.6212824054       21.5750754988
  1       22.4056563161       21.3797883933       21.0898410856
  1       22.3934978577       11.4158422040       14.0329563447
  2       22.7304348044       11.1912266759       14.4051409205
  1       23.0817912154       10.9828699181       14.7734290318
  1        3.6590955316       25.1214686367        5.1582303560
  2        3.3913996421       24.7009643001        4.9258190531
  1        3.1193054144       24.3041872337        4.6592994669
  1       28.0422918362       15.4513600914       21.2624619194
  2       27.8321011153       15.8859920811       21.5259289845
  1       27.6289248633       16.3219687912       21.7926567819
  1       13.3338593943       10.6640478497       16.7150150646
  2       13.6914372129       10.9040495550       16.3729079395
  1       14.0427312183       11.1564662067       16.0332340448
  1        3.9325377159        1.7426605235       18.7332631522
  2        3.9197486955        1.3659614802       18.3327206804
  1        3.9128709005        0.9916185533       17.9298310329
  1       19.2196101318       14.5343158578       24.7475116393
  2       18.7115322086       14.7427532279       24.7173340536
  1       18.2093166595       14.9642944054       24.6827067827
  1        2.0750713802       17.8628326717       18.6969506531
  2        2.5967256889       17.7642131635       18.8406551234
  1        3.1167582258       17.6682566756       18.9918454405
  1       25.5087209751       22.9826271521       18.5723782438
  2       25.4343251300       23.0157375118       18.0284398628
  1       25.3393166400       23.0279814504       17.4868464067
  1       21.9744240545        2.4349705712       28.2106057748
  2       21.6134349815        2.4560440347       27.7961871479
  1       21.2451377102        2.4498449747       27.3877527094
  1        7.3397191900       11.9465218098        3.8451394485
  2        7.3615388274       11.4796645000        3.5551943576
  1        7.4076800660       11.0106193817        3.2717024492
  1       13.9371425346       22.8418831286       13.6412698765
  2       14.4869055797       22.8271145914       13.6477878995
  1       15.0366294916       22.8114323878       13.6401926312
  1       27.3741493958       21.0273315926        0.8157562602
  2       26.9885103679       21.4009631830        0.6966681633
  1       26.6053736290       21.7810040187        0.5904834118
  1       23.2416118316       19.6783708452       10.7525461088
  2       23.7904813928       19.6728249700       10.7873519715
  1       24.3397877474       19.6604082872       10.8120168010
  1       16.3217861096       13.7019389296       14.5405583689
  2       16.5179775061       13.1881279406       14.5432423113
  1       16.7204447854       12.6771191068       14.5626580682
  1       15.2562081534       22.5462504194       25.5559823210
  2       15.2694831512       22.0430878124       25.7776829418
  1       15.2928513410       21.5347516019       25.9863650536
  1       13.8059754874       23.1931755659       10.3274813847
  2       13.3184773362       23.3129157141       10.1027418700
  1       12.8236395237       23.4173016455        9.8865495585
  1        2.2610298849       17.4858782252        6.1135342075
  2        2.4146310592       17.0184232735        5.8677852556
  1        2.5678284139       16.5451065845        5.6332604564
  1       24.1258489828        5.3325748842        7.8944282393
  2       23.9989973933        4.7985351892        7.9292172950
  1       23.8862345399        4.2614912486        7.9662084253
  1        3.4643752291        6.0046915188        4.4331048336
  2        3.7747211612        6.4476770960        4.3333592531
  1        4.0832197592        6.8984458912        4.2690466776
  1       27.8823265957       22.7416814573        6.4379226260
  2       27.4684257634       23.1030252225        6.4627577698
  1       27.0517192263       23.4615541996        6.4804392157
  1       20.3026893969       13.7710583474       12.7676080130
  2       20.0026410983       13.7598367869       13.2284171872
  1       19.7107464954       13.7509875483       13.6944850265
  1       25.6768794239       13.6320469949        1.1851815121
  2       25.5982065950       13.8334842856        0.6794804107
  1       25.4941118879       14.0126075381        0.1699913026
  1        9.8624655354        5.2659454163        9.4961270312
  2       10.2717618738        4.9031848106        9.4379785117
  1       10.6872723485        4.5484176739        9.3748015922
  1       11.5147229211       22.7398915919       21.8784327532
  2       11.3976128313       23.2494033888       22.0492629487
  1       11.2763161757       23.7647193086       22.1983824415
  1       19.6093292785       11.7710391765       16.2796923873
  2       19.2332957655       11.7512935455       16.6805775419
  1       18.8669546568       11.7366275163       17.0905520517
  1        9.7926570855        7.8301850050       11.6268876566
  2       10.2659686295        8.1092620076       11.6512229985
  1       10.7424796696        8.3799293094       11.6978753229
  1       26.7944081454       11.6197381717       21.3998177219
  2       26.5438564931       12.1038633898       21.3266969814
  1       26.2957954106       12.5896607284       21.2562225597
  1       11.1687243608        1.4451440144        8.1794913977
  2       11.1774757293        1.8259745209        7.7827653727
  1       11.1823200194        2.2148316654        7.3938352338
  1       26.0711845669       19.5347179781       22.9290726059
  2       25.8168554728       19.9874734559       23.1102608759
  1       25.5812727560       20.4555452264       23.2773225417
  1       14.9651818999       12.8995482111        7.0232608867
  2       15.1256051474       13.1178316874        7.5019222551
  1       15.2768083038       13.3161660786        7.9921273895
  1       17.2480297333        9.2118334274       14.5317500459
  2       17.6284079100        9.1257121993       14.9195587316
  1       18.0253950322        9.0069823698       15.2812277120
  1        3.1909804701       23.4588933254       14.7889823226
  2        2.9202479848       23.4122753458       14.3125049513
  1        2.6319957421       23.3503787225       13.8481996082
  1       15.0729039753       19.2606667264        4.8697360430
  2       14.6217398864       19.3518968060        4.5686911336
  1       14.1738876230       19.4267180160        4.2583201689
  1       27.2965958398       27.7525159147        9.8737661609
  2       26.8198437538       27.4905483246        9.9548860121
  1       26.3412986976       27.2370777031       10.0510487501
  1        4.7136441638       17.8417371014       10.5327793453
  2        4.5590898890       18.3671933187       10.5828666676
  1        4.3949661784       18.8875038685       10.6524392076
  1       14.1446609175        1.2636719040       18.5634557190
  2       14.2672051213        1.7577276823       18.7717627187
  1       14.4027295655        2.2495873037       18.9772067180
  1       12.3826343610       18.3195614664       11.7957638345
  2       12.6908554743       18.3971795592       12.2446236979
  1       13.0038999580       18.4713041238       12.6907276086
  1        6.3837864086       25.3437171846       21.6441763749
  2        6.6598910582       24.8766683676       21.7343518989
  1        6.9360475249       24.4064678879       21.8061092245
  1       18.6291127795       12.2246992512       21.2390215293
  2       19.0069894254       11.8854252144       21.0278288011
  1       19.3928099614       11.5554863856       20.8162091369
  1        9.6085152883       12.2102210838       14.8810358276
  2        9.8908640563       12.0425640803       15.3222504039
  1       10.1814750644       11.8666925937       15.7548176948
  1       15.2883028452       17.7478814903       26.0310608852
  2       15.7069792095       17.7343636270       26.3874698768
  1       16.1231976558       17.7330979535       26.7469981817
  1       12.3515988482        6.9715842922       23.6206735115
  2       12.1524849492        6.7756898796       24.0944656963
  1       11.9322625016        6.5932638689       24.5642771725
  1       18.6563725020       11.7978551905       27.4850629001
  2       18.9823455448       11.6633801487       27.9071506143
  1       19.3046300907       11.5261221498       28.3311705575
  1        9.6631903481        1.0336177526       19.8567924107
  2        9.2843432084        1.1857266294       20.2253541211
  1        8.9112488893        1.3546980916       20.5924362278
  1        8.4343481880        0.8363647022        0.6329626356
  2        8.5657859142        1.2559901740        0.3026013371
  1        8.6928405584        1.6527844588       -0.0564410169
  1       11.1694047531       18.2614502434        2.4624241028
  2       11.0699103175       18.1500345519        2.9917514126
  1       10.9873224762       18.0178661728        3.5192082991
  1        1.7191838141       12.8809972703       21.2187214825
  2        2.1225855863       13.0722177231       21.5399717722
  1        2.5286134401       13.2548007280       21.8629343509
  1       12.7522214115        7.3387279578       18.8712324663
  2       12.8029224475        7.8521404397       19.0618552046
  1       12.8312520918        8.3634049637       19.2626187887
  1       12.7351648079        7.0271146726        8.9258631506
  2       13.0714923783        6.9360534496        8.5003145411
  1       13.4055071950        6.8258499932        8.0774797041
  1       11.7814749248       13.2024364634        7.4195325717
  2       11.7845763572       12.7321848667        7.7047584767
  1       11.7934750283       12.2524171518        7.9735404560
  1        4.0706276676       20.6856929415       18.1975855444
  2        4.4333482941       20.8243466823       18.5870837951
  1        4.7839066390       20.9810052574       18.9808691892
  1       11.9105377625       28.0277419332        1.9193417009
  2       11.7088424920       27.9469833820        1.4140723922
  1       11.5096151742       27.8766720506        0.9062685014
  1       27.0468985645        5.8386961053       19.9500930619
  2       26.7948227729        5.5971557034       19.5251036155
  1       26.5551139112        5.3563878707       19.0925871288
  1       19.4838478380       27.4499791235        2.2143129201
  2       19.9669502840       27.6755714385        2.0793309432
  1       20.4555592967       27.8858840633        1.9395817696
  1       11.9317315849       18.5583844912       26.7211920772
  2       11.4044995369       18.4507867289       26.6073980125
  1       10.8827996104       18.3058159353       26.5108959159
  1       23.6387973725       26.4366333870        8.0608456745
  2       23.2708860264       26.6264375456        8.4229445875
  1       22.9103327169       26.8354679037        8.7818423716
  1       20.5248267311       25.8679252563       20.8718527362
  2       20.4445799639       26.4111186403       20.8402077689
  1       20.3567841729       26.9524856798       20.7988117950
  1        1.5580938116       26.9314942204        7.1786953577
  2        1.2531206460       26.5826902140        6.8823389281
  1        0.9624700334       26.2200152599        6.5882486391
  1       14.9584277144        2.4041083859       27.4171840647
  2       14.9536373236        2.0355009339       27.0090105741
  1       14.9527513862        1.6599453799       26.6071931529
  1       22.6977237719       17.6541924750        6.9909619367
  2       22.8509974235       17.5250647877        7.5031466964
  1       23.0035075383       17.3835480647        8.0122770147
  1       16.7395762045        2.5389103362        5.2665514748
  2       17.2168185204        2.8011392261        5.1892482977
  1       17.6956764741        3.0610654668        5.1141922610
  1       15.2857343847       23.0945943282       22.2595448157
  2       15.1582489964       23.0887283909       21.7245559686
  1       15.0329685363       23.0878861701       21.1890150309
  1        8.2181705925        2.7973279104       16.4688604368
  2        7.6822063082        2.8218741938       16.3478655362
  1        7.1438896274        2.8230993471       16.2351107178
  1        4.0417603526       22.2876617642       22.8587895271
  2        3.8211814792       21.9252256692       22.5088109025
  1        3.5953857367       21.5552611714       22.1702218419
  1        2.0794860724       18.3981969453       22.2939357981
  2        1.8025526278       18.4553751208       22.7656756878
  1        1.5275058796       18.5020487809       23.2396702602
  1        5.0517672705       16.9849227540       15.1409652301
  2        4.6966050119       17.2762877744       14.8385314440
  1        4.3200311830       17.5668968897       14.5624182562
  1       15.9413295903       26.0147088768        6.1355040146
  2       16.1163216418       26.5351765471        6.1040209060
  1       16.2840325906       27.0588747575        6.0933803667
  1        3.7388415112        8.6801059613       17.8662320352
  2        4.1253078228        8.8739517787       17.5262797016
  1        4.5273387598        9.0766572480       17.2103974176
  1       19.7178246211        4.4090050467       14.0693502036
  2       19.4320911876        4.8536648101       13.9172512236
  1       19.1400339624        5.2993614459       13.7810268315
  1        6.1954066859       18.2752060699        6.7690526459
  2        5.7267162436       17.9976991001        6.8453360060
  1        5.2592108406       17.7209938060        6.9312014667
  1        0.7209181559       16.1026287346       13.5710232413
  2        1.0210931732       15.8161279911       13.9320111676
  1        1.3312783096       15.5394397926       14.2921900411
  1       22.0515569951        1.8761305919       10.5204292484
  2       21.5616666695        2.0940095178       10.6430516060
  1       21.0711909597        2.3090355269       10.7683408411
  1        9.0828983962       20.5963751475        0.7451839810
  2        8.8433320055       21.0732900365        0.6122925476
  1        8.5679996975       21.5289616549        0.4742509039
  1       20.4525060210        6.9392673949        7.7949116065
  2       20.3182178265        7.4697506132        7.7396464642
  1       20.1744914011        7.9967574619        7.6755645240
  1       26.1891779387        1.0638506706        1.8807291192
  2       26.4820072945        0.7016212564        1.5882554966
  1       26.7569714458        0.3340027788        1.2853506116
  1       10.9376757808       22.9440290212        3.4473419759
  2       10.9763825166       22.4089407279        3.5685125456
  1       11.0089782740       21.8694907453        3.6706459481
  1       28.1175981163        5.7954938281        7.8062611556
  2       27.8886167330        5.3218089437        7.6459796645
  1       27.6639204015        4.8398468012        7.5055373248
  1        1.0814685431        2.9679103092       19.0324937917
  2        1.0918305571        2.9208681114       19.5803803313
  1        1.1120953549        2.8604155428       20.1266722166
  1       19.8791104372        5.5871340208       18.5414498880
  2       19.6829124303        6.1008835819       18.5332200335
  1       19.4806395829        6.6120123774       18.5149704153
  1        5.8243466184       20.9441008271       14.0839498490
  2        6.3133700591       20.8972400232       13.8366440879
  1        6.8006212285       20.8686276345       13.5831334804
  1        5.3448479995       18.9349379279       22.5196226926
  2        5.7650910990       18.6876610093       22.2651627491
  1        6.1875447836       18.4479281383       22.0071684973
  1       12.5248260060       13.1360675812       12.7507200388
  2       12.3977052018       13.6675721634       12.6887266507
  1       12.2624682456       14.1984240303       12.6396628142
  1       25.2483159113        2.6663664599       20.9888676390
  2       24.8535724327        2.8658031283       21.3158272717
  1       24.4718971508        3.0851708259       21.6455268189
  1       15.1090577988       23.2742462345        3.0821594768
  2       15.5306317006       22.9656864798        3.2541080829
  1       15.9478365377       22.6559940375        3.4344708118
  1        8.3974317515       25.6960517202       15.0798030372
  2        8.6045299949       25.9849290778       14.6600886226
  1        8.8010635133       26.2745064973       14.2358015815
  1       16.6268496956       13.1063067416       10.7472274188
  2       17.1359011158       13.1466116291       10.5429184184
  1       17.6427488340       13.1642621773       10.3300949054
  1       20.1678937264       15.0652902970       18.9773886807
  2       19.6769693377       15.2534263916       19.1389376033
  1       19.1792137722       15.4251269679       19.2978662292
  1       25.4121464413       10.2759615173       11.3758129340
  2       25.8566849838       10.5935863506       11.4390580878
  1       26.3080115106       10.8996880497       11.5105151729
  1        5.8100097402       27.4725034555       24.8770777682
  2        5.9218534019       26.9524611689       25.0168884097
  1        6.0450390945       26.4369395914       25.1637311394
  1       26.1527877563       25.4200748927       27.5220543540
  2       26.6208879024       25.3707620345       27.2375363489
  1       27.0839191212       25.3176459374       26.9455076352
  1        5.5074792799        4.7912509107       18.9228111164
  2        5.0964227831        5.0133478059       19.2129930001
  1        4.6746884456        5.2252325411       19.4953845839
  1       20.9622144925        2.3852773233       19.3924210584
  2       21.4962929184        2.2886063242       19.3034550370
  1       22.0290675403        2.1881771322       19.2109067871
  1        5.9819596324       15.0350398032        4.8802095862
  2        5.5646754840       14.7197235414        4.7100637826
  1        5.1550209064       14.3967138379        4.5358574178
  1       27.9136300010        1.8818988257       25.9380876086
  2       27.6591773843        1.3949515764       25.9128637667
  1       27.4081603614        0.9080546260       25.8636518485
  1        1.3555401151        6.5645341348       16.6183780250
  2        1.6004881216        6.1626072601       16.3338516439
  1        1.8525912704        5.7511348138       16.0699682847
  1       16.8813549381       17.7701060478        8.2128487220
  2       16.7088674111       18.2921451595        8.1979082097
  1       16.5421165507       18.8160136158        8.1819085236
  1        6.6779120890       11.9391297601       16.1724548067
  2        6.1681978531       12.1387085744       16.1189786946
  1        5.6624679082       12.3525565915       16.0872572910
  1       12.1047330848        4.3915375937       20.1898178797
  2       11.8301680822        4.6639776199       20.5808300168
  1       11.5611297739        4.9430226458       20.9710251747
  1        2.0782803619       19.5949922648       12.4186428609
  2        2.1455698617       19.7254499557       12.9486927775
  1        2.1834663477       19.8487622341       13.4833496182
  1       22.6811969784        7.0049493124        4.6622450324
  2       23.1827220326        7.0448937572        4.4400355335
  1       23.6837868445        7.0575397528        4.2135976126
  1        4.2196232487        7.1941680457        7.8645460759
  2        3.7180017801        7.1206868162        7.6512940862
  1        3.2192622672        7.0513808006        7.4300350220
  1        3.5039370799       26.5628571097       10.8864073303
  2        3.2423565572       26.2230009530       10.5420624117
  1        2.9983255362       25.8766396356       10.1913735217
  1        7.9234026646        4.3235782618       12.9445042037
  2        8.4728381602        4.3256030464       12.9693343559
  1        9.0221700505        4.3290797353       12.9962115944
  1       21.8277326542        1.1153193638        6.3084584467
  2       21.2802449748        1.1207962649        6.3606814725
  1       20.7341649723        1.1419980735        6.4227065736
  1       17.9073339055        8.2972055587       27.1597619156
  2       17.9739109043        7.7881766472       27.3571373714
  1       18.0528455776        7.2712539223       27.5276079340
  1       25.5252632984       28.1756211003       23.4459365321
  2       25.5045948013       27.6294235081       23.5071002754
  1       25.4829158254       27.0834019218       23.5694737332
  1       13.1142826706        7.2552031132        3.9791399740
  2       12.7063568942        7.3361285448        4.3390672381
  1       12.2978195430        7.4284861513        4.6955322494
  1        9.3280385220       15.3933473224       13.9820259016
  2        8.8775685059       15.4195750788       14.2964919083
  1        8.4354087921       15.4425728404       14.6227830198
  1       25.1499376616       15.5046136847        6.5782092352
  2       25.6463847889       15.6155088658        6.3690621371
  1       26.1416714667       15.7405044108        6.1651817323
  1       15.0764981139        3.6214794075        8.7003442400
  2       14.8310039311        3.2366334814        8.3935442735
  1       14.5858958231        2.8552528668        8.0821428587
  1       18.7394811670       18.3119033152       24.9320592230
  2       18.8773284962       18.7668542941       25.2086775895
  1       19.0223527674       19.2224563031       25.4805135127
  1       25.1399374102        7.7654520388       26.7462161224
  2       25.6765700505        7.8759699649       26.6981412091
  1       26.2127976476        7.9866615604       26.6461091635
  1       13.7565890985       25.0922826063       18.1981888434
  2       14.2111803659       25.1718758523       18.4973738945
  1       14.6741291254       25.2509492749       18.7836007956
  1       17.0842022044       16.3369368759       12.3819044031
  2       17.0841126548       16.7254439432       12.7712143704
  1       17.0851641639       17.1223694941       13.1519360541
  1       25.9809777263       18.8550733665       19.6340957273
  2       26.1458922645       19.3697097216       19.7363337685
  1       26.3149644453       19.8780536527       19.8608369587
  1        7.2730077419       22.0057864933        9.7412112465
  2        7.0591912772       21.5013771594        9.7897266384
  1        6.8451448341       20.9974338473        9.8419306367
  1       10.6401558675        3.8124838449        1.3724662239
  2       11.1841305753        3.8692673627        1.4304933678
  1       11.7286283129        3.9289570214        1.4800852763
  1        2.7358622401       15.7092864248        9.0491916251
  2        3.1468726951       15.4645793928        8.7777346776
  1        3.5637195140       15.2244927667        8.5110942070
  1       25.7254687563       15.2922609974       24.8900735800
  2       25.4440626825       15.7023826652       25.1248305592
  1       25.1462435858       16.1140545991       25.3353774742
  1        9.3283548603       14.8084891867        5.4631577342
  2        9.2345277197       15.2545646538        5.7709127428
  1        9.1263382137       15.6881643054        6.0915158806
  1       24.7545588506       17.8975820945        0.3372597481
  2       24.7346814858       18.3927216862        0.0986351997
  1       24.7196687373       18.8749379370       -0.1654521037
  1        6.5081953629        7.5176739649       10.9528889056
  2        6.1817736563        7.1126255507       10.7743261672
  1        5.8455377151        6.7125138691       10.6029901433
  1        7.2980209838       22.4579427541       17.0405211677
  2        7.2066584504       22.9344120903       17.2996154732
  1        7.1596670182       23.4156163721       17.5617876371
  1       25.5516995884        3.8621107798       10.7327356848
  2       25.7732018785        3.3615380125       10.6792226954
  1       25.9936810767        2.8594778019       10.6365089144
  1        9.5257031642       19.9793974088        5.7258213376
  2        9.3799389504       19.8970729124        6.2497254045
  1        9.2233931430       19.8043100153        6.7687518529
  1       15.3445000948        4.9953287708        2.6311518803
  2       15.3451996902        5.4384825433        2.3054000661
  1       15.3467709241        5.8828947143        1.9813702025
  1        9.0029351421        1.2284107142       11.2281757159
  2        8.5767294678        1.0747825385       10.9163310321
  1        8.1628951308        0.9043490742       10.5966537343
  1       21.0937448830       22.6328623134       17.9136576114
  2       21.4614046382       22.9976343750       18.0987728389
  1       21.8352588433       23.3661323926       18.2629137643
  1       21.0649902381        1.0231391868       13.7854964873
  2       20.5940940074        0.8770498840       14.0292477037
  1       20.1285795268        0.7530549676       14.2946182523
  1       11.7052626372        2.7576397317       25.0818285883
  2       11.9592502016        2.2699424451       25.0699259119
  1       12.1971826504        1.7740887603       25.0657699340
  1       22.8972524290       20.5657325023        3.1968482732
  2       23.3269070450       20.6696400585        2.8695867100
  1       23.7675945823       20.7652740640        2.5547079548
  1       12.2190210453        3.5612639749       16.8218272679
  2       12.1599405340        4.1061754753       16.7762098383
  1       12.1066945511        4.6512769631       16.7259183644
  1       15.9327457910        0.4459402329        2.6393561315
  2       16.0917258276        0.9540660471        2.5013941624
  1       16.2782900723        1.4541626823        2.3687399612
  1        8.5191183927       24.6683933232       26.7628692347
  2        8.3296267898       25.0270951591       27.1342530326
  1        8.1547563607       25.3845800050       27.5138909088
  1       17.4928520646       18.2730011792        2.2466619132
  2       17.0112554877       18.5386402642        2.2474453373
  1       16.5311493359       18.8069523228        2.2448528256
  1       16.1720778019       12.2487617552       23.7239174674
  2       15.6364016081       12.3074393376       23.6138813065
  1       15.1010293724       12.3813276003       23.5118171461
  1        5.6547738307       21.9819917415        5.1326026963
  2        6.1348796607       21.7245120186        5.2081181542
  1        6.6273996807       21.4830987521        5.2486602758
  1       12.4407562397       14.8071766646       25.4907033887
  2       12.0982954688       14.9622611854       25.8921624922
  1       11.7512730001       15.1226034309       26.2875936107
  1       22.7501113655        7.8386072523       23.4835352553
  2       22.7641479508        8.2777549010       23.1526994699
  1       22.7787416568        8.7152460295       22.8197001677
  1       22.6330058121       17.3573193493        2.8867934698
  2       22.9095421771       16.9634012423        3.1529816811
  1       23.1598829219       16.5528828756        3.4200101086
  1        8.0354560818       21.1271254313       19.7443597109
  2        8.2595066959       21.5800445891       19.9615360420
  1        8.4843631198       22.0327892233       20.1782429497
  1       12.8171342774       26.7488210934       21.0472968670
  2       12.4720469395       27.0630669356       21.3382681368
  1       12.1334633758       27.3671025367       21.6471751174
  1       25.8919293187        7.6641189998       15.7475564548
  2       26.1955900969        8.1216139238       15.7789972928
  1       26.4950881719        8.5828759319       15.7851829172
  1       20.9454784053       13.9154239675        7.0144613664
  2       21.0662997545       13.4684352661        7.3112833710
  1       21.1889943874       13.0155961376        7.5983073242
  1       18.8076034343        6.5374097591       21.6763311472
  2       19.1829535797        6.7729775517       22.0020919236
  1       19.5900122258        6.9910032818       22.3008694974
  1       19.5587654766       17.2464255828        5.6976685513
  2       19.5165992879       17.2162385475        6.2452183257
  1       19.4593250599       17.1757196188        6.7907253176
  1        4.0796569324       27.4686246840       14.1068867532
  2        4.5190484632       27.5723857685       14.4210025281
  1        4.9609337769       27.6668029684       14.7345671321
  1       22.5886505155       10.0704794324        2.8856329841
  2       22.0442749539       10.0465366953        2.9603457223
  1       21.5003125441       10.0366103944        3.0410077595
  1       16.3527589304       20.5835351095       10.9057638720
  2       15.8503366502       20.3652734077       10.9550962328
  1       15.3466403896       20.1514603882       11.0105405185
  1       21.4540384222        7.5963042675       14.7875353613
  2       21.9970168893        7.5300873392       14.7301794321
  1       22.5426143404        7.4788240654       14.6833233002
  1       16.7063664771       19.7488113127       21.6801353523
  2       16.7961306130       19.2114614745       21.6046532269
  1       16.8638089783       18.6677692762       21.5565031353
  1       10.0888751427       25.7673218228       19.5008018666
  2        9.5487190178       25.6692027442       19.4675752646
  1        9.0103962562       25.5637905349       19.4276144148
  1        6.6021228544       24.3797553507       12.5498386461
  2        6.1064857288       24.4815985783       12.3342654645
  1        5.6155436516       24.5872353122       12.1099514964
  1       10.3833489897        9.2521065044        7.7184077560
  2        9.9568403619        8.9972970708        7.9543368617
  1        9.5227247273        8.7753296700        8.2088444014
  1       12.1498965663        4.9348020275       12.3650684550
  2       12.6755928095        4.8233602603       12.4822187531
  1       13.1993809598        4.7157709090       12.6109452232
  1       20.8500104748        3.2490660512        3.3050420724
  2       21.0280673017        3.7530522481        3.4346325031
  1       21.1763330078        4.2694834234        3.5521744983
  1       26.6494592588        0.8228911460        6.2111328838
  2       26.1009011534        0.8609302438        6.2228389512
  1       25.5529034781        0.9064621214        6.2340369389
  1        0.9662735189       21.3835584470        3.6174449748
  2        1.2730650959       21.0096571034        3.8793165339
  1        1.5843064331       20.6342423411        4.1336639052
  1       11.0025897912       14.4188011859        1.4366540098
  2       10.7184579938       14.8815241852        1.3491523091
  1       10.4337010104       15.3443285406        1.2641488507
  1        2.9209582649       25.0000787841       19.2032289648
  2        3.1611684106       24.6541020439       19.5569225909
  1        3.4194025270       24.3238908157       19.9129783238
  1       20.8886078257       14.0213014482        2.4679599331
  2       20.9019929144       13.7438140749        2.9426404541
  1       20.8908609862       13.4824873778        3.4264631866
  1        4.9346424852       10.4585713862        9.7123687885
  2        4.6822891406       10.8890137390        9.9437497954
  1        4.4401006897       11.3187333790       10.1870310817
  1       20.7943870376       27.4568449375       17.4365586852
  2       20.6694367090       26.9615103404       17.2327669966
  1       20.5508578638       26.4608446184       17.0384145043
  1       18.1522843102        3.9144610714        0.2394813873
  2       18.4829821698        4.1514339333        0.6095932467
  1       18.8260551504        4.3666790798        0.9817094326
  1       16.8473301430       15.9851022421       16.5315353413
  2       16.4025329454       15.8919960137       16.8413525185
  1       15.9573043539       15.8017428933       17.1513942488
  1       10.1895215252       10.1157640220        4.8722897270
  2       10.5700196653       10.4166815913        4.6131183901
  1       10.9545582662       10.7100207766        4.3512363828
  1       10.5103181720       14.7355351097       21.9904892733
  2       10.9935343553       14.9817838833       21.8990362159
  1       11.4697197357       15.2424157644       21.8106139050
  1        8.2203536295       12.5496501317        7.6733409695
  2        7.8582876833       12.2027689674        7.4473283405
  1        7.5058817229       11.8609169420        7.1994428210
  1        5.6684335191        1.8326099456       21.8781613612
  2        5.6013587960        1.3467931721       21.6291974199
  1        5.5324544496        0.8642603094       21.3744147156
  1        4.2101385730        1.9243279576       26.2970918273
  2        4.5485185623        2.3015569468       26.5108610314
  1        4.8742338369        2.6918195970       26.7208720375
  1       10.2291440632       18.7643823934       22.9567710186
  2       10.1873424973       19.1636009809       22.5807694913
  1       10.1659150636       19.5471022192       22.1871101662
  1        8.2206112475        5.6869256016       26.8636550085
  2        8.6623093635        5.7347598774       26.5394411032
  1        9.1172396051        5.7959822132       26.2364719631
  1        1.6466388961       13.3986272885       11.5172265422
  2        1.5140556973       12.8906125025       11.3533892063
  1        1.3854193153       12.3796064095       11.1958282559
  1       23.0248315238        3.9890791110       14.1170385272
  2       23.0081196343        3.8971471514       13.5750337048
  1       23.0007025388        3.8133577763       13.0315041965
  1       16.2653487531        9.8683949359        1.5233430009
  2       15.7879154825       10.0863402515        1.6878340694
  1       15.3151618860       10.3059669789        1.8632425544
  1       18.0991331532        2.6190896407       22.2767917941
  2       18.6281709706        2.7210645825       22.3873363505
  1       19.1546755777        2.8264752404       22.5064224158
  1       10.8087056777       23.7213073989       16.2961079172
  2       10.9931178186       23.2288021641       16.1350776220
  1       11.1576972460       22.7300220082       15.9718845855
  1       16.2185701334        9.3722630311       22.1058534469
  2       15.6986297766        9.2299888612       22.2150325931
  1       15.1744206107        9.1102149313       22.3306135390
  1       16.0148615119        5.5035784847       23.8116246532
  2       15.5949859962        5.4140308320       24.1554062251
  1       15.1776549415        5.3099013509       24.4981770538
  1        3.0080931821        7.3057802581       21.3029099293
  2        2.5413104894        7.0297773816       21.2110604329
  1        2.0823921800        6.7500580828       21.0942225190
  1       -0.0438943222       18.1410393054        2.2869652912
  2        0.1015201857       17.7190587078        2.6083482343
  1        0.2295088221       17.3015941953        2.9427765355
  1        7.5359377327       18.0412094778       18.6161979960
  2        7.1108741378       18.1746994747       18.2937055759
  1        6.6727240213       18.3002298567       17.9858637374
  1       15.5597190206        9.8019761019        9.5511663783
  2       15.7893343709        9.5681211128        9.1094779871
  1       16.0062053244        9.3368039668        8.6600790925
  1       15.7914409783        5.2200586118       20.6460115152
  2       16.0103114059        5.5586108457       20.2718750149
  1       16.2382908662        5.8888314824       19.8957371468
  1        8.0544979354       18.6105845873       11.8673989931
  2        8.5997743513       18.5388050544       11.8720173092
  1        9.1466326605       18.4804562646       11.8655824532
  1        2.1417160922        1.6365782299       22.8612935407
  2        2.3793193321        1.9763111938       23.2227160270
  1        2.5966982901        2.3248911799       23.5884186123
  1       19.3528399975        3.8309625383        8.3424096186
  2       18.9417581507        3.4836186883        8.4558290395
  1       18.5490669820        3.1106148220        8.5515461266
  1       22.2396633551       12.8118302819       23.1438461939
  2       22.1172435189       13.3390039311       23.0458598314
  1       21.9863810776       13.8618985428       22.9365152131
  1       23.9716311518       10.0862530954        6.9159769270
  2       24.4858184643        9.9519049953        7.0576173013
  1       24.9944817491        9.8297992644        7.2274756309
  1       28.3475064744       26.1761109170       13.8224364183
  2       27.8861495098       25.8780204590       13.8505758939
  1       27.4152677768       25.5954522550       13.8809996117
  1        2.3853395998        2.4659062045        9.6722856348
  2        1.9628203434        2.5207056566       10.0200995189
  1        1.5255168328        2.5610885047       10.3512110774
  1       17.4404424253        1.4227603438       12.2021578521
  2       17.2046370343        1.9159135849       12.1413655964
  1       16.9559218994        2.4026716005       12.0804770520
  1        3.6231570839       11.8371558827        6.5291880060
  2        4.0071213220       11.4724752888        6.3805961881
  1        4.3907216754       11.1034303143        6.2421889102
  1       16.7566679568        9.4382615002       18.6388082754
  2       17.2409438010        9.3269329639       18.8745684581
  1       17.7165079330        9.2100187897       19.1249078900
  1       23.5182045662        6.1371595638       20.7261181158
  2       23.0238983535        5.9012863338       20.7763693598
  1       22.5357520047        5.6535926087       20.8298572995
  1        1.1204119358       28.1496854514        3.5228514136
  2        1.5636640935       27.8243542127        3.5091726025
  1        2.0220719502       27.5220334158        3.4781182692
  1       24.2670239546        0.6922159171       12.4888988055
  2       24.1435040403        0.1840990046       12.6593688438
  1       24.0303681702       -0.3224511840       12.8413226299
  1        2.5737076448       22.5122738704       10.6064782874
  2        3.1046466120       22.3693908892       10.6201993241
  1        3.6396880600       22.2445053734       10.6453837610
  1       13.0136811635       20.1152635343        8.8755568696
  2       12.8537265741       19.7861899584        8.4649169896
  1       12.6810189025       19.4569332662        8.0596243919
  1       18.6929580968        9.5348756309       11.3805504926
  2       18.6263058632        9.0982806107       11.0527666186
  1       18.5683649323        8.6748669555       10.7065532103
  1        7.4813563202       18.7227835370        3.1694809814
  2        7.4198374473       18.1808539811        3.0985741074
  1        7.3596725961       17.6389987990        3.0259576408
  1       26.3335307433       16.4513771560       17.3121029697
  2       26.7208179682       16.4531313932       17.7026225314
  1       27.0933615660       16.4351311404       18.1068344284
  1       26.3624235897        5.0797954164        0.2570388949
  2       26.4885383322        4.6035976503        0.5016421640
  1       26.6319412134        4.1323251809        0.7462599724
  1       25.3963730084       11.1440493821       24.6031680322
  2       25.1915814120       11.4943115228       24.9744857330
  1       24.9975939154       11.8481698516       25.3481876639
  1       12.0273957813       25.6756037868       14.0888529513
  2       12.4979877059       25.8302084503       14.3278940324
  1       12.9690268315       26.0067129826       14.5503087154
  1        8.0795706616        9.4395662404       24.9467438663
  2        7.8262533234        8.9535758351       24.9930434571
  1        7.5547474109        8.4787174207       25.0504370515
  1        8.6652105529       26.5274947879        6.7958194209
  2        8.8474315070       26.8077752515        7.2325554803
  1        9.0264288020       27.0922664647        7.6678998462
  1       14.2336282297       10.1582795428        5.6573956472
  2       13.8785634247       10.0410291520        6.0607333842
  1       13.5399228725        9.9361320829        6.4812321122
  1       11.5609623356        8.0786832207        0.1902433458
  2       11.8358448579        7.8140595394        0.5863669454
  1       12.1098598909        7.5730643642        0.9978728217
  1       11.8471279207       12.1672004340       20.1961042253
  2       12.3528327765       11.9522382812       20.2196387042
  1       12.8547278864       11.7277423624       20.2338823007
  1       26.3521477730        6.8690830087       10.1510099042
  2       25.8464553426        7.0636658942       10.2454168241
  1       25.3420442443        7.2678611643       10.3252524961
  1       27.4322873910       22.1909602666       13.1302309000
  2       27.2766872653       21.7891406710       13.4720343721
  1       27.1096137673       21.3867198463       13.8076590510
  1        4.0928620867       16.3540710558       25.9011109227
  2        4.2484667860       16.4111057526       26.4255479741
  1        4.4125313757       16.4771261209       26.9463397947
  1       15.2633284561       22.0812629696       17.2669165670
  2       15.3934513273       21.8327827145       17.7400186714
  1       15.5540499432       21.5735868245       18.1977583072
  1       11.4532680768       24.0873139227        0.3355876288
  2       11.9840022856       24.2315152639        0.3303748813
  1       12.5117288085       24.3860551452        0.3193231339
  1        0.7759887881       13.4799127506        5.6427062733
  2        0.6404668111       13.5623125727        5.1160716152
  1        0.4901566380       13.6480566804        4.5940038046
  1        5.4197095127        0.6464278286        8.5462008689
  2        5.4327543658        0.0998490536        8.6060462915
  1        5.4717850089       -0.4469426894        8.6507161659
  1        0.6056438000        8.7435172728       12.3634512453
  2        0.6718216416        8.3577815346       12.7498816187
  1        0.7107165791        7.9571381731       13.1246776695
  1        1.4030631358        5.5101448579       25.5159467197
  2        1.6130764564        5.3628499056       26.0024635254
  1        1.8167252144        5.2099972227       26.4899706942
  1        7.8860287890        1.8734557147       24.0395553100
  2        7.7575156753        2.2323203717       24.4360405399
  1        7.6069303874        2.5851030740       24.8302085689
  1       27.7099082278        5.4805539535        3.7236197794
  2       27.6249548927        5.8862012596        4.0851902345
  1       27.5325488806        6.3055510772        4.4288570184
  1       24.0843290278       14.6955754475       10.5931892376
  2       23.9550679809       15.1523174424       10.8709991219
  1       23.8275931571       15.6021022982       11.1607296031
  1        9.6959606581        4.7571855920        5.9307247671
  2        9.7544510934        5.2671162364        6.1283345007
  1        9.8093517202        5.7707192543        6.3425071428
  1       11.4201693355       19.7963056146       19.3961887114
  2       11.6695011474       20.2604064694       19.2382518755
  1       11.9229756596       20.7226312128       19.0814113282
  1        9.5213413039       27.0260200019       24.5958838207
  2        9.9147319237       26.7296458526       24.3511264228
  1       10.3107715911       26.4381288911       24.1048127161
  1       27.7187061886       27.7582565884       20.0873972051
  2       27.8555321971       27.6466048322       20.6082738976
  1       27.9927081335       27.5385996321       21.1298269996
  1        9.3019327041        1.9575153818        3.9468415970
  2        9.3399236049        1.5875427415        4.3520291300
  1        9.3622919720        1.2220119115        4.7623788192
  1       24.9192448964       24.4297709659       11.8656356906
  2       24.6439340078       24.0193634784       11.6242447032
  1       24.4010394573       23.5929538597       11.3758960100
  1        1.1201954062       27.4285862118       17.0520240802
  2        1.1507246720       26.8805842716       17.0165017283
  1        1.1655946252       26.3315395005       16.9877141826
  1        1.7573896317        7.8048429854        0.8904814297
  2        2.0956896613        8.0591330449        1.2417500671
  1        2.4344387433        8.3281338930        1.5814375737
  1        7.2503191754        9.1548976130       14.5627204868
  2        7.7162636609        8.8770634742       14.6532960227
  1        8.1804432666        8.5984858156       14.7504133786
  1       11.5979379062       11.5625985780       24.3958592686
  2       11.5923747652       11.4076363756       23.8681701866
  1       11.5597198168       11.2557581545       23.3405655436
  1       20.6247354813        5.6635990924       25.6660277249
  2       20.1404901810        5.4851852478       25.4758304874
  1       19.6659125288        5.2908010167       25.2771075101
  1       21.7363632257        5.9662786178       10.5327249096
  2       21.7728444224        6.4648085209       10.7621525845
  1       21.8090564190        6.9741026790       10.9666230000
  1        5.5728478354        0.3815053267        4.2901697687
  2        5.8014870035        0.1796347784        4.7478513311
  1        6.0338630286       -0.0232360897        5.2032026161
  1       14.3523595957       26.2338145076       25.8186969542
  2       13.8413274841       26.2674670377       25.6181634457
  1       13.3278918290       26.3060674398       25.4247885868
  1        2.7509290819        2.4427632307       14.7404404177
  2        2.4034234956        2.8315951754       14.5656560185
  1        2.0513308618        3.2035198351       14.3651496002
  1        8.5818893758       14.1468733716       25.0423109772
  2        8.8732072671       13.7399804824       25.2705040159
  1        9.1727623621       13.3325897098       25.4868359424
  1       14.4109469504       16.3898590221        2.3440339661
  2       14.4357030113       16.3505703630        1.7959978918
  1       14.4547011960       16.3118485908        1.2476916887
  1       13.1864095296        0.7950332709       12.1823523442
  2       12.9922938943        1.0956063135       11.7646503377
  1       12.7910272455        1.3773905443       11.3373455492
  1       13.7992930766       21.1033561374        1.1346658272
  2       13.9373895727       20.6174834546        0.9170489762
  1       14.0841431185       20.1367729461        0.6937088707
  1        4.6221952970       10.5598489058       13.7250229110
  2        4.4685132877       10.0319001323       13.7126968183
  1        4.3003604580        9.5083919037       13.7254936709
  1       18.3477786933        0.7994662886       26.5507397241
  2       18.1549717208        0.7249457698       26.0410612337
  1       17.9673730753        0.6669531641       25.5273068129
  1        7.5878594126       21.7203348735       23.9077415371
  2        7.8696688663       22.1063308924       24.1799372482
  1        8.1688742495       22.4866962028       24.4412768133
  1        1.0192845854       10.7030459711       27.7158884613
  2        0.5587061206       11.0036194772       27.7206890029
  1        0.0839479193       11.2810380205       27.7326723708
  1       21.2982199834       19.2470162839        0.6896941429
  2       20.8107799652       19.3652507135        0.9153550571
  1       20.3165267904       19.5108794857        1.1077246465
  1        5.6841147525        3.8038237736        8.8141146652
  2        6.2282052314        3.8334169246        8.8888796046
  1        6.7727677143        3.8619126336        8.9605712763


Molecules in box 2
##############################################################################                                           
Moleculetype  1
Number-of-molecules: 7     
Atomtype         X                  Y                   Z
  1        4.8952591883        9.3530604105       34.0650994125
  2        4.8211819936        8.9440987502       34.4253256326
  1        4.7318817714        8.5353052199       34.7822756556
  1       12.5938289431       28.3537814356       12.3640640568
  2       13.1041793592       28.4842117792       12.2058541382
  1       13.6159653139       28.6007747873       12.0415732792
  1       28.5423529572       11.0799635222       30.0950431576
  2       28.7019452085       11.1003712685       29.5691022510
  1       28.8530688315       11.1564558624       29.0432542046
  1       27.0792115037       38.7611778302       11.0413328310
  2       27.6052168041       38.7389568261       11.2004700386
  1       28.1297852602       38.7180809753       11.3644582478
  1       37.4451113145       26.5178359708       17.8080135203
  2       37.7640273753       26.9104995364       18.0239020805
  1       38.0948683048       27.3023096307       18.2227214166
  1       14.2299868179       11.0574656519       17.3166798866
  2       14.6058979102       10.7956523917       17.0123040212
  1       14.9801799652       10.5342905687       16.7055419965
  1       35.7648085362       25.3500688084       37.7078869592
  2       35.6547822512       25.5415286212       37.2041634669
  1       35.5465013177       25.7222619733       36.6961175104


Number-of-fractionals:  1        
##############################################################################                                           
Fractional-type:      2
Box:                  1
Lambda:               0.389777
Reaction-Step         1 (only used if Type = 3 (RxMC))

Moleculetype  1
Atomtype         X                  Y                   Z
  1        3.2984967659       17.9522497583        2.7673557122
  2        3.5789858672       18.3895210024        2.5867464014
  1        3.8441440426       18.8401318509        2.4160390369

------------------------------------------------------------------------------                                           

