#   100 bins for weightfunction of N2                      
 0.0000000    0.8008203125E+001    0.6175781250E+001
 0.0101010    0.8007812500E+001    0.6189453125E+001
 0.0202020    0.8001171875E+001    0.6167578125E+001
 0.0303030    0.8198828125E+001    0.6241015625E+001
 0.0404040    0.8271875000E+001    0.6237109375E+001
 0.0505051    0.8354296875E+001    0.6179296875E+001
 0.0606061    0.8594921875E+001    0.6178906250E+001
 0.0707071    0.8758203125E+001    0.6171093750E+001
 0.0808081    0.9035156250E+001    0.6202343750E+001
 0.0909091    0.9276562500E+001    0.6173828125E+001
 0.1010101    0.9441015625E+001    0.6194921875E+001
 0.1111111    0.9562890625E+001    0.6188281250E+001
 0.1212121    0.9598828125E+001    0.6173437500E+001
 0.1313131    0.9562109375E+001    0.6255859375E+001
 0.1414141    0.9565625000E+001    0.6203125000E+001
 0.1515152    0.9555468750E+001    0.6183984375E+001
 0.1616162    0.9513281250E+001    0.6195312500E+001
 0.1717172    0.9364843750E+001    0.6188671875E+001
 0.1818182    0.9215625000E+001    0.6162890625E+001
 0.1919192    0.9080859375E+001    0.6205468750E+001
 0.2020202    0.8909765625E+001    0.6173046875E+001
 0.2121212    0.8728125000E+001    0.6214062500E+001
 0.2222222    0.8361328125E+001    0.6173828125E+001
 0.2323232    0.8244531250E+001    0.6195312500E+001
 0.2424242    0.7978125000E+001    0.6227343750E+001
 0.2525253    0.7759375000E+001    0.6200781250E+001
 0.2626263    0.7506640625E+001    0.6216406250E+001
 0.2727273    0.7267578125E+001    0.6162500000E+001
 0.2828283    0.7071093750E+001    0.6160156250E+001
 0.2929293    0.6657812500E+001    0.6194921875E+001
 0.3030303    0.6482812500E+001    0.6165234375E+001
 0.3131313    0.6175000000E+001    0.6191796875E+001
 0.3232323    0.5851171875E+001    0.6196484375E+001
 0.3333333    0.5551171875E+001    0.6178515625E+001
 0.3434343    0.5232421875E+001    0.6233593750E+001
 0.3535354    0.4959765625E+001    0.6199609375E+001
 0.3636364    0.4648437500E+001    0.6212109375E+001
 0.3737374    0.4387890625E+001    0.6175781250E+001
 0.3838384    0.4101171875E+001    0.6182812500E+001
 0.3939394    0.3823828125E+001    0.6196093750E+001
 0.4040404    0.3465625000E+001    0.6171875000E+001
 0.4141414    0.3116015625E+001    0.6204296875E+001
 0.4242424    0.2805468750E+001    0.6174218750E+001
 0.4343434    0.2517968750E+001    0.6145312500E+001
 0.4444444    0.2230078125E+001    0.6177343750E+001
 0.4545455    0.1914062500E+001    0.6203125000E+001
 0.4646465    0.1613281250E+001    0.6160156250E+001
 0.4747475    0.1274218750E+001    0.6165625000E+001
 0.4848485    0.9304687500E+000    0.6190625000E+001
 0.4949495    0.6316406250E+000    0.6186718750E+001
 0.5050505    0.4558593750E+000    0.6197656250E+001
 0.5151515    0.4378906250E+000    0.6175000000E+001
 0.5252525    0.4382812500E+000    0.6193750000E+001
 0.5353535    0.4457031250E+000    0.6177734375E+001
 0.5454545    0.4582031250E+000    0.6135937500E+001
 0.5555556    0.4347656250E+000    0.6226171875E+001
 0.5656566    0.4496093750E+000    0.6178125000E+001
 0.5757576    0.4605468750E+000    0.6177343750E+001
 0.5858586    0.4417968750E+000    0.6201953125E+001
 0.5959596    0.4382812500E+000    0.6214453125E+001
 0.6060606    0.3894531250E+000    0.6203906250E+001
 0.6161616    0.4375000000E+000    0.6181640625E+001
 0.6262626    0.4539062500E+000    0.6210937500E+001
 0.6363636    0.3757812500E+000    0.6233593750E+001
 0.6464646    0.3574218750E+000    0.6186718750E+001
 0.6565657    0.3921875000E+000    0.6137890625E+001
 0.6666667    0.3484375000E+000    0.6203906250E+001
 0.6767677    0.3550781250E+000    0.6159375000E+001
 0.6868687    0.3796875000E+000    0.6235546875E+001
 0.6969697    0.4003906250E+000    0.6176171875E+001
 0.7070707    0.3292968750E+000    0.6209765625E+001
 0.7171717    0.3335937500E+000    0.6196875000E+001
 0.7272727    0.3230468750E+000    0.6188281250E+001
 0.7373737    0.3160156250E+000    0.6231640625E+001
 0.7474747    0.2753906250E+000    0.6187109375E+001
 0.7575758    0.3210937500E+000    0.6225781250E+001
 0.7676768    0.2988281250E+000    0.6206640625E+001
 0.7777778    0.2703125000E+000    0.6145703125E+001
 0.7878788    0.2523437500E+000    0.6218359375E+001
 0.7979798    0.2636718750E+000    0.6211718750E+001
 0.8080808    0.2445312500E+000    0.6203515625E+001
 0.8181818    0.2343750000E+000    0.6187890625E+001
 0.8282828    0.2171875000E+000    0.6176562500E+001
 0.8383838    0.2378906250E+000    0.6216796875E+001
 0.8484848    0.1855468750E+000    0.6200000000E+001
 0.8585859    0.1949218750E+000    0.6196875000E+001
 0.8686869    0.1843750000E+000    0.6210937500E+001
 0.8787879    0.1457031250E+000    0.6196484375E+001
 0.8888889    0.1343750000E+000    0.6217968750E+001
 0.8989899    0.1320312500E+000    0.6194531250E+001
 0.9090909    0.9804687500E-001    0.6200781250E+001
 0.9191919    0.1339843750E+000    0.6207812500E+001
 0.9292929    0.5937500000E-001    0.6186718750E+001
 0.9393939    0.7890625000E-001    0.6137500000E+001
 0.9494949    0.3945312500E-001    0.6145312500E+001
 0.9595960    0.8554687500E-001    0.6178515625E+001
 0.9696970    0.3476562500E-001    0.6187109375E+001
 0.9797980    0.3125000000E-002    0.6205859375E+001
 0.9898990    0.0000000000E+000    0.6198828125E+001
 1.0000000    0.7421875000E-002    0.6206250000E+001


