Compiled using GNU Fortran (Ubuntu 9.4.0-1ubuntu1~20.04.2) 9.4.0 with all optimizations
Last Brick update unknown
Compiled at 16:28:53 on Sep  3 2023
Starting at 15:00:21 on Jan 06 2025

Settings
OK                      

Forcefield
OK                      

Topology
OK                      

Configuration
OK                      Starting from random configuration.

 F
Monte Carlo Simulation initialized.

#########################################################################################################################
###########################################   ENERGY STARTING CONFIGURATION   ###########################################
#########################################################################################################################
                                               Box 1               Box 2
-------------------------------------------------------------------------------------------------------------------------
Lennard Jones        
 Intermolecular                          0.1216414904E+008  -0.1697415625E+004
 Tailcorrection                         -0.3093621112E+004  -0.4645001238E+002
Total Intermolecular                     0.1216105542E+008  -0.1743865638E+004

Electrostatic        
 Real                                   -0.4766400905E+004   0.4658804277E+002
 Exclusion                               0.1043425830E+008   0.2037985693E+007
 Selfterm                               -0.1044989240E+008  -0.2038978394E+007
 Fourier                                 0.1374302151E+005   0.1006312586E+004
Total Intermolecular                    -0.6657482338E+004   0.6019901673E+002

Intramolecular       
 Lennard Jones                           0.0000000000E+000   0.0000000000E+000
 Electrostatic                           0.0000000000E+000   0.0000000000E+000
 Bending                                 0.9343375086E+007   0.3104111324E+007
 Torsion                                 0.0000000000E+000   0.0000000000E+000

Total                                    0.2149777303E+008   0.3102427658E+007

#########################################################################################################################

Simulation is running...



#########################################################################################################################
###############################################   RELATIVE ENERGY DRIFTS   ##############################################
#########################################################################################################################
                                               Box 1               Box 2                                                 
-------------------------------------------------------------------------------------------------------------------------

Lennard Jones        
 Intermolecular                          0.1876400426E-013   0.1579384253E-015
 Tailcorrection                          0.0000000000E+000   0.0000000000E+000

Electrostatic        
 Real                                    0.6773246310E-015   0.3251556224E-013
 Exclusion                               0.2778350206E-015   0.1903205111E-015
 Selfterm                                0.0000000000E+000   0.0000000000E+000
 Fourier                                 0.1011692759E-014   0.1301241721E-015

Intramolecular       
 Lennard Jones                           0.0000000000E+000   0.0000000000E+000
 Electrostatic                           0.0000000000E+000   0.0000000000E+000
 Bending                                 0.8295074451E-015   0.6009138927E-013
 Torsion                                 0.0000000000E+000   0.0000000000E+000

Total                                    0.4788862890E-014   0.3575243275E-013

#########################################################################################################################
############################################   TRIAL MOVE ACCEPTANCE RATES   ############################################
#########################################################################################################################
                                               Box 1               Box 2
-------------------------------------------------------------------------------------------------------------------------
Translation
 N2                                           0.51215             0.89495
-------------------------------------------------------------------------------------------------------------------------
Rotation
 N2                                           0.50859             0.98509
-------------------------------------------------------------------------------------------------------------------------
Bond Bending
 N2                      
  Bending 1                                   0.32279             0.32589
-------------------------------------------------------------------------------------------------------------------------
Lambda Move
 N2                                           0.75572             0.98649
-------------------------------------------------------------------------------------------------------------------------
GE Swap Fractional
 N2                                           0.31129             0.32634
-------------------------------------------------------------------------------------------------------------------------
GE Identity Change
 N2                                           0.72522             0.94220
-------------------------------------------------------------------------------------------------------------------------
Volume                                        0.50020             0.50020

#########################################################################################################################
######################################################   AVERAGES   #####################################################
#########################################################################################################################
                                                       Boltzmann                                    Biased
                                               Box 1               Box 2                  Box 1               Box 2      
-------------------------------------------------------------------------------------------------------------------------
Density
 N2                                      0.7923295049E+003   0.5579930333E+001      0.7932500281E+003   0.5602108120E+001
 Total                                   0.7923295049E+003   0.5579930333E+001      0.7932500281E+003   0.5602108120E+001

Number of molecules
 N2                                      0.3844670327E+003   0.1553296727E+002      0.3844016580E+003   0.1559834200E+002
 Total                                   0.3844670327E+003   0.1553296727E+002      0.3844016580E+003   0.1559834200E+002

Mole fractions
 N2                                           1.00000             1.00000                 1.00000             1.00000

Volume                                   0.2257565058E+005   0.1294243494E+006      0.2254564367E+005   0.1294543563E+006

#########################################################################################################################
#######################################   PROPERTIES FROM THE CFC GIBBS ENSEMBLE   ######################################
#########################################################################################################################
                                                       Boltzmann                                    Biased
                                               Box 1               Box 2                  Box 1               Box 2      
Chemical Potentials (as an indication)
=========================================================================================================================

Total N2                                -0.7288658131E+003  -0.7289879389E+003     -0.7287729235E+003  -0.7286706040E+003
 Ideal gas                              -0.3258082537E+003  -0.7222723382E+003     -0.3257153642E+003  -0.7219550033E+003
 Excess                                 -0.4030575593E+003  -0.6715600683E+001     -0.4030575593E+003  -0.6715600683E+001

-------------------------------------------------------------------------------------------------------------------------

#########################################################################################################################
##################################################   AVERAGE ENERGIES   #################################################
#########################################################################################################################
                                                       Boltzmann                                    Biased
                                               Box 1               Box 2                  Box 1               Box 2      
-------------------------------------------------------------------------------------------------------------------------
Lennard Jones        
 Intermolecular                         -0.2189453299E+006  -0.1020175467E+003     -0.2185814840E+006  -0.1060648196E+003
 Tailcorrection                         -0.6066073550E+004  -0.1170286901E+001     -0.6056598589E+004  -0.1219783958E+001
Total Intermolecular                    -0.2250114035E+006  -0.1031878336E+003     -0.2246380826E+006  -0.1072846036E+003

Electrostatic        
 Real                                   -0.7133989075E+004  -0.3162922517E+001     -0.7133207482E+004  -0.3227390393E+001
 Exclusion                               0.1340080593E+008   0.3169935701E+006      0.1339095738E+008   0.3196240557E+006
 Selfterm                               -0.1340321936E+008  -0.3170004753E+006     -0.1339336857E+008  -0.3196310475E+006
 Fourier                                 0.1136967002E+004   0.7149065451E+001      0.1135707023E+004   0.7208697070E+001
Total Intermolecular                    -0.8410451559E+004  -0.2919056049E+001     -0.8408689023E+004  -0.3010457296E+001

Intramolecular       
 Lennard Jones                           0.0000000000E+000   0.0000000000E+000      0.0000000000E+000   0.0000000000E+000
 Electrostatic                           0.0000000000E+000   0.0000000000E+000      0.0000000000E+000   0.0000000000E+000
 Bending                                 0.3090887780E+005   0.1247181241E+004      0.3087407058E+005   0.1282163683E+004
 Torsion                                 0.0000000000E+000   0.0000000000E+000      0.0000000000E+000   0.0000000000E+000

Total                                   -0.2025129772E+006   0.1141074351E+004     -0.2021727011E+006   0.1171868622E+004

#########################################################################################################################

No errors found in bookkeeping.

Total simulation time :  1 days and   9 hours

Simulation finished.

