Simulation state at cycle:    1100000
##############################################################################                                           

Number-of-molecules: 401   

Box-size(s):    27.228758   50.892308

------------------------------------------------------------------------------                                           

Deltas
Translation per molecule type
Box 1    0.4181666654E+000
Box 2    0.2545147466E+002

Rotation per molecule type
Box 1    0.6728746465E+002
Box 2    0.1800000000E+003

Volume    Delta_Volume
Box 1   0.2656213752E+003
Box 2   0.1229728589E+004

------------------------------------------------------------------------------                                           

Molecules in box 1
##############################################################################                                           
Moleculetype  1
Number-of-molecules: 400   
Atomtype         X                  Y                   Z
  1        2.8114534355        3.7161756451        9.3071609042
  2        2.5736798592        3.5196947073        9.7625277536
  1        2.3429538343        3.3220319345       10.2209979584
  1        2.4438182995        5.2806682696       20.0515521942
  2        2.8072428893        5.1829541680       20.4526438569
  1        3.1801239739        5.0788652259       20.8433165945
  1        4.7735582466       12.6146122314       22.6162293467
  2        5.0778299491       12.2886639963       22.2942410254
  1        5.3973914359       11.9751717049       21.9747053649
  1       14.7228707818        8.3243741778       23.9581529050
  2       14.5755418793        8.7031399281       24.3287344761
  1       14.4442110165        9.0912858644       24.6956063006
  1       11.8329434221        0.5385107717        1.1926231217
  2       11.4545219009        0.4298511810        0.8085785336
  1       11.0848228350        0.3332877878        0.4129801125
  1        7.6192057545       26.5399636023       14.5568800284
  2        7.1405734656       26.7304759011       14.7495356695
  1        6.6733906177       26.9418473103       14.9484384421
  1       18.7434962280        0.0581074073        2.7722125814
  2       18.2999453049        0.0238551778        3.0956153696
  1       17.8510675881       -0.0234911386        3.4098877366
  1        6.2518626957       19.8374874751       12.9930551183
  2        6.7573340768       20.0485728326       13.0424682211
  1        7.2645717117       20.2560925106       13.0887884538
  1       23.5099127557       19.0972634574        0.5185543162
  2       23.3996805394       18.5775718993        0.6609254611
  1       23.2980334408       18.0525877016        0.7896090207
  1       19.2941722564       25.0025678350       21.2170841392
  2       19.3042977744       24.8250287954       21.7375429400
  1       19.3137636882       24.6539828231       22.2601839935
  1        2.8631861138       16.3981178907       24.4254983874
  2        2.7724522716       15.8966131917       24.2187124913
  1        2.6627406190       15.3952255251       24.0210416537
  1       24.4504923169       12.4574476462       16.0689173899
  2       24.0820491210       12.6938235476       15.7359368430
  1       23.7059444638       12.9229755335       15.4064908638
  1       24.9233046555       25.7339398325        9.3112857787
  2       25.4141983596       25.5479684363        9.1471577463
  1       25.9024110202       25.3552657562        8.9827981582
  1        2.9260561080       23.9491997932       20.4251339195
  2        2.7708776091       24.1008138848       20.9305375213
  1        2.5989152922       24.2400125216       21.4340776885
  1       22.1820688157       23.2095703163       24.5553320484
  2       22.2887170189       22.7927089409       24.8978999314
  1       22.4083615907       22.3701724313       25.2290314361
  1        8.9200219768       22.8736081925       13.6211380660
  2        9.3424784613       22.9014088841       13.9722187408
  1        9.7584424986       22.9405281862       14.3299107855
  1       26.2639770464        6.7551204677        9.0569110819
  2       26.6359563557        6.4993048176        9.3710603245
  1       27.0017158976        6.2388439122        9.6886765604
  1       19.7998393023       17.4628248349        6.6624387704
  2       19.2618200497       17.4653492657        6.5482945146
  1       18.7243011166       17.4602017252        6.4319033709
  1        2.9116377294        7.7714795736        7.6669628849
  2        2.9690359526        7.8115544353        8.2124896482
  1        3.0293183196        7.8538435820        8.7575379610
  1        6.1482308160       10.6482282210        8.5386148805
  2        6.0829143472       10.2038326663        8.2212092255
  1        6.0069177943        9.7526709194        7.9159591623
  1       17.6457047657       16.8486126690       13.7216252476
  2       18.1371268398       16.6991139070       13.5250178593
  1       18.6261150631       16.5281025121       13.3402325263
  1       20.4143241181       19.2534291764       10.7083941863
  2       20.2490641928       19.1822565999       10.1886600029
  1       20.0922654707       19.1131828687        9.6660291777
  1       21.1243066431       14.6638344232       10.0293274825
  2       21.0801464294       15.1999342610        9.9146678144
  1       21.0504127524       15.7342387555        9.7876457115
  1       20.5856253072        5.0178361819        1.8506113848
  2       20.3665231328        5.3446392449        1.4663016201
  1       20.1603134024        5.6785901865        1.0810039239
  1       15.5465374488       22.3939762427       10.4973705979
  2       15.2660438599       22.8649947576       10.4530433473
  1       14.9900693890       23.3391575925       10.4142142799
  1       17.4260564612        0.5997767621       13.9257242737
  2       17.3736439708        1.1426856712       13.9964550824
  1       17.3258110069        1.6874294806       14.0553294290
  1        0.9570617704        8.3981315215       18.6219141350
  2        1.4145891975        8.6705025399       18.4841364817
  1        1.8722894264        8.9483808746       18.3584617801
  1       24.0128198518        7.8113039838        4.1498762861
  2       23.5467963225        7.8849659759        4.4325350574
  1       23.0853046610        7.9489261894        4.7248269260
  1       25.1664705057        0.1223510470       19.1985005058
  2       24.8724117713        0.1154939201       18.7337613957
  1       24.5633314063        0.1397866044       18.2794716286
  1       24.3137496052       22.6617246488       17.0273858600
  2       24.2288194094       22.3592956986       16.5759175977
  1       24.1387204328       22.0564421229       16.1257377613
  1       14.4838507237        3.5914250253       19.9526125119
  2       14.5422740633        3.0524946137       20.0455680111
  1       14.5876530510        2.5127381741       20.1409814924
  1       18.8596148983       13.4017073429        7.8863001893
  2       19.2854559036       13.2372104887        7.5795425925
  1       19.7124904053       13.0667368431        7.2777475139
  1       12.1523035061        9.6640800184       18.3523664395
  2       12.3923715171        9.2319187841       18.1113186899
  1       12.6414259912        8.7965260902       17.8856971704
  1       27.2040961460       27.0634385681       21.8792475397
  2       26.8867379406       26.7965326290       22.2405576409
  1       26.5768146239       26.5239083473       22.6040456569
  1       22.9115527733       18.6056270853        7.4166919570
  2       23.3702813204       18.8688921632        7.2658290429
  1       23.8361464643       19.1254607997        7.1256784045
  1        1.5751506848        5.4244238108        5.7162562639
  2        1.2557561841        5.2184695543        6.1138364410
  1        0.9519020415        5.0058923833        6.5200181803
  1        3.8897991483        6.4003688378       27.0455412460
  2        3.3692230272        6.5144424705       27.1815107588
  1        2.8503876132        6.6482368317       27.3056432731
  1       17.1862993305       19.7581526684       11.7569525812
  2       17.1629214078       19.9565122003       12.2694044997
  1       17.1496861434       20.1354335847       12.7893198437
  1        3.9335971083       20.5774213835       10.1887949685
  2        4.4724820730       20.6843490843       10.1629210124
  1        5.0117826961       20.7829308869       10.1189157280
  1        5.1531820145       22.4883230904        3.6262218181
  2        5.1460833794       21.9529843071        3.5002773998
  1        5.1505150030       21.4155416859        3.3835050203
  1        0.5891054213       15.4825927804       14.3844644933
  2        0.3200737312       15.0721061733       14.1362253038
  1        0.0405082267       14.6595706990       13.9035074271
  1       18.3192823666       12.6164479967       11.1811025960
  2       18.2798446274       13.0287387214       11.5429879688
  1       18.2256718238       13.4352055627       11.9095258431
  1       17.7784430842        2.8519128482        1.1162370641
  2       17.9365149193        2.8712103760        0.5897953291
  1       18.1072720011        2.8820994666        0.0670875277
  1       17.3232455796       16.9417008749       10.0598787921
  2       17.2293244186       16.5207169003        9.7186291640
  1       17.1382373941       16.0913956321        9.3871379852
  1       17.2606249216       14.8794719578       25.4064506691
  2       17.1866131128       15.4241017456       25.4264668227
  1       17.0957966945       15.9660752289       25.4492071066
  1       12.4659176829        4.9049259061       17.5678900925
  2       12.3516349563        4.3678949616       17.5356841452
  1       12.2253623632        3.8344050420       17.4915963130
  1       14.6070925000       26.1764880554       13.6817846241
  2       14.4316297422       25.8164771706       13.3048164777
  1       14.2712019498       25.4631411923       12.9150516654
  1       16.9291995058        2.7148829802        9.6279461997
  2       16.8997836579        3.1014357212       10.0180893610
  1       16.8764163056        3.4878076116       10.4088203786
  1        9.1083001332       22.1298458518        3.6584235129
  2        9.4769746070       22.2716330796        3.2757023161
  1        9.8542734627       22.4188970322        2.9036016567
  1        3.8524590444       26.6798183724       23.4160490880
  2        4.1392235286       26.5557121147       23.8686678762
  1        4.4286619259       26.4256732032       24.3179064482
  1       23.8001385082       17.9719834652       17.2428392478
  2       23.4319598591       17.9199498355       16.8375776240
  1       23.0720807763       17.8557248590       16.4266491666
  1        7.7676757978        4.4465549267       16.9915498208
  2        8.2599193886        4.2022763865       16.9686534870
  1        8.7547670495        3.9654743795       16.9292758156
  1       12.0284478753       18.7663990281        8.1077555363
  2       12.2455180368       19.2638506965        8.0187477690
  1       12.4831370057       19.7431049584        7.8908705741
  1        3.6224639820       12.4915669987        9.3627408839
  2        3.9700424354       12.9136184020        9.4224219668
  1        4.3145223275       13.3373421698        9.4879335808
  1        2.0077993594       11.4469095077       13.6139961122
  2        1.9890070316       11.6718696462       13.1124586914
  1        1.9450351904       11.8963306050       12.6122749710
  1        0.9636048359       12.3780674111       17.0555473867
  2        1.2657373587       12.2840480297       17.5054099152
  1        1.5855542671       12.1951748426       17.9439514762
  1       16.2307752152       20.1987084329       15.7501997337
  2       16.7478027089       20.0530465148       15.8683740810
  1       17.2581496124       19.8847987257       15.9855863605
  1        7.8494495816       14.0484613731       24.5353171188
  2        8.0326793568       13.7104460020       24.1420329234
  1        8.2152874233       13.3765045471       23.7449971596
  1        2.8561721360        7.7734434133        3.3063703643
  2        3.2287795913        7.8977609084        3.6913493827
  1        3.6095348956        8.0324770111        4.0646816327
  1       20.6136365830       19.1037217054       14.1011562284
  2       20.6358535714       19.5592921780       14.4085028568
  1       20.6815088161       20.0003113793       14.7339527940
  1       21.3980972279       11.3889964301       13.0917540019
  2       21.4648009211       11.6350009659       12.6043810588
  1       21.5283305052       11.8921254909       12.1223530828
  1       12.7412586543        4.1989143444       10.4308901345
  2       13.0408736330        4.1709201560        9.9705129087
  1       13.3271597510        4.1568019437        9.5011080369
  1       20.5517864723       19.1178262357       25.2633631063
  2       20.4638778254       18.5941724075       25.1199799203
  1       20.3818308683       18.0705779813       24.9729521247
  1       21.2627413439       26.3182353463        9.8438400497
  2       21.2094865078       26.3499183409       10.3903380920
  1       21.1555095773       26.3567435421       10.9376404825
  1        3.5243577994       21.5817308264       17.9736840566
  2        3.0919239330       21.7918821097       17.7065934552
  1        2.6647145641       22.0098074521       17.4373339164
  1       11.1328088315        5.9501089514       14.2395156253
  2       11.1777259367        5.4146339384       14.1222596484
  1       11.2030426074        4.8820871830       13.9871559162
  1       21.2701933535       25.7206590288       16.2614216046
  2       21.5214646552       25.2437084155       16.3704208953
  1       21.7800066147       24.7727792153       16.4882417023
  1        6.1134141614        8.0152079726        1.6694328739
  2        5.9704511330        8.4764006789        1.4060645762
  1        5.8559343263        8.9415419899        1.1358249404
  1       10.4958277758       13.2042154402       13.8007341162
  2       10.4486750295       13.1751011611       13.2535330770
  1       10.4116366163       13.1557358596       12.7051234308
  1       26.1704926710       21.6052292762       26.3959227457
  2       26.2315883360       21.0707808133       26.2813271078
  1       26.2699910903       20.5357307604       26.1598912469
  1        5.4969882219       23.0995362264       24.4611572470
  2        5.2862381746       23.0698545422       23.9540049866
  1        5.0733504650       23.0463457293       23.4474221624
  1       20.1348755352        2.4557554654       22.9867656077
  2       19.6582610212        2.3344494112       23.2329838974
  1       19.1853690901        2.1902879902       23.4740040319
  1       20.7994304642       11.9789538973       24.5357920253
  2       20.5861677050       12.4849592427       24.5670583981
  1       20.3867883859       12.9968043377       24.5946715243
  1        8.1891009724        6.9974122171       21.4538050954
  2        7.6561822760        7.1082529783       21.5326212660
  1        7.1248663032        7.2209979298       21.6191770974
  1       14.7004425643        8.2068697550        8.8397842838
  2       14.8870958225        7.7024686750        8.9548499682
  1       15.0581723159        7.1959396642        9.0839282144
  1        5.0541449450       25.3503448672        0.2590082465
  2        4.5737956648       25.1779261116        0.4640359074
  1        4.0818378811       25.0323962224        0.6622746255
  1        7.3355219568        4.7170615207        0.4546743557
  2        7.2686641131        5.0397758983        0.0143500897
  1        7.1929448732        5.3594660481       -0.4267449157
  1       26.8375494052        2.6050427845        8.3642693718
  2       26.4737250899        2.5232013913        8.7685389031
  1       26.1072936011        2.4308839235        9.1681705437
  1       13.2438072311       18.6825977717        2.2134636066
  2       13.7225958241       18.9392166184        2.2995348020
  1       14.2042606160       19.1927398904        2.3784333308
  1        8.0749439541       17.7717244342       26.3525441798
  2        8.0870267889       17.2504735370       26.5276198985
  1        8.1213295360       16.7333701853       26.7118139379
  1        6.1825346615        1.1720162451        2.1933960985
  2        5.7417900206        1.1355203905        2.5203704309
  1        5.3061874885        1.0870461884        2.8526364159
  1       13.6445015379       12.2216119434        5.1112691154
  2       13.4012489506       12.2394906256        5.6042280706
  1       13.1781598991       12.2639794429        6.1063551182
  1       25.1360611267       17.4675057589       20.5167405549
  2       24.7620150910       17.4509260304       20.9196235104
  1       24.3891352869       17.4254521586       21.3231228691
  1       -0.1152115097       24.1504567656       15.6311393723
  2        0.2981358526       23.9850369306       15.3082148668
  1        0.7279534519       23.8261179579       15.0040741256
  1        9.9035125551       26.7634469474        8.5024481978
  2        9.8232489483       26.3411936277        8.1592865924
  1        9.7229390143       25.9259432077        7.8128692071
  1        1.8815814349       -0.0600301986       18.9555813368
  2        1.6317638634        0.4294640083       18.9776404037
  1        1.3980368588        0.9265042193       19.0063234108
  1        1.0234529978       26.8231797193       11.3309728141
  2        1.0405122340       26.5441415759       11.8046253206
  1        1.0531120021       26.2665585044       12.2792713817
  1       15.8595193810       10.5732258756       12.3539290986
  2       15.9406469172       10.2038353426       11.9545934541
  1       16.0034391131        9.8269764390       11.5589490355
  1        8.6069134701       23.5954494726       23.3611866704
  2        8.9101442189       23.8602853757       23.7359039737
  1        9.2277489543       24.1170629036       24.1042686466
  1        4.3911958395       19.9871977375        6.1962623217
  2        4.3602930539       19.5216105664        6.4874213916
  1        4.3539969587       19.0523106760        6.7741581542
  1        6.3350824229        4.0202145377       20.1573976958
  2        6.7759775041        3.6934533627       20.1939854243
  1        7.2238060706        3.3769112797       20.2358265972
  1       11.6331056477        1.1866270967       14.1938771293
  2       11.1661602229        1.0990991149       14.4710067429
  1       10.6908286762        1.0464039464       14.7426372619
  1        1.1790264981       14.7254811257       10.3956789156
  2        1.3962963595       14.9956323725        9.9686986921
  1        1.6168473195       15.2835895704        9.5552522927
  1       25.7870395054       11.2884401346       18.8336371384
  2       25.3043303175       11.0430378463       18.9299156759
  1       24.8074506032       10.8169469043       18.9969487608
  1       23.3834567504       20.5379509897       19.5361163133
  2       22.9633204939       20.2152939730       19.3882042599
  1       22.5451115640       19.8898976787       19.2408321404
  1       17.6051981935       23.8144631405        7.1316248817
  2       17.1749400795       23.9480963526        7.4470929784
  1       16.7396248878       24.0794171009        7.7565369053
  1        5.8103329597        6.7831901173       17.5645554586
  2        5.3027261191        6.6255791298       17.7059558546
  1        4.7954096722        6.4743330128       17.8551357251
  1       12.0195446286        5.2365555728        3.2567496381
  2       11.7615326301        4.7509671455        3.2451872904
  1       11.4997349411        4.2674165132        3.2570513150
  1        8.8133686867       11.0095742018        6.0292290998
  2        9.2195822579       11.3803713283        6.0290690722
  1        9.6293323940       11.7471857855        6.0362787098
  1       22.8283030962       14.5565907132        7.3301642825
  2       22.6375471812       15.0559169000        7.2006052607
  1       22.4714161281       15.5625148691        7.0654795050
  1       16.6812636893       14.4596127243        4.7690014358
  2       16.4793347104       14.3567893578        5.2701521544
  1       16.2837064375       14.2516008091        5.7733071475
  1       25.9770219746        9.0218985471        6.4128996094
  2       26.1222816274        9.4243679883        6.0673305394
  1       26.2750660431        9.8259985916        5.7240379822
  1        8.1054054097       18.9218796101        9.9120745115
  2        8.5385616327       19.2129493135        9.7384251110
  1        8.9892666974       19.4783329542        9.5683178895
  1       23.0525428406       26.2825057256        2.8007825240
  2       22.7798407448       26.7310379959        2.9649542920
  1       22.5068416711       27.1765113514        3.1367826781
  1       17.3938885715        8.8785330186       21.8879822498
  2       17.5261597200        8.3602423628       21.7600012380
  1       17.6494936289        7.8427328536       21.6204567872
  1       10.6462278200        9.1750070540       14.2881687502
  2       10.6531839493        9.2738372643       14.8291717093
  1       10.6609358096        9.3813240900       15.3685106472
  1        1.5958571806       18.1852757014        3.8024527840
  2        2.1136102490       18.1172268698        3.6298227846
  1        2.6311451618       18.0342755186        3.4631593923
  1        2.9229125080       26.3710919042       15.8388278943
  2        3.2693700712       25.9439301688       15.8389215079
  1        3.6182860493       25.5192179606       15.8583426152
  1       20.0355070941        8.3552033808       12.2327857997
  2       20.3332936294        7.9869046795       11.9531802811
  1       20.6569044420        7.6405337746       11.6742479646
  1       11.4097451677        7.3841767632       20.7283862126
  2       11.5453550891        7.6769712112       21.1737864376
  1       11.6820447247        7.9705137080       21.6183634782
  1        1.1230329759        6.8751756039       23.3399217075
  2        1.0519009077        6.5143822035       23.7489062441
  1        0.9987019164        6.1335844370       24.1421783220
  1       19.8057813678       22.5353543151       18.0620473273
  2       19.2955483571       22.5542161614       17.8575809350
  1       18.7899565341       22.5484224828       17.6411477103
  1       27.2381853101       20.0233915869       18.7640865470
  2       26.7644118897       20.0904417918       18.4928983906
  1       26.2860807132       20.1640475303       18.2315911389
  1        2.7365330645       11.6413581738       25.0175427696
  2        2.7335940565       11.1586497561       24.7539446936
  1        2.7438796002       10.6773749933       24.4879206171
  1        7.4591771829       11.0088348057       15.6340453016
  2        7.7572612580       11.2442122166       16.0318434397
  1        8.0544818283       11.4975118598       16.4191407704
  1       26.5182922227       15.3127888329       17.8108571849
  2       27.0444698372       15.2934509618       17.9698010893
  1       27.5738559419       15.2879355138       18.1188646025
  1        9.9527410027       25.6814056459       12.5466349334
  2       10.4451631533       25.4938451666       12.3890230933
  1       10.9433206976       25.3291696179       12.2240351430
  1        9.9117006508        6.8021613805       10.6186201255
  2        9.6208470995        6.4097667382       10.8714652487
  1        9.3383942690        6.0203781724       11.1381053477
  1       17.5229114817       23.8528499939       14.0749143829
  2       18.0132794892       23.9036086965       14.3187642780
  1       18.5041999657       23.9557904471       14.5611980827
  1       21.4158223886        1.6319099710       27.4611384605
  2       21.3198986886        1.7308747802       26.9286869507
  1       21.2502924678        1.8259346454       26.3914546033
  1        4.9853124438        9.0592129580       11.5734820831
  2        4.5872490507        9.4085044561       11.4250200190
  1        4.1793056627        9.7550509232       11.2985773947
  1       16.9551065557        6.5997439426       11.9580735727
  2       16.4499864145        6.3915867326       12.0215103038
  1       15.9411766384        6.1889936593       12.0721922269
  1        8.0076523589       18.8857276727        6.4487835947
  2        8.3283736826       19.2864826362        6.2512151464
  1        8.6393812642       19.6930505049        6.0500265500
  1       17.3715362739       19.1239905321       23.0208633632
  2       16.8564948601       19.2212263124       23.1875293320
  1       16.3516047880       19.3354056683       23.3734031837
  1       14.1018963917       21.8777034733       13.6239711093
  2       13.7635644764       21.9122779877       14.0562165466
  1       13.4271629527       21.9489756998       14.4897915594
  1        1.6410851008        1.5964223649        5.3911271687
  2        2.1413318735        1.7777764693        5.5302812385
  1        2.6396806981        1.9602278896        5.6747109006
  1       26.2303274570       13.9919929962        8.0290030354
  2       26.0747392073       13.6317653662        7.6436092742
  1       25.8978877974       13.2689481997        7.2699954609
  1       22.8489928486       23.2687103595        5.9124502615
  2       22.9253718515       23.7398095805        6.1858213864
  1       22.9927322713       24.2000392124        6.4793367331
  1       13.2489829257       23.9665747204       22.1375207083
  2       12.7623273454       24.0020123324       22.3913129893
  1       12.2742119771       24.0120387631       22.6445773904
  1        6.0150169185       12.6095121655       12.5289546218
  2        6.1628928245       12.7407913109       13.0421782596
  1        6.3026989851       12.8796908292       13.5556577239
  1       14.5705699140       12.4241435635       25.8673187376
  2       14.6678535397       12.5557599363       25.3422349094
  1       14.7727500913       12.6988992146       24.8216507573
  1        4.8555937834       14.3583061775       26.5598918151
  2        5.0541852366       13.8615577888       26.4322106770
  1        5.2488380534       13.3664614763       26.2926043687
  1        1.6285636996        6.3435376024       16.1445868068
  2        1.1629983830        6.1379847646       15.9360275423
  1        0.6952942997        5.9494620334       15.7164550730
  1        4.2442802319        5.0885909696       13.7263301608
  2        4.4373422527        4.9880847435       14.2314297100
  1        4.6078140892        4.8898170506       14.7450276193
  1       11.8491656818        1.4764683583        6.5115421469
  2       11.7764604419        1.9235812083        6.8234781138
  1       11.6707342510        2.3710522581        7.1252920153
  1       22.4871059494       14.9539531410       18.9473713423
  2       22.9100893028       14.6861495140       18.7196296023
  1       23.3294067871       14.4317070524       18.4707684361
  1       14.7902627989       10.7730760451        1.5674240677
  2       15.2831447154       10.6220461610        1.3757018975
  1       15.7927757968       10.5042190467        1.2057226901
  1       18.7000024196       23.0631882102       25.3524819284
  2       18.5466540720       22.6520354904       25.0209133453
  1       18.3816546902       22.2403644598       24.6956408971
  1       20.6512512688       14.9887753377       16.2408904616
  2       20.2512062109       15.3395559945       16.3802349361
  1       19.8635696238       15.7000691467       16.5294600760
  1        8.9350593779        1.2996715871        4.7843996673
  2        9.0714079977        1.2674695520        4.2525424657
  1        9.1890500357        1.2360253346        3.7161921967
  1       16.4305657304        9.1470770583        5.5637970985
  2       16.0482773321        9.4356110051        5.2934200617
  1       15.6754312487        9.7368826176        5.0237513528
  1       22.3933116706       22.4513038097       13.4475012748
  2       21.9582125766       22.7876183926       13.4384857501
  1       21.5214992623       23.1219341125       13.4346805410
  1        2.8805258576       20.6043909678       13.6338115055
  2        3.0449371218       20.4470275330       14.1345166938
  1        3.2319680438       20.2950251224       14.6288998452
  1       18.3486623218       26.6548611487       25.6215148627
  2       17.9586193368       26.7063007268       25.2371706944
  1       17.5844152105       26.7740870073       24.8398341985
  1       22.5820936736        9.2429049890       15.5975740870
  2       22.8216117945        8.9080510622       15.2328770656
  1       23.0497074130        8.5834172135       14.8519764853
  1       21.5542062815        5.7794985671       15.7579875672
  2       21.6780213760        5.5355681272       15.2808421356
  1       21.8080105243        5.2947233633       14.8037712604
  1       14.6692208017        5.1046976894        6.2896744519
  2       15.1454057142        4.9444627183        6.5134437153
  1       15.6177588293        4.7911495970        6.7498281913
  1        6.5943029296       11.2908338048        3.6554268071
  2        6.1186793341       11.1557365707        3.8963229108
  1        5.6366597472       11.0236240243        4.1258951040
  1        8.1068231000       14.2592003312        9.5426759323
  2        8.1263373379       13.7395765201        9.7218693740
  1        8.1593756964       13.2222521480        9.9056735084
  1       10.2683981301       16.7393029307       23.3411136496
  2       10.0827049969       17.2550592264       23.3859857321
  1        9.8956807372       17.7680036499       23.4523931389
  1       23.7707384801        2.6964382150       15.7632041014
  2       24.1405736739        3.0966445719       15.8377480566
  1       24.5112105021        3.4955182894       15.9153888843
  1        8.1355275010        1.0642099123       26.1860673934
  2        7.8492366666        0.7077914237       25.8802841056
  1        7.5649508679        0.3300983417       25.5991622112
  1       19.3688174782       23.5723487488        4.0499991404
  2       19.8321948131       23.3296246126        3.8800978774
  1       20.2923491569       23.0916443539        3.6953727428
  1       12.3195525081       22.1381123650       18.5334501658
  2       12.5892053417       22.0321435932       19.0009520041
  1       12.8570371967       21.9336418987       19.4711259215
  1        7.8636911911        7.4552636203       13.9029477228
  2        7.3188105652        7.3828774936       13.9220619124
  1        6.7750302083        7.3031779123       13.9432962983
  1        3.8776093555       19.7205413733       21.2749019258
  2        4.4087065652       19.6572561662       21.1467194916
  1        4.9393434006       19.6113999405       21.0095270921
  1       17.1730069763       26.3776169564       10.3449907373
  2       17.6085937353       26.7126683804       10.3225247919
  1       18.0481883789       27.0431605770       10.3281333735
  1       13.3599737348       20.9386737187       23.7165916856
  2       13.3746369871       20.5860069471       23.2947965490
  1       13.3787834511       20.2270429517       22.8781100292
  1        4.5915094678       17.7191398216       26.8760112784
  2        4.1760963909       17.5765134820       27.2070546333
  1        3.7481436366       17.4212742299       27.5156923071
  1       17.7506433712        3.0784028833        4.9808181826
  2       17.9795520725        2.9202419117        5.4552503838
  1       18.2188146360        2.7515348963        5.9208589830
  1        6.8452271812       25.5232729909        4.4607108576
  2        7.1159253774       25.4790448945        3.9839862389
  1        7.4136043018       25.4534192775        3.5222172656
  1        8.2514470937       14.8758256762        2.6801794788
  2        8.2757377516       14.6446694601        3.1786539192
  1        8.2901906497       14.4228989065        3.6817532476
  1       26.5089667606       19.5298674778       14.9036610222
  2       26.6232725148       20.0629118346       14.8308742911
  1       26.7230818093       20.5969224501       14.7450211243
  1        4.0910694487        2.3085300154       22.0941600878
  2        4.0541744488        2.0949647620       21.5886616788
  1        4.0175357333        1.8811437095       21.0832527740
  1        2.2892714595        0.5634387928        1.7906645372
  2        1.7504164870        0.4918061502        1.7069741372
  1        1.2145375395        0.4333443047        1.5978138639
  1        0.6338781977       13.7770382579       26.5709380198
  2        0.4154556738       13.4026629362       26.9095155139
  1        0.1836117311       13.0397523829       27.2516329141
  1       12.9491758964        9.0700766031       12.0442895503
  2       12.9628243606        8.5322022021       11.9302507489
  1       12.9781014191        7.9946051210       11.8151160937
  1       14.4385314848       14.1127510903       11.2944093982
  2       14.4045306076       13.8026401253       11.7473720122
  1       14.3415852102       13.4992115945       12.2017606154
  1        7.3700948832       13.8520968015       19.5132617794
  2        7.4646627251       13.9780354460       20.0402308308
  1        7.5320704471       14.1329273477       20.5636472011
  1       24.2068129360       14.4270090753        1.5600360255
  2       24.5831018351       14.7904357792        1.7298232314
  1       24.9596052301       15.1608573381        1.8832281245
  1        3.8192776310       24.5276570715       12.6989556253
  2        3.9554989898       24.0360700724       12.4933201134
  1        4.0897087584       23.5440411573       12.2874189633
  1       24.8437835045        6.3141771426       24.7224002924
  2       24.3867422747        6.1140291686       24.9538178863
  1       23.9203614511        5.9141961496       25.1660811447
  1        7.6871116742       20.2362141486       23.9604062405
  2        7.1907960318       20.0142224080       24.0434149762
  1        6.7107240241       19.7594948668       24.1279415766
  1        3.7997936369       14.3500252395        3.5124868716
  2        3.9898796150       14.6500798148        3.0925647684
  1        4.1718097853       14.9468387886        2.6667296788
  1       25.7142422740       25.9554860824       25.5397803248
  2       25.4394860680       25.4905931673       25.4354558078
  1       25.1582421489       25.0318862237       25.3214830180
  1       20.0791697205       21.5112578203        6.9066261098
  2       20.1272537625       21.0798439781        6.5688835723
  1       20.1682627035       20.6351997838        6.2477764154
  1       11.3863127395       10.5625204186       23.9327004060
  2       10.9189360434       10.6803692616       24.1975978846
  1       10.4452533569       10.7950845726       24.4524804241
  1       17.9951002057       14.6566925619       19.4328064352
  2       18.4106555454       14.2966478976       19.4193305540
  1       18.8166086931       13.9259967327       19.4014488648
  1       15.6472484805       12.0688448704        8.9158995022
  2       15.7312981159       11.7767615369        8.4575077646
  1       15.8217392461       11.4896536412        7.9971932447
  1       19.2326731229       16.1803324816       22.4753969470
  2       19.7706342199       16.0726960782       22.4365091243
  1       20.3135132624       15.9960811141       22.3927770828
  1        9.4765459345        6.9779663202        1.8568969432
  2        9.4664667699        7.4728751718        2.0966126896
  1        9.4391948027        7.9762554060        2.3165321718
  1       19.9468594139       18.2342675632       19.2980668630
  2       19.6962665065       18.5691377170       18.9409041902
  1       19.4387636825       18.9089983046       18.5935037360
  1       22.3369897178        8.1008251159       18.6804389446
  2       22.1734731696        8.4299767593       19.0896107106
  1       22.0227170717        8.7838656346       19.4827204432
  1       23.8835414301       19.6746396090       11.7734055628
  2       23.9124780962       19.7316973505       12.3196720578
  1       23.9473751206       19.7790649317       12.8665161936
  1       10.2385635988       21.3021783136       26.4717788378
  2       10.3799027767       20.7906366045       26.3273893762
  1       10.5170925158       20.2848071230       26.1606095508
  1        5.3154326291        5.1027654443       23.5707510149
  2        4.9030349082        5.4160570438       23.7558901342
  1        4.4848583523        5.7206550735       23.9425674156
  1       19.7295621515        3.1114587579       16.6910134289
  2       19.8303591395        2.6027013058       16.5079674727
  1       19.9659657014        2.0945783938       16.3469644738
  1        1.1895120296        1.1201141176       24.5699060783
  2        1.2591154149        0.7798702052       24.9963910707
  1        1.3313408444        0.4477795785       25.4288252299
  1        4.0035844699       16.7472968591       13.7937960737
  2        3.9128904133       16.3934034089       13.3826586100
  1        3.8295275898       16.0529723826       12.9587985447
  1       25.6280259286        1.8502387778       26.6033004919
  2       25.1455343612        1.6454108006       26.7698759618
  1       24.6720814763        1.4307166110       26.9494553863
  1        5.4974174402       16.8119795000       22.8795070308
  2        5.9843339942       16.7068234053       23.1126474718
  1        6.4659028279       16.6019027300       23.3567439882
  1        6.0275098489       23.3831417193       15.4414936216
  2        6.3589366306       23.4699511118       15.8717498450
  1        6.7031946401       23.5518879366       16.2927875851
  1        2.6260733010       20.3272947956       24.9314943353
  2        2.2090973710       20.1524543030       24.6183460063
  1        1.7802448599       19.9985360389       24.3102961878
  1        6.1877854526       17.6793379491        2.5189724983
  2        6.3320433360       17.8778487134        3.0111951507
  1        6.4677522917       18.0787197050        3.5048893101
  1       13.7475025794       17.1763423415       25.5388429770
  2       13.4020624578       17.5354561488       25.7716699422
  1       13.0669912054       17.9092127921       25.9964659085
  1        7.3559310038       22.0907843614       20.5116964250
  2        6.8923859003       22.3328454563       20.3413075658
  1        6.4244404365       22.5589153117       20.1612535116
  1        7.9643316131       24.2620735646        0.4723061385
  2        8.4262019525       24.5549773487        0.4141411758
  1        8.9022225223       24.8209886029        0.3424304465
  1        7.9088079245       22.3751737497       10.4071028321
  2        7.6088719015       22.8319913581       10.4691999719
  1        7.3105216685       23.2903994394       10.5270719731
  1       25.1714967737        7.4688165530       17.3164233022
  2       25.1341059020        6.9397513392       17.4619977581
  1       25.1233649873        6.4122999967       17.6174960316
  1        8.9951931783        8.4493519220       18.4962432862
  2        9.0146558112        7.9165637565       18.3611212056
  1        9.0473797483        7.3864883275       18.2181205677
  1       15.4657872111       23.8931162327       24.8474966065
  2       15.3460694656       23.5298536252       25.2427281075
  1       15.2098665722       23.1760255159       25.6411681154
  1       26.8248042170       24.6028410748       19.4134163069
  2       26.9361547863       24.1369620244       19.1431243146
  1       27.0284409613       23.6689455558       18.8693655776
  1       26.0839869577       16.3052425391        5.3462473556
  2       25.5681413702       16.1673959106        5.2143320918
  1       25.0589404391       16.0150713310        5.0728696116
  1       17.1164527795       16.8889904924       17.3850248042
  2       16.8167668289       16.5661221147       17.0557159193
  1       16.5054147855       16.2408236942       16.7398981844
  1       14.0901470019        0.9375339748       10.0410192017
  2       13.8005625781        0.4727938436        9.9894685281
  1       13.5071518540        0.0101671765        9.9406145328
  1       27.4514846469       22.4282528419       11.4657753439
  2       26.9414516050       22.2344888153       11.3963361750
  1       26.4308879181       22.0379082351       11.3399376281
  1       16.4599728051       22.8769496642       20.6700539255
  2       16.3050137931       22.6356177399       21.1393583117
  1       16.1483603326       22.4056864847       21.6137962003
  1       24.6684808339       16.3885346479        9.8974842708
  2       25.0178061532       16.7138561475       10.1706833616
  1       25.3776017352       17.0355329942       10.4344467867
  1       20.7723958087        6.2420407386       21.4019267467
  2       21.1896094998        6.0973172863       21.7297801564
  1       21.6207456599        5.9688247028       22.0461838013
  1       21.1284070929       11.6230776334        0.8681434371
  2       21.4090955224       11.6063746232        1.3408325685
  1       21.7160821733       11.5861686280        1.7967392618
  1        6.3059880396       15.9303250517       16.8189737170
  2        6.4557501883       15.6266333190       16.3855655603
  1        6.6034330384       15.3372032936       15.9418088306
  1        6.0613152753       20.8230897055       -0.1150740604
  2        6.5092742581       20.8692140652        0.2006873894
  1        6.9677499622       20.9198300452        0.5002504883
  1       19.3372072125        6.6054054893        5.4033355584
  2       19.7853906146        6.4020089548        5.6488177122
  1       20.2298004444        6.1957240643        5.8987105815
  1       12.3814356447        8.7794016670        4.1988094265
  2       12.0353142719        9.1066395290        4.4737919295
  1       11.6662562473        9.4192876136        4.7356074155
  1       20.9952716380        2.4635411228        8.0236066743
  2       20.6995049492        2.2384433688        8.4290114929
  1       20.3874182447        2.0280039388        8.8300316097
  1       15.2575750769       17.4090609402        5.5753882664
  2       15.1293814373       17.9407701317        5.6332823632
  1       14.9877397498       18.4705520094        5.6753393888
  1       12.1971123533       17.3558995505       20.2872169212
  2       12.1308417455       17.0060610626       19.8680257488
  1       12.0690918243       16.6616418534       19.4436882009
  1       24.2355204962        4.4742388302        1.5944409702
  2       24.1436719892        4.9984063684        1.4554724712
  1       24.0574897615        5.5296983247        1.3423288465
  1       21.2527806323       15.2756828466        3.9046020265
  2       20.7565603550       15.0603367594        4.0040580425
  1       20.2525226604       14.8542543053        4.0813627872
  1        4.2071120107        8.9222843812       14.9172253493
  2        3.8904742746        9.0064911696       15.3589829308
  1        3.5796633756        9.1022055780       15.8025315032
  1        3.5265627676       13.8599728688       15.5194292150
  2        3.7535322512       13.4074646481       15.7344202933
  1        3.9790363174       12.9546235393       15.9502508873
  1       18.5736487086        8.8910666353        1.8441349732
  2       18.9112702924        8.8424056694        1.4126911454
  1       19.2526824673        8.7911308073        0.9845455926
  1        5.0510078618        5.4526690539        6.2515713993
  2        5.2072390260        5.2887201360        6.7527825082
  1        5.3552900492        5.1291800931        7.2578843476
  1       23.1350344422       21.9006372125        2.4275226131
  2       23.6807668285       21.9329092939        2.3672343449
  1       24.2258333885       21.9599480085        2.2988870549
  1        8.2621651818        4.6934904167        4.1891622127
  2        7.7230350803        4.6766813168        4.0816625019
  1        7.1805028415        4.6616210776        3.9926009616
  1        0.6292797454       18.6734787861       11.5692827801
  2        1.1399288023       18.4730546852       11.6088772298
  1        1.6509316531       18.2698358102       11.6177188545
  1       13.1437113612        5.4984764804       24.3742225684
  2       12.8975118080        5.0503320920       24.1716086814
  1       12.6539160382        4.6073634384       23.9549525673
  1        2.6998492799       17.4368234199       16.9411977159
  2        2.3109467719       17.6882087248       16.6444482125
  1        1.9229496654       17.9377479075       16.3449679283
  1       16.0969333123       13.0201755546       22.0249551708
  2       16.6327943251       12.9156888886       22.0915548078
  1       17.1671933436       12.8099144722       22.1672480094
  1       13.1988002083       21.0927940452        5.1652328698
  2       13.5738770854       21.4827375497        5.2640326655
  1       13.9382103353       21.8823307367        5.3644645669
  1       11.1995834684       21.6817819539       10.8593699547
  2       11.3464377031       22.0678850210       10.4962470343
  1       11.5146553489       22.4425625300       10.1304334385
  1       10.7360188253        1.2549955631       23.9993676805
  2       10.5783778234        0.7389912906       23.8926488661
  1       10.4162201348        0.2217420725       23.7995997963
  1       11.4620620349        9.1482144036        8.7475881928
  2       10.9653450416        9.1185847700        8.5132928378
  1       10.4763517318        9.0699123503        8.2662775801
  1       27.2797183684        8.3800263860       26.7419091326
  2       27.1975964057        8.9188111081       26.8158483400
  1       27.1241464723        9.4592743318       26.8865916096
  1       11.1556856248       12.6551318684        2.3931469554
  2       11.0613562684       12.1148349138        2.4341490688
  1       10.9709419421       11.5741491207        2.4786925501
  1       17.4890152467       10.4586282030       25.0842246816
  2       17.7341691510       10.7054408321       25.5102330024
  1       18.0071406594       10.9286596446       25.9323229411
  1        5.4129145398       25.6850706241       18.8035070895
  2        5.1971462555       26.1881411387       18.7499897572
  1        4.9815551929       26.6909740356       18.6936020773
  1       20.4070214349       20.3823649753        0.9539729891
  2       20.0266656149       20.7676813517        0.8572220699
  1       19.6453135520       21.1521925184        0.7611920448
  1        9.8575236699       16.1145668544        7.5133324555
  2        9.6437868639       15.8842603203        7.0619174822
  1        9.4453458840       15.6455852329        6.6078741152
  1       13.2252087729       19.3351185824       17.1334859773
  2       13.0655348174       19.1529411632       16.6397090885
  1       12.9150834645       18.9775513648       16.1406070869
  1       15.5712630870        4.3416644290       16.8376844775
  2       16.0273633085        4.2075705877       16.5611136373
  1       16.4803870374        4.0992993302       16.2686297320
  1        0.7907299095       22.3552662897        4.8101500193
  2        1.2668984935       22.0883779834        4.7428142073
  1        1.7470434698       21.8307937601        4.6679064733
  1       23.2933589417       12.4090221585        4.6286217481
  2       23.1792323841       12.0435895700        5.0235067340
  1       23.0765204808       11.7130797882        5.4509567873
  1       25.3419854068        1.9536646835       12.4778291281
  2       25.2472052800        1.5011345192       12.1799479807
  1       25.1404012516        1.0415958644       11.8972518130
  1       25.1524309702       22.1028019916        7.6394548411
  2       25.6000641952       21.8379774650        7.8183192198
  1       26.0568235410       21.5990364571        8.0100953752
  1       10.4972760758       22.5777596705        6.7108288552
  2       10.0555561870       22.6379048345        7.0329563130
  1        9.6092755430       22.7026073904        7.3478327413
  1       14.3083555572       11.0439328466       15.9717708906
  2       13.9518055677       11.1502299361       15.5667115941
  1       13.5961658445       11.2673929787       15.1638552825
  1        7.5931626141        3.9148463613       13.5560227234
  2        7.6366986728        3.3935263567       13.7258169057
  1        7.6793374929        2.8667761885       13.8781855059
  1       14.3646325955        7.8728282036       14.8134553867
  2       14.7570861529        7.5892298688       15.0743235331
  1       15.1525302560        7.3105150395       15.3359377609
  1       10.1806632947       18.1898728398        3.2988086158
  2       10.0545773380       18.3733840367        2.7958911552
  1        9.9435967891       18.5523981255        2.2878190415
  1       -0.0093429534        9.9218821280       21.7331716730
  2        0.0254310096        9.9980343453       22.2767630740
  1        0.0479244924       10.0952381531       22.8176377933
  1        1.0465064104       13.2009872753       21.9718939429
  2        0.8043518694       13.6219130636       21.7136640860
  1        0.5785856374       14.0423953706       21.4403067430
  1       13.8957439574       16.0451430784        8.6660760059
  2       13.8761627747       15.5968245285        8.3480712024
  1       13.8398557379       15.1450236414        8.0365302637
  1       15.7246748189       -0.0930341860        6.7978340317
  2       15.6510791362        0.4518754111        6.8103722311
  1       15.5671611531        0.9948462798        6.8356784918
  1        5.8601745586        5.7710076997       10.6049870534
  2        5.8650120052        5.2279495160       10.6919606601
  1        5.8693444307        4.6815368182       10.7545257680
  1       17.6755669504       23.9757152039        1.2447320085
  2       17.3818841725       23.5192288397        1.3334485530
  1       17.0754098358       23.0701992085        1.4167904408
  1       20.8255909825       15.3873920648        0.3751519044
  2       20.4524160971       15.6243279938        0.0478876832
  1       20.0662892496       15.8404385245       -0.2787654893
  1       14.9668480181       26.4693670514        0.2549956842
  2       15.3622961608       26.7676526776        0.4940489243
  1       15.7606907312       27.0662189118        0.7278008635
  1       14.2028791766       15.8853889233       22.4439483201
  2       14.7044214075       16.0930117023       22.3553584095
  1       15.2016851870       16.3116385624       22.2691549955
  1       14.6899045638       13.3661857746       18.5922031810
  2       14.5872629074       13.9044258394       18.6397670634
  1       14.4734755719       14.4413270068       18.6756777549
  1       20.7512605885        4.8662257339       25.0675953919
  2       20.2381046340        5.0284239667       24.9541815498
  1       19.7247728340        5.1937091319       24.8461478685
  1        1.2017696011       17.9737442449       21.6372930686
  2        1.4358519316       17.6411559181       21.2670357696
  1        1.6640484179       17.2947099711       20.9059241963
  1        5.6808504534       19.1167459191       17.4155754211
  2        5.9343935724       19.3296478962       16.9763845343
  1        6.1821004831       19.5541545066       16.5396488394
  1       15.4409835521        6.5726953340       19.2351412784
  2       15.0870559725        6.8542517385       19.5481289130
  1       14.7450085026        7.1435030758       19.8672483126
  1        2.8318154956       11.7873977411        6.0527819179
  2        2.3630128504       11.5209823728        6.1611651794
  1        1.9175299661       11.2301775412        6.3007271682
  1        0.6967369099        3.0211481502       22.1677265947
  2        0.2643503098        3.2028608975       22.4549935533
  1       -0.1620443795        3.3727278060       22.7580328269
  1       24.2586792284       13.2635088308       21.3304894371
  2       24.4755868468       13.5383857043       21.7546283171
  1       24.6847575141       13.7932994789       22.1948175928
  1        2.3530373296       11.6728754360        1.7737083638
  2        2.5608324244       11.1654021381        1.7313757465
  1        2.7350995677       10.6465607926        1.6772036139
  1        4.3773216852       17.1087377118        9.6120453836
  2        4.7786143675       16.7601857312        9.4707099671
  1        5.1916069559       16.4227122606        9.3363642282
  1       21.5075500914       18.9517732053        3.5467476497
  2       21.8565486981       18.8857453575        3.9666765673
  1       22.1884366975       18.8199362307        4.4002887369
  1       23.8385635755        2.9506708031       22.4559343623
  2       23.8343049146        2.6454417496       21.9984225168
  1       23.8117338804        2.3207654147       21.5550537934
  1        0.6069464788       14.1838881416        3.5057902910
  2        0.4174377169       13.7666792679        3.8099665309
  1        0.2162210307       13.3714976423        4.1353022451
  1       26.6776385471       16.7651744108       23.9539874782
  2       26.3515083495       16.3744694899       24.1625270642
  1       26.0210250558       15.9878697009       24.3718626674
  1       23.1643726943        4.6415557252       10.9392915685
  2       23.1135721899        4.1080188386       10.8157695080
  1       23.0491835427        3.5757692869       10.6930319189
  1       14.1484911036       10.4832998277       21.3502993408
  2       13.8025687175       10.8936170119       21.2299768107
  1       13.4681743964       11.3156578145       21.1178964919
  1       10.4322338070        3.9542743997       21.0248664328
  2       10.6091026300        3.5866325669       20.6560075136
  1       10.7959260323        3.2299361306       20.2813547842
  1       10.6967228807       16.7978772113       10.8623602407
  2       10.9498929338       16.3286593746       10.9974141036
  1       11.2103459261       15.8631484062       11.1314431158
  1       10.7722646204        4.4618733749       27.1543897969
  2       10.8124209366        4.0111661476       26.8417390884
  1       10.8377441355        3.5702719724       26.5139112970
  1       26.4540864816        2.8525051993        3.6583378902
  2       26.0009926912        2.5469245453        3.5964793345
  1       25.5641321624        2.2138637440        3.5695836086
  1       20.0462698438       26.0951679181        6.2157061219
  2       19.7522893865       26.5577041989        6.2619195356
  1       19.4560785323       27.0203492319        6.2887281578
  1       18.6458597322        3.4903140949       20.2778655144
  2       18.2443562681        3.5922590105       19.9160614203
  1       17.8463023556        3.6609901335       19.5427932667
  1       13.8328968883        0.8502876501       23.3517046366
  2       14.1482203749        0.9601209235       23.7887489717
  1       14.4525501135        1.0634109773       24.2350835704
  1       13.4439694595       24.3063465871        7.5682373633
  2       13.1769000430       24.7533359305        7.3911090097
  1       12.9142119586       25.2011464566        7.2095581847
  1       23.5299420871       15.8972424117       13.8043467318
  2       23.2485848953       16.0238370309       13.3490315300
  1       22.9696026164       16.1571773192       12.8941807252
  1       11.3898593159       12.9277048123        9.1527997223
  2       11.7135714888       12.7348556575        9.5534487366
  1       12.0334882944       12.5336202236        9.9530204280
  1        9.7305720721        7.6629555417       24.5162694325
  2        9.6469412732        7.5470581278       25.0473755226
  1        9.5476012362        7.4378818935       25.5771982344
  1        0.6317843514       18.7566210601        7.6686141836
  2        0.3729007180       18.3090683319        7.8561663628
  1        0.1161969086       17.8634009059        8.0510604330
  1       25.3500041002       11.4501129399        1.7283761903
  2       25.3845688806       11.0731888719        2.1274169438
  1       25.4115967658       10.6912155188        2.5222154365
  1       24.5843567090       11.3957346488       25.6801716223
  2       24.6695541344       11.9168011341       25.5261225502
  1       24.7579890259       12.4323654311       25.3562027908
  1       11.9407506356       27.4180681688       20.0190451421
  2       12.1260297345       27.0894683442       20.4192873323
  1       12.3153536875       26.7573265491       20.8146836748
  1        7.2130637565       25.8197010707       21.5958292039
  2        7.0449221936       26.3359829155       21.6834732087
  1        6.8772997459       26.8527953122       21.7689580646
  1       25.8212993210       19.6491494885        4.5293887978
  2       25.6554296017       19.4129484021        4.0612047709
  1       25.4758874957       19.1754116426        3.5987754044
  1       19.8181640421       10.1370289750        4.4822627264
  2       19.4277565521       10.5014320318        4.6137633115
  1       19.0502586358       10.8895922415        4.7103395705
  1        7.0037403593       10.1017021734       24.2434542695
  2        6.6658978719        9.7118591974       24.4342025533
  1        6.3165485009        9.3350805438       24.6303985322
  1       26.2930937131        9.8602440589       14.9273421345
  2       26.4942761424        9.4214815970       14.6636887026
  1       26.7019575344        8.9995057078       14.3785487592
  1       25.9023362386        6.1605533821       12.8614634349
  2       25.4977471074        6.0473598023       13.2164209652
  1       25.0964009370        5.9392305013       13.5766005104
  1       16.8633053075       10.1242204416       17.9653194618
  2       16.6784131698       10.4799215176       18.3418717715
  1       16.4847567654       10.8371435843       18.7125327906
  1        8.2116995878        0.8783945241       17.8191233466
  2        8.0597440221        0.7607519348       18.3344579246
  1        7.9264352395        0.6424139097       18.8547702147
  1        9.8144390823       16.4316928393       16.0711486694
  2        9.7523421636       16.2995675799       16.6014192499
  1        9.7103582809       16.1671222716       17.1335804970
  1       12.1387758307       24.8328209888       26.4006001601
  2       12.3545412828       25.0572364947       25.9471875992
  1       12.5525489986       25.2833023729       25.4865498216
  1       27.0661164119        0.7102424440       16.1047683452
  2       26.9858562025        0.5736872332       15.5780701648
  1       26.9134170803        0.4553295611       15.0458634061
  1       27.3288574837       24.0690979241        1.7624316112
  2       26.9719275156       24.4118802787        1.5224289961
  1       26.6194062242       24.7680012987        1.2956988543
  1       19.0068014021       23.2385119650       10.5484648567
  2       19.1794977035       22.8031983018       10.8368708242
  1       19.3350598262       22.3677571762       11.1346819239
  1       15.8400774850        5.9091783707        2.4089868208
  2       15.6052887670        6.2776238740        2.7430858616
  1       15.3620710858        6.6438031833        3.0736276470
  1       22.0878007642        3.2264188869        4.1715739773
  2       21.5930095107        3.0071040043        4.2694647213
  1       21.1048787137        2.7747863367        4.3707407070
  1       14.0930549226        2.7034270738        3.9472229395
  2       14.1879299200        2.1828604209        3.7971926268
  1       14.2829446640        1.6635190232        3.6430605079
  1        3.7902624675       15.0625517592       19.2555306805
  2        4.0203344358       15.5023932217       19.4923985282
  1        4.2492409797       15.9407646826       19.7330897316
  1       14.9800342444       19.3215522726       19.8334248005
  2       15.4180036111       19.4269367355       19.5178666462
  1       15.8524853166       19.5253818235       19.1953232983
  1       22.8952144394        7.8642310755        8.3095691101
  2       22.3834569098        7.6711915346        8.3673615538
  1       21.8607848365        7.5105706458        8.4266475793
  1       14.5081112210        2.3056365640       13.1524204932
  2       14.4074156701        2.6796309234       13.5429184128
  1       14.2898914265        3.0469468913       13.9350498077
  1       24.1654055918       25.3256057629       13.7485492919
  2       24.3308614956       25.1182652608       13.2667461578
  1       24.4950912037       24.9009292851       12.7889452833
  1       20.5441265708        8.5706117088       24.8673872691
  2       20.2453518437        8.4574922006       24.4196846453
  1       19.9427130235        8.3735159369       23.9681785760
  1        3.8478610998       26.5328647651        9.4730209446
  2        3.6851652145       26.7672997186        9.0028398077
  1        3.5260261404       26.9931689699        8.5272792591
  1       25.8784184644       22.2301215693       22.8750802414
  2       26.3029818065       22.4692830118       22.6200355924
  1       26.7098992855       22.7221181022       22.3498641999
  1       12.6600536602        8.5913210685        0.0460735989
  2       12.7611273140        8.2074890339        0.4268059008
  1       12.8503788657        7.8030627641        0.7887085836
  1       14.4094930580        0.8044084007       16.7748220846
  2       14.9257166144        0.7744240981       16.9622098681
  1       15.4442400060        0.7297506733       17.1400799793
  1       23.6614485844        8.9326431277       11.5625888574
  2       24.1513485213        8.9563467909       11.3137190357
  1       24.6432059450        8.9936640467       11.0704420409
  1       27.0895562620       25.8088553060        5.3223454332
  2       26.7210592180       26.2010157917        5.2086788945
  1       26.3433707305       26.5904674651        5.1182421789
  1       25.4419700123       12.5075676144       12.2158433665
  2       25.2459625263       12.9664359048       11.9844973971
  1       25.0770858790       13.4314309944       11.7441637881
  1       14.5941297100       15.2333955608        1.1473453121
  2       14.5426307239       14.9285855322        1.6022504680
  1       14.5114565550       14.6275627815        2.0615036376
  1        6.1097414945       23.7210026319        6.9327362338
  2        6.1111533969       23.1753406218        7.0016635673
  1        6.0997104486       22.6282917269        7.0574001308
  1        1.0230928478        3.6093047259       13.0954659742
  2        1.2770627375        3.2377583732       13.4116187900
  1        1.5299579655        2.8681035148       13.7308354692
  1        5.4641353775       10.2100685529       18.8276061417
  2        5.3406204973       10.7072555590       18.6274832909
  1        5.2130319470       11.2026468554       18.4254718450
  1       22.5589213968        4.4025282042       19.3101770229
  2       22.3726164069        4.2820857204       18.8069036788
  1       22.1858827256        4.1561866659       18.3051268765
  1       23.6627359276       19.6271610055       23.7645544769
  2       23.5217696799       19.8060660508       23.2639333609
  1       23.3857624348       19.9825496375       22.7610858970
  1       18.5873798138        6.5686629482        8.9694070936
  2       18.8818449233        6.1464880787        9.1632077099
  1       19.1704075981        5.7182883358        9.3526188021
  1       13.6202907352       23.4843393752        1.5883924854
  2       13.5392998528       22.9605345112        1.4415288023
  1       13.4570284492       22.4371845828        1.2937578052
  1        1.8389086876        7.0309368110       12.3427377632
  2        1.6422156233        7.5308367552       12.2247891124
  1        1.4584439805        8.0289068952       12.0810737066
  1       16.0078616268        4.1160716343       22.9726037235
  2       16.2345515882        4.5837186839       22.7925540127
  1       16.4559710491        5.0517545549       22.6070389331
  1       21.1338918776       11.6335740523       17.2199121445
  2       20.6219001406       11.5654409344       17.4089156881
  1       20.1063792739       11.5011580684       17.5894868600
  1       16.7615722238       21.0620017907        4.3375270922
  2       16.9976265772       20.6664807823        4.0369585075
  1       17.2412020281       20.2722304247        3.7407530818
  1       18.6267961470        9.4647933659       14.8742275547
  2       18.2475207738        9.0722855309       14.8064943223
  1       17.8668697040        8.6803414073       14.7433709031
  1       11.1155819177        6.3171573807        6.4458753116
  2       11.3364667417        6.0265925115        6.8573141908
  1       11.5448048131        5.7273498774        7.2690775852
  1       11.0093743865       25.0009937782        4.2143357825
  2       11.3013861863       25.4595968081        4.1311951199
  1       11.5835966129       25.9216073729        4.0342234122
  1        2.5015980697       21.5169756461        1.0356630762
  2        2.3943664330       20.9939398073        1.1677043103
  1        2.2866759036       20.4780744756        1.3251390854
  1        8.4386753309       11.2339726832        0.1758715218
  2        8.1433527974       11.6218520456        0.4304971321
  1        7.8550191854       12.0196657833        0.6776973693
  1       19.0183256902        7.5211115917       18.2425520574
  2       18.9052265825        7.0068036296       18.0838198551
  1       18.7897622517        6.4894486897       17.9371506576
  1        8.7124426092        3.7515956054        8.0537963737
  2        8.5239146111        4.2409345268        7.8879512233
  1        8.3313554786        4.7323598861        7.7332835288
  1       13.6927809794       18.2599588670       11.3350562923
  2       13.9348893477       17.9683457646       11.7336103495
  1       14.1875020138       17.6668520118       12.1180428623
  1        8.6706496986        4.6874482901       23.9688504037
  2        8.4831285124        4.1875368440       23.8368490750
  1        8.3020827671        3.6831122179       23.7132439227
  1        4.8998656888        2.9369820588       26.2858788887
  2        4.4801543855        2.5964785737       26.3878582910
  1        4.0715294121        2.2405216516       26.4817747416
  1       11.5363949630       13.8111336648       21.8749758996
  2       11.6971565116       13.8290423745       22.4006516576
  1       11.8570998342       13.8269530862       22.9268776238
  1       17.9261613187       13.4597766189        1.7130891277
  2       18.0645581164       12.9326273622        1.7869808562
  1       18.2231666284       12.4101644527        1.8531310424
  1       10.9479111832       18.5601554882       13.6912915669
  2       10.8184962119       19.0917067902       13.7479040969
  1       10.7066586066       19.6277132552       13.7997637002
  1       20.1183177270       10.7006237589       21.3700101924
  2       20.2175075199       11.2414208398       21.3841488713
  1       20.3227229498       11.7812243661       21.3776785360
  1       21.5258152129       25.4886884419       -0.2755306006
  2       21.1644151135       25.2404051930        0.0565016214
  1       20.8126506146       24.9749870025        0.3856139434
  1       23.0437448113       26.1769853846       23.2476087822
  2       22.5005689196       26.2138518837       23.1695010877
  1       21.9604924575       26.2448221452       23.0702123319
  1        7.9348858104       17.9484770072       19.4571956912
  2        8.1650917010       17.7775348344       19.9265399375
  1        8.3884314619       17.6368119005       20.4090504618
  1       24.7417320486        4.7255186248        5.8856058593
  2       24.5741782425        4.9081459924        6.3765976787
  1       24.3973408567        5.0781161384        6.8688767534
  1       19.4874281833       10.2877589667        9.1363120875
  2       19.3017540137       10.0120657215        8.6981131175
  1       19.1317869819        9.7490722829        8.2459564430
  1       14.7329422682       25.4759930012        4.2049138436
  2       15.1091035136       25.0757605710        4.2334921442
  1       15.4544367788       24.6484239128        4.2585583666
  1       10.6388100503        1.8333305075       10.7200283333
  2       10.1674554063        1.9525476352       10.9771510200
  1        9.7262998612        2.0913727632       11.2748242769
  1       17.2895238669        6.8213994730       26.1059759669
  2       16.8548472055        6.4846932085       26.0923711328
  1       16.4168656505        6.1521116768       26.0845173962
  1       11.2760549335       13.2564036569       18.1794485537
  2       11.2047058191       13.0581429967       17.6714111392
  1       11.1274381576       12.8715214328       17.1598428648
  1        6.0686356730        0.9905204114        6.3103716997
  2        6.0663921399        1.5298908246        6.4179566613
  1        6.0461475001        2.0681958935        6.5289422742
  1        7.5712743159       15.7458805542       12.4933705097
  2        7.6924008703       16.2326445598       12.7189567697
  1        7.8036083190       16.7324927439       12.9196672458
  1       26.6996254606        7.3276486474        2.9095934155
  2       26.8950691323        6.8344594881        2.7644513323
  1       27.0891737438        6.3360236485        2.6364469863
  1       11.8034089919       14.3435862484       26.1144211265
  2       11.5359877017       13.8662547440       26.0583810654
  1       11.2466516228       13.3996240582       26.0261252833
  1       27.0238088007       17.2066119212        0.0051042743
  2       27.0854195096       17.6524500985        0.3212252008
  1       27.1379121121       18.1073463379        0.6258789996
  1       16.2543797217       19.7895419038        8.2324300666
  2       16.7123791841       20.0894821334        8.2850831872
  1       17.1537353739       20.4144332080        8.3310343771
  1       14.1878128887        2.9151535418       27.2342530765
  2       14.1310439775        3.4364932988       27.0684756698
  1       14.1034481101        3.9494332341       26.8719277372
  1        3.8854052621        4.5889767799        2.5724049978
  2        3.6126852807        4.1813471200        2.8213264151
  1        3.3245231850        3.7836349292        3.0688897786
  1        3.9654677069        8.1971357299       21.0717734181
  2        3.6376767262        8.5445565550       21.3444487622
  1        3.3120676262        8.8924110386       21.6191776671
  1        2.2327310297       15.3738408641        6.2669847523
  2        2.5348352902       15.8330105198        6.2470788978
  1        2.8144264684       16.3052211488        6.2103924710
  1       22.1683658403        0.6571551139       13.4057456723
  2       21.6445170355        0.7524927935       13.5435613340
  1       21.1200647891        0.8476731351       13.6791730693
  1        7.4538942035        8.0196505987        4.9931936325
  2        7.6935126578        7.9624785677        5.4849398630
  1        7.9460003284        7.9154005684        5.9712871023
  1        6.4630138492        0.9516013272       10.1547712006
  2        6.7115908972        0.4840855037       10.3035610054
  1        6.9568006925        0.0150482237       10.4531477201
  1       21.3323150131       -0.0671005886       19.7188772100
  2       21.3103925865        0.4803436875       19.6706675451
  1       21.2740864633        1.0259594347       19.6116309398
  1       22.9069704428       16.2941381310       24.8558120698
  2       22.8465319494       15.7586674120       24.9658952093
  1       22.7871709195       15.2221034192       25.0711346919
  1        4.3330957283        1.7417837007       12.6736378520
  2        4.2737967744        1.2017142505       12.7591283368
  1        4.2083435406        0.6614106639       12.8384246641
  1       10.1632960624       24.6104019611       19.2140647131
  2        9.7062533892       24.5979811513       18.9083561618
  1        9.2433623951       24.6065059406       18.6114399201
  1       22.9221047096       11.2992153423        9.0410085572
  2       23.4156495193       11.4520620361        9.2295593701
  1       23.9132661678       11.6131391243        9.3996529963
  1       25.8182935771        6.4002291276       21.2027667178
  2       25.4815577261        6.8120957114       21.0632142766
  1       25.1578513453        7.2293272980       20.9094873070
  1       19.6522889275        3.6594507103       12.3061007154
  2       19.4498553949        3.9872257183       12.6986363303
  1       19.2699826358        4.3251095760       13.0935797291
  1       20.0086804267       21.1168829904       22.4729838044
  2       19.8305230624       21.3150445148       21.9918476867
  1       19.6545479280       21.5094333493       21.5083751104
  1        3.6085057289       25.5737491429        5.2242880229
  2        3.2117162017       25.5689962515        4.8434527814
  1        2.8373923729       25.5670941052        4.4404911802
  1       15.2808283449       23.8349234170       17.5990069039
  2       15.3371869915       23.9727113898       17.0695371904
  1       15.3932336563       24.1418369632       16.5491956576
  1        1.3895223438       24.4941509019       24.5670160666
  2        1.6247769586       24.0770074982       24.8374724346
  1        1.8530707288       23.6569587941       25.1093934519
  1        5.4576523353       14.4535586526        6.4626008276
  2        5.8588636883       14.0887466440        6.5544792723
  1        6.2590079928       13.7223862138        6.6448372812
  1       23.0573216538       23.2309256402       10.2124046587
  2       22.7268821951       22.8267589305       10.0393178743
  1       22.3745775747       22.4405379610        9.8683944524
  1       23.5683478441       23.9862050339       20.0541786524
  2       23.0958281049       23.8540651921       20.3027026115
  1       22.6150782509       23.7385354858       20.5436018929
  1       17.8033261337       12.6820148239       15.0579519760
  2       17.8675765299       12.9512020418       15.5332520163
  1       17.9433286336       13.2361514956       15.9975422559
  1       12.4972146364       15.3120215775        4.6193697244
  2       12.1693622278       15.3739042280        4.1821245577
  1       11.8409575787       15.4011189044        3.7417727134
  1       15.8447509131       26.7402397411       21.0782756950
  2       16.2620678206       26.9713546655       21.3520136909
  1       16.6986003127       27.1869637051       21.6078498189
  1        2.4895891180       23.4576077427        9.0633103043
  2        2.1681893462       23.4081565727        8.6197375724
  1        1.8318634790       23.3565334509        8.1876265180
  1        8.5810592846        9.9528812940       11.1709155130
  2        8.5152714896       10.1512989798       11.6796417537
  1        8.4583873063       10.3396153775       12.1932574885
  1        0.9728089038        3.9845522752       27.1308801979
  2        0.5237722721        4.2991421235       27.0872988864
  1        0.0737318863        4.6139140514       27.0575956265
  1       23.4131825744        9.3127744349       23.1772783457
  2       23.4886410360        9.7421214737       22.8419171362
  1       23.5618535604       10.1760563581       22.5120073889
  1       12.0027256216       24.8866382349       15.6511074762
  2       11.8008015642       25.1765027863       16.0726584422
  1       11.5975822956       25.4736431544       16.4884823586
  1        1.2149018615       10.3939700079        9.6277617511
  2        0.7577476122       10.6903418743        9.7030857789
  1        0.2885144421       10.9698254364        9.7679638920
  1       26.6328325334        3.8663797321       19.2665570363
  2       26.2452468052        3.5014386004       19.1283713868
  1       25.8479527946        3.1413986740       19.0057797091
  1       15.6738963476       20.0255782434       26.6945804802
  2       16.1957017002       19.8561052252       26.7332853895
  1       16.7206813252       19.6956417780       26.7671656851
  1       10.1533255134       21.0161311190       21.6301820623
  2       10.2314694738       20.5665711502       21.3231163430
  1       10.2964437552       20.1158689225       21.0146591439
  1       23.3933351131        0.2441395819        6.4212878432
  2       23.6760098688        0.5981584280        6.7331622395
  1       23.9574175736        0.9603318265        7.0367081703
  1       18.1888413470       26.4683842159       18.0548670058
  2       18.0917698352       26.2838284350       17.5459305801
  1       18.0014701995       26.0905332492       17.0389957264
  1       17.9110154061       17.0203265938        2.6059941809
  2       17.4690992732       17.1933812634        2.3280333692
  1       17.0374547547       17.3653219919        2.0337216390
  1        4.9114994001        2.2053644610       16.9563430974
  2        4.5188929066        2.4859058807       17.2202685662
  1        4.1275718833        2.7545620800       17.4981025136
  1       12.8001431653       15.6105775078       15.4805412938
  2       12.9197307904       15.7139209760       14.9537406413
  1       13.0358867979       15.8282256372       14.4284386088
  1        9.3334342649       20.8024775492       17.7680571806
  2        9.4705889842       20.4377257622       17.3799274125
  1        9.6205224275       20.0543202102       17.0152081447
  1       22.6958858002        8.3379222655        0.9690682597
  2       22.8782160126        8.4198836078        0.4566836073
  1       23.0670358954        8.5074057936       -0.0524204271


Molecules in box 2
##############################################################################                                           
Moleculetype  1
Number-of-molecules: 0     
Atomtype         X                  Y                   Z


Number-of-fractionals:  1        
##############################################################################                                           
Fractional-type:      2
Box:                  1
Lambda:               0.751154
Reaction-Step         1 (only used if Type = 3 (RxMC))

Moleculetype  1
Atomtype         X                  Y                   Z
  1        9.3543176042       11.2968732906       20.8174040111
  2        9.3621065987       10.7818472003       21.0102445096
  1        9.3690171794       10.2621822778       21.1902462075

------------------------------------------------------------------------------                                           

