Simulation state at cycle:     450000
##############################################################################                                           

Number-of-molecules: 401   

Box-size(s):    28.017491   50.658858

------------------------------------------------------------------------------                                           

Deltas
Translation per molecule type
Box 1    0.6491583340E+000
Box 2    0.2530434181E+002

Rotation per molecule type
Box 1    0.1184065087E+003
Box 2    0.1800000000E+003

Volume    Delta_Volume
Box 1   0.4343621685E+003
Box 2   0.2010935965E+004

------------------------------------------------------------------------------                                           

Molecules in box 1
##############################################################################                                           
Moleculetype  1
Number-of-molecules: 377   
Atomtype         X                  Y                   Z
  1        4.6484252967        8.8285015275       10.5273251264
  2        4.8460660322        9.3390913856       10.4750170336
  1        5.0394502086        9.8534353081       10.4515034488
  1        3.2505597633        2.2602786087       25.6328474742
  2        2.7591019250        2.0908723305       25.8124879654
  1        2.2615528839        1.9281361413       25.9811944662
  1        9.4200483346       -0.1045930157       14.0105700365
  2        9.4800025046        0.3049492260       14.3727587301
  1        9.5535586412        0.6904014309       14.7581365855
  1        7.7028969447       12.2543018123       15.7396469087
  2        7.3892397001       12.6189008780       16.0064551810
  1        7.0839665925       12.9877935883       16.2770591297
  1       15.0612744786       23.0709122519       20.0435098346
  2       14.7037556993       23.3920002947       20.3110594399
  1       14.3351575701       23.7086985776       20.5686203369
  1        5.2963640850       13.1674084133        3.5816114193
  2        5.5831043376       12.8977705921        3.1974558871
  1        5.8540398864       12.6438792614        2.7917058167
  1       13.2721567823       20.8256073037       13.0012383747
  2       13.4163673303       20.4403719646       13.3663370619
  1       13.5741055861       20.0545803755       13.7252012303
  1       16.6114583189        7.8697546865       14.0416933156
  2       16.5444927270        7.9975247851       14.5724384629
  1       16.4792501826        8.1103776765       15.1067676070
  1       18.2616526867       15.2166825075       19.7788597595
  2       18.5814683075       15.2481112681       19.3325076544
  1       18.9035030465       15.3058836502       18.8904036195
  1       10.9707599811       11.1096918956        8.5783084865
  2       11.4368425933       11.1266107197        8.8698230694
  1       11.9046731013       11.1433805167        9.1585329388
  1       24.9744104124       17.2275640854       11.9433575982
  2       24.5139176367       16.9274827998       11.9234170469
  1       24.0663227896       16.6093914829       11.8921637911
  1       10.2616719288       21.4363748500       11.8657787154
  2        9.9129703331       21.7053979572       12.1952233465
  1        9.5813544866       21.9740446490       12.5421525674
  1       21.4147329474        1.3976725777       28.0881324184
  2       21.2092134144        0.9618176729       27.8230056119
  1       20.9971984885        0.5309822415       27.5548069891
  1        4.5920632016       28.0512916136       12.6376355285
  2        5.0042475858       27.7490225780       12.4345654334
  1        5.4019010532       27.4396166111       12.2140214094
  1       24.0456966329       19.6246175462       20.5656814675
  2       24.5637437582       19.4536575580       20.6356804565
  1       25.0904726153       19.3070632102       20.6954032095
  1       22.3833829634       21.9242379301       24.0171810939
  2       22.5177865163       21.9431195337       23.4841903154
  1       22.6843643435       21.9621156639       22.9603668971
  1       10.0555842836       20.6616796957        9.0193981911
  2       10.1869313744       21.0582417468        8.6616462081
  1       10.2923443310       21.4609098385        8.3021374940
  1       26.0693679767       21.9456873854       17.7795160600
  2       25.9985578590       22.2737502107       18.2152461483
  1       25.9133636575       22.5842912684       18.6611230355
  1        5.5358249364        4.2153474751       20.3792106382
  2        5.1291940309        4.4699952568       20.1103132341
  1        4.7436607591        4.7195370807       19.8076699236
  1        6.6404997738       16.7900058554       14.3442260308
  2        6.5686215988       16.7723722196       14.8892238132
  1        6.5194876033       16.7836229965       15.4369091878
  1        2.8447184158       16.9627352338       14.4542111069
  2        3.0282902064       16.4621899760       14.5893252903
  1        3.1775816377       15.9466141943       14.7092989579
  1        8.3885744769       17.9526152171       11.8616415275
  2        8.3043713659       18.1738622090       11.3651945468
  1        8.1920537460       18.3925548538       10.8732003615
  1       25.9047070166        7.4889068365        9.2806803422
  2       25.4401131434        7.3089781066        9.0477035511
  1       24.9806372036        7.1266558834        8.8065802079
  1       24.8001249695        1.8794245942       26.2630426305
  2       24.7701601578        1.3562262931       26.0961125619
  1       24.7251759680        0.8397173212       25.9125508459
  1        6.3395862549       19.6190797527       25.8697739256
  2        6.0685604364       19.1419963613       25.8318734849
  1        5.7850457875       18.6711100171       25.8122394922
  1       18.9036092302       27.3465060572       18.8653407904
  2       19.3272707241       26.9985448090       18.8213645655
  1       19.7498427389       26.6535491840       18.7512866803
  1       14.9318744058       16.2700229778        6.2168818578
  2       14.4813395826       16.1580104837        5.9219724239
  1       14.0490886038       16.0457680766        5.6009416896
  1        8.3728752171       14.0958913321        5.8836276699
  2        8.7855769105       14.1593398957        5.5256449999
  1        9.1944364269       14.1798945830        5.1583421281
  1       18.9063294649        4.3072209491       13.6632183275
  2       19.3885656366        4.2063246514       13.9076937082
  1       19.8698195669        4.0987990696       14.1512771699
  1       17.9886957280       10.4209264439        8.3613677788
  2       17.6655530273       10.1192918704        8.6886220821
  1       17.3258541608        9.8577398728        9.0331438256
  1       11.9155075556       24.4060213033       22.6450019350
  2       11.9244683616       24.8946419592       22.8973302104
  1       11.9225546858       25.3837127723       23.1489371987
  1       16.0736415896        2.9925100572       15.1098392888
  2       15.9031134317        2.5449471742       15.3802234842
  1       15.7117993790        2.0917217637       15.6261618087
  1       19.2583538257        2.1203167445       21.3233328900
  2       19.4835321808        2.2505457427       20.8387349985
  1       19.6923520600        2.3805498671       20.3468069706
  1        0.5373805920       17.3774357491       23.3855277917
  2        0.3195520422       16.8931064223       23.2424340246
  1        0.1264794039       16.3982500182       23.0998153209
  1       27.3551429813       26.2410258514       11.7263552106
  2       27.4444523109       26.2120120840       12.2682796011
  1       27.5245713232       26.1543552906       12.8093495014
  1       26.2542485841        7.3816918170       24.3872349560
  2       26.7516458407        7.5912401377       24.4929963402
  1       27.2594357652        7.7723230017       24.6018925660
  1        0.2861944111       26.2336370233       20.3681796627
  2        0.5818896719       26.5809522733       20.0608745539
  1        0.9088572563       26.9141231764       19.7700320759
  1       14.7051056770       16.8251774313       17.2737421176
  2       14.4269293671       16.4949440620       16.9330606499
  1       14.1661715497       16.1677439131       16.5760656610
  1        3.4406413517        2.4530975079       14.9491730471
  2        3.1459380585        2.5609746024       14.4974956163
  1        2.8501346688        2.6824306391       14.0500039575
  1        7.0840658792        0.0950038323       20.6966778825
  2        6.8665986971        0.5959068452       20.6310715077
  1        6.6440311212        1.0968737042       20.5863962427
  1        6.2065368882        8.9916355630       17.8444383246
  2        6.7015066518        9.2119707368       17.9390815716
  1        7.2092829594        9.4161687411       17.9935461980
  1       10.5152717916       23.6713911637       19.7348871837
  2       10.2986423895       23.1659353395       19.7441668354
  1       10.0966217315       22.6544712621       19.7537663287
  1       11.4497478657       25.8351454234        7.2714417185
  2       11.4851477622       26.1050173980        7.7493705465
  1       11.5044253140       26.3960146435        8.2156847948
  1       15.9549697438       19.6063763679        6.0670517642
  2       16.0307715247       20.0803719575        5.7985703476
  1       16.1195733124       20.5543715430        5.5341112120
  1       17.9861393655        5.2458042839       20.3817267187
  2       17.4990188957        5.0565911911       20.2102272918
  1       17.0058771797        4.8683061804       20.0557604614
  1       27.6419413582        1.0086012327       -0.0394589832
  2       27.8951457642        0.5236670381        0.0173420357
  1       28.1236103684        0.0280868624        0.0859293012
  1       19.2658086637       23.9612650855        2.4426073746
  2       18.7200393848       23.9844112366        2.5066397877
  1       18.1757432657       23.9993677105        2.5842157993
  1        9.8283452737        3.6827368742       20.7775595348
  2        9.3444672395        3.9404047149       20.7331823801
  1        8.8622089558        4.2013071465       20.6900909895
  1       10.7037344150       18.6713673966       25.8012970665
  2       10.8290571711       18.9555769910       25.3474037825
  1       10.9482419529       19.2283374411       24.8849140814
  1       11.8631520789       19.0246184469        2.2482300118
  2       11.4637001701       18.6492554194        2.2934048961
  1       11.0662813612       18.2721198809        2.3416446612
  1       16.7605425096        2.2103592824        0.1724377796
  2       16.2509877812        2.0641486246        0.0258894182
  1       15.7403229322        1.8980577121       -0.0930022123
  1        0.7267391110       19.1963862028       26.6537144809
  2        0.2537463792       19.3555988897       26.4225669178
  1       -0.2041797582       19.5440970220       26.1832510055
  1       21.9896302541        9.5535166051       18.6091237349
  2       22.4747961458        9.7892550400       18.7165548658
  1       22.9741184491       10.0055089434       18.7966266188
  1       11.9761289947       19.0268446270       21.2845148769
  2       11.5374291817       19.3180653085       21.1256659278
  1       11.1037511030       19.6279369659       20.9900087164
  1        4.4777657232        6.2865443485       27.6437896980
  2        4.3572835719        6.3347303342       27.1093159736
  1        4.2160317043        6.3879932681       26.5804388908
  1        7.5310362592       11.7904125902       12.2303638257
  2        7.0098607260       11.9657701018       12.2415801842
  1        6.4904531209       12.1462793050       12.2530765437
  1       12.5511201670       25.0932896705        0.6143989279
  2       12.2720242731       25.3459922834        0.2134664256
  1       11.9810580976       25.5794976268       -0.1906547670
  1       18.1821636637       13.8838818529        6.0030338394
  2       18.4486549131       14.2733560256        6.2855091177
  1       18.7099338926       14.6805807970        6.5470455004
  1       10.3896268185       22.2369425975        3.2596107889
  2       10.2236014475       22.6063596534        2.8874997637
  1       10.0322353665       22.9789150139        2.5310148056
  1        4.5950430618       21.1415805117        1.1923549979
  2        4.0688165012       21.1593750694        1.0333928620
  1        3.5459213344       21.1730383544        0.8634106331
  1       25.7738768723       16.5702891043       15.5591260812
  2       25.6192060884       16.3129795743       15.0982912361
  1       25.4621438015       16.0524762365       14.6400670028
  1       25.9531090503       11.8552937329       13.9495647688
  2       25.7020805095       11.9649868198       13.4726453853
  1       25.4586366458       12.0855395828       12.9944172854
  1        3.4712935208       22.6792504056        6.6537594499
  2        3.7962436352       22.5815116986        7.0866041892
  1        4.1345896764       22.4564027271        7.5017784907
  1       14.4796681462       10.1114619127       21.3834909744
  2       14.3179571338       10.3560955861       20.9181911632
  1       14.1437508303       10.5861081536       20.4499536363
  1       22.4904647391       26.2288332023        3.5918247707
  2       22.7479054501       25.7942041864        3.8093607422
  1       23.0301502060       25.3683597146        4.0130624422
  1        9.4818084778        1.7826185477       23.5935394373
  2        9.4740513130        2.1211682990       24.0269259764
  1        9.4799617192        2.4427544999       24.4730732407
  1        5.4989206306       23.7212081194       26.2577520787
  2        5.5489390425       23.8987432317       26.7759020979
  1        5.6094340849       24.0574387476       27.2990235771
  1       -0.2346181917        3.0970454735        7.8866912432
  2        0.0600930474        3.5272910531        8.0614311265
  1        0.3704209276        3.9573560015        8.2071731791
  1        6.6100632376        7.4508802576       22.0861148061
  2        6.6747602735        7.7389375220       21.6220702974
  1        6.7365070599        8.0243719504       21.1560075115
  1        1.5845594645       13.5963839717        5.7712619009
  2        1.9518348683       13.9903361972        5.6598598285
  1        2.3344875110       14.3673904823        5.5419317991
  1       13.6299896320       27.7372049768       24.8793756368
  2       13.8404151297       27.4643958605       25.3080903391
  1       14.0425414245       27.1836678605       25.7356844808
  1       21.2415789195        2.2444136398        5.3839024564
  2       21.7683234868        2.2058847534        5.2304238398
  1       22.2922026911        2.1583147294        5.0698384386
  1       25.6035691159        3.5769376015       20.3891495413
  2       26.0823536785        3.4851606282       20.6437911125
  1       26.5588617836        3.4000428604       20.9049328181
  1       27.3558368828       16.0294794956        6.7502777355
  2       27.2262823860       16.5633623719        6.7241108346
  1       27.0701084372       17.0894139644        6.6869703078
  1       10.0779578033        6.1163265993       24.0553218901
  2        9.9367436948        6.4013101182       23.6066093212
  1        9.8023971494        6.6911513481       23.1589006366
  1       15.1619859494       26.5219259078        2.1718385054
  2       14.9343683238       26.9053461199        1.8498460248
  1       14.7124323670       27.3000215722        1.5376350107
  1        7.8372950928       17.8681020962       22.9830093890
  2        8.0620779645       17.8342690557       22.4821820874
  1        8.2928681720       17.8140563238       21.9833561413
  1       12.3565204562       12.1456415464        5.6844458808
  2       12.8860307757       12.2544033737        5.5830077891
  1       13.4162458437       12.3669131907        5.4896615427
  1       19.4864054046       24.4967716516        9.2925757732
  2       19.7981471456       24.6023235302        9.7332297052
  1       20.1163387835       24.7100800141       10.1687094646
  1       15.8717640505        1.2068145611       23.6473641203
  2       15.9239733464        1.6051205424       23.2716960026
  1       15.9653289702        2.0016195101       22.8927787557
  1       23.2642041338       13.9018873020       17.6535719606
  2       22.8463843680       13.7937884918       17.9945137306
  1       22.4457602185       13.6731273493       18.3515027759
  1       24.0850423556       18.9033481977        3.8236279291
  2       24.4910614981       18.5812563791        4.0077618919
  1       24.8967535044       18.2522603630        4.1800280130
  1       22.9747313043        5.1164435799        1.2158043136
  2       22.5514070880        4.9440890976        1.5217300242
  1       22.1260208270        4.7742687249        1.8262092007
  1       26.9864984151       15.2843999626        2.7847801997
  2       26.6972383527       15.1465494471        3.2317990490
  1       26.4048586633       14.9793802264        3.6666192048
  1       23.3776350401       27.0420880833       12.1418483279
  2       23.3109361931       26.7363563460       11.6895438192
  1       23.2571314924       26.4277712473       11.2374594354
  1        8.2212466452       13.6857697636       19.4663690943
  2        8.1303727848       13.8567576510       19.9811555393
  1        8.0303509005       14.0177949804       20.4974525470
  1        1.3513449298       22.6658773867       27.4381615436
  2        1.0439064266       22.7871761743       26.9985387839
  1        0.7577055403       22.9186992433       26.5476610465
  1        3.0608722526       26.5166908262        0.3324493595
  2        3.5321498774       26.7844660774        0.2392087290
  1        4.0106741580       27.0454594582        0.1657446761
  1       16.7124881682       24.3984176705       13.1023294611
  2       17.2473838219       24.4379014116       13.2240983970
  1       17.7894171073       24.4494056959       13.3166595549
  1        0.5906412663        1.9512163533       11.4333808197
  2        0.9995509739        1.8268248687       11.0872311271
  1        1.3923483872        1.7075092973       10.7212065577
  1       21.9770367421        2.4522518048       22.7343355765
  2       22.2935708439        2.3919258295       23.1800562729
  1       22.6132712268        2.3410007389       23.6246890419
  1        1.0402453945        8.5337828340       27.1832076416
  2        1.4981810523        8.8383168225       27.1758603202
  1        1.9652322521        9.1280388039       27.1964600599
  1       24.2876657656       24.8797516567       15.1011834714
  2       24.0635215100       24.7670776617       15.5906361489
  1       23.8324311774       24.6623555224       16.0786223482
  1       28.0566739628       14.7488082258       11.9025215172
  2       27.6767573431       14.6683638654       11.5130448594
  1       27.3114113023       14.6046188710       11.1068936005
  1       13.9769080019       21.9713448155        8.5128741639
  2       13.9752691855       22.2502546656        8.9869064516
  1       13.9748012430       22.5120570090        9.4705998597
  1        4.9639813448       19.1475913952        8.9927743771
  2        5.3370553841       19.0654205219        8.5970930549
  1        5.6835740474       18.9565389886        8.1840922963
  1       13.0379760890       10.3505071298       15.9661833127
  2       13.3282364953       10.0620179392       16.3336379132
  1       13.6042546704        9.7679628733       16.7075972482
  1       13.0271281229       26.0932179134       17.9075363516
  2       12.7124477051       26.5385086648       17.8354781707
  1       12.4061082996       26.9853116237       17.7404872053
  1       27.4602626717       15.2685395071       27.1764587229
  2       27.8695114348       15.5060970164       27.4567833198
  1       28.2690239532       15.7637557411       27.7333727778
  1       24.1402892547       15.0102854356        0.6030637509
  2       24.0367298656       14.4985363152        0.7759460539
  1       23.9385121528       13.9922149417        0.9669747079
  1       18.9706840569       11.4132050464       15.0380857998
  2       18.6740599640       10.9972197997       14.8344429211
  1       18.3688773820       10.5835091271       14.6389766323
  1        9.4140876387        9.9815794864       22.4363263422
  2        9.0778705118       10.4168468448       22.4369348856
  1        8.7136036938       10.8285691578       22.4197761801
  1        7.2407853627       25.4008877568        2.0787567610
  2        7.7287658029       25.5521302502        1.8750393142
  1        8.2213596645       25.7007673766        1.6807243863
  1       28.3292714446       24.7095813755       17.1344776161
  2       27.8166372851       24.8822754241       17.0350644172
  1       27.3022927936       25.0570037117       16.9489263386
  1       26.2739758082        1.5762492728       14.8899882973
  2       26.5950805131        1.3606950737       14.4989280005
  1       26.9184422071        1.1534461205       14.1052465490
  1       12.8384563845       25.3649114753       11.3056529049
  2       12.3738075348       25.0801494408       11.2314098565
  1       11.9301203486       24.7624691332       11.1627010367
  1        5.3026423847       20.2474918500        4.2128731516
  2        5.6255148824       20.5439708169        4.5450682334
  1        5.9601135334       20.8445695758        4.8615869972
  1       14.4426475404       13.2435726967       18.4377153496
  2       13.9752838570       13.1202672581       18.1752902055
  1       13.5004886536       13.0173368507       17.9174630444
  1       12.3444512909       11.1906855978       25.2155060209
  2       11.8383114871       11.3985819836       25.1598140846
  1       11.3271012845       11.5707246223       25.0524314060
  1        6.7297574559       14.5522515311       26.6649848351
  2        7.2207294487       14.3603595852       26.8219051445
  1        7.7035829725       14.1474737100       26.9769279737
  1        2.6619738396       21.7351063334       24.1400217288
  2        2.6958444313       21.1885957535       24.1917804879
  1        2.7482836466       20.6430147065       24.2375128482
  1       19.0701599546       10.3677276270        0.5413031557
  2       19.1382023149       10.8358192027        0.2606601192
  1       19.1825626327       11.3065542794       -0.0203036663
  1       12.1095197743       12.7810722193       22.0271952569
  2       12.4376898691       13.1452110812       22.2766091260
  1       12.7838602376       13.5013302486       22.5129250451
  1       21.4891164366       24.6880135740       26.3699015860
  2       21.8533638279       25.0788334421       26.5006060946
  1       22.2181178568       25.4705873606       26.6270314272
  1       18.9542039022       28.3196917009       12.9812855666
  2       18.9499365082       27.8769594890       12.6549881901
  1       18.9496553831       27.4315674968       12.3323027500
  1       24.6279868667        9.4779100719       27.6539921410
  2       24.0935084859        9.3899964018       27.5585770106
  1       23.5629387652        9.2980052660       27.4466243361
  1        2.4227282771       27.0123275731       15.1715488074
  2        2.3184306572       26.5024789354       14.9935702327
  1        2.2128568525       25.9821242046       14.8500950608
  1        3.7113097084       15.3898858357       19.1937675513
  2        4.2372089484       15.3524574784       19.0371498402
  1        4.7623685536       15.3378062870       18.8743839634
  1       12.9633665726       22.6848970448       25.9825920269
  2       12.9569667795       22.2331162582       26.2962051062
  1       12.9392798558       21.7814381089       26.6095324448
  1       13.8224890119        5.3997734839       13.2714059338
  2       13.6131117195        5.8307625800       13.5414236156
  1       13.3767397661        6.2365624940       13.8277009783
  1        8.4924215027       25.9242209958       18.0992704716
  2        8.8684049862       26.1585393138       17.7733389664
  1        9.2420013735       26.3544670440       17.4204394583
  1       16.2982126126       11.6688313484       11.7484558286
  2       15.7802269417       11.8283982792       11.6550254300
  1       15.2576371392       11.9794601307       11.5739069099
  1       22.1945549568       23.2662221405       19.1367712483
  2       22.3842030393       22.7738618816       18.9814812605
  1       22.5606266678       22.2804212292       18.8144751983
  1        6.3957055138        3.0275166963       13.1106213428
  2        6.5792379874        3.4609581003       12.8261140838
  1        6.8022471903        3.8773412175       12.5443482338
  1        2.8707159155        0.5089158233       22.4167158936
  2        2.4522249297        0.7809274219       22.1856856250
  1        2.0250206743        1.0531507066       21.9714637624
  1       19.7492523964       19.6170137537       23.7722097658
  2       19.3155030410       19.4055845541       24.0361400410
  1       18.8657362339       19.1935556766       24.2712008275
  1       15.9158009121       26.9195814382        5.8076034791
  2       15.4236826348       27.0757466577        5.9971609252
  1       14.9285075393       27.2402271216        6.1710798742
  1       18.9232431252        3.9776153214        2.5185181228
  2       18.7259233000        4.4862643188        2.4489402238
  1       18.5202483048        4.9846798492        2.3404056470
  1       21.8423600192       11.5168381893        6.1059788302
  2       21.5039602701       11.8188146925        6.4170990663
  1       21.1632852271       12.1189149502        6.7275509135
  1        3.8844642728       22.3580960679       15.7880082542
  2        3.5584363305       22.3747061759       16.2306479328
  1        3.2409545915       22.3957757955       16.6792696170
  1       18.2263169869       19.8405765733       20.2620835676
  2       18.7720594320       19.8394668153       20.3303767007
  1       19.3205002840       19.8251908328       20.3692203255
  1       24.4804846450       26.8356447953        1.0141779120
  2       24.7064849875       27.3343240813        1.0665498027
  1       24.9333095168       27.8353507826        1.0713327359
  1       19.6985669645       27.5158447409       24.3056121596
  2       20.0753747292       27.2627045854       23.9950707450
  1       20.4336379901       27.0028601942       23.6685308129
  1        1.5957007384        6.1969824767        3.1148868243
  2        1.6341054638        6.2119478744        2.5664334407
  1        1.6894728203        6.2263675662        2.0194174197
  1       28.4894724529       12.1929532587       -0.0461613279
  2       28.0130510807       11.9621919050        0.1030763140
  1       27.5357101583       11.7534370359        0.2793347816
  1       18.0229961785        6.9155377641       24.5479115396
  2       17.5820414962        7.2331950560       24.4633372346
  1       17.1395826945        7.5533262218       24.3981740199
  1       14.6251395817        5.3387921640        2.5949663403
  2       14.6631833748        5.3817783692        3.1419625523
  1       14.6911340973        5.4272878940        3.6893633555
  1       20.5912693631       20.5130472891        8.7302953315
  2       20.4748046654       20.0008914851        8.8934897143
  1       20.3732746209       19.4909866603        9.0729018621
  1       11.7569766253       27.0294045580        3.3966893312
  2       12.0821247744       26.9976116842        3.8391459893
  1       12.4158664800       26.9750564053        4.2757324439
  1       10.1907832601       17.7912111414       14.8277116276
  2       10.4362802985       18.2831818656       14.8417120072
  1       10.7019049037       18.7646334335       14.8538757204
  1       18.8982165371       18.0492986235       27.9063809576
  2       18.8145192466       17.5559662018       27.6780875383
  1       18.7262699053       17.0606005031       27.4559954913
  1       28.2318297293       25.1990713246        3.0054388871
  2       27.9247422525       25.5305166083        2.6918447139
  1       27.5995584133       25.8573140787        2.3919132499
  1       13.2815352431       19.7053198291       18.0725280407
  2       13.3601839697       20.2320123375       18.2100394201
  1       13.4465056192       20.7612361457       18.3323943652
  1       10.2794038370       15.5556665141        9.5398009408
  2       10.0440673882       15.0588868853        9.5578773427
  1        9.8235274051       14.5559133710        9.5875380702
  1        6.1726540227       26.5144928586        7.9756070601
  2        5.9422212213       26.0155776330        7.9535997507
  1        5.6844442416       25.5317471745        7.9093378583
  1        8.5826326886       24.1324389593        5.9971208174
  2        8.2400926015       23.8736379329        6.3409060955
  1        7.9091272964       23.6035769780        6.6873581794
  1        4.9403170203       10.7073928217       14.6843386731
  2        4.5168598735       10.5479232401       14.3716831159
  1        4.0880283889       10.4165173672       14.0533498733
  1        3.3029889550       15.7863764139       24.9087867041
  2        3.2013139109       15.2880949256       25.1182568543
  1        3.1008527998       14.7935421603       25.3369464208
  1        9.1151952737       15.7288190429        1.6362600403
  2        9.3525973633       15.2762465421        1.8395292692
  1        9.6054369996       14.8183835497        2.0096280568
  1        7.6457041000        1.5058732766       17.5084762850
  2        7.4432283738        1.9558293356       17.2654883732
  1        7.2658107461        2.4116692707       17.0140267699
  1        8.8364226813        2.2913562364        2.2540482616
  2        8.9553487120        2.0241834975        2.7198543659
  1        9.0305868729        1.7363977179        3.1824757696
  1       22.6996109414       23.6277141784        7.1004812715
  2       23.2203329889       23.4795238720        7.0035886384
  1       23.7450201001       23.3431228467        6.9108621882
  1       16.3393786754       25.7025558603        9.7177389804
  2       16.2331615439       25.3683119873        9.2940658111
  1       16.1386078846       25.0224753000        8.8769847756
  1       24.1799942116       22.7584214365       11.0768278453
  2       24.4032782130       23.0824976866       11.4610398164
  1       24.6030518732       23.3839032740       11.8754612874
  1       12.5094099498        2.3505878082       13.6140193567
  2       12.1598245342        2.3940215920       13.1916409202
  1       11.8007465920        2.4412426552       12.7777167706
  1        6.6335124582        1.1311507549        0.3786050366
  2        6.3833217632        1.5468138701        0.1195127928
  1        6.1272702862        1.9688829582       -0.1229646803
  1       17.0638600014        9.5350280284        3.5655350048
  2       17.5190715871        9.8401106720        3.5185563627
  1       17.9780535969       10.1356561060        3.4515607645
  1        9.1223815601       23.5246615589       26.4093894766
  2        9.1437800409       23.1015770443       26.7601623355
  1        9.1920689745       22.6893411339       27.1210359035
  1       26.8031108727        8.3943218036        6.2948968518
  2       27.3088767626        8.4906131887        6.1014315221
  1       27.8084708501        8.6028035850        5.9006354521
  1        2.9887447523       25.2425393391       23.4309111911
  2        2.7145879933       25.0811361391       22.9822609058
  1        2.4354682887       24.9273345763       22.5340006368
  1       18.5173789550       17.1875290946       15.9544044705
  2       18.4300847576       16.7551260223       15.6259119953
  1       18.3319868550       16.3051536847       15.3252432476
  1        1.6164538675       26.3168916144        5.7901840457
  2        2.1216782585       26.3676095341        6.0015510424
  1        2.6359144981       26.3952465684        6.1946760879
  1        5.2678064435        0.5727768716        4.6245952159
  2        5.5348844340        0.7433836712        4.1750814042
  1        5.7972338188        0.9345843649        3.7311049475
  1        4.3345422436       21.7492135161       21.3623501029
  2        4.7097303062       21.9689417726       21.6991785622
  1        5.0868787266       22.1950718783       22.0295181500
  1       18.4763651802       14.2817376675       12.2466730112
  2       18.7676397376       14.1205290201       11.8088706538
  1       19.0773315384       13.9961230119       11.3717046297
  1       17.2549554911       13.8012892244       27.1331846877
  2       16.8868548720       14.0815817132       26.8357993234
  1       16.5065178051       14.3668119486       26.5592357189
  1       14.9208424795        8.7424714551        7.0254694805
  2       14.4934798661        8.3977718900        6.9931676770
  1       14.0634760187        8.0570041858        6.9547741622
  1        8.8513425040       26.0129546512       10.5886974591
  2        8.6696451055       25.5732030725       10.8645680889
  1        8.4440007650       25.1630369250       11.1532692529
  1       10.9988504901        3.3892622181        6.8195930705
  2       10.5582486960        3.6030624829        7.0699118790
  1       10.1030393972        3.8132227564        7.2960029064
  1       17.5659034832       21.7112727786       26.9893691663
  2       17.2033962476       21.7263675565       26.5760162277
  1       16.8544747129       21.7200626970       26.1509115225
  1       21.5758288211        5.8552515398       11.3293879572
  2       21.8337735302        6.3318661316       11.2355633447
  1       22.1118648094        6.7986078937       11.1500217354
  1        0.7119567795        8.6796434271       16.2618872471
  2        0.2893004061        9.0005154773       16.1173095262
  1       -0.1272042220        9.3336386134       15.9829485573
  1        2.4545527201        2.4484908485        5.8092074596
  2        2.6023439039        2.6262682576        5.3101553993
  1        2.7507543497        2.8218703656        4.8180028275
  1        8.4838593046        4.5093329971       27.4713183422
  2        8.2757674622        4.7233380780       27.0093663854
  1        8.0878352706        4.9323321310       26.5366053716
  1       15.5995983523       13.6346974571       14.6963566029
  2       15.9365529752       13.6891353879       15.1276315660
  1       16.2859001602       13.7152209072       15.5516316709
  1       18.6631782029        6.4967046388        5.8049942825
  2       19.0385599822        6.1095606334        5.6967905912
  1       19.4234871660        5.7267131428        5.6087061936
  1        3.5608182559       12.8114971599       28.2382467479
  2        3.9375784165       12.5363317498       27.9469809269
  1        4.3320768854       12.2690883426       27.6722958011
  1       24.9804647545       15.9715186728       21.3195711318
  2       25.1233424414       15.5480020568       20.9990720793
  1       25.2564414577       15.1162844519       20.6853770675
  1        2.8958637820        5.7292535153       11.9173785466
  2        3.1120968666        5.5713209162       11.4369614911
  1        3.3106693317        5.4040383694       10.9521053014
  1        8.1991733699       21.4201242973       23.7171812371
  2        8.1772488844       21.2982407214       23.1813046554
  1        8.1439621207       21.1876184712       22.6435735813
  1        0.6185805436        4.5369738886       18.5294493629
  2        1.1217748980        4.3168324011       18.5583139973
  1        1.6271917417        4.1062759301       18.6104655609
  1       25.2186040686       26.2672559317       19.2273357627
  2       24.9994977849       25.9149726218       19.5884298031
  1       24.7803175585       25.5850401623       19.9700115106
  1       15.2005291520       13.4864309303        8.1540294291
  2       15.3927373508       13.8582319811        8.5108486928
  1       15.5618470209       14.2573279361        8.8494108543
  1       21.4994904850       22.3658904568       13.9927447414
  2       21.3688961949       22.6938499726       13.5709774035
  1       21.2340392329       23.0340169093       13.1603680344
  1       23.2722351094       25.7722200261       23.3748689009
  2       23.1253837199       25.5011931985       22.9193701323
  1       22.9831522412       25.2289755869       22.4631160613
  1        8.0277373378       24.4944004888       14.5862829709
  2        8.2003583469       24.1115419694       14.9414186370
  1        8.3736025160       23.7328563978       15.3007008308
  1        3.9236127965        1.1984265774       18.0332405961
  2        3.4945956241        1.1659694341       18.3758640040
  1        3.0554414899        1.1195803949       18.7037232762
  1        9.0871313731        0.5466184141        6.6777025013
  2        8.9229874595        0.1680205679        6.3140812059
  1        8.7500296731       -0.1975873298        5.9413662099
  1       14.3235195650        2.1914394376       19.1123220456
  2       14.0106264546        2.5810602527       19.3420904549
  1       13.6943878730        2.9807802193       19.5487716266
  1       10.3438756059       14.6550198367       16.6073520456
  2       10.8082777917       14.6297950912       16.3137633502
  1       11.2642778377       14.5999107345       16.0077063583
  1       18.2150492541        2.4749689283       17.5510408478
  2       18.5006835528        2.9366896828       17.4631375357
  1       18.7848734779        3.4007479590       17.3832250727
  1       14.7970847668        5.2641764403       17.3437851607
  2       14.3783764488        5.6204124516       17.3604958947
  1       13.9581484137        5.9751629859       17.3527205545
  1       25.0190606530       10.7421308842        3.1583322267
  2       24.6047714877       11.0618225450        2.9890344726
  1       24.1911144754       11.3766910982        2.8094636804
  1        4.9866642887        2.2686156455        9.3072479771
  2        4.8184774163        2.5658017345        8.8760941711
  1        4.6515933990        2.8531725292        8.4378388230
  1       21.8180388207        5.6301451412       19.0154397782
  2       21.7478882834        5.2131224001       18.6637709915
  1       21.6633728723        4.8014631621       18.3089558058
  1       25.1677342337       11.0217876768       22.6639876347
  2       25.0336825859       10.5114453650       22.8191677900
  1       24.8849324000       10.0025039333       22.9652910265
  1       14.2502010561        9.0848951940       10.3988779738
  2       14.6155872422        8.8132376780       10.7074150526
  1       14.9811351609        8.5436460143       11.0175683259
  1        9.0036253126       27.4203446459       26.6852833801
  2        9.3959251547       27.2501550358       26.3393985286
  1        9.7970795805       27.0776657369       26.0049997137
  1       17.7741609994       27.9948627541        3.2409239546
  2       18.3057693215       27.9872948417        3.3817618706
  1       18.8380989549       27.9635844100        3.5180078827
  1        7.5963466890       11.6333079509        8.8295757040
  2        7.2071203792       11.7415599341        8.4563674674
  1        6.8029299191       11.8276293253        8.0934320312
  1       22.2323538964        1.9545846599       11.7540138864
  2       21.7627801411        2.1491762079       11.5439314793
  1       21.2840240329        2.3327651888       11.3449649647
  1       18.4858855664       23.5544026884       21.0235244546
  2       18.5235431458       23.2161049579       21.4555389824
  1       18.5637309754       22.8758539657       21.8857879796
  1       13.0036182499       15.1171663304       11.6129939297
  2       12.8806445220       14.6724619416       11.3136355012
  1       12.7767692848       14.2350048591       10.9968686546
  1       25.9471725966        0.6748795361        4.9390959792
  2       25.8616174214        0.1493145886        5.0767978237
  1       25.7795547309       -0.3708589304        5.2354963550
  1       14.9963709002       17.5918769501       20.9607617726
  2       14.8309668573       17.0824102388       20.8359211839
  1       14.6885079155       16.5687987261       20.7002426560
  1       10.9406961504        8.1559712444       11.9577332168
  2       10.6933614865        8.0397592202       11.4804279377
  1       10.4258474529        7.9263787519       11.0134363851
  1       16.7654823210       24.4676906257       23.8311911552
  2       16.2403420988       24.6061419175       23.7442487213
  1       15.7142599212       24.7354374770       23.6492739894
  1        6.5561191371       22.6620556009       18.0135066284
  2        6.6060850726       22.3564868239       18.4680735957
  1        6.6616704740       22.0509278275       18.9219942516
  1       22.6132890584        0.3474826871       19.8182975691
  2       22.7715256757        0.8060012420       19.5590256891
  1       22.9299549686        1.2538109254       19.2817773427
  1        5.3570266529       12.6858446349       23.7964101762
  2        5.8932045550       12.7469616850       23.9026079326
  1        6.4295833674       12.7946587613       24.0145130599
  1        3.0463405015        2.9907961258        1.3478148508
  2        2.6842335673        2.5915011496        1.4570947216
  1        2.3330622404        2.1858693064        1.5780968122
  1        9.7309805824       10.7510894902        1.1244895541
  2        9.9463461455       11.1863505159        0.8662928971
  1       10.1568164839       11.6339209823        0.6257042165
  1       22.2888602352       27.5121347908        7.4655207881
  2       21.8941328512       27.1364847076        7.3908394163
  1       21.5152954224       26.7404085074        7.3449499272
  1        0.2576057756       19.2364037654       15.9547399728
  2        0.5303783940       19.7131355297       15.9834091823
  1        0.8209298969       20.1791044380       16.0142766347
  1       24.9705198778       19.3393658979        0.0436253913
  2       24.9575330120       18.9120753553        0.3896804931
  1       24.9348657168       18.4787666396        0.7276594120
  1        4.7058307644       16.3659673513        4.0552370473
  2        4.2581612012       16.5405552194        3.7876346587
  1        3.7987753304       16.7284992909        3.5506923730
  1        9.8141163831        9.5263855286       15.3048499012
  2        9.8957209834        8.9841743256       15.3478347884
  1        9.9705528428        8.4410702643       15.3918594450
  1        6.7155282429        7.9864555997       13.2395423239
  2        6.9861410827        7.5128302678       13.3098824679
  1        7.2511516293        7.0362782202       13.3817681767
  1       16.6524242146       10.7921518538       25.3570872248
  2       16.2657583789       11.0681921450       25.0799748123
  1       15.8816340950       11.3440986503       24.7992184519
  1       27.3603295465       22.8805878598       14.2845315708
  2       27.8606185800       22.8641866466       14.0566239511
  1       28.3663558745       22.8495387469       13.8409500607
  1       20.2737953085       10.7380349673       11.6409850472
  2       20.2969157343       10.7287329847       11.0915499563
  1       20.3067925538       10.7148229622       10.5418146030
  1        1.3044191407       22.3939125818       19.3731142541
  2        1.3621181605       21.8486418113       19.3300955382
  1        1.3987523685       21.3006977511       19.2998425932
  1        3.0505151103        5.9518235187        6.7910167225
  2        3.1921484661        6.3880249939        7.0946089911
  1        3.3056762544        6.8222456419        7.4125144316
  1       12.2400523987       14.3169607892       27.0923919124
  2       12.3558169376       14.7074145569       26.7227374430
  1       12.4366931665       15.0979842691       26.3440365921
  1       26.6473015779        4.8219615238       28.2920893454
  2       26.6002146774        5.0794743458       27.8083849209
  1       26.5589488174        5.3308138743       27.3209163894
  1       15.2460472445       23.4157586218       16.0852015689
  2       15.4998465674       23.3951968045       16.5727086103
  1       15.7555290427       23.3680214315       17.0589060700
  1       14.2302720013       27.3707466305       21.0966894562
  2       14.7371651819       27.1890452149       20.9846899069
  1       15.2518869556       27.0316671495       20.8715809366
  1       23.8582986546       17.8587293392       17.5026602504
  2       23.6283851881       17.4770904638       17.8251374850
  1       23.4067023993       17.1000054772       18.1585496217
  1       15.9982569141        5.1071872759       26.4945634094
  2       15.6512894560        5.3506400668       26.1440718665
  1       15.3105995026        5.6109919417       25.7996197567
  1        2.5890802771        4.7364492060       23.5297635242
  2        2.5846435148        4.5750630436       23.0039928311
  1        2.5834495723        4.4365345226       22.4717255840
  1       10.1550815205       11.2847221113       19.1969261698
  2       10.3878643824       11.2123124177       18.7039059111
  1       10.6305682895       11.1523851832       18.2140043505
  1       12.7098765720        9.0122975941        2.8976341352
  2       12.9379116543        8.6904989208        3.2809689955
  1       13.1520022589        8.3700287707        3.6733515829
  1       12.2568765699       19.7734775079        5.9061317688
  2       12.3746963009       20.2903616040        5.7596758294
  1       12.4806803883       20.7978806077        5.5761224772
  1       21.6201138237       14.6353260495       14.2644859859
  2       21.9170514445       14.6127602440       13.8020804996
  1       22.1858067266       14.5990585670       13.3224109661
  1       21.7545297514       11.9276561835       21.6632517935
  2       21.4061712623       12.3009671173       21.4588372398
  1       21.0424837288       12.6633221610       21.2615298672
  1        0.8841376303       22.3043284067       10.2587698424
  2        0.8145573900       22.4805959927        9.7424479193
  1        0.7677517603       22.6823472729        9.2329328038
  1        2.0438411328       16.5883851667       10.1038539259
  2        1.9409251479       17.1241702668       10.0342649428
  1        1.8291868560       17.6616357575       10.0004211930
  1       25.5335292876       12.8865247299        6.8118278078
  2       25.6276747747       12.6978142634        6.3038662078
  1       25.6992809852       12.5162714939        5.7896534382
  1       11.9651028380       23.3812837352       15.7099677237
  2       11.8001451604       22.8928299772       15.9015450993
  1       11.6409590484       22.4032386639       16.0950912870
  1       17.3337562146       18.1534857723        9.0423860469
  2       17.3912576685       17.6124916547        9.1231260464
  1       17.4507597801       17.0709893137        9.1988539306
  1       22.7735131483        5.8518869983       25.2363412366
  2       22.4135705543        5.4448044869       25.3213421653
  1       22.0502817227        5.0406330619       25.4059984295
  1       11.9343000202        3.3644877447       27.0530619091
  2       12.4414778953        3.3254738827       26.8439004367
  1       12.9448825870        3.2672844136       26.6301302306
  1       10.2973546691        5.0236509156        3.5936734676
  2       10.6395408478        5.3736035338        3.8445554799
  1       10.9676749807        5.7263849281        4.1098351016
  1       18.3689511935        1.1455441652        8.0838972260
  2       18.7967526894        1.0289117934        8.4092935535
  1       19.2301372750        0.9090884370        8.7260271374
  1       16.2315344451       16.7260516717       24.1373502295
  2       15.6870130576       16.7984614276       24.1647962815
  1       15.1456098507       16.8874869002       24.2029673673
  1       17.0240542047        3.0318232682       10.8316343684
  2       16.6925441843        3.2891186193       11.1871624385
  1       16.3508919719        3.5442694674       11.5345409201
  1       20.4647834655       17.9930820395       13.5289689558
  2       20.1665036138       18.3819892972       13.2794087927
  1       19.8757151879       18.7721181276       13.0230075719
  1       26.3996698792        4.8489555671       11.0484073371
  2       26.0373169075        4.4376331254       11.0035277990
  1       25.6704974824        4.0295120485       10.9663700965
  1       18.8095007588       20.0955529471        3.6961508981
  2       18.7393389907       20.4447475412        3.2770560858
  1       18.6693304064       20.8058004330        2.8681066924
  1        6.8970113508       18.4637594608        1.1039907826
  2        7.1739154476       18.6408937968        1.5449528537
  1        7.4453551472       18.8258400692        1.9861051684
  1       14.0729578715        4.9186780274        8.3169992065
  2       13.6144660525        5.0924714846        8.5661599700
  1       13.1630057615        5.2758351332        8.8212312876
  1       20.8904754888       13.7118467933       26.9650623985
  2       20.7720048341       13.9566313118       27.4431264565
  1       20.6698591899       14.2022985205       27.9244931451
  1       15.9422218068       24.6085400937       27.4662189140
  2       16.4405701820       24.7747461863       27.6290821442
  1       16.9317240988       24.9490649324       27.8048114920
  1        4.1964071788        6.4834883888       16.3279249282
  2        4.0231157809        6.7357599007       15.8709466183
  1        3.8256842168        6.9929803580       15.4266962241
  1       24.1535946472        2.9756960472        8.1077842965
  2       24.3077146100        3.4602754624        7.8981898608
  1       24.4437621472        3.9536611035        7.6967905665
  1        5.8159818149        4.1904594878       23.8384154744
  2        6.2727446429        3.8949533889       23.7575213185
  1        6.7288944189        3.6040201256       23.6586010620
  1       14.1841669965       23.7435730969        5.2601617078
  2       13.7397988405       23.8105825638        4.9430707535
  1       13.2930177844       23.9005871525        4.6351976288
  1        7.8146178617       17.0696091679        4.9382233478
  2        7.9488881357       17.5186018831        5.2261070660
  1        8.0819084410       17.9602503515        5.5256938277
  1       17.0068361610       17.4251730044        2.6268972070
  2       16.7033844147       17.1437010177        2.9890995791
  1       16.4097080501       16.8746630993        3.3684052479
  1        8.5809205392       24.6076066297       23.0626458117
  2        8.1658012083       24.9590567698       22.9810447081
  1        7.7379915691       25.2888538644       22.8775421090
  1        0.2183633399       10.3730613136       22.1601560994
  2        0.6042259938       10.6840902983       21.9216797211
  1        0.9912635189       10.9979981012       21.6889484502
  1       16.7073977978       20.8120499331       14.5387967904
  2       16.5410254533       20.3166422436       14.7102361796
  1       16.3943579110       19.8104747945       14.8676628118
  1        3.2898593251        8.4515273734       18.9668527600
  2        3.4355838806        8.2535834854       19.4588716328
  1        3.5971809321        8.0622767455       19.9485532878
  1        2.2584037356       19.4414765070        6.7741677179
  2        1.8712718009       19.6436516189        7.1084641272
  1        1.4890994152       19.8445666054        7.4491655137
  1       25.6040537541       22.4821206273       27.0759757331
  2       25.1739446102       22.4444824692       26.7352566503
  1       24.7390974159       22.4279198823       26.3989032686
  1       18.4164759052        2.9849313730       25.2987274424
  2       18.9410985135        2.8435445955       25.3840556208
  1       19.4712224726        2.7190546489       25.4613268327
  1       15.5961081491       20.2724011664       23.3085526358
  2       15.2829632593       20.3902435063       22.8720283399
  1       14.9736401961       20.5313229151       22.4396906918
  1       12.3104626026       10.9222306734       13.0291333600
  2       11.7708107948       11.0252013077       13.0031916014
  1       11.2359617508       11.1529425710       12.9922980836
  1       18.9078011473       13.6036519373       23.9311847045
  2       18.9235990227       14.0935406850       23.6816662844
  1       18.9734093845       14.5744569793       23.4194861084
  1       10.8564623126        3.3759972022       17.0788783971
  2       10.9287746696        3.8653735641       17.3192566395
  1       11.0098089806        4.3471442276       17.5719035615
  1       10.8344140249       28.1413657439       21.0419072939
  2       10.6389013995       27.6388192414       20.9336399110
  1       10.4407173270       27.1422454736       20.8046532236
  1       24.9181461068       19.4295211839        7.6691832706
  2       24.6999036806       19.0086189157        7.9479511383
  1       24.4744835027       18.6039155567        8.2444320543
  1       20.7505801335       17.9931283646        5.9567523413
  2       20.3066871858       17.7239640839        5.7750667862
  1       19.8847624235       17.4176327048        5.6000222771
  1       20.8345898068       17.1335036724        1.9352673581
  2       21.3341122025       17.0062489929        2.1270579282
  1       21.8269407109       16.8879408185        2.3406538929
  1       26.8129106506       25.2835264001       24.9713408302
  2       27.1155278152       25.7295094893       25.0809854192
  1       27.4102752243       26.1786409673       25.1989043712
  1       25.5282548588        4.6184944164        4.0002232307
  2       26.0123657510        4.4704264197        4.2151941879
  1       26.4959431806        4.3215670607        4.4308183049
  1        4.6777900631       11.3772512575       20.9988099705
  2        4.8396175104       11.8611535898       20.7935043199
  1        4.9973418970       12.3461956175       20.5876955540
  1        7.6238402325        8.3951206766       26.7979507504
  2        7.8530872670        8.1850112313       27.2516023988
  1        8.0692193518        7.9421363872       27.6952224289
  1       23.1429397814        0.2242561367       15.9876662430
  2       22.7946939682        0.2512586449       15.5628183666
  1       22.4461351737        0.2750717804       15.1380364220
  1       22.3019307851       21.9747292632        3.9848365842
  2       22.2974219417       21.7981900579        3.4639588833
  1       22.2738488269       21.6065920131        2.9489496634
  1       27.7388178098        5.2215689652       13.9441138167
  2       27.8848799713        5.7494184757       13.8937080703
  1       28.0234064246        6.2791282780       13.8415741462
  1       12.1152163689        7.5206416356       20.2129711410
  2       11.5675247719        7.5105364008       20.1636578686
  1       11.0228621399        7.5281193636       20.0892706671
  1       15.6056702051       18.8972613896       27.8145488162
  2       15.5932341879       18.3479800436       27.7893426970
  1       15.5904210353       17.7980408289       27.7816651137
  1       26.0746421950        7.4800247589        2.3080217459
  2       26.5161739307        7.7589161858        2.1354839289
  1       26.9726303431        8.0206881678        1.9754121573
  1       19.5751527978        7.0483634927       28.1779468378
  2       19.9794118001        6.7900984043       27.9089230411
  1       20.3766880367        6.5275277686       27.6337353740
  1       15.6568723109       16.7456613077       12.6824180020
  2       15.6360463387       17.2200044675       12.4048124443
  1       15.6107742108       17.6954287081       12.1294343225
  1        8.5281641264        7.7814025797        3.4286106168
  2        8.5332662483        8.2923598336        3.6320722913
  1        8.5298213622        8.7968814053        3.8510383057
  1       16.7803893115       21.0862898943       11.0969947100
  2       17.1866988879       21.4567936838       11.0851849625
  1       17.5859040758       21.8351148689       11.0823043646
  1       15.9340615528       26.9310886047       16.6574819216
  2       16.3915641369       26.7361387701       16.4225650267
  1       16.8464184951       26.5212815135       16.2002052482
  1        7.7155437129       17.3636025392       18.6975668118
  2        7.9896619122       17.8319618134       18.6081307842
  1        8.2423061117       18.3119701839       18.5172304447
  1        5.2413844081       16.5718669778       11.1699971881
  2        5.5412849198       16.1158448152       11.2378460666
  1        5.8360324824       15.6538607457       11.2846925477
  1       14.8705759101       12.3853259749        0.9978342120
  2       14.7830461584       12.0117428371        0.6037857610
  1       14.7122738496       11.6250241224        0.2191561795
  1       27.7534394456        3.5399995520       24.2713111577
  2       27.2063705021        3.5729435465       24.2251563717
  1       26.6609684388        3.5918753026       24.1567591713
  1        6.6873065611       20.5078234051       15.2989786205
  2        6.8799660891       20.4237392090       14.7907344329
  1        7.0540253598       20.3225312670       14.2789138376
  1        9.4631517177        4.6080232898       14.4169483943
  2        9.7787283788        4.9516947274       14.1257417427
  1       10.1069892904        5.2857091000       13.8373337473
  1       12.0367880646        2.2372242271        2.3174040609
  2       12.5704283939        2.3009376804        2.4343168263
  1       13.1041927725        2.3598708599        2.5531548148
  1       22.2907363024        8.7638553207        2.5973702400
  2       21.8883936439        8.3902816321        2.6299752149
  1       21.5006324048        8.0002461367        2.6336539015
  1       12.7866357750       26.5872747422       14.3044079859
  2       13.2624938756       26.3201063641       14.3728194309
  1       13.7387683262       26.0572248355       14.4537882432
  1       22.4610846637       11.0818946325       14.5939443020
  2       22.6076942233       11.1321505952       15.1216563213
  1       22.7708870073       11.1885616192       15.6438496864
  1        6.8083011257        4.4112349649        6.6235720490
  2        6.8872923653        4.0144974738        6.2509331525
  1        6.9696012037        3.6186792640        5.8780347763
  1       25.9998962044       28.3738928180        8.7132519884
  2       26.3178704066       27.9784691257        8.5010433402
  1       26.6573919255       27.5974708236        8.2959447517
  1        3.7842902219       12.8959075345        9.6268044344
  2        3.5447881915       13.3499954733        9.4294648256
  1        3.2872363731       13.7866626480        9.2161837004
  1       20.4948573494       10.3697091791       25.0493520558
  2       20.6960234618       10.0278328967       25.4303412982
  1       20.8883366977        9.6973252096       25.8256643143
  1       23.9382188603       11.2057939733        9.5447264841
  2       24.0388679324       10.8873634895        9.9817296778
  1       24.1377126842       10.5566827956       10.4099585800
  1        3.8397167669       10.2701113346        6.2715842431
  2        3.6809719432       10.6321480475        6.6539839024
  1        3.5155974229       10.9809548876        7.0457555902
  1        5.2684674357        5.3282351648        2.6709083284
  2        5.7613154308        5.1403036811        2.5150795403
  1        6.2593100787        4.9662077115        2.3595420112
  1       20.7865286713        5.7094319478       22.2584977677
  2       20.8657043287        6.2536205779       22.2490135632
  1       20.9746841331        6.7924899138       22.2646097175
  1       19.1663665972       23.7442280234       16.3264987997
  2       19.5335745675       24.1446770299       16.2410652011
  1       19.9038331425       24.5412680139       16.1509309787
  1        4.4264285372       19.2895137395       17.8494114103
  2        4.4117746853       18.9533360637       18.2844629416
  1        4.3682754599       18.6174476727       18.7178066910
  1       18.3703330600        5.8516584497        8.9321137377
  2       18.0642620450        6.0772026465        9.3295434158
  1       17.7673745496        6.3381876196        9.7119628948
  1       16.0631790538       13.7233670045       21.5181196459
  2       16.2780262460       13.2622930429       21.3089510873
  1       16.5093218135       12.8114209245       21.0951364661
  1       10.7799479135       16.1969745330       19.7113787457
  2       11.0267849433       15.7062311958       19.7386268230
  1       11.2719265867       15.2155422899       19.7789997252
  1       22.4105207679       15.9359788136        9.1096288054
  2       22.6526003390       15.4526307746        9.2109804432
  1       22.8940516216       14.9735086095        9.3319896496
  1       26.3277219648       -0.1523430380       22.7211637006
  2       26.0794520236        0.1878669111       22.3674417380
  1       25.8311656794        0.5244538045       22.0102818949
  1        3.0663488679       19.7523949002       12.2397379316
  2        2.9806789112       20.2315646685       12.4957789277
  1        2.8622107910       20.7101800008       12.7394850358
  1       22.1178915981        7.7218024851        7.9546392692
  2       22.2177099507        8.0669296617        7.5381977625
  1       22.3032220605        8.4129872625        7.1193519497
  1        8.2782119780        5.5327805476        9.7957712960
  2        8.5812762951        5.2685638185       10.1710599046
  1        8.8783001332        5.0038058042       10.5507703634
  1        0.2315799473        9.2970000996       12.1119438183
  2        0.7667330930        9.1962175668       12.0347817049
  1        1.3087877020        9.1245067659       11.9753312142
  1        3.0083614807       11.7211682813       17.4141179128
  2        3.5028117468       11.5260301897       17.5553271884
  1        3.9981855342       11.3277549815       17.6887129133
  1       19.4929323855       22.9503678614        5.8307906956
  2       19.4881829762       23.4868278625        5.9519852100
  1       19.4784882690       24.0147580453        6.1059193966
  1       13.8862621409       21.7545537928        1.8803137706
  2       14.2928163732       22.1213597096        1.8286700329
  1       14.6939383618       22.4915013536        1.7608739226
  1        3.6757026218        8.4209900508       23.8915900707
  2        3.8715991651        8.8991797969       23.7032841729
  1        4.0845228441        9.3671447194       23.5079067505
  1       18.9272025818        9.1927306252       20.9419682509
  2       18.8743976184        9.3822833053       21.4555648020
  1       18.8514119880        9.5972714351       21.9612838582
  1        5.1781155195       23.3867296712       13.2150312457
  2        4.8569469846       23.7678907981       12.9825081984
  1        4.5361148981       24.1582148508       12.7652205892
  1       13.6433184996        8.4017168031       24.3916084965
  2       13.6223376617        7.9609442634       24.0633108074
  1       13.6019140034        7.5411321891       23.7085704863
  1        0.7927330294       14.7169131406       20.2609437756
  2        1.0957151700       14.3197023523       20.4909990129
  1        1.4023082082       13.9239316603       20.7187406807
  1       27.0053532921       23.5272474402       22.2696552363
  2       26.6504683454       23.2559406494       22.5905123695
  1       26.3093383968       22.9525325746       22.8972270533
  1       18.6175747882       13.9665326502        2.4709069366
  2       19.0669323010       14.0199549285        2.7835151352
  1       19.5226357605       14.0684367698        3.0876267381
  1        4.7074124081       17.6824158036       21.9452038095
  2        4.5872737931       18.1833872705       22.1378026220
  1        4.4820842947       18.6811871363       22.3466816826
  1        7.2770207874       22.4040297229        9.6599284983
  2        6.9443661032       22.2457799864       10.0683374624
  1        6.6123081868       22.0965839487       10.4806214440
  1       25.4727429934        7.8259051613       13.0423031479
  2       25.1783155205        8.2720397045       13.1718270166
  1       24.8914742201        8.7283520321       13.2813766722
  1       13.6934609847       15.9818339461        2.1870634442
  2       13.7789705068       15.4647349335        2.3537869662
  1       13.8802638956       14.9467854674        2.5086029827
  1        2.3532555331       25.6832954362        9.6907823845
  2        2.3646451372       26.1810007648        9.9245764880
  1        2.3812998289       26.6764136094       10.1628803561
  1       20.7329369324       19.5157908859       16.7270132533
  2       20.5707120904       20.0407745690       16.7509972718
  1       20.4211186677       20.5691606622       16.7814922450
  1        1.2201126052       10.6621395563        3.7740017078
  2        1.4942162032       10.7580626269        3.3069192931
  1        1.7893394526       10.8332670355        2.8489383289
  1       11.3044943257        7.4639086339        0.0231045268
  2       11.3095856307        7.0011240527        0.3202652745
  1       11.3413223450        6.5365640946        0.6129713135
  1        4.1578022467       24.7771660736       19.4485434564
  2        4.0435179610       25.3098861162       19.3733872313
  1        3.9437708481       25.8423011983       19.2780735761
  1        0.2798620380       18.5297877511        3.0729048336
  2        0.4740176197       18.5341322444        2.5583324524
  1        0.6643333212       18.5333991481        2.0423097830
  1       18.1324365003       12.0339553081       18.1621144665
  2       17.8923461669       11.5733554725       18.3429581096
  1       17.6491181732       11.1113196137       18.5157672739
  1       24.1760932864       13.6264123846       25.5579731873
  2       24.0690211485       13.1268367629       25.3543564997
  1       23.9457944447       12.6279255887       25.1583901285
  1       24.8437548170       21.0730222657       14.9387317632
  2       24.7880865122       20.5276108120       14.8948297585
  1       24.7379662368       19.9805085440       14.8690021514
  1       20.8847408888        7.9219683945       14.2851740162
  2       21.3856911085        7.8475186970       14.4996643888
  1       21.8838871200        7.7519401687       14.7121861007
  1       27.4459141917       11.1858088915        8.5822883134
  2       27.7249610034       11.3486043671        9.0274068482
  1       28.0047783829       11.5191369413        9.4691317335
  1       13.0906851154       18.8937927316        9.7386263092
  2       12.7472810645       18.6448099553       10.0887423399
  1       12.4045898590       18.4079164608       10.4478303638
  1        4.7688353452       24.1649317094        3.7380938702
  2        4.3240467069       24.4096085033        3.5264424264
  1        3.8853983112       24.6746757557        3.3268755562
  1        9.2208796308        1.3132268072       10.5279423089
  2        9.6508143898        1.2182385219       10.1983466040
  1       10.0767123706        1.1232981046        9.8635373656
  1       23.7742090488        4.8945716190       14.4105036099
  2       23.8018897946        4.5522117411       13.9809416349
  1       23.8289418715        4.2189967609       13.5442083512
  1       24.1361017344        7.4187693460       20.7187613594
  2       24.5733963800        7.1438036910       20.9076191936
  1       25.0244149494        6.8976233846       21.1037760333
  1        9.6518818414       15.4329385118       24.4881601664
  2        9.4644598307       15.1495879941       24.0556263828
  1        9.2860516392       14.8612616718       23.6225692871
  1       16.7855222788        3.1377414240        6.1290445037
  2       16.8900463192        3.0548489266        5.5954683059
  1       17.0261163319        2.9606622196        5.0709553748
  1       19.1702628151        8.0252711972       17.0107584839
  2       19.3752069581        7.5154803046       17.0354798126
  1       19.5648615523        7.0002233998       17.0677514091
  1       21.4120006008       21.2214074859       -0.1566018042
  2       21.4509099182       20.7018621299        0.0196329485
  1       21.4803142170       20.1839157582        0.2022991530
  1        0.7142273887       13.4262397375       16.3008360094
  2        0.3560376134       13.8416532246       16.2604414598
  1       -0.0227914789       14.2371931250       16.2100757467
  1       25.1854566162       19.6186838351       24.5137176005
  2       25.3115945407       19.1087935094       24.3506192260
  1       25.4682437537       18.6077926787       24.1864266842
  1       15.2560582459        8.3113530154       -0.2583775749
  2       15.7114911462        8.4143250804        0.0322727772
  1       16.1755885978        8.5007205260        0.3144949971
  1       27.3704232487       12.4029096174       24.6249516899
  2       27.8079134574       12.7256724524       24.7081771046
  1       28.2353095217       13.0683376462       24.7573011126
  1       13.8441901506        4.5667114932       22.6182657524
  2       13.3181195460        4.4601416375       22.7382348519
  1       12.7889267189        4.3850736166       22.8679258038
  1       21.7025653790       17.4471677999       21.5751375854
  2       21.3448202581       17.1361017672       21.2962893261
  1       20.9844387189       16.8386704634       21.0061863018
  1       22.9581611827       14.0876163310        4.5967715795
  2       22.6927922982       14.4224145890        4.9431665586
  1       22.4276878423       14.7731045090        5.2736755697
  1       25.8159509067       11.7480562916       18.7941814104
  2       26.1095990859       11.2838951998       18.8229081881
  1       26.4249685422       10.8335069752       18.8367845040
  1       22.3995417553       17.5124228478       25.2294734555
  2       22.0833593763       17.2874121695       25.6192155469
  1       21.7895008109       17.0666422847       26.0283705305
  1        5.8269824270       26.8158984157       15.9228839504
  2        5.6019666783       26.3266548648       16.0347260747
  1        5.3822227416       25.8351135678       16.1469747030
  1       25.6032762253        6.9102563035       17.2382525656
  2       25.7431479356        6.4858365922       17.5588829030
  1       25.9004075536        6.0564132120       17.8644397260
  1        8.7689198936       14.5710495616       13.4319010006
  2        9.1693135636       14.6531424409       13.0638715614
  1        9.5855977606       14.7442703316       12.7161602243
  1       10.6219650027        7.4491432451        7.3618148212
  2       10.3391997997        7.6939040221        6.9585332793
  1       10.0320089679        7.9287745554        6.5674199653
  1       25.9604780826       22.0574230593        2.9516815415
  2       25.9623226609       22.4427983484        2.5592755222
  1       25.9762695041       22.8321944332        2.1711052326
  1        7.7968604099        5.5123706646       17.8094495457
  2        8.0703703774        5.9740068345       17.6886838868
  1        8.3408790771        6.4453235588       17.6039160407
  1        0.3359012420        7.0537897848       20.6443946960
  2        0.4651726083        7.0035434623       21.1766204196
  1        0.6032834904        6.9311753998       21.7040559576
  1        0.1288450878       17.9975166871       19.6275557216
  2        0.0403400132       17.7599729437       19.1394575534
  1       -0.0587312989       17.5380782548       18.6460534380
  1        7.1346724537        8.2724886192        7.7906083422
  2        6.8178545018        8.0683507629        7.3900410932
  1        6.4984869876        7.8555004112        6.9960879010
  1        4.4145208735        8.7549574972        2.4864816897
  2        4.9561490040        8.7585036467        2.3909495320
  1        5.4948658547        8.7557892361        2.2801488745
  1        3.9164327284       17.6875031338        0.4905331197
  2        3.8348601884       17.1608774880        0.3544766980
  1        3.7338671235       16.6362638409        0.2237826999
  1        5.2799116488       14.9572892640        6.9034103242
  2        5.4875169057       15.2399728052        7.3270730118
  1        5.6929859515       15.5282958721        7.7479676297
  1       26.5570432002       19.9497372940       11.1170463474
  2       26.7719895442       19.9725826533       11.6227895221
  1       26.9934610119       20.0051883803       12.1251711047
  1        1.1023213513       21.3425630703        4.0757746161
  2        1.6414396307       21.4107651382        3.9909220451
  1        2.1780129047       21.4879984901        3.8980558512
  1        5.7231905634       27.9454539843       24.2593507191
  2        5.3165823731       27.8565896123       24.6188961306
  1        4.9221638104       27.7666268467       24.9915094653
  1       13.8275332356        1.5978094354        9.2050840875
  2       13.8078486536        1.4100177105        9.7216562366
  1       13.8104800916        1.2114270829       10.2345449547


Molecules in box 2
##############################################################################                                           
Moleculetype  1
Number-of-molecules: 23    
Atomtype         X                  Y                   Z
  1       44.9309438095        9.6005437110        1.9469964078
  2       44.6928196909        9.9090153206        2.3351228952
  1       44.4776623891       10.2160082216        2.7375687837
  1       31.9472161665       20.3776900746        6.6606057463
  2       31.5571553206       20.4745963573        7.0360544231
  1       31.1630559144       20.5510940506        7.4119982486
  1       14.2236205912       35.0048314359        9.5245488364
  2       13.7541123138       35.0358092048        9.8093335889
  1       13.2751884528       35.0719152144       10.0773415933
  1        9.4236702263        7.7143311958        7.7493123116
  2        9.0383116237        7.7818779147        7.3627425401
  1        8.6550231912        7.8530216531        6.9747624569
  1       29.1004223890       12.8322002286       24.0262603324
  2       28.8961935245       12.3405935618       23.8880089091
  1       28.7020235800       11.8507840456       23.7302601551
  1       26.4620328670       49.5296053364       30.6201358218
  2       26.0850832130       49.3663654939       30.9858703050
  1       25.7218116882       49.2110321329       31.3684998193
  1       48.0094685248       15.9005411394       38.5607098351
  2       47.9407123064       16.0609869555       39.0822745220
  1       47.8846759176       16.2236769885       39.6046650610
  1       10.3079735623       39.2619728487       28.6201750451
  2       10.8000478102       39.1528191303       28.8402850183
  1       11.3070320100       39.0424328834       29.0227182846
  1       17.6206380403       44.5012984164       49.5792572650
  2       17.5080122330       44.9163056086       49.2363513625
  1       17.3861098716       45.3205310968       48.8838721887
  1       39.4696700980       44.7739204558       30.4640806940
  2       39.9562733836       44.7422069628       30.2096961487
  1       40.4452733404       44.7246309957       29.9585584842
  1       22.3097962171       13.9152410581       24.0214095901
  2       22.7359449661       13.9069580626       24.3690137266
  1       23.1418081426       13.8765072557       24.7389432189
  1       21.8389206110       14.9474551432       28.4839335170
  2       21.9255444172       15.2083317972       28.0075516454
  1       21.9942283096       15.4866181774       27.5381486070
  1       23.4585598727       18.0175507339       33.8441931243
  2       23.0179126496       18.1437174448       34.1481865220
  1       22.5905850783       18.2824866319       34.4654155537
  1       21.3059520300       11.1328953476       27.0843120674
  2       20.9360993084       11.5285538959       27.1800370770
  1       20.5589971299       11.9120597950       27.2950030341
  1       32.0891420536       17.4721173959       37.7926143215
  2       32.1079689833       16.9952473114       38.0660013535
  1       32.1393479324       16.5068093990       38.3168873161
  1       21.1774495877       37.8552711127       32.9823116354
  2       21.0974876878       37.3112008142       32.9726366769
  1       21.0457316033       36.7637620113       32.9841285762
  1       46.5355578055       31.2711128295       17.4076337848
  2       46.8211917429       31.3752668214       17.8659624875
  1       47.1123931493       31.4728256184       18.3222343594
  1       41.4088780721        9.8635301414       27.7699415458
  2       41.6638147741       10.0453051561       28.2221197430
  1       41.9096132958       10.2337524647       28.6766202354
  1       33.2252219822        2.7259077347       40.1790552442
  2       32.7200881383        2.5088005656       40.1933477893
  1       32.2131655149        2.2954247729       40.1938210042
  1        8.2025112685       41.2946228073       47.9719318023
  2        7.9519695584       41.5103344103       48.4114740139
  1        7.7003143809       41.7231929610       48.8517704005
  1       38.7286551359        2.8152872467       42.9392858448
  2       38.5311851395        2.4720635503       43.3209965924
  1       38.3485914337        2.1302302724       43.7112651508
  1       40.8368261365        4.9425569228       32.9673142746
  2       41.3630222666        4.7875826378       32.9273067289
  1       41.8911079806        4.6416447328       32.8790614640
  1       40.8515491672        9.2346002310       38.4950974486
  2       40.8044816948        9.2669995456       39.0421211569
  1       40.7662230468        9.2872009335       39.5904168607


Number-of-fractionals:  1        
##############################################################################                                           
Fractional-type:      2
Box:                  1
Lambda:               0.134590
Reaction-Step         1 (only used if Type = 3 (RxMC))

Moleculetype  1
Atomtype         X                  Y                   Z
  1       18.3622172852        7.1230484007       12.6691731606
  2       17.8722127551        6.9053076049       12.5467619424
  1       17.3772513355        6.6906312652       12.4398635739

------------------------------------------------------------------------------                                           

