Compiled using GNU Fortran (Ubuntu 9.4.0-1ubuntu1~20.04.2) 9.4.0 with all optimizations
Last Brick update unknown
Compiled at 16:28:53 on Sep  3 2023
Starting at 15:00:12 on Jan 06 2025

Settings
OK                      

Forcefield
OK                      

Topology
OK                      

Configuration
OK                      Starting from random configuration.

 F
Monte Carlo Simulation initialized.

#########################################################################################################################
###########################################   ENERGY STARTING CONFIGURATION   ###########################################
#########################################################################################################################
                                               Box 1               Box 2
-------------------------------------------------------------------------------------------------------------------------
Lennard Jones        
 Intermolecular                          0.1123015063E+008   0.8447569063E+005
 Tailcorrection                         -0.3083459226E+004  -0.4629744689E+002
Total Intermolecular                     0.1122706717E+008   0.8442939318E+005

Electrostatic        
 Real                                   -0.1950556025E+004  -0.1529464868E+004
 Exclusion                               0.1043425830E+008   0.2037985693E+007
 Selfterm                               -0.1044989240E+008  -0.2038978394E+007
 Fourier                                 0.1483059497E+005   0.1082421130E+004
Total Intermolecular                    -0.2754063994E+004  -0.1439745350E+004

Intramolecular       
 Lennard Jones                           0.0000000000E+000   0.0000000000E+000
 Electrostatic                           0.0000000000E+000   0.0000000000E+000
 Bending                                 0.9343375086E+007   0.3104111324E+007
 Torsion                                 0.0000000000E+000   0.0000000000E+000

Total                                    0.2056768819E+008   0.3187100972E+007

#########################################################################################################################

Simulation is running...



#########################################################################################################################
###############################################   RELATIVE ENERGY DRIFTS   ##############################################
#########################################################################################################################
                                               Box 1               Box 2                                                 
-------------------------------------------------------------------------------------------------------------------------

Lennard Jones        
 Intermolecular                          0.1188264217E-014   0.3314643537E-014
 Tailcorrection                          0.0000000000E+000   0.0000000000E+000

Electrostatic        
 Real                                    0.4667553810E-014   0.2981148096E-011
 Exclusion                               0.5163641338E-015   0.1268804055E-015
 Selfterm                                0.0000000000E+000   0.0000000000E+000
 Fourier                                 0.0000000000E+000   0.3349444429E-015

Intramolecular       
 Lennard Jones                           0.0000000000E+000   0.0000000000E+000
 Electrostatic                           0.0000000000E+000   0.0000000000E+000
 Bending                                 0.8039878271E-014   0.0000000000E+000
 Torsion                                 0.0000000000E+000   0.0000000000E+000

Total                                    0.4451907265E-013   0.4055387385E-013

#########################################################################################################################
############################################   TRIAL MOVE ACCEPTANCE RATES   ############################################
#########################################################################################################################
                                               Box 1               Box 2
-------------------------------------------------------------------------------------------------------------------------
Translation
 N2                                           0.51079             0.68261
-------------------------------------------------------------------------------------------------------------------------
Rotation
 N2                                           0.54107             0.94273
-------------------------------------------------------------------------------------------------------------------------
Bond Bending
 N2                      
  Bending 1                                   0.35956             0.36203
-------------------------------------------------------------------------------------------------------------------------
Lambda Move
 N2                                           0.78551             0.96953
-------------------------------------------------------------------------------------------------------------------------
GE Swap Fractional
 N2                                           0.34125             0.36644
-------------------------------------------------------------------------------------------------------------------------
GE Identity Change
 N2                                           0.85786             0.93197
-------------------------------------------------------------------------------------------------------------------------
Volume                                        0.49594             0.49594

#########################################################################################################################
######################################################   AVERAGES   #####################################################
#########################################################################################################################
                                                       Boltzmann                                    Biased
                                               Box 1               Box 2                  Box 1               Box 2      
-------------------------------------------------------------------------------------------------------------------------
Density
 N2                                      0.6853555773E+003   0.3082629443E+002      0.6857886978E+003   0.3087224744E+002
 Total                                   0.6853555773E+003   0.3082629443E+002      0.6857886978E+003   0.3087224744E+002

Number of molecules
 N2                                      0.3132987192E+003   0.8670128076E+002      0.3131540560E+003   0.8684594400E+002
 Total                                   0.3132987192E+003   0.8670128076E+002      0.3131540560E+003   0.8684594400E+002

Mole fractions
 N2                                           1.00000             1.00000                 1.00000             1.00000

Volume                                   0.2127762898E+005   0.1307223710E+006      0.2125441568E+005   0.1307455843E+006

#########################################################################################################################
#######################################   PROPERTIES FROM THE CFC GIBBS ENSEMBLE   ######################################
#########################################################################################################################
                                                       Boltzmann                                    Biased
                                               Box 1               Box 2                  Box 1               Box 2      
Chemical Potentials (as an indication)
=========================================================================================================================

Total N2                                -0.7649025331E+003  -0.7648111082E+003     -0.7648393566E+003  -0.7646621484E+003
 Ideal gas                              -0.4217642724E+003  -0.7319212478E+003     -0.4217010959E+003  -0.7317722879E+003
 Excess                                 -0.3431382607E+003  -0.3288986045E+002     -0.3431382607E+003  -0.3288986045E+002

-------------------------------------------------------------------------------------------------------------------------

#########################################################################################################################
##################################################   AVERAGE ENERGIES   #################################################
#########################################################################################################################
                                                       Boltzmann                                    Biased
                                               Box 1               Box 2                  Box 1               Box 2      
-------------------------------------------------------------------------------------------------------------------------
Lennard Jones        
 Intermolecular                         -0.1493010296E+006  -0.2613639924E+004     -0.1490531208E+006  -0.2627536937E+004
 Tailcorrection                         -0.4259372540E+004  -0.3407387093E+002     -0.4252785638E+004  -0.3425947096E+002
Total Intermolecular                    -0.1535604021E+006  -0.2647713795E+004     -0.1533059064E+006  -0.2661796408E+004

Electrostatic        
 Real                                   -0.3686776639E+004  -0.6831540454E+002     -0.3684995553E+004  -0.6848835659E+002
 Exclusion                               0.1091863030E+008   0.1769033556E+007      0.1090927099E+008   0.1772413418E+007
 Selfterm                               -0.1092060635E+008  -0.1769072643E+007     -0.1091124507E+008  -0.1772452589E+007
 Fourier                                 0.1064368799E+004   0.4130964992E+002      0.1063371038E+004   0.4139258270E+002
Total Intermolecular                    -0.4598453931E+004  -0.6609224013E+002     -0.4595702393E+004  -0.6626644547E+002

Intramolecular       
 Lennard Jones                           0.0000000000E+000   0.0000000000E+000      0.0000000000E+000   0.0000000000E+000
 Electrostatic                           0.0000000000E+000   0.0000000000E+000      0.0000000000E+000   0.0000000000E+000
 Bending                                 0.3145864107E+005   0.8692785333E+004      0.3142888597E+005   0.8722204360E+004
 Torsion                                 0.0000000000E+000   0.0000000000E+000      0.0000000000E+000   0.0000000000E+000

Total                                   -0.1267002150E+006   0.5978979297E+004     -0.1264727228E+006   0.5994141507E+004

#########################################################################################################################

No errors found in bookkeeping.

Total simulation time :  1 days and   3 hours

Simulation finished.

