#   100 bins for weightfunction of N2                      
 0.0000000    0.6529687500E+001    0.4582812500E+001
 0.0101010    0.6595312500E+001    0.4684375000E+001
 0.0202020    0.6715625000E+001    0.4675000000E+001
 0.0303030    0.6893750000E+001    0.4710937500E+001
 0.0404040    0.7034375000E+001    0.4715625000E+001
 0.0505051    0.7164062500E+001    0.4609375000E+001
 0.0606061    0.7504687500E+001    0.4703125000E+001
 0.0707071    0.7767187500E+001    0.4607812500E+001
 0.0808081    0.8125000000E+001    0.4604687500E+001
 0.0909091    0.8479687500E+001    0.4600000000E+001
 0.1010101    0.8901562500E+001    0.4600000000E+001
 0.1111111    0.9148437500E+001    0.4542187500E+001
 0.1212121    0.9328125000E+001    0.4606250000E+001
 0.1313131    0.9787500000E+001    0.4573437500E+001
 0.1414141    0.9684375000E+001    0.4587500000E+001
 0.1515152    0.9862500000E+001    0.4689062500E+001
 0.1616162    0.9965625000E+001    0.4425000000E+001
 0.1717172    0.9903125000E+001    0.4571875000E+001
 0.1818182    0.9768750000E+001    0.4596875000E+001
 0.1919192    0.9700000000E+001    0.4546875000E+001
 0.2020202    0.9365625000E+001    0.4551562500E+001
 0.2121212    0.9332812500E+001    0.4542187500E+001
 0.2222222    0.9290625000E+001    0.4560937500E+001
 0.2323232    0.9300000000E+001    0.4515625000E+001
 0.2424242    0.9096875000E+001    0.4425000000E+001
 0.2525253    0.8943750000E+001    0.4329687500E+001
 0.2626263    0.8950000000E+001    0.4445312500E+001
 0.2727273    0.8871875000E+001    0.4431250000E+001
 0.2828283    0.8626562500E+001    0.4378125000E+001
 0.2929293    0.8615625000E+001    0.4298437500E+001
 0.3030303    0.8234375000E+001    0.4339062500E+001
 0.3131313    0.8087500000E+001    0.4387500000E+001
 0.3232323    0.7821875000E+001    0.4253125000E+001
 0.3333333    0.7454687500E+001    0.4221875000E+001
 0.3434343    0.7078125000E+001    0.4206250000E+001
 0.3535354    0.6689062500E+001    0.4104687500E+001
 0.3636364    0.6462500000E+001    0.4107812500E+001
 0.3737374    0.5950000000E+001    0.3989062500E+001
 0.3838384    0.5581250000E+001    0.4000000000E+001
 0.3939394    0.4990625000E+001    0.3914062500E+001
 0.4040404    0.4742187500E+001    0.3737500000E+001
 0.4141414    0.4345312500E+001    0.3629687500E+001
 0.4242424    0.3746875000E+001    0.3637500000E+001
 0.4343434    0.3396875000E+001    0.3543750000E+001
 0.4444444    0.2831250000E+001    0.3428125000E+001
 0.4545455    0.2367187500E+001    0.3348437500E+001
 0.4646465    0.1985937500E+001    0.3275000000E+001
 0.4747475    0.1678125000E+001    0.3060937500E+001
 0.4848485    0.1114062500E+001    0.2845312500E+001
 0.4949495    0.5718750000E+000    0.2664062500E+001
 0.5050505    0.3640625000E+000    0.2650000000E+001
 0.5151515    0.2765625000E+000    0.2731250000E+001
 0.5252525    0.3125000000E+000    0.2693750000E+001
 0.5353535    0.4031250000E+000    0.2817187500E+001
 0.5454545    0.3703125000E+000    0.2712500000E+001
 0.5555556    0.3375000000E+000    0.2575000000E+001
 0.5656566    0.3609375000E+000    0.2664062500E+001
 0.5757576    0.3437500000E+000    0.2640625000E+001
 0.5858586    0.3500000000E+000    0.2751562500E+001
 0.5959596    0.4062500000E+000    0.2701562500E+001
 0.6060606    0.4609375000E+000    0.2739062500E+001
 0.6161616    0.3265625000E+000    0.2748437500E+001
 0.6262626    0.4000000000E+000    0.2659375000E+001
 0.6363636    0.2671875000E+000    0.2598437500E+001
 0.6464646    0.3984375000E+000    0.2681250000E+001
 0.6565657    0.2609375000E+000    0.2701562500E+001
 0.6666667    0.3406250000E+000    0.2654687500E+001
 0.6767677    0.3921875000E+000    0.2637500000E+001
 0.6868687    0.3046875000E+000    0.2600000000E+001
 0.6969697    0.2656250000E+000    0.2642187500E+001
 0.7070707    0.2828125000E+000    0.2615625000E+001
 0.7171717    0.2156250000E+000    0.2650000000E+001
 0.7272727    0.3281250000E+000    0.2689062500E+001
 0.7373737    0.2468750000E+000    0.2584375000E+001
 0.7474747    0.2390625000E+000    0.2571875000E+001
 0.7575758    0.3156250000E+000    0.2684375000E+001
 0.7676768    0.2515625000E+000    0.2664062500E+001
 0.7777778    0.2375000000E+000    0.2648437500E+001
 0.7878788    0.2375000000E+000    0.2665625000E+001
 0.7979798    0.2078125000E+000    0.2610937500E+001
 0.8080808    0.2000000000E+000    0.2585937500E+001
 0.8181818    0.2125000000E+000    0.2640625000E+001
 0.8282828    0.2890625000E+000    0.2667187500E+001
 0.8383838    0.2812500000E+000    0.2659375000E+001
 0.8484848    0.2531250000E+000    0.2665625000E+001
 0.8585859    0.1468750000E+000    0.2592187500E+001
 0.8686869    0.1718750000E+000    0.2575000000E+001
 0.8787879    0.1296875000E+000    0.2567187500E+001
 0.8888889    0.1500000000E+000    0.2581250000E+001
 0.8989899    0.1359375000E+000    0.2612500000E+001
 0.9090909    0.6093750000E-001    0.2562500000E+001
 0.9191919    0.1343750000E+000    0.2631250000E+001
 0.9292929    0.2812500000E-001    0.2553125000E+001
 0.9393939    0.1406250000E-001    0.2607812500E+001
 0.9494949    0.7343750000E-001    0.2609375000E+001
 0.9595960    0.1609375000E+000    0.2585937500E+001
 0.9696970    0.1875000000E-001    0.2531250000E+001
 0.9797980    0.8593750000E-001    0.2670312500E+001
 0.9898990    0.0000000000E+000    0.2575000000E+001
 1.0000000    0.5625000000E-001    0.2625000000E+001


