Compiled using GNU Fortran (Ubuntu 9.4.0-1ubuntu1~20.04.2) 9.4.0 with all optimizations
Last Brick update unknown
Compiled at 16:28:53 on Sep  3 2023
Starting at 18:37:47 on Dec 31 2024

Settings
OK                      

Forcefield
OK                      

Topology
OK                      

Configuration
OK                      Starting from random configuration.

 F
Monte Carlo Simulation initialized.

#########################################################################################################################
###########################################   ENERGY STARTING CONFIGURATION   ###########################################
#########################################################################################################################
                                               Box 1               Box 2
-------------------------------------------------------------------------------------------------------------------------
Lennard Jones        
 Intermolecular                          0.1448510312E+008   0.1008632537E+007
 Tailcorrection                         -0.4636799626E+004  -0.6962048891E+002
Total Intermolecular                     0.1448046632E+008   0.1008562916E+007

Electrostatic        
 Real                                    0.2082908004E+004  -0.2260455477E+004
 Exclusion                               0.1043425830E+008   0.2037985693E+007
 Selfterm                               -0.1044989240E+008  -0.2038978394E+007
 Fourier                                 0.1556308875E+005   0.1004837866E+004
Total Intermolecular                     0.2011893815E+004  -0.2248319223E+004

Intramolecular       
 Lennard Jones                           0.0000000000E+000   0.0000000000E+000
 Electrostatic                           0.0000000000E+000   0.0000000000E+000
 Bending                                 0.9343375086E+007   0.3104111324E+007
 Torsion                                 0.0000000000E+000   0.0000000000E+000

Total                                    0.2382585330E+008   0.4110425922E+007

#########################################################################################################################

Simulation is running...



#########################################################################################################################
###############################################   RELATIVE ENERGY DRIFTS   ##############################################
#########################################################################################################################
                                               Box 1               Box 2                                                 
-------------------------------------------------------------------------------------------------------------------------

Lennard Jones        
 Intermolecular                          0.9382732895E-014   0.0000000000E+000
 Tailcorrection                          0.0000000000E+000   0.0000000000E+000

Electrostatic        
 Real                                    0.4465230196E-014   0.0000000000E+000
 Exclusion                               0.0000000000E+000   0.1784253676E-015
 Selfterm                                0.0000000000E+000   0.0000000000E+000
 Fourier                                 0.1127420701E-015   0.0000000000E+000

Intramolecular       
 Lennard Jones                           0.0000000000E+000   0.0000000000E+000
 Electrostatic                           0.0000000000E+000   0.0000000000E+000
 Bending                                 0.2512857124E-014   0.1395429260E-012
 Torsion                                 0.0000000000E+000   0.0000000000E+000

Total                                    0.9453313231E-014   0.1417597748E-012

#########################################################################################################################
############################################   TRIAL MOVE ACCEPTANCE RATES   ############################################
#########################################################################################################################
                                               Box 1               Box 2
-------------------------------------------------------------------------------------------------------------------------
Translation
 N2                                           0.50311             0.98704
-------------------------------------------------------------------------------------------------------------------------
Rotation
 N2                                           0.50076             0.99891
-------------------------------------------------------------------------------------------------------------------------
Bond Bending
 N2                      
  Bending 1                                   0.34102             0.34476
-------------------------------------------------------------------------------------------------------------------------
Lambda Move
 N2                                           0.73816             0.98519
-------------------------------------------------------------------------------------------------------------------------
GE Swap Fractional
 N2                                           0.25811             0.28993
-------------------------------------------------------------------------------------------------------------------------
GE Identity Change
 N2                                           0.73449             0.81428
-------------------------------------------------------------------------------------------------------------------------
Volume                                        0.50553             0.50553

#########################################################################################################################
######################################################   AVERAGES   #####################################################
#########################################################################################################################
                                                       Boltzmann                                    Biased
                                               Box 1               Box 2                  Box 1               Box 2      
-------------------------------------------------------------------------------------------------------------------------
Density
 N2                                      0.8724250409E+003   0.3990060799E+000      0.8735314854E+003   0.3958836360E+000
 Total                                   0.8724250409E+003   0.3990060799E+000      0.8735314854E+003   0.3958836360E+000

Number of molecules
 N2                                      0.3988781710E+003   0.1121828980E+001      0.3988867200E+003   0.1113280000E+001
 Total                                   0.3988781710E+003   0.1121828980E+001      0.3988867200E+003   0.1113280000E+001

Mole fractions
 N2                                           1.00000             1.00000                 1.00000             1.00000

Volume                                   0.2126955033E+005   0.1307304497E+006      0.2124311054E+005   0.1307568895E+006

#########################################################################################################################
#######################################   PROPERTIES FROM THE CFC GIBBS ENSEMBLE   ######################################
#########################################################################################################################
                                                       Boltzmann                                    Biased
                                               Box 1               Box 2                  Box 1               Box 2      
Chemical Potentials (as an indication)
=========================================================================================================================

Total N2                                -0.1051027551E+004  -0.1050971196E+004     -0.1050913482E+004  -0.1051678266E+004
 Ideal gas                              -0.3578673403E+003  -0.1049972323E+004     -0.3577532710E+003  -0.1050679393E+004
 Excess                                 -0.6931602110E+003  -0.9988733185E+000     -0.6931602110E+003  -0.9988733185E+000

-------------------------------------------------------------------------------------------------------------------------

#########################################################################################################################
##################################################   AVERAGE ENERGIES   #################################################
#########################################################################################################################
                                                       Boltzmann                                    Biased
                                               Box 1               Box 2                  Box 1               Box 2      
-------------------------------------------------------------------------------------------------------------------------
Lennard Jones        
 Intermolecular                         -0.3866874953E+006  -0.9993075128E+000     -0.3861668608E+006  -0.1465668316E+001
 Tailcorrection                         -0.1038859488E+005  -0.1573997736E-001     -0.1037525869E+005  -0.2183310958E-001
Total Intermolecular                    -0.3970760902E+006  -0.1015047490E+001     -0.3965421195E+006  -0.1487501425E+001

Electrostatic        
 Real                                   -0.7564955148E+004  -0.1945809946E-001     -0.7566279292E+004  -0.1710165887E-001
 Exclusion                               0.1390380422E+008   0.2289522256E+005      0.1389590389E+008   0.2413987483E+005
 Selfterm                               -0.1390631457E+008  -0.2289572479E+005     -0.1389841232E+008  -0.2414043640E+005
 Fourier                                 0.1139013656E+004   0.5141117555E+000      0.1138492392E+004   0.5421347932E+000
Total Intermolecular                    -0.8936296414E+004  -0.7578481723E-002     -0.8936224249E+004  -0.3653405901E-001

Intramolecular       
 Lennard Jones                           0.0000000000E+000   0.0000000000E+000      0.0000000000E+000   0.0000000000E+000
 Electrostatic                           0.0000000000E+000   0.0000000000E+000      0.0000000000E+000   0.0000000000E+000
 Bending                                 0.3612637535E+005   0.1009413958E+003      0.3610306257E+005   0.1358212987E+003
 Torsion                                 0.0000000000E+000   0.0000000000E+000      0.0000000000E+000   0.0000000000E+000

Total                                   -0.3698860112E+006   0.9991876979E+002     -0.3693752811E+006   0.1342972632E+003

#########################################################################################################################

No errors found in bookkeeping.

Total simulation time :  2 days and  14 hours

Simulation finished.

