Simulation state at cycle:    1100000
##############################################################################                                           

Number-of-molecules: 401   

Box-size(s):    28.612313   50.472339

------------------------------------------------------------------------------                                           

Deltas
Translation per molecule type
Box 1    0.7444384709E+000
Box 2    0.2528920828E+002

Rotation per molecule type
Box 1    0.1521338343E+003
Box 2    0.1800000000E+003

Volume    Delta_Volume
Box 1   0.4844321452E+003
Box 2   0.2242741413E+004

------------------------------------------------------------------------------                                           

Molecules in box 1
##############################################################################                                           
Moleculetype  1
Number-of-molecules: 370   
Atomtype         X                  Y                   Z
  1       22.5733106014       11.1686848554        5.1425779429
  2       22.4958242648       11.3234270064        4.6205140250
  1       22.4384813974       11.4962755416        4.1015389019
  1        8.6349652798        1.1959076398        1.0414188638
  2        9.0636360190        1.5367613113        1.0920170057
  1        9.4991615369        1.8716138936        1.1183090280
  1       18.7865549803       18.0346634260       23.1452023536
  2       19.1633944360       17.6502548760       23.0324101049
  1       19.5402982398       17.2641900239       22.9256512571
  1       17.1710786736       15.1629694554        5.7107099505
  2       17.3000801206       14.6575556515        5.5363095104
  1       17.4590401739       14.1548356333        5.3797710686
  1        6.0938685697       21.8651005911       13.2494477700
  2        6.6381902730       21.8108845988       13.1922244398
  1        7.1811825693       21.7621616310       13.1195234249
  1        0.1305758426       18.8335462821        9.2453252635
  2        0.3297802843       19.1307703232        9.6630278609
  1        0.5287728195       19.4195862739       10.0866872955
  1        4.0569687453       24.6376415773       16.8241668495
  2        3.5800823045       24.4907582016       16.5928562433
  1        3.0956567358       24.3394002175       16.3809066549
  1       25.9626132685       24.0331404140        7.5157973462
  2       25.8211039548       24.4793025288        7.8046129993
  1       25.6777037335       24.9146544405        8.1085950523
  1        1.4263587613        9.8673620249       14.7801972107
  2        1.2611347105        9.3666508597       14.6237065013
  1        1.0824738419        8.8656544079       14.4837677709
  1       25.9356740351        8.1545973336       16.0210498171
  2       26.3038843491        8.5219586946       16.1998424208
  1       26.6715496131        8.8820403839       16.3939131030
  1       10.9126449829        3.6914976373       14.1994985863
  2       11.2995471692        3.7847477831       14.5791182757
  1       11.6688934431        3.8960188763       14.9711668349
  1       21.0729388879        3.0584995689        4.4635385151
  2       20.9321530175        2.8279335930        4.9426195829
  1       20.7792980224        2.6069282703        5.4225070663
  1       14.8737142509       24.3699957598        0.7615086086
  2       14.7602105812       24.8002994556        0.4383126211
  1       14.6637380164       25.2365033417        0.1175023765
  1        4.4710801881       21.6913726947        8.5969438502
  2        4.2999876811       21.5544468603        8.0924850611
  1        4.1320210189       21.4349468801        7.5825762907
  1       25.1926606745       23.6001439907       14.6902601611
  2       25.4922551649       24.0503713317       14.7904523900
  1       25.7973077277       24.4992047350       14.8798476302
  1       22.7362226450       13.0468400710        0.5853638404
  2       23.0662225096       12.6084134735        0.6225418985
  1       23.4028143404       12.1739540629        0.6437776940
  1       22.0584339928        6.0322283743        2.4936169915
  2       22.0620835339        5.7542412081        2.0190542282
  1       22.0734623594        5.4722811055        1.5469641713
  1        8.5314467383       14.4570028574        7.8758758607
  2        8.4296857092       14.9889469307        7.9716891994
  1        8.3186653098       15.5175766197        8.0752513633
  1       16.3115552985        2.0699601982        2.7955230302
  2       16.1934222495        1.5753071220        2.5860882743
  1       16.0746986822        1.0833865739        2.3706378441
  1        0.6057809206        6.1432438297        0.9812791592
  2        0.4239031048        6.5873382876        1.2499808016
  1        0.2349872543        7.0242850879        1.5254591023
  1       18.4423679337       17.6973810611        2.3852800217
  2       17.9352321872       17.5245219648        2.2610501243
  1       17.4340526591       17.3499646785        2.1166588732
  1        0.5982737739        9.3383912660       19.1579167249
  2        0.6822437913        9.8780670732       19.2227168738
  1        0.7837037767       10.4127544836       19.3021853806
  1       18.8045289062        8.1965771367        6.5157556334
  2       19.1007294443        8.5962540828        6.7503266887
  1       19.3971756242        8.9813794131        7.0078109433
  1       10.5399025664       25.5813895337       22.8648885685
  2       10.3629144756       25.0642066823       22.8040846715
  1       10.1878991380       24.5478066375       22.7319693172
  1        1.6589755630       12.1873712623       11.0505340473
  2        1.3139582788       12.3871008301       11.4294419165
  1        0.9663052649       12.6057746543       11.7952549009
  1       12.6924974360       19.6310967078        3.7134444778
  2       12.9298351805       19.2089994915        3.9742216528
  1       13.1637619940       18.8084715381        4.2697814666
  1       14.0389864563       25.4595692706       12.6096895960
  2       13.6855124042       25.2717199700       12.9868748751
  1       13.3391867248       25.0882007074       13.3727235540
  1       21.9210163087       21.6989475189       13.9199254940
  2       21.7626919059       21.9403856811       13.4518005136
  1       21.6167311629       22.1700167580       12.9738203581
  1       25.3736724267       22.2590941662       27.5944009034
  2       25.4753154462       21.9473861423       27.1528051556
  1       25.5834309613       21.6603393138       26.6962800713
  1        0.8187563532       22.6148404218       -0.1786848257
  2        0.9634723592       22.3947988106        0.3041598355
  1        1.1073469162       22.1736310649        0.7867413717
  1        4.3145196849       10.8127105288       17.2976700603
  2        4.4531762770       10.5735738875       17.7731571961
  1        4.5759934740       10.3426006330       18.2569622094
  1        2.7867348803        6.2586856014       13.0524075865
  2        3.3274301779        6.3275875590       13.1258998676
  1        3.8612345009        6.4507073661       13.1748330548
  1        1.0980705356        1.2262891783        0.8653783557
  2        0.7579692444        1.6213885748        1.0406711924
  1        0.4287414026        2.0305073606        1.2041668997
  1       22.1547059421       23.0421730670       26.1621029547
  2       22.0347804642       22.7431712455       25.7163274613
  1       21.9230646528       22.4427599506       25.2693681451
  1        4.6547987101       13.5901381533        9.4945796674
  2        4.8717584342       14.0780421227        9.3627532862
  1        5.1004187677       14.5733272365        9.2927025410
  1        5.1969908867        4.7867838207       23.8384702954
  2        4.8412794154        4.5974551792       24.2128017189
  1        4.4856958159        4.3929019436       24.5791598451
  1        6.9496662318       10.6912442828       23.2124507859
  2        7.0677147908       10.8283089034       23.7318521986
  1        7.1749049921       10.9417633380       24.2592404341
  1       21.2761555100       27.8478929341       26.7108484016
  2       21.2631126570       27.7494867613       27.2518161540
  1       21.2292666968       27.6747473555       27.7956621535
  1       19.3268913716       24.7016272228       27.3520026641
  2       18.8573603404       24.6504681345       27.6338241651
  1       18.4007334880       24.5886751624       27.9341132679
  1       28.7205101601        0.0564816766       14.7080971542
  2       28.3765104988        0.4585098767       14.5579720084
  1       28.0102483908        0.8475249158       14.4275137139
  1       19.0882296788       12.3664502854       17.9255004555
  2       19.0289062187       12.6119259354       17.4369081588
  1       18.9995418604       12.8453230178       16.9397527150
  1       20.1698478450       16.2114369560        8.9019871598
  2       20.3957447250       15.7968069974        9.1840378591
  1       20.6178197685       15.3806475771        9.4668699842
  1        6.0203067761        9.7178600926       13.2450569281
  2        5.4861224758        9.7806056926       13.1301216289
  1        4.9519418345        9.8016941914       13.0008687114
  1        3.6174212315        0.1309507986       25.8516552018
  2        3.8254619751        0.5918078770       26.0680571480
  1        4.0678576877        1.0388555134       26.2775630627
  1        3.4215648434       14.8646895221       27.5978977863
  2        3.6503115287       14.3696199904       27.6691797106
  1        3.8854673803       13.8756394234       27.7256148403
  1       15.2369240511        8.2870827010        1.3598813130
  2       15.1353013457        7.8719084955        1.7060073086
  1       15.0677331297        7.4390446392        2.0385180860
  1       13.8342400018        0.9091210778       13.8450088312
  2       14.1012465694        0.4288346436       13.8680833627
  1       14.3635236894       -0.0530820893       13.9063844580
  1        8.3335996761       27.5858865419        7.5179445363
  2        8.5309286950       27.3024599262        7.9459989859
  1        8.7452883139       27.0135496254        8.3620287815
  1        9.0913403672       13.3315781006       17.0258035144
  2        9.2888547543       13.5392280307       16.5563681372
  1        9.5096672382       13.7230358311       16.0873728937
  1       28.1965200798       24.8573697367       17.5614601613
  2       27.9672342413       25.3571861251       17.5720234059
  1       27.7725333735       25.8696826095       17.6160566273
  1       25.5414686149        7.5026781732       24.5485199094
  2       25.3278066416        7.0694502888       24.8115069078
  1       25.1252216228        6.6239025667       25.0623983914
  1       14.2566123755        4.1164151645       12.2332823433
  2       13.7822639979        4.1432832893       11.9562052412
  1       13.3038887193        4.2241674605       11.6971399160
  1        6.0364044055        3.1869523556       10.8100749766
  2        6.1496215058        3.7203172640       10.7379378667
  1        6.2353869102        4.2583205736       10.6624611598
  1       -0.2211509847        5.1035366349       10.5524941723
  2        0.1971406390        4.7907485350       10.7248186397
  1        0.6117885392        4.4841742293       10.9160758303
  1       16.3790253891        0.4128993271       18.6848477105
  2       16.3267511981        0.2693278283       19.2131985728
  1       16.2876628348        0.1511576287       19.7489297580
  1       27.5782341865       20.7556539336        4.3197039150
  2       27.1748667803       21.0911813732        4.4846768610
  1       26.7799145204       21.4398956784        4.6425091920
  1        8.4043652599       23.1283009791        9.5275443155
  2        8.1952291767       23.2003579335        9.0239870754
  1        7.9617800231       23.2654234601        8.5302584365
  1       12.5717651119       21.8194931486       22.0913574626
  2       12.9362799383       21.4549763667       21.8996377268
  1       13.3099464575       21.1076371054       21.6941413304
  1        7.6754722094       14.0825652436        0.5315988023
  2        7.3645310235       14.4787932992        0.7525488121
  1        7.0432438192       14.8688997908        0.9695544723
  1       17.3247904396       21.0173681328        2.5519181812
  2       17.4304242081       21.4786096951        2.2715653175
  1       17.5224689502       21.9387299075        1.9846556548
  1        9.5608115471       17.0746768975        4.7826017786
  2        9.7897947124       16.5935592370        4.6462474360
  1       10.0593639624       16.1383065725        4.4959895580
  1       15.6927006193       23.6947044978        4.7046932745
  2       15.4909930806       23.3559540288        5.0881801563
  1       15.2818922579       23.0270345290        5.4762378937
  1       20.9676051910       24.4489293598       22.8667861473
  2       20.5367836772       24.7263012583       23.0666802522
  1       20.0954469817       25.0099569240       23.2317904684
  1       24.9135532424       27.7983646671       13.9157737682
  2       24.9395566982       28.3430618133       13.8441578536
  1       24.9449625309       28.8842218489       13.7460936310
  1        5.4376262011       26.1194845529       19.7617634267
  2        5.5213411007       25.9041465618       20.2608840185
  1        5.6359315493       25.6551054262       20.7376937718
  1       20.8238521544        0.4995557431       14.0680541338
  2       20.3346745767        0.7201236451       13.9474096227
  1       19.8496150756        0.9540589520       13.8356440125
  1        2.1836307187       15.4956170462       23.3379532718
  2        1.9234700618       15.9311885793       23.1256000939
  1        1.6734759391       16.3834600362       22.9373091838
  1       10.3578835357        0.8964620639       23.5576852858
  2       10.6777280737        1.1807145155       23.2121422128
  1       11.0006735565        1.4722935049       22.8757081077
  1       10.7470742375       23.9913330287       19.2830217053
  2       10.1987594427       24.0205592256       19.2514509081
  1        9.6493217690       24.0398507717       19.2357640387
  1        8.2386131136        2.8677585964       17.9683409751
  2        8.6228408805        3.0945468985       17.6467261602
  1        9.0298761329        3.2961352589       17.3365900043
  1       21.1957711349        0.5514348088       17.6475153380
  2       21.1868770391        0.6796351628       18.1822915195
  1       21.1648239893        0.8270317986       18.7117137458
  1       15.6308289423       12.9541830273        0.3771745711
  2       15.8215433520       13.4303393244        0.5756769506
  1       16.0200558856       13.9132991528        0.7484269931
  1        9.5727424732       16.8486162021       26.7036785531
  2       10.0621021571       17.0864287048       26.7841292420
  1       10.5472501744       17.3295577413       26.8736818629
  1       13.4432193524       27.5200337658       26.5115376262
  2       13.4242267946       28.0303125669       26.7158776075
  1       13.4148313768       28.5371644183       26.9292151939
  1       27.8327368948        1.5896451119       18.8713675819
  2       27.9984714362        1.5829442340       18.3469754004
  1       28.1825474842        1.5754743238       17.8287474506
  1        9.8923595156       24.6483175571       12.6540512840
  2       10.0242881571       24.1685995600       12.8884984566
  1       10.1638390981       23.6934931820       13.1278715199
  1       26.4847923734       27.8541287078       20.8001189558
  2       26.8092451574       27.5833073310       21.1520936321
  1       27.1134396628       27.2997740916       21.5120583582
  1       13.3800705772       11.0442458995        2.9069911458
  2       13.1972041174       10.9095543363        3.4079083453
  1       13.0267427325       10.7542605670        3.9072346519
  1        4.4385429937       19.4544287575       20.4406871296
  2        4.2556190608       19.1618689840       20.0123792804
  1        4.0557853708       18.8755342861       19.5874334766
  1       17.1456743414        0.5875871122        7.5983752599
  2       16.7967369977        0.9224676322        7.8602870151
  1       16.4546569085        1.2641953838        8.1224002642
  1        9.1153361162        8.2153855365        2.9573752387
  2        9.1768845289        7.8906735213        3.3970045145
  1        9.2481655394        7.5696573470        3.8378759610
  1       18.0064157361        4.4539516920       24.8457304258
  2       17.4895057116        4.6415152650       24.8568629306
  1       16.9770217351        4.8390422315       24.8859020467
  1       14.3592115664        7.2467845468       26.0983847907
  2       14.8484068093        7.4814023988       26.1886204703
  1       15.3351272772        7.7286154188       26.2556197830
  1       10.5186417472       28.6205532209       14.1306209259
  2       10.5994675648       28.2564709136       13.7263793388
  1       10.6961633198       27.8938758375       13.3242913624
  1       25.6784557312       16.4538245096       27.9454453019
  2       25.9057071147       16.5261284048       27.4498356214
  1       26.1433971407       16.5766666370       26.9564297665
  1       11.2980534949       13.5917979982        9.2131287203
  2       11.8071030359       13.5256108561        9.0156753662
  1       12.3221223741       13.4625382938        8.8332557068
  1        5.6228700621       22.5981510183       21.4221042922
  2        5.1097693361       22.4875088442       21.5863783140
  1        4.5876941736       22.4083705842       21.7402440330
  1        2.8732426573       18.1081448030        7.0591546034
  2        3.1056045957       17.6253707625        6.9349082537
  1        3.3542264103       17.1490402690        6.8174499494
  1       21.1983027297       23.8909808939       19.6772951979
  2       21.3993542026       24.3540494170       19.4590159086
  1       21.6195317720       24.8136994542       19.2522704606
  1       24.6357234305        7.0862923521       12.4677475604
  2       24.9042086313        7.5318489258       12.2891557446
  1       25.1632939394        7.9900793072       12.1297828497
  1       16.2060028754        5.0524381731       17.6940880091
  2       16.2775649855        5.3918235513       18.1209327461
  1       16.3503341382        5.7255588375       18.5520074590
  1       18.6361475802       23.7726416085       12.3363944002
  2       18.3461890758       23.7685509498       11.8690536977
  1       18.0429713422       23.7551291125       11.4103829450
  1       11.5508337945       10.1334702907        7.1214531675
  2       11.1533251711        9.7583687497        7.1829814388
  1       10.7247238667        9.4162413012        7.2248112119
  1       21.2244051626       14.6715758358       19.6127271268
  2       21.6711892472       14.6435614194       19.2931975128
  1       22.1226913789       14.6141986705       18.9804937344
  1       24.5810655600       12.7551263578       21.9578837141
  2       24.7208688187       12.5178435138       21.4818039931
  1       24.8143944600       12.2689738443       21.0003303790
  1       26.3273482901        1.7551740839       10.2470244410
  2       26.6189373464        1.7568323521       10.7133645234
  1       26.9044304024        1.7555645735       11.1834624990
  1       16.4620814010       21.0208140555       24.2564799100
  2       16.8091336558       20.6754775839       24.5070741114
  1       17.1565618172       20.3116393066       24.7293698145
  1       27.2222757492       15.0672883598       12.9340947238
  2       27.6877651213       15.3332539910       12.8112862248
  1       28.1556501641       15.5977082366       12.6944635484
  1       13.5497598299        1.3883245111       17.1123577644
  2       13.0291971162        1.4165401690       17.2876242408
  1       12.5061951896        1.4605914538       17.4520276109
  1       11.5532392791        2.8865692259       27.2535035550
  2       11.3788982581        2.4799887716       26.9267046221
  1       11.2019580286        2.0775812553       26.5961590958
  1       22.8614454365       23.7039563802        5.0762663704
  2       23.0045904741       23.2007774312        4.9065005213
  1       23.1377246248       22.6951085414        4.7359887307
  1        5.5597744509       21.6443137780       18.2495447688
  2        5.2960782821       21.4494647625       17.8079587729
  1        5.0249516496       21.2516944851       17.3722096874
  1       20.9739585760        3.8175394474       16.7085124681
  2       20.4763274684        3.8694264627       16.4801027083
  1       19.9645277054        3.9295077752       16.2878756615
  1       18.4205344841        5.5884819043        0.5517664150
  2       18.6563500661        5.5131812416        0.0606240512
  1       18.8891066578        5.4448875750       -0.4329955828
  1       26.8491355399       19.1307791137        0.8070932062
  2       27.1005864313       19.5579207675        0.5687185917
  1       27.3499803402       19.9834429892        0.3253392253
  1       12.0106358695       22.0856217784       15.6106072841
  2       12.1246843247       22.2926188535       16.1072411137
  1       12.2367738371       22.4962784018       16.6056974594
  1       21.1767091551       25.0058982653       15.7627060772
  2       21.7026145191       24.9043238819       15.8876308259
  1       22.2325230224       24.7947056705       15.9860220086
  1       17.2679299523       15.3308818407       21.1758843424
  2       17.2599885189       14.8825369695       20.8574132917
  1       17.3197878618       14.4261717874       20.5563238397
  1        0.7443632441        2.0020020837       23.8262532366
  2        1.0768014060        2.2250942235       24.2033669670
  1        1.3983260593        2.4471494468       24.5904242937
  1        3.5116397153        9.5323759370        9.6758816702
  2        3.0667082511        9.3483466822        9.9417185103
  1        2.6300834789        9.1388509496       10.2024297401
  1       -0.2852144945        8.4345745771        7.4003764260
  2        0.0378024256        8.8583378889        7.2640506217
  1        0.3957129032        9.2532926094        7.1283640059
  1        6.3158901589       12.0964125359       15.1065101182
  2        6.6074931413       12.4949613179       14.8643808779
  1        6.9234437466       12.8743288929       14.6219856282
  1       13.5831280548       18.1277144267       25.0576649096
  2       13.6371142475       18.6533516739       25.2102787206
  1       13.6743315891       19.1783212032       25.3700343519
  1        6.2579068440       18.4650974313        8.8539012535
  2        6.5041569995       18.4980780297        8.3632148557
  1        6.7320534016       18.5316927963        7.8637819009
  1       19.9691932529        1.5553669066        2.0986059629
  2       20.0864888032        1.7492476744        1.5974552852
  1       20.2186630848        1.9407271635        1.0990924018
  1       18.0224636478       25.0505075280       19.5012896868
  2       18.0487715848       25.4537160065       19.1281532302
  1       18.0912410840       25.8690658714       18.7701297249
  1       15.8712822269        6.8891660185       22.4993405306
  2       16.3325309857        7.1887479385       22.4998462654
  1       16.8016601126        7.4755881947       22.4879917841
  1       12.0809892094       17.4886554173        6.9952164582
  2       12.3574568043       17.3149477706        7.4378125748
  1       12.6547151637       17.1216956566        7.8582778970
  1        4.7259919369       22.0242791774       28.1676279616
  2        4.8058431717       22.0751662895       27.6258399199
  1        4.8213002068       22.1467865583       27.0807421157
  1        7.6658259126       21.2655416614        5.9923967057
  2        7.5454351577       20.8911416286        5.6079091485
  1        7.4156009765       20.5038686216        5.2395849674
  1       19.7322220365        6.8529326419       17.6152298452
  2       19.7892859900        7.3951340529       17.6877649065
  1       19.8262487879        7.9404528823       17.7490929169
  1       26.1689550106       11.1617455074        7.2827252211
  2       25.7528524765       11.4686858875        7.4701986438
  1       25.3260884998       11.7554623477        7.6654722186
  1       15.6824201851       10.9162709537       23.9263246296
  2       15.3991562124       10.4568403114       23.8205654377
  1       15.0877797222       10.0192287711       23.7020714712
  1        2.9108739701       20.0989041968        3.6107898982
  2        3.2665607967       20.4611750112        3.3992556492
  1        3.6132016343       20.8423209787        3.2067254435
  1       19.7021666958       11.4433991682       23.6922266718
  2       19.2858799529       11.6719281310       23.4147742239
  1       18.8704683908       11.9046982235       23.1395446523
  1       17.7248321089       27.7730664260       22.8273488893
  2       17.8424106661       27.5555769451       23.3186467711
  1       17.9708709557       27.3325134309       23.8046926759
  1       24.9438630479       21.1154925131       11.2914146788
  2       25.3826029224       20.8152880411       11.4324274353
  1       25.8302349438       20.5200267664       11.5546827096
  1       17.8486115086       21.6025530949       21.0336864860
  2       18.0600318712       21.9118630162       21.4363386968
  1       18.2675826907       22.2349372769       21.8300970978
  1        1.5273683482       13.3886991107        7.0608141073
  2        2.0099318476       13.2241799731        6.8544990027
  1        2.4924214405       13.0589747910        6.6485595953
  1       10.1837069530       14.5428224755       24.5295821332
  2       10.6214128108       14.6460449446       24.2129455846
  1       11.0596037254       14.7431845317       23.8950578341
  1       27.4062203078       10.7000046212       10.0142605105
  2       27.5434722368       10.2776191011       10.3386867430
  1       27.6969213044        9.8690310848       10.6733645217
  1       23.4816492940       10.2169272999       23.5198921759
  2       23.2290258695        9.8618573870       23.1843228651
  1       22.9717913859        9.5069651702       22.8520850980
  1       21.0278548083       20.4734437838        2.9777691615
  2       21.1663213779       19.9660756627        3.1387182178
  1       21.3268270728       19.4603241329        3.2834708036
  1        1.4753013415       28.4712256711       20.9588932588
  2        1.7560282232       28.6090232159       20.5064507160
  1        2.0573323208       28.7373814624       20.0645910094
  1        5.7526576441        0.5106908462       22.0070452616
  2        5.8525248047        0.9850159277       22.2669342134
  1        5.9686198611        1.4602710153       22.5182398810
  1       12.0680133516       27.3847404041        1.2683536020
  2       11.5263413936       27.3159406030        1.2023378667
  1       10.9875940553       27.2276283882        1.1356126310
  1        8.5831067806       28.6268662945       26.1582667762
  2        8.1827794002       28.2553704184       26.0932375317
  1        7.7542310423       27.9174460685       26.0250214219
  1       28.3419455068        9.1656828784       22.4766958764
  2       28.5102035904        9.6714580083       22.6122714470
  1       28.6802409235       10.1722095604       22.7633846077
  1       27.3677369604        6.2655857556        4.6718338953
  2       27.0105360438        5.8964951607        4.4751624995
  1       26.6373656956        5.5517673354        4.2644337243
  1        0.2155446149        5.6028355208       25.2901250526
  2        0.3605821962        5.5833860936       25.8203003254
  1        0.5128686291        5.5618625288       26.3483586342
  1       26.0356352416        9.0258963934       19.7133914284
  2       25.5012838621        8.9084353879       19.7697076378
  1       24.9721087295        8.7727124161       19.8333704446
  1        1.8996458208       24.9312408784       25.2709681174
  2        1.8733482059       24.3884166245       25.3555273562
  1        1.7984619847       23.8526249446       25.4546198818
  1       26.0472997117       28.0609433966        2.6462507253
  2       26.5370652302       28.1166893309        2.4022791538
  1       27.0278526266       28.1602241057        2.1578769159
  1       15.8238048712       22.7530180536       14.8431954324
  2       16.1219111290       22.2957151371       14.7760634607
  1       16.4614537526       21.8696657511       14.7006133016
  1       15.0520579891       18.3130876477       15.0707573200
  2       14.6935203033       18.2804276575       15.4865506014
  1       14.3541287001       18.2020661323       15.9121945959
  1        9.6643829824       18.0734391970       10.9769226255
  2        9.7280921655       17.5310609914       11.0422450723
  1        9.7994613310       16.9906243883       11.1152842342
  1       20.3267170204       16.0612731851       26.8876721427
  2       19.8452179867       16.3269498850       26.8963076379
  1       19.3486540082       16.5629373098       26.9116095816
  1        0.0756209538       21.9388297012       14.6637274391
  2        0.1959605086       22.4225592566       14.8961583080
  1        0.3204465985       22.9111783967       15.1158274874
  1       14.1781386857        9.5383971079       13.3890646212
  2       14.7047080571        9.6971651496       13.3848925703
  1       15.2341252683        9.8461485700       13.3802713211
  1        2.6488925933       13.3808707146       17.9982735026
  2        2.5536371860       13.7346862166       18.4084454152
  1        2.4866012607       14.0781381680       18.8327648006
  1       25.7662718811       24.1626260838        1.8749855930
  2       25.5701002595       24.3783671913        2.3413250289
  1       25.3927644234       24.5731211220        2.8241530590
  1       24.9509410786       23.3072289106       23.7106875670
  2       24.7264612274       22.9831665394       23.3271613281
  1       24.5064657191       22.6557021318       22.9439263648
  1       22.3472718593       23.6623030539        9.4213075365
  2       22.8722457003       23.6626670562        9.5853268456
  1       23.3959920456       23.6566826332        9.7531182382
  1       15.1954591703        8.5263105643        7.9386085657
  2       15.1459318438        8.2310753747        7.4772158623
  1       15.1037579757        7.9526961429        7.0047474854
  1       15.5987663691       13.2689599026       13.0641335772
  2       15.7890217208       13.0205464048       12.6118132977
  1       15.9626830320       12.7932593533       12.1420449035
  1       19.4762570058       16.7072231953       17.1023467794
  2       19.7340268519       16.9809816683       16.7009604257
  1       19.9829473040       17.2521346488       16.2922861438
  1       12.6388888558        7.5132492596        4.1538190216
  2       12.6733426987        7.0658690187        4.4718816770
  1       12.6916334106        6.6108158930        4.7802517495
  1       24.8670915943       18.4537083106       22.6256196325
  2       25.4014431230       18.4086406339       22.5034011873
  1       25.9382100754       18.3714605611       22.3893885565
  1        0.7095180770       26.2415199209        0.8806952436
  2        1.1924239600       26.4905277072        0.9661179016
  1        1.6717764347       26.7491193739        1.0426133523
  1       11.4691136311       12.0627219617       12.3196953835
  2       11.0225188357       12.0620565890       12.6407135232
  1       10.5584700093       12.0717123877       12.9357820766
  1       25.6900021050       11.5373333926       14.2993496399
  2       26.0208102337       11.3315878508       13.9111039006
  1       26.3498538661       11.0895206034       13.5428190453
  1        9.1106214156       10.0587299980       15.1921943845
  2        9.2148022835        9.7308361186       14.7630883945
  1        9.3109957806        9.4061062799       14.3297324877
  1       13.3014029976        2.9195485588        2.3335005090
  2       13.2691946903        3.4311845302        2.5327271580
  1       13.2485403022        3.9409081469        2.7382879272
  1        4.3052282164        3.2216153096       19.8304655818
  2        4.0069697865        3.6586201983       19.9806941950
  1        3.6997006322        4.0873990872       20.1363679895
  1       20.6243354618        9.3167813477        1.7494595124
  2       20.4700580762        9.2817784963        2.2762168461
  1       20.3163360502        9.2424868025        2.8028340700
  1       27.9635816509       16.0227685935        7.3814956514
  2       27.7093775444       16.0235917495        7.8692246691
  1       27.4412333517       16.0542427501        8.3484523885
  1       13.8959598559        2.5334872555        6.1351354790
  2       13.5659784045        2.6553657545        6.5579331531
  1       13.2324906841        2.8082607375        6.9677002376
  1       18.0149526494       15.7503578360       13.9491240802
  2       18.1951356943       15.8028295841       13.4321320242
  1       18.3702468598       15.8684424299       12.9148980026
  1       28.2166497659        4.7797157121       14.4258892246
  2       28.1947199883        5.2487152803       14.7123477555
  1       28.1935180118        5.7253526838       14.9867841593
  1       27.0938562582       18.0125012264       14.6104573356
  2       26.6822519765       18.3644292398       14.5143917919
  1       26.2471446317       18.6873050588       14.4198782854
  1        8.7209613417       21.4246788981       20.7118883745
  2        8.7133060593       20.9929599685       20.3712123371
  1        8.6899316132       20.5474157761       20.0495852131
  1        2.3524785317        5.4423515975       17.5379943281
  2        2.5625412097        5.9271643223       17.3852517564
  1        2.7633843389        6.4177094855       17.2385292997
  1       22.5645816119        4.5335291012       26.5686504118
  2       22.5899964576        4.0394213765       26.3284179369
  1       22.6350571911        3.5475126384       26.0865598739
  1       25.2936289321       16.1701633864        3.9091327601
  2       25.7559780717       16.4492172815        4.0133546229
  1       26.2030713334       16.7560706581        4.1052709959
  1       11.4938691992        9.6610842822       27.3210516887
  2       11.8866322771        9.6166200534       27.7034913533
  1       12.3000831780        9.5869680171       28.0649870078
  1       17.2527622438       14.7602447640        8.9188881125
  2       16.7136666594       14.6529312478        8.9378554551
  1       16.1795461686       14.5242510872        8.9634819362
  1       10.0566014868        7.4549967878       16.9963411923
  2       10.2309817022        6.9928720597       17.2382756382
  1       10.4235832873        6.5255835068       17.4551766219
  1       13.5528717896        0.3844178752       10.0570900074
  2       13.1521551488        0.2533180090       10.4102740938
  1       12.7432204126        0.1561966705       10.7650131897
  1       19.5797725743       26.2937630628        9.1614493042
  2       19.2384331735       26.7175166033        9.0813222153
  1       18.9061337712       27.1521249030        9.0248179491
  1        5.4961387394       14.6789833274       24.4272923451
  2        5.5789862727       14.3070007894       24.0307254811
  1        5.6789066708       13.9359789757       23.6372045455
  1       19.9695358967       24.2951475455        2.3129830116
  2       19.9238876593       24.0280622191        2.7916077778
  1       19.8863724801       23.7567125678        3.2685375180
  1       20.1431858922       22.1607455253       16.7450917124
  2       20.0710322819       21.6373234925       16.5923722565
  1       20.0267043949       21.1051834871       16.4606071170
  1       15.9294895975       18.4009720130       21.4334322945
  2       15.6306312528       18.3051610340       21.8851002546
  1       15.3292366223       18.1901781035       22.3305665287
  1       11.2359581702        6.3968712304        0.1358890201
  2       11.6002362481        6.3355329084        0.5433679671
  1       11.9716401422        6.2820469934        0.9454853670
  1       17.3492056345        1.4445198296       15.5378475497
  2       17.0335209561        1.7139825485       15.1769694166
  1       16.7162617697        1.9546508280       14.7975944215
  1       24.9390064936       15.8532916118       20.1947644613
  2       24.8901550049       16.1563911004       19.7384266127
  1       24.8488125478       16.4562218674       19.2791964837
  1       10.6654585986       19.9199931152        8.4286278000
  2       10.6469555190       20.3433282363        8.7792629542
  1       10.6184205023       20.7605187642        9.1365273034
  1        7.5815864271       11.3434419979        7.0628886379
  2        7.0693507018       11.4250665335        6.8799897672
  1        6.5541020933       11.5262784577        6.7163590339
  1       12.2194591991       25.6613722192        4.9418956448
  2       11.8564304888       25.8185205551        4.5597771343
  1       11.4702947236       25.9838145768        4.2047038233
  1       21.4149985379       10.7113458043       20.1896260978
  2       21.8044966545       10.6170251076       19.8129368049
  1       22.1978049122       10.5231258842       19.4401211009
  1        3.2010680759       10.7010731334       21.6968489880
  2        3.1447705467       11.2450026633       21.6379316328
  1        3.0548381756       11.7821583773       21.5612771709
  1       16.5661756072        9.1434657996       17.2368750580
  2       16.5730513677        9.5908396068       16.9170166510
  1       16.5874978821       10.0505208319       16.6153803327
  1        8.8717910840       11.8436875667        3.3008058920
  2        9.1657990394       11.7746391514        3.7604705943
  1        9.4479353240       11.6986729478        4.2264408206
  1        8.1020530568        3.5903104485       21.9813294350
  2        8.1595381025        3.7454517012       22.5058546120
  1        8.2560041422        3.8922381035       23.0270532826
  1       24.7686990275       20.0151739015        6.9602313615
  2       24.5459100521       20.4334806301        7.2393094030
  1       24.3238053291       20.8586069777        7.5084507778
  1       17.8314368289       19.7868670422       12.0758830638
  2       17.6130857093       19.4976287286       12.4896027594
  1       17.3955137799       19.1916982996       12.8915592585
  1       25.9557909664        1.5617435235        5.8545421173
  2       25.6401407611        1.1576174151        6.0534064842
  1       25.3377076953        0.7438055214        6.2528907098
  1       22.1901883095        0.9063849019       10.5729594957
  2       21.7054222983        0.6476779088       10.5490303064
  1       21.2145874174        0.3998681616       10.5359364948
  1       25.9834008580        5.5096276503       -0.3300778821
  2       26.0017070979        5.4457537597        0.2158937359
  1       26.0017284383        5.3749547292        0.7613178790
  1       23.8742228051        3.3529162632       12.9003177074
  2       23.9340743666        3.6180511648       13.3784612785
  1       24.0030193402        3.8857617758       13.8539374801
  1       11.1069211075        0.7013896179        5.3212407054
  2       11.1429178177        0.6148361063        4.7792880078
  1       11.1747368799        0.4956338873        4.2433044471
  1       26.8533517174       12.5450712666        1.0570182696
  2       26.7364845096       13.0665038724        0.9268257455
  1       26.6237156767       13.5881167445        0.7937723690
  1        2.9278480496        2.3807244170       15.1297378978
  2        2.9629160446        2.1199311781       14.6467708987
  1        2.9989795352        1.8700958256       14.1581179336
  1       17.8917336479       23.7131569925        7.5360470517
  2       18.2883712962       23.5567385755        7.1886109356
  1       18.6885979685       23.4208762208        6.8366733980
  1       11.0000772039       17.4154584432       22.3594200732
  2       10.6929891242       17.8503531072       22.2213492848
  1       10.3811568528       18.2814362458       22.0819650637
  1       28.1428911762       12.8260325740       21.2751490838
  2       28.0823009137       13.3539485214       21.1332562628
  1       28.0636649054       13.8800707563       20.9740454211
  1       26.4851784909        9.5103781249        3.4880791947
  2       26.3776459470       10.0435705999        3.5695809532
  1       26.2640959820       10.5772160319        3.6390716529
  1        9.6119284264        9.8914392043       10.5185040120
  2        9.1914132869        9.6894489140       10.2271847026
  1        8.7781657917        9.4632351830        9.9433645930
  1        9.5781483243       19.5341341375        1.8907911780
  2        9.7400720678       19.0393669189        1.7133479456
  1        9.8900890055       18.5361915487        1.5496119868
  1       22.1675150072       18.6018263216       12.6857084018
  2       22.6156717589       18.5297853314       12.3751192494
  1       23.0467648222       18.4478032070       12.0435507027
  1        1.3479369332       21.3207173300       18.2312357843
  2        0.8337816507       21.1608600686       18.1190306087
  1        0.3215619280       21.0046009161       17.9936749868
  1        7.9588184665        5.0599338370       27.9720603751
  2        8.1936147958        4.6912253494       27.6382569377
  1        8.4081673721        4.3198022752       27.2940010866
  1       21.9003449335       27.5415302998        3.5397023211
  2       22.0172591804       27.4262013979        3.0147925162
  1       22.1609587788       27.2763038283        2.5054977655
  1        8.7566500881       21.5951246974       16.6677912739
  2        8.6894579996       22.1232360056       16.5296476191
  1        8.6295864105       22.6494962334       16.3814397770
  1        3.8033533329        7.4872500225       22.3787027053
  2        3.3468198165        7.6380749583       22.6457775771
  1        2.8804710531        7.7394667714       22.9191610623
  1        9.4284385389       24.5682095671       27.3884304547
  2        9.1702862720       24.2094919707       27.0610482726
  1        8.9076230287       23.8488767828       26.7393889717
  1       16.7015370804        5.1630857451        8.0969734151
  2       16.9569846093        4.8334340930        8.4555488580
  1       17.1969306272        4.5018721286        8.8229622100
  1       27.7261399019       15.5669386523       17.3125821272
  2       28.0911595413       15.4004580800       16.9363576172
  1       28.4426308826       15.2468871971       16.5421699979
  1       22.3504097692       11.0370156808        9.4909922830
  2       22.5668394503       11.2271421462        9.9595113544
  1       22.7966925744       11.3576218116       10.4418417363
  1        4.1834033157       25.7506546196        6.7482138343
  2        3.6513228219       25.7980738062        6.8791404124
  1        3.1205319307       25.8380061217        7.0175833212
  1        9.5218048918       18.4377065257       15.5645943310
  2        9.6706918007       18.3642374489       15.0402519017
  1        9.8287970581       18.2842656750       14.5195723055
  1       15.5113969846       26.1419217699        7.7651047194
  2       15.6323855307       26.2535232150        8.2898969536
  1       15.7409134446       26.3615697010        8.8181465611
  1        6.0837195114       17.1811832615       13.0919443243
  2        6.1500001700       17.7127320159       12.9671933884
  1        6.2220732933       18.2434245495       12.8420099282
  1       18.7669754787        9.6404127964       14.4656694633
  2       19.2533986140        9.6739935851       14.7201588817
  1       19.7388272153        9.7054451045       14.9768101508
  1       11.5340245684       11.5203670916       24.1267000997
  2       11.0364723075       11.2871201876       24.1035132645
  1       10.5423925580       11.0459336506       24.0888758288
  1       21.0434491326        8.1536629542       11.0852936139
  2       20.9877305235        8.4945342600       11.5133148628
  1       20.9317191036        8.8318518891       11.9441042973
  1       13.2186966349       13.2659643063       26.9689197260
  2       13.5288989423       12.9857822055       26.6114669054
  1       13.8318136268       12.7039572446       26.2490894996
  1       22.3616653748       27.5646280421        6.6311813649
  2       22.2102301750       27.0359186893        6.6253675406
  1       22.0803802913       26.5021752556        6.5978547502
  1        2.5035660266       19.0299514960        0.5262935404
  2        2.1393227318       18.6573682908        0.3502010154
  1        1.7631189078       18.3030603969        0.1619549049
  1        8.8737909271       17.0430459134       18.5052999201
  2        8.8894379963       16.7175817181       18.9483893318
  1        8.9059639535       16.3951946488       19.3936908806
  1       24.8651196875        9.3233173495        0.6726227901
  2       24.5134917014        8.9526873522        0.8763165909
  1       24.1729990775        8.5836917948        1.1008317365
  1        8.7940235068        5.7006843458       12.2180813559
  2        8.3620567687        5.8100466894       12.5404857835
  1        7.9351720899        5.9356231193       12.8637504277
  1       21.3567430302       14.4498602594       23.3321692431
  2       21.7228995486       14.8119621557       23.5253314049
  1       22.1104706741       15.1486086581       23.7227085923
  1        3.0198492098       18.6497758413       14.2209087250
  2        2.6373295769       18.8249812449       14.5751428242
  1        2.2511829534       18.9705059790       14.9387543421
  1        4.1577311570       26.9174696690       13.8586833120
  2        3.8890739075       27.2891506333       13.5550774110
  1        3.6188046438       27.6545226412       13.2453068186
  1       21.8106420491        8.2378862597       26.4703771286
  2       21.6248338413        7.9352779780       26.8903813402
  1       21.4441607561        7.6293182370       27.3101978146
  1       24.8809010483       26.9067229003       28.1225866923
  2       25.0032705651       26.3846962044       28.0000557568
  1       25.1334632059       25.8632225987       27.8833717657
  1       12.4907750845       12.9240665015       18.8483123956
  2       12.4362049687       12.6417770349       19.3171777916
  1       12.3804483391       12.3586132825       19.7853759191
  1       20.9667134997        6.8514431622       23.6639013928
  2       20.5789910590        6.5455933642       23.4217708289
  1       20.1903291296        6.2348836834       23.1874603554
  1        9.2348814457       11.7914368248       27.4663677526
  2        8.8317725750       11.4254086557       27.5439990467
  1        8.4265941701       11.0599930070       27.6132945216
  1        6.1716500911        7.0778287091       16.3371733902
  2        6.3520959701        7.5957707434       16.3781042325
  1        6.5285420012        8.1148896068       16.4214908975
  1       12.2881507732       15.3795782843       13.3479360439
  2       12.3902514698       15.0573795372       13.7818293661
  1       12.4975598650       14.7168820663       14.2002148099
  1       17.6495136323       18.5336706889        9.0892128608
  2       17.3498473583       18.7876053730        8.7042228604
  1       17.0479957636       19.0259312459        8.3110481002
  1        9.5474831131        0.7230034816       20.2572719535
  2        9.3279117680        0.2460770692       20.0934744519
  1        9.0884666968       -0.2219056233       19.9317393091
  1       14.8320520060        4.1093352329       27.9047773260
  2       14.7577584438        3.8070332255       27.4513526211
  1       14.7076674392        3.5106005610       26.9907893077
  1       21.7054085325       14.1957161458        5.7100879027
  2       22.1669754504       14.4914541576        5.7547534239
  1       22.6422990133       14.7656737051        5.7917824563
  1       19.2103892986       18.1792035824        6.1531709596
  2       19.4498055878       17.8245368883        5.8076403871
  1       19.7005193818       17.4608762274        5.4799308873
  1       15.7319896901       14.7327688162       16.4380272528
  2       15.8162886801       14.8715229159       16.9635184327
  1       15.8849953640       15.0041787687       17.4928404663
  1        5.6466296544       23.6815294672        4.5849206960
  2        5.6850515725       23.7500087086        4.0405546889
  1        5.7208031648       23.8102372773        3.4950326067
  1        9.6366475680        2.1780121969        8.5287743347
  2        9.6319557549        2.0469472981        9.0629091296
  1        9.6217637577        1.8893712676        9.5897543790
  1       18.4470513667        5.4008078989        4.5074646704
  2       18.1754667372        5.8133036880        4.2654129960
  1       17.9256047898        6.2394977201        4.0236948685
  1       12.0722390968        7.3249953188        9.9856174593
  2       12.5553722791        7.1033893142        9.8442912167
  1       13.0387052917        6.8775294719        9.7105880770
  1       20.3618757965        1.3893538856       23.9060417585
  2       20.3460186841        1.7852257615       24.2875309587
  1       20.3206259581        2.1731119847       24.6766318278
  1        4.7159043219        7.5529660368       26.2322296446
  2        4.3137642705        7.5337582038       26.6069487904
  1        3.8918986344        7.5161591179       26.9593968805
  1       16.1697561111       11.6303943908       19.7488568743
  2       15.9691833249       11.1502029323       19.9268645166
  1       15.7601713035       10.6748935418       20.1082341865
  1       23.8873022263       14.8706867893       15.8049718231
  2       23.5803059882       15.1482538010       15.4427428018
  1       23.2928451162       15.4186940633       15.0596914860
  1       13.7542458983       16.9711904220        1.4632264851
  2       13.4210732945       17.3760596471        1.2971634651
  1       13.1139198233       17.7991995546        1.1265488031
  1       13.0782618368       14.5798061648        4.4770336297
  2       12.9800594603       14.2023458168        4.8648222048
  1       12.8714144468       13.8261283333        5.2510302641
  1        7.7641609191        6.9612054812        7.7565652498
  2        7.4541618873        7.0117905374        7.3050768752
  1        7.1361093804        7.0680349864        6.8599036912
  1       10.0185499467        7.8751968613       23.5815401855
  2        9.9678639814        7.8454207408       24.1283896305
  1        9.9241797255        7.8132418156       24.6757069074
  1        0.7217796678       22.7361838004        8.0108059535
  2        0.7353820644       22.9313454843        8.5248360032
  1        0.7846212527       23.1066835446        9.0438081276
  1       15.0003685157        1.3151760220       24.5311287791
  2       14.6818788317        1.6618960476       24.2467882348
  1       14.3516539714        1.9941313733       23.9585674358
  1       28.7529821930       17.1421238878       20.0022911893
  2       28.4206895325       17.5628385817       19.8794875489
  1       28.0697266690       17.9727526449       19.7732071261
  1        6.9879815932       27.8015056559       15.8807179962
  2        6.6941941596       27.9335583608       16.3265330105
  1        6.4116168033       28.0610753452       16.7808340730
  1       17.8062195758        9.8001336972       27.9017269766
  2       17.8839132240       10.3255644951       28.0445071349
  1       17.9709668221       10.8573070001       28.1548320116
  1        5.9355339010       11.0683215631        1.4030814693
  2        5.8038130570       11.2899113420        1.8889287593
  1        5.6607753418       11.5159326796        2.3695060850
  1       18.2486990397       26.6809172073        5.2940463844
  2       17.7506510908       26.8007740550        5.0938400490
  1       17.2445128380       26.9198361497        4.9145406188
  1        2.6666103784       23.2666906058       12.4920617148
  2        2.9406465781       23.0420675805       12.0714090579
  1        3.2091470392       22.8212014168       11.6452334613
  1       14.4771185316       25.1886855418       22.3554910205
  2       15.0045892205       25.1312865422       22.5003358586
  1       15.5391519859       25.0933399509       22.6240399614
  1       12.8031572184        5.1351655952       23.6813566653
  2       12.3770031029        5.0419360570       24.0163207276
  1       11.9473754206        4.9724258232       24.3526068870
  1       21.4116916108       21.0039448312       21.8023075904
  2       21.3487502205       20.7374426013       21.3253223256
  1       21.2759877267       20.4796641471       20.8449517530
  1       14.5815960221       26.7541199388       16.6583077853
  2       14.3962973567       26.2410263811       16.5883120309
  1       14.1845541133       25.7414419815       16.4984219564
  1       27.9297243757       27.1901967099       25.2918299003
  2       28.1197277601       27.4046810760       25.7612925406
  1       28.3066923006       27.6071427509       26.2372689369
  1       21.4275514078       20.6088260192        9.6661835902
  2       21.0244979959       20.2653310535        9.5176603404
  1       20.6332651202       19.9023868664        9.3845876046
  1       28.4249171433       12.1120770138       16.3784379762
  2       28.1341862419       12.1649235251       16.8423159658
  1       27.8563354256       12.2067643178       17.3151248817
  1        3.8263276917       19.0953183141       24.0437422169
  2        4.2437723646       19.4519926712       24.0117524053
  1        4.6811116025       19.7847262310       23.9888882822
  1       17.0975382439        0.9707276346       11.1331578559
  2       17.1057304772        1.3540697550       11.5274695423
  1       17.1204446898        1.7467057354       11.9123337753
  1       22.8619273541       10.2668962446       15.6757500459
  2       22.8248218437       10.8040810299       15.5636978815
  1       22.7831983732       11.3422647868       15.4582193076
  1        6.3529997972       13.2972864867       19.8904929723
  2        6.2475828859       13.7102348302       19.5428423713
  1        6.1441741075       14.1197697607       19.1905814393
  1        7.4814644995       13.9578849278       11.7800221215
  2        7.6579248814       13.5289506937       11.4844258488
  1        7.8013612092       13.0973489544       11.1751590424
  1       24.1895440116       20.9812927847        1.8316693508
  2       24.2631077183       20.6230960123        2.2425019850
  1       24.3274219229       20.2765284881        2.6647041087
  1       22.2388883229       26.4604982439       12.5390351891
  2       21.8631459369       26.0640019601       12.4749387282
  1       21.5113651300       25.6441425444       12.4252563982
  1        2.7310063326        3.7616191240        6.9209630394
  2        3.0228296661        3.5156421710        7.3169863728
  1        3.3051094162        3.2964473187        7.7350434962
  1        4.7094643007        0.3730461223        1.9398091011
  2        4.9015023116        0.4367047767        1.4283709542
  1        5.0953851609        0.4649404011        0.9144524886
  1       16.7383312481       10.5007184609        3.1961387263
  2       16.6807045142       10.1457877292        3.6123157743
  1       16.6200147014        9.7927704363        4.0296831622
  1        2.2294505152        7.0344165310        4.4930145197
  2        2.1948110208        6.9385455781        5.0334854864
  1        2.1527780750        6.8547682630        5.5754399051
  1       10.7953365064        5.0783098344        7.0921537321
  2       10.8103312054        5.2389719571        7.6179510707
  1       10.8283782490        5.4012606798        8.1431526260
  1       23.5196774498       18.8116919093       26.9902162945
  2       23.4299369588       18.6290970750       26.4792311961
  1       23.3484562337       18.4280111692       25.9738349665
  1       16.0866392144       18.4257648151       27.5890637522
  2       16.0175921340       18.9189501688       27.8225176182
  1       15.9118513868       19.4050179228       28.0571599671
  1       -0.3276153046       14.0587103762       26.5238911842
  2        0.1529128401       13.8075020904       26.4317657304
  1        0.6298264060       13.5396830313       26.3740907684
  1        7.1026609356       28.4537916486       10.9946237254
  2        7.2383867915       28.3153399927       11.5093174509
  1        7.4045051843       28.1784186169       12.0154372147
  1       14.0798752495       15.3513646989       22.2783581043
  2       13.8479171249       15.2189172092       21.7975742745
  1       13.6551177219       15.0868367084       21.2996956443
  1       12.5725422127       25.6287985919        9.1649008971
  2       12.2779784914       25.2679173981        8.8725022343
  1       11.9700088730       24.9326242882        8.5639033950
  1       10.6656884383       22.2971724638        5.9836021978
  2       11.1942317305       22.2506024459        5.8387808535
  1       11.7245415189       22.2252818156        5.6951480125
  1        9.4548646836       10.7347582171       19.6429255006
  2        9.6130999469       10.2081686059       19.6300809368
  1        9.7820235017        9.6850583771       19.6121778620
  1       23.7860325074        7.6550722912        5.4777292111
  2       23.2596116761        7.7846275918        5.5704466981
  1       22.7320484187        7.9147439505        5.6555744941
  1       17.6354387300       10.3040366134        9.3956150607
  2       17.8093500332       10.7881840967        9.2010486889
  1       17.9772034807       11.2655366843        8.9855035050
  1        5.9805664405       16.9399020571       17.2398049425
  2        6.0021693841       17.3992737083       16.9381246499
  1        6.0176645723       17.8757711278       16.6638800377
  1        8.8097650491        4.1011759370        4.3584527980
  2        9.0884484984        4.1760589221        3.8902348214
  1        9.3554957968        4.2349743145        3.4130401903
  1       24.2138183837        3.5135481080        8.0264564409
  2       24.1076514246        4.0486433731        8.0964681116
  1       24.0047057204        4.5833161484        8.1741031828
  1        6.5322882073        2.8492127839       15.1075129579
  2        6.3373595656        3.3438112557       14.9665336108
  1        6.1291440889        3.8287776900       14.8117632265
  1       14.1515512192        6.5130007157       15.9986961949
  2       14.3613929368        6.5192693306       15.4903388816
  1       14.5365871499        6.4910496863       14.9697520604
  1       15.5408352835        3.3839542184       20.4241496896
  2       15.5029576784        3.7066145021       20.8679465219
  1       15.4651461672        4.0527131171       21.2937235026
  1        3.2019032631       13.9520329802       14.2400017029
  2        3.2327948497       13.4072452110       14.3089364285
  1        3.2664285911       12.8609927914       14.3634989109
  1       20.0274655551       12.9085505079       13.0243880268
  2       20.4707801685       12.8220191493       13.3382103930
  1       20.9137463101       12.7282540063       13.6504428294
  1       27.9454323103        6.3382842210       20.7500984057
  2       27.8806408050        5.9471813207       21.1313340050
  1       27.8267133832        5.5632192202       21.5214172495
  1       23.9107523896        4.1832592393       22.4460712122
  2       23.9705945104        4.6563751125       22.1720633819
  1       24.0328162652        5.1374675979       21.9128752789
  1       24.8487339396       27.6041609898       17.3169488821
  2       24.5382883163       27.2922702872       17.6468696371
  1       24.2276627080       26.9875539156       17.9832617644
  1       24.4324242321        2.5652067706        1.3225140210
  2       24.1766238157        2.0972710521        1.4570588474
  1       23.9272826708        1.6222464846        1.5782225907
  1       10.7664422443       26.9609571800       16.9194594339
  2       10.6743004967       26.4631288920       16.7045713373
  1       10.5631112683       25.9655435631       16.4983050171
  1        3.3148171157       11.6533693343       25.0704483883
  2        3.4660516217       11.1246373075       25.0788488696
  1        3.6179840773       10.5961670314       25.0904976961
  1       12.6941816332       27.1564632260       19.5336494122
  2       12.3268396460       27.0373544629       19.9252780206
  1       11.9790771016       26.9083044870       20.3313658380
  1       28.2057220392        3.4193466481        7.0460091935
  2       27.9337568654        3.8970739590        7.0636602748
  1       27.6527064488        4.3691758148        7.0887700335
  1       -0.0949457581       18.2278920596       24.6135663700
  2        0.0321037588       18.4560275875       25.0976248387
  1        0.1517975122       18.6736174733       25.5883671804
  1        5.6382690297        9.1268121066        4.5814233621
  2        5.1720598498        8.9506296933        4.8140362546
  1        4.7216847035        8.7595130011        5.0653063017
  1       25.0582268625       22.7960444307       19.4800243202
  2       24.9448312749       22.7535092004       18.9435243716
  1       24.8504206905       22.7452922634       18.4017503204
  1       14.4910942406       22.2146250119        9.8858810997
  2       14.2146207842       22.0875706563        9.4277112419
  1       13.9530769058       21.9536517313        8.9627805802
  1        2.4116929935       28.5165864025        4.5393013749
  2        1.9255732696       28.6070320955        4.7801481947
  1        1.4347569512       28.6642387579        5.0216574873
  1        5.6151318072       24.9158000295       24.9408468395
  2        6.0295317042       25.0969844777       24.6278853065
  1        6.4543611581       25.2519395871       24.3148216578
  1       14.9129865878       22.8740240601       18.8181862963
  2       15.3323351120       22.8419779388       18.4637573735
  1       15.7535988206       22.8229315791       18.1106651433
  1       25.6634188142        7.1958399093        8.4925906283
  2       25.2720773212        7.5787976313        8.5445061273
  1       24.8745455983        7.9508124357        8.6224388772
  1       17.1752890426        6.5924066484       12.6764960292
  2       17.2493947124        6.3036257325       13.1386799020
  1       17.3417331270        6.0291723852       13.6062790641
  1        6.8719928996       14.4981264212        4.6060864839
  2        6.4569514349       14.4023122886        4.9540235969
  1        6.0296955592       14.3305402969        5.2928468501
  1       23.7191042789       18.6979264638       16.7828330902
  2       23.8273359645       18.9737966273       17.2461704998
  1       23.9503232527       19.2615298118       17.6984798413
  1        2.2642488939       24.7904988639       20.5290576239
  2        1.8101606070       24.4807330868       20.5477389247
  1        1.3631913905       24.1603991839       20.5579716737
  1       16.6940110380       18.6477314770       18.4114777467
  2       17.2113379264       18.7997207159       18.3029781533
  1       17.7332480224       18.9567131439       18.2290644988
  1        2.3806854334       14.7872355566        2.7270481873
  2        2.5567795734       14.8661102273        3.2420915255
  1        2.7239354476       14.9288028830        3.7623112325
  1        4.6468813723        3.7118243108       28.1323614821
  2        4.1353056910        3.8631396615       27.9985930743
  1        3.6158635728        4.0111016181       27.8947318965
  1        5.3393187458       25.9581476689       -0.1142739286
  2        5.6667808765       25.5309434316       -0.0012912195
  1        5.9972269860       25.1084862350        0.1205089644
  1       13.3290493938       10.2156912385       10.1049787225
  2       13.7025949168       10.6188136465       10.1263344351
  1       14.0901923046       11.0090229225       10.1285671170
  1       25.1225643818        5.2704842251       18.0190721299
  2       24.5904699401        5.3910172157       17.9494495524
  1       24.0609888734        5.5154097810       17.8677409932
  1        0.6877393122        9.9989784311       28.6101712985
  2        1.1839069968       10.2356248517       28.5923920888
  1        1.6787204183       10.4751280903       28.5751330142
  1        5.2883304078       17.3200364726        3.8508850057
  2        5.2439754827       17.3588584873        3.3040527720
  1        5.2046281008       17.3918160504        2.7564529349
  1        2.3981448464       27.3767825288       17.1226507959
  2        2.7939103339       27.6316119356       16.8381659063
  1        3.1592205349       27.8859653368       16.5151290612
  1       11.6076850003       14.4915328097        1.3216950610
  2       11.2863549393       14.0457424078        1.2989374356
  1       10.9466708743       13.6140863043        1.2708706716
  1        5.9367253259       17.6814700687       27.9521682518
  2        6.4072487354       17.8185561299       28.2017982438
  1        6.8850185708       17.9770465270       28.4234212963
  1       13.8447335453       23.2604834053       25.4954012767
  2       14.2948358407       23.2654923272       25.8114437333
  1       14.7492948549       23.2430714551       26.1204167221
  1       13.9999923005       20.8243382684       12.7489164485
  2       13.5198000452       20.5819076726       12.8635585181
  1       13.0347689051       20.3490484436       12.9776697429
  1       12.8910745659       10.3789188653       16.9579905244
  2       13.0919378214       10.6655241666       16.5337130753
  1       13.2962140125       10.9564826487       16.1140532149
  1        5.7461316720        0.6122081554        6.5123883488
  2        5.7797670959        1.0028786873        6.1267133641
  1        5.8243412883        1.4109635724        5.7606807605
  1       25.6831361924       27.3303015171       10.4451329082
  2       25.1672969710       27.2054047657       10.3008737693
  1       24.6634990806       27.0728637395       10.1244635625
  1        5.4077538080       25.4715347895       10.5397787697
  2        5.6308622721       25.6222422668       10.0601853278
  1        5.8443536034       25.7741696738        9.5766157739
  1       29.0144136509       25.6502935127       12.1901843891
  2       28.5137227184       25.7773747325       12.0013486041
  1       28.0018136232       25.9051900182       11.8460671499
  1        7.9239933403       27.4990800027        3.1549720120
  2        7.4185258475       27.4158483416        3.3551596846
  1        6.9240803286       27.3027623710        3.5678453473
  1       26.3551865142       15.0462677435       24.0979200719
  2       25.8349444596       15.1403883491       24.2495430128
  1       25.3069570102       15.2113730639       24.3862559331
  1       19.5381803511       13.7425675246        1.5833705627
  2       19.2540746620       14.0799758085        1.9119121999
  1       18.9604673403       14.4160321932        2.2334100163
  1        0.3229884829       21.0754764803       21.8061521955
  2        0.7888674052       20.9892136447       22.0854648393
  1        1.2624726761       20.9111592234       22.3539896122
  1       22.7901160514        0.6171008686       21.9498865855
  2       22.8625557508        0.0804043686       21.8539211914
  1       22.9147324938       -0.4565329981       21.7467957942
  1       26.0015991514        2.1054041367       25.7131245542
  2       26.1302828179        1.8882011338       26.2017587420
  1       26.2419881547        1.6561524460       26.6877374691
  1        1.6049489348       24.4536977035        4.4262487774
  2        1.7361535949       24.1340384517        3.9983430636
  1        1.8253874093       23.8095717596        3.5633043400
  1       13.1243426916        7.0084553021       19.4385739408
  2       13.4404192812        7.2639967376       19.8091062124
  1       13.7614209766        7.4869533820       20.1960793966
  1       17.8883836491       25.5010070781       15.0217819622
  2       17.9763269818       25.9857473715       14.7772562617
  1       18.0850143786       26.4676730289       14.5355235384
  1       17.3303202598        0.2733271000       26.7193466128
  2       17.4315207707        0.4078672318       27.2429470421
  1       17.5408544248        0.5316455507       27.7675660265
  1       24.9622274191       26.9652550065       23.8632557911
  2       24.7404775882       27.0477965822       24.3597574535
  1       24.5330816971       27.1403327131       24.8606806091
  1       13.0664496089       21.1994895701       28.6804605754
  2       12.8928600264       20.9480856009       28.2231174863
  1       12.7003623964       20.6761862433       27.7854927604
  1        4.8971834177        7.5246919138        1.2698273346
  2        4.3988787590        7.6403994667        1.4718279020
  1        3.8859871661        7.7379080426        1.6448431920
  1       20.3552757175       19.7001346529       26.9027834838
  2       20.5015337330       19.8207974706       27.4190673953
  1       20.6610165928       19.9216604905       27.9356831787
  1       11.9214816658       19.3552589913       18.1935738895
  2       11.6538140166       19.0233789287       18.5410068380
  1       11.3858506349       18.6995798008       18.8957599209
  1        2.6850435461       16.2931190058       11.1851617826
  2        2.4693032797       15.9473569891       10.8158316251
  1        2.2514835267       15.5973032012       10.4518029178
  1       19.5729051731        3.9812251478       19.8503384257
  2       19.4451507627        3.8080708118       20.3564968856
  1       19.3150937730        3.6096333872       20.8526901614
  1        6.9751933449       17.1353181557       22.0929967798
  2        6.6492270146       16.9137506070       21.7093905065
  1        6.3332035376       16.6756748999       21.3273576301
  1       20.8709645845        3.5842531762        8.3136515630
  2       20.7459274215        4.0683708588        8.5427711327
  1       20.6393560865        4.5572541026        8.7711036174
  1       24.3371295202       12.4904143362       25.8756400517
  2       24.6908397659       12.0934374495       26.0163468871
  1       25.0669469285       11.7065702751       26.1230108013
  1       22.6612908808       16.7125748606        1.2317579369
  2       22.3381082994       16.4328719512        1.5779071844
  1       21.9992792942       16.1739674718        1.9252735252
  1       13.9218449182       17.4682331371       10.4178646105
  2       14.4242602092       17.5855978755       10.6084017288
  1       14.9255552554       17.7066505712       10.7995810179
  1       11.0911580766        4.2608362069       19.9166007138
  2       11.5852467570        4.0192534800       19.9203639413
  1       12.0923533533        3.8063998563       19.9143444821
  1       16.1235162730       14.6538752878       25.0675526172
  2       16.5018872278       15.0414044050       24.9718624723
  1       16.8915899588       15.4166250162       24.8726592801
  1       24.2432989286       15.0204583903       10.5344222549
  2       24.2208255588       14.8848604176       10.0018735365
  1       24.1929572119       14.7780314619        9.4630684433
  1        7.6645943861       21.6230474729       23.8365574304
  2        8.0799484679       21.3439209861       24.0647446148
  1        8.4815750225       21.0607686716       24.3117686551
  1        3.2056569722       28.5007899987        9.2093997240
  2        3.0514106701       28.2217862467        9.6575793583
  1        2.9364250126       27.8991505166       10.0879100256


Molecules in box 2
##############################################################################                                           
Moleculetype  1
Number-of-molecules: 30    
Atomtype         X                  Y                   Z
  1        9.8164360528        3.3142096196       27.0753868145
  2       10.1549713454        3.0550534690       26.7279217870
  1       10.4778602384        2.8188396142       26.3505018928
  1       26.4182619259       22.8096731301       35.6579725028
  2       26.0798561351       22.6739372048       36.0697458377
  1       25.7337594719       22.5371539095       36.4747241443
  1       14.9609085914       43.2838006780       31.7814879108
  2       14.8515181800       43.2162912402       32.3162553497
  1       14.7334956117       43.1126485389       32.8433500877
  1       25.8013608502        7.9137125147       17.6092660749
  2       25.8610708442        7.4278476091       17.3585271466
  1       25.9291688993        6.9341706830       17.1258347606
  1       33.9390664743       17.0807008405        2.6989423656
  2       34.3158575843       17.4451707286        2.8653459715
  1       34.6889021392       17.8108188358        3.0375064221
  1       16.4607112704       22.4769006334       13.6878397683
  2       17.0002007711       22.5640765145       13.7498997747
  1       17.5401118731       22.6631035443       13.7843910527
  1       27.0767810739       21.8811814010       23.9703943299
  2       26.9032331723       21.3673272177       24.0616905739
  1       26.7341215569       20.8660717781       24.2121706219
  1       17.6420204925       32.0695266943       27.8224267140
  2       17.7895968722       32.4745861171       27.4808889033
  1       17.9045958948       32.9023001773       27.1547970352
  1        2.2856807780        1.7384439567        7.0316007964
  2        2.1654449624        1.5579046379        6.5261812647
  1        2.0287452733        1.3856414262        6.0220596724
  1       31.2942694462       11.0494857934       11.7006546589
  2       31.7631661360       10.7817927327       11.8054225910
  1       32.2136963955       10.4856319257       11.9141022146
  1       20.2382212515       40.8328269071       45.8651050632
  2       20.7244184897       40.9724894431       46.0809907311
  1       21.2086165075       41.1094171722       46.3030336899
  1       18.6151497045       26.7995763757       31.5036849425
  2       18.8501536691       26.5589156009       31.0685349361
  1       19.0810446030       26.3137995911       30.6336699945
  1       30.0414367862       23.3981643381       32.2140714108
  2       30.3214012812       23.7001038619       32.5786978025
  1       30.6067179585       24.0179358468       32.9252194065
  1       13.0544643259       16.9074782749       36.9752046179
  2       13.0561516286       16.7383308986       36.4518631251
  1       13.0625190765       16.5618194610       35.9309954193
  1       21.6386252400       35.5639994949       32.9380748717
  2       22.0903247392       35.8585601257       33.0462487928
  1       22.5436513871       36.1512167129       33.1527714254
  1       12.0975331723       45.5317857184       31.6343894788
  2       12.2857029056       45.9710405347       31.3620893543
  1       12.4774276565       46.4150433673       31.1001674127
  1       10.1037781073       49.5961086133        4.8261605517
  2        9.8463267288       49.1692017272        5.0584734835
  1        9.5941018363       48.7391328435        5.2906875181
  1       38.1020216812       35.8164790842       37.4412924305
  2       37.5978121582       35.8362312063       37.6601133858
  1       37.0961953260       35.8748123933       37.8823565965
  1       49.6428101730       41.2113811127       12.0714087453
  2       49.5330841716       40.8285321174       11.6920845418
  1       49.4131005876       40.4436472310       11.3179621517
  1       19.6930989084       32.1022144732       34.5830735154
  2       19.2517923771       31.8586532376       34.8031336662
  1       18.8148217855       31.6071293401       35.0228890530
  1       32.3602811069        1.5227187571        1.3467001203
  2       32.1827626488        1.7779649978        1.8003922556
  1       32.0024846730        2.0418571780        2.2480090199
  1       24.2059945581        8.7396732439       26.6520458856
  2       24.3512168568        9.1313463979       27.0098204297
  1       24.5105591703        9.5147226068       27.3705595440
  1       37.5125455573        3.9756766995       11.5707594644
  2       37.1298852447        3.7609002456       11.2391841939
  1       36.7210133139        3.5571892781       10.9328745713
  1       12.6454610685       47.7836145294       49.0032447363
  2       13.0437714901       48.0625216417       49.2602654178
  1       13.4471040014       48.3453534433       49.5048652058
  1       23.9509003166        3.5189792964       47.3787914319
  2       23.6892804947        3.6438062989       47.8462026943
  1       23.4257888808        3.7797177956       48.3094523392
  1        0.2609492037       26.2435313305       24.2120542333
  2        0.4659400488       25.8301055888       24.5113165089
  1        0.7175336279       25.4303019947       24.7930215959
  1        9.7314734342       14.1738271088       12.9217955533
  2        9.9196184522       13.6582860975       12.9581124621
  1       10.1016193643       13.1410103737       13.0005564550
  1       10.2231527124       47.2791402496       46.1844725556
  2       10.2100175188       46.7314195632       46.1362074928
  1       10.1938978880       46.1826996165       46.1023463552
  1       49.2567669782        5.7807640760       15.3793684161
  2       49.6091286144        5.3799088510       15.2464911575
  1       49.9781819743        4.9964165275       15.1078071486
  1       30.0986061059       14.9464004117       22.9349784652
  2       30.2469828857       14.7661256847       22.4369971863
  1       30.3921247222       14.5774215409       21.9411901751


Number-of-fractionals:  1        
##############################################################################                                           
Fractional-type:      2
Box:                  1
Lambda:               0.522608
Reaction-Step         1 (only used if Type = 3 (RxMC))

Moleculetype  1
Atomtype         X                  Y                   Z
  1        6.5725751631        7.0287613393       20.0741887506
  2        6.9280821600        6.9279989470       20.4815727407
  1        7.2811755135        6.8418438812       20.8943709812

------------------------------------------------------------------------------                                           

