#   100 bins for weightfunction of N2                      
 0.0000000    0.3419061279E+001    0.1614915466E+001
 0.0101010    0.3463429260E+001    0.1623344421E+001
 0.0202020    0.3483567810E+001    0.1638192749E+001
 0.0303030    0.3523274231E+001    0.1644528198E+001
 0.0404040    0.3560290527E+001    0.1619309998E+001
 0.0505051    0.3594787598E+001    0.1621702576E+001
 0.0606061    0.3693856812E+001    0.1630325317E+001
 0.0707071    0.3795338440E+001    0.1626971436E+001
 0.0808081    0.3841174316E+001    0.1620704651E+001
 0.0909091    0.3954742432E+001    0.1633888245E+001
 0.1010101    0.4015626526E+001    0.1613745117E+001
 0.1111111    0.4045001221E+001    0.1619271851E+001
 0.1212121    0.4095886230E+001    0.1600323486E+001
 0.1313131    0.4107141113E+001    0.1600840759E+001
 0.1414141    0.4117199707E+001    0.1610652161E+001
 0.1515152    0.4072486877E+001    0.1587074280E+001
 0.1616162    0.4058013916E+001    0.1594992065E+001
 0.1717172    0.4001948547E+001    0.1574856567E+001
 0.1818182    0.3946127319E+001    0.1579666138E+001
 0.1919192    0.3910739136E+001    0.1567675781E+001
 0.2020202    0.3824978638E+001    0.1563688660E+001
 0.2121212    0.3756286621E+001    0.1550482178E+001
 0.2222222    0.3626921082E+001    0.1547607422E+001
 0.2323232    0.3575617981E+001    0.1544010925E+001
 0.2424242    0.3460717773E+001    0.1521122742E+001
 0.2525253    0.3421597290E+001    0.1528617859E+001
 0.2626263    0.3280268860E+001    0.1555036926E+001
 0.2727273    0.3188177490E+001    0.1533895874E+001
 0.2828283    0.3051837158E+001    0.1498046875E+001
 0.2929293    0.2929229736E+001    0.1496223450E+001
 0.3030303    0.2838980103E+001    0.1502665710E+001
 0.3131313    0.2687269592E+001    0.1508815002E+001
 0.3232323    0.2563313293E+001    0.1498704529E+001
 0.3333333    0.2456376648E+001    0.1505686951E+001
 0.3434343    0.2351080322E+001    0.1493429565E+001
 0.3535354    0.2166294861E+001    0.1471737671E+001
 0.3636364    0.2073287964E+001    0.1445333862E+001
 0.3737374    0.1942431641E+001    0.1454409790E+001
 0.3838384    0.1807881165E+001    0.1448559570E+001
 0.3939394    0.1662753296E+001    0.1420176697E+001
 0.4040404    0.1534072876E+001    0.1421908569E+001
 0.4141414    0.1366160583E+001    0.1422268677E+001
 0.4242424    0.1235354614E+001    0.1404014587E+001
 0.4343434    0.1106599426E+001    0.1379058838E+001
 0.4444444    0.9504837036E+000    0.1422785950E+001
 0.4545455    0.8420776367E+000    0.1382583618E+001
 0.4646465    0.6581817627E+000    0.1382637024E+001
 0.4747475    0.5396087646E+000    0.1413758850E+001
 0.4848485    0.3530731201E+000    0.1334576416E+001
 0.4949495    0.2222839355E+000    0.1343835449E+001
 0.5050505    0.1624649048E+000    0.1365948486E+001
 0.5151515    0.1483657837E+000    0.1348855591E+001
 0.5252525    0.1492019653E+000    0.1326640320E+001
 0.5353535    0.1633514404E+000    0.1356134033E+001
 0.5454545    0.1640853882E+000    0.1365382385E+001
 0.5555556    0.1418136597E+000    0.1343150330E+001
 0.5656566    0.1609680176E+000    0.1327627563E+001
 0.5757576    0.1539047241E+000    0.1322766113E+001
 0.5858586    0.1434692383E+000    0.1339865112E+001
 0.5959596    0.1400283813E+000    0.1355831909E+001
 0.6060606    0.1424591064E+000    0.1337734985E+001
 0.6161616    0.1329940796E+000    0.1357482910E+001
 0.6262626    0.1500152588E+000    0.1344392395E+001
 0.6363636    0.1340255737E+000    0.1340031433E+001
 0.6464646    0.1423080444E+000    0.1337265015E+001
 0.6565657    0.1349731445E+000    0.1350878906E+001
 0.6666667    0.1265457153E+000    0.1345423889E+001
 0.6767677    0.1150985718E+000    0.1373919678E+001
 0.6868687    0.1283996582E+000    0.1329666138E+001
 0.6969697    0.1237426758E+000    0.1342822266E+001
 0.7070707    0.1015930176E+000    0.1337011719E+001
 0.7171717    0.1265396118E+000    0.1344093323E+001
 0.7272727    0.1126235962E+000    0.1349494934E+001
 0.7373737    0.1011642456E+000    0.1338569641E+001
 0.7474747    0.9919891357E-001    0.1327470398E+001
 0.7575758    0.1046386719E+000    0.1341947937E+001
 0.7676768    0.1121597290E+000    0.1347003174E+001
 0.7777778    0.9849548340E-001    0.1341256714E+001
 0.7878788    0.1133316040E+000    0.1356781006E+001
 0.7979798    0.8291473389E-001    0.1329389954E+001
 0.8080808    0.1098464966E+000    0.1367881775E+001
 0.8181818    0.6587371826E-001    0.1327143860E+001
 0.8282828    0.7354431152E-001    0.1334017944E+001
 0.8383838    0.5933074951E-001    0.1324392700E+001
 0.8484848    0.6655426025E-001    0.1333930969E+001
 0.8585859    0.7788391113E-001    0.1349234009E+001
 0.8686869    0.6243743896E-001    0.1330072021E+001
 0.8787879    0.8759155273E-001    0.1369190979E+001
 0.8888889    0.7054138184E-001    0.1348678589E+001
 0.8989899    0.4881896973E-001    0.1328985596E+001
 0.9090909    0.6990661621E-001    0.1361315918E+001
 0.9191919    0.5947570801E-001    0.1351829529E+001
 0.9292929    0.4441833496E-001    0.1341909790E+001
 0.9393939    0.2754211426E-001    0.1330355835E+001
 0.9494949    0.4543609619E-001    0.1337237549E+001
 0.9595960    0.2381439209E-001    0.1328810120E+001
 0.9696970    0.3793182373E-001    0.1342730713E+001
 0.9797980    0.1781463623E-001    0.1331556702E+001
 0.9898990    0.2850494385E-001    0.1354832458E+001
 1.0000000    0.0000000000E+000    0.1336891174E+001


