Simulation state at cycle:    1100000
##############################################################################                                           

Number-of-molecules: 401   

Box-size(s):    28.120825   50.627114

------------------------------------------------------------------------------                                           

Deltas
Translation per molecule type
Box 1    0.6494625392E+000
Box 2    0.2529954562E+002

Rotation per molecule type
Box 1    0.1208580194E+003
Box 2    0.1800000000E+003

Volume    Delta_Volume
Box 1   0.4264674079E+003
Box 2   0.1974386148E+004

------------------------------------------------------------------------------                                           

Molecules in box 1
##############################################################################                                           
Moleculetype  1
Number-of-molecules: 383   
Atomtype         X                  Y                   Z
  1        8.0223907221        9.3053170531       17.3866546503
  2        8.1218664515        9.4511817624       17.9075462570
  1        8.2475432340        9.5943277701       18.4235061060
  1       11.4717559827       10.1327806267       19.5520422740
  2       11.1517617381        9.9597986271       19.9645721653
  1       10.8250587202        9.7756104406       20.3668654030
  1       18.8419371213       27.0321336554        6.4599026460
  2       18.5025179854       26.8670952050        6.8599738397
  1       18.1762750421       26.7053398175        7.2721640089
  1        3.9619254844        5.7678408746        9.6128748965
  2        4.4898987855        5.6304989415        9.5430079751
  1        5.0262061786        5.5222699595        9.4867863902
  1       23.8308347166       11.1568723972        8.5726965636
  2       24.3763273820       11.0909558310        8.5483499365
  1       24.9217612422       11.0293112112        8.5136823148
  1       25.5364014824        5.5936488682       16.9350637229
  2       25.3650307213        6.0908022158       16.7739097246
  1       25.1896979953        6.5839630023       16.6049396891
  1        5.3136173965       23.0346213707       25.5473490579
  2        5.7711441021       22.8340080784       25.7774004013
  1        6.2366283347       22.6547981795       26.0091507849
  1       10.7950057928       18.9714784987       24.1221546262
  2       10.5296588196       19.4501224380       24.1768443257
  1       10.2695732509       19.9305756959       24.2402490807
  1       21.7357480209        6.7864377872       25.5728844116
  2       21.3053708064        6.7784493813       25.9152462650
  1       20.8898447648        6.7609916282       26.2751536622
  1       28.0245656808       28.0589718730       19.4780355202
  2       27.7937024921       27.6019465817       19.2772120375
  1       27.5694105910       27.1399098715       19.0804502004
  1       19.8635826216        9.4974345660       24.3187602930
  2       20.2359882416        9.7033465633       23.9703147398
  1       20.6223547190        9.8954159756       23.6292424821
  1       23.6360885665        9.4842923889       27.1155284008
  2       23.4874961698       10.0109667491       27.0604428497
  1       23.2959226547       10.5209167331       26.9846101320
  1        2.8732456067        9.8842507220        7.1841699976
  2        2.9339114711        9.3720241867        7.3750721439
  1        2.9896253841        8.8578768798        7.5622846054
  1        2.5669401765        9.2034863279       20.4689871399
  2        2.2262897619        9.1067394377       20.0481577989
  1        1.8844337465        8.9921423535       19.6328242318
  1       13.1692014746       18.6531416274       18.3977144807
  2       12.9724021168       18.1659633877       18.2351494919
  1       12.7940257008       17.6666978984       18.0888080271
  1        3.6985422171       23.4030604818       16.8786463606
  2        3.1679977562       23.2793966511       16.8029507069
  1        2.6368438132       23.1464425076       16.7510018515
  1       14.6290128103        4.2994242177       27.4737101975
  2       14.2866984926        3.9201122055       27.6772864862
  1       13.9290627027        3.5431724164       27.8576002022
  1       22.7989853564       19.3619861109       23.8352683298
  2       23.3208966964       19.2384858730       23.9571545244
  1       23.8439407518       19.1070443500       24.0650806151
  1       19.1832749954       13.0916060246       24.4000706727
  2       19.2567893526       13.4648562816       24.0028555107
  1       19.2920863976       13.8301072219       23.5931655447
  1       20.8739620500       18.3739948173       20.8525725061
  2       20.6676060203       18.8833892189       20.8734179545
  1       20.4279383034       19.3784179966       20.8709902593
  1       19.4771654220        2.7244541604       15.6458919979
  2       19.7274573742        2.3481092064       15.3324938257
  1       19.9926060510        1.9709566536       15.0325736195
  1        6.2515805385        2.1096717512       20.4779355460
  2        6.4481881038        2.6230491939       20.4609335894
  1        6.6187155103        3.1458998930       20.4678291716
  1       26.0936646933       21.1343995594       18.7023472160
  2       25.9084777904       20.6898767699       18.4366306365
  1       25.7240483410       20.2337346718       18.1908255033
  1        9.9464327973        1.1517065754       12.9601664649
  2       10.1115163360        1.0318366685       13.4709292578
  1       10.2853315758        0.9100137931       13.9783220529
  1        1.3004251881       11.9528198985        2.9620456923
  2        1.5187331598       12.3578992256        3.2632970296
  1        1.7454464270       12.7617691692        3.5599283869
  1       18.0371978453        6.7934341171        6.3029998878
  2       18.4517259156        6.9741772577        6.6160468430
  1       18.8551516154        7.1278795645        6.9568155396
  1       23.1580877868       25.6076334000       11.1703469511
  2       23.5755847285       25.5736518238       11.5267758446
  1       23.9866119818       25.5090390959       11.8864726495
  1       23.2854313388       11.3112300345        3.7203161753
  2       23.4862479033       10.9606423111        4.0934930176
  1       23.6719460488       10.5937184042        4.4587094525
  1       20.8811988769       25.5530997446       17.8982557955
  2       20.5465415044       25.1714908268       17.6864089714
  1       20.2330678972       24.7733020682       17.4726801500
  1        4.3055259531       22.7065379082        3.3549847593
  2        4.4173248401       22.8273898537        3.8797664436
  1        4.5587749479       22.9496551602        4.3970120920
  1        2.3224176041       12.0357984275       10.3407314969
  2        2.5930966356       12.2918057225       10.7453215694
  1        2.8764905438       12.5302033686       11.1519595584
  1       19.5690927243       17.0686187689       26.8016375753
  2       20.1162016672       17.1248857095       26.7992218140
  1       20.6585800245       17.2160400908       26.7951480810
  1       22.6407693330       14.9659893808        4.6866809916
  2       23.0415198079       15.3376130233        4.7482839559
  1       23.4330858605       15.7230356408        4.7732925820
  1        7.4656087436       18.6939371540       20.3776248240
  2        7.2779659550       19.1584812871       20.1507130959
  1        7.0982603467       19.6177299872       19.9072043184
  1        7.1168113784        5.1014546190        3.6547434677
  2        7.3315373056        4.5951825810        3.6457212902
  1        7.5559485438        4.0931842457        3.6340052129
  1       25.7279348387       13.9614990199        2.8144416396
  2       25.6519834458       13.7827915336        2.2998592650
  1       25.5525682649       13.6232963895        1.7829667038
  1       21.7826879429        8.2127787017       20.9922793432
  2       22.2054885459        8.5643783710       21.0031108989
  1       22.6303492168        8.9136151038       20.9979038062
  1        2.7736659763       16.9383664983       15.6327685627
  2        2.2654044664       16.7511549832       15.7282781755
  1        1.7590853772       16.5633555897       15.8325488170
  1        1.8915911203       22.4649500762       24.2848080981
  2        1.4718004448       22.3766585927       23.9405982744
  1        1.0383559100       22.3198710756       23.6068303729
  1       13.7966368389       10.9607502355       26.6716883137
  2       14.3131802574       10.9738415743       26.8601333020
  1       14.8301504044       10.9885630285       27.0472833618
  1        1.2147613840       24.5775872152        5.1435841017
  2        1.1574446320       24.9428588143        4.7364091408
  1        1.0820369821       25.3265459142        4.3496302702
  1        4.5382595835        3.3294437222        6.6604207331
  2        4.8539857352        3.7081145369        6.4166474548
  1        5.1685235961        4.0582029658        6.1320353943
  1        3.8151947025       19.7418464819       28.2252953556
  2        3.6227621243       20.1685219475       27.9364740443
  1        3.4302794979       20.5879376157       27.6372401311
  1        2.0148966172       25.8230152619       11.3541801761
  2        2.3795147907       25.6873218730       11.7429486056
  1        2.7323554378       25.5493640076       12.1416604114
  1       23.5769762993       21.5403029712       14.5764909968
  2       24.0334979804       21.8210392940       14.7000833582
  1       24.4879221351       22.1023950385       14.8298432580
  1       26.3589962110       12.7528069349       26.0721861819
  2       26.7005603742       12.8664457667       26.4880228546
  1       27.0445215862       12.9949559897       26.8975052183
  1       26.8964019844        8.7350320979        9.1843189866
  2       27.1940607174        8.7931534839        8.7254931120
  1       27.4904216313        8.8475570108        8.2653730582
  1       23.3743741503        6.1687025043        1.6727820202
  2       23.2158476201        6.4120970636        1.2057398082
  1       23.0627329326        6.6539576352        0.7361023359
  1       26.0929623811       22.1119884697       25.2348918582
  2       25.5661537061       21.9664167944       25.2963858198
  1       25.0386075298       21.8172147321       25.3403605335
  1       16.9693072307        1.9311576400        0.3796824363
  2       17.1533804267        1.9815381716        0.8955107609
  1       17.3261012690        2.0114722560        1.4168278048
  1       11.5602098943        0.8679311322        5.6640093985
  2       11.9707201255        0.5161800967        5.7652643200
  1       12.3762109701        0.1600080181        5.8711823275
  1       16.5636250553       27.6706480145        3.6552781891
  2       16.0518258511       27.6110699487        3.8476632941
  1       15.5457252485       27.5403359690        4.0510321293
  1       15.1051049216       13.9451635230       23.4815978210
  2       14.8842785138       14.0130488193       23.9807243422
  1       14.6740296907       14.0793377386       24.4846104509
  1       20.3315300019       23.7765210695       12.9564581260
  2       20.5916587002       23.2919892313       12.9485867830
  1       20.8290018265       22.7959266235       12.9390931753
  1       14.7156113510       19.9992365404        3.8084529718
  2       14.2690124756       19.9622546742        3.4895771558
  1       13.8158970219       19.9259766522        3.1799478779
  1       18.6454179578        3.6843928545        3.8092657234
  2       18.2665081482        3.4545897249        4.1350231145
  1       17.8968602756        3.2397354730        4.4809972460
  1       12.4967105028       11.4899983621       22.6535626791
  2       12.1249393900       11.6259573625       23.0354021610
  1       11.7360155646       11.7655822884       23.3983665353
  1        3.8106081112       23.0550243667        7.9831321697
  2        4.1824018740       22.8440592874        8.3292002746
  1        4.5524472767       22.6299188243        8.6751919812
  1        2.2274799163       16.2793812661       10.6031591627
  2        1.9259586808       15.8468456757       10.4466410887
  1        1.6485233712       15.3981560005       10.2910543816
  1       17.4549855010       22.8014729246       18.4971856588
  2       17.3660458318       23.2138701627       18.8500570990
  1       17.2988589218       23.6367340724       19.1952701231
  1       11.6269868628       22.1037974898        6.4117277695
  2       11.2816878458       22.5192481688        6.5150201803
  1       10.9281457286       22.9248173191        6.6291325577
  1       12.4290679694        2.0715794042       16.3433748821
  2       12.5722416064        1.5407001044       16.3563548162
  1       12.7267212565        1.0128566863       16.3605216799
  1       25.4863095109        4.2568235904        7.6068289550
  2       25.1616631991        3.8895606507        7.3573841608
  1       24.8438405665        3.5410737690        7.0744607320
  1       11.2353197256        9.8808424823       16.2513025712
  2       11.3016232510       10.3988099333       16.0786365286
  1       11.3402300154       10.9202011931       15.9078715706
  1       17.2847651662       12.4616411879       16.8222321743
  2       17.7275351186       12.7862249292       16.8554008971
  1       18.1750186276       13.1050504331       16.8800748947
  1        9.7263641029       13.2062544388       20.4002763939
  2        9.5191438890       13.2158390766       19.8908964594
  1        9.2965941152       13.2535216819       19.3893472410
  1       11.4183731269       22.5060957581        2.5086253958
  2       11.3067477255       22.2043747434        2.0625265289
  1       11.1817427665       21.9404127041        1.5964816802
  1       28.3143647669       23.0170329773        9.9329975025
  2       27.9570756511       22.8715281742        9.5409862273
  1       27.5820040113       22.7346025037        9.1627368059
  1        0.0550533319       18.1970463105       12.0044568715
  2        0.0838133051       17.8925378270       12.4615645693
  1        0.1233105435       17.5919559956       12.9204660073
  1        6.1861087582       13.4011388884       21.8741651596
  2        6.0387534004       13.1246360322       21.4221335578
  1        5.8959813839       12.8397037802       20.9738816620
  1       25.2396038895       10.2382923143       17.4555429610
  2       24.7236447509       10.1263472457       17.6096678096
  1       24.1980225913       10.0304922592       17.7401789808
  1        9.8613982476        1.5271265157       27.3302907761
  2       10.3412995404        1.7769307648       27.2313332787
  1       10.8129737129        2.0507800958       27.1604106594
  1       20.1339171432        5.7361770533       22.9445095189
  2       20.2235383835        5.5700719881       22.4279079891
  1       20.3018051849        5.4194399233       21.9047595515
  1       20.0195439816       25.0581731603        2.2964397970
  2       19.9309816481       25.5012893240        2.6099757256
  1       19.8511941221       25.9455753553        2.9242111024
  1       20.2592357730       21.5811018925       16.9402048208
  2       20.0492232418       21.7297975166       16.4541139362
  1       19.8912244754       21.8954091313       15.9540047662
  1        7.6187099402       28.1140985115        6.7351069086
  2        7.2237070379       28.1262066187        6.3525809606
  1        6.8314888394       28.1188845335        5.9670796366
  1       13.0822255797       22.5765733920       17.6610608570
  2       13.6178831907       22.4540096199       17.6844925767
  1       14.1515373572       22.3291970659       17.7306992424
  1       11.0128453960        4.1300701374       13.8795277753
  2       10.5669921952        4.4367331140       13.7811776757
  1       10.1540295103        4.7861047673       13.6816725614
  1       15.1283589834       23.4454884426        1.4089200222
  2       14.8057276684       23.1793007316        1.0517742017
  1       14.4583002128       22.9486077357        0.6932007731
  1       27.6995271382       11.8622894267       12.0364503607
  2       27.3218520605       12.0267663748       11.6720208487
  1       26.9605951100       12.1844702739       11.2884548245
  1       21.2928783424        1.1615241635        4.6925150961
  2       21.1774586767        1.5599542715        5.0536684566
  1       21.0643168552        1.9658782422        5.4071152804
  1        0.6619301108        6.1095621215       22.7762955416
  2        0.2578398564        5.7873722341       22.9644570221
  1       -0.1587116151        5.4801758065       23.1505086963
  1       10.0157544501       21.1826499420        9.5014415891
  2        9.7489306717       20.7952080041        9.7863868751
  1        9.4513764791       20.4212200078       10.0585898876
  1        9.1148624544       14.9685429820       26.6535252324
  2        9.1591675133       14.8185565896       27.1808213009
  1        9.1965841454       14.6530049112       27.7039777176
  1       25.4179268894        3.9619738205       13.6019877853
  2       25.8247836364        4.3089295214       13.7307873549
  1       26.2101718712        4.6724691933       13.8784857449
  1       24.4911108421        3.0105253959        3.2112387051
  2       24.7851855293        3.0943063246        2.7540726146
  1       25.0935811159        3.1802278863        2.3068482342
  1       16.8736667113       10.5472520934        6.7345787305
  2       16.8522486162       10.9269752794        7.1318841133
  1       16.7979519000       11.3022798692        7.5302537036
  1       27.0773119890       16.8603954327        3.7947852823
  2       26.9507380557       16.5647157992        4.2409383881
  1       26.8299587422       16.2870350229        4.7000742535
  1       20.0397048435        9.2816450335        2.6330500458
  2       20.2224444791        8.8858111240        2.2977565301
  1       20.3836547331        8.4796156259        1.9638157115
  1        8.9522937667       17.3980949063       17.0551767483
  2        8.7168175012       17.0160761416       17.3731588103
  1        8.4855238407       16.6361942131       17.6967217285
  1       14.4764498065       22.1780645691       21.8625370956
  2       14.8010575704       21.9380394617       21.4890163499
  1       15.1117576831       21.6896667311       21.1091789826
  1        6.9771708802       25.1191305680        4.1447491875
  2        7.3693238432       25.0555480716        3.7643897263
  1        7.7541510179       24.9777899713        3.3792122056
  1       21.2585221666        5.8904583058        4.2363334076
  2       21.1732824876        5.5991381090        4.6949909487
  1       21.1001794369        5.3198619273        5.1631370342
  1        7.8719422105       26.0915727209       27.4685939886
  2        7.6990958700       26.0506252141       26.9480678661
  1        7.5328630288       26.0246149968       26.4244362111
  1        9.3774223296       20.9067432557       16.1263281655
  2        9.9253046628       20.9355897064       16.0876909911
  1       10.4731848965       20.9782985619       16.0652588215
  1       27.7841093490       21.0777654257       15.2076624652
  2       28.0555470104       20.6289160397       15.3730584284
  1       28.3203533245       20.1812274167       15.5518110839
  1       20.8712799177       10.3462105329       16.9746081548
  2       20.5836216030       10.6139970458       16.5898444903
  1       20.2734265558       10.8939805850       16.2322298242
  1        2.9313563277       27.3847806812       25.5190906622
  2        3.2561554988       26.9726255294       25.6838135486
  1        3.5967744089       26.5755867015       25.8536338248
  1       13.9439848386        0.2307866571       12.3031926331
  2       13.5410573351        0.0802464307       11.9604287682
  1       13.1485221824       -0.0634552683       11.6029851019
  1        1.5961818517       20.5162528181        2.3655202744
  2        1.5238320120       21.0561256098        2.4416968421
  1        1.4614204291       21.5983010295        2.5098922049
  1       26.7061345319       27.7086398090       14.9163511933
  2       26.3032959574       27.7918347935       15.2814534768
  1       25.9113058140       27.8649654872       15.6602616448
  1       18.4240894351       21.6467301855       21.6608355101
  2       18.6093118224       21.7423715727       22.1698005308
  1       18.8082654940       21.8559999739       22.6698065528
  1        4.1886307224       24.7453639753       22.9677197987
  2        4.4762063737       25.2130615459       22.9351740283
  1        4.7791170212       25.6693383874       22.8846113681
  1       26.6433608094       11.4881057057        5.1865692271
  2       26.6443672752       10.9598953917        5.3398430056
  1       26.6660678503       10.4302187443        5.4863753680
  1        5.7219857480       10.0269747316       10.5722578842
  2        5.5350941002        9.7512786306       10.1345785817
  1        5.3468202231        9.4682987760        9.7021721200
  1       18.5352870956       10.7695685032       12.9756101709
  2       18.6368687519       10.2301491596       13.0103655848
  1       18.7173769889        9.6864557117       13.0307581686
  1       17.2969590989       14.6149710480        6.8995948262
  2       17.6711802062       15.0028400651        6.7899764499
  1       18.0308464481       15.4035183395        6.6777395850
  1       27.9741157231        0.2528481632       11.4085832169
  2       27.4677044500        0.4617271501       11.3594182776
  1       26.9586648984        0.6643436105       11.3111968728
  1        6.9963716208       16.7401471399        1.9292131723
  2        6.7556158733       16.2686676700        1.7800696859
  1        6.5066704781       15.8003021397        1.6346051912
  1        5.4055212951       25.8475024537       15.2068171566
  2        5.6181716704       26.3546774222       15.2141225784
  1        5.7870794892       26.8780897936       15.2110181939
  1       13.7157842006        4.7642706804       23.5620728618
  2       13.5937177773        4.3384229859       23.8880383957
  1       13.4700383757        3.9383722365       24.2446373337
  1       17.3226420447       19.6838568508       19.3499942542
  2       17.0401355507       19.3087843611       19.6363693724
  1       16.7701601226       18.9269006458       19.9258138321
  1       22.1131271052       21.7595433690       19.5720950743
  2       22.1093548428       22.3000020418       19.4701627780
  1       22.1110883532       22.8420746371       19.3771343127
  1       23.3323308503       19.3743330218       27.6052588847
  2       23.3317102842       19.9240345339       27.6233658581
  1       23.3122376097       20.4734982640       27.6378718302
  1       15.6719697935        7.0796740753       25.2922005443
  2       16.1754211591        6.8943068190       25.4133438590
  1       16.6711425380        6.6906338378       25.5369465703
  1       16.9385281631       11.2523588064        2.1335582433
  2       16.9154859371       10.7373094513        2.3251129813
  1       16.8851826859       10.2198135748        2.5089056084
  1        7.2148195926        0.6164718793        2.3014277028
  2        7.2332241920        1.0921532775        2.0259490682
  1        7.2592789322        1.5760386519        1.7658027749
  1        5.6272177953       19.1247350822       15.5646646622
  2        6.1272460114       19.2300919104       15.7680650600
  1        6.6271107223       19.3432502664       15.9676407505
  1        7.6102581592       25.1153750849        7.8043211885
  2        7.8676515097       25.0654454725        8.2878040702
  1        8.1211949406       24.9991970311        8.7713605526
  1       20.8914145912       27.5851381457       11.9948797468
  2       20.4282060383       27.3732473159       12.2023408583
  1       19.9528670548       27.1790761749       12.3994459513
  1       10.6573614821        6.7214844292       16.6947019960
  2       10.6357519176        6.7088014916       17.2441309448
  1       10.5863026972        6.6852424968       17.7913966457
  1       16.1185582112       17.7856660617       12.2914941550
  2       16.2504007227       17.8402703058       11.7603294643
  1       16.4192957157       17.9038319942       11.2407773571
  1        6.1436086539        8.4857232663        1.6158983171
  2        5.9865580077        8.1998406644        2.0587371506
  1        5.8158272153        7.9101898761        2.4939996189
  1       22.6026005011       12.4538918011       20.4843802895
  2       22.5768551400       12.1766058397       20.0100916938
  1       22.5622574028       11.8805067329       19.5468291073
  1       12.5611929374       14.6086649939       16.3813350897
  2       12.7017186362       14.1043019282       16.5497703175
  1       12.8404155629       13.5977402620       16.7130444424
  1       25.7033587447        6.8276783439        4.4841362387
  2       26.0283513693        6.6975088273        4.0599479658
  1       26.3567861030        6.5471679563        3.6451850851
  1        3.4972349470        3.0114398600       16.0801592004
  2        3.1818921561        3.4542527306       16.1636797721
  1        2.8716351447        3.8998026255       16.2515767403
  1       17.7616780862        5.4753432870        9.9062814265
  2       18.2367361855        5.3216783098       10.1369475860
  1       18.7160086734        5.1624407235       10.3547577611
  1       21.4667310977       13.4366896278       14.8561128987
  2       21.6654222081       13.9489497158       14.8313854876
  1       21.8778284591       14.4562732846       14.8288596093
  1       15.0789125965       16.7842179654        8.3217017929
  2       14.7906685323       16.4010335495        8.5911179448
  1       14.5289380996       16.0031963414        8.8662955881
  1       27.5385859511        8.9251485029       26.6085459960
  2       27.9483390120        8.8103029332       26.9569895699
  1       28.3645341313        8.7033492166       27.3002715592
  1       27.6795248944       11.8452853195       20.3703994056
  2       27.1424103761       11.7714170580       20.4628735867
  1       26.6082361487       11.6832907282       20.5597840802
  1        1.9985414929        8.0527554110       10.7198207194
  2        2.1931044416        8.3244956115       11.1566302001
  1        2.3876922374        8.6064770306       11.5868883412
  1        6.9169254320       20.0982888812       24.0795324655
  2        6.5559126667       19.6839833003       24.0567142944
  1        6.1927873154       19.2711595019       24.0420007065
  1        3.4671269848        4.8106595515        3.1523852699
  2        3.4816986007        4.6050406878        2.6424749337
  1        3.4911907307        4.3949539355        2.1342688191
  1        4.3608875518       27.3546626500        8.5367462304
  2        4.2724328263       27.1580540733        8.0307612216
  1        4.2100117684       26.9556882093        7.5231672229
  1       17.1191878901       26.3120066960       11.2559153190
  2       16.8864508699       26.1676609700       11.7328826038
  1       16.6662069265       25.9847444629       12.2024932466
  1       23.1871219204       18.0599231683        8.0195841700
  2       23.0715589384       18.0737117875        7.4820387569
  1       22.9474331325       18.1050391387        6.9471449540
  1       15.5078521664       10.0651668332       23.5895675658
  2       15.8676918954       10.4794201709       23.6271114287
  1       16.2129013585       10.9020479905       23.6957856718
  1       12.4213293142       18.4418057315        6.5693583171
  2       12.6558604408       18.0200942390        6.3054367991
  1       12.9097947467       17.6060343614        6.0474217122
  1       21.8308929898        8.6002009026        6.0600659442
  2       22.1635483868        8.6294705828        6.4970827318
  1       22.5189918689        8.6609346875        6.9156158131
  1       22.8825057368        8.2000228993       10.4197130458
  2       22.4581354641        7.9854313649       10.6960468025
  1       22.0466311892        7.7418110705       10.9677329869
  1        4.8646331543       12.6817422596        7.3990597917
  2        5.0166200832       12.6203435074        7.9240647123
  1        5.1712333202       12.5779525713        8.4501804357
  1       25.2149443606       15.1868300839       13.4186149422
  2       25.5772708838       15.2595903267       13.0112754798
  1       25.9220420815       15.3022891955       12.5848840788
  1        6.1663461116       10.3744344639        4.4300016778
  2        5.7094888954       10.6764204734        4.3791495973
  1        5.2461542373       10.9720565005        4.3586475719
  1        8.7917382080        8.5054777689       14.0458646371
  2        8.4582919156        8.1406750210       14.2871788001
  1        8.1294076646        7.7740441826       14.5319582452
  1        5.5722847328        7.0631026878       12.6467291150
  2        5.5181631212        6.7323491231       13.0828173292
  1        5.4722685447        6.4011194088       13.5194871853
  1       24.1004517765       18.6701130596        2.8854143003
  2       23.9240598752       18.2142121171        2.6333424301
  1       23.7523806218       17.7564480115        2.3813935134
  1       21.1628713728        4.4805758806       12.7543953370
  2       21.5468112320        4.4730176552       12.3606529622
  1       21.9233465249        4.4779521354       11.9597828796
  1       26.6736392308       23.8090005574        2.3964666561
  2       26.5741476778       23.3288813473        2.1472940753
  1       26.4434322733       22.8602557302        1.8907721211
  1       19.1159576529       20.5427026140       11.0495101394
  2       18.7231142575       20.8562519754       10.8262146745
  1       18.3620733801       21.2141782856       10.6163617729
  1        6.5199009298       12.8006819240       25.3695251588
  2        6.3707674641       13.3298593864       25.3543454796
  1        6.2100060581       13.8557450338       25.3443427215
  1       14.5603196947        8.1976862290        5.2477699595
  2       14.5312531771        7.9688102017        5.7470403288
  1       14.5076236291        7.7296749804        6.2417685263
  1       21.9534069014        8.0181014174       14.8116260152
  2       22.3052984863        7.6547503068       14.5956438795
  1       22.6552914949        7.2883616912       14.3817180157
  1        2.1331528993        5.3552243547       12.7859671209
  2        1.9813395695        4.8272412427       12.8121691485
  1        1.8304414687        4.3017518081       12.8720909000
  1       20.3280664393        6.9448803646       18.3036038280
  2       20.6603426334        6.6622443628       17.9686270806
  1       20.9665736757        6.3954919176       17.5977286030
  1       28.1396748569        4.2513118262        9.9961624242
  2       28.0797994033        4.7979800950       10.0044530184
  1       28.0264570929        5.3453138411       10.0134177993
  1       21.0050182808       23.6492332193       25.4271449297
  2       21.5346042133       23.7846168019       25.4880549095
  1       22.0620899870       23.9217344303       25.5619298954
  1        1.8738903083       17.0047836758       24.1919180251
  2        2.3862901120       17.1932146219       24.2585529988
  1        2.8863863405       17.4100819747       24.3318490595
  1       18.9835404768       21.6846520956        7.2444452162
  2       18.5669273664       22.0139124643        7.1011932496
  1       18.1522474741       22.3567625657        6.9872002944
  1        9.5541304789       22.9948118749       26.3834968870
  2        9.6924888483       22.4834393239       26.5313315098
  1        9.8442746310       21.9808827729       26.6953375713
  1        2.7700269968       13.2525092067       24.6957999446
  2        2.4898750388       13.6982667469       24.8549071279
  1        2.1931895142       14.1397880611       24.9946806147
  1       27.6238118249       24.5603717759       13.2517072736
  2       27.1787572980       24.2376588635       13.2685252459
  1       26.7226129349       23.9332412022       13.3105038892
  1        5.7492293471       17.8402611845        4.7832584935
  2        5.5117363236       18.2152448502        4.4584750053
  1        5.2886753676       18.6060866102        4.1422685418
  1       10.6177788756       24.7787336990       12.3034971182
  2       10.6692661987       24.2808174805       12.0756188725
  1       10.7279393989       23.7881443269       11.8382781506
  1        9.8046048331       10.2613030125        4.3010933179
  2        9.7491778490        9.7522480815        4.1003673189
  1        9.6985764757        9.2375351241        3.9132575342
  1        7.6872461628       11.9074722978        0.8408767199
  2        7.2949149923       12.2737317681        0.9610027084
  1        6.9099569424       12.6550712070        1.0552764113
  1       25.1547805053        6.5090168768       23.1484841197
  2       24.6493319073        6.4372557246       22.9438575040
  1       24.1495348374        6.3268119289       22.7425988248
  1       10.6033540147       20.2281789347       20.3498204775
  2       11.0317687483       20.4523576119       20.6119363617
  1       11.4521944028       20.6722803359       20.8901022537
  1       10.4445058290       18.8098313775        3.8153432790
  2        9.9057395494       18.9194911428        3.8010034133
  1        9.3650032543       19.0194212344        3.7901298232
  1       16.2540770708       17.8476166024       16.1027508782
  2       16.6482037622       18.0601287771       15.7833722210
  1       17.0452858938       18.2805819482       15.4731687730
  1       27.4195363432       10.4987469221       23.5744887746
  2       27.1482442116       10.0231309882       23.5226229605
  1       26.8736793188        9.5516142756       23.4534412552
  1        7.5658683006        4.5161362357       27.3949335599
  2        7.0563542960        4.6302314704       27.2220817256
  1        6.5385710166        4.7333768913       27.0679340799
  1       27.3243165384       20.2381947948        5.4209352615
  2       26.8395583823       20.4028665602        5.2199558102
  1       26.3444460705       20.5639361987        5.0426978931
  1        1.3689755095       26.1659936576       22.3304771854
  2        0.8241680263       26.2406941173       22.3202474466
  1        0.2766867937       26.2932529811       22.3188818893
  1       26.3351013659       25.4044253077       26.1966349134
  2       26.2417097548       25.7682444442       26.5983980810
  1       26.1829340344       26.1385045406       27.0008317708
  1       14.6053164094       10.8956781327       14.7510908003
  2       14.9913624429       10.5039457900       14.7473183010
  1       15.3976032964       10.1334416544       14.7612844541
  1        3.7075266782       19.2921408118       18.7717266980
  2        3.3698797979       19.6254747791       18.4935486066
  1        3.0052931933       19.9534174890       18.2444900076
  1        3.6544590410        8.6604428517       23.5191692644
  2        3.8780767101        9.1471503740       23.6441129550
  1        4.0921922531        9.6436355453       23.7448949369
  1       20.2786087017        2.4572964177       19.4742551915
  2       20.1826779791        2.9055331917       19.1703126132
  1       20.0924687774        3.3385671166       18.8434427326
  1        3.5924588304       14.5808288220        0.7298693157
  2        3.1162129940       14.4379707069        0.4947492138
  1        2.6423981470       14.2861130450        0.2603590685
  1        8.6601328255       15.3633815225       23.3571644109
  2        8.8122909144       15.8882478301       23.2950091608
  1        8.9823184949       16.4106448531       23.2687038146
  1       10.7412800319       27.8068744825       19.8492300229
  2       10.5555453636       27.9566837773       19.3536901070
  1       10.3881665231       28.1084723841       18.8522476461
  1       19.6372153586       12.7248948946       28.3736004203
  2       19.8183587575       13.0515718750       27.9699059572
  1       19.9873219251       13.3848708865       27.5663428074
  1       26.5368270248       17.8535690067       15.8310781797
  2       26.3020196050       17.3863217801       16.0015055977
  1       26.0715509062       16.9266621199       16.1966905734
  1        2.1322466539       16.8646303517        2.3961282359
  2        1.9196699722       17.0392150498        1.9198600997
  1        1.7119700794       17.2339260744        1.4492770885
  1        5.3719377500       16.6672627915        8.0620310055
  2        5.5150688893       16.1586096157        7.9094353839
  1        5.6563895784       15.6474768087        7.7635871220
  1        1.3180729430        7.6892706002        2.6019438121
  2        1.5703476593        8.0954741033        2.8737087503
  1        1.7921410535        8.5057655773        3.1652024820
  1        4.6271094545       11.0177296676       27.1410309808
  2        4.2071960934       10.6701016323       27.2140208308
  1        3.7755333035       10.3338537576       27.2697397826
  1       19.8041202152       11.1092917962        8.5865109136
  2       20.0208642231       10.6819172310        8.8564609387
  1       20.2570438188       10.2736112854        9.1393132895
  1       15.4645683037        9.2667123444       10.7470110443
  2       15.9410494024        9.0573658331       10.5691352428
  1       16.4176477852        8.8539613537       10.3847969715
  1       16.7204202613        2.8502324484       21.6501441020
  2       16.9377856759        3.2165603976       21.3022129161
  1       17.1838180567        3.5577895621       20.9479097636
  1       13.3644981556        4.6168098070       10.7954689467
  2       13.7850848224        4.7768737226       11.1116752063
  1       14.2219871296        4.9063843856       11.4196416998
  1        9.1423456684       16.8335119666        8.2562117834
  2        9.0429705461       17.1192222439        7.7968707092
  1        8.9582922770       17.3978352187        7.3302826682
  1       25.5842015656       23.6305127917        5.8806372932
  2       25.2550221781       24.0454158604        6.0289490405
  1       24.9535379113       24.4779033437        6.1856711279
  1        3.6791682626       26.8071382196       18.7423213940
  2        3.2563542676       26.5087628972       18.9286020763
  1        2.8301318308       26.2232636679       19.1269064470
  1       16.7255496440       26.8530593983       16.6383662509
  2       16.8860268843       26.3406124848       16.5194325878
  1       17.0186246755       25.8215381718       16.3950152164
  1       14.3750696450       23.5396724916        5.2204028969
  2       14.8928019663       23.6466907392        5.0687442729
  1       15.4099565030       23.7288933632        4.9005363278
  1        8.7017693504       13.9520856311        4.7057445941
  2        8.6857287339       14.4952360843        4.7907756700
  1        8.6447215305       15.0345602930        4.8905143590
  1        5.1687744400       10.8863708759       17.7623880334
  2        4.7273324762       10.9504192882       18.0841438312
  1        4.2884730549       11.0451429061       18.4018384070
  1       12.6100892049        1.2139247768        2.0232944209
  2       12.1592064013        1.4549841689        2.2260136033
  1       11.7007140602        1.6804459891        2.4296106066
  1       11.0931304566       11.0447712492       11.8422127686
  2       11.0419499822       10.7318293206       12.2915989147
  1       10.9526168171       10.4366927811       12.7470261951
  1        9.1394306418       23.1514971676       18.8081504012
  2        9.5211756753       23.4771207373       18.5828949457
  1        9.9048039188       23.8058139786       18.3654320227
  1       17.9016418911        6.4696585133        1.2037811480
  2       17.6179113124        6.3988450435        1.6695948567
  1       17.3250876750        6.3387843190        2.1312733441
  1        9.1805048158        9.2989126825       23.6473898433
  2        8.8788725875        9.5948310796       23.2953240809
  1        8.5670434720        9.8726600715       22.9374502861
  1       14.7609903354        7.9949300592        0.3134328952
  2       14.3244018329        7.6682483453        0.3853323898
  1       13.8961908839        7.3308036406        0.4579027239
  1       17.3612310914        7.8853744611       21.1385410348
  2       17.5363932096        7.7851333165       21.6501756166
  1       17.6965640151        7.6743308403       22.1645374769
  1       20.0344698336       14.2568022157       11.8907892536
  2       20.2387782949       13.7632850805       11.7596447154
  1       20.4696420671       13.2737302398       11.6619821554
  1       23.7712768841       11.2306041693       12.1192380475
  2       23.6460134923       11.6673638004       11.8093185300
  1       23.5110438403       12.1125456858       11.5158968523
  1        3.9847073072        1.9687071844        0.4877049414
  2        3.8328615435        2.1877820919        0.0066134231
  1        3.6671605599        2.3651515868       -0.4869281104
  1       13.6469125844       15.7292642421        0.2840548713
  2       13.2218032614       15.8829246843        0.5973766420
  1       12.7933549281       16.0211341254        0.9133357772
  1       25.2828395952       24.7175345267       17.2113484299
  2       24.9031361983       24.6492591305       17.6033481755
  1       24.5267730071       24.5657814435       17.9956264225
  1       17.3330044511        6.7660472505       14.0245047556
  2       16.8247313061        6.9129525531       13.8742475026
  1       16.3222108952        7.0697552262       13.7149171622
  1       24.8643551087       21.0810368188       11.7995634227
  2       25.2969242983       20.7623114632       11.9170284976
  1       25.7450150711       20.4558380202       12.0052820363
  1        9.4828825724       26.9838931514       23.1420232628
  2        9.6532380757       26.8371898624       23.6439765948
  1        9.8322625301       26.6897364844       24.1426826655
  1        3.9010706332       20.6702777269       21.7308362074
  2        3.6737424718       20.2066825113       21.9203128104
  1        3.4707865555       19.7234763814       22.0871082872
  1       23.1461181945       28.4360379533       27.9117634539
  2       23.0447658605       27.8978496061       27.8609598387
  1       22.9358603230       27.3598839734       27.8258519916
  1       10.3418076973        9.8666569933       27.8975578664
  2       10.5867534459        9.4273280294       28.1200250364
  1       10.8723714862        8.9996903967       28.3150849995
  1       12.2293888552       18.5577973185        9.9917839054
  2       12.3080377176       18.5518385580       10.5360989333
  1       12.3970503043       18.5502999275       11.0788460116
  1       14.1588866631       17.5774144399       23.0842409745
  2       14.1154115354       17.9146206085       22.6519194354
  1       14.0439657548       18.2497619843       22.2217151146
  1       12.6156777453        1.7494908415        9.2001230301
  2       12.1348974060        1.8991349770        9.4213850874
  1       11.6626577858        2.0684799094        9.6468003354
  1        8.6217497430       10.9724765373        7.0522957262
  2        8.7467082530       11.4047849390        7.3685152963
  1        8.8783640849       11.8278924831        7.6943169953
  1        2.7721353845        4.3973052093       24.2414598606
  2        3.1108555176        4.5413844186       24.6501282504
  1        3.4703260542        4.6685110948       25.0465115757
  1        1.5262308801       17.2880539972        6.4089585792
  2        2.0379146512       17.1428417547        6.2689831416
  1        2.5550525802       17.0155255968        6.1316552230
  1       19.8493574557       25.0768972573        9.7717736752
  2       19.8178031124       24.5684538079        9.5644343827
  1       19.7959941362       24.0591373974        9.3579854506
  1       16.4488289068        3.6496384218        7.5152038578
  2       16.1954982858        4.0916626402        7.3079885428
  1       15.9372307396        4.5295231773        7.0980456373
  1       19.4206299524       17.4716324410        9.2185382574
  2       19.4746342030       17.6138658435        8.6899995170
  1       19.5384099567       17.7534220843        8.1618359932
  1       14.8778875711       15.5683565202       19.8860280483
  2       14.8607731135       15.0186447573       19.8811216189
  1       14.8271815919       14.4699478035       19.8637072100
  1       27.0569385769        8.4003548843       19.8716609140
  2       26.9717028539        7.9720345545       19.5373308875
  1       26.8820173537        7.5416045740       19.2068970183
  1       17.1516575604        5.6074968468       18.5726331235
  2       17.1525125180        5.6694339289       18.0261323761
  1       17.1661919223        5.7134729062       17.4780690208
  1       18.5467366580        9.8056216405       27.5146988664
  2       18.1571293236        9.5792734572       27.1993060560
  1       17.7779668742        9.3607936672       26.8661358033
  1        2.4174379420       19.5192265912        9.3686424820
  2        2.1650585649       19.9218287329        9.6456193142
  1        1.9158763423       20.3242304551        9.9257640497
  1       26.8974904369       16.7470047306       27.3534452460
  2       26.8413030961       16.8038443938       27.8976072030
  1       26.7932055983       16.8621256712       28.4423914928
  1        2.1193570444       16.4355165867       20.5889202397
  2        2.2034594461       16.5435590602       20.0562349574
  1        2.2854671784       16.6407933640       19.5211459733
  1       26.2578692444       27.3549558269        4.6766650759
  2       26.2427378123       27.9012994559        4.6151859830
  1       26.2484418738       28.4469322269        4.5462487518
  1        9.3353995446       17.8968283146       13.3561316779
  2        9.0020998302       18.2834267289       13.5609559108
  1        8.6531006359       18.6645362256       13.7492511921
  1        2.1750081343        1.7266894255       21.5356153704
  2        2.2383963222        1.6202348516       22.0714785631
  1        2.2802770773        1.5316099748       22.6126731978
  1       13.9283748888       11.5083003248        4.5732816510
  2       14.0611996429       11.9214779391        4.2354328036
  1       14.1836593619       12.3360154340        3.8953412255
  1       -0.4877216518       27.9625287914        1.1943745884
  2        0.0213923320       27.7964858706        1.3198046483
  1        0.5397826110       27.6546071539        1.4366033955
  1       14.9017363155       14.4544891865       13.7430294757
  2       15.3527201565       14.5617884256       14.0390032050
  1       15.8090708679       14.6541042291       14.3317860933
  1       10.7642623242       13.0038293961        2.3421839714
  2       10.9890122995       13.0889570469        1.8474711945
  1       11.1931414221       13.1640450377        1.3423047923
  1        8.3872032391        6.6871449027        6.1673892930
  2        8.2070266834        7.1374968854        6.4266565305
  1        8.0388264968        7.5830157049        6.7018322519
  1       16.0740737702        0.6388103436        8.0123502390
  2       15.9547437693        0.6624149788        8.5487299292
  1       15.8158064642        0.7018616600        9.0794279446
  1        7.2988823827       26.5458251034       11.9831511892
  2        6.8964593456       26.4401573643       11.6234429350
  1        6.4801236162       26.3086442842       11.2889748960
  1       11.5546878699       24.0051028479       21.5618983751
  2       11.6102438741       24.1706878590       22.0834299029
  1       11.6975725122       24.3251286679       22.6040273909
  1        4.8736975543       26.3116956216        1.6948541883
  2        4.4464832157       26.6495428873        1.7713207426
  1        4.0202657928       26.9827816199        1.8702684783
  1        4.8991354221       14.3078466313        4.3211777530
  2        4.5198886910       14.7060159367        4.3327155701
  1        4.1374769645       15.1012067810        4.3234707369
  1       21.5429424306        3.2855686189        1.3112569751
  2       21.1950698606        3.0962627795        0.9296184364
  1       20.8375505260        2.9405938754        0.5417433061
  1       24.6412324088       27.2647258448       24.0338602742
  2       24.6897310059       27.4155828393       23.5071819537
  1       24.7282166022       27.5743338043       22.9819991389
  1       12.5261313151       17.5876183232       14.5864603181
  2       12.8212335362       17.2227935880       14.2995498936
  1       13.1325714483       16.8601888219       14.0273615633
  1        9.7245609095        2.7689533620       23.6730858401
  2       10.1627685388        2.4911280935       23.8555336237
  1       10.5848461852        2.1926292815       24.0432805775
  1       12.5118588687       14.3129202416        5.6752947747
  2       12.0065927936       14.4393952200        5.8519590698
  1       11.5096889600       14.5686570410        6.0491340194
  1       27.0654890400       14.9431896168       23.7988025653
  2       26.7546836166       15.2671445237       23.4810712211
  1       26.4476226223       15.5929508026       23.1615969447
  1        0.7964820870        2.1647333863        6.9314089008
  2        0.2583815343        2.0509786913        6.9341773869
  1       -0.2825423201        1.9524303676        6.9479473037
  1       22.0520462006        3.1669426972       24.8607277909
  2       21.8880100536        2.7225504734       25.1402053283
  1       21.7272595840        2.2854248464       25.4327467300
  1       15.5352160067        1.8466073413       18.1322783610
  2       15.9987352025        2.1402861598       18.0948256348
  1       16.4513563295        2.4511849477       18.0635837085
  1       23.0193644848       17.2770185165       11.3412397984
  2       22.9131766793       17.8166557810       11.3452112949
  1       22.7776372430       18.3496773100       11.3493476921
  1       13.2798548885       22.1634548285       25.2047789934
  2       13.6627948389       21.8367532894       24.9831416799
  1       14.0515360370       21.5093519773       24.7729306890
  1       24.9367242489       14.3617142778       19.6036618303
  2       24.9073707468       14.1370604645       19.1024941577
  1       24.9164546725       13.9262395582       18.5945846906
  1        0.1461005521       19.8888698782       26.4516667456
  2        0.1156776797       20.2721762606       26.8449232345
  1        0.1009466350       20.6613151136       27.2333224472
  1       20.0969796360       12.1858408138        4.8845773678
  2       19.5504996686       12.1726755990        4.8238622765
  1       19.0015851705       12.1615936160        4.7911504674
  1       19.3222769420       26.8122998832       26.2580198174
  2       19.5497706452       26.9991781850       26.7225874823
  1       19.7818633763       27.1939143701       27.1816199228
  1       13.8949968555       19.1698798174       27.9881959247
  2       13.5194700876       19.2992995863       27.6077617386
  1       13.1422150595       19.4191662433       27.2259101610
  1       22.5502775921        5.5088599676        8.5614247022
  2       22.2518731535        5.0483198758        8.5982705276
  1       21.9435814790        4.5942930774        8.6345459855
  1        1.9856763522       10.2733399053       15.6946596111
  2        1.4379830359       10.3124821398       15.7262810716
  1        0.8914283959       10.3695510773       15.7491100190
  1        3.3670865986       20.1377827381        6.4383760536
  2        2.9935135340       20.1812346427        6.0370593490
  1        2.6246135282       20.2132040464        5.6303767431
  1       15.3941897997       15.7137970700        3.1448792114
  2       15.2971181190       15.5080009833        3.6456037459
  1       15.1927218103       15.2921936859        4.1406074026
  1       25.2854352191       22.1425852565       21.7469497357
  2       25.2021997975       22.6629804575       21.9043050642
  1       25.1368922073       23.1863555325       22.0602327671
  1        9.2464907570       26.3414033511       15.4094534842
  2        9.6553879585       26.0273997382       15.6010384777
  1       10.0526013223       25.6885390093       15.7739400363
  1       19.6961069411       17.2615321358       12.7674709765
  2       19.8117588706       17.3715271229       13.2938033182
  1       19.9258014227       17.4702236143       13.8227204175
  1       26.4040487717       12.2090544967       14.7739959782
  2       26.2918078271       12.4640058434       15.2482340841
  1       26.1611046024       12.7405309459       15.7053451579
  1       25.6734445825        9.1108990839        1.8810312240
  2       25.8535837604        9.5555944640        1.6121522634
  1       26.0184552994        9.9968178294        1.3281816374
  1       -0.2592188821        4.5731086198       26.7284088062
  2        0.1674707933        4.8302818406       26.9614278084
  1        0.6048970450        5.0808263307       27.1813953785
  1       23.3784255546       22.2226746205        2.3845888450
  2       23.3423389938       22.3213889857        2.9244529336
  1       23.2879718043       22.3998862756        3.4661007742
  1       17.6928376262       27.9972838286       20.2593954139
  2       18.0651417006       27.7286773639       19.9565088950
  1       18.4363880298       27.4534489175       19.6583051655
  1        2.6561757721       21.6771909072       13.8672962528
  2        2.8481203245       21.8564537936       13.3840550021
  1        3.0493977425       22.0323163326       12.9033682358
  1        8.7297019175        7.4599516978       10.4329223647
  2        8.5426235646        7.9290620521       10.2151216177
  1        8.3751044253        8.4096201152       10.0065520012
  1       25.4300011375       14.3525000653        8.1705507392
  2       25.4266564912       14.2903416465        8.7170167897
  1       25.3904389276       14.2207088178        9.2613875790
  1       24.3809819677       17.4141090751       20.2556769082
  2       24.8986604394       17.5668670188       20.1499697155
  1       25.4192704718       17.6828417778       20.0157495665
  1       27.9443077190        0.2768160368       25.5289427160
  2       28.1160470610        0.7390522123       25.7725475526
  1       28.2975882557        1.1972945151       26.0165901422
  1       21.9858483541       25.9589795080       21.6318953307
  2       21.8829501612       25.5180397318       21.9441197303
  1       21.7737393650       25.0714639465       22.2460188343
  1       10.0115900474        6.3978922642       21.6721388995
  2        9.5376111479        6.6045048235       21.4846415578
  1        9.0528879931        6.7842894168       21.2969690714
  1       19.5211320308        1.1689597755        8.6155489994
  2       19.2562109069        1.6223411185        8.7791404293
  1       18.9811152207        2.0817387821        8.9047435707
  1       13.8884285041       25.9399358498       24.2878520687
  2       14.1918244748       25.6525748187       24.6454475423
  1       14.4869005708       25.3720879491       25.0152545359
  1       16.3071877587       17.4729902306       26.0803337723
  2       15.7851660261       17.3020830211       26.0523331217
  1       15.2565558493       17.1521815237       26.0278214685
  1       25.9915358085        7.9029920055       13.6241969773
  2       26.5153013602        8.0636091486       13.6728979033
  1       27.0378071300        8.2305257371       13.7132286846
  1        8.4031985603        3.9193450096       17.1607478178
  2        8.7743388028        3.5267560435       17.0576516290
  1        9.1285508869        3.1124354473       16.9843560492
  1        1.0408039412       13.8058030815        7.0033534942
  2        0.5470077340       13.7306127991        7.2335962513
  1        0.0521749884       13.6360907902        7.4542909334
  1        2.5519156099       13.5226982030       14.6296595301
  2        2.0848718657       13.4997812805       14.3400995956
  1        1.6175937975       13.4874483528       14.0502736051
  1       26.5825201173       18.1499370104        7.8079720625
  2       26.8715157458       18.3887623846        8.2103946853
  1       27.1445912659       18.6227162634        8.6265621298
  1        3.3200607796        7.1246176996       27.2014203087
  2        3.4050533515        6.9690177148       27.7220592503
  1        3.4869633893        6.8313457973       28.2482124484
  1        0.3183468819        3.2540871753        2.3608252001
  2        0.4854832066        3.1845494391        2.8801805238
  1        0.6680187811        3.1142377954        3.3942204403
  1       16.6498007401       13.6265174569       10.8988455288
  2       16.8246008578       14.0950099448       10.6698046860
  1       16.9889061463       14.5626073944       10.4313588928
  1       10.4729749242        6.2959561021       26.7004744183
  2       10.3560741045        6.4065626128       26.1745462881
  1       10.2526941329        6.5168887300       25.6457356147
  1       15.4435550744       23.6780773214        8.5285845379
  2       15.8306667265       23.8594761867        8.8746178028
  1       16.2123836604       24.0245289295        9.2345480370
  1       22.5972370460       15.6984339895       22.2941737321
  2       22.2107407775       15.8804546497       22.6405681802
  1       21.8171507363       16.0649492331       22.9775379521
  1        5.8693806396        7.7968369157       20.2806672251
  2        5.9486024182        8.2980019290       20.4929348375
  1        6.0255315138        8.8053915347       20.6907673456
  1       19.5590844071       20.4383539060       26.5270861713
  2       19.0333042601       20.2834305983       26.5724073110
  1       18.5108732598       20.1241507060       26.6371820349
  1       22.7934120724        3.6950144966       15.9680128582
  2       23.0374767870        3.2048633077       16.0198223854
  1       23.2813507188        2.7180641107       16.0976172833
  1        7.7581436290       12.9122310300       11.5410965548
  2        7.2578982867       12.8082893559       11.7446910682
  1        6.7516064614       12.7253769362       11.9429185064
  1       15.5775489929       10.7545530781       19.1967314796
  2       15.3262908594       10.4609528860       19.5880986698
  1       15.0645646215       10.1654408121       19.9710764622
  1       14.0976437583       22.3620492792       11.4515223515
  2       13.7684120749       22.1104789062       11.0898334713
  1       13.4440152924       21.8344529824       10.7418731060
  1       11.2887129118        3.7754933604       20.5710409825
  2       11.1031277720        3.6452611838       20.0699444488
  1       10.9194568570        3.4843700955       19.5771168403
  1       20.0366608391       15.1903669332       19.3198634513
  2       20.5091767677       14.9849605241       19.1274137064
  1       20.9869149950       14.7878812594       18.9391958843
  1       11.5573539982        5.1675512045        6.4568679789
  2       11.5330174482        4.9864063858        5.9381249915
  1       11.4751916112        4.8160006455        5.4183961630
  1       12.5779521942       25.5800533880        8.6535183316
  2       12.5064765907       26.1175700588        8.7455349970
  1       12.4304214799       26.6567890707        8.8227261644
  1       11.4594790190       26.1176097564       27.4005436981
  2       11.8089708649       25.7021505642       27.4885727230
  1       12.1767391052       25.3044943970       27.5840509570
  1       24.2030235738        0.8839367384       12.8183331417
  2       23.6721845178        1.0102080968       12.8873653132
  1       23.1451517788        1.1406152442       12.9752883865
  1        5.4078106447       10.0680298481       14.0992007021
  2        4.9521659796       10.2273203868       13.8355447455
  1        4.5046716695       10.3622231693       13.5456308262
  1        5.1847172454       14.3446067358       16.9367885518
  2        5.0871984511       14.7956892510       17.2359785404
  1        4.9830774686       15.2392850992       17.5440070187
  1       20.7771658915        1.0672510132       22.4893291355
  2       20.5560540644        0.7908088103       22.9102676921
  1       20.3091122369        0.5276757837       23.3253348470
  1        9.5336850378       18.4417417819       27.7908159909
  2        9.1273331277       18.7961935580       27.6824551882
  1        8.7190195515       19.1455678015       27.5653327717
  1       21.5811413821       18.8230915761       17.4584633217
  2       22.0768987011       18.9795043109       17.2788533636
  1       22.5718828072       19.1428389059       17.1033183421
  1       26.5384101597        2.0661750841       22.1182155795
  2       26.5942256001        2.4572380379       21.7355219647
  1       26.6455809273        2.8539770692       21.3580822075
  1       11.6818271858       14.8341573161       10.7104090374
  2       11.6414414349       14.8829416866       11.2567505756
  1       11.6010390296       14.9280639606       11.8034055170
  1       17.0491209755       21.8347847666       14.4725530990
  2       16.9151967296       22.2063114677       14.0897578446
  1       16.7509425520       22.5680152583       13.7093752320
  1        7.0085643112       26.6990228870       20.4009310565
  2        7.4175104760       26.4448011251       20.1351598578
  1        7.8185284578       26.1761476243       19.8715126054
  1        7.2688453662        0.9796766318        9.7986918986
  2        6.7939204924        1.2542818954        9.8379132379
  1        6.3218216477        1.5328115143        9.8831230959
  1        6.5496768866        5.2263763232       23.2957189810
  2        6.6331330482        4.7442516810       23.5468979978
  1        6.7085918515        4.2605090683       23.7974953893
  1       -0.3445158742       26.4285646739        8.5147896396
  2        0.1985371994       26.4825758393        8.4464072352
  1        0.7409204498       26.5604782495        8.3989559628
  1        6.7956685521       20.8877738643        6.3545426448
  2        7.0422425914       20.9935209309        5.8744189096
  1        7.2872950661       21.1050636369        5.3948279294
  1       16.9009126192       14.5977662137       27.6612570112
  2       16.5547164964       14.1706189636       27.6473476173
  1       16.2209040036       13.7335394595       27.6528906966
  1       19.0850742767       15.0835817373        2.9828748818
  2       19.1727395442       15.5843317688        2.7729601210
  1       19.2561908347       16.0833367609        2.5572522190
  1       21.3457372844       24.4614520844        5.4028971747
  2       21.5652603383       24.7059263512        5.8439662868
  1       21.7793955719       24.9391121575        6.2937111929
  1        0.1865283102       14.4547078276       18.4073564328
  2        0.3594918337       14.2695960920       17.9191789396
  1        0.5338000855       14.0997867031       17.4259432923
  1        6.2213603432        2.5390037168       14.0499124749
  2        5.8229810168        2.2227442019       13.8406905078
  1        5.4399979908        1.8971248204       13.6175402913
  1        7.0160322060        8.1866369845       26.6294287486
  2        6.7147255205        8.1921852815       26.1693379992
  1        6.4056125462        8.1816134505       25.7145441948
  1       11.9466223582       15.9588686369       25.5917302265
  2       11.8101067039       15.6505793652       25.1571946110
  1       11.6468983927       15.3356589249       24.7368517005
  1        1.7909537987        6.9334737115       16.3256701858
  2        1.2552929487        6.8124790710       16.2952111840
  1        0.7240369597        6.6707043597       16.2822881670
  1       17.0165123684       17.9107557224        1.1061780945
  2       17.3069661946       18.3772406190        1.0831907906
  1       17.6058302792       18.8388458823        1.0731489371
  1        0.4446405411       23.0267000967       20.3844487107
  2        0.7707794153       22.8348413245       19.9852950482
  1        1.0974303129       22.6430237585       19.5865404728
  1       23.5443346819       21.2666996190        8.2907543966
  2       23.4563988973       21.7493050189        8.0420390457
  1       23.3342922233       22.2128609484        7.7723988050
  1       12.0358169610       25.7526409602        3.4822418170
  2       12.4521384892       25.7944507464        3.1252707721
  1       12.8693731218       25.8387590820        2.7696698275
  1       16.1228798068        0.3372262455       24.0363024481
  2       15.9809206463        0.4247100397       24.5604152056
  1       15.8771095304        0.5101817257       25.0937235986
  1        6.5441568849       23.1204062821       21.6215567204
  2        7.0465413354       22.9051360475       21.6829455628
  1        7.5514738946       22.6988339594       21.7535328003
  1       23.5510447754        4.4736230572       19.8651955738
  2       23.4735791154        4.0485553493       20.2055138297
  1       23.3790063506        3.6446661349       20.5666640666
  1       17.7011099825       21.9082651422        2.3722359818
  2       18.0842296052       21.8832343467        1.9784177318
  1       18.4620326451       21.8421022177        1.5808337658
  1        0.5461190893       19.4643244216       20.5570892539
  2        0.2178903781       19.3076870972       20.9696794401
  1       -0.0885885848       19.1530350087       21.3993925721
  1        6.0765652263       17.1393878119       26.6767196831
  2        5.5379143452       17.0456686499       26.6169539161
  1        5.0003409884       16.9347879534       26.5820203188
  1        6.5068966446       15.8243112597       12.7794933731
  2        6.2729938638       16.2945724549       12.6162637881
  1        6.0570699060       16.7724080753       12.4502819719
  1       20.9296975518       20.1197581478        5.1837155550
  2       21.0194475594       20.0620763938        4.6441622663
  1       21.1352979522       19.9950144946        4.1107005646
  1        3.2865366428        4.8098089134       20.6034376334
  2        3.1642615680        5.2606594718       20.3131230109
  1        3.0222690730        5.7024653492       20.0179185106
  1       24.3844663833        0.4525745021       19.5368770039
  2       24.4071570399        0.4706363330       18.9876421686
  1       24.4155912531        0.4828996803       18.4378435933
  1       23.0552661592       27.4689361042        7.9814245327
  2       23.4204059896       27.4308586907        7.5718845288
  1       23.7637020415       27.4023462382        7.1431248528
  1       23.5622945803       25.5862217094        3.0240984769
  2       23.8649117357       25.9616647259        2.7595887443
  1       24.1964577879       26.3033911976        2.4842703235
  1        5.4752506378        1.1405640694       24.4653894822
  2        5.8734413466        0.9369133756       24.7854997043
  1        6.2915592065        0.7518478198       25.0911599639
  1       14.2486456379        3.2409735059        4.1665643246
  2       14.2428373043        3.7627673020        3.9927900525
  1       14.2170180676        4.2886633185        3.8338348833
  1       11.5407072794        8.6079479336        9.0019982366
  2       11.3341004950        8.7023396532        8.5010952121
  1       11.1233150929        8.7963329134        8.0018610183
  1        2.3086835331       -0.1968898933       14.8300815299
  2        1.9161420017        0.0771564895       14.5593238410
  1        1.5077597375        0.3402236737       14.3014099369
  1        8.1403735625        4.2949419396       11.0535265881
  2        8.6637297947        4.2252953145       10.8994240188
  1        9.1894489553        4.1752172308       10.7457635204
  1        8.1368825252        3.2708467552        7.6188532153
  2        8.5507641939        3.1489997231        7.2777443396
  1        8.9816459922        3.0126069075        6.9643151216
  1       13.6359828211       11.4299617763        8.1454727120
  2       13.4813935628       11.8841136998        8.4144489035
  1       13.3158400687       12.3412415644        8.6715989667
  1       17.0465318216       24.9329428072       22.9620488829
  2       17.5087401349       25.2271242981       23.0102227919
  1       17.9882472944       25.4948423228       23.0402218300
  1        8.4513071782       13.7684360186       14.9211755386
  2        8.8830404970       14.1086318521       14.9018588031
  1        9.3348213256       14.4221667238       14.8923737594
  1       14.0571409024        6.9851656833       16.8061956261
  2       14.1119607561        7.5255744791       16.7198641886
  1       14.1594152340        8.0681864045       16.6435728401
  1       24.1291776678       15.2288232590       26.4864780357
  2       23.7074842952       15.3130368252       26.1435745875
  1       23.3131869450       15.3656227445       25.7637531562
  1       23.5245677919       11.4538817212       23.5827718279
  2       23.9257620525       11.6904409314       23.2902262668
  1       24.3240986361       11.9156523045       22.9850905551
  1       12.9705515068        0.9933017977       21.9084032385
  2       13.2429676740        1.2017188472       21.4784593289
  1       13.5182764963        1.3844446271       21.0387817872
  1       18.9161460634       17.7617029226       23.3635034502
  2       18.5396379963       17.3609253174       23.3525953493
  1       18.1598553519       16.9631721870       23.3601841049
  1        4.8715439120        7.5694422455       16.8441667514
  2        4.9839099920        7.0658846623       17.0347018517
  1        5.0830034857        6.5719957513       17.2555054343
  1        2.7912097704       12.8656405652       20.3138091465
  2        2.5382137769       13.1278747630       20.7257876080
  1        2.2959941100       13.3697300215       21.1562938981
  1       15.6654313335       27.1476939331       -0.2630114733
  2       15.4212234433       27.3051543881        0.2039668040
  1       15.2078887658       27.4754658264        0.6814417545
  1       11.6096415903       15.9788146634       21.5381415720
  2       11.5532909257       15.9483203476       20.9918864124
  1       11.5215798194       15.9025866316       20.4447092639
  1       17.4304937487       23.4242135453       25.9186638859
  2       17.2872507628       23.4145240928       26.4495947302
  1       17.1071350519       23.4321181949       26.9689681770
  1       17.7513500528       18.9821881275        5.5887927776
  2       17.3063003509       18.6991706299        5.4328060509
  1       16.8503136060       18.4235335378        5.2964232040
  1       13.3848685563        6.5574659605       20.5718986412
  2       13.5963306660        6.8236664369       21.0042423500
  1       13.8279737312        7.1080165504       21.4141039148
  1        3.4032360589        0.6523921564        4.5086611104
  2        3.0308696644        0.3158792459        4.7336107254
  1        2.6360560147       -0.0029373178        4.9456913228
  1        7.2467541523       21.9520573654        1.1721503633
  2        7.0281486668       21.5520182445        1.4798520750
  1        6.7932231545       21.1827747967        1.8129725922
  1       24.8240983367        3.2008165000       26.9114488947
  2       24.5174202404        3.6470875298       27.0078372405
  1       24.2108182116        4.0975385524       27.0825973310
  1        1.5746221428       23.6840463679       27.2960904492
  2        2.0464855330       23.9125247105       27.4623510515
  1        2.5150245964       24.1558224127       27.6165501865
  1       21.1976544644       14.7140120822        7.6867403557
  2       21.4718696876       14.5528312381        8.1354348474
  1       21.7360125795       14.4178877787        8.5985965842
  1        3.0880330371        1.8969998752       10.5227427093
  2        3.1997110641        1.5674769728       10.9487035938
  1        3.3132346508        1.2311927968       11.3688527902
  1       17.4135449109        3.4262926057       24.7613002077
  2       17.7321662520        3.4319116233       25.2095734142
  1       18.0292454872        3.4535048606       25.6719343761
  1       12.4495144992        7.0520850451       12.9170877205
  2       12.4955606139        7.2338252440       13.4341469583
  1       12.5512351812        7.4179694217       13.9494054016
  1       14.1831946791       25.5152580839       18.8511991809
  2       14.1146847201       26.0155983062       19.0690662218
  1       14.0561492102       26.4984821137       19.3257699840
  1        0.1015276034        3.3868785500       17.9931106555
  2        0.0655903752        3.9296802747       18.0741958161
  1        0.0670695017        4.4709046131       18.1720427716
  1       11.6410593565        5.4205173904        2.0667989253
  2       11.1287582862        5.5645867891        1.9279046428
  1       10.6054252207        5.6957721530        1.8210734590
  1        1.5242493464        5.6422132536        6.2117497072
  2        1.5235990182        6.1256589374        5.9494905836
  1        1.5405467293        6.6154640294        5.6998834004
  1       17.2717051026        1.9034337829       12.5573021168
  2       17.0485345084        2.1512824006       12.1199624907
  1       16.8412069635        2.3933177289       11.6717056581
  1       18.6204489907       11.0215677399       20.5969948972
  2       18.9630531921       11.4016454827       20.3953435381
  1       19.2921485075       11.7878621073       20.1831337570
  1       22.6470390463       25.2460056819       15.0916617007
  2       22.4879648427       25.7724931393       15.0941826031
  1       22.3509312749       26.3048884773       15.0775391562
  1       15.2808421432       20.5201525576        8.4182029470
  2       15.1873759525       20.3327056315        7.9096484060
  1       15.1243286109       20.1613232824        7.3908487124
  1       13.3086726593       25.4920465931       14.5143465670
  2       13.4114512149       25.4071126689       15.0479407920
  1       13.5149632577       25.3123073478       15.5797275981


Molecules in box 2
##############################################################################                                           
Moleculetype  1
Number-of-molecules: 17    
Atomtype         X                  Y                   Z
  1        6.7857306880       22.9955191225       41.1470132169
  2        6.8714853763       23.0745486596       41.6845078361
  1        6.9334709729       23.1378148033       42.2273293352
  1       31.0966837053       22.6839971229       23.6563564530
  2       31.5217965426       22.4123135567       23.8753704149
  1       31.9543737125       22.1469844880       24.0874493537
  1       32.4091254018       13.4807594439        1.3595923897
  2       32.7405092320       13.9172603170        1.4059792938
  1       33.0544515805       14.3676226877        1.4393549707
  1       43.5914263096       39.7561281016       29.4971679947
  2       43.6479003247       40.0615452466       29.0432615581
  1       43.7100436630       40.3481828466       28.5779905718
  1       36.7169644241        1.3099747596       37.3354753240
  2       37.0890702280        0.9142592880       37.4217686389
  1       37.4477146909        0.5072931474       37.5126130589
  1       40.5493645246       16.1484757980        3.5188446325
  2       40.6182585046       16.2661378879        2.9860132782
  1       40.6970965060       16.3666683529        2.4510570238
  1       32.7777297859       40.0249006004       16.3952045471
  2       32.8231320975       40.5305282562       16.1835933378
  1       32.8683145569       41.0365544279       15.9728896173
  1       29.3201262609       30.0792226897       26.2848028431
  2       29.0568970946       30.5619477435       26.2711306676
  1       28.7729729210       31.0329662296       26.2657782391
  1       12.8233663269        0.0852464867       43.2746309907
  2       12.9033097650        0.6281404331       43.3117148089
  1       12.9759959432        1.1711617389       43.3601356724
  1       27.3224421939        3.1243369013       15.6484980846
  2       27.4761496969        3.3193095934       16.1392726284
  1       27.6383190605        3.5205124975       16.6247811122
  1       14.3126102284       21.0729647852       23.8271320506
  2       14.6746563347       21.1164297428       24.2388764062
  1       15.0199986738       21.1543783700       24.6652548408
  1       16.6582320658        2.7916269783       22.4173993361
  2       17.1047410145        3.0964276077       22.3162739930
  1       17.5413440731        3.4202333695       22.2324432301
  1       10.4806572557       45.7653960578       10.0293015678
  2       10.2542402132       45.4453619195        9.6435380739
  1       10.0140972131       45.1429953515        9.2518675529
  1       43.6379993755       15.7858552915       10.5745678164
  2       43.8838316290       16.0607719017       10.9825964435
  1       44.1638842083       16.3561662220       11.3524785157
  1        4.2612100732       43.2185180950       27.9355523478
  2        4.0548367921       42.8351341949       28.2715982583
  1        3.8439958463       42.4447256644       28.5966017565
  1       37.5148591502       27.6269705585       15.5525792448
  2       37.0748879698       27.5259212998       15.8667677356
  1       36.6468428285       27.3947017536       16.1862341448
  1       30.1147229059        8.0091762744        6.1401485267
  2       30.5510297498        7.6882742190        6.2358470575
  1       30.9709408299        7.3484884789        6.3393861062


Number-of-fractionals:  1        
##############################################################################                                           
Fractional-type:      2
Box:                  1
Lambda:               0.046750
Reaction-Step         1 (only used if Type = 3 (RxMC))

Moleculetype  1
Atomtype         X                  Y                   Z
  1       18.9629342296       14.2341545882       15.2097033145
  2       18.6081829822       13.8696154333       15.0005078150
  1       18.2256491797       13.5339184289       14.7920002368

------------------------------------------------------------------------------                                           

