 0.0000000   0.5028507626E-002   0.9731396675E+000   0.9733021689E+000   0.9891410146E+000
 0.0101010   0.5009048950E-002   0.9637576758E+000   0.9763002515E+000   0.9873550271E+000
 0.0202020   0.4842487137E-002   0.9635654806E+000   0.9800427371E+000   0.9937809568E+000
 0.0303030   0.4480875457E-002   0.9676460467E+000   0.9697148508E+000   0.9984274448E+000
 0.0404040   0.4074389105E-002   0.9576296625E+000   0.9765374428E+000   0.9646230867E+000
 0.0505051   0.3574732214E-002   0.1001584558E+001   0.9740610279E+000   0.1029471503E+001
 0.0606061   0.3042119366E-002   0.9567151296E+000   0.9744736381E+000   0.9880372975E+000
 0.0707071   0.2527213463E-002   0.9858922394E+000   0.9753915730E+000   0.1011802966E+001
 0.0808081   0.2090986260E-002   0.9464082293E+000   0.9763706066E+000   0.1004985800E+001
 0.0909091   0.1739527661E-002   0.9823432981E+000   0.9751437250E+000   0.1003575943E+001
 0.1010101   0.1472503166E-002   0.9239312716E+000   0.9777617419E+000   0.1003375542E+001
 0.1111111   0.1301552707E-002   0.9605792908E+000   0.9748891135E+000   0.1006011975E+001
 0.1212121   0.1194243608E-002   0.1034549247E+001   0.9773317189E+000   0.9890982154E+000
 0.1313131   0.1148688648E-002   0.9830606951E+000   0.9791509715E+000   0.1006347824E+001
 0.1414141   0.1141131916E-002   0.9826683995E+000   0.9813150523E+000   0.9944153928E+000
 0.1515152   0.1186143626E-002   0.9629706142E+000   0.9828063889E+000   0.9895282220E+000
 0.1616162   0.1249679629E-002   0.1008452696E+001   0.9846811352E+000   0.1005652462E+001
 0.1717172   0.1353949210E-002   0.9108491516E+000   0.9833398805E+000   0.9904521822E+000
 0.1818182   0.1487897973E-002   0.9436967453E+000   0.9852777995E+000   0.9893318489E+000
 0.1919192   0.1692655404E-002   0.9386907765E+000   0.9799550438E+000   0.9782146179E+000
 0.2020202   0.1927146084E-002   0.9356527089E+000   0.9843818613E+000   0.1005960616E+001
 0.2121212   0.2225570666E-002   0.9431325115E+000   0.9814275842E+000   0.9739372105E+000
 0.2222222   0.2600522076E-002   0.9520490845E+000   0.9838792500E+000   0.1005152466E+001
 0.2323232   0.3077197664E-002   0.9279278450E+000   0.9834507957E+000   0.9954853740E+000
 0.2424242   0.3669018242E-002   0.9337925162E+000   0.9862005864E+000   0.9636890561E+000
 0.2525253   0.4401701519E-002   0.9420005855E+000   0.9877917208E+000   0.1011937406E+001
 0.2626263   0.5384488225E-002   0.9270049127E+000   0.9854015123E+000   0.9653562127E+000
 0.2727273   0.6511005524E-002   0.9260602412E+000   0.9891797129E+000   0.9804326261E+000
 0.2828283   0.7996353786E-002   0.9587265092E+000   0.9884354284E+000   0.9941515480E+000
 0.2929293   0.9873092284E-002   0.9340627752E+000   0.9905686558E+000   0.9749301531E+000
 0.3030303   0.1237688825E-001   0.9940543598E+000   0.9895865916E+000   0.1002650472E+001
 0.3131313   0.1530766665E-001   0.9758738790E+000   0.9895214904E+000   0.9715721743E+000
 0.3232323   0.1927530204E-001   0.1007296066E+001   0.9960608762E+000   0.9896178486E+000
 0.3333333   0.2405803756E-001   0.9866457039E+000   0.9986718237E+000   0.1001704357E+001
 0.3434343   0.3053185225E-001   0.1005340023E+001   0.9928939340E+000   0.9895589367E+000
 0.3535354   0.3869084890E-001   0.1000972399E+001   0.9925749160E+000   0.9788863144E+000
 0.3636364   0.4936763197E-001   0.9975963840E+000   0.9925962303E+000   0.1000117260E+001
 0.3737374   0.6293147853E-001   0.1012566859E+001   0.9969522297E+000   0.9623285434E+000
 0.3838384   0.8034131340E-001   0.9962594168E+000   0.9952700033E+000   0.1004354889E+001
 0.3939394   0.1027085441E+000   0.1024207762E+001   0.1001462916E+001   0.1012184634E+001
 0.4040404   0.1327796666E+000   0.1020273442E+001   0.9966405324E+000   0.9894204686E+000
 0.4141414   0.1715977706E+000   0.1019020962E+001   0.9975967769E+000   0.9815836742E+000
 0.4242424   0.2213505319E+000   0.1042325495E+001   0.1001559470E+001   0.1013617654E+001
 0.4343434   0.2880562067E+000   0.1030388147E+001   0.1001803396E+001   0.9962713696E+000
 0.4444444   0.3714331039E+000   0.1056461477E+001   0.1004619725E+001   0.9920478390E+000
 0.4545455   0.4839390731E+000   0.1040657004E+001   0.1002204474E+001   0.1020181045E+001
 0.4646465   0.6300039363E+000   0.1048457955E+001   0.1008768474E+001   0.1016610580E+001
 0.4747475   0.8266162323E+000   0.1014374186E+001   0.1004548414E+001   0.1013322087E+001
 0.4848485   0.1085821827E+001   0.1040635264E+001   0.1010017192E+001   0.1011379001E+001
 0.4949495   0.1421246324E+001   0.1032494389E+001   0.1008499112E+001   0.1003223982E+001
 0.5050505   0.1612991769E+001   0.1047979690E+001   0.1009854920E+001   0.9978750827E+000
 0.5151515   0.1627880551E+001   0.1038412421E+001   0.1010944098E+001   0.1005018026E+001
 0.5252525   0.1628077284E+001   0.1038537916E+001   0.1011119386E+001   0.1005904222E+001
 0.5353535   0.1625337453E+001   0.1030405934E+001   0.1010206943E+001   0.1012211321E+001
 0.5454545   0.1625794439E+001   0.1022574844E+001   0.1011988087E+001   0.1010585453E+001
 0.5555556   0.1620276903E+001   0.1034369898E+001   0.1011887989E+001   0.1008439952E+001
 0.5656566   0.1626823912E+001   0.1016053053E+001   0.1011115297E+001   0.1011910216E+001
 0.5757576   0.1633142130E+001   0.1041972232E+001   0.1010015558E+001   0.9916218606E+000
 0.5858586   0.1644057245E+001   0.1042120948E+001   0.1007716329E+001   0.1003988326E+001
 0.5959596   0.1640268569E+001   0.1007115729E+001   0.1015483798E+001   0.9995739612E+000
 0.6060606   0.1654004112E+001   0.1028875783E+001   0.1013381342E+001   0.1024055636E+001
 0.6161616   0.1663878617E+001   0.1008576709E+001   0.1014209420E+001   0.1011173061E+001
 0.6262626   0.1665075935E+001   0.1050200558E+001   0.1008292961E+001   0.1021528969E+001
 0.6363636   0.1675549457E+001   0.1015973507E+001   0.1013803939E+001   0.1004225988E+001
 0.6464646   0.1681375406E+001   0.1045748941E+001   0.1007784854E+001   0.9942990795E+000
 0.6565657   0.1696900003E+001   0.1042854156E+001   0.1016121204E+001   0.1022596433E+001
 0.6666667   0.1700028867E+001   0.1016819363E+001   0.1011571865E+001   0.1028786715E+001
 0.6767677   0.1715715567E+001   0.1011106373E+001   0.1013452710E+001   0.1015364367E+001
 0.6868687   0.1724704554E+001   0.1014816877E+001   0.1009440863E+001   0.9985623883E+000
 0.6969697   0.1738302436E+001   0.1018059492E+001   0.1013439703E+001   0.9991217997E+000
 0.7070707   0.1746675328E+001   0.1012997198E+001   0.1008795391E+001   0.1001047262E+001
 0.7171717   0.1763556354E+001   0.1026840688E+001   0.1011465861E+001   0.1005757697E+001
 0.7272727   0.1772817743E+001   0.1009848952E+001   0.1011676834E+001   0.1005034642E+001
 0.7373737   0.1789643622E+001   0.1020379668E+001   0.1011577216E+001   0.1010767224E+001
 0.7474747   0.1810162148E+001   0.1016350486E+001   0.1013811388E+001   0.9933821685E+000
 0.7575758   0.1820395940E+001   0.1015901866E+001   0.1011979548E+001   0.1013245049E+001
 0.7676768   0.1835290724E+001   0.1001636930E+001   0.1011651664E+001   0.9911933645E+000
 0.7777778   0.1861782621E+001   0.1020744790E+001   0.1018909676E+001   0.1017472607E+001
 0.7878788   0.1868542511E+001   0.1019684999E+001   0.1012810881E+001   0.1002238592E+001
 0.7979798   0.1887880960E+001   0.1020375716E+001   0.1014585393E+001   0.1012462074E+001
 0.8080808   0.1906818068E+001   0.1009197761E+001   0.1013135712E+001   0.9964838553E+000
 0.8181818   0.1923574416E+001   0.1016948317E+001   0.1015137279E+001   0.9971857630E+000
 0.8282828   0.1942386643E+001   0.1007081143E+001   0.1010677988E+001   0.1003331735E+001
 0.8383838   0.1970896826E+001   0.1011586614E+001   0.1017387552E+001   0.1005662029E+001
 0.8484848   0.1994143767E+001   0.1011643433E+001   0.1018362347E+001   0.1019959496E+001
 0.8585859   0.2018651831E+001   0.1010639472E+001   0.1016860886E+001   0.1021867839E+001
 0.8686869   0.2033354889E+001   0.1037166857E+001   0.1013881075E+001   0.1014653396E+001
 0.8787879   0.2054816370E+001   0.1013859853E+001   0.1011882062E+001   0.1001686230E+001
 0.8888889   0.2083364414E+001   0.1012552531E+001   0.1014366906E+001   0.1006993841E+001
 0.8989899   0.2100278616E+001   0.1009127108E+001   0.1010826459E+001   0.9943096534E+000
 0.9090909   0.2131285273E+001   0.1014246714E+001   0.1009541805E+001   0.9903826964E+000
 0.9191919   0.2150201858E+001   0.9914036469E+000   0.1011404883E+001   0.9855952227E+000
 0.9292929   0.2184722061E+001   0.1011410723E+001   0.1011400442E+001   0.9944128752E+000
 0.9393939   0.2206338457E+001   0.9875058886E+000   0.1012149333E+001   0.9758536099E+000
 0.9494949   0.2219573894E+001   0.9960039800E+000   0.1011977508E+001   0.1012006891E+001
 0.9595960   0.2269210156E+001   0.1003200678E+001   0.1013219102E+001   0.9942814563E+000
 0.9696970   0.2283402905E+001   0.1001594934E+001   0.1006256172E+001   0.9966278622E+000
 0.9797980   0.2310052419E+001   0.1012567353E+001   0.1008025454E+001   0.1003585510E+001
 0.9898990   0.2335345614E+001   0.1027384665E+001   0.1006986289E+001   0.1034021819E+001
 1.0000000   0.2358909697E+001   0.1003100874E+001   0.1007013076E+001   0.9863595669E+000


