#   100 bins for weightfunction of N2                      
 0.0000000    0.6063964844E+001    0.4282617187E+001
 0.0101010    0.6053808594E+001    0.4268457031E+001
 0.0202020    0.6083593750E+001    0.4255664062E+001
 0.0303030    0.6166308594E+001    0.4265625000E+001
 0.0404040    0.6257031250E+001    0.4259082031E+001
 0.0505051    0.6417285156E+001    0.4260351562E+001
 0.0606061    0.6584863281E+001    0.4269042969E+001
 0.0707071    0.6730273437E+001    0.4265527344E+001
 0.0808081    0.6899023437E+001    0.4257617187E+001
 0.0909091    0.7107324219E+001    0.4241503906E+001
 0.1010101    0.7244238281E+001    0.4233496094E+001
 0.1111111    0.7393164062E+001    0.4229687500E+001
 0.1212121    0.7491796875E+001    0.4282128906E+001
 0.1313131    0.7558691406E+001    0.4232324219E+001
 0.1414141    0.7494628906E+001    0.4233105469E+001
 0.1515152    0.7462304687E+001    0.4241601562E+001
 0.1616162    0.7430468750E+001    0.4234960937E+001
 0.1717172    0.7390429687E+001    0.4263476562E+001
 0.1818182    0.7285351562E+001    0.4240722656E+001
 0.1919192    0.7148925781E+001    0.4230761719E+001
 0.2020202    0.6999707031E+001    0.4237109375E+001
 0.2121212    0.6854394531E+001    0.4253710937E+001
 0.2222222    0.6685449219E+001    0.4251074219E+001
 0.2323232    0.6585937500E+001    0.4261621094E+001
 0.2424242    0.6397949219E+001    0.4251074219E+001
 0.2525253    0.6200585937E+001    0.4245312500E+001
 0.2626263    0.6006835937E+001    0.4206054687E+001
 0.2727273    0.5810449219E+001    0.4235839844E+001
 0.2828283    0.5612890625E+001    0.4234179687E+001
 0.2929293    0.5453906250E+001    0.4209960937E+001
 0.3030303    0.5240429687E+001    0.4244433594E+001
 0.3131313    0.4987011719E+001    0.4213085937E+001
 0.3232323    0.4808789062E+001    0.4203417969E+001
 0.3333333    0.4541796875E+001    0.4225488281E+001
 0.3434343    0.4312402344E+001    0.4235742187E+001
 0.3535354    0.4104882812E+001    0.4215039062E+001
 0.3636364    0.3830273437E+001    0.4217871094E+001
 0.3737374    0.3620117187E+001    0.4213085937E+001
 0.3838384    0.3386914062E+001    0.4219238281E+001
 0.3939394    0.3101074219E+001    0.4216015625E+001
 0.4040404    0.2886621094E+001    0.4211035156E+001
 0.4141414    0.2587890625E+001    0.4205175781E+001
 0.4242424    0.2348632812E+001    0.4188671875E+001
 0.4343434    0.2084277344E+001    0.4190234375E+001
 0.4444444    0.1821093750E+001    0.4195507812E+001
 0.4545455    0.1568457031E+001    0.4194140625E+001
 0.4646465    0.1296191406E+001    0.4201367187E+001
 0.4747475    0.1058886719E+001    0.4210253906E+001
 0.4848485    0.7297851562E+000    0.4212890625E+001
 0.4949495    0.5148437500E+000    0.4198339844E+001
 0.5050505    0.3613281250E+000    0.4177539062E+001
 0.5151515    0.3724609375E+000    0.4200195312E+001
 0.5252525    0.3578125000E+000    0.4230664062E+001
 0.5353535    0.3615234375E+000    0.4178808594E+001
 0.5454545    0.3530273437E+000    0.4180078125E+001
 0.5555556    0.3329101562E+000    0.4211035156E+001
 0.5656566    0.3523437500E+000    0.4193359375E+001
 0.5757576    0.3888671875E+000    0.4191308594E+001
 0.5858586    0.3284179687E+000    0.4219921875E+001
 0.5959596    0.3570312500E+000    0.4193066406E+001
 0.6060606    0.3476562500E+000    0.4199707031E+001
 0.6161616    0.3612304687E+000    0.4172460937E+001
 0.6262626    0.3433593750E+000    0.4156347656E+001
 0.6363636    0.3645507812E+000    0.4183203125E+001
 0.6464646    0.3364257812E+000    0.4195019531E+001
 0.6565657    0.3383789062E+000    0.4195117187E+001
 0.6666667    0.3032226562E+000    0.4225781250E+001
 0.6767677    0.3472656250E+000    0.4203027344E+001
 0.6868687    0.3013671875E+000    0.4193066406E+001
 0.6969697    0.3302734375E+000    0.4166113281E+001
 0.7070707    0.2916015625E+000    0.4204589844E+001
 0.7171717    0.2917968750E+000    0.4201757812E+001
 0.7272727    0.2944335937E+000    0.4187207031E+001
 0.7373737    0.2713867187E+000    0.4209277344E+001
 0.7474747    0.2922851562E+000    0.4214257812E+001
 0.7575758    0.2841796875E+000    0.4215429687E+001
 0.7676768    0.2500000000E+000    0.4195117187E+001
 0.7777778    0.2284179687E+000    0.4197949219E+001
 0.7878788    0.2274414062E+000    0.4198144531E+001
 0.7979798    0.2291992187E+000    0.4211914062E+001
 0.8080808    0.2151367187E+000    0.4198144531E+001
 0.8181818    0.2040039062E+000    0.4203613281E+001
 0.8282828    0.2131835937E+000    0.4212011719E+001
 0.8383838    0.1697265625E+000    0.4176074219E+001
 0.8484848    0.1659179687E+000    0.4201953125E+001
 0.8585859    0.1406250000E+000    0.4197558594E+001
 0.8686869    0.1601562500E+000    0.4222949219E+001
 0.8787879    0.1493164062E+000    0.4203027344E+001
 0.8888889    0.1219726562E+000    0.4193164062E+001
 0.8989899    0.1236328125E+000    0.4226660156E+001
 0.9090909    0.9726562500E-001    0.4194531250E+001
 0.9191919    0.4824218750E-001    0.4169531250E+001
 0.9292929    0.7890625000E-001    0.4201464844E+001
 0.9393939    0.7324218750E-001    0.4195214844E+001
 0.9494949    0.6357421875E-001    0.4225292969E+001
 0.9595960    0.3408203125E-001    0.4178222656E+001
 0.9696970    0.7031250000E-002    0.4198144531E+001
 0.9797980    0.2480468750E-001    0.4202441406E+001
 0.9898990    0.1308593750E-001    0.4228710937E+001
 1.0000000    0.0000000000E+000    0.4200390625E+001


