Simulation state at cycle:    1100000
##############################################################################                                           

Number-of-molecules: 401   

Box-size(s):    28.403325   50.538924

------------------------------------------------------------------------------                                           

Deltas
Translation per molecule type
Box 1    0.6239017907E+000
Box 2    0.2530318563E+002

Rotation per molecule type
Box 1    0.1040631895E+003
Box 2    0.1800000000E+003

Volume    Delta_Volume
Box 1   0.4211338463E+003
Box 2   0.1949693733E+004

------------------------------------------------------------------------------                                           

Molecules in box 1
##############################################################################                                           
Moleculetype  1
Number-of-molecules: 386   
Atomtype         X                  Y                   Z
  1       28.5810224102        4.5397536335       25.9443540831
  2       28.3723542973        4.0763764482       25.7340229090
  1       28.1539562684        3.6127259923       25.5344469718
  1        6.6311023104       26.1575745097        7.0700941592
  2        6.7138146983       26.5346400896        7.4618596622
  1        6.8082515245       26.9114449775        7.8512178023
  1       12.0894643416       20.2570516662       20.4924463285
  2       11.6270730472       19.9971103461       20.6377900624
  1       11.1630997354       19.7435454852       20.7892285854
  1        5.7867534049        8.5193400260        4.8624707534
  2        5.5924743373        8.3626160428        5.3525658839
  1        5.3930073761        8.1933957552        5.8363813701
  1       25.2227334822       22.1131673116        3.7362937013
  2       25.6887919612       22.0850831102        4.0269838659
  1       26.1656742476       22.0424019243        4.2976526678
  1       20.1314731101       13.2381114820        6.8161090344
  2       19.6079392552       13.2442174110        6.9845579005
  1       19.0891816575       13.2444945023        7.1672885136
  1       24.1798872426        5.8338105897       26.5817958266
  2       24.0916900387        5.4499857200       26.9657225419
  1       24.0024618855        5.0631416225       27.3463667062
  1       23.1804581734        9.7792557879        4.8663890875
  2       23.6970351306        9.9622511125        4.8199029774
  1       24.1963230713       10.1892978176        4.7791433771
  1       19.8622904875       19.3264464202       18.9383219309
  2       19.8754539958       19.2839916292       18.3901209525
  1       19.8748338662       19.2508631644       17.8411199331
  1        4.8411128790       16.2490362471       22.8906530128
  2        4.5684653883       16.7033037504       22.7429899460
  1        4.2970471346       17.1620016541       22.6072388366
  1       13.3417592010       12.4235649272       27.6234988665
  2       13.3359812558       12.9673696965       27.5413831658
  1       13.3120416212       13.5114068503       27.4642438882
  1       19.6322171901       23.0285504654       22.4527164394
  2       19.0877733785       22.9682937863       22.4032182713
  1       18.5432455575       22.9170682751       22.3452062190
  1       16.7243710495       20.7083243252       25.0750811654
  2       16.4415744602       20.4050369766       24.7137739925
  1       16.1507892509       20.1080353625       24.3535879263
  1       27.8360784321       15.1334936508       12.3888678194
  2       27.9412814686       14.8043518477       11.9609683048
  1       28.0425531438       14.4809098283       11.5278063179
  1       10.0683866240        8.9425541237       20.5326778338
  2       10.4786156526        8.9650743078       20.8983347569
  1       10.8897006874        8.9909500473       21.2628063461
  1       12.9884568132        1.4202082755       26.8894492183
  2       13.5299566395        1.4739631592       26.9693763758
  1       14.0725113056        1.5178725155       27.0481570954
  1       18.9470080503        8.2430765062       13.0355412045
  2       19.3343606586        8.1098529652       13.4025690576
  1       19.7361754345        7.9879483724       13.7577931490
  1       15.7981973393       18.2769394015       17.6584871893
  2       16.1409835503       18.5384379842       17.3169961868
  1       16.5041115256       18.7952537736       16.9934475461
  1       27.2427209965       11.4050977668        5.5900437802
  2       27.1481027845       11.9466449975        5.6065964521
  1       27.0555597370       12.4885997870        5.6214554363
  1        6.4199154668       18.1178594200       12.0283897837
  2        6.3874764565       18.6357032189       11.8459466130
  1        6.3514688219       19.1541382816       11.6658673665
  1       21.2597418961        5.8672063998       23.1238029120
  2       21.2602028197        6.0409555874       23.6456371839
  1       21.2529687449        6.2008792058       24.1718235610
  1       26.6767548614       24.1615849000       17.6549962644
  2       27.2122009043       24.2774159375       17.6062037864
  1       27.7417271967       24.4150608896       17.5500275297
  1        8.0436620410        0.8929015905        4.3788420805
  2        8.1737760801        1.3074810426        4.7160278079
  1        8.2949248905        1.7272330885        5.0501403408
  1       18.3164505233        8.0323046261        5.6107620272
  2       18.3282330690        8.4177886143        5.2186354323
  1       18.3472440195        8.8000547174        4.8236528894
  1       17.6144644275       23.6067194752       26.9831544672
  2       17.4530294412       23.7830239234       26.4878207547
  1       17.2770597944       23.9611814327       25.9981325026
  1        4.3031474376       25.9193782697        4.0705876607
  2        4.6432568720       26.3514500154        4.0587732982
  1        4.9802338851       26.7861258257        4.0569208385
  1       17.1852168407        7.9508786340        1.6505740868
  2       17.2935282984        7.5814287687        1.2577949820
  1       17.3911995357        7.2065926735        0.8673359828
  1       14.4104966073       19.1670590743       14.5597540936
  2       13.9545378152       19.0388160242       14.8393167880
  1       13.5068858361       18.8946728095       15.1245017073
  1        7.0742124042       15.5366721620       25.7909849094
  2        6.9903197227       15.0292904266       25.9859869414
  1        6.8896701228       14.5288992667       26.1908731151
  1        3.2065126124        4.7325397708        6.2989612887
  2        2.9042650096        4.7159555878        6.7581685964
  1        2.6082180706        4.7013871940        7.2214654460
  1        1.1175153289       16.2955080165        5.4397262483
  2        1.6354570880       16.2751843609        5.6236373225
  1        2.1567722074       16.2381647660        5.7949851992
  1       17.7708042124       14.4498006862        4.5654020023
  2       17.3653671222       14.2138535013        4.2782614587
  1       16.9715127778       13.9741737969        3.9783741570
  1       11.9995531318       23.0154912411       22.5103332450
  2       11.8816732647       23.2448660198       22.0245436323
  1       11.7573026836       23.4764776860       21.5414411653
  1       26.4173458758       20.2791970060       25.6231977390
  2       26.4378309404       19.8954224104       25.2297547037
  1       26.4567408556       19.4957158191       24.8524258618
  1        3.8892322661        1.5345962484        3.9407698531
  2        4.3924599471        1.6784295208        3.7717317187
  1        4.8955691774        1.8179729373        3.5987902944
  1       10.0156166203       13.0591714805        9.6121173840
  2        9.7219960199       13.1547885539        9.1569862839
  1        9.4285090047       13.2605308668        8.7040139513
  1       11.7752296479        4.2671729547       20.3758302277
  2       11.3686679460        4.2766081232       20.0055349939
  1       10.9516462760        4.2575134054       19.6474451764
  1        3.0180540907        5.0529572618       17.6779547790
  2        3.2340381538        4.6442064172       17.3800057371
  1        3.4175338229        4.2111117208       17.0949472830
  1       13.1215654393       24.4329100644       11.4371334728
  2       13.5379265964       24.2887304609       11.1079593111
  1       13.9487155112       24.1472228651       10.7707233896
  1       10.7513794467       24.3073038776       18.5179961588
  2       11.0329497311       24.0799702739       18.1038251705
  1       11.3103877368       23.8606941662       17.6825816061
  1        4.4890978513        8.7420124671       13.6181506242
  2        4.5222689637        8.9907483659       14.1075687787
  1        4.5394063691        9.2229039477       14.6058760074
  1       26.7695798361       19.2232583086        2.1121936993
  2       27.1583330594       19.1323250710        1.7339053467
  1       27.5554051861       19.0436247228        1.3638162041
  1       25.2885947647        9.2926305808        8.3189886647
  2       24.7664879972        9.4565370722        8.3741174718
  1       24.2455054537        9.6256548708        8.4238804964
  1       26.7436395245       15.5735512291        3.6162305676
  2       26.5607649433       15.8263607633        4.0691590686
  1       26.3634370215       16.0941448664        4.5071697584
  1       20.8180829182        7.7215657577       28.2460257659
  2       20.4548082296        7.9157074081       27.8815528311
  1       20.1046806731        8.1201774254       27.5099311079
  1       26.1857379555        6.1212582897        2.7946779298
  2       26.1568203046        6.5934840573        3.0751535862
  1       26.0980165900        7.0603294308        3.3599298482
  1       20.4993802774       25.7001518715       10.6256247968
  2       20.0278555237       25.4491184376       10.4946796871
  1       19.5607256848       25.1939846048       10.3561284695
  1       19.9125613849       18.2563230803        5.6923600683
  2       19.4741880930       17.9274502890        5.7389598974
  1       19.0312008018       17.6038547068        5.7783065367
  1       23.3185558466        4.4971162110       18.6662201215
  2       22.9866000203        4.2158470419       18.3297784714
  1       22.6589879801        3.9453720295       17.9804739942
  1        5.4382686681       25.1630600135       24.9511288426
  2        4.9330229063       25.2899886753       25.1275256537
  1        4.4265673415       25.4039337176       25.3092377534
  1       18.0206572757        6.6761137114       23.9649484407
  2       17.8099282385        7.0820248497       23.6594497979
  1       17.6019805323        7.4960828443       23.3631159869
  1       13.5132746269       27.2317067537       18.9918984406
  2       13.2795600259       26.7993769398       19.2388162757
  1       13.0585308066       26.3665516135       19.4963202955
  1       25.4819999568       27.3608722403       16.7083925563
  2       24.9395447359       27.3526486297       16.7988066345
  1       24.3981157044       27.3457105272       16.8952766589
  1        5.4522692914        5.7849575150       24.7702075673
  2        5.7791276292        6.2203923677       24.8480543145
  1        6.1051863788        6.6582981019       24.9145694160
  1       20.8327455034       14.7404514398       13.3453003830
  2       20.3887595576       14.9423689098       13.0911236429
  1       19.9526688544       15.1323360336       12.8150124525
  1       16.3228786090       25.7194870179        8.5554150518
  2       16.6602382462       26.1396722000        8.4452656627
  1       17.0119372129       26.5521016515        8.3519394428
  1       20.2714605498       11.0256186849        3.6536636303
  2       20.2563225438       10.8398366714        3.1362122951
  1       20.2397911605       10.6556931595        2.6182182031
  1       12.6065252791        4.5879733546        9.4227935427
  2       12.6853111423        4.0466375448        9.4797876546
  1       12.7470055670        3.5027168196        9.5331172119
  1       19.6030554726        7.6768438908       20.5490336662
  2       19.8213447847        7.2814535848       20.2351606313
  1       20.0396245139        6.8746576695       19.9362107322
  1       13.7385001221       13.8281696761        9.5252312280
  2       13.6566843753       13.4199276380        9.8845982017
  1       13.5622838914       12.9945519098       10.2202230481
  1        9.0757660128       12.6748203267       27.7139780585
  2        9.0724660894       12.2730501258       27.3383854386
  1        9.0568230331       11.8594900784       26.9761377595
  1       24.8291966509       21.0339695292       17.4237197388
  2       25.0415847824       20.7925997101       16.9774777730
  1       25.2527488501       20.5477137954       16.5325725872
  1       13.9111375349       19.2982991612       11.3039694418
  2       13.6082898865       18.8413590193       11.2593711394
  1       13.3144109285       18.3773448599       11.2306306298
  1        5.8621972321       19.1509257258        0.2038275097
  2        5.5217669877       18.7565693368        0.0275031294
  1        5.1807344891       18.3640529997       -0.1517390506
  1       27.1395750205       24.4653466236        9.9571478082
  2       27.2654212984       24.8835757506       10.2914337810
  1       27.3853528712       25.2827113745       10.6503309399
  1       11.8007469270        1.5911743541        4.2330430545
  2       12.2926427276        1.7828578293        4.0787836408
  1       12.7742302250        1.9965498250        3.9209571146
  1       15.7304074508        3.3911075747        1.1405637357
  2       15.9861776011        2.9220477047        1.0099326958
  1       16.2284067793        2.4473133529        0.8740933810
  1        1.2193451591        1.5396508953       16.9582309210
  2        0.8034576271        1.5204407037       16.5988306856
  1        0.3997469243        1.4994492151       16.2259003639
  1       18.5144277461       22.5230920796       17.6612085437
  2       18.1797864400       22.4270336960       17.2354292779
  1       17.8349467625       22.3405718118       16.8157747314
  1       18.1385995697       18.2501431899       10.1669369452
  2       17.9418938787       17.8360232077       10.4707650405
  1       17.7439394276       17.4196749658       10.7707119955
  1        8.2818814319        8.5136796804       12.3150349384
  2        8.2234825580        8.3583041321       12.8393897901
  1        8.1796575906        8.1933207683       13.3622280642
  1       14.2023160047       12.3945295994       14.4217005502
  2       14.1045548155       12.9001540110       14.2286028954
  1       14.0176321293       13.4070055474       14.0335491449
  1        1.6837121583        8.1283798484       27.9193605668
  2        2.1827700311        7.9875438018       27.7360399527
  1        2.6829513032        7.8653201449       27.5427006870
  1       11.2164880581        5.0665903162        1.3625826239
  2       11.0441663245        4.7112389612        1.7453758248
  1       10.8604777537        4.3449269872        2.1122191778
  1        8.6212301130       18.7216013336        4.9749174547
  2        8.5871587644       18.5361881915        4.4582346604
  1        8.5581617448       18.3480906876        3.9422128577
  1        6.1099866244       12.8193307834       10.3500820436
  2        6.0137415665       12.9653297010        9.8286213980
  1        5.9257187405       13.1216035621        9.3086882663
  1        1.3609443400        9.3857309830       15.0050132189
  2        1.5234240665        9.8842761872       15.1710042365
  1        1.6796847939       10.3811900167       15.3475240089
  1       21.3204438375       19.5984988049       11.2199994899
  2       21.7648954639       19.4728203896       10.9213898991
  1       22.2177337111       19.3702236529       10.6265824527
  1        7.1921620283        5.8706122818        2.6610818409
  2        6.8473073947        5.4434072256        2.6283538456
  1        6.5085488912        5.0146599655        2.5657562241
  1       20.4245883821       13.7175419212       24.4667365266
  2       20.7838564292       13.7592094172       24.8810917969
  1       21.1205257496       13.7936797695       25.3146417508
  1       24.1716166085       12.4390477865       10.7909843596
  2       24.7162766484       12.4145717198       10.8634161415
  1       25.2586441832       12.3851683016       10.9498620506
  1        6.4755792749        8.0334073027       18.7454360823
  2        6.3042651397        7.9265657590       18.2338343314
  1        6.1220313427        7.8175409290       17.7264839311
  1        2.7188447403       23.3625901429       18.8167078637
  2        2.4964946703       23.6913840609       19.1974374341
  1        2.2731990239       24.0179614623       19.5795189100
  1        4.3951065428       18.8119448712        5.7072046999
  2        4.7228104169       18.9851838351        5.3008816359
  1        5.0529523716       19.1435331407        4.8904772181
  1       18.3965752118       24.6010213811       13.7644715156
  2       17.9733135636       24.4059967443       13.4723842544
  1       17.5299297792       24.2399828085       13.1924732116
  1       27.1902667487        0.5708142783        3.1091281581
  2       27.0748127346        0.5228131501        2.5735291828
  1       26.9687665846        0.4660313803        2.0368448774
  1        3.4759444460       10.0929898417        7.7073675164
  2        3.3730422902        9.6455364832        8.0101820442
  1        3.2607443027        9.1928518275        8.3016709178
  1       25.8114440051       21.9523173957       21.9199163970
  2       26.2894967410       21.7984131935       22.1441463642
  1       26.7760958968       21.6682410757       22.3650003440
  1       27.5406987718        2.4961614429       12.1530063778
  2       27.0623301581        2.5499683454       11.8869832835
  1       26.5756879876        2.6109574609       11.6380661796
  1       27.9183244818        2.7835125470        7.4896297322
  2       27.9978802090        2.6656198997        8.0209226928
  1       28.0850913268        2.5593540586        8.5534654525
  1        4.9000173245       22.1402324629       22.9832221249
  2        5.1511911331       22.5153435013       22.6690511097
  1        5.3745750991       22.8988783275       22.3442424894
  1        0.8939386470       20.5316855191       17.0037670409
  2        0.6085946252       20.9402786202       17.2364265924
  1        0.2891532894       21.3328732103       17.4516630200
  1       22.0807412014       23.4256880029        0.7318925623
  2       22.5542803200       23.2366915546        0.9381473699
  1       23.0385260123       23.0909214130        1.1543814428
  1        3.3532553403       19.5152739625        9.8970631857
  2        3.4847327809       19.9754776770        9.6260904495
  1        3.6153629465       20.4269306309        9.3403878257
  1        5.7406137066        8.5008004457       28.4035422643
  2        5.7512793023        8.0129542282       28.1497858592
  1        5.7549999589        7.5306928149       27.8853807062
  1       25.8040009898       22.0042319355       13.1096628415
  2       25.3984920968       22.2778763266       13.3610217183
  1       24.9826918899       22.5310967254       13.6169311095
  1       11.1756775321        9.6838524668        0.3461118083
  2       10.9595093553        9.3247622261        0.7022375142
  1       10.7495652397        8.9628296789        1.0592085194
  1        6.8276890355        0.1262511986       14.8053265483
  2        7.1237175952        0.1325682974       15.2688210856
  1        7.4408130971        0.1663431604       15.7169390391
  1       26.7688700455        1.5716616203       22.7317237593
  2       26.4148868081        1.3469573461       22.3757689070
  1       26.0674134669        1.1350798148       22.0058091959
  1       14.3066320165        5.9914812466       26.7676802173
  2       14.1094957146        5.4948600505       26.8980821579
  1       13.9200170757        4.9964320334       27.0328684931
  1       24.4722479009        3.9081054909       22.5845213769
  2       24.0823993264        3.7776498823       22.9498971057
  1       23.6806133726        3.6241995886       23.2927105442
  1       23.3481729754       18.8662973074        5.8234357878
  2       23.1968306659       18.8509953040        6.3519822418
  1       23.0829507519       18.8403516227        6.8899581485
  1        8.0783704600       14.5539945951       11.9013923764
  2        8.2517841878       15.0276770716       11.6821833656
  1        8.4341546643       15.4945450110       11.4557427874
  1       17.2750143262       21.3695039030        0.8595211898
  2       17.4372829697       20.8789007219        0.6711667207
  1       17.6150395457       20.3885672215        0.4965939361
  1        9.6609184076       10.1708086152       16.4800016474
  2        9.2051004228        9.8642218828       16.5071040498
  1        8.7395978785        9.5713250071       16.5114400017
  1        3.5334902937       18.5355815257       14.2553538779
  2        3.3915164125       18.8765003550       13.8477784016
  1        3.2367919710       19.2216138614       13.4484577111
  1       14.1243637001       17.4185860253       21.6665812558
  2       14.4287600435       17.4503686436       21.2095990556
  1       14.7353748181       17.4765457869       20.7537458597
  1       11.4650349353       15.8889214933       25.0618399356
  2       11.1498842957       15.4421141498       25.1213653256
  1       10.8273083170       15.0045784201       25.2050744782
  1       20.6277761784       10.5849312248       18.6089780877
  2       20.5497465022       11.1206158422       18.5117496956
  1       20.4634873076       11.6575034870       18.4292208685
  1        3.7427655056       19.6911895150       18.9792348688
  2        3.5966365203       19.8182352679       19.4940219085
  1        3.4255376277       19.9348752685       20.0035513760
  1        9.0905941930       18.6281504946       27.0738213898
  2        9.4146966299       18.7403823398       27.5037767634
  1        9.7279287838       18.8610511413       27.9394654792
  1        4.5383247592        0.1578264050       25.6470526777
  2        5.0577777717        0.3355632734       25.6798882290
  1        5.5741708519        0.5226297088       25.7089456618
  1       20.2877955773        9.4586906252       24.3284331117
  2       20.8290707055        9.5451012698       24.2831072239
  1       21.3717788708        9.6194536328       24.2337151958
  1       27.6828796147       11.2093536905        0.7242570662
  2       27.4894255267       10.7114611230        0.5931902624
  1       27.2939136970       10.2189269573        0.4459312423
  1        7.5106829543       25.0804477056        3.4963604014
  2        8.0530258216       25.0039179610        3.4462863310
  1        8.5944651344       24.9184079854        3.4012140161
  1        1.4292246091       28.0593112268       10.3283387676
  2        1.9422071613       28.2568735316       10.3461723561
  1        2.4554938116       28.4536787636       10.3287220169
  1        7.7589912799        3.0501476955       27.9273818092
  2        7.5463003760        3.2393413134       27.4567775654
  1        7.3363386436        3.4128555899       26.9789607953
  1       19.7498912492        1.4130697470       11.9403201959
  2       19.3267637919        1.3140129434       12.2774416940
  1       18.9097662363        1.2119801137       12.6212473648
  1       11.1557728695        0.8640030071       18.3086486028
  2       10.9568236784        0.4228233742       18.0473446594
  1       10.7539420811       -0.0289355696       17.8080688495
  1       16.8394272835       15.1309215039       19.0256425558
  2       16.7484273881       14.8933217347       19.5132544596
  1       16.6648512232       14.6475420257       19.9981331643
  1        5.9678199261       21.6184390876        2.3543226315
  2        6.2276655641       21.8177840440        1.9124608513
  1        6.4926158357       22.0161957795        1.4732181670
  1       21.7196038582        6.6151888904        4.4137498644
  2       21.4832732432        6.8393197783        3.9705645922
  1       21.2390511620        7.0609063333        3.5303885221
  1        2.2329360286        7.3547948728       11.6809718347
  2        1.9931022433        7.8496113306       11.6692915723
  1        1.7441344421        8.3398817183       11.6570449440
  1       17.8191985879        3.9899572795       14.2685549790
  2       18.2250334433        4.2890430991       14.0486783257
  1       18.6296343977        4.5903044671       13.8294988221
  1       24.2292615248       13.1157031876       26.4450579884
  2       23.8282040421       12.8453506917       26.7069022617
  1       23.4251227095       12.5816138237       26.9723609266
  1       18.0170963766        5.7540717997        9.5891716228
  2       18.3397163951        5.4931542658        9.9501956721
  1       18.6697131885        5.2541222744       10.3196084797
  1       21.3354076425       14.2681873062        3.5772502869
  2       21.2697691689       14.6699822614        3.9470507801
  1       21.2105297538       15.0920775787        4.2946514617
  1       18.5396210788       28.5390906690       27.6048915275
  2       18.4498105161       28.3545905805       28.1151794660
  1       18.3455321008       28.1699842679       28.6226698801
  1        4.2775166285        0.7485765555        7.1786942750
  2        3.8567982150        1.0974231791        7.2403550381
  1        3.4274670125        1.4330020427        7.3149307975
  1        5.9391812673       18.9958915164       25.2406449051
  2        6.3025091494       19.0550161043       24.8319920778
  1        6.6674654520       19.0752795524       24.4210221412
  1        5.9417019498        7.4695894327       10.3932221032
  2        5.6004056676        7.1564838450       10.0966049448
  1        5.2721564957        6.8406459717        9.7883860000
  1        6.3792848476        1.3664292685       11.4342746879
  2        6.4951279790        0.8288504415       11.4437284485
  1        6.6149858707        0.2920843218       11.4477555488
  1       12.4837647972       11.1848024848        6.8392990116
  2       12.4951198342       11.5957892082        6.4739758994
  1       12.5008887189       11.9807295629        6.0811812428
  1       22.2379821946       17.3427206300       24.1907878254
  2       22.6675073103       17.4883996207       24.5018919986
  1       23.0904941942       17.6123088200       24.8308731613
  1        4.0487989671        3.7134538197       27.8540916645
  2        3.5526133710        3.9504965648       27.8435754279
  1        3.0627469808        4.1999825539       27.8266148883
  1        0.4886785857       27.4362027020       21.1201775545
  2        0.4511276204       27.2097299867       20.6203775602
  1        0.4067404554       26.9929238116       20.1168650371
  1       16.5463534133        7.9603248457       15.4520850697
  2       16.0496124509        7.9659966425       15.6881279620
  1       15.5546588978        7.9618348627       15.9279271673
  1       27.0874011807       14.6705858614       21.1786785795
  2       26.9082299259       14.4841653911       21.6641114478
  1       26.7075981991       14.2935412186       22.1394106526
  1       10.3638595655        0.6949176491        8.4575911022
  2       10.0214844411        0.5301027789        8.0599539149
  1        9.6812752475        0.3484359642        7.6678380239
  1       17.9765983133       20.1066648090       14.2277875552
  2       18.4438274993       19.9442109303       14.4682155590
  1       18.9178736869       19.7989902698       14.7063146365
  1       26.9628314926       24.5491238886        6.5883814958
  2       26.5389055897       24.7887985525        6.3327589532
  1       26.1267856966       25.0659090886        6.0963970623
  1       18.0413440757       12.0081682827       14.5898814508
  2       17.8795457321       11.5283235672       14.8045214868
  1       17.7499804271       11.0497783897       15.0426545248
  1        7.7988310819       19.5947303907        8.7859891271
  2        7.5246364521       19.7324905368        8.3295469653
  1        7.2296446724       19.8689811385        7.8858689688
  1       25.3329404440       10.6551203496       18.9406284441
  2       24.9492670486       11.0415563188       19.0178422211
  1       24.5533801844       11.4138945791       19.1023277798
  1        4.5397479742       22.7953951580        5.7415513282
  2        5.0342650621       22.9999060375        5.8685479815
  1        5.5205296873       23.2172810725        6.0056421368
  1        7.1234401449       16.2202741867        8.2361912459
  2        6.9120331992       16.4083259292        7.7645519287
  1        6.6987414073       16.6205181739        7.3041379175
  1       22.3779695261       20.6235463962       22.2634817132
  2       22.2752162526       20.7907447719       21.7496855786
  1       22.1891585420       20.9802029139       21.2405690086
  1       21.1610819612       10.7618174338       10.3831562905
  2       21.1345012676       10.9270411861        9.8592339886
  1       21.1075086734       11.0975641452        9.3370335298
  1       24.9247605816       18.7013481870       12.3605780885
  2       25.0609546335       18.2489286162       12.0790328662
  1       25.2005075451       17.7902906182       11.8094476837
  1       25.1061415817       16.5858785636       14.9138339568
  2       25.1236065589       16.7200844044       15.4469228489
  1       25.1545139747       16.8720636947       15.9746036482
  1        7.0577441388       15.2367983134        1.2524572439
  2        6.9810353936       15.1898696898        1.7950560576
  1        6.9110297190       15.1283324116        2.3371006756
  1       14.8061371277        0.7049386390       16.5282121860
  2       15.2737836531        0.9704453814       16.4128306580
  1       15.7462873062        1.2363990489       16.3205867231
  1        3.7891939855       25.8418468489       11.9894654500
  2        4.3134029172       25.9225507464       12.1350397500
  1        4.8290200131       26.0038047451       12.3083510222
  1        8.9666743974        6.1129316026       21.5046759950
  2        8.4349747695        6.0911930853       21.6436829826
  1        7.8991184199        6.0951567990       21.7675468614
  1       17.6524340918       15.6848125842       23.4212883952
  2       17.4142534300       15.2222443740       23.5996156879
  1       17.1659301717       14.7591033297       23.7618991787
  1       14.0587009023       23.4232713629        6.7582328724
  2       14.5912978654       23.3493789738        6.6425592378
  1       15.1160919700       23.2587135574        6.5051877377
  1        2.6547538983       24.3349623181        9.3495712705
  2        2.8647129861       24.4458527139        8.8534659373
  1        3.0520522564       24.5774422112        8.3533777441
  1       14.1136286925        0.3927526844        8.2934087901
  2       14.2970573513        0.1802454040        7.8204451732
  1       14.4888077592       -0.0518239237        7.3601456977
  1       25.7510418018       18.7976519292       20.9180073127
  2       25.4928627970       18.3540074085       20.7204645560
  1       25.2187212344       17.9161295863       20.5317599841
  1       17.5139554521        4.4509388886        4.3459908196
  2       17.5979881172        4.8993042178        4.0387335287
  1       17.6814321047        5.3530716949        3.7393471953
  1        3.9245460093       24.8521471553        0.8021626129
  2        4.0754588215       24.4601297600        0.4471306636
  1        4.2060517101       24.0643689409        0.0882172055
  1       10.1563227997       27.8561303786        1.6149932202
  2       10.3162232407       28.2271989020        1.2418444564
  1       10.4484493221       28.6073899258        0.8670497822
  1       15.9760116941        3.4283510958       23.9792329357
  2       15.5682889290        3.2678439746       24.3116477532
  1       15.1467278394        3.1210867258       24.6329708876
  1        2.7989922868       10.5924248465        2.8923914217
  2        2.7745756955       10.0612404758        3.0329154214
  1        2.7765538843        9.5269806593        3.1635390569
  1       10.4703665798        4.9625697659        5.9533846057
  2       10.6968326062        4.4673841481        6.0308723002
  1       10.9535274858        3.9839405675        6.0846314118
  1        6.5026381140        3.9077370131       14.8381587547
  2        6.2882195982        3.9479864812       14.3332778970
  1        6.0754398825        4.0029487696       13.8290914847
  1       13.3761153176        4.7943569941       15.4904090779
  2       13.0916816239        4.3669853146       15.6877689559
  1       12.8327070806        3.9304524348       15.8995972584
  1        1.1499385531        4.7746665115       13.5587694812
  2        1.4574943440        4.5286211832       13.9426589599
  1        1.7605781774        4.2901847041       14.3348173900
  1       10.0047266715       19.1972971680       12.9574590648
  2        9.9410914858       19.1694187106       13.5030535614
  1        9.8560900765       19.1469456496       14.0459805555
  1       26.3227596179        5.4623798933        6.5216378707
  2       25.7953911095        5.3408796265        6.6197201909
  1       25.2645958951        5.2338010589        6.7161080517
  1       14.5611973684       16.4930524974        1.6334101111
  2       14.8064823105       16.0023991173        1.5934781963
  1       15.0722356786       15.5237293621        1.5410338282
  1       10.3271911323        7.9850761314        4.4288640941
  2        9.8930419687        8.2769282064        4.5986783164
  1        9.4577035929        8.5641780081        4.7732293088
  1        9.7880508680        2.5023580863       14.4072232073
  2        9.5061439252        2.3458886692       13.9616384262
  1        9.2200519018        2.1854539647       13.5201499681
  1       15.6867903659       18.8667285993        8.3641773493
  2       15.5185225940       19.3798565042        8.2598427427
  1       15.3735869747       19.8994386175        8.1524737865
  1        4.3799686668       14.4199509246       18.9121422735
  2        4.2861361719       14.1602486985       18.4364846060
  1        4.1669702191       13.8823089026       17.9770839698
  1        5.9543449606       23.3857204519        9.2787932359
  2        6.3932025601       23.7152596529        9.3149584451
  1        6.8338028246       24.0425802074        9.3500677112
  1       12.5339095680        1.7694515975       12.4211703274
  2       12.8253173770        2.0895137979       12.7604956532
  1       13.1274849452        2.3895749343       13.1085733372
  1       15.9660873149       21.0192897282       20.5136735312
  2       15.5919147590       21.2574771338       20.8388837067
  1       15.2163748007       21.5128219694       21.1491557706
  1        0.8549879695       27.3537778790        5.5539458662
  2        0.7100513342       27.3406922246        6.0843439595
  1        0.5781573840       27.3282675437        6.6181506775
  1       17.1265743133        1.6561370605        6.3657257978
  2       17.5334736123        1.5449336770        6.7186659740
  1       17.9467484557        1.4487527946        7.0685990256
  1       11.9945444209        6.4053223898       24.4140251007
  2       11.6449990595        6.7631667621       24.1854087288
  1       11.2653499771        7.0984469333       23.9710404007
  1       28.2579468125        7.3369253419       17.9889328215
  2       28.3478799010        7.8570073597       17.8342501323
  1       28.4406937968        8.3723076156       17.6658719091
  1        0.5063127289       17.6979581304       10.0025846254
  2        0.6971051371       17.2903356005        9.6864483729
  1        0.8978957563       16.8823432419        9.3770532186
  1       18.8888281992       18.5300829777       22.1457468839
  2       18.4698398405       18.4318647100       21.8032531946
  1       18.0268519399       18.3414499889       21.4900649172
  1        0.4161133097       12.6835036036       18.3001030665
  2        0.0508740753       12.9544840057       17.9907975164
  1       -0.3229840564       13.2136890235       17.6816974434
  1        3.2011592966        9.9237666664       19.0395701371
  2        3.6011824283       10.2492408121       18.8483946300
  1        3.9868565830       10.5776747967       18.6341831383
  1       12.0298987126       23.9609462763       26.0197069822
  2       11.6739747230       24.2598701641       26.3137522559
  1       11.3105125182       24.5445886914       26.6126344816
  1       11.9790968090       21.1288186388       27.8179332429
  2       12.4258989730       20.8550018268       27.6509237232
  1       12.8623565114       20.5548597558       27.5028711871
  1       23.9484087763       14.5351777340       18.2234308611
  2       23.5743407360       14.7708925734       17.8963045617
  1       23.1820821385       15.0086845831       17.5928442648
  1       16.2542915177        2.3716732190       10.0846805098
  2       16.0310079936        2.8494572314       10.2407795339
  1       15.8243830696        3.3332921707       10.4011225762
  1       10.2564161305       27.2839827057       25.8337041130
  2       10.4224260686       27.1390707339       25.3297783041
  1       10.5908696377       26.9869818056       24.8287835727
  1       27.3322402819       14.1260260734       26.3442654596
  2       27.5541744351       13.9682076469       25.8664176011
  1       27.7904803765       13.8195851362       25.3925285314
  1       20.3947774566        4.2972184738        6.8071450827
  2       20.2729699927        3.9757713864        7.2364872677
  1       20.1319444140        3.6467994706        7.6540866735
  1       24.6787466805        2.7227647477        2.2461082423
  2       24.2385477532        2.9681107323        2.4664040711
  1       23.8001005818        3.2157004574        2.6876808321
  1       23.0694091683        8.0361736343       21.2156683106
  2       23.6087028923        8.0886911484       21.3100303262
  1       24.1470628577        8.1489709360       21.4050823847
  1       23.2509037746       23.5876645398       16.5263560447
  2       22.7058368221       23.5801258548       16.4532452691
  1       22.1609134107       23.5482623628       16.3858420601
  1        6.2374757880        2.4727150932       22.7969403948
  2        6.2957631935        1.9369104518       22.6873230395
  1        6.3517977273        1.4048237822       22.5598714561
  1        7.3477130819       27.3599864849       19.1334124065
  2        6.8982456965       27.6061979090       19.3330596056
  1        6.4527547583       27.8430960602       19.5519593291
  1       10.6906134542       24.3996554053        6.2201444280
  2       10.4007673614       23.9802363651        6.4264861619
  1       10.1159633385       23.5604502854        6.6390098425
  1        2.2359860264       26.8392903018       17.6169207497
  2        1.8508338924       26.8825719400       17.2266842400
  1        1.4555357428       26.9398097036       16.8485794790
  1       25.1163162328       26.2203087082       21.2136282379
  2       25.4412126888       25.8848214184       20.9231276850
  1       25.7719485307       25.5525856218       20.6354939294
  1       27.4895731415       25.3694222632        2.5710574397
  2       27.2856529568       24.8616432506        2.5155864324
  1       27.1037730581       24.3463683982        2.4530442232
  1        5.7745733876       12.9070947610       22.7610955447
  2        5.9526329177       13.1461247978       22.2988624376
  1        6.1513211099       13.3671222469       21.8360632060
  1       14.0292804684        1.7593687566       20.5524455186
  2       13.9934273482        1.6070686050       21.0797207954
  1       13.9707587159        1.4642318067       21.6103654799
  1        6.6268712910       27.4048673514        1.2912214556
  2        6.9720338338       27.6126245575        0.9167888684
  1        7.2995251663       27.8111635493        0.5220336343
  1        8.8019356032        8.0183411695       26.2029588627
  2        8.8848382557        8.3024166994       25.7393553213
  1        8.9529248937        8.5881073193       25.2743337322
  1       23.4155426555       23.2866018263       25.7921522872
  2       23.5029516874       22.8469489905       25.4734595744
  1       23.5856577944       22.4089888936       25.1512009013
  1       24.9984880082        9.9056678048       25.2374797670
  2       24.8146581434        9.8217977325       25.7490190048
  1       24.6305718176        9.7451987491       26.2616054066
  1       10.9309089027       17.1311885581        8.2782262203
  2       11.0394347089       16.6967525054        8.5975809847
  1       11.1405123333       16.2590597350        8.9149267765
  1        3.0894903904        2.9397882639       24.5953764494
  2        3.1115102050        2.9995101959       24.0490721216
  1        3.1486283090        3.0715583865       23.5050764382
  1       25.9630168814       22.3026016914       28.2443713334
  2       26.4101435812       22.5456381027       28.0357783875
  1       26.8633064036       22.7873604930       27.8390203091
  1        2.6472887530       21.2943822831        1.8272066734
  2        2.7209914372       20.7519403604        1.7740590037
  1        2.8287220519       20.2148467802        1.7248187782
  1       11.7360320680       16.1227646228       13.3052506608
  2       11.9690903478       15.8409234339       12.8944594943
  1       12.1971440259       15.5730118809       12.4717126213
  1        9.6086659458       26.4842786236       10.0674943252
  2        9.3615921967       26.3824778942       10.5482137589
  1        9.1386649531       26.2521562379       11.0338264739
  1       13.1593823026       19.3144798490        4.6077368751
  2       13.3307628126       19.4755617352        5.1049102319
  1       13.4744645000       19.6485495073        5.6068315950
  1       15.6069979813       10.5186275764       11.4412296711
  2       15.6369893258       10.0724067178       11.7613663054
  1       15.6674109500        9.6351266455       12.0935720581
  1       11.6941726937       23.3460968844       14.1009696224
  2       11.9515142399       22.8638113156       14.1615993072
  1       12.1758195999       22.3670087708       14.2349091699
  1       23.8371091235       22.8263037061        9.8962812018
  2       23.8032848589       23.3267970922        9.6707545080
  1       23.7592187777       23.8219652571        9.4354532799
  1        1.4901459799       22.6389297263        4.7735017202
  2        1.5957607350       22.1367260557        4.9713324478
  1        1.6857855828       21.6331272387        5.1732823357
  1        2.2061769206        0.3980044547        0.6960243651
  2        1.8225795263        0.7800076620        0.5989337440
  1        1.4308769148        1.1540149944        0.5030818870
  1        7.4976793139       24.8261743679       27.4445008167
  2        7.9486697203       24.8324321144       27.7592522964
  1        8.4003210888       24.8599257174       28.0719104837
  1       10.8452388217        3.1752046186       24.6691575702
  2       10.4654663785        3.4873795200       24.4225410210
  1       10.0938186982        3.8147338573       24.1833399789
  1        8.9535390501       15.5217545995       16.1065793480
  2        9.4690766663       15.3388918919       16.0492888912
  1        9.9861906770       15.1631801162       15.9843391358
  1       20.5862280914        2.2828259430       15.8625478768
  2       20.7045729155        1.9529205910       16.2864074778
  1       20.8352947412        1.6259529932       16.7089048070
  1       22.1740759275       26.3823679613       24.3904787660
  2       21.6596674062       26.2254641115       24.5056527873
  1       21.1437608343       26.0653902585       24.6091746188
  1       17.7591031417        4.6409431663       26.4629628602
  2       18.1770736543        4.9586067857       26.6269460162
  1       18.5892832063        5.2738879923       26.8091026659
  1       17.4030805601       11.2850263996       25.1725765398
  2       17.0161585731       11.4365609958       24.8122591212
  1       16.6206106772       11.5926649449       24.4634419512
  1        3.4712253257        6.5423404038        1.9904868687
  2        3.4993022498        6.2641428042        2.4641088508
  1        3.5401315127        5.9944509216        2.9417062322
  1       14.1815739111        6.7877954888       11.6614282883
  2       14.4260184129        6.3003371970       11.5897952003
  1       14.6925097223        5.8209928997       11.5484258194
  1       18.6179835289       18.0594579599       25.7876400437
  2       18.6408431068       17.7143471765       26.2152800639
  1       18.6564939316       17.3569421619       26.6330320312
  1        2.3134102141       15.4974255244       15.5191796832
  2        1.9688801998       15.0687677948       15.5263643966
  1        1.6332873088       14.6333413912       15.5431351314
  1       18.8355220271       16.8212847813        2.4268251946
  2       18.4826926978       17.2374825440        2.4960414259
  1       18.1309049186       17.6556434960        2.5583854364
  1       21.7892459138        0.7115889353       19.8060031510
  2       22.3002364331        0.8648245666       19.9398221724
  1       22.8026906559        1.0440095890       20.0737343851
  1        5.5519407793       21.9241140716       13.1557320810
  2        5.1715356791       21.9848635578       12.7631744932
  1        4.7912093464       22.0406252344       12.3698012417
  1       14.9936790815       26.0045984602       -0.5016790611
  2       15.0103147968       25.8787137714        0.0334623204
  1       15.0028801901       25.7652902221        0.5715885361
  1       15.8647946093        4.6203359197        7.3140867420
  2       15.8608129350        5.1608071551        7.2122290475
  1       15.8796872022        5.7042863154        7.1299237418
  1        6.2813615520        4.2874251045        5.7491818649
  2        6.6608443613        4.4862039419        6.0941163097
  1        7.0555419314        4.6928930719        6.4165964342
  1       27.8804296974       19.1495464259        6.4188921016
  2       28.1814137653       19.2515956460        6.8677735420
  1       28.4928786329       19.3403391151        7.3123117653
  1        1.0068391838       18.1339552801       22.2923784276
  2        0.6462239035       17.7372209820       22.4150915741
  1        0.2957928577       17.3372504748       22.5555254537
  1       21.9561545749       27.5825099181        7.0396992741
  2       21.4592750741       27.5588732652        7.2743310500
  1       20.9688899809       27.5416455950        7.5227775569
  1       10.6456233918       12.3538236495       13.7926247836
  2       10.1385623056       12.1634296982       13.6970256300
  1        9.6209966874       12.0004138406       13.6072945874
  1        0.8553964077       24.5706309802       22.6665038239
  2        1.2028357010       24.4935802691       23.0858475079
  1        1.5514547046       24.4362619308       23.5073678484
  1        6.0035298978       12.6811054270       14.7122026051
  2        5.8989994584       13.2198594997       14.7484991124
  1        5.7603963599       13.7504768560       14.7901452553
  1       15.2857838587       28.4729423269       12.3274713040
  2       15.5698981135       28.0027323558       12.3013624298
  1       15.8608729938       27.5362322439       12.2868275191
  1       24.4423571222       12.6670752687        1.6994198220
  2       24.0359109516       12.5081430230        2.0341466535
  1       23.6349156978       12.3353049359        2.3685562840
  1       13.8971780904       26.0239168190       22.7035203883
  2       13.6430987811       26.5066419056       22.7736644924
  1       13.3905003527       26.9911094681       22.8367930431
  1       12.3190301138       15.8965799960        5.3296944674
  2       12.6836678460       15.7023064188        4.9666557623
  1       13.0644582283       15.5102076238        4.6193853537
  1       23.7935264974       12.8631938290        6.9288581167
  2       23.6491936040       13.3878695890        7.0087540666
  1       23.5151041682       13.9167534996        7.0780493137
  1       21.6177328299       15.0968369222       28.2700318867
  2       21.5444444075       15.6201486821       28.1174749822
  1       21.4566571895       16.1474523826       27.9880755589
  1       11.2838128696       13.0719008005       20.0901432053
  2       11.4416949944       12.7072455506       19.7098804234
  1       11.5985809348       12.3372564840       19.3343875589
  1       24.2791103935        9.1456981192        1.2978671289
  2       23.9955776974        8.6890745037        1.4145036752
  1       23.7119238252        8.2285574123        1.5143259588
  1       21.8745355171        1.7764322041       25.6655380506
  2       21.3910835242        1.5262039033       25.7440235142
  1       20.9033245757        1.2927286394       25.8444252492
  1       25.1829140344       26.1340797492       27.6621692736
  2       25.6673770868       26.1068066912       27.9211127639
  1       26.1454837162       26.0883194771       28.1923548566
  1       11.2291084652        5.8085284070       12.3689809782
  2       10.7669798002        5.5256922871       12.2744250358
  1       10.2994451329        5.2513220494       12.1815148288
  1       20.7917465480       26.0711942805        2.3883887481
  2       20.5663125333       26.1167319804        2.8879944155
  1       20.3402710422       26.1781336734        3.3856238715
  1        0.3199799365        9.8732512795       24.9184337352
  2        0.5656070060       10.1843353523       25.2997394424
  1        0.8045569188       10.5014072338       25.6803552068
  1       28.7156091203        6.0585504307        9.3901350501
  2       28.3445591418        6.4124461585        9.1911885063
  1       27.9759885190        6.7662968343        8.9876070871
  1       24.7488204946       16.1236203908       28.2405496906
  2       25.2328266837       16.3254576639       28.4063800981
  1       25.7219123186       16.5271440581       28.5567723822
  1        3.0211076166        2.1413975141       20.0973918710
  2        3.2940662494        1.9474176624       19.6610830331
  1        3.5803895096        1.7420382956       19.2387818310
  1       11.1765780475        8.8337552570       10.2852445153
  2       11.0861007451        9.3707001686       10.3627301241
  1       11.0036232686        9.9089170703       10.4403189869
  1       23.2054397587       14.1632957109       22.3960053661
  2       23.2554059931       13.6260602246       22.2893216858
  1       23.3264553869       13.0891906345       22.1932850997
  1       16.6372189815       15.7016379410        7.6028799763
  2       16.1613452044       15.6609134255        7.3301426262
  1       15.6782372170       15.6499220867        7.0674910283
  1        0.3595559645       -0.2392535749       24.3912474968
  2        0.7695965573        0.1003423970       24.2532573227
  1        1.1714232533        0.4474164016       24.1098176467
  1        0.5931243392       16.9586244688       18.8933284011
  2        1.0233990386       16.7078500679       19.1267290928
  1        1.4438100246       16.4584392517       19.3788180585
  1       20.4764197260       27.0908124144       14.1175525380
  2       20.6570997265       26.9005807926       14.6009433400
  1       20.8433553000       26.6764012942       15.0673684818
  1        3.7231325894        6.8272790394       21.8338219772
  2        3.7494776416        6.6194094567       21.3252984528
  1        3.7943250169        6.3929071235       20.8261137125
  1        4.8228253991        9.6382867526       25.4942659096
  2        4.3282640844        9.6764657870       25.2566707344
  1        3.8378443601        9.7297367973       25.0134615805
  1       20.1339535270       20.4899510371        2.9325351795
  2       20.5323343841       20.6616781035        2.5944486413
  1       20.9229544225       20.8417075068        2.2516580368
  1        8.5441430988       22.2586511519       16.3564783270
  2        8.3402381795       21.9544691442       15.9461174004
  1        8.1697430581       21.6270452017       15.5384104291
  1       21.8616013709       18.1719253229       14.7715757355
  2       22.0133574137       18.5164243692       15.1725626562
  1       22.1708055063       18.8622276580       15.5702185157
  1       25.0133780340       27.9257859564        9.2475268924
  2       25.5521438639       27.9552558497        9.1409299602
  1       26.0877561915       28.0060271931        9.0267296793
  1        0.6206501067        3.6034616212        4.6382612847
  2        0.1086502920        3.6052709250        4.4373809319
  1       -0.4078438609        3.6313718538        4.2501577215
  1       16.9027887937       20.5749939439        4.2105523535
  2       16.6827409729       20.4019509505        4.6839814179
  1       16.4985613477       20.2083406853        5.1647026780
  1       10.2478563658        0.6555560588       21.5384717622
  2        9.8626886767        0.9522019542       21.7956624775
  1        9.4778562309        1.2532526278       22.0481946132
  1       21.7363072655       23.1597102990       12.7524179544
  2       21.6110130035       22.6805235076       12.9915442115
  1       21.4930320408       22.2011502685       13.2339937715
  1       20.8571928161        7.1992860369        8.6205746772
  2       20.5837605818        7.6733748888        8.5660350234
  1       20.3072195345        8.1467512155        8.5219907116
  1        5.2864326504       17.1441666444       16.5310798981
  2        5.5520181170       17.4162362096       16.9284997158
  1        5.8294937718       17.6909728906       17.3158329265
  1       20.8254882838        1.2616992291        4.1776341159
  2       20.3798240807        1.5809727223        4.1334996105
  1       19.9400143573        1.9057504560        4.0736094620
  1       19.2591692818        5.4309208201       17.1598288706
  2       19.5895987527        5.7634927483       16.8722314483
  1       19.9203032709        6.0850703618       16.5726945405
  1       23.3430959938        2.4594101709        5.9776069524
  2       23.8811859605        2.4643089774        5.8638739781
  1       24.4222391665        2.4519573604        5.7658491608
  1       24.5281696671       26.9227661631        3.7847145497
  2       24.1315951803       26.9851829969        3.4087719805
  1       23.7290799358       27.0306334071        3.0367293255
  1       15.3733938071       10.9781104352        1.5280045311
  2       15.8990467550       10.9852392487        1.6896775293
  1       16.4272802074       10.9863061168        1.8428711339
  1       19.7596427523       11.1913467734       27.7464471716
  2       20.0357474559       11.6638995408       27.8008537390
  1       20.2937398408       12.1445239526       27.8711396067
  1        0.8385014098        8.7739599584        5.8732381339
  2        0.4840496808        8.5082457416        5.5472627870
  1        0.1426352587        8.2357169280        5.2131007946
  1        1.0629398041       17.1409465864       27.3272966731
  2        1.5962976715       17.1862690892       27.2009034139
  1        2.1258769567       17.2600716116       27.0720664341
  1        9.9095565110        5.4010340289       15.9028049134
  2        9.8087926904        5.7193417875       16.3398710677
  1        9.7178309658        6.0559269175       16.7652372793
  1       12.1187792665       11.8345084683        2.8329487753
  2       11.9566262956       12.2833277902        2.5595120727
  1       11.7845990514       12.7294149415        2.2876428400
  1       16.9312478252       26.9012534602       24.5081575751
  2       16.8596182168       27.3611479018       24.8011870988
  1       16.7772037705       27.8042399816       25.1164286995
  1       16.1091791356       24.7401368860       19.5391571331
  2       16.3824753091       25.0114263896       19.9318544807
  1       16.6797973886       25.2675243406       20.3172288695
  1       11.6595473072       20.9726451658        8.7763410911
  2       11.3054216252       20.8289490366        8.3808080030
  1       10.9511621218       20.6940954186        7.9822923761
  1       25.8005570502       25.8706450686       24.5576275306
  2       25.8671369765       26.4141136031       24.5055788471
  1       25.9111507419       26.9591715860       24.4466332563
  1       21.3058410446       16.3907725031        8.3564640442
  2       21.1536953036       16.4138300889        8.8844981541
  1       21.0130219069       16.4180062616        9.4161874938
  1        3.1780678965       11.5873679566       11.9300533444
  2        2.7086742033       11.7205807777       12.1838719905
  1        2.2270457189       11.8352546796       12.4234213554
  1       10.5528477900       15.9975207278        1.4176635981
  2       10.7023220948       15.8068447985        0.9239023985
  1       10.8545457336       15.5957897079        0.4393575487
  1       23.1808838021       20.3152979348       27.6142370074
  2       23.5737367920       19.9654679870       27.7748157606
  1       23.9500136486       19.5990761188       27.9381336255
  1        5.2254418820       21.7032535497       16.9109641244
  2        5.1297660803       21.2855618423       16.5661746546
  1        5.0517490417       20.8747859993       16.2088561027
  1       10.1940927389       12.3320096984       23.4883888071
  2        9.8532023285       12.2102452257       23.0743028966
  1        9.5269730101       12.0708257158       22.6540212874
  1       13.2625556513       13.6489098116       22.9998809931
  2       13.3432362915       13.5046080512       23.5244452278
  1       13.4246058401       13.3497183263       24.0458741958
  1       26.6572194621        2.7835691735       18.6587940339
  2       26.8370264443        3.3032633488       18.6494445240
  1       27.0143897618        3.8231359918       18.6216113141
  1       18.8778815253       26.9219091705       21.5349820897
  2       19.0321911121       27.3749518059       21.8059819457
  1       19.1992685532       27.8312663461       22.0635905015
  1       11.3029978881       27.0618815786       14.4834684691
  2       11.2151897228       26.6850329415       14.8743326793
  1       11.1314499939       26.3157896501       15.2732650652
  1       24.6103044826        6.7413898222       16.2536389673
  2       24.2407069336        7.0202748603       16.5504904239
  1       23.8785097972        7.3061108812       16.8498413928
  1       16.5757076485       23.4485567948        3.0836189712
  2       16.9461621600       23.7437543677        2.8041161128
  1       17.3152220913       24.0241478087        2.5080176759
  1        1.1330719980       24.7475352692       26.6937759195
  2        0.9229501757       25.2557029433       26.7044733356
  1        0.7467689244       25.7767183090       26.7026972749
  1       13.0733190337        9.3639957464       26.0568796435
  2       13.5632857590        9.5901842526       26.1630463418
  1       14.0581392197        9.7948968091       26.2883971319
  1       17.3661184834       14.0396713533       27.6905855467
  2       17.6479522544       14.1668901322       28.1454317930
  1       17.9470612519       14.2701692619       28.5952842443
  1        9.2267978372       16.1392341885       21.6147561264
  2        9.7419212454       16.0112957835       21.7589075706
  1       10.2481621367       15.8895016987       21.9360695301
  1       12.5817278642       22.0908728651        2.7853197960
  2       13.0953935610       22.1245285534        2.5916322988
  1       13.6142470397       22.1699737508        2.4149240626
  1        5.0217436612       12.5590086394        5.5647554080
  2        4.7986553663       13.0535184324        5.4742475229
  1        4.6107884742       13.5586421693        5.3644475217
  1        8.3662158988       11.4270804701        2.4614059913
  2        7.9249990524       11.1102535068        2.5477099297
  1        7.4887354921       10.7864564121        2.6333227001
  1        4.4574975298       15.7238524354       11.3109164501
  2        3.9346145771       15.7305237927       11.4813538602
  1        3.4183590699       15.7381726607       11.6708841877
  1        9.9381624025       22.7987280823       11.3181737331
  2        9.4487437357       22.5551693615       11.2577707682
  1        8.9559821220       22.3172664350       11.2021992956
  1       15.9810518770        4.4115891779       17.4853593442
  2       16.2168942729        4.4206410515       17.9821454430
  1       16.4398909509        4.4311367966       18.4848007124
  1        9.0362529482        3.4741834740        9.3734205114
  2        8.5120390100        3.3789916387        9.5099425295
  1        7.9887513469        3.2793304810        9.6468281547
  1        8.9839971160       14.8225314979        5.8083388530
  2        8.7618212414       14.3521394579        5.6298193600
  1        8.5387061088       13.8814983801        5.4531371240
  1        8.0981960715        3.2099040917       18.0060873578
  2        8.0465515421        2.7950070031       18.3634292788
  1        7.9774200850        2.3852731958       18.7237611366
  1       26.6655433594        9.4475919850       13.5434778656
  2       26.9022258361        9.2461157538       13.0897282282
  1       27.1494073339        9.0357307855       12.6457243191
  1       17.7069136990       26.8677150181        4.9327799151
  2       17.2661592411       26.8910055843        4.6046137112
  1       16.8244778372       26.9318209219        4.2794189316
  1       20.3277502226       15.6965263318       20.5299728709
  2       20.8487207839       15.6709561173       20.3555141697
  1       21.3660403386       15.6300039337       20.1732961794
  1       14.1650601929       21.8875666286       16.8232018865
  2       14.2392290738       22.1211715269       17.3155713906
  1       14.3089453187       22.3689202049       17.8016374733
  1        8.2614841766       25.2866022225       23.2252492319
  2        8.0253886109       25.7193895780       22.9814173456
  1        7.7735014559       26.1407316077       22.7333775220
  1       25.7756968118        1.2836947597       27.0277026452
  2       25.6513556609        1.6936010120       26.6827154824
  1       25.5115616867        2.0961625636       26.3350060621
  1        7.4074797803       10.0131127207        8.4832265690
  2        7.3195591592       10.2203836015        7.9814210824
  1        7.2432287337       10.4539957345        7.4893854776
  1       24.3617526964        2.7571975354       14.3762139486
  2       24.0966756640        2.3248211606       14.5890162921
  1       23.8281796295        1.8930820693       14.7988048415
  1       21.8034931013        4.6548990360       11.6031143352
  2       21.7397900964        4.5209623029       12.1327395599
  1       21.6618239888        4.3674480148       12.6550944665
  1       -0.2690306525        3.7676042496        0.9555536016
  2        0.0549461323        4.2119789025        0.9639327880
  1        0.3897996397        4.6480705666        0.9779751544
  1        4.5162352235       11.9244610239        0.4512025398
  2        4.6952740548       12.3332217819        0.7726986357
  1        4.8821450034       12.7393267145        1.0931015558
  1       22.8228120708        1.7974806765       10.1571071645
  2       22.4066720266        1.6070342572        9.8520536855
  1       21.9855471068        1.4210545311        9.5511129233
  1       23.1268158504       17.6881410114        2.7477133174
  2       22.5784595091       17.7215715996        2.7739377105
  1       22.0284864680       17.7223981095        2.7793200776
  1       13.3585652514       15.6062519812       17.4556127521
  2       13.5280701520       15.8506092885       16.9929491648
  1       13.7109424009       16.0802590888       16.5278484135
  1       10.0285337725       19.3543255856       17.5073073297
  2       10.3681285909       18.9318171077       17.4142377568
  1       10.7159192483       18.5170406471       17.3167588087
  1        7.7895742956       25.3882449138       14.5030884434
  2        7.6722347512       25.1456843687       14.0236139255
  1        7.5713553162       24.9109836392       13.5365421586
  1       20.3775324288       21.8221796113       25.8356836459
  2       20.3526457707       21.3192665444       25.6144166093
  1       20.3516338337       20.8107427700       25.4048872658
  1       14.6005349245       16.9442290833       26.4538579067
  2       14.8809848042       16.5181608992       26.2481548015
  1       15.1458444621       16.0914302624       26.0239889605
  1       17.9533396198       11.8476122993       21.6042975412
  2       18.4471822410       11.9541868243       21.3869008159
  1       18.9356648213       12.0761027031       21.1654933043
  1        7.9468638667       22.2148967127       19.8726014646
  2        8.1987805443       22.6760958477       20.0348769879
  1        8.4644422951       23.1356962721       20.1787216367
  1        3.1054430629        3.2940236491       10.2218357155
  2        2.7781913654        3.2581594178       10.6624263230
  1        2.4521852825        3.1943836383       11.1007785590
  1       16.5333731709       10.4847272313       18.4447157670
  2       16.1577582417       10.8853265054       18.4141601367
  1       15.7919940899       11.2959453170       18.4037305732
  1        1.5372040505       13.7500903320        0.0722652326
  2        1.4552170171       14.0621536658        0.5176803222
  1        1.3880691028       14.3494953685        0.9818202822
  1        3.4678824560       21.0362531656       26.8943931590
  2        3.5320005544       21.4522866235       26.5404086517
  1        3.5827966870       21.8413338725       26.1549712509
  1       17.2887731195       22.1013065537        9.8918073865
  2       17.6832702670       22.1474103331       10.2722629583
  1       18.0943226393       22.1925251028       10.6348930782
  1       27.2715923889       26.0664022318       13.9718030898
  2       27.7426739104       26.3300636327       13.8666134237
  1       28.2081910693       26.6069778055       13.7711549790
  1       25.9792095312       20.4044140784        9.6013001747
  2       25.9566711812       20.3873407416        9.0520274519
  1       25.9375897852       20.3669227404        8.5027379066
  1       16.1402190862       11.4514787390        7.4659554891
  2       16.5456350655       11.0800873698        7.4803198456
  1       16.9428935412       10.7005246925        7.5051769649
  1       25.0278514949       13.1887046132       14.8418303239
  2       25.4560157681       13.2861482232       14.5106504663
  1       25.8996683797       13.3799523120       14.1994059449
  1       12.7778691345       26.7422463443        4.2250794886
  2       12.6784564951       26.2395043501        4.0254107271
  1       12.5875904048       25.7324397852        3.8327221709
  1       12.5572660415        8.7161697399       13.5590037383
  2       12.0301694865        8.7512975676       13.7120895226
  1       11.5012945210        8.8125857570       13.8500570107
  1       14.9133876433        5.9093767186       21.3948625465
  2       14.6672021445        6.1367724971       20.9587618011
  1       14.4115650516        6.3934618705       20.5449257935
  1       27.4013491469        4.8410662507       21.7457233085
  2       27.9079386971        4.7068183927       21.9125901421
  1       28.4126177723        4.5492046394       22.0641056030
  1       21.4494740912       25.7071504553       19.2567741055
  2       20.9761216520       25.4411819407       19.3445135924
  1       20.5152155335       25.1698427040       19.4727343688
  1       22.6094291876        8.0855809146       11.4409073402
  2       22.9366936189        8.4914816413       11.6159575959
  1       23.2477625721        8.9042526615       11.8039900139
  1        8.7665069926        7.1782206990        8.6731750207
  2        8.7422737026        6.8654438047        9.1249308862
  1        8.7052064150        6.5762635555        9.5913006951
  1        3.0218025738       15.0379633934       25.0810194086
  2        3.2042320032       14.5770753238       25.3193504610
  1        3.3763421239       14.1071133202       25.5474158475
  1       19.5011397360       15.5779306334       17.3294975459
  2       19.4981171850       15.5843654933       16.7795434962
  1       19.5122952531       15.6021921151       16.2300153414
  1        8.1835795807       21.7524347903       25.3103784040
  2        8.6788881678       21.7002461380       25.0770422772
  1        9.1866454356       21.6446850303       24.8730924813
  1       19.7713917015        3.1867992363       21.5124003912
  2       19.4591164045        2.8806585070       21.1788408122
  1       19.1775920135        2.5546729207       20.8368212020
  1       18.5490925776       23.4878773939        5.9444214136
  2       18.6272574865       23.8254754260        6.3715254006
  1       18.6817373146       24.1683358223        6.7981150113
  1        2.6663675836       13.4322940998       21.6104471896
  2        2.2308477309       13.7611617905       21.6787736115
  1        1.7919764975       14.0775604349       21.7776873986
  1       26.2877737708       16.0809583365        8.2436319005
  2       25.8141392376       16.3586522063        8.2761348802
  1       25.3362886530       16.6302406756        8.2960978741
  1       13.8183794806        8.0198220285        8.2191754754
  2       13.8891309857        8.4535950136        8.5498342450
  1       13.9642681360        8.8890925624        8.8772426943
  1        1.6756281864       22.0397390148       11.6615617588
  2        1.4903852907       22.5200097738       11.8552756395
  1        1.2926646540       22.9997941345       12.0375213969
  1       17.0455686185       15.9220183029       13.8254967986
  2       16.6917138296       16.3250930978       13.7037696524
  1       16.3327809018       16.7199724000       13.5705874877
  1       22.4569789309       11.4782755062       15.0256130228
  2       22.6997947921       11.0371370263       15.2468307866
  1       22.9799819954       10.6094380274       15.4494849168
  1       12.2258634440       19.7399520773       24.1574801681
  2       11.7201100166       19.5267221948       24.1221745327
  1       11.2177170190       19.3045986622       24.0945627382
  1        8.1302100727       12.5098646704       18.2712560421
  2        7.6073721392       12.5866783425       18.1188088216
  1        7.0869104864       12.6724643236       17.9630512136
  1       18.4148335740       27.9981147439       18.1887816907
  2       18.1864548485       27.7978626879       17.7302598572
  1       17.9495877712       27.6046565299       17.2730231929
  1       22.3052250379       22.3382569075        5.0783277232
  2       22.2760933632       22.8650859477        4.9230778988
  1       22.2300250784       23.3969558281        4.7908200355
  1       22.6323593726        0.7157144336        0.4773818656
  2       22.2030777555        0.3893556221        0.3691819611
  1       21.7655694696        0.0788779959        0.2479790634
  1       23.3929607096       26.7262980245       12.5798907053
  2       23.6714560272       26.3656597863       12.2718640518
  1       23.9532172714       26.0035936757       11.9685181572
  1       17.0068637575       13.1256473204       11.6191627309
  2       17.4121521989       13.0557456596       11.2539846414
  1       17.7968888490       12.9954385835       10.8656023997
  1       14.3993549304       10.4296310946       22.4554728460
  2       14.6078252811       10.1846599256       22.0093459142
  1       14.8084571072        9.9277321474       21.5663617315
  1        3.0676792469       23.8515524179       15.3938667442
  2        3.1584201445       24.3712258614       15.2382852491
  1        3.2376712712       24.8892901836       15.0714661377
  1       24.8386367072        5.5693689549       11.0664769117
  2       25.0724098264        5.5569917248       10.5687853075
  1       25.3136496078        5.5462152980       10.0746322588
  1        5.9906656035        9.3094041327       21.7576713098
  2        6.5257814635        9.4346313011       21.7360109173
  1        7.0546780435        9.5848372294       21.7216378252
  1        0.4440451281       11.0913202656       21.4527752909
  2        0.4149914166       10.5953945751       21.2167380241
  1        0.4059647737       10.1037753198       20.9703054237
  1        1.9231575780       13.2227776447        8.4139144159
  2        2.2632911778       13.3240164698        8.8341046520
  1        2.5896219974       13.4505535119        9.2583646810
  1        7.9964126912       19.2640795077       20.7901035480
  2        7.6493906345       18.8797077112       20.9753979469
  1        7.2799732221       18.5178496490       21.1627199083
  1       14.4132625308       25.2152607862       15.4359842243
  2       14.8457947104       25.4906692600       15.6348964818
  1       15.2875347355       25.7520322281       15.8325202358
  1       20.8632880321        3.9487775630        0.3117493458
  2       20.6223026200        4.1805894263        0.7484291956
  1       20.4299814287        4.4168274596        1.2063638525
  1       28.2052746706       10.3186462214        8.8408759800
  2       28.1816436789       10.5191243300        9.3524911715
  1       28.1468493917       10.7046011874        9.8691029135
  1        3.5252759883        0.7931354040       13.2581928350
  2        3.3113795951        0.6959531517       13.7554894697
  1        3.1091352975        0.5876657569       14.2553605362
  1       14.2381591583        8.4350463029        3.7501371679
  2       13.9754789885        8.0900794760        3.4117630897
  1       13.7161667442        7.7585741858        3.0576989692
  1        3.8936698531       27.6080931174       22.0646003673
  2        3.8063652438       27.3102813062       21.6105232481
  1        3.7168509470       26.9946377069       21.1690979340
  1        1.5679193670       21.0837193043       23.1557904921
  2        1.3085310347       21.0819769298       23.6407798293
  1        1.0565026263       21.0677592550       24.1294305615
  1       19.9279083294       20.5712933455        8.0619969832
  2       20.1898256687       21.0226188141        7.8882021939
  1       20.4590924961       21.4773310293        7.7357811454
  1       27.9389148590       18.2907810424       13.7513307347
  2       28.2975455310       18.2758274971       14.1680565830
  1       28.6402565056       18.2468401771       14.5972522518


Molecules in box 2
##############################################################################                                           
Moleculetype  1
Number-of-molecules: 14    
Atomtype         X                  Y                   Z
  1       30.9305021024       37.8103258989        7.4554324263
  2       30.8309236803       38.3500820531        7.4907514269
  1       30.7171519140       38.8855057980        7.5443928068
  1        5.9996751370       13.4216586599       13.8340959782
  2        6.0183312086       13.9710693664       13.8167804794
  1        6.0343185125       14.5197473904       13.7821852319
  1       30.3455205049       17.7542127144       46.5107501557
  2       30.1866154905       17.2727691043       46.2975337242
  1       30.0173307500       16.7888550078       46.0983608774
  1       49.8168105647       41.7661284925        0.1213406433
  2       49.2700228099       41.7249064776        0.0786335405
  1       48.7241734055       41.6842947856        0.0247900895
  1       10.4292834589       50.3081340236        6.8222229483
  2       10.9193030824       50.5071887980        6.6713655145
  1       11.3976686908       50.7259288680        6.5106822063
  1       26.6645618654        6.9944243883        1.1128688419
  2       26.3265797994        6.7120026580        0.7834662170
  1       25.9878958417        6.4372379031        0.4483580177
  1       16.1025103001       12.6419720164       16.5978720653
  2       15.6405542329       12.7118473182       16.3076755212
  1       15.1892051943       12.8035474841       16.0070509647
  1       38.7020817959       14.4581981898       27.7152854281
  2       39.2124446386       14.6131897854       27.8494769854
  1       39.7304804420       14.7492319827       27.9745026865
  1       48.2330297046       38.9091102741       36.9509947404
  2       48.4166431539       39.4014750751       37.1133616215
  1       48.5936681122       39.8973180386       37.2724273897
  1       40.5617404401       33.9818613697       46.7060894470
  2       40.3532437162       33.6153734461       47.0592405733
  1       40.1216043893       33.2646211059       47.4139461091
  1       28.6677728023        3.2207732243       42.0148168142
  2       28.9122270498        3.6949456494       42.1486175323
  1       29.1517375865        4.1759223356       42.2660744568
  1       43.1793638515       28.0252131037       43.7411026369
  2       43.5371647490       28.1913801832       43.3578703059
  1       43.8996871263       28.3683965611       42.9840485210
  1       13.6879065499       17.3948577098       18.7573853679
  2       13.3362320058       17.5199824518       19.1613269650
  1       12.9687901295       17.6202759263       19.5580985436
  1       30.3367909352       38.4059062100       32.5779240980
  2       30.1693654716       38.6755384194       33.0271091221
  1       29.9780764412       38.9300701471       33.4755755148


Number-of-fractionals:  1        
##############################################################################                                           
Fractional-type:      2
Box:                  2
Lambda:               0.522117
Reaction-Step         1 (only used if Type = 3 (RxMC))

Moleculetype  1
Atomtype         X                  Y                   Z
  1       31.8712489272       17.8391415914        8.2972316448
  2       31.4547943642       17.4802553582        8.2809139088
  1       31.0452137100       17.1133379691        8.2916524506

------------------------------------------------------------------------------                                           

