Compiled using GNU Fortran (Ubuntu 9.4.0-1ubuntu1~20.04.2) 9.4.0 with all optimizations
Last Brick update unknown
Compiled at 16:28:53 on Sep  3 2023
Starting at 15:04:37 on Dec 31 2024

Settings
OK                      

Forcefield
OK                      

Topology
OK                      

Configuration
OK                      Starting from random configuration.

 F
Monte Carlo Simulation initialized.

#########################################################################################################################
###########################################   ENERGY STARTING CONFIGURATION   ###########################################
#########################################################################################################################
                                               Box 1               Box 2
-------------------------------------------------------------------------------------------------------------------------
Lennard Jones        
 Intermolecular                          0.1689581444E+008   0.1166611528E+006
 Tailcorrection                         -0.4379642141E+004  -0.6575932736E+002
Total Intermolecular                     0.1689143479E+008   0.1165953935E+006

Electrostatic        
 Real                                    0.9959916631E+004   0.8799673845E+003
 Exclusion                               0.1043425830E+008   0.2037985693E+007
 Selfterm                               -0.1044989240E+008  -0.2038978394E+007
 Fourier                                 0.1706564672E+005   0.8448521313E+003
Total Intermolecular                     0.1139146041E+005   0.7321179039E+003

Intramolecular       
 Lennard Jones                           0.0000000000E+000   0.0000000000E+000
 Electrostatic                           0.0000000000E+000   0.0000000000E+000
 Bending                                 0.9343375086E+007   0.3104111324E+007
 Torsion                                 0.0000000000E+000   0.0000000000E+000

Total                                    0.2624620134E+008   0.3221438836E+007

#########################################################################################################################

Simulation is running...



#########################################################################################################################
###############################################   RELATIVE ENERGY DRIFTS   ##############################################
#########################################################################################################################
                                               Box 1               Box 2                                                 
-------------------------------------------------------------------------------------------------------------------------

Lennard Jones        
 Intermolecular                          0.5218923184E-014   0.0000000000E+000
 Tailcorrection                          0.0000000000E+000   0.0000000000E+000

Electrostatic        
 Real                                    0.4493093293E-014   0.0000000000E+000
 Exclusion                               0.0000000000E+000   0.0000000000E+000
 Selfterm                                0.0000000000E+000   0.0000000000E+000
 Fourier                                 0.0000000000E+000   0.0000000000E+000

Intramolecular       
 Lennard Jones                           0.0000000000E+000   0.0000000000E+000
 Electrostatic                           0.0000000000E+000   0.0000000000E+000
 Bending                                 0.3672799432E-014   0.0000000000E+000
 Torsion                                 0.0000000000E+000   0.0000000000E+000

Total                                    0.5739998530E-014   0.0000000000E+000

#########################################################################################################################
############################################   TRIAL MOVE ACCEPTANCE RATES   ############################################
#########################################################################################################################
                                               Box 1               Box 2
-------------------------------------------------------------------------------------------------------------------------
Translation
 N2                                           0.49947             0.99881
-------------------------------------------------------------------------------------------------------------------------
Rotation
 N2                                           0.50184             0.99990
-------------------------------------------------------------------------------------------------------------------------
Bond Bending
 N2                      
  Bending 1                                   0.30139             0.30908
-------------------------------------------------------------------------------------------------------------------------
Lambda Move
 N2                                           0.78843             0.93693
-------------------------------------------------------------------------------------------------------------------------
GE Swap Fractional
 N2                                           0.11523             0.30843
-------------------------------------------------------------------------------------------------------------------------
GE Identity Change
 N2                                           0.04125             1.00000
-------------------------------------------------------------------------------------------------------------------------
Volume                                        0.49522             0.49522

#########################################################################################################################
######################################################   AVERAGES   #####################################################
#########################################################################################################################
                                                       Boltzmann                                    Biased
                                               Box 1               Box 2                  Box 1               Box 2      
-------------------------------------------------------------------------------------------------------------------------
Density
 N2                                      0.9168426522E+003   0.6939451898E-001      0.9169174675E+003   0.6740315905E-001
 Total                                   0.9168426522E+003   0.6939451898E-001      0.9169174675E+003   0.6740315905E-001

Number of molecules
 N2                                      0.3998034351E+003   0.1965648568E+000      0.3998090750E+003   0.1909250000E+000
 Total                                   0.3998034351E+003   0.1965648568E+000      0.3998090750E+003   0.1909250000E+000

Mole fractions
 N2                                           1.00000             1.00000                 1.00000             1.00000

Volume                                   0.2028552969E+005   0.1317144703E+006      0.2028416187E+005   0.1317158381E+006

#########################################################################################################################
#######################################   PROPERTIES FROM THE CFC GIBBS ENSEMBLE   ######################################
#########################################################################################################################
                                                       Boltzmann                                    Biased
                                               Box 1               Box 2                  Box 1               Box 2      
Chemical Potentials (as an indication)
=========================================================================================================================

Total N2                                -0.9405790200E+003  -0.9392725246E+003     -0.9405733081E+003  -0.9413106446E+003
 Ideal gas                              -0.2748651256E+003  -0.9390869537E+003     -0.2748594137E+003  -0.9411250737E+003
 Excess                                 -0.6657138944E+003  -0.1855708345E+000     -0.6657138944E+003  -0.1855708345E+000

-------------------------------------------------------------------------------------------------------------------------

#########################################################################################################################
##################################################   AVERAGE ENERGIES   #################################################
#########################################################################################################################
                                                       Boltzmann                                    Biased
                                               Box 1               Box 2                  Box 1               Box 2      
-------------------------------------------------------------------------------------------------------------------------
Lennard Jones        
 Intermolecular                         -0.3905343681E+006  -0.1562989660E-001     -0.3904378795E+006  -0.1722099614E-001
 Tailcorrection                         -0.1033615852E+005  -0.1323243129E-002     -0.1033387480E+005  -0.1339819591E-002
Total Intermolecular                    -0.4008705266E+006  -0.1695313973E-001     -0.4007717543E+006  -0.1856081573E-001

Electrostatic        
 Real                                   -0.1047454443E+005   0.2065091203E-003     -0.1046853364E+005  -0.4447209506E-004
 Exclusion                               0.1393687659E+008   0.4012106104E+004      0.1393264186E+008   0.3931529705E+004
 Selfterm                               -0.1393938053E+008  -0.4012192805E+004     -0.1393514480E+008  -0.3931615460E+004
 Fourier                                 0.1037310526E+004   0.8865283759E-001      0.1037457574E+004   0.8688145175E-001
Total Intermolecular                    -0.1194116923E+005   0.2158579105E-002     -0.1193402152E+005   0.1081977516E-002

Intramolecular       
 Lennard Jones                           0.0000000000E+000   0.0000000000E+000      0.0000000000E+000   0.0000000000E+000
 Electrostatic                           0.0000000000E+000   0.0000000000E+000      0.0000000000E+000   0.0000000000E+000
 Bending                                 0.2820539458E+005   0.1358013920E+002      0.2820177420E+005   0.1426820249E+002
 Torsion                                 0.0000000000E+000   0.0000000000E+000      0.0000000000E+000   0.0000000000E+000

Total                                   -0.3846063013E+006   0.1356534464E+002     -0.3845040017E+006   0.1425072365E+002

#########################################################################################################################

No errors found in bookkeeping.

Total simulation time :  1 days and  22 hours

Simulation finished.

