#   100 bins for weightfunction of N2                      
 0.0000000    0.5318750000E+001    0.3423437500E+001
 0.0101010    0.5245312500E+001    0.3420312500E+001
 0.0202020    0.5362500000E+001    0.3407812500E+001
 0.0303030    0.5556250000E+001    0.3465625000E+001
 0.0404040    0.5818750000E+001    0.3512500000E+001
 0.0505051    0.5975000000E+001    0.3453125000E+001
 0.0606061    0.6157812500E+001    0.3415625000E+001
 0.0707071    0.6637500000E+001    0.3514062500E+001
 0.0808081    0.6937500000E+001    0.3387500000E+001
 0.0909091    0.7187500000E+001    0.3495312500E+001
 0.1010101    0.7601562500E+001    0.3446875000E+001
 0.1111111    0.8043750000E+001    0.3503125000E+001
 0.1212121    0.8315625000E+001    0.3421875000E+001
 0.1313131    0.8501562500E+001    0.3478125000E+001
 0.1414141    0.8560937500E+001    0.3282812500E+001
 0.1515152    0.8700000000E+001    0.3443750000E+001
 0.1616162    0.8796875000E+001    0.3392187500E+001
 0.1717172    0.8864062500E+001    0.3457812500E+001
 0.1818182    0.9018750000E+001    0.3462500000E+001
 0.1919192    0.8953125000E+001    0.3403125000E+001
 0.2020202    0.8718750000E+001    0.3429687500E+001
 0.2121212    0.8975000000E+001    0.3507812500E+001
 0.2222222    0.8835937500E+001    0.3370312500E+001
 0.2323232    0.8623437500E+001    0.3442187500E+001
 0.2424242    0.8570312500E+001    0.3496875000E+001
 0.2525253    0.8393750000E+001    0.3367187500E+001
 0.2626263    0.8262500000E+001    0.3423437500E+001
 0.2727273    0.8100000000E+001    0.3370312500E+001
 0.2828283    0.7820312500E+001    0.3378125000E+001
 0.2929293    0.7703125000E+001    0.3456250000E+001
 0.3030303    0.7378125000E+001    0.3309375000E+001
 0.3131313    0.7218750000E+001    0.3410937500E+001
 0.3232323    0.7071875000E+001    0.3310937500E+001
 0.3333333    0.6807812500E+001    0.3407812500E+001
 0.3434343    0.6353125000E+001    0.3384375000E+001
 0.3535354    0.6206250000E+001    0.3332812500E+001
 0.3636364    0.6018750000E+001    0.3256250000E+001
 0.3737374    0.5537500000E+001    0.3310937500E+001
 0.3838384    0.5410937500E+001    0.3400000000E+001
 0.3939394    0.5112500000E+001    0.3371875000E+001
 0.4040404    0.4540625000E+001    0.3342187500E+001
 0.4141414    0.4242187500E+001    0.3218750000E+001
 0.4242424    0.3812500000E+001    0.3301562500E+001
 0.4343434    0.3417187500E+001    0.3254687500E+001
 0.4444444    0.2945312500E+001    0.3189062500E+001
 0.4545455    0.2618750000E+001    0.3337500000E+001
 0.4646465    0.2114062500E+001    0.3214062500E+001
 0.4747475    0.1626562500E+001    0.3346875000E+001
 0.4848485    0.1051562500E+001    0.3201562500E+001
 0.4949495    0.7484375000E+000    0.3200000000E+001
 0.5050505    0.4218750000E+000    0.3218750000E+001
 0.5151515    0.3531250000E+000    0.3171875000E+001
 0.5252525    0.5625000000E+000    0.3168750000E+001
 0.5353535    0.3203125000E+000    0.3207812500E+001
 0.5454545    0.4859375000E+000    0.3284375000E+001
 0.5555556    0.4062500000E+000    0.3143750000E+001
 0.5656566    0.4296875000E+000    0.3168750000E+001
 0.5757576    0.4265625000E+000    0.3228125000E+001
 0.5858586    0.3828125000E+000    0.3209375000E+001
 0.5959596    0.4046875000E+000    0.3207812500E+001
 0.6060606    0.4515625000E+000    0.3184375000E+001
 0.6161616    0.3171875000E+000    0.3287500000E+001
 0.6262626    0.4421875000E+000    0.3273437500E+001
 0.6363636    0.4609375000E+000    0.3165625000E+001
 0.6464646    0.4875000000E+000    0.3181250000E+001
 0.6565657    0.3859375000E+000    0.3260937500E+001
 0.6666667    0.3031250000E+000    0.3150000000E+001
 0.6767677    0.3250000000E+000    0.3182812500E+001
 0.6868687    0.3375000000E+000    0.3275000000E+001
 0.6969697    0.4234375000E+000    0.3143750000E+001
 0.7070707    0.3921875000E+000    0.3215625000E+001
 0.7171717    0.3500000000E+000    0.3210937500E+001
 0.7272727    0.3593750000E+000    0.3239062500E+001
 0.7373737    0.3734375000E+000    0.3210937500E+001
 0.7474747    0.3531250000E+000    0.3223437500E+001
 0.7575758    0.3328125000E+000    0.3276562500E+001
 0.7676768    0.3078125000E+000    0.3226562500E+001
 0.7777778    0.2546875000E+000    0.3207812500E+001
 0.7878788    0.2765625000E+000    0.3189062500E+001
 0.7979798    0.3000000000E+000    0.3201562500E+001
 0.8080808    0.2953125000E+000    0.3214062500E+001
 0.8181818    0.2703125000E+000    0.3264062500E+001
 0.8282828    0.2093750000E+000    0.3209375000E+001
 0.8383838    0.2406250000E+000    0.3223437500E+001
 0.8484848    0.3000000000E+000    0.3287500000E+001
 0.8585859    0.2187500000E+000    0.3237500000E+001
 0.8686869    0.1609375000E+000    0.3176562500E+001
 0.8787879    0.2000000000E+000    0.3229687500E+001
 0.8888889    0.1468750000E+000    0.3231250000E+001
 0.8989899    0.1468750000E+000    0.3203125000E+001
 0.9090909    0.2781250000E+000    0.3337500000E+001
 0.9191919    0.1828125000E+000    0.3285937500E+001
 0.9292929    0.1656250000E+000    0.3285937500E+001
 0.9393939    0.1000000000E+000    0.3212500000E+001
 0.9494949    0.4375000000E-001    0.3189062500E+001
 0.9595960    0.4062500000E-001    0.3198437500E+001
 0.9696970    0.1046875000E+000    0.3217187500E+001
 0.9797980    0.0000000000E+000    0.3214062500E+001
 0.9898990    0.7031250000E-001    0.3264062500E+001
 1.0000000    0.1515625000E+000    0.3301562500E+001


