Simulation state at cycle:    1100000
##############################################################################                                           

Number-of-molecules: 401   

Box-size(s):    27.568388   50.793679

------------------------------------------------------------------------------                                           

Deltas
Translation per molecule type
Box 1    0.9037401234E+000
Box 2    0.2539902039E+002

Rotation per molecule type
Box 1    0.1800000000E+003
Box 2    0.1800000000E+003

Volume    Delta_Volume
Box 1   0.5536250731E+003
Box 2   0.2563079042E+004

------------------------------------------------------------------------------                                           

Molecules in box 1
##############################################################################                                           
Moleculetype  1
Number-of-molecules: 323   
Atomtype         X                  Y                   Z
  1       23.2092163391       10.7271562598       19.4167636371
  2       22.6647392238       10.6613134400       19.3754188182
  1       22.1176974810       10.6180123782       19.3384005981
  1       20.1563752555       17.5119337396       23.6709681779
  2       19.9403599461       17.0403086417       23.8537444159
  1       19.7208904247       16.5673383765       24.0287651471
  1       18.5585045127        9.0764193168       20.8094029465
  2       18.2607643773        9.5044632839       20.9844148719
  1       17.9667758529        9.9288012799       21.1741726429
  1       25.2993123773        6.3388031593       10.7205123838
  2       25.7123541194        5.9862773676       10.6332078281
  1       26.1367285063        5.6465420961       10.5496235949
  1        1.1594041102       17.3590283193        3.6610145633
  2        0.7614004441       17.6091564559        3.3754817331
  1        0.3689572055       17.8611099399        3.0839208555
  1       20.9296885355       17.6245780066        9.7704923562
  2       21.2750099150       17.2150176756        9.6459392343
  1       21.6054428375       16.7899544756        9.5335321231
  1       11.2926113598        4.5670534499        1.6908181345
  2       10.7528030665        4.4628564382        1.6750070876
  1       10.2104040965        4.3723284360        1.6854011773
  1       27.5587731183       15.8041687133       22.4694628030
  2       27.5067641994       16.2043827572       22.8431254736
  1       27.4591645760       16.6081573828       23.2135310980
  1        0.9408694385        7.7014970247       26.4276037789
  2        0.5657744941        7.3087838815       26.3405396083
  1        0.1954890212        6.9135604666       26.2446901437
  1        7.1654715966        1.8251868440        3.5425209368
  2        7.1861063555        2.2007220371        3.1412136662
  1        7.2087656845        2.5607119415        2.7260103154
  1        4.6849046485       14.8492375133       26.6597545571
  2        4.6520471065       14.3007885197       26.6347728980
  1        4.6334530264       13.7520230078       26.6029818280
  1       15.0008104076        6.3945522321       19.1951706797
  2       14.9020043079        6.0542847085       19.6158313114
  1       14.8248369636        5.7120314386       20.0393970078
  1        6.4436734209        2.2779548744       18.3084485095
  2        6.5214094582        2.6551850597       18.7010736434
  1        6.5887957164        3.0210201165       19.1061956034
  1       24.4157483413        9.5751020968       12.5682557411
  2       24.9378020775        9.7467938596       12.5463049977
  1       25.4663124645        9.8985695822       12.5344348708
  1       21.2449012564       25.7996387721       19.2651605718
  2       21.0379378323       26.2739316752       19.0788479765
  1       20.8363564547       26.7522014933       18.8968509209
  1        7.1436267344       11.4654598925        0.7829570253
  2        7.2817731617       11.9171298159        0.5011595006
  1        7.3982565780       12.3677631293        0.2081386318
  1        7.2868132848       12.8594570032        9.6190164244
  2        7.7021326301       13.2131754323        9.5490656247
  1        8.1184338850       13.5678213580        9.4905888639
  1       23.5682522371        7.8179613349        5.4213169062
  2       24.0839418314        7.9602125931        5.5491011851
  1       24.5889542032        8.1373603064        5.6759128209
  1        2.8430297779       26.7208814803        6.9117261287
  2        2.4841251413       27.0407242134        7.1789116221
  1        2.1361769775       27.3498326745        7.4719714003
  1        4.5047304503        5.9896390968        5.2932319616
  2        4.2923064025        6.1174877738        5.7841807774
  1        4.0851680865        6.2284837470        6.2814469144
  1       17.0347801538       25.8388174830        3.6180920288
  2       17.4304936770       25.5935221546        3.9109076866
  1       17.8272248060       25.3445844042        4.1992380641
  1       17.4974648388        7.6907624167       24.0642012393
  2       17.6986481258        7.2267885733       24.2804269492
  1       17.9287075365        6.7635389036       24.4674360668
  1        9.2129836084        3.6448136574       10.4363731623
  2        9.4866517465        3.1677598153       10.4414112144
  1        9.7630313516        2.6923354091       10.4506819655
  1       20.3004456386       24.7080609549        7.7220005214
  2       20.1246877996       24.9194751901        7.2456464481
  1       19.9353941544       25.1218920918        6.7705724404
  1       16.7308221093       21.3341738992       16.9528420783
  2       16.7418417235       20.8541389566       17.2210677705
  1       16.7381905938       20.3715631298       17.4848996102
  1       26.9988390265       24.8000600189       14.9290553161
  2       26.6693513652       24.5168869844       14.5917855228
  1       26.3053885312       24.2519931120       14.2757755690
  1       23.9522659778        7.1023262749       24.2035371518
  2       23.9926684872        6.6998957211       23.8308210580
  1       24.0246670117        6.2879424183       23.4678188958
  1        8.3690680038       10.1560548418        3.4692664962
  2        8.6773458412        9.7659129745        3.7043283993
  1        9.0046914236        9.3953545613        3.9452253297
  1       24.4277036783        4.4630930673        6.9448698140
  2       24.7750275365        4.0499823832        6.8390128340
  1       25.1412454812        3.6506748496        6.7444723161
  1       14.0712107851        2.9840709790        3.7107189942
  2       14.2789091058        3.0761014984        3.2098279970
  1       14.4856732896        3.1855579179        2.7120651382
  1       11.9264139313       18.6136550142       26.3561619848
  2       12.1438097297       18.2756925790       26.7316888936
  1       12.3588321089       17.9315013312       27.1029001009
  1       19.6301993117        3.3449928137        5.3132276065
  2       19.2887786353        3.6467964207        5.6211992033
  1       18.9297253721        3.9530315266        5.9036895804
  1       22.9010912270       15.1385570040        6.2653827357
  2       23.3226924098       15.3471820489        6.5503880572
  1       23.7646537784       15.5191881396        6.8289271971
  1       22.9646178688       13.2161375041       23.3454982697
  2       22.5006729276       13.4766152090       23.4848053290
  1       22.0250236278       13.7139439390       23.6259889562
  1        2.5448520970        1.2100475255       10.9956328622
  2        2.9800771831        1.4467201224       10.7567496138
  1        3.4154028990        1.6775387853       10.5123845899
  1       26.0076241567       12.7621252318       22.5128948623
  2       26.1211796724       12.8275130208       23.0470573674
  1       26.2470771347       12.8927896865       23.5784600254
  1       21.3771353207        6.0993644154        7.9029806443
  2       21.5622638994        6.0727390509        8.4202025496
  1       21.7093489450        6.0392249743        8.9491097201
  1        2.6119479556       24.7903581111       18.4269902034
  2        2.3110254833       25.1038114102       18.7641736772
  1        2.0357454449       25.4287014069       19.1122647421
  1        7.6276952421        8.4866996848       23.4038185665
  2        7.1198851826        8.2923229840       23.4865630021
  1        6.6004802210        8.1240128140       23.5528213717
  1        2.5991077790       12.8415865451        2.3913443307
  2        2.3079024369       13.1792182730        2.7133757966
  1        2.0090663988       13.5103833221        3.0351314983
  1        2.7786610321        3.6512164414       16.4478827926
  2        3.3229946623        3.6516524915       16.5266273725
  1        3.8590456482        3.6258693969       16.6469792380
  1        6.7834100746        8.8567193411        8.5578551088
  2        6.7059136960        8.4722113834        8.9434039926
  1        6.6184864264        8.1082087951        9.3463414409
  1        7.6701533020       23.4138266330       13.9759336926
  2        8.1483176530       23.6722480316       13.8918073940
  1        8.6135085826       23.9531125495       13.8068808339
  1        9.9344665358       15.5031365600        7.0882223018
  2        9.5515176163       15.1924762784        6.8446236267
  1        9.1675007980       14.8962937926        6.5851876667
  1        4.1193583184        6.3399595124       13.0695904206
  2        3.7601606500        6.7546318421       13.1086275059
  1        3.3791572136        7.1496768200       13.1443464898
  1       12.9761384229       22.0189573914       27.8094770228
  2       12.9691748868       22.3788209077       27.3936047362
  1       12.9760374638       22.7495304891       26.9873692007
  1       16.4527057668       23.9752552064       14.2751602617
  2       16.7644156402       24.3000637776       14.5911291635
  1       17.0861692068       24.6227862752       14.8990655707
  1       14.0862498535       15.7033314939        5.1300477690
  2       13.6524139819       16.0359255992        5.0694870745
  1       13.2092167326       16.3579706199        5.0208743000
  1        4.1265561283       11.1024819762       23.6130955029
  2        4.6496431545       11.2641028645       23.5605726372
  1        5.1732451973       11.4247257593       23.5101624650
  1       14.2923096371       10.7314792090       27.4401716093
  2       14.3228147203       10.2537933533       27.1692737261
  1       14.3259938822        9.7660187007       26.9151757523
  1        4.3439186571       18.2788406154       15.5226173540
  2        3.8991258477       18.0720385006       15.7713988686
  1        3.4457396733       17.8780400966       16.0149262698
  1       11.4991421404       24.0895580723       23.5822570155
  2       11.5578695659       24.4689406438       23.9761097214
  1       11.6196287280       24.8572265659       24.3607132154
  1        6.9746093895       14.2100390375       13.9737967117
  2        7.2825159230       14.5072415206       13.6283053940
  1        7.5816112414       14.8100908607       13.2799890626
  1       18.4289596920       27.4097356756       10.9929480354
  2       18.8901039566       27.2195320018       10.7612833429
  1       19.3653145636       27.0284407807       10.5608861794
  1        1.7302278409        1.9743296376       13.9707613243
  2        1.2154525229        2.1549613497       13.9009146601
  1        0.7076404617        2.3620731736       13.8593021392
  1        3.1442443340       20.1821513807        6.4865947015
  2        2.8242462524       19.8743716609        6.8112065803
  1        2.4877870422       19.5649945844        7.1171167361
  1       25.3216673483       21.6200738966        2.7690541200
  2       25.1042995486       21.1737143311        3.0057276883
  1       24.8886208337       20.7166697495        3.2227367695
  1       25.7145606379       11.2305175307        1.8454204682
  2       25.5823904771       10.9187018574        2.2787817891
  1       25.4460320393       10.5849058250        2.6940968313
  1       12.0442696996        7.7776491690        1.8304281296
  2       11.7814255932        8.2203824360        1.6370367389
  1       11.5228118459        8.6715577564        1.4579843472
  1        3.1285164549       10.7322833459        5.2585162338
  2        3.4371738165       10.4848032521        5.6405950691
  1        3.7430721410       10.2223403556        6.0148135106
  1       18.5061378334       16.4159384739        7.6039442442
  2       17.9774800169       16.2803000956        7.5359505435
  1       17.4455678130       16.1479309418        7.4906977709
  1       24.1096364395        4.9232548363       14.4241698540
  2       24.4318135889        4.9515520659       14.8690306763
  1       24.7440599059        4.9925194146       15.3199452057
  1       24.1558015306       22.9059109599       12.3261101861
  2       23.7344472297       22.6142409258       12.1263875177
  1       23.3106741399       22.3153607896       11.9431198675
  1       26.5050856017        3.7175970453        1.3823682095
  2       26.5027427245        3.2507189519        1.0916460795
  1       26.4950082930        2.7784820385        0.8098084043
  1       15.8772460503       20.2992778085       12.5905902860
  2       15.7386497459       20.1414339094       13.0988976418
  1       15.5999357341       19.9933228048       13.6100938102
  1       25.6066188464       19.6815131011       27.5947206005
  2       26.0220239551       19.3255599873       27.5378349568
  1       26.4318280216       18.9637923426       27.4771324256
  1       10.8475150497       16.3749140908       19.6206089428
  2       10.8345747592       16.4656397927       20.1629201043
  1       10.8146985626       16.5630902751       20.7038529460
  1        4.6643373448       22.4888453905        9.3826404099
  2        4.5544571315       22.7974183334        8.9408156962
  1        4.4552836698       23.1007759235        8.4928884745
  1       18.6670138062       11.7279944608        5.4375343880
  2       18.8452484039       12.2459708631        5.4868585685
  1       19.0374495531       12.7579881664        5.5451423429
  1       19.7969429132        9.1406818504       13.9315168259
  2       19.5047444263        8.9396096190       13.5111717272
  1       19.2330662918        8.7389824859       13.0770752590
  1        0.4653897475       22.2006259456       18.7022572660
  2        0.1196549453       22.1593283451       18.2765085669
  1       -0.2335786842       22.1490605019       17.8550580083
  1       15.2148028757       17.8973496786       24.7119709625
  2       15.3088036620       17.4547864721       25.0247035326
  1       15.3939656150       17.0212023486       25.3521974236
  1       14.7265997681       25.8928550187       26.6634547291
  2       14.3842735931       25.8672108328       27.0931699437
  1       14.0353186699       25.8514869062       27.5180031095
  1       19.5315145143       23.1754552689       16.2866213234
  2       19.4412528044       23.3675331259       16.7940254233
  1       19.3319491624       23.5529716397       17.3001531447
  1        1.6402423483        8.0692186740       18.4767489464
  2        1.3769754021        7.6461163087       18.2439939174
  1        1.1216962927        7.2243618646       18.0001583905
  1       23.5012673801       16.4757870163       24.8530413551
  2       23.8064388020       16.5892589895       24.4097643373
  1       24.0995470516       16.6653244198       23.9506329799
  1        6.7818767635        3.8021681325       26.7310118473
  2        6.4347919891        3.5705954057       26.3726736947
  1        6.1196334342        3.3347067470       25.9885752374
  1       12.7908878904        4.1377777449       10.5870447840
  2       12.7605506534        3.8334260653       11.0441549537
  1       12.7247974181        3.5275951854       11.4998842352
  1       21.1943886329        7.1777561165       21.5514825443
  2       20.8613825686        6.8916307076       21.8827516365
  1       20.5002538490        6.6312761579       22.2057091497
  1       27.1106599857       25.9958373234       23.5833830669
  2       27.5047777605       26.3546170809       23.7192074579
  1       27.8928659037       26.7152652953       23.8669249503
  1        4.8599998578       18.8050971534        9.6047329530
  2        5.0820303076       18.3123906655        9.7069229532
  1        5.3097516162       17.8228124186        9.8115945579
  1        4.3352036417        9.7848431105       26.9314051285
  2        3.9833673886        9.9279947754       27.3291724623
  1        3.6023359981       10.0809602721       27.6951186813
  1       16.6974803198       22.3062892226        2.4383024478
  2       16.2059872617       22.0594484496        2.4362514384
  1       15.7140783474       21.8154476787        2.4677036698
  1        5.3011684222        8.9815283666       16.3892932005
  2        5.5040316236        9.4839160741       16.4839140910
  1        5.6899588505        9.9944012728       16.5695641184
  1        6.6872628208       13.7749926027       20.5423596777
  2        7.0948836548       14.1341789004       20.6279777792
  1        7.5080299231       14.4922379846       20.6880098716
  1       12.2112771974       11.3496999420       18.8978855628
  2       11.7469917200       11.5906549927       19.0678257257
  1       11.2635253153       11.8075978152       19.2151215039
  1       14.4741142917       14.1082644579       21.3365006498
  2       14.0693178433       14.4741363960       21.2673807514
  1       13.6735110595       14.8507135590       21.2039250256
  1        2.7688555781        1.9645577897       26.3969589000
  2        2.2290030808        1.8593970554       26.3962510345
  1        1.6886669198        1.7641787379       26.4345955792
  1        7.3597701767       19.8946286854       13.3395814474
  2        7.4262059036       19.7619968912       13.8691993298
  1        7.5086276512       19.5926181604       14.3859366906
  1       27.2855038831       12.0479310560        8.0448854996
  2       26.7431628711       12.0299521501        7.9552028055
  1       26.2049378162       12.0161514071        7.8428492173
  1       25.3550992189       17.4289037496       20.2844109152
  2       25.1234535716       17.8602043379       20.0337715396
  1       24.8913819485       18.2957016517       19.7909035705
  1       16.1181979499        3.5311598136       10.2467378081
  2       16.5683311026        3.7548537468       10.4699891668
  1       17.0209557800        3.9834244815       10.6830298193
  1        1.3711657555       24.7539984256        3.4019458584
  2        1.1153719764       25.1495271995        3.6858939726
  1        0.8635519429       25.5603027446        3.9511299453
  1        9.6269158171        5.4209866577       25.0787684536
  2       10.1341984858        5.2221039915       25.0038686597
  1       10.6365986521        5.0185228580       24.9108697675
  1        7.6327773336       15.6360916290        2.7135301392
  2        7.5981411164       15.5995985826        2.1658362557
  1        7.5863379600       15.5475767694        1.6184292632
  1       22.5863504935       18.2724621054        1.0921387219
  2       22.1500449867       18.4660029877        1.3654140987
  1       21.7125805048       18.6683340789        1.6303423070
  1       10.4724534848       25.1948975432       10.5106509316
  2       10.4535272064       25.2724838956       11.0548220021
  1       10.4541196338       25.3498667243       11.5993507395
  1       14.1563520587        5.3272844708       26.5420856488
  2       13.8386880023        5.7141128006       26.7700185129
  1       13.5093000652        6.0961275956       26.9892633126
  1       20.8653882712        2.7020012225        0.2943966940
  2       20.9959294207        2.7536809259        0.8261750468
  1       21.1091553050        2.8263265413        1.3594690677
  1       15.5146428976        5.0649581889        5.9856037645
  2       15.5628171901        4.6514687038        6.3450556851
  1       15.5995764662        4.2202045093        6.6844079345
  1       15.7100629302       18.3998805657        8.9673025300
  2       15.8124094639       18.3952416936        9.5076761673
  1       15.9212880115       18.3741842359       10.0463802088
  1       16.9075178935        5.4116772460        1.9411970728
  2       17.1460125906        5.5646562992        2.4125967851
  1       17.3843100524        5.7163814656        2.8845012167
  1       20.7267473258       26.8287019720        2.8725631912
  2       20.9068596509       26.7900156940        3.3907937598
  1       21.0966277950       26.7428680369        3.9048610208
  1        3.1837133789        0.3435412118       16.2481193958
  2        3.4584359040        0.2660045611       16.7182423606
  1        3.7388550320        0.1724058561       17.1820358427
  1       14.0199065612       20.6101557065       22.6354448583
  2       13.8157122122       20.9638993244       22.2671106071
  1       13.6087387952       21.3246884962       21.9072590028
  1       20.4509603316       19.5689466525       19.4938769302
  2       20.0280922354       19.5980660017       19.8443546566
  1       19.6048434704       19.6314848553       20.1939882679
  1        9.8628613006       23.2935545713       27.6506886596
  2        9.5128649495       23.3351403853       27.2284645790
  1        9.1522524911       23.4001281038       26.8182996728
  1        0.9874343948       14.0537532802       27.2845822936
  2        0.7455646342       13.9986733479       26.7937002101
  1        0.5412537936       13.9142794754       26.2900785727
  1       18.2698905974       14.2798388531       11.0627931416
  2       18.6620335059       14.4265082298       10.7061251822
  1       19.0481931137       14.5931807253       10.3517228184
  1       19.4374514875        5.2710080043       14.3734529691
  2       19.2984156768        5.0254816998       14.8455608774
  1       19.1405639537        4.7683698992       15.3054264605
  1       25.2810189586       23.3768945997        8.8615679307
  2       24.9423991181       23.0032368887        8.6419853299
  1       24.5957710063       22.6461568827        8.4077998897
  1        7.0024788270        4.9060549010       22.6027814921
  2        7.2500927812        4.5220655241       22.9089505436
  1        7.5017399931        4.1380544432       23.2117857620
  1       10.3720909521        0.3418719352        4.5870031271
  2       10.4933241384        0.7438135866        4.2316928072
  1       10.5966416536        1.1525660076        3.8784974670
  1       15.3162187763        6.1076701756       13.1526899472
  2       15.5046343070        5.6791029512       13.4413588267
  1       15.6599341151        5.2288394110       13.7163946660
  1        4.3523106959       21.0843243957       12.4907840482
  2        3.9980471708       20.7039682504       12.6705799257
  1        3.6404706597       20.3191802706       12.8336052251
  1        4.4431045400        1.7182189295       22.5965673004
  2        3.8959283853        1.6627072147       22.5924800961
  1        3.3496179059        1.6042921003       22.5673298779
  1        4.6391922769       23.7880509249        2.9348233894
  2        4.5504756175       23.5514365313        3.4233343750
  1        4.4678117238       23.3063237230        3.9087068000
  1       26.5351692421       12.5508083208       18.1498199208
  2       26.7137226234       12.1158137605       18.4351240086
  1       26.8889589318       11.6715066185       18.7078572093
  1       14.4390733713        1.1021063570       13.1910222846
  2       14.3329497865        0.6023510938       12.9873498475
  1       14.2290675210        0.0939308252       12.8050936970
  1        0.9483289912       15.6327792821       13.3816835155
  2        0.6738684535       16.1083913088       13.3506252910
  1        0.3951475160       16.5807328942       13.3092965520
  1        7.7953084644       25.1794323118        3.0867422431
  2        7.6415757656       25.7007796584        3.1707850981
  1        7.4833808708       26.2174812941        3.2732243191
  1        8.5304990741        6.8298158753       13.5336244622
  2        8.6436958456        6.7577334995       13.0002478391
  1        8.7708361745        6.6804029391       12.4707619374
  1        6.6321011368       22.8325744790       23.6148329475
  2        6.8219387908       22.5125431868       24.0198534866
  1        7.0186954841       22.1994702271       24.4270047172
  1       16.3738844366       10.2279873350       12.5837014094
  2       16.3770611269       10.6106886748       12.1886955953
  1       16.3560808210       10.9919796294       11.7928710967
  1       16.0122522275       21.5894370374       25.7206751107
  2       15.9420986480       21.1485746507       26.0419519871
  1       15.8602264267       20.7060690063       26.3581571310
  1       13.4942001753        9.6988883000        6.6175294876
  2       13.9205738931        9.4040944821        6.8013828467
  1       14.3523513099        9.1004515194        6.9558794892
  1        8.3627118418       18.9967038147        0.1085666438
  2        7.9319745741       19.2496461339        0.3387526323
  1        7.5097929108       19.5085892411        0.5779410715
  1       25.9426139887       21.5456388051       22.5513255772
  2       26.0837809469       21.0702020032       22.3135615400
  1       26.2126444777       20.5930899565       22.0721940104
  1        9.1515799932       15.8172277133       23.6259846089
  2        8.9355858262       15.3615787988       23.8455992407
  1        8.7001341535       14.9189030053       24.0716537710
  1       19.5972946555        0.5932909575       22.8596861285
  2       19.6919577866        0.1042949653       22.6264012998
  1       19.7907088739       -0.3924084726       22.4118461401
  1       18.1362541887       13.1816077122       13.9935662240
  2       17.6802146773       13.3247630466       14.2656590653
  1       17.2228319639       13.4605814978       14.5392543884
  1       25.6245715523        3.1629349974       23.9743204114
  2       25.3918566431        3.1245301861       23.4774614359
  1       25.1523924837        3.0957300595       22.9831665158
  1        8.5735335501       18.6079855034       18.6458668217
  2        8.9338223618       18.8449354545       18.3044774650
  1        9.2845552138       19.0473093121       17.9322795509
  1       23.5580189446       26.5230990000        9.8072576264
  2       23.4912465479       26.7685977930        9.3196391386
  1       23.3926788341       27.0044584487        8.8326543792
  1       25.0148061383        0.5774525383       14.1228937589
  2       24.7687142654        0.8191248874       14.5513015854
  1       24.4996704533        1.0635423868       14.9640672721
  1       12.8314004814       11.3113111799       15.1016131556
  2       13.0731667877       10.8453444980       14.9375274933
  1       13.3296831636       10.3865959308       14.7755117533
  1        7.6123034233        8.0597044220       26.7231504469
  2        7.4490299940        8.0667373637       27.2483097799
  1        7.2919049828        8.0608172043       27.7753550166
  1       17.6656125006       19.7783458380       22.6641918499
  2       17.4539646400       20.2083152009       22.3943186759
  1       17.1900972273       20.6239325722       22.1490918663
  1       14.2178661818        7.0952205713       23.1291205222
  2       13.8311029193        6.9796826643       23.5027047440
  1       13.4482983712        6.8863935600       23.8864466103
  1        5.9449377313        5.2695775568       10.1273136635
  2        5.9798285130        4.8961464282        9.7250303983
  1        5.9990194527        4.5221079384        9.3222563736
  1       26.9287694113        6.3465128603       21.9874839211
  2       26.7539121047        6.7342713739       21.6388175226
  1       26.5731649392        7.1300586230       21.3023908373
  1       13.3883558156       24.3064809051        9.5784378099
  2       13.7133880456       24.6768701539        9.8227037588
  1       14.0411638851       25.0575459895       10.0466432734
  1       24.7189983964       24.8140393552        1.1457352441
  2       25.1777524494       24.9249341590        1.4281304659
  1       25.6411745191       25.0215670495        1.7081341601
  1       17.1502638167       26.5493143642       20.7470475250
  2       16.7150451699       26.7344865997       20.4663413214
  1       16.2788977653       26.9161704345       20.1847983859
  1       12.2050144319        2.7081932951        7.1434828157
  2       11.7585682686        2.4181210180        7.2814824437
  1       11.3001446818        2.1404040763        7.4048563241
  1       12.5940791929       26.3446763321       21.1160493923
  2       12.5517182552       26.8399170761       20.8805878107
  1       12.5143763727       27.3318257288       20.6374181988
  1       24.3287263261        6.7880683172       18.2088795322
  2       23.9828922192        7.1901663761       18.3545363945
  1       23.6512422057        7.5987264534       18.5144955478
  1        1.9434401310       21.4860724999        2.6660285477
  2        2.0115044754       21.1629759047        3.1058874286
  1        2.0771686426       20.8321912603        3.5403638206
  1       21.3653795543       10.3408230301        8.2004849079
  2       21.6780717019       10.0605430899        8.5556845361
  1       22.0134415958        9.8036673923        8.9078803755
  1       13.1316409164       15.4604339328        8.2891259720
  2       13.5727507708       15.4081640173        8.6134559772
  1       14.0328978804       15.3421828724        8.9074136698
  1       10.7321064681        6.4733275327        8.2456693954
  2       10.2774446469        6.5210171342        8.5514607136
  1        9.8155413669        6.5639839352        8.8469251156
  1        1.5618607750       15.6413391942       18.6353109098
  2        1.2002765818       15.3347109072       18.9141226112
  1        0.8571355744       15.0262945080       19.2135112762
  1       11.3650653272       27.5922517089       15.3064512607
  2       11.4008452204       27.1114050591       15.5710382948
  1       11.4617997357       26.6346425722       15.8383996179
  1       13.3467511514       18.8592629549       19.6841450516
  2       13.5697342120       18.3578208279       19.6476163244
  1       13.7742942148       17.8498946293       19.5959812485
  1       23.2248051424        4.5826099434        3.8746515531
  2       22.7512048941        4.8418562484        3.9795045843
  1       22.2911188939        5.1190796302        4.0976911655
  1       24.6398450792        1.4699104413        4.0721313270
  2       25.1808778468        1.4698648189        3.9732195361
  1       25.7211167923        1.4649851876        3.8701755170
  1        2.8308814558       21.1056351122       17.1320118516
  2        3.3638640040       21.1056520517       17.2677675257
  1        3.9049074050       21.1339987735       17.3624696934
  1       20.9522931149        8.5086656089        1.6905551236
  2       20.4726036261        8.2428865140        1.6486091220
  1       19.9920591556        7.9798386776        1.5997947128
  1       10.5831996237       17.7907598071       14.8628651253
  2       10.5290480743       17.8057370966       14.3157423872
  1       10.4846740597       17.8106491825       13.7675573662
  1       24.7192541411       19.0702405404        7.7690835490
  2       24.7530508127       19.0042542444        8.3140639099
  1       24.7972781147       18.9453240565        8.8591062731
  1       20.9292561902       18.8616293962       16.1927294259
  2       21.4406588524       18.8424245628       15.9912387526
  1       21.9412155089       18.8339837768       15.7634849694
  1       17.7450710244       16.6874586903       21.1206351393
  2       17.1952266949       16.6816693187       21.1089007254
  1       16.6456015274       16.6739727127       21.0901141218
  1        7.0389300818       26.2185291472       15.8285132350
  2        6.7776342194       26.4554102326       15.4064802698
  1        6.4992608685       26.6810962590       14.9892583937
  1       10.2328194783       23.7196918765       17.2436955357
  2        9.7562097712       23.4452420934       17.2391674391
  1        9.2633344715       23.2011663027       17.2381946211
  1       20.5807413067       10.3528327280       22.7912936321
  2       21.0747159002       10.2254985234       22.9969027303
  1       21.5762528239       10.1330727376       23.2028594910
  1       13.4264525614       26.6770798382        5.5907895341
  2       13.7990083007       27.0107058165        5.3618879663
  1       14.1619841610       27.3588246859        5.1392632224
  1       24.7789471666       -0.0115042220       26.1247941216
  2       24.6829474644        0.2475524122       26.6003713682
  1       24.6021806933        0.5180405415       27.0724019812
  1        5.5525226101       27.6222728310       25.9569562586
  2        6.0631796631       27.4377985965       26.0446981012
  1        6.5671358586       27.2409297984       26.1435456021
  1        2.7491654016       15.7105121219        6.1232850343
  2        2.9890260186       15.2370137412        5.9791803225
  1        3.2212066397       14.7525381221        5.8613858716
  1        9.5786338010       11.5179636001       22.0074017136
  2        9.1514141555       11.3906594064       21.6852573100
  1        8.7179440509       11.2787484814       21.3657583081
  1        0.7413411532        8.3499544188       13.8290241047
  2        0.5025917945        8.5865340493       14.2643731855
  1        0.2328306621        8.8147997773       14.6858274390
  1        2.9593121991       14.0337920771        9.4431638474
  2        3.2905847681       14.2174696865        9.8419382457
  1        3.6039867043       14.4278176156       10.2419794612
  1       12.6012044242        2.5948530545       27.2475344822
  2       12.9366047156        2.1956993133       27.0723690304
  1       13.2691472121        1.8025703420       26.8790684900
  1        1.9928508029       19.1280830130       19.8850471390
  2        1.6962164465       19.2860521604       20.3204249142
  1        1.3875267617       19.4470785530       20.7461961889
  1       21.6958785614        2.1488584357       16.9515268978
  2       21.8156950022        2.6737433817       16.8390999704
  1       21.9556804934        3.1906210258       16.7136345877
  1       18.7245998030       23.5336066849       21.1677957009
  2       18.8891455137       23.4791709357       21.6897741089
  1       19.0442042995       23.4300335512       22.2151713770
  1       10.5703701388       16.7993141452       10.5941551919
  2       10.1219506350       16.5152476715       10.4501892683
  1        9.6637767318       16.2410017439       10.3184097379
  1       14.6753237965       24.0659787106       23.9436673724
  2       15.1831382161       24.0048516393       23.7414595673
  1       15.6849602973       23.9508483921       23.5229229639
  1       11.9876146048       13.9731407616       13.0836374384
  2       12.4234203539       13.9762554209       12.7481323743
  1       12.8464545744       13.9721141725       12.3966712850
  1       22.6968178814       11.3796609998        0.9224962303
  2       22.7168950567       11.1493687369        0.4234347304
  1       22.7302041869       10.8839652881       -0.0581084924
  1       25.8586527443       24.8409080006       20.4532623774
  2       25.3634187493       24.9165841719       20.2262901163
  1       24.8923632061       24.9999241965       19.9548843048
  1       18.8316620790       21.8687732607        6.3050036336
  2       19.0338361386       22.0930357834        5.8452950623
  1       19.2300420857       22.3164173863        5.3825814524
  1       20.4139498738       16.0229396695       13.5038025140
  2       19.9159287746       16.0566076519       13.7347601979
  1       19.4188716130       16.0793606721       13.9691028469
  1       16.0390537343       12.8183247574        7.5599665644
  2       16.2625468289       12.6963805466        8.0474913803
  1       16.5249544628       12.5533756630        8.5092183948
  1        9.7305355008       21.1022038002        9.6756521964
  2        9.4805762785       21.1256884484        9.1862966421
  1        9.2174094929       21.1545974064        8.7042100170
  1       21.7110627272       15.5837080232        2.8669421587
  2       21.3238167438       15.6355837966        3.2540460885
  1       20.9247346352       15.6714949214        3.6308004656
  1       10.3683239020       10.0672461879       11.8517308690
  2       10.5944109996        9.6500730942       12.1298517676
  1       10.8427224829        9.2387058306       12.3974678745
  1       26.3741539568       26.8027665210       17.3290639913
  2       26.7265904154       27.2158664370       17.2416740485
  1       27.0906996990       27.6219301176       17.1707042249
  1       13.8961996754       22.8577186436       17.9384515221
  2       14.1953706892       23.3189128921       17.9212303258
  1       14.5181089892       23.7639082867       17.9033673052
  1       12.7469428572       12.1600269598        9.2788488749
  2       12.2029698680       12.1404577868        9.3576551853
  1       11.6585755467       12.1272227313        9.4348539885
  1        8.2384003891        0.3459256467       22.5463573452
  2        7.8543173703        0.6233886728       22.8256323060
  1        7.4883899308        0.9148617107       23.1148391114
  1       22.1387859526       21.0758655327       23.6684953172
  2       21.8870647253       20.7272568784       23.3255544624
  1       21.6333374960       20.3931120145       22.9699286730
  1       17.6639303329       17.2669146255       16.8585126295
  2       17.8109174005       17.1340983542       17.3715960925
  1       17.9521130985       16.9832414934       17.8813077575
  1        3.2451234771       12.1695446533       14.7311563087
  2        3.3759638324       12.3509320361       15.2336296103
  1        3.5009367103       12.5416147531       15.7341512184
  1       27.4052410064        3.6865856191       17.4963468986
  2       27.1353876444        4.0352183874       17.8251847857
  1       26.8621814026        4.3827157733       18.1524521308
  1       16.1491725202       27.2874631873        7.9817577015
  2       16.6800832042       27.3591115751        7.8572572833
  1       17.2071725720       27.4481638709        7.7278490689
  1       23.4725610330       26.8582700663       22.9204637253
  2       23.7900934914       27.3067894731       22.9429020785
  1       24.1306665012       27.7377465026       22.9709388864
  1       -0.0904345330       18.2410190003       10.4509144757
  2        0.4327850160       18.1129121251       10.3398742483
  1        0.9567964602       18.0094390166       10.2087051928
  1        6.1633862813       12.4684879826        5.5362944984
  2        6.1925218765       12.7005884613        6.0340700351
  1        6.2135014375       12.9382344698        6.5296345936
  1       16.9949104872        3.0174188115       25.1937404066
  2       17.3968376228        3.1052567334       24.8287211233
  1       17.8016334055        3.2267917964       24.4767699879
  1        1.1575575161        3.7598770036        7.0557561455
  2        1.0871927533        3.2342785340        7.2016843775
  1        1.0122704692        2.7051096627        7.3315572229
  1        2.0567261119        5.7972857556        9.6825737152
  2        2.2949775755        5.3017199029        9.6702966716
  1        2.5129274437        4.7971310790        9.6505996499
  1       15.7345865714       12.5678482872       18.6208175222
  2       16.2737116838       12.6445360772       18.5435964368
  1       16.8086985496       12.7309839576       18.4497038579
  1       21.1831825454       21.0657025673        9.4585596014
  2       20.6725799398       20.9511908380        9.6278878125
  1       20.1641249710       20.8351120040        9.8025281513
  1       15.2149106554       17.5375262988        1.5879393130
  2       15.6805577465       17.8188915685        1.6686013953
  1       16.1455961770       18.1036783774        1.7402654073
  1        4.1894721797       24.7772516398       25.4711479443
  2        3.6411414382       24.7710548230       25.4287805348
  1        3.0925233688       24.7624513755       25.3907779874
  1       20.6833547445        6.7420757254       17.6265583455
  2       20.3122840782        7.0391683218       17.9032215880
  1       19.9286396349        7.3248003080       18.1747566844
  1        3.6685725435       11.4915976381       19.7002448419
  2        3.1738901682       11.7216151891       19.6303787287
  1        2.6722403886       11.9269725689       19.5372345167
  1       12.9204213635       10.8645398604       23.1184406365
  2       13.0060686087       10.9238689375       22.5783993325
  1       13.0759899317       10.9969268211       22.0377760319
  1        2.3392190640       18.6787339573        0.0897615847
  2        2.8263752336       18.4618675955        0.2244755318
  1        3.3226350943       18.2539995748        0.3385677561
  1        7.7946160298       18.6134073785        6.1310976477
  2        7.8673295732       18.6366076034        6.6757759842
  1        7.9595694027       18.6467539257        7.2178911610
  1        1.1938986955        9.5257280099        2.9355975608
  2        1.2935532980        9.0538698646        2.6711758315
  1        1.4029182153        8.6011884795        2.3785687956
  1       10.5385299914       15.0507634781       27.2401321460
  2       11.0752713463       14.9544178311       27.3117298714
  1       11.6088440493       14.8511369976       27.3961883763
  1       11.7592917756       25.8927253562        2.4546387414
  2       11.4920219578       25.4741701811        2.6910248870
  1       11.2311194822       25.0450757587        2.9153190552
  1       15.1005109652        0.6644332185       24.0664156996
  2       15.4754123042        0.5539796771       23.6794415387
  1       15.8366035164        0.4480664236       23.2784137466
  1       24.5520192608       14.5654759177        0.4000776280
  2       24.9262411434       14.9463849027        0.2682962647
  1       25.2955721374       15.3307847720        0.1329029253
  1       21.5506643933       22.1467179575        2.9878821572
  2       21.7217829028       22.5652854621        3.3009631369
  1       21.8911473462       22.9952328085        3.5992263823
  1       19.9468491417       13.2833620651       20.1520943101
  2       19.6000441226       13.6065929132       20.4309277686
  1       19.2655563671       13.9303259391       20.7238695176
  1       12.4662256042        6.6738825577        5.3203046785
  2       12.1762143357        6.3734112752        4.9623794454
  1       11.8817212921        6.0797606917        4.6024583692
  1       26.4905999596       13.2812415470        5.0151142291
  2       25.9754397763       13.4738810626        5.0150632159
  1       25.4633685104       13.6741827489        5.0278010369
  1       21.6243809782        6.5224036722       26.6563198006
  2       21.2898688334        6.6474649883       26.2380360545
  1       20.9593181023        6.7671106509       25.8150453590
  1       17.6253070087        0.0645850257        0.1109995884
  2       17.3032064581        0.5077148438        0.0621406114
  1       16.9976782684        0.9615527759        0.0057167187
  1       16.8634801589        8.3680684562       16.1844574920
  2       16.5900959587        8.8127433810       16.3577355642
  1       16.3168944476        9.2565800483       16.5334340166
  1       19.2326224984        3.0591809686       19.1053716724
  2       18.7213659746        3.2381150238       19.2007622948
  1       18.2104347900        3.4196986924       19.2928312626
  1       21.8025828869       18.6010337659        6.6068689733
  2       21.6718645051       19.0834596107        6.3773520698
  1       21.5148340468       19.5513560167        6.1346292085
  1       20.9566066053       27.0502459288       26.3015282400
  2       20.7119227323       26.6098660245       26.0808580286
  1       20.4636151241       26.1742448033       25.8548547492
  1        4.8531804607       20.2653535522       21.1540233491
  2        5.3134438395       20.1834526316       20.8642823246
  1        5.7555424424       20.1086033347       20.5457757986
  1        4.9027290381       19.0004607076        4.3590520795
  2        5.2654901790       18.7645305259        4.0195799835
  1        5.6358862943       18.5341515229        3.6845691900
  1        0.4069465470       20.3492914774       13.9671161366
  2        0.1053024533       20.7664027904       14.1608401499
  1       -0.2004961763       21.1823213852       14.3505739624
  1       21.4261526575        3.7033279713       24.2596216387
  2       21.7195778361        3.2460233288       24.1743331371
  1       21.9853430231        2.7726395343       24.0861478350
  1       10.0988390555        3.3336254643       19.1427226911
  2        9.9829759350        2.8904695952       19.4471707375
  1        9.8763994216        2.4419940837       19.7471893391
  1        3.6363640439       23.8749494782       14.8467985276
  2        4.1596447406       23.7361734070       14.9438475592
  1        4.6774818733       23.5718572871       15.0295500428
  1        9.7477153182       14.7542650442       16.2463241489
  2        9.3211397178       15.0492758427       16.4293593529
  1        8.9131834310       15.3611274370       16.6263879047
  1        1.3453022988        2.3667457256        3.2291259212
  2        1.3910582251        1.8513703656        3.0425927244
  1        1.4474721934        1.3323129176        2.8696857295
  1       10.9576474565        1.7331973483       24.2355534826
  2       11.2535258415        1.2770565454       24.3185688378
  1       11.5532439836        0.8199964588       24.3799293424
  1       24.1253268762        6.9239182479        1.2042037271
  2       24.3655997936        7.0216354201        1.6891988606
  1       24.5848641813        7.1373447191        2.1801514911
  1       11.5224341732       12.2504124317        5.9435572238
  2       11.0085408866       12.0559024122        5.9194835390
  1       10.4969668462       11.8553575607        5.8955301943
  1       17.7408713049       23.3657391918       10.3789515679
  2       18.0387175470       23.7700512074       10.1546316845
  1       18.3181769013       24.1842777203        9.9248081341
  1       11.7445681109       12.1069542384        2.4732693800
  2       12.1914402224       11.8762653038        2.6959528580
  1       12.6350593519       11.6648326797        2.9429312223
  1       24.2698013435       10.1216566032       15.6890446013
  2       24.5337632525       10.0458348681       16.1655686564
  1       24.8059531238        9.9767762890       16.6384783577
  1        7.6062274494       10.9207203544       12.8201464520
  2        7.1993384730       10.5835302612       12.6676859588
  1        6.8091296174       10.2464552932       12.4763289263
  1       15.4449169536        0.1485038680       16.5075637311
  2       15.1187834051        0.2766773513       16.9314840853
  1       14.7930078639        0.4280132999       17.3479786548
  1       26.8166429869       23.5015082284       25.5883826403
  2       26.8420454355       23.0479416915       25.8984344299
  1       26.8515943454       22.5731591874       26.1759058539
  1        4.4238909975        4.3432637769        2.1205332889
  2        4.1876027827        4.2420654465        1.6342959215
  1        3.9625707847        4.1363709490        1.1436949919
  1        0.1413768830        8.5983605956        7.5075459962
  2        0.1359663568        8.0561802602        7.5998022161
  1        0.1261292576        7.5155120250        7.7002068473
  1        5.1859057055       16.7895171367       18.8985371278
  2        5.7016259551       16.6237862016       18.8033222062
  1        6.2151865895       16.4473273470       18.7160425038
  1        9.9801368190       10.5265634853       26.1538645097
  2       10.4352249239       10.8144589585       26.0420118686
  1       10.9098458867       11.0673644572       25.9268001096
  1       10.2912580049       20.2052669410       24.0607416200
  2        9.8546510992       19.8772745622       24.1262809923
  1        9.4108373553       19.5562184602       24.1758020901
  1        0.6487571780       21.8179824818       10.3092520103
  2        0.9429516883       22.2067383069       10.0546572371
  1        1.2409671894       22.5848663632        9.7887513643
  1       12.5343687374       21.0416103411       15.4423512537
  2       12.8644818770       20.7117633958       15.7334290916
  1       13.1969662566       20.3741796692       16.0126984308
  1        7.7538698443        6.8355026519       18.8252421955
  2        8.2824941389        6.8597318095       18.6753445537
  1        8.8034596347        6.8859727668       18.5009703488
  1       19.5729963012       21.8667440318       13.1467100573
  2       19.3835385558       21.3930038591       13.3520780477
  1       19.1851449239       20.9223585081       13.5561195126
  1       22.2569755972       15.3634826873       16.2332267670
  2       22.3316671104       14.9356465120       16.5706840013
  1       22.4268781612       14.5043786751       16.8984688509
  1       26.2162503024        1.7525174366       11.1149180811
  2       25.7605829426        1.8786678492       10.8339317280
  1       25.3048353309        1.9858746478       10.5453129209
  1        9.5530423842       21.2677196104       20.5825095205
  2        9.1498266344       21.6314705014       20.6697009673
  1        8.7600950346       22.0105682009       20.7527323669
  1        2.5833190724        5.0757978193       20.9701935641
  2        2.8215123451        4.5800815389       20.9647774577
  1        3.0680857788        4.0886465166       20.9508792681
  1        3.6088331076       14.9138459832       22.1259500042
  2        3.8506078157       15.2577296842       21.7712825674
  1        4.0989729873       15.6207873102       21.4411251796
  1       19.2128167248       11.6886044359        1.6902457075
  2       19.4075721867       12.1919380966        1.5842950773
  1       19.5915059627       12.6991764342        1.4776290851
  1        4.4325357671        8.0308941112       19.8338793946
  2        4.4693925436        8.1266840502       20.3742180528
  1        4.5145088451        8.2342924192       20.9116982452
  1       27.2593241121       16.3439350929        6.9752753652
  2       27.3550773617       16.0049289758        7.3976569080
  1       27.4864558811       15.6816134411        7.8227530721
  1       14.6129419871       14.0371756983        1.0207363416
  2       15.0162423593       14.0039164105        0.6482546245
  1       15.3877466697       13.9802621457        0.2433780728
  1        1.3948289398       12.5064307219       12.0582575445
  2        0.9621734182       12.2637305278       11.8207584594
  1        0.5326020087       11.9983478919       11.6027207112
  1       21.2155184615        1.7769084920       12.7113503316
  2       20.7530943605        2.0744465255       12.6997283944
  1       20.2934969701        2.3755541014       12.6751425151
  1       14.5728658573       15.3536532930       17.6624748970
  2       14.0840482272       15.4422535086       17.4264509020
  1       13.6007043086       15.5380995811       17.1821310588
  1        7.0812720611       27.1366415462        6.8867961498
  2        7.3618341298       26.8076659423        7.2267372883
  1        7.6433186926       26.4762917852        7.5635719774
  1       13.2021545613       24.3090478685       14.8411445508
  2       12.9809592291       24.4747546103       14.3656301969
  1       12.7524754250       24.6212902916       13.8872763066
  1        0.4537954543       23.9753545287        6.8609903486
  2        0.4151735340       23.4716299788        6.6435738701
  1        0.3836765561       22.9671297451        6.4268079743
  1        1.5228385506       20.6300951790       23.9258968437
  2        1.6002086036       20.0861145906       23.9014224837
  1        1.6828256689       19.5428779673       23.8775815393
  1       24.4628304606       19.4520345247       13.3056061254
  2       24.6683110522       18.9927454703       13.5277126110
  1       24.8736308292       18.5331815838       13.7493989264
  1        9.7216030083       26.5027274703       19.2311723671
  2        9.3935435443       26.6086685013       18.8026242531
  1        9.0479985502       26.7237075684       18.3904778361
  1        4.2408020265       21.1648585324       27.3930637550
  2        4.6954154453       21.4720758115       27.4310661613
  1        5.1417397187       21.7911813344       27.4693585527
  1        8.7262157219        4.2744654671        5.6012225335
  2        8.6888640265        4.7282890043        5.2927601405
  1        8.6768894068        5.1844638241        4.9857403672
  1        2.7205578585        9.5940185562        9.6772112940
  2        2.9584810454        9.5154668341       10.1668256157
  1        3.2202362207        9.4647201498       10.6478755105
  1       11.3412729340        5.9444804495       15.9875837703
  2       11.8658234917        5.7798272432       15.9722203701
  1       12.3907995425        5.6171760858       15.9511313677
  1       24.6042012162       25.5868512657        5.6278192453
  2       24.1127877475       25.3764498491        5.4984204559
  1       23.6232228181       25.1615775672        5.3693620142
  1        8.1910783690       22.8251178927        5.9948214528
  2        7.8351947700       22.4313341318        5.8506645467
  1        7.4812721344       22.0317459308        5.7181200761
  1       27.2101666318       25.7112977935       10.0847859233
  2       27.3360220206       25.9943012648       10.5392850501
  1       27.4909009701       26.3002878160       10.9692673062
  1       25.0826110615       17.2249124313        4.0998267186
  2       24.6060984769       17.4730023701        4.2176704239
  1       24.1357991269       17.7338344724        4.3329315833
  1       20.8638194187        2.7590908008        8.8097853895
  2       21.1113059526        2.3557729509        8.5294549995
  1       21.3619960684        1.9660609915        8.2331796993
  1       19.2855148044       20.0447472772       26.1399582098
  2       19.4590481974       19.5900535082       26.3961607427
  1       19.6158187332       19.1357648028       26.6636392844
  1        9.5393202520        0.6611264925       -0.1204033309
  2        9.2595910660        0.3285644644        0.2167228769
  1        8.9806068885       -0.0042888372        0.5541788108
  1        4.3185701214        1.9034130456        5.0464122099
  2        4.6507253772        1.9008358785        5.4847799143
  1        4.9862003869        1.8803749435        5.9201393830
  1       11.6488641908       19.1693811595        7.5335742075
  2       11.4831435874       19.2473715364        7.0149662797
  1       11.3136025781       19.3378911080        6.4996391484
  1        3.1512729359        6.5047872708       24.2066773126
  2        3.3831984769        6.0162879445       24.1062833305
  1        3.6140465052        5.5295319434       23.9954781760
  1        9.9467188437        6.1104838923       21.8175291570
  2       10.4552714264        6.1237246044       21.6084862088
  1       10.9585479303        6.1399487445       21.3872407865
  1       21.8549856122       11.9759877573       11.9946205636
  2       21.3742904395       11.9726187740       11.7273738593
  1       20.8942803564       11.9566377726       11.4593534745
  1       14.8051012450        8.2121929988        3.3017635843
  2       15.1428804290        8.3221067900        2.8818538543
  1       15.4993720543        8.4416587577        2.4804549915
  1       23.1476860450        2.5890847128       20.1599979997
  2       22.9702836927        3.1079782858       20.2021627404
  1       22.7730847904        3.6195651084       20.2456542886
  1       19.3019881218       23.4318252944        0.8398052339
  2       19.1825355789       23.9269034550        1.0474797505
  1       19.0582688451       24.4271671156        1.2392974969
  1        5.0443844014       17.5205364023       23.8239659964
  2        4.8099713558       17.9819435760       24.0101216948
  1        4.5794691538       18.4408041998       24.2071386023
  1       10.7481468670       17.0900691729        2.9733177412
  2       10.3747232148       17.1217585411        3.3758727809
  1       10.0185056119       17.1557137683        3.7935521566
  1        0.6927372003        9.9702507973       24.0169210563
  2        0.6513535439       10.4058091683       24.3502021665
  1        0.6172509754       10.8239012983       24.7059211352
  1       18.4772828937       19.1345295523        3.8523484979
  2       18.8988142924       18.7906076203        3.9331506305
  1       19.3103418645       18.4324064288        4.0026989073
  1       14.5780257064       21.2640810749        6.9649137354
  2       14.9190044931       21.6584438816        7.1401605434
  1       15.2515800038       22.0641409128        7.3053980923
  1        4.8015274395        3.3541798062       13.1659899562
  2        5.3006782071        3.1245222318       13.1413747226
  1        5.7994541680        2.8987487507       13.0889450077
  1       17.8450501038       12.7071684996       23.8257300670
  2       17.8362226624       12.1948111959       24.0255101202
  1       17.8038560150       11.6870965516       24.2345035149
  1        7.5686088937       27.5142477540       11.8212906570
  2        7.3004977847       27.0984960772       11.5809430411
  1        7.0354281991       26.6716365669       11.3572712453
  1        4.9870026679        8.4058758890        2.9609084627
  2        5.0696935900        8.9479648382        3.0033558716
  1        5.1303335082        9.4941190511        3.0265587823
  1        4.1407880155       25.6392282633       10.4526313921
  2        4.2473251613       25.3331335645       10.8969914622
  1        4.3456672308       25.0420689974       11.3531824903
  1       13.5313840936       16.9839630926       12.2648241460
  2       13.6060281964       17.4306856505       12.5768613460
  1       13.6720659591       17.8620721494       12.9115921355
  1       22.8737759707       22.2407338336       20.1504068280
  2       22.4464794565       22.4817642414       19.9017664622
  1       22.0280711672       22.7436176573       19.6591406371
  1       23.3053697951       24.4161688948       16.3100948206
  2       23.3000360467       23.9146348308       16.5357829544
  1       23.2884188260       23.4105613612       16.7554986261
  1        6.4292394804       24.2805527045       20.4111374806
  2        6.2521988256       24.6876088977       20.7358864023
  1        6.0688415606       25.0967070152       21.0545066191
  1       24.2720293525       14.1711355461       20.1888703733
  2       23.7319169161       14.2652134854       20.1449625443
  1       23.1909967590       14.3563308159       20.1049248782
  1       17.2799511497        6.9730686416        8.2127140200
  2       17.4820247986        7.2944284246        8.6107016207
  1       17.6705542602        7.6403390801        8.9945016461
  1       15.9514422786       11.9788243744        3.2182314226
  2       15.7247150572       11.9093665343        3.7144877833
  1       15.5041350571       11.8287098103        4.2118196196
  1       26.3529330042        5.3937959570        4.3793161692
  2       26.7209187593        5.6879156181        4.0954498116
  1       27.0755317679        5.9917165858        3.8048391009
  1        8.7581012329       11.2319208737       16.6354144757
  2        9.0911814760       10.8577638782       16.4083371886
  1        9.4271593865       10.4850099724       16.1832297289
  1        8.9396362811        2.7272502474       14.8931292326
  2        9.2997237851        3.1429320581       14.8863748445
  1        9.6534982394        3.5637523768       14.8704408003
  1        3.4257919553       26.7940748750        1.6616399473
  2        3.0516343597       26.8045344783        1.2586552202
  1        2.6831014654       26.8109561445        0.8504368142
  1        2.8315178761       23.4514716859       21.8847808009
  2        2.7540771905       23.0000515622       21.5802765939
  1        2.7012728550       22.5440048010       21.2774019453
  1       12.5106578368       20.3659915908       10.7699631371
  2       12.5916592701       20.9093222324       10.7969924118
  1       12.6932557443       21.4480509960       10.8411452670
  1       19.6456266558        8.2237711023        5.2183184129
  2       19.5596666259        7.6827676479        5.2675742313
  1       19.4645237929        7.1429367063        5.3126341331
  1       10.3718105729       20.4641091227        3.6480833365
  2       10.5096933148       20.9639580494        3.8314938051
  1       10.6293502530       21.4688345882        4.0139270715
  1       23.2828646507       11.4505211534        5.4353556824
  2       22.9094319549       11.6382512083        5.0778568038
  1       22.5152821783       11.7989791517        4.7295573912
  1       13.3346018745        2.9803763033       22.3648081767
  2       12.8918801418        3.2273940699       22.1515484985
  1       12.4170274933        3.4328213692       21.9649618272
  1       17.2881458566       15.7382574614        4.1379455005
  2       17.3689703848       15.3543996620        3.7524320955
  1       17.4310388313       14.9611646822        3.3729406495
  1       11.2977042319       24.3825846799        7.2016638829
  2       11.3561364382       23.9485630890        6.8689313539
  1       11.4148532298       23.5027724510        6.5521932217
  1       19.4061621476       11.0136212521       17.1751756099
  2       19.6366576465       11.4356560200       16.9082327703
  1       19.8613761709       11.8659922174       16.6497519373
  1        0.1448135029        1.9829084518       21.6997990937
  2        0.0292521702        1.5567409464       21.3718862459
  1       -0.0876306580        1.1199623044       21.0587364075
  1       25.9030515511       14.6964367508       11.4436708731
  2       25.7256534163       14.6495948034       10.9251771569
  1       25.5504091688       14.5763703627       10.4090108717
  1       22.6382604053       21.7489705913       27.0767589142
  2       22.9315083443       21.9559309204       27.4934999230
  1       23.2211352594       22.1457577392       27.9207961059
  1       21.9525357495       25.2199346538       13.1322877531
  2       22.2720531835       25.6675139255       13.1413102236
  1       22.6173182806       26.0956108304       13.1463153919


Molecules in box 2
##############################################################################                                           
Moleculetype  1
Number-of-molecules: 77    
Atomtype         X                  Y                   Z
  1       29.9135944259       31.3771164684        3.2533312753
  2       29.5232140112       31.6241974120        2.9549118739
  1       29.1523062213       31.8862539774        2.6446639619
  1       40.2868857647       35.7199404057       36.7070516658
  2       40.6456320387       35.7094002924       37.1238130087
  1       41.0152989599       35.6965936125       37.5308539836
  1       49.6007632838       30.2503763428        4.5899124576
  2       50.1247599102       30.1752796099        4.7392041730
  1       50.6533282018       30.0934411355        4.8673370109
  1       23.5904517742       36.0115217183       16.0789690637
  2       23.0823811668       36.2217524377       16.0660345179
  1       22.5766396048       36.4347523320       16.0292036009
  1        0.7886983232       20.3453871740       28.5464241982
  2        0.5689867492       20.7801731998       28.8017434808
  1        0.3422938021       21.2130890479       29.0541205304
  1       35.4869939503       35.4080211325        3.8227799426
  2       35.8820907234       35.2014965041        4.1448763844
  1       36.2781677697       34.9957484620        4.4662651140
  1        1.1144983871       32.0504320893        0.6137885439
  2        0.9098553598       31.8412699129        1.0794841691
  1        0.6947906063       31.6281940048        1.5386636636
  1       15.9274517068        4.9115885556       31.9249782049
  2       16.4580469638        4.8678537908       32.0630214723
  1       16.9812767996        4.8239099207       32.2267269217
  1        0.9070085579        2.8945007353       43.8471062346
  2        0.6100587178        2.4508812800       43.7147333850
  1        0.3246249023        2.0055644949       43.5640001876
  1       26.4791655870        6.2763674115       24.0744830192
  2       25.9596850043        6.1566681980       24.2098049409
  1       25.4420621274        6.0503586073       24.3623330601
  1        0.9064769684       36.3122652828       38.7792955997
  2        1.4538457323       36.2962499771       38.7280028489
  1        2.0024948218       36.2921240107       38.6896994294
  1       13.4148439750       36.7385919138       43.1300568247
  2       13.1988264081       37.2028840072       42.9293847968
  1       12.9902057189       37.6731649351       42.7349284884
  1       41.5199545738       44.9057370864       28.0890659128
  2       41.4363261303       44.8896273655       27.5456997745
  1       41.3632633664       44.8908765222       27.0005756866
  1       45.9705122037       37.2437482777       30.8196527312
  2       45.9080498501       37.1701213996       30.2781940189
  1       45.8300666230       37.0854975894       29.7403674427
  1       33.2668248687        7.4399266674       23.1261963801
  2       33.4884491877        6.9848645522       23.3413733598
  1       33.7036450189        6.5330961344       23.5696189509
  1        1.6761829494       22.3731282025       25.4648546082
  2        1.1464239371       22.2734682194       25.3556608508
  1        0.6068137328       22.2063848111       25.2730736680
  1       34.0199995039       19.9302265321       20.5282690788
  2       34.5335402565       19.8523190676       20.7091179727
  1       35.0528603392       19.7847366140       20.8771633911
  1       14.2364475415       41.6139603449       35.2139908752
  2       13.9247811257       41.4161006911       34.8062953973
  1       13.6119796954       41.2196253100       34.3987997669
  1       26.8376982594       18.8549562139       -0.0239898468
  2       26.8342007349       19.0384610473        0.4944826630
  1       26.8157110333       19.2333313709        1.0084706852
  1       33.0526673051       31.3684624972       28.8955793247
  2       33.4708971416       31.0806942623       29.1071762217
  1       33.8829285699       30.7886659317       29.3250054098
  1       28.0568713101        7.4833256229       34.6409293964
  2       28.3820185741        7.7866488203       34.9646179731
  1       28.6807125582        8.0706582576       35.3287890076
  1        3.0090780986       40.4400523123       36.2344798836
  2        3.5119837611       40.6050405549       36.3840284522
  1        4.0005942243       40.7882259304       36.5578183611
  1       33.9023290188       41.7903755836       22.4111362136
  2       33.9571469171       42.3348364362       22.4664297757
  1       33.9755956512       42.8826419537       22.5119133795
  1       13.1589733514       17.2719808804       16.2577108041
  2       13.5032607497       17.3755612934       16.6739286382
  1       13.8478070958       17.4474377115       17.0965651190
  1        7.4573572721       45.0014912117       50.8083073110
  2        7.3912887785       45.4986596345       50.5825673866
  1        7.3092150964       45.9832994377       50.3358121012
  1        2.2797049495       35.3842038278        8.9463704663
  2        2.3739137402       35.7831181205        8.5796388331
  1        2.4908223520       36.1719821876        8.2086710275
  1        3.8080532636       32.4302203232       35.3489832887
  2        3.4675318494       32.6186163784       34.9603290814
  1        3.1394744295       32.8073781161       34.5612710221
  1       43.8868415696       21.0025800149       14.9227023096
  2       44.3694191308       21.2571910607       14.8534772221
  1       44.8577774038       21.4931909097       14.7623165535
  1       23.9987602245        3.9879122091        3.8244958146
  2       23.8988415230        4.4887766601        3.6204099140
  1       23.7963745712        4.9988438296        3.4419946531
  1       45.2952995029       47.3038376371       34.1942697516
  2       45.6053135215       47.3012011873       34.6485652032
  1       45.9168672894       47.2864711982       35.1015743380
  1       43.2467412467       27.3840371051       41.7144186513
  2       42.9047621562       27.6586988565       41.3825885382
  1       42.5566370380       27.9203205915       41.0466376953
  1       47.6269574586       35.0239872918       44.5289879379
  2       47.3213384998       35.0348358808       44.9861305417
  1       47.0027280235       35.0637551384       45.4335129731
  1       44.0595174433        3.0687180080       16.8582003014
  2       43.5440773546        3.1836608003       16.7045459181
  1       43.0278390482        3.3002815348       16.5548875930
  1       11.8025759119        6.9593130921       37.4073202506
  2       11.5963012155        6.6974627502       37.8447961334
  1       11.3797540728        6.4382675882       38.2788758519
  1       33.3256328934       43.4260872100       32.4751109823
  2       33.5909333530       43.9068008634       32.4430165974
  1       33.8321979529       44.3988774902       32.3966271032
  1       22.6249721925       20.0399478834       17.2623550175
  2       22.9865027064       20.2093655344       17.6406318301
  1       23.3460122179       20.3895674099       18.0158386988
  1       46.1082892120       16.9673341354       41.7970462379
  2       45.9977851393       16.4993029186       42.0639462755
  1       45.8867281308       16.0157384067       42.3012892818
  1       34.4681149343       16.8731593104       48.6756827487
  2       34.5870268889       17.0766935193       49.1726070617
  1       34.7214745436       17.2785750029       49.6662341413
  1       21.8288589192       20.9079991527        1.8623114250
  2       21.6956880385       21.4183737980        2.0181422243
  1       21.5944891016       21.9389821137        2.1638328409
  1       35.0286276645       48.0434806581        4.9215072460
  2       35.2718853738       48.5159805480        5.0631742532
  1       35.5146613089       48.9948716860        5.1824349853
  1       45.5011698221       34.3074491143       33.4381120850
  2       45.9126276787       34.6366318168       33.5957229367
  1       46.3335054350       34.9563341330       33.7478818742
  1       45.4652089780       39.4781155324       45.8298363389
  2       45.5135627121       39.2951891051       45.3134064418
  1       45.5519528577       39.1067207263       44.7981338286
  1       13.4796799755       10.6481984442        4.0094821048
  2       13.2954392664       11.1480386448        3.8726788339
  1       13.0713746482       11.6280586214        3.7247739053
  1       19.6688118103       18.3187671500       41.7217509682
  2       19.3560680434       18.7709911800       41.7353437230
  1       19.0488435877       19.2267654797       41.7549120781
  1       25.8082023878       40.1751099123       45.4735476437
  2       26.2347345466       40.1725244960       45.8207703866
  1       26.6540956249       40.1680168330       46.1766017595
  1        4.7938454691       30.7026197507       30.7095414175
  2        5.1545155353       30.5691142573       31.1027250725
  1        5.4863619356       30.4230105682       31.5162848356
  1       29.6805795585       27.6779548322       13.7118713983
  2       29.6976943857       27.3364937594       14.1426978349
  1       29.7163154753       26.9896215182       14.5691165286
  1        9.9326309337       -0.1078792487       27.0692624663
  2        9.9063823450        0.2976129935       26.6986048708
  1        9.8870538249        0.7141230774       26.3399326565
  1       11.3378270875        8.3768833718        3.4898218487
  2       10.9955608667        7.9469577164        3.5125762972
  1       10.6563514405        7.5151090792        3.5432963031
  1       47.0226562483        1.3609698995       21.1233359441
  2       47.5510132930        1.4384483679       21.2550018857
  1       48.0733950557        1.5139624227       21.4096463830
  1       48.5484056018        3.8343028693       39.9970846928
  2       48.6110379914        4.1469807794       40.4452026553
  1       48.6642447670        4.4478395812       40.9025351594
  1       40.5604331708       36.0628056411       11.5695516962
  2       41.1050678216       36.0077485559       11.6228603683
  1       41.6498636985       35.9741058385       11.6904297327
  1       13.9945605664        1.6429951541        8.7986334374
  2       13.7439807817        1.1599565240        8.8785299540
  1       13.4730064889        0.6912320711        8.9753303611
  1       16.7790039795       14.5470312489       33.2300287651
  2       16.3520881896       14.6667029732       32.9045727976
  1       15.9378790138       14.8029268501       32.5693507622
  1       43.9429297321       42.5125314687       40.5442251245
  2       43.8420102205       42.2605525681       41.0225784310
  1       43.7561465777       42.0131944047       41.5062532938
  1       10.4328996412       47.2724283924       29.6548136866
  2        9.9791535402       47.3710363883       29.9495863769
  1        9.5225831689       47.4538679280       30.2448530887
  1        9.0490540449       48.5365768168       11.2568974947
  2        8.5298887560       48.3550262130       11.2542934577
  1        8.0200905567       48.1505267438       11.2262620099
  1       32.0107725572        1.8626231647       32.2561265266
  2       32.1169061471        2.1257130239       32.7273158591
  1       32.2059004545        2.3818954359       33.2058036688
  1       47.2435754653       45.9560467887        5.7338321932
  2       47.1788920365       46.4972904007        5.6605423128
  1       47.1077777312       47.0358175788        5.5743377134
  1       50.7358919143       45.0445643478        7.6108256903
  2       50.5498652794       45.2102056275        8.1011898994
  1       50.3392974082       45.3657635429        8.5848870212
  1       26.9912711259       32.3088870469       45.2309121587
  2       26.8469813997       31.7786609954       45.2076568536
  1       26.7050388908       31.2473465746       45.2000865550
  1       28.6699543966       33.5876191782       32.0718977951
  2       28.1961856584       33.3093826612       32.0468453835
  1       27.7065771532       33.0592092218       32.0328182377
  1        9.7393871224        0.8948861615        6.5993008660
  2        9.9514958042        1.0812717189        6.1273153460
  1       10.1824578325        1.2434189735        5.6552297518
  1        2.7845825775       27.2070881242        6.6547216136
  2        3.0595033255       27.3759510715        6.2092961009
  1        3.3351339201       27.5572670686        5.7692366919
  1       41.8053961976       47.6066324894       34.3799644299
  2       41.2640223733       47.5110379581       34.3633491396
  1       40.7213684823       47.4255783508       34.3364528733
  1       48.9969486398       14.6827126025       12.6888519181
  2       49.5344210007       14.7976423986       12.6684901109
  1       50.0736127075       14.9045916158       12.6502098689
  1       26.0670333293       28.4240590252        8.9624637284
  2       25.7378078994       27.9846958209        8.9951836157
  1       25.3950377898       27.5562280553        9.0329198686
  1       46.3466118337       23.8768768076       41.1918067325
  2       46.0338578875       24.0709035755       40.7831031939
  1       45.7426893707       24.2673423266       40.3598624694
  1       48.9629461614       23.4132727447       36.0975067368
  2       49.0755018404       23.0744875753       36.5159034720
  1       49.1842943192       22.7228333245       36.9245640689
  1        5.1014201545       31.1516238045       40.5782747743
  2        5.3460030614       31.5919434652       40.7991770107
  1        5.5739207359       32.0437275447       41.0146872847
  1       47.2845896356        4.9457929479       18.5075382674
  2       46.9047423425        4.7989305765       18.8771968637
  1       46.5164972560        4.6471161480       19.2359699550
  1       42.5288802267       43.7395755334       32.6157973387
  2       42.4744199651       44.2136502849       32.3423248358
  1       42.4466244433       44.6935303714       32.0750375174
  1        8.0702238951       15.1096048538        4.1693256361
  2        8.4382392022       15.1212036947        4.5778965610
  1        8.8008366675       15.1326647389        4.9912870805
  1       19.8074825925       12.9121482254       22.8376189458
  2       20.1908379223       13.3054515697       22.8084441198
  1       20.5854216371       13.6864090719       22.7675164700
  1       29.6876321193       48.6365962075       14.1046173656
  2       29.3238436386       48.4763655071       13.7245067712
  1       28.9668771215       48.2875652268       13.3511043625
  1        0.7897131984       48.6221766976       12.4650523484
  2        0.6478862332       48.7227413605       12.9868491101
  1        0.5216496467       48.8222704813       13.5128322632
  1       38.6019876049       37.1968920304        2.8162862393
  2       38.7853990687       37.6063510747        2.4981612229
  1       38.9761848017       38.0106451848        2.1777753999


Number-of-fractionals:  1        
##############################################################################                                           
Fractional-type:      2
Box:                  2
Lambda:               0.793080
Reaction-Step         1 (only used if Type = 3 (RxMC))

Moleculetype  1
Atomtype         X                  Y                   Z
  1        2.1711172181       14.8607654626       15.5600865038
  2        1.6876088674       15.1224201670       15.5440711849
  1        1.2098656510       15.3899337004       15.4921296052

------------------------------------------------------------------------------                                           

