#   100 bins for weightfunction of N2                      
 0.0000000    0.5991308594E+001    0.4219628906E+001
 0.0101010    0.5973046875E+001    0.4204199219E+001
 0.0202020    0.6045312500E+001    0.4220410156E+001
 0.0303030    0.6066503906E+001    0.4218066406E+001
 0.0404040    0.6221093750E+001    0.4240625000E+001
 0.0505051    0.6317675781E+001    0.4211816406E+001
 0.0606061    0.6482324219E+001    0.4244238281E+001
 0.0707071    0.6651171875E+001    0.4225781250E+001
 0.0808081    0.6775292969E+001    0.4226367187E+001
 0.0909091    0.6955078125E+001    0.4210058594E+001
 0.1010101    0.7134082031E+001    0.4231054687E+001
 0.1111111    0.7244238281E+001    0.4217382812E+001
 0.1212121    0.7335546875E+001    0.4218554687E+001
 0.1313131    0.7373437500E+001    0.4210253906E+001
 0.1414141    0.7354394531E+001    0.4229296875E+001
 0.1515152    0.7313085937E+001    0.4240429687E+001
 0.1616162    0.7272851562E+001    0.4206445312E+001
 0.1717172    0.7215234375E+001    0.4215039062E+001
 0.1818182    0.7069824219E+001    0.4223242187E+001
 0.1919192    0.6989453125E+001    0.4213671875E+001
 0.2020202    0.6796679687E+001    0.4205957031E+001
 0.2121212    0.6696191406E+001    0.4205175781E+001
 0.2222222    0.6515722656E+001    0.4200000000E+001
 0.2323232    0.6315234375E+001    0.4181640625E+001
 0.2424242    0.6156054687E+001    0.4210644531E+001
 0.2525253    0.5935156250E+001    0.4232226562E+001
 0.2626263    0.5794140625E+001    0.4201367187E+001
 0.2727273    0.5562011719E+001    0.4215039062E+001
 0.2828283    0.5400195312E+001    0.4200195312E+001
 0.2929293    0.5146972656E+001    0.4216015625E+001
 0.3030303    0.4947070312E+001    0.4181250000E+001
 0.3131313    0.4748242187E+001    0.4180957031E+001
 0.3232323    0.4469921875E+001    0.4208007812E+001
 0.3333333    0.4235644531E+001    0.4204589844E+001
 0.3434343    0.4025781250E+001    0.4206640625E+001
 0.3535354    0.3813183594E+001    0.4203417969E+001
 0.3636364    0.3530468750E+001    0.4194726562E+001
 0.3737374    0.3324902344E+001    0.4192382812E+001
 0.3838384    0.3121093750E+001    0.4190332031E+001
 0.3939394    0.2876855469E+001    0.4191503906E+001
 0.4040404    0.2605761719E+001    0.4209472656E+001
 0.4141414    0.2346386719E+001    0.4174707031E+001
 0.4242424    0.2114062500E+001    0.4200781250E+001
 0.4343434    0.1857324219E+001    0.4199023437E+001
 0.4444444    0.1608007812E+001    0.4200292969E+001
 0.4545455    0.1356738281E+001    0.4166308594E+001
 0.4646465    0.1075781250E+001    0.4192773437E+001
 0.4747475    0.8171875000E+000    0.4185058594E+001
 0.4848485    0.5689453125E+000    0.4189648437E+001
 0.4949495    0.3239257812E+000    0.4180957031E+001
 0.5050505    0.2279296875E+000    0.4211914062E+001
 0.5151515    0.2038085937E+000    0.4183984375E+001
 0.5252525    0.1594726562E+000    0.4183300781E+001
 0.5353535    0.2124023437E+000    0.4205273437E+001
 0.5454545    0.1931640625E+000    0.4189941406E+001
 0.5555556    0.1949218750E+000    0.4225390625E+001
 0.5656566    0.2020507812E+000    0.4202734375E+001
 0.5757576    0.2081054687E+000    0.4212109375E+001
 0.5858586    0.1878906250E+000    0.4204199219E+001
 0.5959596    0.2029296875E+000    0.4192382812E+001
 0.6060606    0.1815429687E+000    0.4209765625E+001
 0.6161616    0.1870117187E+000    0.4180078125E+001
 0.6262626    0.1886718750E+000    0.4193750000E+001
 0.6363636    0.1826171875E+000    0.4199609375E+001
 0.6464646    0.1766601562E+000    0.4222363281E+001
 0.6565657    0.1950195312E+000    0.4210742187E+001
 0.6666667    0.1501953125E+000    0.4194531250E+001
 0.6767677    0.1745117187E+000    0.4208203125E+001
 0.6868687    0.1933593750E+000    0.4195117187E+001
 0.6969697    0.1793945312E+000    0.4214453125E+001
 0.7070707    0.1483398437E+000    0.4196093750E+001
 0.7171717    0.1495117187E+000    0.4207714844E+001
 0.7272727    0.1593750000E+000    0.4208300781E+001
 0.7373737    0.1592773437E+000    0.4200195312E+001
 0.7474747    0.1431640625E+000    0.4221093750E+001
 0.7575758    0.1348632812E+000    0.4200390625E+001
 0.7676768    0.1368164062E+000    0.4199121094E+001
 0.7777778    0.1195312500E+000    0.4205371094E+001
 0.7878788    0.1270507812E+000    0.4212890625E+001
 0.7979798    0.1125976562E+000    0.4205078125E+001
 0.8080808    0.1215820312E+000    0.4211328125E+001
 0.8181818    0.9687500000E-001    0.4198046875E+001
 0.8282828    0.1014648437E+000    0.4199511719E+001
 0.8383838    0.1073242187E+000    0.4206054687E+001
 0.8484848    0.9062500000E-001    0.4212011719E+001
 0.8585859    0.8017578125E-001    0.4205273437E+001
 0.8686869    0.6845703125E-001    0.4197265625E+001
 0.8787879    0.7148437500E-001    0.4206250000E+001
 0.8888889    0.7841796875E-001    0.4214257812E+001
 0.8989899    0.5957031250E-001    0.4205957031E+001
 0.9090909    0.5595703125E-001    0.4215917969E+001
 0.9191919    0.4580078125E-001    0.4181152344E+001
 0.9292929    0.2626953125E-001    0.4200097656E+001
 0.9393939    0.9570312500E-002    0.4186425781E+001
 0.9494949    0.4667968750E-001    0.4217871094E+001
 0.9595960    0.6835937500E-003    0.4193164062E+001
 0.9696970    0.7128906250E-002    0.4204492187E+001
 0.9797980    0.2792968750E-001    0.4208203125E+001
 0.9898990    0.0000000000E+000    0.4195312500E+001
 1.0000000    0.4189453125E-001    0.4251855469E+001


