#   100 bins for weightfunction of N2                      
 0.0000000    0.5684375000E+001    0.3793750000E+001
 0.0101010    0.5559375000E+001    0.3600000000E+001
 0.0202020    0.5725000000E+001    0.3728125000E+001
 0.0303030    0.5778125000E+001    0.3684375000E+001
 0.0404040    0.5939062500E+001    0.3681250000E+001
 0.0505051    0.6048437500E+001    0.3610937500E+001
 0.0606061    0.6378125000E+001    0.3748437500E+001
 0.0707071    0.6582812500E+001    0.3690625000E+001
 0.0808081    0.6917187500E+001    0.3720312500E+001
 0.0909091    0.7135937500E+001    0.3576562500E+001
 0.1010101    0.7493750000E+001    0.3742187500E+001
 0.1111111    0.7642187500E+001    0.3603125000E+001
 0.1212121    0.7864062500E+001    0.3643750000E+001
 0.1313131    0.7878125000E+001    0.3579687500E+001
 0.1414141    0.8296875000E+001    0.3567187500E+001
 0.1515152    0.8401562500E+001    0.3728125000E+001
 0.1616162    0.8264062500E+001    0.3573437500E+001
 0.1717172    0.8265625000E+001    0.3528125000E+001
 0.1818182    0.8350000000E+001    0.3573437500E+001
 0.1919192    0.8462500000E+001    0.3678125000E+001
 0.2020202    0.8462500000E+001    0.3537500000E+001
 0.2121212    0.8471875000E+001    0.3579687500E+001
 0.2222222    0.8190625000E+001    0.3559375000E+001
 0.2323232    0.8253125000E+001    0.3489062500E+001
 0.2424242    0.8265625000E+001    0.3515625000E+001
 0.2525253    0.7912500000E+001    0.3462500000E+001
 0.2626263    0.7781250000E+001    0.3515625000E+001
 0.2727273    0.7610937500E+001    0.3510937500E+001
 0.2828283    0.7548437500E+001    0.3551562500E+001
 0.2929293    0.7335937500E+001    0.3445312500E+001
 0.3030303    0.7259375000E+001    0.3429687500E+001
 0.3131313    0.6762500000E+001    0.3523437500E+001
 0.3232323    0.6579687500E+001    0.3246875000E+001
 0.3333333    0.6275000000E+001    0.3437500000E+001
 0.3434343    0.6214062500E+001    0.3406250000E+001
 0.3535354    0.5825000000E+001    0.3335937500E+001
 0.3636364    0.5303125000E+001    0.3298437500E+001
 0.3737374    0.5090625000E+001    0.3239062500E+001
 0.3838384    0.4759375000E+001    0.3309375000E+001
 0.3939394    0.4300000000E+001    0.3165625000E+001
 0.4040404    0.3978125000E+001    0.3087500000E+001
 0.4141414    0.3609375000E+001    0.3048437500E+001
 0.4242424    0.3262500000E+001    0.3164062500E+001
 0.4343434    0.2992187500E+001    0.2993750000E+001
 0.4444444    0.2500000000E+001    0.2948437500E+001
 0.4545455    0.2181250000E+001    0.3025000000E+001
 0.4646465    0.1760937500E+001    0.2859375000E+001
 0.4747475    0.1385937500E+001    0.2890625000E+001
 0.4848485    0.9515625000E+000    0.2851562500E+001
 0.4949495    0.6484375000E+000    0.2703125000E+001
 0.5050505    0.5078125000E+000    0.2651562500E+001
 0.5151515    0.3984375000E+000    0.2626562500E+001
 0.5252525    0.3671875000E+000    0.2667187500E+001
 0.5353535    0.3000000000E+000    0.2690625000E+001
 0.5454545    0.3406250000E+000    0.2768750000E+001
 0.5555556    0.3468750000E+000    0.2604687500E+001
 0.5656566    0.3546875000E+000    0.2687500000E+001
 0.5757576    0.3468750000E+000    0.2745312500E+001
 0.5858586    0.4203125000E+000    0.2623437500E+001
 0.5959596    0.3546875000E+000    0.2635937500E+001
 0.6060606    0.3578125000E+000    0.2623437500E+001
 0.6161616    0.3218750000E+000    0.2657812500E+001
 0.6262626    0.3609375000E+000    0.2712500000E+001
 0.6363636    0.4140625000E+000    0.2628125000E+001
 0.6464646    0.2859375000E+000    0.2673437500E+001
 0.6565657    0.3390625000E+000    0.2684375000E+001
 0.6666667    0.3671875000E+000    0.2593750000E+001
 0.6767677    0.3687500000E+000    0.2695312500E+001
 0.6868687    0.3406250000E+000    0.2629687500E+001
 0.6969697    0.2421875000E+000    0.2654687500E+001
 0.7070707    0.3515625000E+000    0.2712500000E+001
 0.7171717    0.2765625000E+000    0.2632812500E+001
 0.7272727    0.2921875000E+000    0.2685937500E+001
 0.7373737    0.3046875000E+000    0.2635937500E+001
 0.7474747    0.2656250000E+000    0.2592187500E+001
 0.7575758    0.2625000000E+000    0.2609375000E+001
 0.7676768    0.2515625000E+000    0.2635937500E+001
 0.7777778    0.3046875000E+000    0.2656250000E+001
 0.7878788    0.2875000000E+000    0.2640625000E+001
 0.7979798    0.2625000000E+000    0.2609375000E+001
 0.8080808    0.2796875000E+000    0.2657812500E+001
 0.8181818    0.2500000000E+000    0.2634375000E+001
 0.8282828    0.1687500000E+000    0.2576562500E+001
 0.8383838    0.1734375000E+000    0.2562500000E+001
 0.8484848    0.2046875000E+000    0.2573437500E+001
 0.8585859    0.3062500000E+000    0.2756250000E+001
 0.8686869    0.2140625000E+000    0.2701562500E+001
 0.8787879    0.2515625000E+000    0.2690625000E+001
 0.8888889    0.1531250000E+000    0.2626562500E+001
 0.8989899    0.1671875000E+000    0.2609375000E+001
 0.9090909    0.1000000000E+000    0.2548437500E+001
 0.9191919    0.1750000000E+000    0.2657812500E+001
 0.9292929    0.2578125000E+000    0.2729687500E+001
 0.9393939    0.1625000000E+000    0.2695312500E+001
 0.9494949    0.1921875000E+000    0.2654687500E+001
 0.9595960    0.1484375000E+000    0.2617187500E+001
 0.9696970    0.1265625000E+000    0.2651562500E+001
 0.9797980    0.0000000000E+000    0.2548437500E+001
 0.9898990    0.3906250000E-001    0.2573437500E+001
 1.0000000    0.1062500000E+000    0.2631250000E+001


