 0.0000000   0.2590728171E-003   0.2292442178E-001   0.9830058145E+000   0.1112185731E+001
 0.0101010   0.2547374635E-003   0.2380783162E-001   0.9722400990E+000   0.1141146787E+001
 0.0202020   0.2380072898E-003   0.2483462078E-001   0.9697202974E+000   0.1216338173E+001
 0.0303030   0.2167748489E-003   0.2415331478E-001   0.9865424527E+000   0.1212083045E+001
 0.0404040   0.1867459297E-003   0.2479648799E-001   0.9652659731E+000   0.1203677530E+001
 0.0505051   0.1571107044E-003   0.2550016523E-001   0.9901696029E+000   0.1195808817E+001
 0.0606061   0.1251520024E-003   0.2660728749E-001   0.9679769782E+000   0.1187416395E+001
 0.0707071   0.9516696933E-004   0.2612147564E-001   0.9830555600E+000   0.1182126943E+001
 0.0808081   0.7093460515E-004   0.2799888043E-001   0.9844244484E+000   0.1237679277E+001
 0.0909091   0.5376537841E-004   0.2738824721E-001   0.9975879383E+000   0.1157709055E+001
 0.1010101   0.4224676684E-004   0.2977358089E-001   0.9842892654E+000   0.1170278048E+001
 0.1111111   0.3578639455E-004   0.3286818462E-001   0.9714530503E+000   0.1118169096E+001
 0.1212121   0.3179357358E-004   0.3395318986E-001   0.9877728883E+000   0.1224547297E+001
 0.1313131   0.3016062400E-004   0.3549960196E-001   0.9897603800E+000   0.1199055807E+001
 0.1414141   0.3097912918E-004   0.3975064637E-001   0.9915535650E+000   0.1206400812E+001
 0.1515152   0.3299684072E-004   0.4965500532E-001   0.9683605050E+000   0.1109396986E+001
 0.1616162   0.3613985857E-004   0.4752795781E-001   0.1021739945E+001   0.1176510174E+001
 0.1717172   0.4154103903E-004   0.5881704579E-001   0.9713480878E+000   0.1123301435E+001
 0.1818182   0.4993226042E-004   0.6407022016E-001   0.9775093810E+000   0.1177295737E+001
 0.1919192   0.6055674619E-004   0.8271436238E-001   0.9987546730E+000   0.1171809894E+001
 0.2020202   0.7536125911E-004   0.1146091438E+000   0.9910448353E+000   0.1184771669E+001
 0.2121212   0.9606502488E-004   0.1343792204E+000   0.9656514354E+000   0.1134299304E+001
 0.2222222   0.1230352239E-003   0.1727797115E+000   0.9894739257E+000   0.1134914661E+001
 0.2323232   0.1585362593E-003   0.1941091654E+000   0.9854298201E+000   0.1129834693E+001
 0.2424242   0.2104524569E-003   0.2632703684E+000   0.1000601702E+001   0.1102418576E+001
 0.2525253   0.2783147628E-003   0.3061756141E+000   0.9853387417E+000   0.1107014114E+001
 0.2626263   0.3773791640E-003   0.3793359309E+000   0.9809897002E+000   0.1142456057E+001
 0.2727273   0.5097546145E-003   0.4735203849E+000   0.9815933407E+000   0.1069294040E+001
 0.2828283   0.6925276312E-003   0.5328992540E+000   0.1007510230E+001   0.1172883496E+001
 0.2929293   0.9554753728E-003   0.6162364520E+000   0.9735238000E+000   0.1127137596E+001
 0.3030303   0.1322968056E-002   0.7123618656E+000   0.9983296461E+000   0.1093489353E+001
 0.3131313   0.1826750402E-002   0.7642562830E+000   0.1003960854E+001   0.1109148224E+001
 0.3232323   0.2567728187E-002   0.8781553941E+000   0.9923198455E+000   0.1085633732E+001
 0.3333333   0.3623530750E-002   0.9059369176E+000   0.9965823542E+000   0.1102287648E+001
 0.3434343   0.5089481274E-002   0.9987546921E+000   0.1003662658E+001   0.1083133026E+001
 0.3535354   0.7238104852E-002   0.1028684872E+001   0.1012068600E+001   0.1047494692E+001
 0.3636364   0.1031417619E-001   0.1177390330E+001   0.9927973473E+000   0.1018756212E+001
 0.3737374   0.1469296239E-001   0.1316480985E+001   0.1013859485E+001   0.1033079627E+001
 0.3838384   0.2115665288E-001   0.1271667828E+001   0.9952250047E+000   0.9952548121E+000
 0.3939394   0.3041359338E-001   0.1252986825E+001   0.9958473811E+000   0.1004864855E+001
 0.4040404   0.4404368991E-001   0.1347912326E+001   0.9746143461E+000   0.1007941640E+001
 0.4141414   0.6395102533E-001   0.1302220081E+001   0.9993797242E+000   0.1017132717E+001
 0.4242424   0.9323087473E-001   0.1400915137E+001   0.9961649230E+000   0.1011882543E+001
 0.4343434   0.1360590345E+000   0.1359780270E+001   0.1039538072E+001   0.1008766480E+001
 0.4444444   0.1992576910E+000   0.1371872943E+001   0.9948774432E+000   0.9887084613E+000
 0.4545455   0.2922528985E+000   0.1397037285E+001   0.1017151154E+001   0.9668174640E+000
 0.4646465   0.4308016948E+000   0.1434280573E+001   0.1009378782E+001   0.9482520130E+000
 0.4747475   0.6360650020E+000   0.1455451649E+001   0.1015678053E+001   0.9564087662E+000
 0.4848485   0.9416135219E+000   0.1428568534E+001   0.9956287217E+000   0.9176019984E+000
 0.4949495   0.1396684615E+001   0.1417622896E+001   0.1015916962E+001   0.9395977372E+000
 0.5050505   0.1694728653E+001   0.1460430013E+001   0.1006237092E+001   0.9328288104E+000
 0.5151515   0.1689691734E+001   0.1366267422E+001   0.1018669969E+001   0.9253659705E+000
 0.5252525   0.1690960875E+001   0.1474935984E+001   0.1003192556E+001   0.8836133448E+000
 0.5353535   0.1691761673E+001   0.1436953937E+001   0.1019389516E+001   0.8853415814E+000
 0.5454545   0.1698003526E+001   0.1420450315E+001   0.1003571183E+001   0.8947159558E+000
 0.5555556   0.1692329028E+001   0.1381828654E+001   0.1003719221E+001   0.8639350141E+000
 0.5656566   0.1697046081E+001   0.1477932713E+001   0.9927050522E+000   0.8668939647E+000
 0.5757576   0.1701999295E+001   0.1429365510E+001   0.1023309217E+001   0.9137396514E+000
 0.5858586   0.1711243618E+001   0.1436006718E+001   0.1037640150E+001   0.8941791550E+000
 0.5959596   0.1714461777E+001   0.1431419851E+001   0.9904448384E+000   0.8990234547E+000
 0.6060606   0.1721754960E+001   0.1434704101E+001   0.9903239098E+000   0.8590907145E+000
 0.6161616   0.1720649057E+001   0.1454655690E+001   0.1018119796E+001   0.8957110011E+000
 0.6262626   0.1726682787E+001   0.1435442098E+001   0.1015172593E+001   0.9043521842E+000
 0.6363636   0.1737873145E+001   0.1383440400E+001   0.1005239585E+001   0.9443634806E+000
 0.6464646   0.1744136510E+001   0.1436422111E+001   0.1017533287E+001   0.9236115484E+000
 0.6565657   0.1754006359E+001   0.1468445781E+001   0.1005913978E+001   0.8698921934E+000
 0.6666667   0.1760317874E+001   0.1407891659E+001   0.1006119627E+001   0.9029643579E+000
 0.6767677   0.1772042777E+001   0.1442402351E+001   0.1034683755E+001   0.9285998678E+000
 0.6868687   0.1776389470E+001   0.1458989864E+001   0.1019662289E+001   0.9219356826E+000
 0.6969697   0.1791021814E+001   0.1409139110E+001   0.1000316815E+001   0.9519310622E+000
 0.7070707   0.1800396465E+001   0.1451806916E+001   0.9986200155E+000   0.8937863740E+000
 0.7171717   0.1812499779E+001   0.1456437509E+001   0.9945542123E+000   0.8866770370E+000
 0.7272727   0.1830211682E+001   0.1470669940E+001   0.1015071735E+001   0.9289664634E+000
 0.7373737   0.1840952278E+001   0.1454092342E+001   0.1024165200E+001   0.8936685397E+000
 0.7474747   0.1852368415E+001   0.1514869922E+001   0.1003525874E+001   0.9277750276E+000
 0.7575758   0.1861423075E+001   0.1416700844E+001   0.1003709753E+001   0.8730868126E+000
 0.7676768   0.1884804222E+001   0.1416123005E+001   0.9965342106E+000   0.8753518500E+000
 0.7777778   0.1895973197E+001   0.1445817524E+001   0.1003712401E+001   0.8809686190E+000
 0.7878788   0.1907722876E+001   0.1443456341E+001   0.1026781285E+001   0.9065124800E+000
 0.7979798   0.1926641538E+001   0.1445296885E+001   0.1004811438E+001   0.8874625991E+000
 0.8080808   0.1942990017E+001   0.1442832489E+001   0.1008314206E+001   0.8971904764E+000
 0.8181818   0.1956808265E+001   0.1494542089E+001   0.1001325434E+001   0.9395846445E+000
 0.8282828   0.1976485814E+001   0.1433706547E+001   0.1037959753E+001   0.9293592445E+000
 0.8383838   0.1997539038E+001   0.1427071186E+001   0.9893828642E+000   0.8782846152E+000
 0.8484848   0.2011698968E+001   0.1414353135E+001   0.1011496046E+001   0.8819243862E+000
 0.8585859   0.2030507687E+001   0.1424791353E+001   0.1015782843E+001   0.8739771163E+000
 0.8686869   0.2053359522E+001   0.1479033226E+001   0.9993830459E+000   0.8916784490E+000
 0.8787879   0.2073505937E+001   0.1397585381E+001   0.1012579268E+001   0.8773681261E+000
 0.8888889   0.2097139603E+001   0.1446470358E+001   0.1007798227E+001   0.8953313128E+000
 0.8989899   0.2110556466E+001   0.1418119639E+001   0.1001401412E+001   0.8920843228E+000
 0.9090909   0.2140428693E+001   0.1406522946E+001   0.1023942845E+001   0.8886016641E+000
 0.9191919   0.2152403186E+001   0.1432182507E+001   0.1001051693E+001   0.8837966426E+000
 0.9292929   0.2168823071E+001   0.1456131938E+001   0.9781627952E+000   0.8662917004E+000
 0.9393939   0.2201161325E+001   0.1427348285E+001   0.1029267010E+001   0.9097725628E+000
 0.9494949   0.2222254181E+001   0.1385821158E+001   0.1013583930E+001   0.8680068443E+000
 0.9595960   0.2240654043E+001   0.1507299799E+001   0.9908408229E+000   0.8983295415E+000
 0.9696970   0.2261426475E+001   0.1395999056E+001   0.1009378387E+001   0.8739116528E+000
 0.9797980   0.2295711393E+001   0.1465579974E+001   0.1002218676E+001   0.9090000934E+000
 0.9898990   0.2300520245E+001   0.1397568857E+001   0.1003142511E+001   0.8839144769E+000
 1.0000000   0.2328199031E+001   0.1446229104E+001   0.9928678875E+000   0.8810340825E+000


