Simulation state at cycle:     300000
##############################################################################                                           

Number-of-molecules: 401   

Box-size(s):    28.771364   50.420889

------------------------------------------------------------------------------                                           

Deltas
Translation per molecule type
Box 1    0.7354498729E+000
Box 2    0.2530444389E+002

Rotation per molecule type
Box 1    0.1702470453E+003
Box 2    0.1800000000E+003

Volume    Delta_Volume
Box 1   0.4916691231E+003
Box 2   0.2276245940E+004

------------------------------------------------------------------------------                                           

Molecules in box 1
##############################################################################                                           
Moleculetype  1
Number-of-molecules: 370   
Atomtype         X                  Y                   Z
  1        5.3992469290        9.5183990834        2.8528456642
  2        5.3848489453        9.3487436023        3.3758272278
  1        5.3595711596        9.1836568432        3.8998571835
  1       27.4066272872       16.8966567515       23.9489910530
  2       27.3112148486       16.3809655569       24.1146988028
  1       27.2483428988       15.8716895489       24.3126509803
  1        7.6017660459        5.6636198448       21.0931951516
  2        7.6239261034        5.4415984994       21.5959032717
  1        7.6342035330        5.2250691918       22.1013826802
  1       22.3458848124       13.1288226981        4.4298390898
  2       22.2710888880       13.5215144301        4.0520841781
  1       22.1930251683       13.9071833627        3.6678114506
  1       25.1661578952       13.8060905662        0.6169434105
  2       25.4731946013       13.4010735134        0.8271567499
  1       25.7803330287       12.9942451973        1.0336917509
  1       14.2869262551        3.9679892899       12.5683477700
  2       14.4160678387        3.4911424864       12.3266049782
  1       14.5263892015        2.9980576467       12.1093573391
  1       26.9051300289        0.8091208318       25.7279949209
  2       27.3706938856        0.6720618750       25.9867711518
  1       27.8296833057        0.5346549350       26.2568601077
  1        1.9994714881       26.3825789979        8.1349961366
  2        1.6536647588       26.8101907528        8.1431135907
  1        1.3249425108       27.2503327896        8.1698842845
  1       18.8324243632       22.8786469222        2.5403312420
  2       19.3468394258       22.8408677859        2.7312497593
  1       19.8645952064       22.8142436189        2.9148801065
  1       21.9827756363        4.9112544409       10.5623270938
  2       21.6556357218        5.0874882728       10.1568383606
  1       21.3407998711        5.2716423564        9.7451762909
  1       13.3325501747       24.6985923543       11.7749619211
  2       13.5108610190       24.9529141207       12.2288624410
  1       13.6989152335       25.2034958639       12.6809071305
  1       17.5924242423       16.3593090692       12.3113720520
  2       17.5221043012       15.9230197874       11.9839476050
  1       17.4627248831       15.4817392856       11.6610767293
  1        8.3463952435        4.0181138863       17.8762275017
  2        8.8472562238        3.9147787714       18.0786135991
  1        9.3435509514        3.8187748542       18.2953502832
  1       18.9968577402        4.7559576565       20.9090402644
  2       19.1409651528        4.7327509889       21.4393180258
  1       19.2944744782        4.6937775712       21.9660209389
  1       15.4152333238        1.9243664466       16.2420332214
  2       15.6030402746        1.7340252288       16.7226565354
  1       15.7827983842        1.5167176073       17.1948476182
  1       10.5709018519       25.8609327852       18.8992656951
  2       10.0838980425       26.0603753530       18.7394221722
  1        9.6130345445       26.2786330688       18.5573476416
  1       21.3660225100       24.8621041913       15.8080848113
  2       21.4025392847       25.3200476251       15.5056706308
  1       21.4220921590       25.7783729842       15.2022640565
  1       27.4904863823       16.0456756389        0.4937430262
  2       27.3033250399       16.5469993221        0.3666792761
  1       27.1097302117       17.0550397350        0.2835169033
  1        2.8728323421       11.4379351060       19.6823439011
  2        3.1762603829       11.1365493167       20.0281733824
  1        3.4632690721       10.8356186870       20.3881272230
  1       12.8305051138       10.9795236932        5.1690195395
  2       12.3740187629       11.2058067541        4.9618573138
  1       11.9214530319       11.4327615553        4.7469718179
  1       21.1336562886       15.4760483051       10.4956928593
  2       20.9581474700       15.0134552632       10.7359101197
  1       20.7995510149       14.5512479968       10.9883217009
  1        9.8128083265        1.4305208952       13.4560096302
  2       10.0468431304        1.5808572489       12.9815344556
  1       10.2992117899        1.7129294479       12.5110379169
  1        8.0979379299       21.3068317518       18.0541344338
  2        7.6646967360       20.9729539340       17.9964484672
  1        7.2229394230       20.6506558856       17.9375040586
  1       18.8544505301       22.6894749847       16.1810919395
  2       18.8395917711       22.3629538964       16.6234302673
  1       18.8350906367       22.0327063371       17.0632214545
  1       23.6695083570       10.7871613805       15.6765289201
  2       23.4052613821       10.9771931071       15.2331763752
  1       23.1517666780       11.1629266549       14.7817968418
  1       10.0684050137        7.0830116621       26.0818835038
  2        9.9741812234        6.6132928407       25.8117240950
  1        9.8640154108        6.1510974271       25.5347062394
  1       16.3910076960       21.1060570943       13.7694554922
  2       16.2443571009       21.5307060575       14.0867359060
  1       16.1050589514       21.9467927252       14.4183500033
  1       18.3066479778       12.3502917401       13.5738169369
  2       18.7702780831       12.2865731782       13.2848756447
  1       19.2317589847       12.2199028918       12.9931729718
  1        7.1389168791       19.9448080227        0.7633070355
  2        7.0698664853       19.4497963394        0.9928619887
  1        7.0110784173       18.9433184972        1.1990758520
  1        3.7921860685       17.3004134203       13.3295844201
  2        3.9168583947       17.7382314072       13.6382464058
  1        4.0154847700       18.1800228117       13.9506454968
  1       17.6761769379       25.8542091908        5.2019268884
  2       17.9919864570       26.2287964093        5.4518243942
  1       18.3408094366       26.5791913789        5.6927515475
  1       16.7809045909       10.9346295077       23.4213970384
  2       17.2810157599       11.1629572122       23.4054196170
  1       17.7862969971       11.3800705155       23.4126779847
  1       23.4543623403       13.7609293679       12.3771102725
  2       23.2918799531       13.3163994964       12.0969448443
  1       23.1477949017       12.8543311829       11.8357315777
  1       21.9827668466       18.0479280784       12.1812361393
  2       21.8327291591       18.3600722768       11.7539719450
  1       21.6912668906       18.6983703636       11.3440416704
  1        7.7627840456        1.8852603518       20.9158967284
  2        8.1429752035        1.7796539331       21.2990441775
  1        8.5435393291        1.6738768413       21.6607893739
  1       16.4980077406       20.8526638043       19.8266530266
  2       16.6356943658       21.3468106721       20.0250497662
  1       16.7570593971       21.8473438127       20.2180189433
  1        8.4671673376       13.0522214275        9.5704608724
  2        8.1092342604       13.4552652954        9.6797291331
  1        7.7465337627       13.8568187434        9.7782338354
  1       10.0254445741       24.0056566811       15.7649330334
  2       10.3696844260       24.4345689018       15.7706976925
  1       10.7012017503       24.8714558307       15.8122437403
  1        4.2954227235       22.9548399106       20.4465433310
  2        4.3343030836       22.9821437094       19.8985991549
  1        4.4064771180       23.0261914983       19.3551373806
  1        5.5557741034       24.7503591505        9.5734443903
  2        5.2887198106       25.1814321846        9.7864186704
  1        5.0070935965       25.6013017092       10.0029741064
  1        7.4107814039       16.3580458409       12.6954901435
  2        7.6442385825       15.8617467340       12.7365381910
  1        7.8875115530       15.3696277115       12.7702595267
  1       13.3347140627       21.6182191726        5.4496433661
  2       13.7543509303       21.3016513820        5.2878109427
  1       14.1743254589       20.9887556375        5.1198298502
  1       27.8679914109        0.1479734269       15.9932371823
  2       27.7285132699        0.6593955171       16.1398430958
  1       27.5924600834        1.1732741991       16.2809750540
  1       13.0674061166       19.6227667472        1.4014911059
  2       12.7720464658       19.1687640705        1.4971166577
  1       12.4756018425       18.7139999344        1.5854917949
  1        4.2718476671       19.5518674448       25.6001439973
  2        4.1488120446       19.4423170351       25.0753955401
  1        4.0558171926       19.3312695750       24.5448105629
  1       28.2479214896        4.5048851748       27.6270831452
  2       28.5535242578        4.1149852729       27.3881584405
  1       28.8428460512        3.7299113672       27.1226193925
  1       22.6316077031       22.7726159620       27.2948839351
  2       22.5153467435       22.5592638630       26.8014629474
  1       22.3915990289       22.3439872301       26.3107059062
  1       19.4198009127       26.2833958614       24.1910573164
  2       19.4450519718       25.8703822634       24.5533861061
  1       19.4845968869       25.4547959683       24.9114702163
  1        0.9801563653       27.8349147590       13.0360867125
  2        0.5682007678       28.0984639229       12.7844233979
  1        0.1666736940       28.3735627144       12.5283049431
  1       14.8908903808        4.4817444698        1.8039090119
  2       14.3461340470        4.5510613537        1.8344983290
  1       13.8015694975        4.6058408699        1.8887998488
  1       11.2605784499       10.8289082137       11.4865279552
  2       11.7694001211       10.8141234109       11.6948112154
  1       12.2750949369       10.7758644687       11.9076703369
  1        7.5652932908        4.5877319385       27.6665177851
  2        7.5553443265        4.2543165052       28.1038222179
  1        7.5259221148        3.9176389257       28.5377375781
  1        6.8173881321        7.0621123287       12.0418853725
  2        7.2450971335        7.2721764846       11.7672254728
  1        7.6947919652        7.4540779212       11.5080220302
  1        4.5283727445        4.2541575318        2.0551656864
  2        4.4693474444        4.7982573873        2.0006554932
  1        4.3744450393        5.3372588290        1.9461488116
  1       26.9504663104       25.8473711627       14.0269482465
  2       26.7244071999       25.4594769183       14.3446514630
  1       26.4833197475       25.0627725297       14.6396132696
  1       20.7328547214       15.7861965897       21.6527475630
  2       20.2105024110       15.9523633874       21.6076182034
  1       19.6930377973       16.1303405401       21.5523506208
  1        9.2606679079       13.9353528289        4.8802938077
  2        9.4299585427       13.8490410165        5.3964245586
  1        9.6001234298       13.7758873422        5.9142975643
  1       18.2943056305        5.0846411074       13.1472943319
  2       18.0401231575        4.6365154859       12.9547464216
  1       17.7721114997        4.2012315012       12.7517744951
  1       25.4407416867        6.7234186555       15.6255758351
  2       25.4005386866        6.2760673711       15.9430038540
  1       25.3888748794        5.8208664602       16.2514776541
  1       22.1386073259       15.5807823110       15.1134353727
  2       21.5893309356       15.6057427098       15.1003042793
  1       21.0411238987       15.6492990666       15.0918256328
  1        8.4832405578       27.2208632034        1.9212356641
  2        8.5814632879       26.9295739522        2.3773089778
  1        8.6605867397       26.6493866763        2.8439293468
  1       13.8418580274       26.2063244050        3.4468059684
  2       13.4228178117       25.9882004921        3.1651550209
  1       13.0029129791       25.7973790715        2.8655434123
  1        1.3919792578       26.6797262074       24.8035740284
  2        1.8017376095       26.9776341517       24.5894503493
  1        2.1944484793       27.2959407596       24.3727499222
  1       28.7117827732       21.4031867170       14.4849492124
  2       28.2370254554       21.4453741059       14.7594045156
  1       27.7528453966       21.4677181446       15.0193476124
  1       26.7746141599        6.7044639903       20.4175953470
  2       27.1872633197        6.7646336122       20.0589865246
  1       27.6014877944        6.8330790726       19.7036932619
  1        9.1229080640        9.6162869108       16.3901327404
  2        8.9124549577       10.1118190185       16.5026379415
  1        8.6898676635       10.5915257435       16.6537549602
  1       -0.0873392300        4.5687371497       12.9517816662
  2        0.2911160160        4.9100373253       13.1586289939
  1        0.6678729479        5.2384014096       13.3882618341
  1       22.8321183742        1.4509958585        1.1473920478
  2       22.6915250028        0.9194680144        1.1619404104
  1       22.5453659785        0.3893377287        1.1719113053
  1       23.4154245080       13.9272735624       24.2394068856
  2       23.7115290243       14.3838801543       24.3189841160
  1       23.9968420242       14.8390099663       24.4371083951
  1       14.0513508738       15.2285930522        8.8501880302
  2       14.0567645627       15.1745118657        8.3028801486
  1       14.0401484539       15.1185216199        7.7559898522
  1        8.0421175903       16.5409604269       23.0650546162
  2        8.0309074074       16.3428811630       22.5520839182
  1        8.0131580566       16.1257961335       22.0470502070
  1        3.5264467929        6.1640523229       10.8050797895
  2        3.6816781296        5.7965919981       11.1837302111
  1        3.8614101239        5.4350785658       11.5572331528
  1        9.9691640193       10.8292215765        7.6429849282
  2       10.4231559103       11.1263430534        7.7330415264
  1       10.8766032931       11.4193367426        7.8381137304
  1       19.9704691896       11.7942684408       18.2431397689
  2       20.3708939479       11.7436654652       17.8695098025
  1       20.7717796457       11.6706348847       17.5001086783
  1        3.7520130511        0.7803560660        6.0779823517
  2        4.2799397090        0.8199458766        5.9288981783
  1        4.8007454034        0.8534949931        5.7553012759
  1       22.3605230421        7.6021094139        7.7437881462
  2       21.8396947204        7.6302685728        7.5693034161
  1       21.3156531987        7.6726877530        7.4078069901
  1       11.4471601710       27.8798289622       15.5434597234
  2       11.8445179762       27.8599272500       15.9232105582
  1       12.2479592043       27.8464261402       16.2967783492
  1        5.1844200853       11.3232794414       16.5385555425
  2        5.1040163751       10.7803321579       16.5032923780
  1        5.0361401110       10.2350758711       16.4790355543
  1        1.5599926740        3.2883183259        3.2744657891
  2        1.3498647741        3.5709565476        2.8520182760
  1        1.1421892421        3.8352700121        2.4166916574
  1       26.5596814342        3.5990998360       19.4771201714
  2       26.0984881076        3.3019369393       19.5157844750
  1       25.6367274159        3.0081320946       19.5701515217
  1       19.6914071487        0.4207919663       13.9411755971
  2       19.4847397474        0.9103186544       14.0831340657
  1       19.2515458553        1.3980631106       14.1842575208
  1       23.9146030404       12.7306915012        7.8140046596
  2       23.5722145710       12.3120801852        7.7138312992
  1       23.2128694353       11.9116232784        7.5997903493
  1        8.0664679792       24.2037932882        5.6851100324
  2        8.5749028521       24.2586614422        5.8875537671
  1        9.0808961553       24.2948420166        6.1000666894
  1       24.9973802125       20.5938226350        8.1925275771
  2       25.2302074235       20.7806019702        8.6544853347
  1       25.4625129735       20.9733070720        9.1142666677
  1       10.1552919867       23.9048925147       10.5390424005
  2       10.2901137513       24.3055981063       10.8908351245
  1       10.4279140070       24.7193129092       11.2260233558
  1        4.9575925144       20.1177534194        4.3701520395
  2        4.7853222647       19.6199156986        4.2120996279
  1        4.6220048909       19.1207504157        4.0488162707
  1        1.9740932636       12.6274155832       22.7063272800
  2        1.7451806626       13.0514798722       22.4412452174
  1        1.4867682290       13.4641706437       22.1854927193
  1        4.2245523665       16.5029150555       23.0606790281
  2        4.3669352913       16.5354172366       22.5304237019
  1        4.4945203494       16.5827941072       21.9975283237
  1        6.9393235570       21.3287285298       21.9958454655
  2        6.7701581502       21.0085748452       22.4098317978
  1        6.6067223811       20.7024835895       22.8365599215
  1        0.1073411803       23.0498744385       26.2033882564
  2        0.1574396990       23.5851381135       26.0872722082
  1        0.1952536654       24.1190768858       25.9608621993
  1        0.2342108383       26.4777204597       19.2073358486
  2        0.6123436763       26.5345150173       19.6026710672
  1        0.9711809701       26.6105342306       20.0124964871
  1        1.2190408196        2.0351372890       20.6152704210
  2        0.9665728053        1.7981596965       20.1879514273
  1        0.7080821401        1.5861524515       19.7512186680
  1        5.2929923665        7.9351188841       18.9308370126
  2        5.0932167984        7.5951854841       19.3142884515
  1        4.9043790040        7.2637630761       19.7105200426
  1       18.2619364064       21.7177829442       23.2917986598
  2       18.0808387208       21.8166812241       23.8016248640
  1       17.9168103935       21.9174454521       24.3168347991
  1       10.6240148795       27.5647493290       22.3810165711
  2       10.8850465556       27.8058835651       22.8007983528
  1       11.1341149852       28.0243922389       23.2397959335
  1       13.4943653962       17.7481255292       15.0631125377
  2       13.0174182349       17.4742315487       15.0649814319
  1       12.5301348837       17.2195705163       15.0792184690
  1        7.4024565720       11.6520755989       12.3068455585
  2        7.6372974792       11.4018003577       12.7366269586
  1        7.8642577010       11.1583476839       13.1744852146
  1        3.0028335125       21.8747499489        0.0507355290
  2        3.4489924715       21.5871194340        0.1946482463
  1        3.9154376700       21.3280706980        0.3281496624
  1       12.3321225086        2.4884807979       15.3878178479
  2       12.0949734070        2.9604350054       15.2344570655
  1       11.8727677007        3.4270753330       15.0463841335
  1       16.0660582025       13.9421125942       24.2754439444
  2       15.5519086954       14.1196450145       24.1940036343
  1       15.0418493692       14.3027171149       24.1000670132
  1       22.7907566037        6.1203452209       22.1214612500
  2       22.8208357567        5.8744468446       22.6125103647
  1       22.8483252085        5.6306882540       23.1047766326
  1        7.2480005744        8.9889575991        8.2867222362
  2        6.9171941907        9.3011863559        7.9775615337
  1        6.5812709865        9.6039947518        7.6645716374
  1       22.5736977243        9.2852252040        4.6773378073
  2       22.3184099771        9.6380823453        4.3414509157
  1       22.0923799281       10.0052911080        4.0000301481
  1       14.4411595402       14.7802584705       18.6853136082
  2       14.2984230319       14.4346545530       18.2819722869
  1       14.1509792756       14.0851514986       17.8837161474
  1       12.0095530079       16.5115253402       22.6756671830
  2       12.4877855514       16.5604561363       22.4084604998
  1       12.9669148054       16.5919399061       22.1402368445
  1        9.1506679900       19.8597571282       14.8307087326
  2        9.3593328534       19.3993664131       15.0475021003
  1        9.5844667009       18.9410413417       15.2518373116
  1       22.5636449639       24.8513053318       22.9039120615
  2       22.7404544389       24.3759222387       22.6911931758
  1       22.9291262547       23.8963459416       22.4990746704
  1       20.7572622857       23.0854323583       19.5630467989
  2       21.2183740289       22.9422894130       19.2996344653
  1       21.6822398863       22.7637038577       19.0641866691
  1       12.3641204878       24.6947881100       27.0615058999
  2       12.2662048231       24.4332698251       27.5353420628
  1       12.1331797019       24.1833129099       28.0068564917
  1       14.0659415797       27.6739091119       26.1224800635
  2       13.6350540362       28.0030923862       26.0304241195
  1       13.2022456298       28.3290212775       25.9358342673
  1        2.1569402766       16.5123476312        0.4141696325
  2        2.5372903668       16.2700871861        0.7290405358
  1        2.9152155669       16.0283617152        1.0472249772
  1       12.8523922260        6.1340605143       16.3796915800
  2       13.3212551142        6.1541695260       16.0928759255
  1       13.7752065112        6.1811638765       15.7835226756
  1        5.1898796089       13.3309224374        5.9881554718
  2        4.6462505485       13.3818261004        5.9220021520
  1        4.1009732978       13.4276560193        5.8665734820
  1       16.5487412421       13.9208182973        6.6077305269
  2       16.4882218089       13.5079580982        6.2494235995
  1       16.4424417882       13.0919819383        5.8925370306
  1       10.0811991108        9.5197156101       23.4297442272
  2        9.5632985581        9.6519477816       23.3001538326
  1        9.0378682009        9.7665482473       23.1848729928
  1       25.7681463349        2.8366855636       13.5538590895
  2       25.2627452593        3.0407117195       13.4800818539
  1       24.7541698846        3.2308855415       13.3924176955
  1       20.6880211880        9.6975045915        0.7208548639
  2       20.5878599328        9.1607828568        0.6545411969
  1       20.4970475429        8.6220975030        0.5907352537
  1        2.0572542636       10.5414438741       26.3616908152
  2        2.2398125499       10.4176144484       25.8578666937
  1        2.4139083119       10.2890560568       25.3522350050
  1       26.9648564446       23.8261008887        1.7706808899
  2       27.0235387512       24.1607823754        2.2031675247
  1       27.0894657125       24.4974571366        2.6330555799
  1       26.3281511593        1.1021888786       10.7036112522
  2       25.9167139466        0.7812142755       10.8773775439
  1       25.4923894738        0.4845644390       11.0629782318
  1       25.9336888416       20.4423066656       27.9131308504
  2       26.2234170801       20.5742799685       28.3616178570
  1       26.5131449282       20.6725499264       28.8186745147
  1       10.0738870847       21.4051370967       29.1760950836
  2       10.0136633795       21.7557884354       28.7566707829
  1        9.9587191949       22.1019740241       28.3328351146
  1       18.9245719910       22.5836618386        6.2016880888
  2       19.1946968025       22.8610086463        6.5923430957
  1       19.4786266304       23.1274798331        6.9807719288
  1       12.6288577100       24.8410068586        8.0304211077
  2       12.5737741377       25.1293951983        7.5653426567
  1       12.5142869274       25.4371957673        7.1134354975
  1        0.9359447254       10.1761357837       11.9892598297
  2        0.8022426856        9.6482880371       12.0667228596
  1        0.6858412199        9.1177443724       12.1531758387
  1        6.4934420124       15.6685656541        3.9328894738
  2        6.3035191184       15.5396683263        3.4330747349
  1        6.1211437145       15.4126766943        2.9299720253
  1        8.8814777827        5.5209238920       14.6494044073
  2        9.1774459328        5.7355406363       15.0603089062
  1        9.4763737785        5.9538023273       15.4671307054
  1       23.9610123027        8.5263214467       18.7704481343
  2       23.6397073375        8.1169328948       18.5925039494
  1       23.3368218065        7.6904309828       18.4226320177
  1       26.0853688271        1.4239984795        1.5970736072
  2       26.6262884325        1.5037964959        1.6565568579
  1       27.1683039636        1.5907599594        1.6905644901
  1       16.6525632409       17.5378770756       20.2412608168
  2       16.6330917017       17.7496245206       20.7484923998
  1       16.6143225894       17.9672600579       21.2532522360
  1       27.1117216564       22.4830396420        5.4167217961
  2       27.0634158932       22.9112159164        5.7585282199
  1       27.0431058325       23.3462527872        6.0944306186
  1       22.2410207818       20.1480697952        0.5676085384
  2       21.7948809216       19.9451788765        0.8171972004
  1       21.3311393631       19.7624802995        1.0497160081
  1       15.8771964286        6.3615915187       20.0462621206
  2       16.0132752871        6.8620160594       19.8630741752
  1       16.1421119785        7.3673133440       19.6882149172
  1       25.8101155520        6.6019989558       12.0229431122
  2       25.9605675390        7.0855283710       12.2375672122
  1       26.1007351159        7.5625673752       12.4726987452
  1        1.8768060745       15.2356100332       25.1022455555
  2        1.5566269558       14.8578708535       25.3416164897
  1        1.2392785086       14.4765373164       25.5790500498
  1       26.1377727448       13.0647163922       13.9839347519
  2       25.9259478088       13.2487177528       14.4569819967
  1       25.7019611546       13.4237382359       14.9278299639
  1       14.5505357173       15.2975082296       27.9798442233
  2       14.5372272215       15.5236197812       28.4810392454
  1       14.5168086204       15.7362451311       28.9878661787
  1        1.3571783767        7.2798345946       25.2908041526
  2        1.6005020057        6.8378304589       25.5097241280
  1        1.8233410947        6.3721006440       25.6992985958
  1       17.0177109915        6.8290223779       -0.0825747464
  2       16.8504519786        7.2014286763        0.2859872857
  1       16.6858859999        7.5720378491        0.6575608029
  1        2.0924308657       22.0805084877        6.4975541616
  2        2.0901094077       22.3035077389        5.9947958252
  1        2.0857021696       22.5071843015        5.4839177252
  1       24.9620519510       27.1206372153       17.7491318328
  2       24.8914459806       27.3456284295       17.2522477915
  1       24.8045550479       27.5757327483       16.7603108369
  1       15.9473759015        9.3706653408       12.7867318232
  2       15.6539522665        9.1085947363       13.1710774603
  1       15.3558951746        8.8506345644       13.5546377797
  1       19.7912117323        2.6084396638        3.5334331877
  2       19.8043021028        2.0873204856        3.3580380787
  1       19.8282605750        1.5704822391        3.1714791938
  1       19.8263134757       18.8018602077       19.6951062628
  2       19.9488640034       19.2511892307       19.9876550575
  1       20.0418027171       19.6942772072       20.2999617009
  1        3.9889272121        8.1208948133       27.7066790608
  2        4.5139636920        8.0388848256       27.8484925183
  1        5.0425819999        7.9757848215       27.9866267756
  1        4.0810698958       27.1027201710        2.3230198947
  2        4.4553781217       27.3995063409        2.5956209242
  1        4.8176867259       27.6955054972        2.8847869213
  1       16.8514993237       18.0658933564       15.3973250136
  2       16.8978762067       17.9585930396       15.9347594996
  1       16.9664782682       17.8568578323       16.4708972652
  1        8.2687106338        1.0608651386       16.5770867881
  2        7.7468443815        0.9115274389       16.4884647471
  1        7.2276362949        0.7593306408       16.3896766077
  1       20.3018422326        5.3646281081       -0.0638999103
  2       20.2598295298        5.4796954563        0.4722851680
  1       20.2145312664        5.6214636204        1.0017659080
  1        3.5696039853       11.8825865885        2.9554598164
  2        3.1011643143       12.1703092361        2.9387280279
  1        2.6359743243       12.4626601671        2.9136440641
  1       24.7498949751       27.0407400192        4.2581814292
  2       25.1522905045       27.3785980185        4.4207539060
  1       25.5634074785       27.7077910740        4.5792302921
  1        0.9243445843       17.9121244217       16.8816060050
  2        0.9090528043       18.1856804764       16.4047063862
  1        0.8977454343       18.4449782441       15.9197973122
  1       12.5667497632       17.7247062777       18.4695190086
  2       12.2486730312       17.6198587301       18.9057920703
  1       11.9370859860       17.5425833927       19.3523814057
  1       15.2473819975       18.4740865429       11.8089316109
  2       14.7719315265       18.1993062598       11.7782290774
  1       14.2928517539       17.9308096874       11.7483600106
  1        1.3220074368       23.4086406106       10.7005705239
  2        1.2413046660       23.2258434244       10.1881524802
  1        1.1458301406       23.0273503958        9.6841831045
  1       18.8312571366       28.0147487078       10.6994478947
  2       18.9360305888       27.4753656586       10.7237058823
  1       19.0376875366       26.9353804149       10.7478264230
  1       20.8580628967        8.7917800237       16.0795135052
  2       20.6758134576        8.8879417304       15.5695742263
  1       20.4755512703        8.9886078389       15.0673179273
  1        2.5752730106       21.1776111105       17.2631976253
  2        3.0441977321       20.9393772681       17.1024050821
  1        3.5329797907       20.7423649040       16.9449940706
  1        6.4096499147       26.7972757267       18.0989873344
  2        6.0716885632       26.3970374556       17.9313822893
  1        5.7364495869       26.0049481812       17.7406446982
  1        5.9408640878       29.2830994609       24.9284199186
  2        5.7661370854       28.7643811541       24.8745516272
  1        5.5977780760       28.2433168403       24.8231004473
  1       19.6816591479       21.3736535679       13.3752021532
  2       20.0544612374       21.6859134437       13.1182734236
  1       20.4280624703       21.9915273055       12.8546026342
  1       28.0934964778       19.0115008068       10.3546406683
  2       27.8117348809       18.5401390009       10.3241701828
  1       27.5186979586       18.0805957361       10.2503504772
  1        1.8918328463        7.9482630765        4.2565390658
  2        1.6923496407        7.4533034687        4.1234171771
  1        1.4942769391        6.9604724706        3.9806417899
  1       17.5084335991       13.1210385816       20.6450612097
  2       17.9487088228       13.4115120750       20.8008908508
  1       18.3925618132       13.6924329331       20.9639184354
  1       27.0001896425       10.0604666361       15.4301204374
  2       27.2660755310        9.8562605285       15.8661302537
  1       27.5580928877        9.6238276405       16.2701114599
  1        2.9943000877        6.6913841006       21.9033217985
  2        2.5939854869        6.6286926795       21.5314105106
  1        2.1891963861        6.5827855850       21.1618995885
  1       17.9903290272       24.7263611787       21.3721192042
  2       18.5011682703       24.5874099549       21.5212360212
  1       19.0076953808       24.4568666886       21.6912029030
  1       24.2989758457       21.8898410103       14.1314320461
  2       24.0063174775       22.2050585074       13.7886653485
  1       23.7070318437       22.5141198873       13.4460151305
  1       22.0969067795        7.4280956565       27.0214466367
  2       22.5145426255        7.0704141138       27.0334555563
  1       22.9242908058        6.7041230893       27.0543675890
  1       11.7248058048       17.3839631134        6.6497253783
  2       11.7587766315       17.8677810649        6.9090826084
  1       11.7876787132       18.3559260587        7.1608347358
  1       23.4003833420       24.1754771033        2.6366733869
  2       23.4213666458       24.3607332532        2.1192375359
  1       23.4169265998       24.5611603819        1.6070761833
  1       14.6574911690       26.0232668812       23.5707339772
  2       14.8602874675       26.4189792770       23.2470283066
  1       15.0640195691       26.8059734220       22.9135185444
  1        0.2871098977       10.9948044857        6.3846864139
  2        0.1406868413       10.9943140352        6.9148373811
  1       -0.0287710489       10.9857647425        7.4380112834
  1       16.6878151130        9.9947392557       17.0024453968
  2       17.1588318059       10.0467818917       16.7232772770
  1       17.6157706205       10.1127404484       16.4243518893
  1       13.4791720314        1.5310573548        3.9957151048
  2       13.0192735617        1.2598012285        3.8637548400
  1       12.5683976553        0.9757178935        3.7277122922
  1       23.4528851812       27.7247460785       13.2918356352
  2       23.2632405980       28.2012378382       13.4905578911
  1       23.0885035195       28.6922990166       13.6661308715
  1        8.7061873005        8.6166651437        4.3974527330
  2        9.1315290291        8.9617869252        4.3476996449
  1        9.5539009562        9.3109577939        4.3009914164
  1       10.1226772713       16.0952066087       16.9803951828
  2        9.6293308310       15.8539690700       17.0106233115
  1        9.1353743541       15.6227500210       17.0816497099
  1       19.1886005518        2.8380491313        8.0040454670
  2       18.8511356377        2.5401078619        8.3200334917
  1       18.4910249648        2.2549458954        8.6225280455
  1       26.1393893871       11.3994661976       18.8500411437
  2       26.5046194075       11.2325510680       19.2258687261
  1       26.8620899805       11.0399938417       19.5968626654
  1        0.5779841730       28.2712235771        4.7438021407
  2        0.1641434548       28.5933504069        4.9095434012
  1       -0.2627918928       28.9038630147        5.0638422294
  1       28.5444432938       12.6395606302       27.7624040322
  2       28.4968641000       12.1017803311       27.8674210318
  1       28.4337056520       11.5650856440       27.9697431814
  1       18.9680311094        6.2224357231       25.1360333308
  2       18.4376127420        6.0797290958       25.1079055146
  1       17.9058266921        5.9483752185       25.0584105151
  1        4.2429522358        7.0711548017       15.2661281726
  2        4.7430600630        7.0361966782       15.4923362421
  1        5.2359836791        7.0083028045       15.7347166033
  1        9.9516125103       20.8363337241        8.5949801377
  2       10.1216784553       21.0316343174        8.1097634309
  1       10.2902907259       21.2411232966        7.6299882036
  1        5.6333735270       16.0253873863       27.5521245605
  2        5.8715869280       16.3237335073       27.1562155208
  1        6.0904338057       16.6393259980       26.7625057001
  1       11.9636681617        3.1359509524       22.9146118723
  2       12.2081055669        3.0773686811       23.4038137452
  1       12.4497152733        3.0426233597       23.8966803715
  1       22.0570500299       24.2122243338       10.2977813372
  2       22.2114818092       24.7338176052       10.2165946098
  1       22.3657140476       25.2578039077       10.1521681365
  1       10.5454829218       12.2575180547        0.0172384941
  2       10.7565985769       12.3738476945        0.5116043456
  1       10.9934217239       12.4866022716        0.9950308668
  1       24.2984945348        8.7532216172        1.8541136752
  2       24.1350754926        9.0780197955        1.4414390333
  1       23.9652728577        9.3743472487        1.0103275574
  1       27.1020053215       14.3653670112       18.3179681436
  2       27.5327764099       14.3230081323       18.6572939381
  1       27.9732095283       14.2699648386       18.9824171088
  1       17.3974649465       11.8720758038       27.9034203467
  2       17.2333823865       12.3963022362       27.9310529540
  1       17.0654214652       12.9198609085       27.9442985039
  1       24.4251905216       16.0520604291       21.0153736252
  2       24.8220532078       15.9476136320       21.3815578341
  1       25.2110241996       15.8503514364       21.7580437327
  1       18.6803427992        4.7932494625       16.1956947320
  2       18.4382936786        4.4959060449       16.5900284933
  1       18.1885308464        4.2077552520       16.9863713337
  1       25.2385396153       16.5144776028       13.4290950685
  2       25.1568161062       16.9556013669       13.1109267282
  1       25.0552949052       17.3743822012       12.7691430868
  1       25.1723251714       11.1356917629        3.8753035907
  2       25.4226595964       11.4367748711        4.2615439791
  1       25.6991877706       11.7215140784        4.6422745291
  1        0.9112046422       20.0653501749       21.5059918656
  2        1.3443503998       20.0264940040       21.1692798956
  1        1.7739304064       19.9889271777       20.8278860608
  1       12.1205321332       28.0727766708       11.3707087004
  2       12.6019639879       28.2661596858       11.5532638394
  1       13.0839549749       28.4298449156       11.7615709036
  1       12.6772741011       20.9961152604       26.5810303511
  2       12.6180199778       20.4605554332       26.4707370132
  1       12.5356921507       19.9310635696       26.3467995524
  1       15.8203968747       24.1370458192        8.1420405606
  2       15.9404185018       24.5045011855        8.5332839156
  1       16.0420218544       24.8740989997        8.9277128870
  1        6.4601897259       23.9258725178       15.2077797353
  2        6.2511662337       23.4842375614       15.4603024967
  1        6.0271227730       23.0565637643       15.7237406298
  1       25.4382415839        8.9516962254       25.0965299939
  2       24.9255099069        8.9719437590       24.8985495282
  1       24.4206812249        8.9665660293       24.6803315619
  1       26.1121162610        4.4348328435        9.2225606779
  2       25.5960651810        4.5909363568        9.3312941871
  1       25.0802972212        4.7356192588        9.4559949026
  1       23.1196518551       17.1757031568       27.4744607551
  2       23.6651854678       17.1193356048       27.5158826871
  1       24.2129972186       17.0785415756       27.5430512692
  1       21.4681655390       13.4357910470       28.6413434567
  2       21.1575837205       13.0685855988       28.3745118753
  1       20.8573725585       12.6892639610       28.1128090816
  1        1.4805767437        2.9234843127       24.3072233029
  2        1.5289078999        2.3762402721       24.2809924175
  1        1.5766236312        1.8286018106       24.2632350672
  1       17.4687388283       24.9249421699       12.8798030412
  2       17.0104802640       24.7278063084       12.6482074014
  1       16.5495488904       24.5400639216       12.4141239460
  1       16.3696644350       17.9085261336       24.9521858235
  2       15.9602595801       18.1547205250       24.6796496122
  1       15.5597614698       18.3935491305       24.3879954338
  1       10.8324522484       17.7550738241       10.7744172361
  2       11.1284514510       18.2134430120       10.7052640755
  1       11.4137115638       18.6740263209       10.6104501386
  1        0.5159288213       25.7692688928       16.0903163912
  2        1.0549016577       25.6624803016       16.1149025326
  1        1.5953324305       25.5685218356       16.1549822721
  1        7.1575459873       17.7745809306       19.2311149985
  2        6.8838016481       17.6029771597       18.7860125580
  1        6.5925814656       17.4670029928       18.3396922356
  1       20.7374736955       19.0636264060       23.6095660615
  2       21.0540529924       19.4458666037       23.8465681291
  1       21.3892264513       19.8097136345       24.0869305421
  1        5.0904096994        0.1244916219       13.9462786489
  2        4.5934390157        0.3036388335       14.0993355535
  1        4.0800516248        0.4502531755       14.2313871365
  1       23.5396436101       19.9369568576       21.7597609512
  2       23.5291574052       19.9976222896       21.2132174992
  1       23.5036622011       20.0524516297       20.6665514796
  1       17.7914555048       14.8150290555        3.0119838052
  2       17.2719103053       14.8166012543        2.8315113312
  1       16.7458721090       14.7926303713        2.6727372410
  1       26.0736437049        9.4326997711        8.7053622839
  2       25.6757410223        9.3125460477        9.0655518700
  1       25.2780907625        9.1821922880        9.4224582544
  1        1.5155142535        4.5366316065        6.5977881852
  2        1.9674144538        4.2256974245        6.5577114658
  1        2.4030358849        3.8963949125        6.4921841943
  1        8.3514523777       20.0024588952        4.3216776982
  2        8.8290673993       19.8106153671        4.1278222060
  1        9.3020075021       19.6407465725        3.9042774659
  1        8.2843429560        1.8936588260        3.2325912920
  2        7.9577826354        2.3306419445        3.1625619326
  1        7.6157530776        2.7547772829        3.0875619640
  1        1.9038698673       11.6598534829       15.9012717890
  2        1.4172557137       11.9154789183       15.8822375491
  1        0.9491141244       12.2041480275       15.8785501778
  1       26.9710705485       26.3602089296       23.6228756476
  2       27.1983372171       26.6474934059       23.2126105003
  1       27.4303234954       26.9149628187       22.7917275251
  1       19.2079693974        7.7428295740       19.5329474908
  2       19.3507684892        8.2515061521       19.3801189647
  1       19.4852891523        8.7704186160       19.2570984584
  1       25.1798492409       21.7213104349       25.1733960316
  2       25.6175452509       21.4782592268       24.9456937850
  1       26.0496913857       21.2240306454       24.7196018888
  1       15.0331254692       13.7427640671       13.9477786499
  2       15.3186176114       14.1215859530       14.2261457017
  1       15.6093800104       14.4988818475       14.5011093980
  1        2.8905500221       18.7687250640        7.0476980204
  2        2.4198370317       18.5599959979        7.2409891419
  1        1.9541872766       18.3523160732        7.4472398473
  1        7.6797246400       12.5057954625        1.5380213801
  2        7.7316521395       12.1725029899        1.9724401441
  1        7.8053912355       11.8509125855        2.4124880466
  1        9.2374444623        2.3445065406       25.6123580733
  2        9.0819202484        2.3823076969       25.0861610651
  1        8.9288638508        2.3982595570       24.5581276606
  1       15.6434128820       24.5813189542       16.5301316029
  2       15.1631769682       24.7758390638       16.7146184427
  1       14.6656217803       24.9603243800       16.8592006064
  1        9.5650852041        4.3990424221       10.8968310326
  2        9.7965749241        4.8173646700       10.6249505322
  1       10.0194357119        5.2408964878       10.3539267923
  1       21.6342842530        0.1354040488        6.2288520077
  2       21.2655793296        0.1559726624        6.6364469188
  1       20.8960461386        0.2054079084        7.0407999529
  1        7.6355412214       22.6370788132       12.4467230724
  2        7.6783860859       22.1721071549       12.1560932829
  1        7.7371342105       21.6975864833       11.8842867540
  1        0.3337027408       18.3992267249       26.3110159432
  2        0.4848471350       18.8710313819       26.5498793721
  1        0.6436813011       19.3537777314       26.7601831256
  1       21.4271189972       26.9908849635       26.8856208410
  2       21.5022636767       26.8946584228       27.4218985023
  1       21.5641128297       26.7884898210       27.9579982218
  1       14.9155006087        3.0035048974       20.2061874736
  2       15.3576100239        2.7726590337       20.4380267546
  1       15.8163198868        2.5591337478       20.6536472847
  1        8.3101588477       26.9610575412       13.4776646807
  2        8.8101076189       26.7322947846       13.4628718682
  1        9.3132676284       26.5124545599       13.4312446726
  1       12.5705495634        2.0288685046        8.6597905705
  2       12.2223078252        1.8770201050        8.2620849566
  1       11.8839535692        1.7109971149        7.8615194024
  1       21.0790444577        8.6206851923       23.4472919971
  2       20.6555435385        8.4906762376       23.1213400940
  1       20.2505413460        8.3653072867       22.7709747858
  1       28.5167773325        6.9346408727        8.2759717059
  2       28.6370975444        7.2220983835        7.8227706180
  1       28.7656202400        7.5089116271        7.3714170105
  1       16.3878925307       24.1215930731       25.8896649019
  2       15.9714570404       23.8792260608       26.1548812547
  1       15.5774416462       23.6198033170       26.4376385855
  1       20.7125668086       18.5592244502       16.1834126792
  2       21.0872471169       18.9617810610       16.1913399522
  1       21.4733594376       19.3528246849       16.1689310463
  1       20.3632421206       26.4957592698        3.3375732862
  2       20.6142434679       26.5648280212        2.8530861024
  1       20.8582621183       26.6107558738        2.3623259476
  1        9.8893667866       18.8990154572       21.6583184486
  2        9.9418236056       19.2626660141       22.0675940948
  1        9.9820717101       19.6213870454       22.4825631429
  1        2.5823212278       -0.1927894343       17.8873990911
  2        2.8693512239        0.1185116497       17.5363927999
  1        3.1541960082        0.4301242246       17.1838859900
  1       23.9863816055       24.2554198167        7.5921958934
  2       23.7078307704       24.4465869904        7.1581860502
  1       23.4515813147       24.6575299384        6.7196210173
  1       14.5237937402        9.7806589080        8.3416858556
  2       14.9183348622        9.8754093167        8.7129804329
  1       15.3199512941        9.9745343918        9.0754421000
  1       14.7208247936       28.6370794658        0.9271582036
  2       14.2821887700       28.3784577698        0.7192802171
  1       13.8433530225       28.1238750438        0.5068871351
  1        3.8941311466       12.0732607115       12.8974858010
  2        4.1529617108       12.5297220395       13.0622577497
  1        4.4165349260       12.9825849852       13.2294232716
  1       20.0463997986       15.6240058021       25.9939921564
  2       20.3768007601       15.8419477404       25.6121066812
  1       20.6892064874       16.0620546354       25.2165619742
  1       25.5288427066        1.3791211056        7.6035377248
  2       25.1284590581        1.1261034179        7.3239398281
  1       24.7350432893        0.8614508845        7.0452230035
  1       27.2254634187       12.4388965544       23.3809446058
  2       26.8210705647       12.4569779222       23.7532878396
  1       26.4241409286       12.4426021438       24.1337352078
  1       20.1416604484       13.0794859912        7.3293381308
  2       20.0851392979       13.5291630280        7.0177359452
  1       20.0431384830       13.9757720881        6.6994966045
  1       15.2921876663        5.1135749767       26.8764270646
  2       14.8934819078        5.0960840878       26.4979725932
  1       14.4772006165        5.0627425085       26.1400644701
  1       26.6723574898       12.6596364785       10.1532320262
  2       26.8106685923       13.1050915200       10.4446764377
  1       26.9365894150       13.5529947315       10.7379794524
  1        3.1646424558        9.9335252486        7.7439273089
  2        2.9357456022        9.5051940005        8.0020717884
  1        2.7180354346        9.0683863953        8.2556489916
  1        6.9541730616       10.6385582979       20.8837383643
  2        7.4158957778       10.9357596920       20.8523781236
  1        7.8712707362       11.2420054562       20.8156741989
  1       10.0065858900       16.7982419251        0.9529915994
  2        9.8383963769       16.2962266643        0.8040185630
  1        9.6739557527       15.7937338967        0.6524920020
  1        9.3556176466       18.9235712877       26.8226372626
  2        9.3965350611       18.4277226945       26.5882019030
  1        9.4494329142       17.9341209258       26.3514338519
  1       14.0403816984        9.8421512020       21.5764330277
  2       13.5724326618       10.0832720579       21.7357579536
  1       13.1115034520       10.3417687444       21.8881512790
  1        9.0176255754       26.2967072477       27.0692958020
  2        8.8398191552       26.7815635729       26.8800889815
  1        8.6541175638       27.2699660345       26.7083975333
  1       26.8216086605       25.4180617317        9.2136468780
  2       27.1259997403       25.3996740295        9.6713672763
  1       27.4638228053       25.3743501850       10.1046504154
  1       14.0434736834       20.1540715313        9.0937075916
  2       13.8202249771       20.6349607601        8.9474011844
  1       13.6189072672       21.1194787446        8.7824360326
  1        4.9206728574        3.1043674972       23.0242503123
  2        4.7619690227        2.8618429263       22.5568159048
  1        4.6055686149        2.6136946767       22.0915618262
  1        8.4424244763       28.4170594156        6.0663161121
  2        8.8693641868       28.0737281003        6.0178796428
  1        9.3012608429       27.7402403550        5.9489506856
  1        4.5415050611       11.8870389331       28.4181387917
  2        4.3737611323       12.4057639192       28.4908461723
  1        4.2022918330       12.9258205704       28.5422208540
  1        4.3912388743        4.6664452142       26.1519199812
  2        4.5511215298        4.1692708165       26.3244168065
  1        4.7052975606        3.6731429840       26.5049352939
  1        5.4111216378       13.7017751626       20.5684785568
  2        5.7722968465       13.8475278367       20.1801376929
  1        6.1284304353       13.9576907979       19.7757455715
  1        2.3704951391       13.1403517757        9.3310566018
  2        2.4042326182       13.5304363031        9.7173153804
  1        2.4469112031       13.9302708256       10.0925631546
  1        7.9879912288        7.5388649023        0.4874874963
  2        8.1334260819        7.9505025128        0.8220068248
  1        8.2645835057        8.3697490554        1.1529600929
  1       12.4899924976        7.1341711912        7.5162929760
  2       12.2057295328        7.4259718297        7.1467703730
  1       11.9455119951        7.7245418166        6.7651386199
  1        5.4227796245       13.5246028576       23.9474057822
  2        5.4552301568       13.0689344797       24.2536953387
  1        5.4761861102       12.6160576141       24.5650847919
  1       22.4738763363       11.8333873499       21.0998386380
  2       23.0198497300       11.8989127991       21.1107688161
  1       23.5685948815       11.9351432389       21.1188998031
  1       21.3073050179        0.5819343224       17.5678250342
  2       21.1948882884        1.0240093523       17.2605268941
  1       21.0908338511        1.4791972272       16.9698781858
  1       27.4581875018        7.5661890636       27.6539022182
  2       27.0874702460        7.4016827367       28.0253943239
  1       26.7092407859        7.2400905239       28.3905387218
  1       22.0207846426        4.1662322796       15.0585682143
  2       21.9232069100        4.6980919855       14.9580503584
  1       21.8257016744        5.2331324261       14.8760475845
  1       20.9786396208       18.0811303279        4.3840577060
  2       21.0785904462       17.8745966143        4.8839113423
  1       21.1864013131       17.6725623306        5.3839703030
  1       23.2430074595       16.5032141555        8.4054798019
  2       23.3555662919       17.0367445321        8.4774231584
  1       23.4925993543       17.5591457082        8.5814373401
  1       12.0556993062       20.7930210591       16.9169417017
  2       12.4618486642       21.1077211775       17.1131725213
  1       12.8728162304       21.4269827095       17.2911549157
  1        7.2245574452       10.4503709352       26.6474346696
  2        7.4618752322       10.0545560967       26.3482509775
  1        7.6671073494        9.6540959538       26.0320051064
  1        6.1578124719        3.3221603729       14.4931855526
  2        6.2241432422        3.6495315671       14.0562320882
  1        6.2946032800        3.9863465514       13.6271737607
  1       16.9201420238        2.2490148548       25.2443639759
  2       16.4759505851        1.9593471342       25.0984647730
  1       16.0292023660        1.6684712588       24.9631604757
  1       24.9738537397        4.6493457617        0.8285611726
  2       24.4276550698        4.5876549346        0.8475678772
  1       23.8824100999        4.5155417211        0.8448099349
  1       22.0962100373        8.4567333903       12.1990453616
  2       22.0923135040        8.3089446346       11.6692875861
  1       22.0939625491        8.1620764117       11.1392621105
  1        4.7886519118       27.7476917427       20.9839905259
  2        4.3194756038       27.9304738812       21.2052692684
  1        3.8455779963       28.1064846119       21.4219286306
  1       18.9403661548       26.2159072054       17.6269821327
  2       19.1525362307       26.3274364914       18.1220024124
  1       19.4069482241       26.4356461207       18.5974655684
  1       12.2927996877        1.4122172934       18.8512501944
  2       11.8955453418        1.7234226252       19.0699742812
  1       11.4987235134        2.0343060980       19.2899376914
  1       15.2445497967       17.6654154232        4.3801034092
  2       15.0785840087       17.3962131025        4.8300872619
  1       14.8978250261       17.1140074027        5.2661906123
  1        0.4627133569        1.6701747652        9.1471431289
  2        0.4993738575        2.1454012391        9.4215803826
  1        0.5351106697        2.6305641933        9.6781730308
  1       18.0494927342        2.6732298850       -0.3684522874
  2       17.8223419045        2.9405366076        0.0551626517
  1       17.6191688484        3.2225425624        0.4814176807
  1       13.3349125250        6.8422328754       23.4249499488
  2       12.8118443020        6.9121294414       23.2699851008
  1       12.2915553100        6.9747888489       23.1030325253
  1       12.3752122527       10.8549875206       25.9042663265
  2       12.6677404081       11.1219954752       25.5226460565
  1       12.9673431924       11.4007112760       25.1551468414
  1       18.2474075478       14.1333904100       17.1070918299
  2       17.9392945161       14.4597225082       17.4250127656
  1       17.6245990898       14.7771938948       17.7454479484
  1       25.3617323131       23.7833662813       17.7096160460
  2       24.9229588012       23.8781724949       17.3918274572
  1       24.4831341028       23.9846781564       17.0792402251
  1        5.9893167851        8.2642448086       23.4315798435
  2        5.6931056610        8.0599706439       23.8475498371
  1        5.4121840082        7.8455836753       24.2690012004
  1        9.1026373567       27.5944778355        9.5433434469
  2        8.7059923449       27.3085859610        9.2914733003
  1        8.2990364431       27.0264563479        9.0521204764
  1       12.4428236704       10.4563269582       15.2400230903
  2       12.5434832484        9.9532901661       15.4383199263
  1       12.6425959785        9.4574815827       15.6547697226
  1        1.7567460996       23.3093853852       23.4354980206
  2        1.3499922085       23.2470322165       23.0705824764
  1        0.9448810073       23.1588346951       22.7091878017
  1       27.9638325078       19.0341799086        5.2557986339
  2       27.4165810397       18.9855936768        5.2813956804
  1       26.8722218039       18.9239505346        5.3301106100
  1       17.7535484400       28.0202969433       27.0748579237
  2       17.3674722804       27.6778568201       27.2650682309
  1       16.9807126133       27.3353551238       27.4537731513
  1        4.4987965132        0.9625383743        9.8548840106
  2        5.0104146974        1.1346090152        9.9604232364
  1        5.5131179975        1.3326899949       10.0631525729
  1        4.3923075546       16.6785721527       10.0799857878
  2        4.4431372830       16.5912188788        9.5393512123
  1        4.4966387446       16.5307775503        8.9953066935
  1       22.6883303122       21.3170636158        4.9367922986
  2       23.1891497218       21.4815626432        4.7798847178
  1       23.6869859589       21.6372682713        4.6054862160
  1        1.8470973942        0.9994742872       28.9472845715
  2        2.1519904378        0.6948962061       28.6055647673
  1        2.4360099245        0.3602774071       28.2741086020
  1       26.6242240447        4.1886400984        5.6759083221
  2       26.9781126200        4.1285942867        5.2591861404
  1       27.3187283146        4.0955636960        4.8286168340
  1       10.2928636267       13.5095005559       14.0544827782
  2       10.5820542756       13.9745798126       14.0037870828
  1       10.8767266538       14.4382530213       13.9777996993
  1       22.8951648187        3.8042754213        4.5490612329
  2       23.2970874853        3.4291236374        4.5638703216
  1       23.6999432643        3.0547072714        4.5594425466
  1        5.8754963858       19.9554619834        8.6795917447
  2        6.0562311322       20.4745841836        8.6609613204
  1        6.2339270505       20.9949449728        8.6487626055
  1        9.0678909319       23.3550719627       25.1560246573
  2        9.1441271980       23.4278613492       24.6162193805
  1        9.2401075326       23.4984205144       24.0792750830
  1       10.3777930982        8.7278409450       20.0044445779
  2       10.7501396944        8.3262919778       20.0555957194
  1       11.1349826825        7.9389334001       20.1215442278
  1       11.5463069887        1.8671032900        0.5539614634
  2       11.0772600286        2.1195108203        0.6910212601
  1       10.5940724457        2.3595686392        0.7978014189
  1       14.8271991744        8.0813337809        4.8415196637
  2       14.6466446409        8.2017881401        4.3361576075
  1       14.4408758590        8.3094858098        3.8375992666
  1       27.2822414838        8.4590374377        4.3512506218
  2       27.0383195311        8.0080312829        4.5502368760
  1       26.8107559881        7.5564897512        4.7666279064
  1       26.3315454436       22.7812678004       21.6886424420
  2       26.6384304525       22.3455736626       21.5526563782
  1       26.9511324321       21.9140748389       21.4165452614
  1       15.4317177387       27.5658822106       18.9887342115
  2       15.3688459264       27.9166050060       19.4077099339
  1       15.2829868311       28.2620433519       19.8269957123
  1       18.8014119559       11.0811540418        3.7446014366
  2       18.8069440597       10.6247675939        4.0514903512
  1       18.7928940062       10.1710319185        4.3620165690
  1       21.5672045377       21.0689750142        9.0196722261
  2       21.3530463615       20.6721236859        8.7047987614
  1       21.1336062349       20.2809821029        8.3864368731
  1       14.4071109598        5.4951973032        9.3199373377
  2       14.1567334596        5.1645929947        8.9586730318
  1       13.9034628810        4.8372056623        8.5964969041
  1       15.5858242884       27.5238348808       14.5302972734
  2       16.0180454966       27.6238642369       14.8553802707
  1       16.4388544540       27.7287455468       15.1936401281
  1        5.8309663040        4.6869108781        6.0696058027
  2        5.4778133951        5.1084425473        6.0599065853
  1        5.1143095463        5.5209102224        6.0445648813
  1       25.5907980101       19.1032617111       17.2961478887
  2       25.1325855640       18.8123043177       17.2073495243
  1       24.6933633777       18.4876355606       17.1427424950
  1       26.4705655399       25.9476063095       27.0242215995
  2       25.9302739788       26.0148185467       26.9463271569
  1       25.4022511612       26.1205219736       26.8344402110
  1        6.6597149660        4.3621966445        9.5860934775
  2        6.5264565192        4.8745522602        9.4369830840
  1        6.3863655450        5.3773035826        9.2634445415
  1       18.8227785122        6.4242437154        5.3866718487
  2       18.4882029871        6.4153136146        4.9502323095
  1       18.1531298667        6.4120487949        4.5140954687
  1       13.6453345673       22.3720898977       22.9304528042
  2       13.9462654824       22.4970012757       22.4873526666
  1       14.2563673526       22.6096516697       22.0472995813
  1       11.9833954039       15.9409246099       26.3112012443
  2       11.8507285648       15.4142144505       26.2247378546
  1       11.7197696122       14.8866730631       26.1407745515
  1        8.5624810061       17.3288917580        8.1592942185
  2        8.1780392381       17.0998815410        8.4790735917
  1        7.7922325094       16.8691685236        8.7959721096
  1       19.0216704158        0.4760263432       22.3728669209
  2       18.9496178588        0.0512328613       22.0310205713
  1       18.8584819404       -0.3430715577       21.6585715567
  1        8.5832926201       14.1203817766       25.2989588121
  2        8.8922663974       13.6793540905       25.4108953344
  1        9.2004760574       13.2351468941       25.5118248698
  1       14.7791740855       11.6620230815        1.5960481868
  2       14.5130279591       11.7419823307        1.1214191128
  1       14.2724658054       11.8289287238        0.6345205876
  1        3.0625510313        4.3271114416       15.9544381730
  2        2.6723834682        4.1665530286       16.3072699583
  1        2.2822662539        3.9968596913       16.6558567185
  1       20.5339835239        1.2665664531       26.1553195426
  2       20.9456454689        1.3945097720       26.4968820554
  1       21.3594525373        1.5322356646       26.8319869461
  1        7.4778995657       24.8400140639       21.5328339962
  2        7.1560569241       24.7092504681       21.9592354456
  1        6.8136637470       24.5884826667       22.3723722867
  1       18.4582095938        7.3511220484       10.2675845733
  2       18.5369858641        7.8455617296       10.4952327688
  1       18.5678169687        8.3454915046       10.7224323771
  1       15.9213873684        3.6349954672        6.0015377341
  2       15.7723477323        3.1383037429        6.1847985261
  1       15.6064903034        2.6487212654        6.3726822934
  1        7.4932036479       22.6327618664        2.3613616204
  2        7.1804280804       23.0278059293        2.1408811616
  1        6.8701658758       23.4107870055        1.8968261296
  1       12.3774450416       21.7509515265       12.4067860190
  2       12.0762607358       21.5354567431       12.8134185462
  1       11.7831046723       21.3222735644       13.2270759573
  1        3.3501214884       15.4146607288       18.4598668216
  2        3.1038233393       15.5770500068       18.9240509921
  1        2.8674963909       15.7326139482       19.3956964443
  1       10.5168582727       23.5732947712        2.9696842747
  2       10.9018522118       23.1848091002        2.9117312741
  1       11.2784052199       22.7863654011        2.8675673783
  1       26.6343991168        6.0148055889       24.0511541289
  2       27.0753794347        5.9464349237       23.7296548111
  1       27.5127248392        5.8803561928       23.4027563597
  1       28.4177921915       22.1060013474       17.9273054498
  2       28.5333565880       21.5877042564       18.0705290365
  1       28.6393764745       21.0662459859       18.2096011572
  1       10.3313647491       13.8927553269       21.5124117598
  2       10.4410365811       13.4693145556       21.8458334184
  1       10.5670178663       13.0556895389       22.1857496732
  1       28.0023332968       15.4617167989        6.8991269242
  2       28.1245836102       15.2096050412        7.3724075202
  1       28.2455759908       14.9370542280        7.8345513257
  1       18.9639830103       22.0038307343       27.7210636513
  2       18.7770905726       22.5198644650       27.7568464051
  1       18.5656486964       23.0261781053       27.7947783129
  1       10.7577681201        4.9816233653        4.1948520683
  2       11.0836552413        4.6512553481        4.4900715755
  1       11.4050435761        4.3100845179        4.7778423208
  1       24.8299707757       15.7217092004        5.6297259503
  2       24.9972820137       15.2931879459        5.3282686828
  1       25.1685803115       14.8538869121        5.0451229715
  1       11.2019265731       22.5485094117       20.3241445447
  2       11.3236136592       22.0123322187       20.3385066739
  1       11.4430802536       21.4755585263       20.3485930496
  1       26.8426140333        2.4504084402       22.9364166330
  2       26.4002561946        2.7734451346       22.9860838916
  1       25.9574150542        3.0969397684       23.0278324872
  1        4.4928119920       23.3843382177       12.8177649911
  2        4.0419268337       23.5308404113       13.0965833573
  1        3.5880921480       23.6660823159       13.3763041185
  1        5.2252129261       15.3114827874       15.5655427355
  2        5.6857838478       15.0263523698       15.4702795682
  1        6.1465299295       14.7327972819       15.4067307082
  1        5.4995444581        2.4824123676       18.6158814382
  2        5.3889520031        2.9854946717       18.4230667493
  1        5.2709058671        3.4867865072       18.2300081974
  1       17.8727894125       19.4323688812        4.7851921127
  2       17.6552782860       19.7307112411        4.3775393854
  1       17.4228698566       20.0380245557        3.9850539110
  1       21.4328399382        1.5739297757       10.8433932266
  2       21.6604850024        1.3322893271       10.4048871054
  1       21.8772262259        1.0893909923        9.9615772364
  1        1.5310294061        8.4956165458       17.8585001976
  2        1.4708180827        7.9849118056       17.6634226109
  1        1.4174521294        7.4702426863       17.4769614307
  1       12.1296424872       14.8935623506        3.2193177015
  2       12.6632953940       15.0251726769        3.2391494210
  1       13.1973922945       15.1559773734        3.2505788227
  1       12.3085756674        7.3895811074       -0.0528816643
  2       12.8377917313        7.3834998014        0.0967624984
  1       13.3680292896        7.3588827847        0.2407837929
  1       16.6854074350       17.1985993413        8.6760754302
  2       16.8775122242       17.5620677960        8.3107174791
  1       17.0633404249       17.9317512003        7.9483612187
  1       28.9657867260        9.5358989619       22.8129999425
  2       28.4771514532        9.4434211143       23.0479114532
  1       27.9796355984        9.3755764329       23.2723553712
  1        2.5636512242       16.0955717770        4.5757913818
  2        2.0856932911       16.3252685560        4.7217215156
  1        1.6142497389       16.5658749980        4.8712190611
  1       22.5322616276       27.5243441978       20.9561012641
  2       22.4779219413       27.0832720020       20.6320603460
  1       22.4404838150       26.6559257261       20.2878604824
  1        1.8105645016       25.2223274746        0.3724948305
  2        1.7576299025       25.7361996056        0.5612628396
  1        1.7062932280       26.2519954276        0.7451628529
  1       17.7904538056       16.4945034207       28.1474390977
  2       17.6461763272       17.0233603593       28.1920972183
  1       17.5246417731       17.5560101807       28.2554495576
  1       24.3584023124       17.3624807839        2.6945400150
  2       24.4524318167       17.8989447911        2.7711221363
  1       24.5407704015       18.4381238719        2.8342269084
  1       15.7929318080       29.1059079102        8.4412973751
  2       15.4405356596       28.6846675290        8.4708523380
  1       15.1092576916       28.2460250406        8.4894983624
  1       15.4177525202        8.8109407072       26.3159590454
  2       15.9408506263        8.8457336184       26.1496526271
  1       16.4718396427        8.8586256697       26.0068784753
  1        1.0959847942       15.2314726172       13.5674047828
  2        1.2632381844       14.7110805405       13.5064261805
  1        1.4191612756       14.1875550973       13.4423239266
  1        6.5554782875        0.5931756286       -0.0280666753
  2        6.1407972569        0.9218691650        0.1219339982
  1        5.7334500097        1.2546220839        0.2826938009
  1       10.9540898609       11.6413052390       18.4959133732
  2       11.2053177118       12.1277487015       18.5484236076
  1       11.4529937541       12.6128182326       18.6250011958
  1        4.4248862324       25.1987053391       25.7699757517
  2        4.6635170034       24.7886577682       26.0482136800
  1        4.9080102784       24.3709466421       26.3094424161
  1       22.3910234469        2.4717484170       21.2037118441
  2       22.3780005949        2.2961858890       20.6826473528
  1       22.3725058755        2.1041562426       20.1672888155
  1       26.9102796690       18.3137305527       20.3426801752
  2       27.3141699997       17.9465553568       20.4101707400
  1       27.7170455462       17.5785675095       20.4792810665
  1       22.8530105615       -0.0449917972       24.2078457349
  2       23.3416435579        0.1520999325       24.0500717036
  1       23.8381266077        0.3563663484       23.9305735382


Molecules in box 2
##############################################################################                                           
Moleculetype  1
Number-of-molecules: 30    
Atomtype         X                  Y                   Z
  1       46.7103597956       15.9941624750       50.1319544588
  2       46.9773374740       16.0577416770       49.6553197933
  1       47.2236263456       16.1351348188       49.1696737367
  1       27.8112338857       37.6041163228       20.0526069822
  2       27.7358076621       38.0535003847       20.3606083615
  1       27.6314368205       38.4988951052       20.6659446833
  1       48.6944672123        1.3181967656       47.2879475967
  2       48.6956959330        1.7276121488       47.6552043656
  1       48.7027835142        2.1458318768       48.0123346280
  1       48.2384630425       26.4109529399        4.7330689180
  2       48.5668705128       25.9802250955        4.6375594551
  1       48.8939377150       25.5518834752        4.5277846834
  1        7.4948563947       31.7177395062       47.3537578807
  2        7.3866883505       31.3243351962       47.7225840228
  1        7.2791838362       30.9329520252       48.0937470488
  1       15.4251204155       48.3781013843       24.8076863006
  2       15.3702038771       48.4337832775       25.3520976346
  1       15.2917505409       48.4977172001       25.8927061127
  1        8.7173602747       11.7960756794       12.4397576761
  2        9.1631114933       12.0976587477       12.3263843806
  1        9.6096733166       12.4105810331       12.2545360669
  1       23.1806322902        5.0618034720       37.3304377012
  2       23.3143632779        5.2728005516       36.8404415224
  1       23.4734941450        5.4553231978       36.3466168067
  1       14.9091228755        8.2013645144       24.6219165558
  2       15.2392832494        7.8012383036       24.8046544634
  1       15.5619416480        7.4047461268       25.0075965996
  1        0.5779880525       31.5447646514        9.4798540022
  2        0.0303091548       31.4943312341        9.4777814527
  1       -0.5174153973       31.4479205536        9.4592379154
  1       23.8996388513       21.2622334606        5.2039899571
  2       24.3106275451       21.1944054120        5.5631384631
  1       24.7295494554       21.1346520697        5.9144701727
  1        6.7651052175       41.9321129064       -0.4859016899
  2        6.7799131056       41.8832875470        0.0617266610
  1        6.7992396105       41.8453808495        0.6100783433
  1        9.4687038088        6.4675241005       14.8767811117
  2        9.0361841511        6.1336797610       14.9398263549
  1        8.5984458532        5.8035836576       14.9836640562
  1        4.3040085549       46.2700072785       21.4396269670
  2        4.0202721395       46.6749720591       21.1988009447
  1        3.7007718964       47.0760873052       20.9999890916
  1       17.5173112432       20.0958548867        5.7094986177
  2       17.2729590535       19.8935137300        6.1587758858
  1       17.0206864703       19.6914675749        6.6037881261
  1       44.5537876258       49.5686009014       42.7948923524
  2       44.8152977948       49.4799822915       43.2705594350
  1       45.0584773249       49.3926589219       43.7560883675
  1       50.2721131714       48.2737356025        4.1607190850
  2       50.0221653769       47.8345543600        3.9435879349
  1       49.7861729807       47.3964212608        3.7093936240
  1       22.5463610477       44.8673558058        9.2844447276
  2       22.3466100811       44.5510292089        9.6876035493
  1       22.1504378280       44.2207439475       10.0812126094
  1       48.7160437019       48.3015038201        7.6151347853
  2       48.1819653040       48.4310220694        7.6371640385
  1       47.6490998822       48.5659771730        7.6556454141
  1       18.8895041542        8.1157698644       26.4853627099
  2       18.7945908746        7.6466477198       26.2144090557
  1       18.7078051725        7.1893972977       25.9213385993
  1        1.9820188993       27.6759361451       17.4815589570
  2        1.8225447928       27.9953732094       17.0631955130
  1        1.6738045242       28.3364913121       16.6582081410
  1       49.7999804619       32.7407472775       23.5481520615
  2       49.4866400956       33.1913777014       23.5127962152
  1       49.1618953262       33.6346924360       23.4901493647
  1        4.5897777487       44.4952396972       40.9090205248
  2        4.0900081935       44.5111833772       40.6799437019
  1        3.5876811087       44.5095720475       40.4559684745
  1       37.8138192251        1.1310952880        5.0702121229
  2       37.6683415443        1.6610385419        5.0924919794
  1       37.5141044057        2.1877271123        5.1286866457
  1       34.8354272011       11.0253852463       48.6868343252
  2       34.3808808033       10.7894553754       48.8873952095
  1       33.9170247749       10.5666655532       49.0815659567
  1        4.5380864068        7.2762520272       18.5913260325
  2        4.6451086294        7.8133028457       18.5401140975
  1        4.7348541673        8.3528592696       18.4824547288
  1       33.3109800486        3.5398165946       47.8007498272
  2       32.8126328730        3.7720730221       47.7863607866
  1       32.3110857915        3.9977071818       47.7800560263
  1       14.5371927801       37.0210514644       19.2597854251
  2       14.4313098755       37.3230821876       18.8124977629
  1       14.3315329654       37.6466391177       18.3790747822
  1       44.3738221421       22.8844198894       44.0319000181
  2       43.9762803171       22.6140682264       44.2990525508
  1       43.6081211913       22.2974730665       44.5573670138
  1       28.9204402279       45.0472644970       43.1014149307
  2       29.0629652821       45.5628716791       43.2292266779
  1       29.2187578655       46.0791702427       43.3372288221


Number-of-fractionals:  1        
##############################################################################                                           
Fractional-type:      2
Box:                  1
Lambda:               0.687490
Reaction-Step         1 (only used if Type = 3 (RxMC))

Moleculetype  1
Atomtype         X                  Y                   Z
  1       15.9986312989       22.1331669418        0.7099456247
  2       15.8270224138       22.5899730141        0.9636750137
  1       15.6657250614       23.0463726687        1.2247928383

------------------------------------------------------------------------------                                           

