#   100 bins for weightfunction of N2                      
 0.0000000    0.5536218262E+001    0.3765338135E+001
 0.0101010    0.5534008789E+001    0.3782934570E+001
 0.0202020    0.5528100586E+001    0.3747021484E+001
 0.0303030    0.5579687500E+001    0.3731555176E+001
 0.0404040    0.5676483154E+001    0.3751464844E+001
 0.0505051    0.5792578125E+001    0.3749890137E+001
 0.0606061    0.5909478760E+001    0.3723651123E+001
 0.0707071    0.6064868164E+001    0.3738208008E+001
 0.0808081    0.6272235107E+001    0.3757019043E+001
 0.0909091    0.6412493896E+001    0.3747521973E+001
 0.1010101    0.6540307617E+001    0.3759490967E+001
 0.1111111    0.6596679687E+001    0.3742102051E+001
 0.1212121    0.6674517822E+001    0.3736499023E+001
 0.1313131    0.6719458008E+001    0.3731384277E+001
 0.1414141    0.6650622559E+001    0.3726019287E+001
 0.1515152    0.6677288818E+001    0.3736083984E+001
 0.1616162    0.6613934326E+001    0.3731384277E+001
 0.1717172    0.6555090332E+001    0.3733441162E+001
 0.1818182    0.6385742187E+001    0.3730621338E+001
 0.1919192    0.6382714844E+001    0.3721923828E+001
 0.2020202    0.6232177734E+001    0.3732397461E+001
 0.2121212    0.6094305420E+001    0.3714208984E+001
 0.2222222    0.5886816406E+001    0.3715625000E+001
 0.2323232    0.5806042480E+001    0.3733111572E+001
 0.2424242    0.5659704590E+001    0.3713824463E+001
 0.2525253    0.5488403320E+001    0.3721569824E+001
 0.2626263    0.5330987549E+001    0.3715972900E+001
 0.2727273    0.5138385010E+001    0.3704510498E+001
 0.2828283    0.4907556152E+001    0.3692297363E+001
 0.2929293    0.4734057617E+001    0.3724688721E+001
 0.3030303    0.4581616211E+001    0.3732128906E+001
 0.3131313    0.4371514893E+001    0.3707464600E+001
 0.3232323    0.4152246094E+001    0.3704724121E+001
 0.3333333    0.3937536621E+001    0.3714074707E+001
 0.3434343    0.3742327881E+001    0.3687890625E+001
 0.3535354    0.3511743164E+001    0.3702972412E+001
 0.3636364    0.3302416992E+001    0.3718304443E+001
 0.3737374    0.3071301270E+001    0.3682006836E+001
 0.3838384    0.2857922363E+001    0.3712243652E+001
 0.3939394    0.2623486328E+001    0.3693347168E+001
 0.4040404    0.2408605957E+001    0.3686822510E+001
 0.4141414    0.2197308350E+001    0.3690295410E+001
 0.4242424    0.1959698486E+001    0.3691625977E+001
 0.4343434    0.1741821289E+001    0.3687658691E+001
 0.4444444    0.1481646729E+001    0.3687170410E+001
 0.4545455    0.1251397705E+001    0.3700646973E+001
 0.4646465    0.1008984375E+001    0.3670251465E+001
 0.4747475    0.7590515137E+000    0.3693206787E+001
 0.4848485    0.5320922852E+000    0.3668652344E+001
 0.4949495    0.2645080566E+000    0.3693548584E+001
 0.5050505    0.1415710449E+000    0.3688989258E+001
 0.5151515    0.1429443359E+000    0.3668151855E+001
 0.5252525    0.1475036621E+000    0.3668218994E+001
 0.5353535    0.1326904297E+000    0.3670452881E+001
 0.5454545    0.1419555664E+000    0.3668676758E+001
 0.5555556    0.1616882324E+000    0.3653173828E+001
 0.5656566    0.1349914551E+000    0.3681658936E+001
 0.5757576    0.1290222168E+000    0.3665112305E+001
 0.5858586    0.1392333984E+000    0.3680383301E+001
 0.5959596    0.1557983398E+000    0.3676129150E+001
 0.6060606    0.1567016602E+000    0.3663330078E+001
 0.6161616    0.1408813477E+000    0.3672204590E+001
 0.6262626    0.1370300293E+000    0.3663305664E+001
 0.6363636    0.1377136230E+000    0.3683911133E+001
 0.6464646    0.1284729004E+000    0.3672827148E+001
 0.6565657    0.1197570801E+000    0.3671148682E+001
 0.6666667    0.1366516113E+000    0.3650952148E+001
 0.6767677    0.1368408203E+000    0.3636108398E+001
 0.6868687    0.1058593750E+000    0.3643646240E+001
 0.6969697    0.1190429687E+000    0.3668884277E+001
 0.7070707    0.1091125488E+000    0.3661022949E+001
 0.7171717    0.1172058105E+000    0.3672442627E+001
 0.7272727    0.1289916992E+000    0.3685241699E+001
 0.7373737    0.9425659180E-001    0.3655401611E+001
 0.7474747    0.1106933594E+000    0.3693988037E+001
 0.7575758    0.9202880859E-001    0.3664050293E+001
 0.7676768    0.9764404297E-001    0.3668164063E+001
 0.7777778    0.1053771973E+000    0.3684411621E+001
 0.7878788    0.9614868164E-001    0.3669976807E+001
 0.7979798    0.7670898437E-001    0.3668432617E+001
 0.8080808    0.6493530273E-001    0.3641149902E+001
 0.8181818    0.8967285156E-001    0.3684020996E+001
 0.8282828    0.8251342773E-001    0.3674761963E+001
 0.8383838    0.8695068359E-001    0.3689172363E+001
 0.8484848    0.5432739258E-001    0.3664825439E+001
 0.8585859    0.7224731445E-001    0.3672491455E+001
 0.8686869    0.3386840820E-001    0.3658978271E+001
 0.8787879    0.5551757812E-001    0.3664166260E+001
 0.8888889    0.4710693359E-001    0.3672485352E+001
 0.8989899    0.4502563477E-001    0.3676910400E+001
 0.9090909    0.4448852539E-001    0.3682354736E+001
 0.9191919    0.4278564453E-001    0.3682104492E+001
 0.9292929    0.3041381836E-001    0.3678521729E+001
 0.9393939    0.2265014648E-001    0.3663568115E+001
 0.9494949    0.2457275391E-001    0.3683367920E+001
 0.9595960    0.1928100586E-001    0.3679510498E+001
 0.9696970    0.1615600586E-001    0.3678576660E+001
 0.9797980    0.3747558594E-002    0.3675482178E+001
 0.9898990    0.0000000000E+000    0.3671105957E+001
 1.0000000    0.1766357422E-001    0.3689031982E+001


