Compiled using GNU Fortran (Ubuntu 9.4.0-1ubuntu1~20.04.2) 9.4.0 with all optimizations
Last Brick update unknown
Compiled at 16:28:53 on Sep  3 2023
Starting at 15:04:37 on Dec 31 2024

Settings
OK                      

Forcefield
OK                      

Topology
OK                      

Configuration
OK                      Starting from random configuration.

 F
Monte Carlo Simulation initialized.

#########################################################################################################################
###########################################   ENERGY STARTING CONFIGURATION   ###########################################
#########################################################################################################################
                                               Box 1               Box 2
-------------------------------------------------------------------------------------------------------------------------
Lennard Jones        
 Intermolecular                          0.1797460236E+008   0.1796430710E+006
 Tailcorrection                         -0.4379642141E+004  -0.6575932736E+002
Total Intermolecular                     0.1797022272E+008   0.1795773117E+006

Electrostatic        
 Real                                    0.2102218841E+004   0.1783056623E+004
 Exclusion                               0.1043425830E+008   0.2037985693E+007
 Selfterm                               -0.1044989240E+008  -0.2038978394E+007
 Fourier                                 0.1615291828E+005   0.9233771684E+003
Total Intermolecular                     0.2621034184E+004   0.1713732179E+004

Intramolecular       
 Lennard Jones                           0.0000000000E+000   0.0000000000E+000
 Electrostatic                           0.0000000000E+000   0.0000000000E+000
 Bending                                 0.9343375086E+007   0.3104111324E+007
 Torsion                                 0.0000000000E+000   0.0000000000E+000

Total                                    0.2731621884E+008   0.3285402368E+007

#########################################################################################################################

Simulation is running...



#########################################################################################################################
###############################################   RELATIVE ENERGY DRIFTS   ##############################################
#########################################################################################################################
                                               Box 1               Box 2                                                 
-------------------------------------------------------------------------------------------------------------------------

Lennard Jones        
 Intermolecular                          0.7260162283E-014   0.0000000000E+000
 Tailcorrection                          0.0000000000E+000   0.0000000000E+000

Electrostatic        
 Real                                    0.4513647186E-014   0.0000000000E+000
 Exclusion                               0.1336308818E-015   0.0000000000E+000
 Selfterm                                0.0000000000E+000   0.0000000000E+000
 Fourier                                 0.4043725053E-015   0.0000000000E+000

Intramolecular       
 Lennard Jones                           0.0000000000E+000   0.0000000000E+000
 Electrostatic                           0.0000000000E+000   0.0000000000E+000
 Bending                                 0.7480487495E-015   0.0000000000E+000
 Torsion                                 0.0000000000E+000   0.0000000000E+000

Total                                    0.8386722278E-014   0.0000000000E+000

#########################################################################################################################
############################################   TRIAL MOVE ACCEPTANCE RATES   ############################################
#########################################################################################################################
                                               Box 1               Box 2
-------------------------------------------------------------------------------------------------------------------------
Translation
 N2                                           0.51055             0.99267
-------------------------------------------------------------------------------------------------------------------------
Rotation
 N2                                           0.49261             0.99907
-------------------------------------------------------------------------------------------------------------------------
Bond Bending
 N2                      
  Bending 1                                   0.32195             0.32601
-------------------------------------------------------------------------------------------------------------------------
Lambda Move
 N2                                           0.79816             0.96833
-------------------------------------------------------------------------------------------------------------------------
GE Swap Fractional
 N2                                           0.08650             0.31741
-------------------------------------------------------------------------------------------------------------------------
GE Identity Change
 N2                                           0.04969             1.00000
-------------------------------------------------------------------------------------------------------------------------
Volume                                        0.49499             0.49499

#########################################################################################################################
######################################################   AVERAGES   #####################################################
#########################################################################################################################
                                                       Boltzmann                                    Biased
                                               Box 1               Box 2                  Box 1               Box 2      
-------------------------------------------------------------------------------------------------------------------------
Density
 N2                                      0.8880877460E+003   0.1756937363E+000      0.8881665302E+003   0.1775475793E+000
 Total                                   0.8880877460E+003   0.1756937363E+000      0.8881665302E+003   0.1775475793E+000

Number of molecules
 N2                                      0.3995047504E+003   0.4952496225E+000      0.3994995160E+003   0.5004840000E+000
 Total                                   0.3995047504E+003   0.4952496225E+000      0.3994995160E+003   0.5004840000E+000

Mole fractions
 N2                                           1.00000             1.00000                 1.00000             1.00000

Volume                                   0.2092702351E+005   0.1310729765E+006      0.2092489734E+005   0.1310751027E+006

#########################################################################################################################
#######################################   PROPERTIES FROM THE CFC GIBBS ENSEMBLE   ######################################
#########################################################################################################################
                                                       Boltzmann                                    Biased
                                               Box 1               Box 2                  Box 1               Box 2      
Chemical Potentials (as an indication)
=========================================================================================================================

Total N2                                -0.9999460343E+003  -0.1000888607E+004     -0.9999389376E+003  -0.1000048904E+004
 Ideal gas                              -0.3166807974E+003  -0.9989274763E+003     -0.3166737007E+003  -0.9980877738E+003
 Excess                                 -0.6832652369E+003  -0.1961130458E+001     -0.6832652369E+003  -0.1961130458E+001

-------------------------------------------------------------------------------------------------------------------------

#########################################################################################################################
##################################################   AVERAGE ENERGIES   #################################################
#########################################################################################################################
                                                       Boltzmann                                    Biased
                                               Box 1               Box 2                  Box 1               Box 2      
-------------------------------------------------------------------------------------------------------------------------
Lennard Jones        
 Intermolecular                         -0.3741908388E+006  -0.2454654839E+000     -0.3740486993E+006  -0.2678379570E+000
 Tailcorrection                         -0.1000442346E+005  -0.4926517525E-002     -0.1000103676E+005  -0.5226533537E-002
Total Intermolecular                    -0.3841952623E+006  -0.2503920015E+000     -0.3840497361E+006  -0.2730644906E+000

Electrostatic        
 Real                                   -0.8776960780E+004  -0.6853910958E-002     -0.8769694992E+004  -0.7200603050E-002
 Exclusion                               0.1392598854E+008   0.1010806657E+005      0.1392170308E+008   0.1029846457E+005
 Selfterm                               -0.1392849671E+008  -0.1010828686E+005     -0.1392421026E+008  -0.1029869087E+005
 Fourier                                 0.1096456912E+004   0.2254366138E+000      0.1096566933E+004   0.2296733932E+000
Total Intermolecular                    -0.1018867376E+005  -0.1713072593E-002     -0.1018030394E+005  -0.3834405812E-002

Intramolecular       
 Lennard Jones                           0.0000000000E+000   0.0000000000E+000      0.0000000000E+000   0.0000000000E+000
 Electrostatic                           0.0000000000E+000   0.0000000000E+000      0.0000000000E+000   0.0000000000E+000
 Bending                                 0.3218551321E+005   0.4005190959E+002      0.3218065516E+005   0.4242407977E+002
 Torsion                                 0.0000000000E+000   0.0000000000E+000      0.0000000000E+000   0.0000000000E+000

Total                                   -0.3621984228E+006   0.3979980451E+002     -0.3620493848E+006   0.4214718088E+002

#########################################################################################################################

No errors found in bookkeeping.

Total simulation time :  1 days and  22 hours

Simulation finished.

