Simulation state at cycle:    1100000
##############################################################################                                           

Number-of-molecules: 401   

Box-size(s):    27.181946   50.905682

------------------------------------------------------------------------------                                           

Deltas
Translation per molecule type
Box 1    0.4214163878E+000
Box 2    0.2546311514E+002

Rotation per molecule type
Box 1    0.6486965682E+002
Box 2    0.1800000000E+003

Volume    Delta_Volume
Box 1   0.2671148523E+003
Box 2   0.1236642835E+004

------------------------------------------------------------------------------                                           

Molecules in box 1
##############################################################################                                           
Moleculetype  1
Number-of-molecules: 400   
Atomtype         X                  Y                   Z
  1       10.2645123618       18.2675494092        9.3152522530
  2       10.2204086904       18.6810598415        9.6752022337
  1       10.1880879770       19.0953595305       10.0354953618
  1       18.0477391992       23.4980256895       17.5862648319
  2       18.0716434573       22.9716525088       17.4285947299
  1       18.0849967676       22.4444874818       17.2723298188
  1        9.6430533023        1.2422155857       24.1255199503
  2        9.6515207373        0.6958125163       24.0632946470
  1        9.6724831469        0.1501583281       23.9975520946
  1        9.3301916790       25.4751835485       18.3570352855
  2        8.9154064851       25.2306826661       18.6228783999
  1        8.5133528654       24.9673787671       18.8903180054
  1       19.5642847001       -0.2472164534        2.3131525461
  2       19.5382769859        0.0969327644        1.8849178970
  1       19.5088547320        0.4493211374        1.4636617225
  1       14.5367250576        3.9672409197       12.6691297251
  2       14.8179914354        3.7928610694       13.1084256305
  1       15.0962035732        3.6374060707       13.5566797424
  1       26.5440393627       20.3996814312        5.7109423694
  2       26.3040377805       20.3451486687        5.2190832246
  1       26.0687050426       20.2870746879        4.7253769210
  1       16.4903029948        7.6926157777       12.5270283116
  2       15.9821066450        7.5271498402       12.6568647226
  1       15.4731626338        7.3502661257       12.7672646501
  1       13.0861050051        6.7065877348       10.1150522473
  2       13.2267811132        6.4507531183        9.6489418724
  1       13.3674852983        6.2110197230        9.1743576012
  1       22.6364657280       26.7062504419       22.0481702202
  2       22.2854880324       26.3141690023       21.8882114695
  1       21.9342880240       25.9195147613       21.7352193679
  1       26.3173921140       25.3932702835        1.2170141784
  2       26.7311785852       25.6378607538        0.9497011445
  1       27.1429862675       25.8654003855        0.6648500470
  1        6.6475403908        0.8199465380       21.5837559003
  2        6.9430903454        0.3619549436       21.6571992378
  1        7.2607833866       -0.0771217762       21.7509156431
  1       11.3008650838        7.6891456597       19.9308589539
  2       11.7201169227        8.0451274986       19.9330557709
  1       12.1442375440        8.3953006169       19.9337520488
  1        0.5116238570        5.9908453219       11.9018371713
  2        0.9926246561        6.2341808802       12.0110435691
  1        1.4754316099        6.4770395657       12.1131077806
  1        2.2410765361       10.1397130579       15.8714844999
  2        2.1828360950        9.5940994657       15.9090858161
  1        2.1234203322        9.0486015344       15.9465260763
  1       25.5070649745       17.9127466257       24.9546716447
  2       25.2013375024       17.5250273757       25.1969617517
  1       24.9081113567       17.1305529624       25.4437579503
  1        4.3159190043       22.5422754278       25.9569519315
  2        4.7685910081       22.7900767034       25.7667347273
  1        5.2134153386       23.0638010858       25.5943796390
  1        4.2970278289        9.5976129035       12.8451106106
  2        4.1251748632        9.3334241350       12.3943658350
  1        3.9552469341        9.0856984022       11.9336528449
  1       23.8410001500        7.3768143963       11.5368740957
  2       24.2784257865        7.6705688913       11.6945671811
  1       24.7121859409        7.9705307749       11.8506921175
  1        2.9123389671       10.0645967899       -0.1370984178
  2        3.4181114678        9.9632232662        0.0537355053
  1        3.9202931062        9.8609783892        0.2533841622
  1       21.2889278282       14.0206652247        3.0749760458
  2       20.8496977493       13.6897080075        3.0816287223
  1       20.4162451675       13.3512106499        3.0754321698
  1        0.8586117301        5.2811878966       19.9986653568
  2        1.1320113852        5.7396620059       20.1311573177
  1        1.3999355990        6.2044235950       20.2524556274
  1       21.1480077137        6.9219159795        9.2848514134
  2       20.7684938536        6.6194672080        9.0260194783
  1       20.3854358408        6.3165760240        8.7729908467
  1       19.2229803695        9.2348922054       10.7696365316
  2       19.4626218349        9.0082435876       11.2097528482
  1       19.7270251772        8.7967233825       11.6431695927
  1       25.3476220398       13.6205168202       24.8003839152
  2       25.5135321120       13.6382759252       24.2763052359
  1       25.6839839234       13.6556134833       23.7536719151
  1       11.0729624570       13.3357124081        6.7507740196
  2       11.2762261746       12.9947474050        6.3700815876
  1       11.4552224076       12.6659416961        5.9671583278
  1       19.7555708011        7.4077405730       19.1103833759
  2       19.2867984867        7.6476630308       19.2690961084
  1       18.8188193870        7.8896485762       19.4270155723
  1       18.9406653187       24.5743853938       14.4080298022
  2       18.8788730494       24.3623951233       13.9043018590
  1       18.8305127983       24.1529359150       13.3980527848
  1       10.6972863486       15.7943866258        1.2357407163
  2       10.5911117421       16.3286639238        1.1597491260
  1       10.4726013142       16.8625458852        1.1012228182
  1       13.1300520220       16.3345815856       15.1822385530
  2       13.1608973287       15.8695226386       14.8902304317
  1       13.1986126163       15.4075580494       14.5941455210
  1       21.5069152798       22.1024001795       17.1805757412
  2       21.6169962112       22.2309955354       16.6572733210
  1       21.7355865256       22.3740797126       16.1396216480
  1        4.6025836174       14.1772470180       22.2105823291
  2        4.9828246637       14.3963446943       22.5421135568
  1        5.3671805891       14.6066112834       22.8746169150
  1        4.6329707057       15.9920949924        4.8640209228
  2        4.2412512096       16.2526334820        5.1489341233
  1        3.8638494091       16.5188593050        5.4475839034
  1       12.7375232224       19.1547721658       20.1650787610
  2       13.1849580923       19.4741055049       20.1831965903
  1       13.6372528079       19.7853790790       20.2154184981
  1        3.6738435538       13.8576386531        1.2851586291
  2        3.3113802817       13.5532004081        1.5652259984
  1        2.9403640219       13.2494411752        1.8346276732
  1       24.7182108356        5.3730891357        3.7948183071
  2       24.8362008201        4.8387605310        3.7393989447
  1       24.9672309474        4.3056848571        3.7053191764
  1        6.8461426273       18.3239749502       14.1522183314
  2        6.4365351886       18.3378963991       14.5189988372
  1        6.0159941592       18.3853212325       14.8702766856
  1       10.3089344257       12.9897511044        2.9366060930
  2       10.6521362704       12.6692532594        2.6502608030
  1       10.9840169797       12.3232880027        2.3806996133
  1        2.7810534514        2.5001731195       12.4340709085
  2        2.2565274624        2.6441809941       12.5155216231
  1        1.7300721884        2.7770844938       12.6031658085
  1       26.6184767779       13.1126846983       10.4994387230
  2       26.4691266963       13.2943775620       10.9966129947
  1       26.3368533037       13.4770740593       11.4982360987
  1        3.4412398200       19.6040699156       12.6090857070
  2        3.2310844317       20.0156512293       12.9073063215
  1        3.0229747967       20.4255173384       13.2092999497
  1        5.6072190375       27.0035350403       18.8486506777
  2        5.2609528197       27.0374191835       18.4226793509
  1        4.9098794723       27.0748739392       18.0009630422
  1        3.1743575481        4.4001867399        9.3864927548
  2        3.4327459504        4.6719325888        9.7888478556
  1        3.6821477389        4.9594011483       10.1859128052
  1        3.9214039129       19.9297917694       17.1430740530
  2        3.9250799295       19.3990801128       17.2874057005
  1        3.9057293344       18.8706055585       17.4385354423
  1        7.3932041013       25.3072891181        8.0911269537
  2        7.1670624957       25.8026081560        8.1687093289
  1        6.9464309456       26.3018092434        8.2366798549
  1        5.5406245216        7.1815018574        3.2446746628
  2        5.5384540592        7.6988146931        3.0579055029
  1        5.5267869832        8.2145835674        2.8672583245
  1        9.2362421880        9.2823856769        8.8870729317
  2        9.6870757932        9.1601642024        9.1774364480
  1       10.1326456310        9.0261264495        9.4706964000
  1       11.0766381005        8.0803346241        1.3681805211
  2       10.5716149510        7.9251923068        1.2152672127
  1       10.0698815821        7.7676970765        1.0541496224
  1        7.0732259239       18.3409800604       10.4622593445
  2        6.7921343962       18.7705646675       10.6596032535
  1        6.5049206774       19.1852590886       10.8787762806
  1       21.1688745465       18.0803278551       25.9689449311
  2       21.5487400874       18.4738959491       25.9114442678
  1       21.9220217803       18.8740058671       25.8560111529
  1       12.2000229719        7.9578032960        6.0045391198
  2       11.9686005310        7.9202273277        6.5020646975
  1       11.7150727518        7.8931164446        6.9893927843
  1       20.4174991498       25.9080584117        8.3075430685
  2       20.8736804975       25.6666398649        8.4975842830
  1       21.3278241700       25.4313076709        8.6997532278
  1       17.3214404642       11.9778556565        0.6129867329
  2       17.7644404623       12.0774099153        0.9233735097
  1       18.2059329929       12.1849609509        1.2332398021
  1       10.2248402371       25.7225040767       11.7545025506
  2       10.2302886536       25.3555561474       12.1641603736
  1       10.2218540595       25.0034532817       12.5865966748
  1        6.8936254210        3.6517846806       12.6655401975
  2        6.7535586959        3.1769892789       12.4258515681
  1        6.5970005354        2.6999326370       12.2013376449
  1       19.5421941129        4.8200885724       13.3952599097
  2       19.9002689188        4.5463343993       13.7104441194
  1       20.2624085406        4.2805758028       14.0278197040
  1       22.8496894085        9.2706838552       17.5019675554
  2       22.7013298499        9.7362469245       17.7544363057
  1       22.5374561281       10.1925615524       18.0140944705
  1       17.0916692146        7.5019221636        8.4156298440
  2       16.8245225012        7.3396992598        8.8681962623
  1       16.5263401437        7.1692754413        9.2977809487
  1        2.7608927894       26.3830167254       14.8358978695
  2        2.9856744498       26.1460516657       14.3933814680
  1        3.2132438376       25.9165229183       13.9483772805
  1       15.0863266669       21.1144026851        6.2946747804
  2       14.7442552861       21.2264921040        6.7105150534
  1       14.3942012450       21.3564217496        7.1143472642
  1       14.4743462116       13.4489980657        0.9636933941
  2       14.7801450984       13.8991579053        0.8840494385
  1       15.0846137692       14.3465870983        0.7860395170
  1       16.5190148156        0.8765662797       27.0155993995
  2       16.6588666503        0.3515881286       26.9299290707
  1       16.7887779175       -0.1736281118       26.8310808923
  1       25.0807566173       22.6994701641       17.1050880195
  2       25.6097348816       22.8247419307       17.0214878971
  1       26.1409671139       22.9473057908       16.9488902765
  1        6.2161609550       11.4522734436        9.8108481711
  2        6.3019453369       11.7483383570        9.3553411932
  1        6.3926876208       12.0487407725        8.9036507841
  1        4.4661121554       18.3642185024       22.9265047915
  2        4.7151475812       18.4033378845       22.4376786152
  1        4.9635273424       18.4288892575       21.9476228831
  1       24.6407473880       10.7996044402       14.1289936227
  2       24.8342104473       10.6738602583       14.6282535204
  1       25.0283360915       10.5661919291       15.1314659647
  1       15.8098890280       19.4673214518       23.6130822639
  2       15.7797345705       20.0148113441       23.5701226727
  1       15.7436450453       20.5617896705       23.5252645000
  1       23.2451948872       13.1140835327        8.4980237497
  2       23.6588167672       13.4702358622        8.4304037936
  1       24.0711356259       13.8298390890        8.3740240355
  1       25.8632335018       16.5254177866       13.1392449891
  2       25.9669966075       16.9581304718       13.4624986820
  1       26.0633508386       17.3839392060       13.7970174155
  1       12.0617866081        1.3406744228       21.4786792137
  2       12.1529716825        1.6443902618       21.0292996732
  1       12.2666428618        1.9253727567       20.5703577384
  1        4.0628489731       15.1980282700       18.0470035657
  2        3.7927352878       15.5680566619       18.3513349413
  1        3.5357815497       15.9467468833       18.6564062308
  1       19.7734554328        1.6847567797       23.4963435459
  2       19.7011702428        1.5801438002       24.0314425796
  1       19.6135265855        1.4756738635       24.5642695877
  1       16.2068765189       13.0136826610       24.1850903608
  2       15.9435400050       12.6731930579       24.5274654631
  1       15.6676536393       12.3315745677       24.8586504860
  1       19.8065337575       13.7912752980       26.0556485843
  2       20.3265009339       13.8724612694       26.2154702771
  1       20.8497593865       13.9524000920       26.3648368577
  1       22.2836759821       10.8131999522       11.3364676360
  2       22.0358966702       11.2002175211       11.6386642839
  1       21.7775565663       11.5830340549       11.9373478809
  1        7.4644329706       15.4632371905        8.1289449950
  2        7.9533422404       15.2818602588        8.3037881663
  1        8.4496407068       15.1241823995        8.4807783466
  1       14.0020559256        5.4970327980        4.4951883180
  2       14.3089210627        5.9427568127        4.3968832299
  1       14.6076067340        6.3936184050        4.2968297774
  1       10.0540577156       21.9746041132       19.6115660328
  2       10.5282112549       21.9541165212       19.3336115766
  1       11.0056689084       21.9500938356       19.0606317125
  1       14.8511718007        9.3765480856       15.8740985066
  2       15.0613987337        9.8747150818       15.7734293428
  1       15.2632409405       10.3817325532       15.7049238225
  1        2.8753268867       25.6958906770       26.4126626392
  2        3.2926838787       25.7639862396       26.7643388192
  1        3.6979198401       25.8339760139       27.1295582684
  1        6.3579299011       22.8778659997        6.0282443901
  2        6.8454882322       22.6400835744        6.1190540369
  1        7.3245540232       22.3862998050        6.2117350236
  1        5.3631480575       23.4176397825       18.3367574626
  2        4.9107204262       23.4211626812       18.6494823060
  1        4.4527960898       23.4356490710       18.9537773036
  1       12.7764062700        2.1004593708        9.8231753768
  2       13.0483741196        1.7637186837       10.1624970508
  1       13.3154947477        1.4092840068       10.4873395186
  1       15.3430183357       21.8764595835        2.2059678527
  2       15.2174659141       22.0004553134        2.7268916940
  1       15.0761976886       22.1102112513        3.2469848794
  1        6.3751206260       11.2747310204        2.0254630446
  2        6.0757292117       11.5592187116        2.3886868524
  1        5.7679122069       11.8449114991        2.7438323462
  1        4.7558961546        4.4419261623       18.1960438956
  2        4.7021441594        3.9006377171       18.2773921719
  1        4.6690999889        3.3587484014       18.3655060261
  1       16.9987117500       15.9774976770        7.9503815013
  2       17.4596358495       15.8276445226        8.2103680521
  1       17.9211675757       15.6698482392        8.4645113141
  1       19.3981093799       16.3096369750        5.2780503887
  2       19.6951932946       16.7372806423        5.4551437015
  1       19.9710281448       17.1718900565        5.6488697749
  1       21.2687203835       26.5423600750        5.1689806574
  2       21.4172335609       27.0711167409        5.1396510749
  1       21.5623837747       27.6011545753        5.1174855944
  1        9.3391372010       20.9559769785       13.3458227883
  2        9.5288343300       21.1900712170       12.8856979284
  1        9.7279469716       21.4351360424       12.4353676203
  1        4.4943215255       25.2250799106       21.8019600857
  2        4.1761780831       24.8306275399       22.0157171379
  1        3.8408596325       24.4639903180       22.2515956726
  1       12.8239089955       10.7464633126        0.1214702006
  2       13.2225348770       10.3741705281        0.0507914260
  1       13.6261604721       10.0061178658       -0.0134239597
  1       18.1237450428        0.0947087675       20.1716550314
  2       18.6287926997        0.1633501444       20.3783316523
  1       19.1316305092        0.2400659640       20.5875416411
  1       16.8270093604       13.2084718638       19.2365280616
  2       16.5142153486       13.3558181950       19.6642533998
  1       16.2035016774       13.5130589209       20.0899673503
  1       24.3558413270       23.6069344157        6.0838847873
  2       24.0843010769       24.0613817729        6.2330273099
  1       23.8086584407       24.5136808956        6.3811712931
  1        8.6648546864       11.1352298963       16.1674861630
  2        8.1818623161       11.1720931858       16.4279846623
  1        7.6867481862       11.2209214598       16.6624581085
  1       18.2612545427       10.8714206247       21.6564936437
  2       18.3557457113       10.7541996672       22.1854838763
  1       18.4544883851       10.6218712266       22.7101161924
  1       21.5506165526        5.0760391834       21.6564782786
  2       21.9945784616        4.9314221054       21.9471391190
  1       22.4391557127        4.7842451305       22.2355658947
  1       18.5027534456       11.9286961234       13.2627066862
  2       18.1716319291       11.5048495662       13.3776529225
  1       17.8096377059       11.1106889260       13.5045291263
  1       22.7730384334       24.7878737341        0.7506229936
  2       22.6781559449       25.0764870259        1.2090983814
  1       22.5911775668       25.3790656227        1.6600761563
  1       12.1747203539        3.6339807149        6.6790499054
  2       11.6524087565        3.8011205576        6.7209410528
  1       11.1323134553        3.9786807399        6.7426955535
  1       21.7367768919       17.3203153555        2.9854666591
  2       21.8024188321       17.7805752803        2.6916096577
  1       21.8690841263       18.2406395122        2.3976766039
  1       15.2555264917        8.8583234068       23.3071057560
  2       14.9033391605        8.6622821379       23.6813141266
  1       14.5687369735        8.4590505255       24.0676278426
  1       11.1359403665       22.8579497227        2.6062211448
  2       11.3498536570       23.3575066216        2.5214626121
  1       11.5481621767       23.8673757120        2.4648301071
  1       25.6868201238       17.0923618058        8.9394463264
  2       25.3964152200       16.9750604619        9.3915584658
  1       25.0930212998       16.8800436906        9.8403612525
  1        6.7318642406       20.5341488459       20.1013742668
  2        6.6856648220       21.0342251980       20.3256269273
  1        6.6692096011       21.5332009692       20.5563917524
  1       25.0440802553        2.8506841916       17.7542549505
  2       25.5182720736        3.1238753566       17.8091066308
  1       26.0017104647        3.3824843880       17.8527951862
  1       23.4938207911       23.2470564947       20.0996824823
  2       23.2384763883       22.7607847537       20.1286484957
  1       23.0147773721       22.2590713056       20.1558948738
  1        4.9663056984        3.6952813368       21.8939704810
  2        4.8548499601        4.2237074454       21.7898385159
  1        4.7480005079        4.7468470446       21.6578985548
  1        3.9419258584       20.0952011765        5.1168559852
  2        3.7120199148       20.5940760796        5.1445523417
  1        3.4744366305       21.0886959659        5.1820403415
  1       11.7408492945       14.0250941258       26.0701540124
  2       12.0332320497       14.2112204828       25.6431068210
  1       12.3375656806       14.4079745461       25.2293812131
  1       13.5157179826       25.6595805124       23.6386000522
  2       13.3384874395       25.2728794818       23.9872426306
  1       13.1798369099       24.8767377836       24.3342322032
  1        0.3595879859       24.4185730841        4.8161458758
  2        0.2221618625       24.0428939444        4.4386816462
  1        0.0923973161       23.6676546114        4.0580813251
  1        4.3612526365        1.1974187262        5.6956248637
  2        4.8063720660        0.8858955934        5.7811937324
  1        5.2488832741        0.5734095512        5.8762532036
  1       16.2005908130       25.1162371145        6.7037287499
  2       16.2476456865       24.5687303524        6.6808773972
  1       16.2854553147       24.0201630943        6.6688609754
  1       26.2212302916        2.6569170835        0.7590894269
  2       26.4762846070        3.1001229533        0.5565657169
  1       26.7353651661        3.5422971813        0.3569179897
  1       13.3616066815       17.1780319116        6.8349973014
  2       12.8595538236       17.0892157586        6.6287095923
  1       12.3556528165       16.9991359186        6.4275395240
  1        3.1161543501        7.2931946279        5.4487777241
  2        3.0776002983        7.1258133066        5.9712689473
  1        3.0155279640        6.9498554142        6.4886526003
  1       25.1781335963        2.6852462370       21.5676259780
  2       25.7179521420        2.7251409146       21.4701357096
  1       26.2600442730        2.7460165929       21.3795800553
  1       10.6502272621        8.5367154089       16.8475208587
  2       10.5357197799        8.0268427895       16.6760042458
  1       10.3939569592        7.5209679169       16.5132347310
  1       20.1683794430       13.4101429300        6.8848563167
  2       19.7012030802       13.1208407277        6.9083186663
  1       19.2362317452       12.8293702906        6.9450152711
  1       19.8713172652       21.1520140923        0.4482173367
  2       20.4182022056       21.1937249479        0.4072653339
  1       20.9664034831       21.2341385006        0.3887693048
  1        4.9269189019        2.1097726085       15.2201501225
  2        5.1598366563        1.6678132631       14.9901039171
  1        5.3848929080        1.2253452932       14.7533091152
  1       10.0190099404        1.5818936318       14.9739731001
  2        9.5427479934        1.3831291684       14.7837962194
  1        9.0566520445        1.2039038656       14.5991641034
  1        1.7386894055       16.0866452954       23.2883140664
  2        1.2196179514       16.0833180423       23.4701209830
  1        0.7117023318       16.1023988580       23.6802581876
  1       13.5786332581        6.3232491379       15.6933107237
  2       13.3307970359        5.8448136976       15.5829624729
  1       13.0933495959        5.3558093390       15.4993356260
  1       23.3078827696       14.5474372714       14.1722056097
  2       23.2315489291       14.4407893095       13.6380713971
  1       23.1162956576       14.3487708169       13.1082136054
  1        8.3710419660       12.3369978403       23.0992162169
  2        8.5967098252       12.8240673717       22.9794777982
  1        8.8361454627       13.3102059286       22.8854571727
  1       23.6932495813       11.6075187704        4.2920072883
  2       23.4742253189       11.7618636754        4.7723259562
  1       23.2699216164       11.9478294333        5.2479063733
  1        7.5375672308       14.3494746726       15.2534259618
  2        7.2670704677       14.7915214091       15.4376165802
  1        6.9874476015       15.2199051211       15.6396028346
  1       23.2539878305       19.4402913064       15.9943890237
  2       23.2280517263       18.9779966068       15.6975541718
  1       23.2117899170       18.5115414178       15.4065986611
  1        7.3924949427       19.8176806323        3.2011572956
  2        7.6832287698       19.3569101151        3.1258952713
  1        7.9665026140       18.8896725327        3.0630862773
  1        2.7812034224       12.5960600271       24.9257099913
  2        2.2953151897       12.8492624569       24.9736803449
  1        1.8182410877       13.1180136516       25.0253823324
  1        4.6366310146        4.4752564576        5.0673017928
  2        4.5405311392        4.2913509200        4.5579457610
  1        4.4220884472        4.0961953263        4.0575602876
  1       26.4649094953       25.1102082003       21.1738986575
  2       26.5042152620       25.6350029677       21.3337282818
  1       26.5563182464       26.1587675930       21.4932773191
  1       11.7712871674       14.1384416839       21.4416686784
  2       11.6205953915       14.6668153554       21.4664326038
  1       11.4634897479       15.1930510313       21.4963295803
  1        1.9048008429       19.6700250483       26.0139177152
  2        1.7183209165       19.2187398041       25.7608033824
  1        1.5346443001       18.7724281934       25.4970443148
  1        1.1373416202       10.7751203398       22.5949041299
  2        0.9560590632       10.4747171925       22.1713541522
  1        0.7614608466       10.1662656821       21.7596634931
  1       -0.1213037114       10.2190731913       11.7602477231
  2        0.2137082878       10.0008473248       12.1379307008
  1        0.5468314727        9.7781664439       12.5146828314
  1        8.2674060679        2.0357411776       17.8269770702
  2        8.4463465489        2.1729002346       18.3286419956
  1        8.6242738176        2.3053030512       18.8319424826
  1        6.5331599202       25.2938860443       15.6381300463
  2        6.9672417892       25.6261276809       15.6988624587
  1        7.4113573162       25.9449382007       15.7590392817
  1        6.7316649453       13.5779113568        5.1522830718
  2        7.0254049458       13.2485831505        5.4805508659
  1        7.3042315157       12.8879284077        5.7882583558
  1       11.3183425246        4.3998358406       18.5753335691
  2       11.8194428034        4.2100510739       18.4513164213
  1       12.3256806135        4.0277382704       18.3373632718
  1       15.6168112232       23.2528140522       21.3033654429
  2       15.8228270024       22.9140835070       20.9221579975
  1       16.0323345775       22.5816981000       20.5372859198
  1       26.3893403935       11.1107729044        6.3683142366
  2       26.8062264955       11.2998014935        6.6732308980
  1       27.2205429593       11.4782276859        6.9878830246
  1       24.5146509168        3.5537549752       24.7456600973
  2       24.5564651055        4.1017539225       24.7244769114
  1       24.6012169217        4.6493231692       24.6986855566
  1        4.2755857465       20.4446638391        8.3215767769
  2        4.0334034245       20.3723274767        8.8100592981
  1        3.7667272883       20.3032390307        9.2860956664
  1       18.6455185571        3.6480676359        1.3967268240
  2       18.5381983337        4.0738436784        1.7279323965
  1       18.4060050221        4.4726743919        2.0828394116
  1       22.2973827548       25.3065122279       13.7579303474
  2       22.8024977280       25.0940774123       13.8051565367
  1       23.3014215751       24.8653024069       13.8403274156
  1       24.1704454921        0.4165176371        8.5712888498
  2       24.0631532782        0.5375976315        8.0456197373
  1       23.9599933508        0.6728911503        7.5225961316
  1       17.1303276667       21.1370488052       13.4456212326
  2       17.0302750977       20.7374063173       13.0812376912
  1       16.9136094848       20.3473913247       12.7114033509
  1       18.6518038792       20.3512150373        4.2821328973
  2       18.6297096789       19.9027979393        3.9644318546
  1       18.5953463494       19.4548455910        3.6471656348
  1       12.9945975288        4.7914972361       22.7306384598
  2       13.0843009310        5.2100164147       22.3852473817
  1       13.1568551302        5.6259689537       22.0327996942
  1        9.0458489659        1.5254264964        1.6422841038
  2        9.2772256777        1.0822803632        1.4129670267
  1        9.5216563105        0.6483756986        1.1795566439
  1       22.0265170205       19.8233802104        6.3319139108
  2       22.0977513495       19.8760375719        5.7890945370
  1       22.1763186326       19.9430441764        5.2488748632
  1       16.5885009549       23.5098602922       25.9473744748
  2       16.5356899114       23.5892793199       26.4890419113
  1       16.4795053759       23.6711162646       27.0300095734
  1        0.6671810771        7.6689745918       26.3291541500
  2        0.4676427918        7.2665888673       26.0117109245
  1        0.2783695932        6.8654634543       25.6864816849
  1       15.5392890599        6.4968743843       19.8719680103
  2       15.1199413978        6.4979400181       19.5160938713
  1       14.6977044671        6.4812228326       19.1640476968
  1        0.4156757698       21.1577689576       11.0227929694
  2        0.0918491288       20.7137388381       11.0445543932
  1       -0.2504974693       20.2833125230       11.0502106330
  1        3.2347474505        9.4131641554        8.5398764519
  2        2.7760046731        9.5739388866        8.7971827869
  1        2.3118410267        9.7213540613        9.0527622747
  1        9.6365725203        5.2256209514       10.3099261573
  2        9.4902636442        5.3325282779        9.7906338155
  1        9.3733536923        5.4244566087        9.2611234340
  1       24.0018147431       24.0611257842       23.8052884110
  2       23.6956495617       23.6048682556       23.7809584032
  1       23.3700700031       23.1667264403       23.7136553596
  1        1.1530694289        5.7548247016       16.4908893214
  2        1.1191774238        5.6536928619       15.9513305359
  1        1.0826314439        5.5580176218       15.4109504486
  1        5.3449667110        0.8590823695        2.2047947311
  2        5.6035310310        0.9444762330        1.7269324282
  1        5.8824556306        1.0152957740        1.2582260603
  1       11.1601832769       21.5857080138       22.7545110393
  2       11.6830656741       21.7545671789       22.7786062880
  1       12.1989832622       21.9451384900       22.7820146153
  1        1.8631368431        1.7581960449       17.1882626780
  2        1.8453021893        2.1834442140       16.8399152656
  1        1.8309650778        2.6014054318       16.4826998311
  1       21.1277685009       10.6192450968        0.3044272340
  2       21.5904454107       10.6995366197        0.5907545791
  1       22.0562553353       10.7494941167        0.8788957972
  1       26.1035023264        8.7148252282        4.2771372938
  2       26.2280853209        8.4780400449        3.7966044079
  1       26.3609257183        8.2489181976        3.3145705845
  1        7.6988065697        2.2452959865        4.5918715067
  2        8.0396464072        2.3488722132        5.0109182469
  1        8.4038518499        2.4318664904        5.4146091490
  1        4.7937349417       16.2133233362       26.6852249347
  2        4.4429033683       16.2052522917       26.2617251527
  1        4.1037976454       16.1880381069       25.8290463116
  1        6.1570773773       15.2256075508       12.0824635901
  2        6.4966312367       15.0947963722       11.6700419465
  1        6.8243258434       14.9654091131       11.2476970864
  1       12.3739307930        0.3740096682       17.3035481925
  2       12.1271173849        0.2718996157       17.7843357535
  1       11.8870548548        0.1677015891       18.2680843988
  1       22.5988773601       16.2552917369       18.1076839807
  2       22.5897541582       16.3169408851       18.6541418013
  1       22.6076596844       16.3748666348       19.2007897672
  1       25.3797436838        4.0704254427       13.5075659932
  2       25.6232376546        3.8130813834       13.9282615142
  1       25.8573891812        3.5522357461       14.3520923944
  1        5.9185477796       21.6833010046       13.5724262903
  2        6.1376155136       22.1874715724       13.5903529886
  1        6.3547311539       22.6926910784       13.6010323386
  1        7.5928705501       13.7231113172       19.7612846716
  2        7.6679585291       13.8112680110       19.2236135893
  1        7.7677309126       13.8886496372       18.6883028810
  1       19.6739341557       22.7601659882       21.1648977074
  2       19.7721943380       23.1400789320       20.7795263389
  1       19.8693866831       23.5333089180       20.4074728142
  1       26.7011162682       20.3545142900       22.8542768394
  2       26.4045609525       20.7603416819       22.6309853871
  1       26.1263490339       21.1697519703       22.3912327165
  1       10.8608135610       23.1833861178        8.7784410801
  2       10.8198604610       22.6799488914        8.9960963182
  1       10.7750529547       22.1952688759        9.2521774947
  1       11.7058455989       25.1829393558       21.1484901060
  2       11.2093758981       25.3698175135       21.2937291860
  1       10.7158312834       25.5732980503       21.4260522125
  1       18.2968052783        4.5738754120       19.2826904381
  2       18.4106130007        4.1224282960       19.5755100136
  1       18.5305529619        3.6717409001       19.8670495065
  1       23.1304240180        7.6442682929        5.6667356570
  2       22.6658349256        7.3513883397        5.6370993921
  1       22.2014829403        7.0573173008        5.6171129765
  1       17.2555608473        9.9751275372        5.8127451697
  2       16.7312846978        9.9713001150        5.9789374378
  1       16.2133286244        9.9759011885        6.1638707640
  1       22.5069655650       18.6759388586       11.8540476845
  2       22.4565936191       18.1303314302       11.8063486152
  1       22.3883278555       17.5899865339       11.7297511116
  1       14.2028587194        9.4992805030        8.5159801935
  2       13.8081442089        9.8809702113        8.5478144787
  1       13.4086261740       10.2584563761        8.5675510989
  1       14.4036450383       15.6286885255       18.1501540356
  2       14.3906633607       16.1777771594       18.1790183414
  1       14.3877244471       16.7267558758       18.2123909462
  1       20.4193639206        7.3432050693        1.7286641037
  2       20.7359031287        7.0909816871        2.1010701928
  1       21.0522078382        6.8218450155        2.4616485917
  1        9.8230160867       13.4245991329       11.1534464426
  2        9.7399496364       13.0706280048       10.7407668995
  1        9.6676066841       12.7091842424       10.3325697622
  1        1.4375744885        1.3538777528        2.7287734782
  2        1.6554603295        0.8518444830        2.7834393386
  1        1.8503223286        0.3396151990        2.8298070098
  1        4.1541635674        1.3807586745       24.3180317412
  2        3.9187860398        1.1469513457       23.8793615319
  1        3.6781670986        0.9221894990       23.4388111529
  1       16.3124339129       14.5478052687       12.3031260424
  2       16.3613325438       14.8991477431       11.8828078420
  1       16.4163892557       15.2433316299       11.4573595967
  1        9.1792663533       16.4443499218        5.3928044107
  2        9.3805409369       16.2469902602        4.9205357309
  1        9.5965320404       16.0254114271        4.4658373001
  1        6.7271746931       18.6790949031        6.2240169075
  2        7.0754822151       18.8253846584        6.6237432859
  1        7.4447055122       18.9610975058        7.0081339451
  1        4.2922666474       23.0802733870        2.7616100528
  2        4.0059250640       23.5017218197        2.9687083777
  1        3.7062243919       23.9188947536        3.1652948710
  1       17.7618219411        8.9836518313       26.1640338729
  2       17.7123672591        8.4381273989       26.1144624295
  1       17.6594924700        7.8925006228       26.0697894294
  1       13.0921880192       16.3308692303        3.4202633876
  2       13.0962731870       15.7988600403        3.5597249705
  1       13.0925275455       15.2743851396        3.7252908114
  1        3.0717524047       10.1947336704        3.4462036988
  2        2.5638519369       10.1742826035        3.6562486195
  1        2.0434995789       10.1551455683        3.8333564860
  1        4.2841097222       15.3799312983        8.7535807325
  2        4.3948385969       15.8816375577        8.9498711949
  1        4.5180284832       16.3724540474        9.1653321527
  1       25.0332741076        7.3678354169       22.7468971567
  2       25.4513354394        7.1066132930       22.5029961012
  1       25.8762578503        6.8504635991       22.2656603097
  1       15.9422922927        2.9921422591       22.5976381496
  2       15.8443592293        2.9602178584       22.0573697462
  1       15.7496883509        2.9383988175       21.5160183324
  1       19.3386292285       23.6988027364        2.6617079178
  2       18.8207943794       23.6925927802        2.8469334708
  1       18.3072758585       23.7048132493        3.0435279464
  1       18.8849340066        6.8715885108        5.4157671417
  2       18.8792774302        6.3744288144        5.6509271711
  1       18.8825077332        5.8740301812        5.8791612003
  1       19.9425995702       19.4677518484       14.3107130090
  2       19.8956015176       19.3671606078       14.8493897073
  1       19.8472685032       19.2745121545       15.3893713578
  1       10.8577693509        7.8252274885       23.4966026401
  2       10.6941763846        7.8753948889       24.0193076940
  1       10.5224770252        7.9331718476       24.5386160340
  1       19.2865093854        1.3759627957       16.5108114291
  2       19.1658352637        1.9075078509       16.5842798618
  1       19.0540249302        2.4421429632       16.6488069495
  1        3.0548152278       23.6533277685       11.7703232719
  2        3.3543190930       23.6074575001       11.3113098155
  1        3.6698803322       23.5469968879       10.8649180395
  1        6.7544585573        7.4813128688       26.6736517463
  2        6.2564505081        7.3549437832       26.4773895820
  1        5.7631903755        7.2360253756       26.2651330087
  1       17.7391452892       16.4715067758        1.9042931997
  2       18.1942748244       16.1657032994        1.9472040379
  1       18.6575375884       15.8725783039        1.9915362772
  1       13.7635500429       17.9380485930       26.4235129659
  2       13.8405210477       17.6618979485       26.8928915828
  1       13.9335324311       17.3895317344       27.3615764737
  1       20.0905870888        0.4981333092       12.4442371040
  2       20.1199326972        0.1531598085       12.0168823110
  1       20.1574516645       -0.1816312226       11.5821326226
  1       17.6960194016        0.6943973865        8.7734970841
  2       17.2295347556        0.9847969944        8.7498297488
  1       16.7533940710        1.2586684346        8.7218211482
  1        3.3440348595       12.1979928483        6.5518245299
  2        3.4982220201       12.6778625537        6.3317077761
  1        3.6464338160       13.1481000216        6.0879661375
  1        4.7187870902       11.2899476419       18.2418424426
  2        4.3171118835       11.4551176588       18.5792974675
  1        3.9257300195       11.6257566248       18.9259999031
  1       15.2858844379       23.7587630246       14.3203205227
  2       14.7861758105       23.9117924823       14.1489341965
  1       14.2892481210       24.0828570365       13.9867621006
  1       24.0263573292       12.6611235388       20.6226941625
  2       24.4606085462       12.3386236729       20.7222919385
  1       24.9038807458       12.0357085718       20.8416745068
  1        2.3608021943       16.5031850602       11.6265646163
  2        1.9384646176       16.8529942812       11.6685703333
  1        1.5136281640       17.2018379985       11.6865160178
  1       14.3311513406       11.7541369024       12.2315004247
  2       14.5631630277       11.3636141567       11.9213995344
  1       14.7947451554       10.9873606216       11.5938281766
  1        6.3145414039       26.3695114051       24.9661337009
  2        6.5454551742       26.4190337978       25.4628492768
  1        6.7752960707       26.4710478890       25.9598077214
  1        5.0554504504       10.6292719552       23.2142551267
  2        5.2252199516       10.4274447671       23.6968979581
  1        5.3751179504       10.2322666136       24.1887679382
  1        6.8225677889       22.8908712134       10.0871968150
  2        6.9823942159       22.4269322087        9.8387695357
  1        7.1497779948       21.9634850662        9.5944348969
  1        1.6577204032       22.0821801842        1.3353387780
  2        1.3547536922       21.6612933609        1.5185475496
  1        1.0405149749       21.2576196743        1.7205415651
  1       27.0086227485       14.8408512831        3.5004998421
  2       26.8868461116       14.3865555416        3.7856065413
  1       26.7788112849       13.9205552687        4.0570328129
  1       26.7546109989        7.0594816556        7.4026274018
  2       26.9380989220        7.0602631893        7.9211171040
  1       27.1260143479        7.0593630136        8.4380184305
  1       15.6666070313        3.8661670628       17.1721581533
  2       15.6818558683        3.3539823133       17.3719937240
  1       15.7074915764        2.8434942860       17.5750818413
  1        0.3190135820       12.8694061571       15.2206503888
  2        0.6517346398       13.3046970914       15.2688011955
  1        0.9965886123       13.7307631441       15.3140057901
  1        4.0166410448        6.0365653097       14.1020119496
  2        4.2302587301        5.6751315793       14.4573049880
  1        4.4623253728        5.3171331168       14.8044104088
  1        7.4650937579       20.5122077109       23.2702537094
  2        7.3158845312       20.3517134900       23.7747120443
  1        7.1292981449       20.2101163248       24.2723421904
  1       25.8022886140       21.0970124486       26.5390127082
  2       25.4012603274       21.0006918295       26.1751464530
  1       25.0110004370       20.9181874140       25.7964774176
  1        1.1193686960       22.5298724595       19.7935351070
  2        1.4205782244       22.1234532880       19.5776733988
  1        1.7135049915       21.7105828540       19.3626573232
  1       17.1816132016       12.0824276720        9.6614149621
  2       17.1055705514       11.8176772450        9.1853637813
  1       17.0345831932       11.5451495739        8.7129344612
  1       26.9980638124        2.4693167234        9.6921051258
  2       27.0937969164        2.9971474125        9.8134720751
  1       27.2041688225        3.5225226273        9.9330501877
  1       20.7310117038        2.4310106409        8.1606704049
  2       20.3983115305        2.3859952084        7.7250281141
  1       20.0552647705        2.3368103488        7.2979452545
  1       24.8330164700       -0.3361800157        4.0518067228
  2       25.2388147452        0.0349925928        4.0441480948
  1       25.6652979489        0.3818179874        4.0621542497
  1       24.8606959960        9.9371741711       25.5952950367
  2       25.1167250230       10.0429089221       25.1201431664
  1       25.3763782771       10.1311036728       24.6433813050
  1       11.4102400609        8.6341375493       12.7377637761
  2       11.8709799172        8.5581339239       13.0283532351
  1       12.3364103577        8.4865948011       13.3125303944
  1       17.7627473025        4.6555365878       10.8265643668
  2       17.9667589189        4.1852961755       10.6271822837
  1       18.1627747317        3.7090019625       10.4342532221
  1       -0.3668552298       19.5373488518       15.9764208915
  2        0.0219468282       19.7347090149       15.6411867559
  1        0.3997227397       19.9507333771       15.3048553202
  1        6.7091977039       16.0190607623        2.3645695173
  2        6.9845649946       15.5853959245        2.1680811877
  1        7.2666126787       15.1527238291        1.9790204548
  1       21.0880910220        3.6105403089        3.9803415750
  2       21.4542431395        3.6281975376        4.3903670001
  1       21.8243452402        3.6541521057        4.7963852194
  1        2.7730797868       12.8197635983       11.4903210149
  2        3.2035510292       12.8790252548       11.1531525622
  1        3.6413063683       12.9372973729       10.8253193388
  1        6.3466023519        7.7163715248       16.5457628497
  2        6.0368761817        8.1097123654       16.3180510084
  1        5.7385910251        8.5201541794       16.1057693992
  1       10.5296995654       20.0914078740        6.0540453270
  2       10.5853933214       20.6384567282        6.0656967923
  1       10.6261687843       21.1869210836        6.0607762823
  1       19.7240435080       15.2094165286       14.4397249884
  2       20.0072551165       15.6369949739       14.6383901790
  1       20.2713790645       16.0868063042       14.8127699547
  1        6.8303263123        7.5872480719       22.2501565251
  2        7.1546231329        7.4857658456       22.6826295646
  1        7.4965245409        7.3894860023       23.1025505310
  1       10.7958282017        0.5837450249        7.0034982337
  2       10.5814406931        0.0974101531        7.1449775208
  1       10.3577358869       -0.3761950410        7.3127698889
  1       24.5189793638        0.4370603307       12.0785870587
  2       24.1150419639        0.8102293947       12.0696748966
  1       23.7176658110        1.1899338179       12.0492606107
  1       10.0847326474       16.8333576784       12.9320564599
  2        9.8860094274       16.6350263917       13.4049980868
  1        9.6996153900       16.4396540404       13.8841503655
  1       23.8413476243        4.9261471219        7.4765682079
  2       24.1677187784        4.4971971505        7.5860387143
  1       24.4909314075        4.0699125756        7.7103829438
  1       22.6988336315       20.0487545827       22.5894506649
  2       22.9506014779       19.5654701769       22.6639431787
  1       23.1993978602       19.0790365500       22.7270517024
  1        4.2188160180       12.4065199204       14.3233751791
  2        4.4517697962       12.4732147042       14.8171203999
  1        4.6863172249       12.5530118767       15.3081600255
  1        1.4778234434       17.8577469893       20.3680725407
  2        1.6401419842       18.2959902684       20.6580648158
  1        1.7816501064       18.7443505981       20.9434565905
  1       23.1634395113       22.2370420445        3.1743468529
  2       23.5324523066       22.1416885877        2.7778152965
  1       23.9035206525       22.0517621479        2.3819346111
  1        0.5038331900       27.0979833421        7.2257096861
  2        0.8645950320       27.1358963305        6.8122928278
  1        1.2103805823       27.1808665283        6.3869576265
  1       24.4989203447        9.9834968449        9.1120009786
  2       24.3844470527        9.5309210695        8.8211899868
  1       24.2665131999        9.0747578503        8.5374529206
  1        3.0387472566       23.9034508000        7.1847052009
  2        3.1645964580       24.3969839139        7.3922793902
  1        3.2912314563       24.8953621633        7.5874272742
  1        4.4171093655        0.5881865465        9.6781818585
  2        3.8686715289        0.6161061935        9.6475806706
  1        3.3209263049        0.6247006183        9.5985775637
  1        1.8400482775        3.9443681163       23.5076319709
  2        1.3239954047        4.0236006699       23.6805817757
  1        0.8103674311        4.1175369458       23.8533888351
  1        8.3391542615       25.2615375782        4.7224222942
  2        8.6755161135       25.6602855643        4.5481789356
  1        9.0044032072       26.0651310387        4.3737271644
  1       19.6104482782       22.3204051306       24.4446406770
  2       19.5229650146       21.7795253017       24.3967273255
  1       19.3959123045       21.2455715831       24.3613573629
  1       22.0337704099        2.1282819366       19.9583901423
  2       21.7807953508        2.0007907379       19.4869565693
  1       21.5393718066        1.8958816034       19.0040396563
  1        0.8925190413       14.8385420390        7.8996746027
  2        0.6352153698       14.8411550383        7.4135799690
  1        0.3672200982       14.8530590629        6.9334374614
  1       25.0129033234        6.8515747318       15.8072027380
  2       25.2729190109        7.2477655877       15.5280528715
  1       25.5335126463        7.6375901768       15.2406024482
  1       24.1121242925       14.1917346993        0.7284298523
  2       24.1072859037       14.2984447542        1.2679570102
  1       24.1181923152       14.4399930744        1.7993185841
  1       11.9887054142       19.9398664405        1.9886330276
  2       11.8171352838       19.7178908378        2.4616980572
  1       11.6144925354       19.5008844025        2.9246711909
  1        2.7154883527       16.6203406714       14.9427695369
  2        3.1871864311       16.3383006320       14.9214543081
  1        3.6546693369       16.0491857799       14.9021583490
  1       10.1603299293        4.9475069101       25.8343873009
  2       10.0625224073        4.8235818218       26.3612423674
  1        9.9650220842        4.7101370826       26.8905097640
  1        7.7291566196        5.6776166401        6.0735247901
  2        8.2279900132        5.7123570001        5.8444869050
  1        8.7308316185        5.7467694539        5.6243367244
  1       15.8475657068        3.8907863000        6.9616855106
  2       15.7919444563        4.0988287458        7.4677730694
  1       15.7265226290        4.3197146653        7.9672021375
  1        0.6730374474       14.8286607006        0.2785332508
  2        0.3829344242       15.2934669365        0.3264435730
  1        0.0861822509       15.7550592796        0.3634659360
  1        7.2431621869        3.2720081851       24.8091018288
  2        6.7974648832        3.5600804180       24.9535604807
  1        6.3520407702        3.8582502973       25.0768166434
  1       20.9572215423       16.9962408244        8.6118991766
  2       21.4709070875       16.8281860975        8.5099934875
  1       21.9881296552       16.6633803793        8.4215633473
  1       20.5275007616        4.9256945882       25.9009693818
  2       20.9838691108        4.6188516748       25.8922885758
  1       21.4368961444        4.3069884054       25.8894944740
  1       13.2970684086        6.4800427087       26.2433130701
  2       13.4137201403        6.1828499464       26.6911621915
  1       13.5306772615        5.8815504023       27.1361786131
  1        1.0927381640       26.9724275398       11.8141573544
  2        0.7520112226       26.6773255554       11.4990066440
  1        0.4224052099       26.3807324459       11.1735955151
  1        5.6550291492        9.5794464162        5.9036973296
  2        6.1331234126        9.5252347013        6.1701311212
  1        6.6167404952        9.4806342231        6.4282499189
  1       16.7585181184       13.9027664368       15.3100620750
  2       16.2966459278       13.6463289753       15.4630781131
  1       15.8384028609       13.3816981096       15.6130240885
  1       18.7221057175       17.6131656012       11.9827285668
  2       19.0212801852       17.8585195783       11.5918371960
  1       19.3253568298       18.1095763278       11.2084211012
  1        6.7055749793       17.5231006322       17.8620161152
  2        6.8691846700       17.2357012574       18.3014856460
  1        7.0392277854       16.9404459980       18.7332375072
  1       22.1474720719        7.9957046499       14.2170708957
  2       21.6315594629        7.9977103494       14.4076756096
  1       21.1216599020        7.9869304340       14.6135547738
  1       22.6457488088       11.9848018573       23.5174953234
  2       22.1582910153       11.8829003858       23.7509497937
  1       21.6693545271       11.7670955149       23.9746244266
  1       11.0290568709       12.8343166997       14.4748391027
  2       11.1619538741       12.3031801806       14.4225668864
  1       11.3112056181       11.7752325476       14.3838989065
  1       14.5019746356       20.4883690064       15.8770637647
  2       14.2394720927       20.2901672535       16.3178681206
  1       13.9704947230       20.0906737004       16.7541633140
  1       20.8304372337       22.8704059369        5.7052725182
  2       20.3647147441       23.0992841485        5.8875287305
  1       19.8898330934       23.3285058408        6.0438771639
  1       27.4556766984       16.6543455517       17.3778438475
  2       26.9338505258       16.7268160349       17.5357852122
  1       26.4102200006       16.8006307957       17.6869885627
  1       17.8262359541       24.8561010925       22.8987108071
  2       17.5384822495       25.2773513271       23.1042492350
  1       17.2424024508       25.6946023086       23.3060867197
  1       20.9846215929       25.3336594552       17.3252004731
  2       20.8325440853       25.6501345203       17.7485395391
  1       20.6713245654       25.9547889278       18.1771348697
  1       16.1392056992       17.2275051639       14.2750200100
  2       16.4833897750       17.4621281042       14.6341709502
  1       16.8366217638       17.7003107325       14.9820160259
  1       21.6091822501        8.8121789240       21.4548960605
  2       22.0944412438        8.9471846869       21.2339952842
  1       22.5746880557        9.0895960459       21.0068785663
  1        5.9226372426       26.0621895725       11.9320486733
  2        6.4320960285       26.2444392138       12.0307239677
  1        6.9409742434       26.4197729195       12.1438657060
  1       18.0418830714       23.8058188082        9.6948052297
  2       17.6715997761       23.5372293180       10.0001738053
  1       17.3139519655       23.2561276565       10.3093176204
  1       12.5243779560       11.1578629129       18.2854743062
  2       12.0741884013       11.4209236501       18.4604840583
  1       11.6165650362       11.6547087158       18.6565080306
  1       11.2924588030        4.1542915092       12.7388410507
  2       11.0767704403        4.5753943940       13.0192887118
  1       10.8815096777        4.9976388454       13.3126875135
  1        6.5823257199        7.1417156413        9.4027907435
  2        6.2099960747        6.9257165972        9.0604239107
  1        5.8305870256        6.7123276373        8.7242484740
  1        1.6130042971        3.4442625510        5.6407740648
  2        1.1462789900        3.6117970356        5.8786809460
  1        0.6846456899        3.8061268413        6.1059046724
  1        6.9010121271        3.4224893943        8.8359137287
  2        6.6529182202        3.2428166783        8.3791127562
  1        6.3996170982        3.0590890814        7.9268045530
  1       24.6905135547       19.2929015997       19.2104375002
  2       25.2028392844       19.4926985502       19.2206122340
  1       25.7197582980       19.6805489438       19.2232508024
  1        1.2637303703       17.8558599266        6.6493387227
  2        1.4496100926       17.9684356461        7.1545866185
  1        1.6152036533       18.0714123830        7.6688575230
  1       17.3464068680        6.7503281328       15.6659396860
  2       17.7989419285        6.5251994396       15.8828016018
  1       18.2465909844        6.3090249516       16.1181288472
  1       27.2249242596       23.6596903579       13.7914398957
  2       26.8470463448       23.7845338882       13.4118053682
  1       26.4533497246       23.9282165454       13.0556336900
  1       20.6296027457        9.8453150546        4.4339525890
  2       20.3284774693        9.9851325624        3.9954612750
  1       20.0246517652       10.1119789006        3.5548935197
  1       23.1784706790        0.7105775692       25.3732140275
  2       23.6598424848        0.5319936299       25.5704168702
  1       24.1468985769        0.3700944193       25.7680655680
  1        7.5646306835       11.7670825943       12.9308950968
  2        7.5305336366       11.2248334455       13.0163541629
  1        7.4946607537       10.6824639844       13.1003095254
  1       18.4931400778       20.3773445925        7.8212474095
  2       18.4589889871       20.2298054330        8.3499873262
  1       18.4336210449       20.0723402882        8.8763533534
  1       10.6412478924       14.8532558394       17.2957717161
  2       10.8269008034       15.1105823787       17.7450111275
  1       11.0125322402       15.3843026191       18.1844632850
  1       16.3422145159       13.9085820968        3.9434025269
  2       16.5868711944       13.5183686092        4.2440294447
  1       16.8402117594       13.1292526195        4.5388298920
  1       13.4419645432       25.4792134921        0.5756628336
  2       13.1048492712       25.8645270655        0.3746983007
  1       12.7629453109       26.2492378214        0.1807928720
  1       12.9286356719       18.8102981015       12.5549005941
  2       12.5930455120       18.9998518041       12.9472634853
  1       12.2540713070       19.2020333613       13.3303027852
  1       27.0875911051        9.5158136780       18.3052082534
  2       26.9192942261        9.1264462894       18.6553070926
  1       26.7332964718        8.7199209638       18.9756849852
  1        8.0175618680       21.6493302308       16.8402836260
  2        7.6780267250       21.2256140065       16.9279217908
  1        7.3385709839       20.8005862514       17.0092925855
  1        6.8293648183       24.1344406616        1.2303007935
  2        7.0578285905       23.6816484982        1.0175014477
  1        7.2980283364       23.2358456053        0.8028765150
  1        9.5605220508        1.7137631348       11.1292830758
  2        9.4859147245        1.5444194159       10.6113482809
  1        9.4271514153        1.3462915418       10.1016501173
  1        7.6644392508        4.6406870259        2.3078468136
  2        7.3128436427        4.6131287259        1.8858028959
  1        6.9575356132        4.5780541006        1.4674418391
  1       16.3445191673        0.1186036953       11.6008382306
  2       16.5342557989        0.0862949252       12.1160626031
  1       16.7195383947        0.0806789700       12.6338838268
  1       23.9629522553       26.4468344064       18.0837558526
  2       24.4236828050       26.6574754072       18.2979000313
  1       24.8746047537       26.8456331032       18.5504194892
  1       10.9322975756        5.1676524804        3.0601461878
  2       11.0638715304        4.6337255169        3.0496441857
  1       11.2140569378        4.1046388254        3.0462360593
  1        7.6234202703       17.0488947201       25.2912122537
  2        7.7856805337       16.9222078422       25.8012338629
  1        7.9553729324       16.8206086466       26.3144415131
  1       14.7002206458        3.2303814231        1.7498071287
  2       15.0706200667        3.0461448574        2.1122449259
  1       15.4440642590        2.8478385249        2.4639749825
  1       15.2406579821       18.0367969775       10.0697786545
  2       15.1903365863       18.5073487982        9.7895131711
  1       15.1313945323       18.9802273079        9.5149011752
  1       17.9169805590        5.6355286352       22.4909510666
  2       18.1554197016        6.1296173522       22.4519239601
  1       18.4066753590        6.6173850209       22.4138018536
  1       11.6668716280       18.2224259208       23.7064006264
  2       11.2834313633       18.0858634863       24.0762982675
  1       10.8946391195       17.9638768355       24.4457029876
  1       20.8303316047       13.7278876555       19.6286917644
  2       20.7591706674       13.2301853275       19.8516906740
  1       20.6895539687       12.7284936930       20.0660712191
  1       20.1055262393        9.4640748148        7.5136704136
  2       20.5074950075        9.8333969674        7.5809181419
  1       20.9117603385       10.1981935874        7.6583323988
  1        2.6958854515       21.5449341321       23.1820076599
  2        2.8905518791       21.4148301325       22.6843351458
  1        3.0872419759       21.2726710862       22.1907727786
  1       12.8035178031       21.1654463875       25.9340521136
  2       13.0746351982       21.4845374953       26.2906698683
  1       13.3567528626       21.7832042543       26.6563306257
  1        7.3707353752       24.0213486526       22.8560215362
  2        7.8500760869       23.7842127234       22.7275729738
  1        8.3322852618       23.5513842125       22.6020134454
  1       24.5637724569        6.6131780378       19.1579814834
  2       24.3965607250        6.1456558219       19.3945469381
  1       24.2319353095        5.6786330879       19.6338965517
  1        9.0894276938       18.2241091459       21.5464728367
  2        9.1226343606       18.3877535463       21.0224329265
  1        9.1300898489       18.5494743751       20.4967992249
  1        4.6795207351       20.1641347482        1.1868188993
  2        5.0022065758       20.0485135410        0.7566961440
  1        5.3198773545       19.9078754688        0.3303087521
  1       24.4153116841       17.4697378726        5.3183514401
  2       24.6884165696       16.9934558318        5.2856537467
  1       24.9641929407       16.5190651442        5.2482255809
  1       10.6273030507       19.5583405717       16.8324919956
  2       10.3636253984       19.1054902330       16.6654570699
  1       10.0968109833       18.6587623515       16.4872878615
  1        9.7185223726       10.7687646020       25.8420393947
  2        9.4640526145       10.7974452661       26.3287863122
  1        9.2061451086       10.8418669704       26.8125325572
  1        8.7034108134        4.0102865617       21.9311132060
  2        9.2356120912        3.9963633957       21.7930264747
  1        9.7648140683        3.9707813201       21.6454093219
  1        1.2808765263        5.5723710392        2.3426425987
  2        1.6816553241        5.8702243775        2.1120786290
  1        2.0959800357        6.1538680806        1.8876208780
  1       22.5939905165        1.3411899182       14.9785848270
  2       22.5423300928        1.8302373360       15.2248850987
  1       22.5120264585        2.3180805229       15.4770570910
  1        9.1075222092       19.9412957239       27.2666621375
  2        9.3888557400       20.1617557389       26.8486324421
  1        9.6745348911       20.3639171848       26.4243469588
  1        4.0836279473        8.5852805700       20.3514138500
  2        4.1929076545        8.1340815854       20.0564945020
  1        4.2986929341        7.6840342172       19.7585568574
  1       15.0422629285       26.3299469862       19.8647014305
  2       15.0103268340       26.6204325213       20.3306394519
  1       14.9839179346       26.8945394267       20.8067360528
  1        2.3882465645       17.9681693185        2.0917339801
  2        2.1156873172       18.1731503855        2.5232362615
  1        1.8697814074       18.3966175328        2.9615200926
  1        0.2761857623       23.2925455479       24.8262910740
  2        0.4723911930       23.6604941934       24.4676586393
  1        0.6491658099       24.0188748052       24.0897511495
  1       17.3651110320       16.6062265343       25.1509005729
  2       16.9174651196       16.3284191018       25.3088124710
  1       16.4700303228       16.0527309544       25.4709795052
  1       13.3336725656       10.2651231909        3.4344833584
  2       13.7393322434       10.6145568322        3.5603259434
  1       14.1411087381       10.9636409600        3.6989474388
  1       16.0268249852        9.7263124424       19.3229366103
  2       15.7080948659        9.9026704690       19.7350154346
  1       15.3781284290       10.0898534990       20.1332423332
  1        2.9920814467       22.8092232903       15.6439448853
  2        2.5385124323       22.5922968498       15.8669203740
  1        2.0872870724       22.3600124593       16.0789100800
  1       12.8498976974        2.0886930508       24.7757771831
  2       12.8317094633        2.3111020579       25.2784733356
  1       12.8339646983        2.5692839241       25.7641038915
  1       20.1163384457       19.7904722780       19.3662762256
  2       20.6496437182       19.6562050543       19.3738787848
  1       21.1785838276       19.5067152036       19.3932474237
  1       21.5015789563       11.7875237628       15.4275033272
  2       21.4205458734       12.2596710669       15.6977079955
  1       21.3078667047       12.7215872718       15.9741800982
  1       16.2382731926       27.0588501582       15.9172588320
  2       16.4781749059       26.8722714904       16.3756642951
  1       16.7063695311       26.6748419240       16.8354998944
  1        7.9636178132        5.6351581800       18.9384181051
  2        7.9664762601        6.1777021237       19.0286284061
  1        7.9828900685        6.7201852894       19.1177496759
  1       20.3136157225       13.9579266027       10.2924854354
  2       19.9374222676       14.1845261613       10.6235913469
  1       19.5714854470       14.4132672010       10.9645719607
  1        3.4493282310        6.7735025042       23.6177970752
  2        3.0870287965        7.1859652867       23.5844268381
  1        2.7277120565        7.6017340956       23.5614534420
  1        7.2567702534        7.3903673027       13.2661346844
  2        7.4607342072        7.1342741500       12.8241901147
  1        7.6574456652        6.8779400112       12.3791087619
  1       12.4012721999       25.1190302201        5.5268573940
  2       12.7000702972       24.6843993388        5.6827922973
  1       12.9770099772       24.2429007763        5.8585291231
  1        2.2498465890        1.8721626181       20.7044472181
  2        2.0604559906        1.3945882870       20.5080955959
  1        1.8455353406        0.9310172232       20.3045987115
  1       20.7147347927       25.7236143172       25.1387186495
  2       20.4497667299       25.6611595328       25.6166216999
  1       20.1928683248       25.6098814968       26.1002266745
  1       12.0199161969       10.6788473812       22.1771218340
  2       12.2279288718       11.0369062739       22.5390949772
  1       12.4362846131       11.3964271733       22.8994178976
  1       16.0138705898       16.4201140873       21.8750745036
  2       15.5439773626       16.6369047579       21.6887893452
  1       15.0658952303       16.8268829717       21.4942494982
  1        8.8578229866       10.0501815058       20.7549158228
  2        8.4098575159       10.0956383384       20.4390667870
  1        7.9546486874       10.1444849333       20.1342735266
  1       22.6286880292        4.3280630976       11.7090232084
  2       22.9899504619        4.3685630903       11.2962893894
  1       23.3465130094        4.4027225472       10.8789211105
  1       24.4502358666       20.9291136597       12.8896670841
  2       24.0282054135       21.2555326446       13.0232370768
  1       23.6012129693       21.5841730498       13.1335681046
  1       22.6590235087        1.7278821678        1.3126242972
  2       22.7548340517        2.2694692529        1.3145657205
  1       22.8528132063        2.8103645585        1.2963351790
  1       18.3695375142       10.7854262919       16.7887434613
  2       18.6195759708       10.9507023268       17.2498991860
  1       18.8697619243       11.1124792697       17.7122142392
  1       17.7644471122        1.4432261121        4.5282274879
  2       17.6600261280        1.1419115588        4.9763410874
  1       17.5593080633        0.8351370551        5.4215885178
  1       17.0251520069        4.2941327413       25.7548498311
  2       16.4950795225        4.3551874237       25.6214501043
  1       15.9659971361        4.4242028495       25.4880008690
  1       10.0920916438       24.2901386849       25.4817041453
  2       10.2558213470       24.1729034915       25.9935131856
  1       10.4156542107       24.0359284620       26.5016384614
  1        3.0983038990        3.9158425846       26.5592063602
  2        3.1412737464        3.4504829140       26.8491959622
  1        3.1758053368        2.9876793250       27.1443576233
  1       -0.1103758601        0.1405693206       24.5938799767
  2        0.3350602704        0.2862988553       24.8817159653
  1        0.7666136736        0.4487053059       25.1815255781
  1       15.8123470488       26.3397353305        2.6011863935
  2       15.4701574928       26.1419194080        2.9836457621
  1       15.1374459724       25.9461240850        3.3753947055
  1       25.9255446288       18.3513193469        1.9110846661
  2       25.4558211695       18.4916145294        1.6617312351
  1       24.9852695705       18.6035138774        1.3998921098
  1        0.4722711891       13.2715557196       19.7568326436
  2        0.6177788428       13.5141999678       19.2851852207
  1        0.7845733400       13.7679912476       18.8266336086
  1       17.0165779148       18.9504650620       18.2855883700
  2       16.9099492876       19.0811178415       18.8090959507
  1       16.8052382971       19.2185220738       19.3312603735
  1       16.5910058497        8.6072044742        1.9985482024
  2       16.8064999124        8.2963825638        2.3978626761
  1       17.0298459828        7.9844649720        2.7919742691
  1       26.9144761171       24.2439632050        8.2692737758
  2       27.1677784323       23.7847683766        8.4350388104
  1       27.4218726099       23.3306828104        8.6132029102
  1       10.8525277271       23.8011058712       15.6405264462
  2       11.1206398457       23.3684051052       15.8488193626
  1       11.3885054944       22.9335933464       16.0529926410
  1       25.9642996693       15.7452985717       20.9568666321
  2       25.8132076673       16.2061721416       21.2162249931
  1       25.6433592637       16.6605669220       21.4754100667
  1       14.6622548745       13.9165419403        6.8165182934
  2       14.6598901268       13.6943080880        7.3196152253
  1       14.6413473237       13.4842433544        7.8275807469
  1       24.4381647675       20.9803130188        8.2741265078
  2       24.3880261594       20.7267063360        8.7595848175
  1       24.2965831191       20.4649883619        9.2346025765
  1       13.2860050941       25.4504534064        9.2282118462
  2       13.8266430703       25.5431382729        9.2684622395
  1       14.3629149721       25.6420019137        9.3401450609
  1        7.7425224092        4.4985154360       15.7673054816
  2        8.2703737041        4.6347810100       15.8401388793
  1        8.8039002727        4.7536077721       15.9012093321
  1        7.1259708811       13.3521424802       26.0089099661
  2        6.6126230365       13.2515436932       26.1787742486
  1        6.1006973664       13.1474454779       26.3508081664
  1       13.8271634591       24.4907484277       17.4711108799
  2       14.1458487079       24.0597374704       17.5942744575
  1       14.4531419797       23.6208196309       17.7184596993
  1       14.9835789024       18.8342455306        3.6489152024
  2       15.3200455015       18.4195954848        3.7806557321
  1       15.6790336836       18.0253994837        3.9157001576
  1        8.8118956131        9.0726498608        4.0813984787
  2        8.8617579834        9.6203305182        4.0736756878
  1        8.9190315685       10.1672108287        4.0855778523
  1       21.2864541346       21.8228574607       10.6677192581
  2       20.9906229320       21.8291101997       11.1313406583
  1       20.7170619833       21.8568644611       11.6076746875
  1       24.1608335977        7.8350269749        0.8995404053
  2       24.3578264352        7.3502046493        0.7303034869
  1       24.5687340627        6.8641889253        0.5826326109
  1       24.1266920323       13.3850201256       17.5466693266
  2       24.5805873614       13.6061259963       17.3285151972
  1       25.0376643161       13.8204283805       17.1102146141
  1       18.5855931185       15.9690527458       17.9234234027
  2       18.9895315618       16.3095299017       18.0764235343
  1       19.3888489802       16.6526587416       18.2355090385
  1       25.5209734475        0.0573679621       15.3896102083
  2       26.0075498753        0.0769699477       15.1339558674
  1       26.4961886544        0.1039132347       14.8829455054
  1       22.4959575642       15.2713546458       22.5027972644
  2       22.4360690351       15.5001911180       22.9993324929
  1       22.3953452061       15.7222208967       23.5008744613
  1       11.4234061359        0.9211722469        3.8526592629
  2       11.7899299085        0.6956272997        3.5101832770
  1       12.1248570859        0.4483484380        3.1507713276
  1       17.0530265314       19.7223123459       26.6248195442
  2       16.8608602731       19.5978200437       27.1248933346
  1       16.6842202668       19.4547077453       27.6257098451
  1       13.1940147229       -0.1004388201       13.6217673637
  2       13.3397300041        0.3415344716       13.9148998700
  1       13.4900397898        0.7842936815       14.2045052039
  1       24.0073015320       24.6883565934       10.4523553531
  2       24.1913009167       24.1795642326       10.3534889787
  1       24.3673655172       23.6695076497       10.2469829334
  1       21.1673537845        4.8732346734       17.2499621248
  2       21.4248659241        5.3580826346       17.2166461764
  1       21.7222444618        5.8195928080       17.1838686817
  1       22.0960875112        7.7952391136       25.2712300756
  2       21.9027156878        7.6574319948       24.7751287393
  1       21.7213220080        7.5197203252       24.2744973100
  1       12.6968068966       16.0239015729       10.7520013656
  2       12.8062360639       15.7090477599       10.3145172702
  1       12.9153423661       15.3892484079        9.8805539212
  1       19.6473293939       18.3610187318       22.4081075785
  2       19.1269532082       18.3461151279       22.2306631986
  1       18.6043683913       18.3179367332       22.0615150795
  1       26.5860619656       11.7290616768        1.2918424783
  2       26.8693367151       11.3975559012        0.9566420353
  1       27.1636169058       11.0820472994        0.6155357607
  1       14.1252063908        1.0523061963        5.3594383393
  2       14.1486804529        0.9657312455        5.9020742636
  1       14.1306205859        0.8783393038        6.4447864236
  1        0.6975181598       25.4249214246       17.6887450523
  2        1.1789212018       25.3559578483       17.9456402377
  1        1.6518137014       25.2660959632       18.2117182796
  1       13.2216357652       22.3000563354       11.3572673993
  2       13.5205533369       21.9875144138       11.0174647616
  1       13.8093663578       21.6505800702       10.6925612590


Molecules in box 2
##############################################################################                                           
Moleculetype  1
Number-of-molecules: 0     
Atomtype         X                  Y                   Z


Number-of-fractionals:  1        
##############################################################################                                           
Fractional-type:      2
Box:                  1
Lambda:               0.523089
Reaction-Step         1 (only used if Type = 3 (RxMC))

Moleculetype  1
Atomtype         X                  Y                   Z
  1       19.2796960302       14.2486327737       22.8840196572
  2       19.1497632184       14.6825513904       22.5720387307
  1       19.0172949542       15.1181409754       22.2634712805

------------------------------------------------------------------------------                                           

