Simulation state at cycle:    1100000
##############################################################################                                           

Number-of-molecules: 401   

Box-size(s):    27.872961   50.702801

------------------------------------------------------------------------------                                           

Deltas
Translation per molecule type
Box 1    0.5407336588E+000
Box 2    0.2534565489E+002

Rotation per molecule type
Box 1    0.8783061183E+002
Box 2    0.1800000000E+003

Volume    Delta_Volume
Box 1   0.3638814511E+003
Box 2   0.1684636348E+004

------------------------------------------------------------------------------                                           

Molecules in box 1
##############################################################################                                           
Moleculetype  1
Number-of-molecules: 396   
Atomtype         X                  Y                   Z
  1        5.0512327690        8.2573511948       19.6232848840
  2        4.6610195558        8.1244763187       19.2591723800
  1        4.2781916238        7.9914288883       18.8873644260
  1       11.6960554095       21.8629892449       17.9314672753
  2       11.2916945208       22.2146339486       17.8076194898
  1       10.8920506327       22.5727481655       17.6870418412
  1       16.8117389477       17.9970825254       18.5912116219
  2       17.1206984972       18.4372211012       18.4757905194
  1       17.4538130299       18.8602313868       18.3635541378
  1        1.5139679334        4.8943997716       18.4452921593
  2        1.3655230998        4.6890870282       17.9571212786
  1        1.2119569343        4.5139932612       17.4588647136
  1        2.1676743518       21.0018533616        2.5793015439
  2        1.6933587203       20.7306829851        2.6424783481
  1        1.2191251300       20.4645572969        2.7248167895
  1        5.0113135118       17.1794846090       23.3682192473
  2        4.5635777482       17.3728247766       23.6224873453
  1        4.1148696905       17.5669751705       23.8744133314
  1       13.1748404403        5.6402712946        9.2673396470
  2       12.8640934163        5.1866385374        9.2549457507
  1       12.5533265680        4.7329515144        9.2453514757
  1       23.1842111178       20.5602280927       22.4692983623
  2       23.7289222379       20.5662437909       22.3934458278
  1       24.2708700703       20.5546154998       22.3004010602
  1        5.6474290650        8.6753306750        6.6309379469
  2        6.0531354989        8.9627740653        6.3958239599
  1        6.4531584900        9.2479212007        6.1484927715
  1       20.5291865049        9.1679040876        6.8413248564
  2       20.9555679184        9.0539735735        6.5131195424
  1       21.3857073218        8.9409696946        6.1895299628
  1       26.7779751087        7.8177723190       16.5091296083
  2       27.0645171559        7.4449354968       16.7944125540
  1       27.3435923841        7.0571138565       17.0668302322
  1        1.9179698119        3.0036236857       22.2890928218
  2        2.4312476270        2.8293998670       22.3823234261
  1        2.9378650570        2.6335408349       22.4687989607
  1       16.5120564846       14.7586724834       10.9474560188
  2       16.6865462521       14.7902710840       10.4268267366
  1       16.8806144343       14.8101026578        9.9125853066
  1       21.4258321253        6.0592441152        1.3684962988
  2       21.3361166824        5.5760513695        1.6154293055
  1       21.2351109635        5.0928589138        1.8579636215
  1        5.5154952968        2.4012414530       26.9088188961
  2        5.4689630351        2.9168506380       27.0945119680
  1        5.4164676756        3.4369995162       27.2653609680
  1       23.6312056681       20.6308893015       16.7623086238
  2       23.0860904673       20.7040290100       16.7623389176
  1       22.5429131648       20.7903695768       16.7604092561
  1       25.6364236021       22.4694740364        0.1721372775
  2       25.9208943493       22.9259123677        0.2872044043
  1       26.1932857767       23.3914053743        0.3949966585
  1        1.5270616501        0.5762085374       12.5647476172
  2        1.1540165054        0.8305049325       12.2506287489
  1        0.7681347998        1.0916530415       11.9584011433
  1       16.6275340344        7.4904965808       12.7031437024
  2       17.0867900456        7.1908168990       12.7452863709
  1       17.5377934049        6.8796182448       12.7927349378
  1       21.9444344680        6.1085117940       24.8685883978
  2       21.4832137669        5.8164336322       24.8017616646
  1       21.0287982077        5.5106520563       24.7517204184
  1       20.4787977361       20.4876823459       19.6852081783
  2       20.8993610765       20.1522408890       19.5707288976
  1       21.3147449748       19.8062701967       19.4694347909
  1       20.1155352535       16.8936051088       14.5173096296
  2       19.9987548089       17.4271748620       14.5818514477
  1       19.8806444959       17.9594294573       14.6543428178
  1       21.9213376896        0.6050670335       25.7137981017
  2       22.1749308732        0.6413579522       25.2271016188
  1       22.4366046804        0.6525173212       24.7434671638
  1       17.8027992734        0.5251582110       15.1798325635
  2       17.6432753835        0.5765751604       14.6559924868
  1       17.4956915395        0.6434798471       14.1304044629
  1       18.7512634938        0.2072636032        8.7311611893
  2       18.3224938392        0.3330311493        8.4104758175
  1       17.8715800703        0.4137473559        8.1060720298
  1       21.8563313796       22.6662169141        3.3387013198
  2       22.3759161309       22.8333393564        3.2708649321
  1       22.8895733349       23.0168293944        3.2002414111
  1       12.2233166174       16.7517757019        9.8253533854
  2       12.0606329330       16.7821988332        9.3008455667
  1       11.8912078644       16.8210841755        8.7790380588
  1       22.7773553500       19.1938585616        1.8908932847
  2       22.5340872394       19.5412382147        1.5406819158
  1       22.2788318490       19.8824372572        1.1929350278
  1        6.0776094399       21.1986525604        7.7186623154
  2        6.3826841141       20.7554597211        7.8327217312
  1        6.6950950272       20.3108240788        7.9175660942
  1       25.7238762316        5.7978947073        0.9796925838
  2       25.4667917118        6.2833890000        0.9531814276
  1       25.2090021868        6.7691964806        0.9472105313
  1        5.8550053500       22.9509812729       15.6240569506
  2        6.1645677701       22.6498857316       15.2834507512
  1        6.4594542900       22.3449374138       14.9333815254
  1       24.6776267941       26.1496364116        3.2280676260
  2       25.1237988370       26.0477129988        3.5330957001
  1       25.5716295217       25.9481404107        3.8364650733
  1        8.5023556324        6.6032402958        5.4759334281
  2        8.8195329473        6.3227958737        5.1248643792
  1        9.1375947890        6.0527198559        4.7665410497
  1        5.0550079146       19.2227931201        2.1795253556
  2        5.3051039509       18.9995200571        1.7435194934
  1        5.5605251714       18.7735299539        1.3120238707
  1       17.2882985963        4.5413325639       21.9314326076
  2       17.7797879869        4.4851892209       21.6910452037
  1       18.2621490495        4.4284807569       21.4329522855
  1        0.5229540865       13.0473145592       19.3608830164
  2        0.9135005522       13.0460167905       19.7481449096
  1        1.3098605678       13.0278220965       20.1290224360
  1       10.8004600818       21.6651659125       21.0124598209
  2       10.5450704805       21.2172417581       21.2038758691
  1       10.2815130515       20.7764133557       21.4006188493
  1       12.5967961549        6.5300423866       14.1780561260
  2       13.1220042554        6.6925221305       14.1620316436
  1       13.6490810848        6.8490836476       14.1486710232
  1       18.1067514214        1.9628617487        4.0589665460
  2       18.4697707634        1.9379327990        4.4713929089
  1       18.8384500553        1.9044604314        4.8781547302
  1       19.5782870124       13.5516969710       13.0901716647
  2       19.8581993220       13.5960544971       13.5615330004
  1       20.1301303071       13.6166853379       14.0391603726
  1       13.0285605122       11.4720673381       23.1491231494
  2       13.3935745542       11.1532928746       23.4092146536
  1       13.7275320366       10.8189675519       23.6906377826
  1       -0.0484075472        8.9094679914       10.2361667452
  2        0.0445100789        8.3674967494       10.2477204321
  1        0.1341167846        7.8249449025       10.2581190239
  1        9.4729180391       20.8223653996        0.7593427199
  2        9.1084324647       21.1322228055        0.4879782894
  1        8.7461604001       21.4288687814        0.1994300003
  1        5.6004855472       20.0832508470       21.4080802646
  2        6.1177238045       20.2626521428       21.3553568325
  1        6.6353072405       20.4460395939       21.3241089762
  1        1.0744400758        9.3267946163       18.8843502988
  2        1.4803751895        9.6968522452       18.9121717783
  1        1.8817929167       10.0728360297       18.9121396198
  1       12.7675508383       24.4945742725       24.2495736792
  2       12.6135913839       24.7657381093       23.7965100413
  1       12.4448359564       25.0386699226       23.3498224212
  1       14.7176582959        8.6380679725        2.4487744331
  2       14.3952600641        8.3306442742        2.7713423326
  1       14.0660833277        8.0341654354        3.0972916743
  1        7.5738886113       17.8982102061        9.7682727336
  2        7.9165466315       18.1340967921       10.1280546116
  1        8.2662764943       18.3605867080       10.4870690124
  1       25.1547457251        9.3403487843        4.0594755807
  2       24.8196627559        9.7522112880        4.2029631475
  1       24.4682299722       10.1521932786        4.3408377453
  1       13.7855632975       16.2988124669       12.7668299299
  2       13.6714194319       15.8090864453       12.9896293951
  1       13.5422943074       15.3137397983       13.1907721318
  1       22.3089513499       16.6381910014        5.1707591567
  2       22.4360713510       16.2287716027        4.8262068947
  1       22.5383545066       15.8247932011        4.4672645509
  1       25.9697338885       15.1468088338       17.0449140247
  2       25.8556422803       14.6109542631       16.9965096456
  1       25.7359301923       14.0758596927       16.9535816162
  1       14.3454780453        4.7387108357        0.6167012417
  2       14.4095376126        5.2835381762        0.5772102187
  1       14.4630949273        5.8279395690        0.5201248743
  1       14.4422439273       26.8208994053       17.6699749518
  2       13.9275751864       26.6290899835       17.6412480857
  1       13.4165817652       26.4343442427       17.5824278599
  1       10.5374206874        1.9789587433        6.4355065890
  2       10.1550316343        2.3436693681        6.2829786499
  1        9.7695238309        2.7152824052        6.1573303981
  1       25.2793298502       10.9462189839       18.2908430816
  2       25.2097439065       10.5069685750       17.9672432134
  1       25.1496765217       10.0631636211       17.6479798877
  1       20.0474257740       11.0699013638        9.3804362003
  2       20.0893488477       11.2771386696        9.8881715201
  1       20.1589205742       11.4631096966       10.4010794563
  1        2.5132552642       17.0669331955        2.7322562171
  2        1.9650219567       17.0666887525        2.6882087341
  1        1.4159306696       17.0516340449        2.6604218077
  1        9.9791184788        4.5889863840       15.3536740966
  2        9.8489998634        4.9382957227       15.7580898873
  1        9.7188652097        5.2893525199       16.1609845336
  1       11.6245541871       24.8439329134       11.8302720793
  2       11.1408445789       24.6967021440       12.0467163343
  1       10.6414756271       24.5533858819       12.2272463816
  1        2.3411308604        3.8610558787        0.6585746465
  2        1.8168157458        3.9153251800        0.8155730655
  1        1.2959663870        3.9676547065        0.9843260360
  1       12.7234049026        3.4444329488       12.7030158822
  2       13.0830832031        3.3052294172       13.0951305298
  1       13.4084670012        3.1614522704       13.5145986634
  1       14.9221670583        5.6364871510       19.0455458044
  2       14.7098160337        5.5302359039       19.5416483289
  1       14.5038147425        5.4160415670       20.0386625344
  1        7.4767972418       22.6158405200       18.3047988257
  2        7.0104183494       22.7504263903       18.5634054233
  1        6.5496586698       22.8708377480       18.8385446999
  1       22.1695421226       15.4558372841       11.0192211549
  2       21.8012410306       15.8537841990       11.1113762339
  1       21.4363084377       16.2551273562       11.2021940281
  1       25.5088315368       21.9044390197       13.1345998426
  2       25.5851587689       21.3910373363       13.3165142869
  1       25.6560419271       20.8826507550       13.5140457044
  1       15.4944062028       26.5955109320        5.3744169750
  2       15.8558150193       26.9050342827        5.0985928230
  1       16.2239640681       27.1986633377        4.8144304488
  1        7.1610543515        2.0791290977       19.7003992780
  2        7.6363279754        1.8076982984       19.6461747111
  1        8.1105562766        1.5342340276       19.5930257699
  1       11.2202827235        2.9128338066        1.5752617975
  2       11.1210027180        2.7332721753        2.0855569093
  1       11.0386105877        2.5834501237        2.6083043518
  1       20.9649756648       23.8899228317       20.2883380362
  2       20.5882292843       24.1677232579       19.9995663478
  1       20.2245260596       24.4559406531       19.7043533798
  1       26.3717465185       20.2249922642       10.1116287768
  2       26.0754975627       20.0051097281        9.7037216471
  1       25.7963319497       19.7768374511        9.2884406254
  1       15.3316546686       13.8149788680       23.1149620552
  2       15.0446973012       14.1424479798       23.4509969493
  1       14.7856707138       14.4712437108       23.8077862335
  1       17.7242651207        6.4048342386       25.3232917056
  2       17.5369538210        6.1518712195       25.7743174121
  1       17.3426992916        5.9051985125       26.2258899449
  1       14.9209886259       26.3099067729        8.6701342880
  2       14.4335706987       26.1175607397        8.8372473270
  1       13.9476848363       25.9202898449        9.0030759184
  1       25.2378384808       23.0491877490       19.4816981777
  2       24.8579575900       22.6786144754       19.6261487151
  1       24.4690802310       22.3205310399       19.7779731264
  1       23.0397081190        9.7041618646       20.8227212528
  2       23.1357091537        9.1632375890       20.8488885880
  1       23.2536183811        8.6260387568       20.8450379051
  1       11.8092328646        3.1651970858       19.9976354332
  2       11.8174381366        3.1953674044       20.5467460098
  1       11.8144287290        3.1981222428       21.0967308763
  1       23.9486377254        3.6047326542       26.9056560727
  2       23.6928155477        3.2846200159       27.2725115103
  1       23.4251144783        2.9717805344       27.6371587307
  1       16.9487895354       26.5737076906        0.9933505594
  2       17.4174238571       26.8274710259        0.8573871739
  1       17.8867778063       27.0783778953        0.7186333911
  1       18.8126370124       11.2225450089        5.1895241403
  2       18.3173408052       11.0384765595        5.0368792154
  1       17.8269630356       10.8454535696        4.8794887219
  1        8.9160595799       26.2988336525       19.5091688159
  2        9.0913061335       25.8336527224       19.7445309788
  1        9.2612369841       25.3681652047       19.9831622339
  1        9.1582125769       17.7145779966       20.7880700101
  2        8.6343764773       17.6237750302       20.9289620327
  1        8.1115370597       17.5188838497       21.0636349056
  1        2.4785549702       26.2812048705        8.1886705187
  2        2.3763097862       26.2347405753        8.7270820635
  1        2.2678032902       26.2154886882        9.2659287060
  1        9.2766791778        9.0521734991       15.9191811619
  2        8.7312454941        9.0021801875       15.9692088086
  1        8.1839492690        8.9573960877       16.0002124439
  1       19.6102269860       18.4889844560       27.4437699204
  2       19.3730775517       18.9766691691       27.3519888413
  1       19.1408229236       19.4681554187       27.2683284976
  1        4.5030775754       28.0655121965        5.7568856846
  2        4.8792156308       27.7125913832        5.9478491962
  1        5.2422430569       27.3509442454        6.1476551888
  1        3.8654100876       20.7617767952       18.2177365156
  2        3.6321298841       20.8613136744       18.7057659782
  1        3.3973528262       20.9533929450       19.1945411208
  1        7.6801601731        3.5928898202       23.7093627828
  2        7.9090435534        3.8318826024       23.2700509934
  1        8.1684052674        4.0645956175       22.8445205563
  1       11.1533815235       14.8453039254       20.0491341899
  2       11.1475387668       14.8379243463       20.5990536422
  1       11.1561104202       14.8342912022       21.1489748421
  1        2.5844293074       18.0128612652       26.9405453770
  2        2.3638233178       18.4266189523       27.2280128946
  1        2.1540761278       18.8462157307       27.5151446743
  1       11.2157413764       11.5425432069       12.9378299818
  2       10.7386649411       11.6539918710       12.6878754456
  1       10.2632326481       11.7743840958       12.4389380118
  1       12.0054474396        8.3045632427       24.8357320849
  2       11.8350097524        7.9090280445       25.1777889540
  1       11.6439668293        7.5264913063       25.5237199362
  1        8.2289696370       11.3806670798       23.2940730814
  2        8.7298090991       11.2003069935       23.4323845867
  1        9.2232257591       11.0088027575       23.5819376751
  1        9.5192016050       21.0892346038        9.2214379322
  2       10.0387502286       21.0991390807        9.0412404601
  1       10.5537046783       21.1145405986        8.8486665599
  1       18.0880352700       23.0172993839        2.8951613877
  2       18.3777529419       22.5514082775        2.9340091371
  1       18.6793669232       22.0951107826        2.9916424725
  1        5.8857963600       16.9280166237        4.4010730812
  2        5.9638792558       16.8742964668        4.9428453637
  1        6.0384622807       16.8000630173        5.4826849383
  1        5.1779359615       11.7550652128       27.1160081705
  2        5.5480607940       11.6054236651       26.7377027178
  1        5.9091227295       11.4371345849       26.3584757893
  1       17.1376502757        4.5352433690        8.1382733046
  2       16.6527172574        4.3392770257        8.3083825637
  1       16.1687068274        4.1411920401        8.4786653905
  1       14.6974374989       18.7189614267        8.1845741018
  2       14.4324726239       19.1982822746        8.2350234797
  1       14.1682329689       19.6792761882        8.2713863568
  1       22.5722294498       24.1016280462       24.1236253971
  2       22.5588968797       23.8900164845       24.6311121354
  1       22.5342372158       23.6726170105       25.1357202692
  1       23.5741973226       19.6550912850        5.2569711467
  2       23.6701146907       19.9228050373        5.7277462579
  1       23.7440660990       20.1793776438        6.2085806221
  1       26.0934176412        3.1351548413       14.5422018687
  2       26.5691247432        3.3163077348       14.7504958489
  1       27.0316629416        3.5054588616       14.9802354086
  1       10.8624637511        6.9594010768        1.4555855255
  2       11.0389424665        7.4705770028        1.3553137165
  1       11.2021242553        7.9853767753        1.2511364777
  1       21.4917288166       22.4620777958       27.7566406471
  2       20.9676689499       22.6184507333       27.8150252389
  1       20.4468897986       22.7895133240       27.8600437306
  1       24.1044776343       25.8148646363       21.0270436790
  2       24.2933336797       25.9190137163       21.5329946284
  1       24.4727652499       26.0352979436       22.0397315316
  1       23.8373859139       28.1536934043       17.6781520032
  2       23.7094990464       27.6189428563       17.6918195045
  1       23.5897335353       27.0832932522       17.7269723563
  1       27.2203055881        2.7328715293       20.3469426919
  2       27.3699225904        2.4488095611       19.9003740513
  1       27.5348006053        2.1611254309       19.4615653453
  1        5.2467005537        3.2973986194        7.1171213511
  2        5.3907708760        3.8051919014        7.2716843640
  1        5.5425277174        4.3163181623        7.4066651239
  1       16.5396065580       18.8142752703        1.9129895714
  2       16.1913216589       18.8532437151        1.4891038682
  1       15.8485504749       18.9042278052        1.0620107438
  1        0.1845886412        8.2625063194        2.0402221958
  2        0.4009222106        7.8662274203        2.3543285804
  1        0.6076087555        7.4505869497        2.6493263268
  1       14.2568035566        1.8419130187        6.7556536568
  2       13.8826069833        1.5534722112        7.0372186139
  1       13.4859894839        1.2987460550        7.3206072931
  1       16.9813180139       25.6004268936       21.6216993668
  2       16.6602745480       25.5851892773       21.1753823180
  1       16.3552576211       25.5666910591       20.7180831936
  1        3.1998238837        3.4392239103        4.6775364022
  2        2.9320367986        3.0502832241        4.3955519706
  1        2.6615921299        2.6533464635        4.1275950930
  1        1.8950837433       27.4478892657       19.5722503252
  2        1.9438677182       27.4449285273       20.1200745286
  1        2.0104046971       27.4510600801       20.6660005615
  1        7.5629048759        4.7103234869       12.9430300874
  2        7.3943723268        4.1933794006       12.8601712223
  1        7.2481605049        3.6706205272       12.7715977364
  1       24.0385956469        1.2430176777       10.6263795116
  2       24.1573771772        1.5498060449       11.0671423115
  1       24.2833507807        1.8707973237       11.4956224734
  1       25.4162176405       27.5073578797       25.9378449095
  2       25.3475413457       26.9848848452       25.7803473072
  1       25.2663141866       26.4681301263       25.6104452526
  1        5.6658005295        5.2855357401       16.0796517066
  2        5.3165926715        5.6092195220       16.3549382505
  1        4.9740997067        5.9323629873       16.6391509682
  1       13.1234801927       22.6848657852       27.0648192969
  2       13.2807731069       22.4912250924       27.5549848008
  1       13.4155084452       22.2748589469       28.0423574290
  1       14.1604331603       15.8243770871        6.5962598022
  2       14.3179576539       15.7181205005        7.1123950284
  1       14.4691023934       15.5929983903        7.6262040632
  1       16.4028575552        1.4856754207       19.5035755362
  2       16.2345155457        1.9981273486       19.6110650213
  1       16.0798426658        2.5150642178       19.7176134726
  1        4.9244492013       26.3605360067       17.6571806193
  2        5.3446263930       26.7153049758       17.6666730444
  1        5.7705403118       27.0630393481       17.6800199192
  1       19.2568674344        9.0189310739       14.4085221867
  2       19.6602916714        9.0081036788       14.7821953761
  1       20.0594938340        9.0133626080       15.1604941681
  1       13.0409896110        0.6107204976       24.4437979657
  2       12.5838504884        0.7361556597       24.1648896606
  1       12.1121702433        0.8562086303       23.9087548725
  1       23.8303327026       12.6611293043        2.1580003687
  2       23.7449691103       12.7864316530        2.6866896712
  1       23.6553417013       12.9132355050        3.2143142628
  1        5.0077488379        4.6297650252       20.3047543549
  2        5.0877561339        4.9314548558       20.7576142435
  1        5.1789769713        5.2258765375       21.2131300293
  1       17.2983004209        3.7843993160       15.7011063970
  2       16.7806324614        3.9403650637       15.8020745565
  1       16.2612614121        4.0938025423       15.8980466998
  1       20.7263193886       11.1719809469       18.3205533365
  2       20.8984556502       11.6350142003       18.0787490484
  1       21.0730228158       12.1028289295       17.8481505168
  1       10.5256368045       14.9059945904       14.4043679364
  2       10.0461627274       15.1043361173       14.2219803052
  1        9.5694153102       15.3106837634       14.0413354930
  1       12.4049043549       20.4802800543        3.0440405858
  2       12.4524745360       19.9523479054        2.8973275189
  1       12.4966404699       19.4256861273        2.7450884282
  1       10.7003046492        1.0380794041       16.9625728740
  2       10.5731813231        0.9110371417       17.4823804571
  1       10.4713281336        0.7717117042       18.0046010516
  1       14.2372505789       12.0589558785       20.0873278938
  2       13.9894576211       11.8836538509       19.6286691435
  1       13.7387063839       11.6906138200       19.1788254345
  1       16.8975946268       16.1495097253       14.8877658184
  2       16.7149165452       15.9566545807       15.3693627575
  1       16.5159525023       15.7855876863       15.8527357255
  1        7.6304840515       23.0271816875       22.7911721288
  2        7.6923244408       23.5514888913       22.6369718621
  1        7.7284066211       24.0768371367       22.4782038038
  1       16.2359185839        8.1681408570       15.6853096227
  2       16.4122448446        8.5200794326       16.0694297716
  1       16.5711271980        8.8659452424       16.4664602974
  1       27.5069022662       15.8194244860       27.5933368113
  2       27.0142034621       15.9886807306       27.4169842890
  1       26.5364044884       16.1798058652       27.2228726649
  1       20.7696458335       20.7302872965       12.8822009014
  2       21.1823208997       20.9601792015       13.1638904499
  1       21.5665342862       21.2169305362       13.4621501099
  1       20.8243200680        0.9071162378        1.1908427468
  2       20.9419375927        1.2066713129        1.6368616644
  1       21.0606147111        1.5282805044        2.0669584774
  1       16.4348327369        6.9135200614        5.4578125362
  2       16.6246202528        7.3847716717        5.2470932475
  1       16.8426132941        7.8487555806        5.0478497654
  1       25.2293061845        6.4264935771        8.5840159953
  2       24.7563877672        6.2441663016        8.7975691157
  1       24.2787243956        6.0545179763        8.9934548353
  1       18.1397429554        9.6859395505       19.9981156133
  2       17.5964469751        9.6009063744       19.9881739430
  1       17.0516391859        9.5272249772       19.9721888422
  1        1.7133338389       17.5204754335       17.8357272498
  2        1.2553516494       17.3393345928       17.5909001477
  1        0.8039375147       17.1414305058       17.3468525083
  1       25.1086805458        3.2088051818        6.7945542849
  2       24.8478996882        2.9647360224        7.2127929606
  1       24.6061160979        2.7202845676        7.6420762944
  1       15.8843189519       24.7454238392       11.7889824904
  2       15.8485746795       25.2654150926       11.9645713379
  1       15.8047538512       25.7835844991       12.1436808023
  1        6.9429586401       10.7626941350        9.1736668112
  2        7.4846718039       10.6953139267        9.2407991861
  1        8.0269051062       10.6403455157        9.3147012740
  1        0.4963452216       26.8024075609        5.8546700158
  2        0.7477465943       26.7527612101        5.3680155288
  1        1.0047020753       26.6895511054        4.8858554285
  1        7.8402025713        6.3457278306       19.0863409311
  2        8.1666275885        6.0281703348       19.3947302063
  1        8.4987939539        5.7190755326       19.7055772875
  1       24.3989663587       28.0809718149       14.4383827132
  2       24.1854715168       27.6814812579       14.1264095616
  1       23.9745243622       27.2825419123       13.8120074377
  1       18.2643136459        4.2115500561        1.6878348304
  2       17.7146222914        4.1963820604        1.6773779355
  1       17.1671385932        4.1519982439        1.6492411974
  1       14.4559634077       11.3028809229        4.3635990038
  2       14.5072599013       11.6944685467        3.9808095021
  1       14.5676887781       12.0650007845        3.5788714340
  1       22.6555148849       12.6960371696       26.6512269299
  2       23.0340545889       12.7890487653       26.2632107762
  1       23.4208776980       12.8651691209       25.8797090516
  1        3.2105471391        5.3470387769       25.2754881748
  2        3.1771704889        4.7985898909       25.2512019919
  1        3.1417092751        4.2511683588       25.2115514249
  1       23.6639111861        6.5440682083       13.7600643529
  2       23.8466936747        6.4054833725       13.2601795610
  1       24.0500443336        6.2592715538       12.7705157860
  1       25.9453709743        1.3285396397        1.1053123801
  2       25.9396073836        0.7792619981        1.1328959519
  1       25.9425026425        0.2293665187        1.1432196246
  1        5.8904645229       12.1149111918       18.4145886434
  2        6.2136224327       11.8079323191       18.7368198291
  1        6.5336716770       11.4986185234       19.0599195909
  1       12.1346690641       15.3057505450        4.0426632548
  2       12.0409567246       14.7895198045        3.8776668306
  1       11.9465355860       14.2658828647        3.7384224310
  1        6.3960227351        8.6763232628       12.6772295887
  2        6.7697826314        9.0282231037       12.8746379014
  1        7.1367377606        9.3895190456       13.0677937310
  1       22.3124007005        7.8042342623       17.7769368788
  2       22.4134534573        7.7424569860       17.2398410695
  1       22.5018757761        7.6750613573       16.7011952473
  1        1.4685945434        2.5446019447        8.8441545168
  2        1.5387047614        2.2282956954        8.3997055164
  1        1.5820993042        1.8948034459        7.9645046063
  1        1.1532511060       22.5380359198       21.5141169226
  2        1.1320562588       23.0501841231       21.3147303726
  1        1.1001482506       23.5605185720       21.1121455058
  1       19.6296326807       22.1056688713       23.4160076508
  2       19.9336188550       21.6475789132       23.4316919125
  1       20.2393793043       21.1904028931       23.4308961438
  1        1.5909431710        6.4053914360       22.5391688114
  2        2.1210551183        6.4626657357       22.4042578117
  1        2.6527786779        6.5280232822       22.2797650556
  1       18.7872764116       14.3844944006       18.1445891620
  2       18.8105807750       14.9335646751       18.1227090267
  1       18.8325133969       15.4830741044       18.1150705627
  1        5.3042645118       15.8478042524       26.4520549624
  2        5.5927645994       15.5156869506       26.7821546402
  1        5.8831847559       15.1868161106       27.1138172735
  1       19.5961715348       15.0493287039        1.3771937505
  2       20.1067031551       15.1014121142        1.5750441564
  1       20.6102162861       15.1481445689        1.7913555142
  1       22.7297125823        0.3546718062        5.3161131532
  2       22.2556756218        0.3017441686        5.5899518380
  1       21.7940198635        0.2602832989        5.8860176349
  1        8.0919117190       12.4272458965       15.9072745347
  2        7.6645156407       12.3179588597       15.5788100224
  1        7.2460003826       12.2157160342       15.2369162049
  1       27.2641285793       10.0452517382       22.7272640051
  2       26.9422983835       10.2176333253       22.3159126790
  1       26.6242124793       10.3902263529       21.9017472491
  1       26.8416254009       27.8489789400        8.5107026020
  2       26.4174181242       27.7409138323        8.1777309532
  1       25.9934158707       27.6238807704        7.8475410828
  1       22.6287456158        9.4206178805       24.3875100701
  2       22.9393610482        9.3443006620       24.8349402159
  1       23.2570709772        9.2601960349       25.2759468050
  1       25.2434339754       13.9959336326       21.2456347826
  2       24.8750492143       13.9366028047       20.8415648374
  1       24.4968561012       13.8921935975       20.4447049245
  1        5.3465997620       25.1340872420       26.1386164138
  2        5.7034813696       24.9709247816       25.7532418821
  1        6.0569143730       24.8054894916       25.3656644371
  1        3.2575338342       20.5023907907       14.8358677507
  2        2.7298652540       20.5490200623       14.6879097143
  1        2.1977250021       20.5907372997       14.5552959015
  1       14.8471306041        8.2773398069       26.7303063220
  2       15.3114992517        8.5684986090       26.7760043642
  1       15.7896289163        8.8380244306       26.8113293447
  1        2.3947662021       10.3327678813       11.8688960376
  2        1.9962315275       10.6531820845       12.0713925845
  1        1.5862264938       10.9708339159       12.2544040197
  1        6.4090568302       14.5337340983        8.0841851518
  2        6.0146532024       14.4688479280        8.4619887559
  1        5.6367887074       14.3973001337        8.8551799760
  1       20.0582875754        9.2783067158       26.8595082190
  2       20.1477351526        9.7669400925       26.6234223151
  1       20.2461405813       10.2516707174       26.3828966576
  1        5.2243432130        7.0255228526       -0.1247166453
  2        4.8025374150        7.0607263713        0.2264821318
  1        4.3785966473        7.0953775849        0.5751560738
  1       10.5458421262       24.2916264489        2.5853327186
  2       10.6162459483       23.7639318585        2.4471961157
  1       10.6784131476       23.2394776751        2.2936283852
  1        6.3038894915       19.2652783625       17.1292119056
  2        6.5945472820       19.2557859530       17.5960394359
  1        6.8794294678       19.2576764029       18.0665057634
  1        0.2645118409       16.2425006968       20.7396731270
  2        0.2881863110       15.9114045773       21.1782103309
  1        0.3292933591       15.5768844698       21.6128440931
  1        4.1162691292       19.8985753715        5.3954878930
  2        3.6706009011       20.0979693133        5.6487108906
  1        3.2273702853       20.2931515267        5.9093841031
  1       12.5867926738        3.6460823972       17.0892557074
  2       12.9706458654        3.2593920186       17.0142405194
  1       13.3502194269        2.8714665609       16.9251464701
  1       24.6295119705       19.5526329721       26.6455709246
  2       24.3712179166       19.9508251740       26.3676731879
  1       24.1204361708       20.3567134427       26.0940617329
  1       10.7285489173       11.4526359841        2.5315099444
  2       10.9800579642       11.2076040268        2.9548331533
  1       11.2421654585       10.9622595623        3.3714933916
  1       21.4156447058       10.0105596157        1.7415778693
  2       21.2399346859       10.5301743223        1.7819083241
  1       21.0619386340       11.0492133884        1.8195361382
  1       15.9004864594        1.9637755302       23.2159331444
  2       15.9716432521        1.4202849665       23.1706041464
  1       16.0433532021        0.8761051027       23.1355904658
  1       22.4649118124       16.4337155344       17.8434174888
  2       22.2251302228       16.8437171535       17.5661027550
  1       21.9917017742       17.2744954798       17.3162203988
  1        9.0552345179       -0.4438283467       23.0417465608
  2        9.0939201911        0.0300651181       22.7652896876
  1        9.1360563383        0.5005530799       22.4835706398
  1        8.8448549420        1.3700321517       27.5214496467
  2        8.7597116725        1.0467207590       27.0847342165
  1        8.6685422916        0.7357827180       26.6403181078
  1        3.8953202371        5.3846611922       10.0842822517
  2        3.8750827231        5.8713095580       10.3397500797
  1        3.8670584264        6.3577947116       10.5962024242
  1       27.2070950099        7.2032580742       20.5838727003
  2       26.8274656967        6.8817695452       20.3492949729
  1       26.4471821135        6.5440709565       20.1399052439
  1        3.7266080112       18.8900894627        8.7587096706
  2        3.2189322870       18.6862615369        8.8154506229
  1        2.7094849852       18.4811827684        8.8455528566
  1       12.0134142774        6.5543739054       22.0494994653
  2       11.4635130232        6.5480320237       22.0577693656
  1       10.9136993902        6.5543060267       22.0706381186
  1       19.0535344114       22.2273856188       16.9574812785
  2       19.1235506535       22.2759784821       16.4141246190
  1       19.1789041959       22.3374713305       15.8703833074
  1       10.6050576901       21.2587692895       25.0553363479
  2       10.5920123704       21.7239049792       24.7621152542
  1       10.5946459307       22.1934243496       24.4756809264
  1       19.2092279224       13.6271552153       24.7652841766
  2       19.2456903956       13.7998422557       25.2861965244
  1       19.2871164475       13.9816882695       25.8036092305
  1       17.0366354974       22.1518715373       21.3825379330
  2       17.0719797630       21.6502627798       21.1597388369
  1       17.1108364236       21.1503637988       20.9337052824
  1        4.0167787189       10.0685503874       14.8812265430
  2        4.0317141951       10.0837763809       15.4308128426
  1        4.0115314321       10.0869755466       15.9804330937
  1       19.1880803746        5.1526891878        5.0049838968
  2       19.5401298070        5.5566610183        5.1289514621
  1       19.8929008874        5.9640661409        5.2388315329
  1       12.0929532199        0.6319029899       10.6932051529
  2       11.7347640078        0.7692523575       10.2990787270
  1       11.3816663295        0.8887517427        9.8946755551
  1       17.6524215266       17.6303260691        7.8051915015
  2       17.6725158902       18.0813454360        7.4910613578
  1       17.6858613271       18.5325753607        7.1768743859
  1        2.8084869574       15.7323110932        7.2300034688
  2        2.6192256075       15.6798210677        6.7162672148
  1        2.4289540127       15.6297967617        6.2026581339
  1       10.0078285393        7.2505462910       12.0433714690
  2       10.3091194207        7.0137074713       11.6488702924
  1       10.6334758407        6.7789618544       11.2717928374
  1       22.4978597820       12.2625862999        5.9431769874
  2       22.6826503221       12.6703922333        6.2626245997
  1       22.8721276215       13.0673644636        6.5927933451
  1        0.1098789378        5.3771919887        7.4355196637
  2        0.2027064797        5.8119040464        7.1116238868
  1        0.2732891270        6.2532086997        6.7910489473
  1        2.7387202019       13.7323428345       23.0868043757
  2        3.0580033168       14.0743650143       23.3759049138
  1        3.3678901051       14.4013234367       23.6914494706
  1       14.6394211693       15.4134668103       20.1648421921
  2       14.9302943981       15.3887604554       19.6987066316
  1       15.2219428631       15.3682868792       19.2328504257
  1       13.7337458703       28.0729500145       14.7818171885
  2       13.4486296634       27.8698487445       14.3576018862
  1       13.1741266917       27.6547047264       13.9323241311
  1       17.9833323215       26.0613588643       17.5497784096
  2       17.9078759173       25.5574322183       17.3427415371
  1       17.8244319895       25.0597584939       17.1239768829
  1       17.5569645953       11.5247651951        0.3210339408
  2       17.1890124350       11.5236858329        0.7298248932
  1       16.8224726948       11.5519016393        1.1389122752
  1        3.8417427372       15.5911764194       11.8012068212
  2        4.1841946044       16.0123857822       11.7128360606
  1        4.5277004440       16.4369224356       11.6474727144
  1       13.5025128941        4.1491980785       23.7921605152
  2       13.8948081144        4.2415762932       24.1664207529
  1       14.2918612410        4.3448200547       24.5327396569
  1        9.6105970024       14.0615811739        9.1871098397
  2        9.4763248787       14.3368417769        9.6439496336
  1        9.3502167219       14.6534844856       10.0756140018
  1       15.3330987580        1.8874268804       11.2903560410
  2       15.3562298039        1.4060990253       11.0252363499
  1       15.3759673492        0.9289261019       10.7524426010
  1       19.7454735416       24.5284364521        9.4147592634
  2       19.2764661700       24.6377972025        9.6804137602
  1       18.8216281312       24.7560683980        9.9661308961
  1       26.9446635525        4.4681959303       11.5007012846
  2       27.4781093532        4.5639644597       11.5943173437
  1       28.0065648868        4.6840604966       11.6881879457
  1        2.1963522957       22.1703722531       27.5997339740
  2        1.6574090324       22.0621208247       27.6176724023
  1        1.1193410870       21.9482329740       27.6141450050
  1       24.8638031650       17.5807437845       11.6223181807
  2       24.4143706542       17.7114125400       11.9111712481
  1       23.9774072077       17.8297223580       12.2235263862
  1       25.6151663233       13.2880652076       11.6067789152
  2       25.1289722393       13.0365805703       11.5531991626
  1       24.6500592127       12.7695682713       11.5102254017
  1        4.0823200165       22.2672665386       23.6390389322
  2        3.7590717526       22.1223486326       24.0597637358
  1        3.4543560222       21.9656761012       24.4899986025
  1        7.4199342186       23.7230156704       12.1964785556
  2        7.5957270371       23.4483915692       11.7535581474
  1        7.7738583077       23.1839723908       11.3053932810
  1        7.2095677433       12.4536148906        5.4356145521
  2        7.7226589805       12.6198274988        5.5433677477
  1        8.2394000639       12.7788703341        5.6442836945
  1       26.7073117373       22.5370965738        4.7571742023
  2       26.1971003421       22.4926673739        4.5566489461
  1       25.6907456271       22.4275073658        4.3520540415
  1       15.9059950038       14.8984727604        0.1940868604
  2       16.1118367616       15.2654570441        0.5482784841
  1       16.3039635451       15.6323934846        0.9101416442
  1       24.2630835238        4.4631361306       23.4193526194
  2       24.7364089567        4.7260496789       23.5159937114
  1       25.2153315588        4.9839884789       23.5972384995
  1       17.6700367345       10.6435035446       24.3562352570
  2       17.3629293934       10.6750457566       23.9010537878
  1       17.0660545670       10.7006232108       23.4387647762
  1        6.9795549021       14.3780906167       22.4158948399
  2        6.5614022389       14.2154411444       22.0977855828
  1        6.1413376271       14.0469056189       21.7853091877
  1       19.3819448744        8.0592565477       23.1665490114
  2       19.7760726115        8.0472020826       22.7831197263
  1       20.1627510933        8.0303209924       22.3923579325
  1        2.8491465997       25.6603834471       23.7116195362
  2        2.4257800620       25.3165831683       23.7827682753
  1        2.0022451284       24.9706851791       23.8416982348
  1        1.5273254331       18.9730379244       11.8766626310
  2        1.0303612190       19.0180218893       12.1079698138
  1        0.5276323500       19.0526636536       12.3283413896
  1        3.8071998461       13.4161505429       15.5878468952
  2        4.0845362163       13.8475600795       15.3891754341
  1        4.3812399410       14.2747399673       15.2103340458
  1       16.0902738794       17.6956650880       25.6651926214
  2       16.4940922584       17.3329543196       25.5764704976
  1       16.8977529481       16.9646839242       25.5137412188
  1       13.0953185551       22.4362264475       14.4002598814
  2       13.2344453716       22.9562623565       14.2875372912
  1       13.3770102772       23.4711997696       14.1570968558
  1        4.7405956233        1.4396430424        2.1357693827
  2        5.0674428338        1.1365600821        2.4579674898
  1        5.4021566282        0.8409658835        2.7790449642
  1       25.3088898609       10.7573793429       -0.3137220707
  2       25.3869049200       10.5114384285        0.1720008103
  1       25.4838626535       10.2608740369        0.6519140135
  1       27.7182765348        6.3634223804       26.2532694207
  2       27.3994602933        6.7048390034       25.9629404802
  1       27.0642319630        7.0220224824       25.6637472212
  1       18.4573041496       17.4439753747       21.6573902927
  2       18.0677642099       17.7023124478       21.9472533501
  1       17.6803635945       17.9626118749       22.2382258066
  1       12.3830971003        4.8884791057        5.0028683044
  2       12.7562647737        5.0238809764        4.6221949261
  1       13.1190559040        5.1628994392        4.2328923937
  1       21.0357402905       25.5155469761       15.4788175689
  2       21.3412236877       25.1213985022       15.7108237640
  1       21.6527992470       24.7219414782       15.9249610000
  1        7.7448972315        2.0310715712       16.1332879875
  2        7.2082137267        1.9973099387       16.2487477980
  1        6.6729373216        1.9398793088       16.3613572641
  1        4.2604673172        2.3427669995       10.8885212069
  2        4.6891359775        2.3559570212       10.5441824158
  1        5.1127645688        2.3983930662       10.1959899436
  1       24.6030447647        4.1804621708       17.0760458247
  2       24.3205923564        3.9136723395       17.4653321242
  1       24.0394580321        3.6304509170       17.8438147744
  1        4.9267849138       25.5321199739       21.4011262155
  2        4.9103704469       24.9866633572       21.3325139379
  1        4.8987879379       24.4427811782       21.2515323365
  1        5.4146770008        0.2794036508       24.0641720526
  2        5.3585929356        0.5751474159       23.6038567226
  1        5.3135134966        0.8640939983       23.1380480541
  1       25.8789272841       15.3321810064        4.2111225767
  2       26.0355235230       15.3771086899        3.6858044625
  1       26.2157232885       15.4330482772        3.1691819638
  1        0.3282625560       25.9914740008       27.5419491947
  2        0.7042623128       25.5921795306       27.5008625927
  1        1.0676888792       25.1813512348       27.4603503566
  1        9.4399593899        0.4451233725       13.4165377187
  2        9.6422504176        0.9523738764       13.3511521969
  1        9.8438568269        1.4600783704       13.2871912602
  1        8.8331170739       13.7073306565        0.0790011848
  2        8.5507665430       13.3849703605        0.4237648971
  1        8.2653733071       13.0534383493        0.7571373995
  1       13.5143827942       19.3404241017       19.8383090857
  2       13.2415687299       19.0679126692       19.4461228984
  1       12.9671207244       18.7889496584       19.0596543616
  1        7.1355607084       24.7887153530        5.1974421753
  2        7.5050469765       24.4339238226        5.3976991793
  1        7.8865367423       24.0826633517        5.5809521171
  1        8.5121260242        5.3563023540       27.2671815743
  2        8.4085065345        5.1340444410       27.7594867860
  1        8.3188254317        4.9142179036       28.2556053124
  1       25.7746585180       23.2291162855        8.0105553526
  2       25.7308269481       23.7557045784        8.1631448780
  1       25.6830766856       24.2876309157        8.2945765451
  1       27.1136207915        9.1121855226       13.5541740567
  2       26.7263775497        9.4366449366       13.3367602568
  1       26.3282601237        9.7531634592       13.1274314748
  1        1.6828200618       19.3021904062       22.0197056816
  2        1.9338678105       19.0309362512       21.6124020954
  1        2.1760508349       18.7669553899       21.1950755009
  1        2.6870176460       23.7091479827       17.1146684294
  2        2.4985407997       23.8841998340       17.6008096926
  1        2.3126220558       24.0683737750       18.0845598131
  1       26.0619050231       25.3590238895       11.2551178581
  2       26.3897925540       25.6906778346       11.5466576115
  1       26.7229337069       26.0069055428       11.8491753924
  1       12.6510424244       22.1368879609        5.8944055466
  2       12.7780599490       22.4421159521        6.3339535211
  1       12.9142769006       22.7498912197        6.7689469989
  1       -0.3709482034       19.3439706314        5.9376687880
  2        0.0045655283       18.9630944392        6.0658201186
  1        0.3705480401       18.5785343034        6.2095918195
  1        1.9216483312        0.8634615130       25.4498840768
  2        2.2158864900        0.8760520886       25.9143896023
  1        2.5247632563        0.8969934001       26.3689845910
  1       13.3843905491       15.3520980428       16.3034847487
  2       13.2625653465       14.8927009243       16.5802751161
  1       13.1379555935       14.4381223104       16.8637018125
  1       11.7087995607       15.1353563746       24.2841575824
  2       11.1590770125       15.1431787210       24.2997758694
  1       10.6098418891       15.1203973686       24.3177143276
  1       16.8301214127       23.8572508155        7.4294243600
  2       16.5480636766       23.5156108432        7.1035017269
  1       16.2714363107       23.1585195097        6.7897134559
  1       -0.4105337010       19.5847183877       24.5218117393
  2        0.0476071827       19.7759794730       24.7585101295
  1        0.5064044226       19.9633818830       24.9970167925
  1        3.7921174638       10.0679430097       23.2671935459
  2        3.4041006429       10.0442482087       22.8781157861
  1        3.0137721301       10.0167759542       22.4916071494
  1       13.5117240107       19.0932520288       15.9227242595
  2       13.7693637136       18.9646518906       15.4541265771
  1       14.0287488077       18.8360343168       14.9864975664
  1       16.1196953329       12.0860123221        8.1555013122
  2       16.6623189219       12.1066039193        8.0681192389
  1       17.2040224140       12.1287399636        7.9755594138
  1       24.2484477549       15.1158344492       14.2238673605
  2       23.7402220000       15.2277306885       14.4018724549
  1       23.2208469964       15.3517660342       14.5336481647
  1       19.0557588595       25.3778860646       24.6358532938
  2       19.1691475243       25.8179507510       24.3260370861
  1       19.2718053208       26.2739837189       24.0362176459
  1        5.6203311114       12.2868993195       12.1474347121
  2        6.0910047879       12.5203748811       11.9847833906
  1        6.5758121684       12.7215790413       11.8205314843
  1       12.2046972320        6.8129352430       17.9180107880
  2       11.7555002543        6.7942948194       18.2348303105
  1       11.3114341986        6.7726593590       18.5586161101
  1        8.4226399041       25.7868169293       15.6271472635
  2        8.9419233916       25.6089073910       15.6616850088
  1        9.4502021594       25.4057664207       15.7154106016
  1       16.4506559712       18.5452252158       11.3432293604
  2       16.8826978339       18.2222831054       11.4506920151
  1       17.3160053862       17.8974002435       11.5465861764
  1        9.8236992506       21.9933455064       13.8597836453
  2        9.7758252429       21.6929231075       14.3179915256
  1        9.7078544063       21.4042333682       14.7811742097
  1        8.2524730582       20.1528535889        4.5866647340
  2        8.0409309038       20.6084690154        4.3626904051
  1        7.8197921168       21.0526078166        4.1253333719
  1        3.7168473082       11.4755920179        5.7571314992
  2        3.7874481369       11.9911415932        5.9352442679
  1        3.8474644727       12.5077807277        6.1140795082
  1       15.5288748889       21.5049786923       17.7269935648
  2       15.4075718276       22.0352638984       17.6458568435
  1       15.2712348983       22.5619389785       17.5650756533
  1       23.1185991472       16.8431599664       27.5669259582
  2       23.3716901778       16.4117189691       27.7956257528
  1       23.6146304738       15.9796643162       28.0339716956
  1        9.8608705511       18.2959573743       16.2152006656
  2       10.0726441383       18.0677750860       16.6686152563
  1       10.2487114502       17.8515161866       17.1426747347
  1       13.1413560058       17.8240180096       22.8619952554
  2       13.6833718534       17.8963561884       22.8029528227
  1       14.2250946924       17.9743734993       22.7486420138
  1        6.1635053642       21.0865906480       26.0404837618
  2        6.2514300724       20.5796123774       25.8462100404
  1        6.3190781879       20.0552974004       25.6944947267
  1       25.2816042762       23.9004089937       15.4988540091
  2       25.1336994129       24.1757946560       15.9513878624
  1       24.9799172035       24.4617398914       16.3953319505
  1       21.9910985273       17.1828731508       24.4416037513
  2       21.6219839592       17.5857683871       24.5042923801
  1       21.2565030181       17.9908047794       24.5740720453
  1       22.2626464395       25.7840491274        0.8929671982
  2       22.6491508972       26.0255283780        0.5850677411
  1       23.0265001849       26.2567927065        0.2585339383
  1       18.0410264088       13.9503156053       21.3651249611
  2       17.6704791245       13.7285585866       21.0245100249
  1       17.3157312145       13.4686016933       20.6942429618
  1       13.1562375765       11.3585697870       27.6858998316
  2       13.4433233685       11.5256637282       27.2475376950
  1       13.7535107394       11.6717513924       26.8174886416
  1       18.3836083400        8.3567212617        2.1578755825
  2       18.2940203004        7.8276387604        2.0372700686
  1       18.2064714863        7.2942034709        1.9358698905
  1       26.8523786463       26.2459511258       18.3746497648
  2       26.8406105611       26.4204722474       18.8960938081
  1       26.8168161781       26.6116662877       19.4112429760
  1       12.8972889358       26.8215758085        0.8382172483
  2       12.5042078775       26.6139168453        0.5143885334
  1       12.1119006031       26.4355446283        0.1726600539
  1        3.0222540465       10.0076903249        8.5099783819
  2        3.3138154038        9.6076881693        8.7497496279
  1        3.6039787894        9.2101703484        8.9952792406
  1        3.0362356714        7.2845369923        4.9361174957
  2        3.5330979791        7.1805604775        4.7244178698
  1        4.0266382636        7.0681688155        4.5092758217
  1       12.0155746196       25.7201152495        5.9831405371
  2       11.9522152069       26.1168461624        5.6075208258
  1       11.8867551845       26.5000988777        5.2185062493
  1       19.5544158448       17.8824312994        3.2323898492
  2       19.4589532218       18.2335874255        3.6447928836
  1       19.3880300786       18.5935623083        4.0545342538
  1       16.7684176271       11.1012898478       11.3697018220
  2       16.5730180613       10.9818243087       11.8697488144
  1       16.4012640800       10.8565309412       12.3769983989
  1       21.9656885250       12.4351795081       22.3282500892
  2       21.6615231362       12.6202219435       21.9090333036
  1       21.3487844565       12.7851688075       21.4877411849
  1       12.8663844018       27.7110624179       21.0487251262
  2       13.4117490910       27.7125542014       20.9774851768
  1       13.9553699414       27.7086578851       20.8940514383
  1        5.3398543415       27.1207132715       13.1619890032
  2        5.3880101218       27.6679989950       13.1876669652
  1        5.4519204741       28.2133313488       13.2197308044
  1       18.4223381036        3.7713772853       11.2095689082
  2       18.5391628276        3.4103408083       11.6076953280
  1       18.6719157729        3.0523097387       12.0035367201
  1       26.0138317256       18.9927203822        2.9030915457
  2       26.1024257697       18.8447952069        2.3808184008
  1       26.2410216561       18.7030155974        1.8677982047
  1       23.0473590680        5.3752830402       20.7856715433
  2       22.5084286971        5.4798878849       20.7523266526
  1       21.9650115022        5.5602511885       20.7251330737
  1       26.4982366962        4.4764747548        4.0665743734
  2       27.0305616137        4.3390407275        4.0510157636
  1       27.5646652310        4.2113676663        4.0204721164
  1       27.6332560748       27.2900481254       23.0474307986
  2       27.4622044606       27.8076009086       22.9740791666
  1       27.2988557048       28.3279337422       22.9028687375
  1       17.3122162385        8.2823647674        8.4419319865
  2       17.4874910152        8.4468146582        8.9366389565
  1       17.6606976404        8.6205344302        9.4288999693
  1        7.6985934573        6.8763963344       24.6430648739
  2        7.8860608842        7.3899697163       24.5830786645
  1        8.0579560989        7.9107369461       24.5412035348
  1       11.0453653503       18.5960587418       13.1655928446
  2       11.1723703744       18.7662081393       12.6582281765
  1       11.3080550100       18.9510054068       12.1582885316
  1       22.8941467870       21.8614318913       10.3444982992
  2       22.6795492167       21.9843836258        9.8532440332
  1       22.4554637115       22.1193752217        9.3694435016
  1       10.7161646398        3.8764374184       25.1251214770
  2       10.6074074208        3.5798494474       25.5753519100
  1       10.5112723231        3.2977102482       26.0375807648
  1        5.5019995585       20.5722297081       11.3703646356
  2        5.1189539999       20.4713063565       11.7519279687
  1        4.7393963436       20.3584428675       12.1336318034
  1       13.8685072962       24.3142063976        3.2005015303
  2       14.2840765606       24.3947223740        2.8493329610
  1       14.7089457753       24.4654092911        2.5072956690
  1        1.7915647974       23.5414449363        6.5355053735
  2        2.2565881616       23.5842110274        6.2449467181
  1        2.7133121675       23.6377439609        5.9432226613
  1        0.4647919498       24.3002488709       14.5100677172
  2        0.5698303735       23.9362774876       14.1113300068
  1        0.6891667339       23.5811696924       13.7086424284
  1       11.4120189377       18.6527780854        5.7531875079
  2       11.0777780800       18.7376995146        6.1816398388
  1       10.7464692613       18.7855695315        6.6180375097
  1        3.5294822220       24.4865068099       12.1020236920
  2        3.7007084466       24.0705884075       12.4185572014
  1        3.8837609248       23.6571565919       12.7317119924
  1       20.9036850578        1.5356606366       17.1097937608
  2       20.6409605809        1.8482005252       17.4782970407
  1       20.4056447645        2.1810597087       17.8475276319
  1        0.7199251912       11.6227592398       27.7914279274
  2        1.0449116286       12.0182731418       27.5902996876
  1        1.3621104834       12.4012900486       27.3553892056
  1       10.5460830352       10.6794948489       19.8223279465
  2       10.4650331924       11.1412572756       20.1099151234
  1       10.3942145939       11.6134594213       20.3828800637
  1       19.5262897231       23.9354994191       13.0325514500
  2       19.1294734965       24.2857364566       13.1821204969
  1       18.7228420997       24.6283479956       13.3227200682
  1       12.6738291176       10.0738603160       15.9500932877
  2       13.0049981753       10.5122274346       15.9243770564
  1       13.3381107126       10.9489665256       15.8961812616
  1        7.0194356895        7.1405766884        9.3142219101
  2        6.9326931177        6.7048791334        9.6384800894
  1        6.8680409964        6.2672523449        9.9652872132
  1       22.6501226751        9.4618555575       12.0056750079
  2       22.7651946450        9.1651934489       11.5570660077
  1       22.9116563820        8.8734648269       11.1144110973
  1        3.5864078864        3.4875936032       13.8717739164
  2        3.0460655798        3.3917965134       13.9085585504
  1        2.5089208059        3.2804762342       13.9483490809
  1       21.1385928111       18.3290456751        8.3138118408
  2       21.5756456302       18.4645567995        8.6189701088
  1       22.0142041340       18.6005582735        8.9217407098
  1        6.1117346486       25.3176778079        9.1647941508
  2        5.7160705793       25.0668798255        8.8766096331
  1        5.3200067050       24.8235664115        8.5826164545
  1       15.3818343613        7.6302750735       22.0852426372
  2       15.3380599020        7.6422182553       22.6333677663
  1       15.2824160040        7.6766062899       23.1794641119
  1       23.9843575669        1.3336565283       21.1395236212
  2       23.4890693069        1.5192284296       20.9886839415
  1       22.9968376006        1.7099878024       20.8343505105
  1        3.8144627659       10.6409699836        2.1576639571
  2        3.8833480325       10.2173372476        2.5015972719
  1        3.9663453092        9.8019035943        2.8523483670
  1       20.4109397169        3.9165589074       14.4606118423
  2       20.5654664512        4.3725418220       14.7265085702
  1       20.7310206626        4.8299211987       14.9832105529
  1        0.8598349958       23.1396432306        9.7875340738
  2        0.9625281072       22.6026444816        9.8474212039
  1        1.0611492051       22.0636739545        9.8952192065
  1        0.2860880168       20.8919338389       17.3133230777
  2        0.0764788755       21.2514555916       16.9537286989
  1       -0.1544049160       21.6068831734       16.6032092161
  1        0.7564572902       14.9179195842        9.9005170782
  2        0.8315338459       14.4063826073        9.7129179523
  1        0.9183583596       13.9085819101        9.4957637014
  1        6.3427314841        4.2923843169        3.6374491940
  2        6.1336180486        4.5805168654        3.2182222797
  1        5.9556569557        4.8684347137        2.7847096951
  1       19.2528866708        1.0559591798       21.6512174059
  2       19.6442690778        0.6816904372       21.5550783411
  1       20.0247970022        0.2938020505       21.4699837046
  1       27.6623825625        3.2766599171       25.1434595498
  2       27.3474366421        2.9805817099       25.4835283111
  1       27.0079957354        2.6996512746       25.8127060145
  1        9.2331887882        9.6827927119       27.5026555899
  2        9.6385876075       10.0066748723       27.3203038874
  1       10.0196108813       10.3544866110       27.1296516955
  1        9.8529351855       25.1862363676       25.9925575546
  2        9.7715573193       24.8780062161       26.4407448108
  1        9.6771067690       24.5660571155       26.8837649584
  1       12.5340796702       18.3128430832       26.4837717342
  2       12.7626234696       18.8004333804       26.5956798830
  1       12.9884164045       19.2929455243       26.6902808223
  1       23.1300001157        5.7834172275        4.9470452100
  2       23.3539656570        6.1222776684        5.3178727142
  1       23.5452291327        6.4742667272        5.6947307569
  1       14.5170441822        2.3660291557        2.9952116208
  2       14.8373767016        1.9810414766        2.7678978202
  1       15.1497236272        1.5985847225        2.5256866968
  1        5.2283881543       23.0648916565        2.3360827146
  2        5.1665947936       23.0638528771        2.8825994129
  1        5.1083639313       23.0554678975        3.4294438677
  1       15.6585098171       21.3419935015        4.0256494337
  2       15.6092422886       20.9645904510        4.4226880315
  1       15.5778382257       20.5801074213        4.8147168362
  1        0.5765287786       12.6953676460        3.2666317641
  2        0.3485909955       12.1963357349        3.3055100201
  1        0.1228053043       11.6958508716        3.3376926588
  1       22.7141196069       16.8082238830       21.1765793141
  2       22.1862347283       16.6563820566       21.1486219415
  1       21.6529109314       16.5256729165       21.1173034581
  1       26.3095469588       23.1501559898       23.6997467314
  2       26.5803310513       23.3707694612       24.1246063218
  1       26.8403451904       23.5898891479       24.5569016020
  1       20.0920914755       21.4285238566        6.6574348072
  2       19.7231238842       21.7964377615        6.4813601777
  1       19.3542590027       22.1638523821        6.3040322476
  1        7.4148683834       25.0903040264        1.1276287395
  2        7.3941918314       25.5927614982        0.9048980293
  1        7.3879488578       26.0913996871        0.6729045363
  1       14.0467214583        8.8429849625        6.6315547209
  2       14.1109642297        9.1566288842        7.0787687151
  1       14.1711625184        9.4476599609        7.5415614089
  1        9.5676890466       24.4880719706        8.6310541304
  2        9.5796676731       24.9497909004        8.3324370806
  1        9.5969315992       25.4024487850        8.0205031207
  1       16.5881783459       22.1668345721       27.3321438035
  2       16.6521810497       22.6816556725       27.5147989116
  1       16.7167523556       23.1911446465       27.7116529966
  1       11.1073878775        9.0864413127        9.0168919927
  2       10.7690791359        8.7966670314        8.6942806766
  1       10.4248473238        8.4978382417        8.3865375809
  1        2.6232941084        6.6677517871       14.0421458545
  2        2.5980727724        7.1772409161       13.8365133871
  1        2.5867950257        7.6861025219       13.6281083066
  1       18.3013919626       21.4361396111        9.7150971653
  2       18.0819450978       21.6100309627       10.1884943256
  1       17.8693380671       21.7780151776       10.6671168836
  1       25.4724468725       16.6878938981       23.9351310367
  2       25.4647597947       16.9442061937       23.4485666361
  1       25.4408998095       17.2145684825       22.9701996923
  1       12.6592936161       15.5859483675        0.9753858280
  2       12.2378100854       15.5716940383        0.6223299577
  1       11.8040707137       15.5663669763        0.2841853455
  1        1.5888907341       24.3611602556        2.7981303373
  2        2.0054191988       24.6751225315        2.6236834186
  1        2.4306584734       24.9705144610        2.4381701675
  1       24.1099890006       10.5909613065        8.3870716346
  2       24.5909602237       10.5303940222        8.6468759584
  1       25.0727105369       10.4645401385        8.9039360693
  1        9.0452564618       -0.3414684431        3.5606857281
  2        8.8316448800        0.0022538724        3.9331438626
  1        8.6065879587        0.3425092764        4.3020281821
  1       18.8549473993        2.7802473557       26.0976022635
  2       18.9368349020        2.8471611220       25.5578643783
  1       19.0255440450        2.9162315095       25.0194779293
  1       15.5068664387        1.3742069560       27.1662377896
  2       14.9805072062        1.4757608147       27.0432224566
  1       14.4548563954        1.5873092481       26.9259698612
  1       13.3356976647       24.0767349066       20.0500540624
  2       13.6503669724       23.7152578589       20.3199013726
  1       13.9563101059       23.3546720761       20.6007513170
  1       17.3850920646       15.1769618700        5.0210271913
  2       17.1049726946       14.7685767335        4.7817476083
  1       16.8170742884       14.3691990118        4.5365702398
  1       20.7983404983        6.4489599549       10.4477354307
  2       20.7233532133        6.4681498118        9.9032093464
  1       20.6577501207        6.4726537583        9.3571544520
  1       22.8364294805       24.9439225217        6.0845326059
  2       22.8665403739       24.4759763158        6.3719690032
  1       22.9235229760       24.0046175781        6.6495909088
  1       16.8803849833       20.2680226731       14.9645957626
  2       16.7305133637       20.7096012724       14.6729678520
  1       16.5924308340       21.1553852078       14.3819182052
  1        8.1017079722        9.1371660260        2.8850628295
  2        7.6671608063        8.8466609389        2.7139618212
  1        7.2245542419        8.5799071489        2.5257017784
  1        0.1684862665        9.7995460346        7.0887072172
  2        0.1247898012        9.9846400342        6.5726347124
  1        0.0814908944       10.1680329216        6.0559217820
  1       13.6306769693        9.7972834804       10.9349230056
  2       13.7650570092        9.2664541519       10.8833262147
  1       13.8898900852        8.7351435991       10.8153129906
  1       17.9018402161       12.0120584814       15.8659647562
  2       17.4884181281       12.1568483835       16.1985576928
  1       17.0817472039       12.2955284594       16.5419038663
  1       19.9542712990       14.3172280821        8.5368846028
  2       20.1198675289       14.6608763759        8.1406728680
  1       20.2821448611       15.0060676497        7.7444291918
  1       26.3091785909       12.6888166348       24.1107909648
  2       26.5628965797       13.0424268642       24.4470750528
  1       26.8024384555       13.3933454973       24.7963253952
  1       20.3948505296       27.8241126198       11.8736689112
  2       20.6083943880       27.8348413915       12.3804074177
  1       20.8242531472       27.8318409747       12.8862690515
  1       18.0979397157        6.4998117915       18.4821323296
  2       18.5279346291        6.3657298462       18.1664958197
  1       18.9572728937        6.2299559015       17.8506887751
  1        3.0793328814        1.8417310220       17.0067065003
  2        3.3251998795        1.9227747349       17.4919706921
  1        3.5795218044        2.0029015361       17.9730112863
  1        7.2688907194       15.1695543948       18.5207223069
  2        7.4670750390       15.2670026670       18.0170092837
  1        7.6644751841       15.3765217323       17.5154728882
  1       16.0674453019       25.2856472140       25.2870256213
  2       15.8117060430       25.7526226879       25.4249797377
  1       15.5481853699       26.2064494455       25.5895948278
  1        8.8934578186       16.5332956565        2.2927552174
  2        8.9639249483       17.0782759233        2.3157963206
  1        9.0344160602       17.6221504689        2.3574073859
  1        0.5153180507       28.2186544333       16.3918480017
  2        0.7823244840       27.8022096543       16.1514705680
  1        1.0452958419       27.3841416080       15.9094681453
  1        8.8675387393       17.5106923740       26.8536385085
  2        9.0966588423       17.8792947710       26.5157979376
  1        9.3222612879       18.2516234987       26.1796806158
  1        2.9602924509        9.2202081905       26.5594070800
  2        2.5946954012        8.8803065257       26.3285269044
  1        2.2271234569        8.5531540778       26.0828398259
  1        7.1040481967       18.0816755680       14.0839043826
  2        7.4215510294       18.5057322898       13.9360265686
  1        7.7372420117       18.9316859422       13.7897299908
  1       12.7462380791       13.3757077355       10.1335715614
  2       13.2883681971       13.3321637627       10.2154181102
  1       13.8346153576       13.3086566122       10.2750960168
  1        9.3750638274        3.7535879281        9.2910154431
  2        9.4549318026        3.8730207318        9.8219174227
  1        9.5288567078        3.9944130319       10.3532356107
  1        0.0024394550       11.7606927750       15.9566153151
  2        0.4943768841       11.9304037784       15.7785823375
  1        0.9912028450       12.0698449497       15.5882664861
  1        0.7031352646       15.7174100251       13.6683438595
  2        0.4586631967       15.2299405441       13.7398065290
  1        0.2040880424       14.7444148659       13.7840366719
  1       20.2538840592       25.7216663983        4.5096885160
  2       19.7422608060       25.8872355704        4.6251376217
  1       19.2320231526       26.0576082823        4.7397267796
  1       15.3678279632       21.7569380425       24.1167253678
  2       14.8318585702       21.6447443939       24.1681976414
  1       14.2973940286       21.5314841827       24.2315993558
  1       24.6666739534       15.8833493414        7.9911509611
  2       24.8081608507       15.7072684646        8.4926257687
  1       24.9287605793       15.5178020263        8.9946797232
  1        4.4403080871       16.4149720258       19.8904737053
  2        4.0009463543       16.0941029329       19.9711229024
  1        3.5616111925       15.7817180152       20.0802112969
  1       23.4850586215       11.8514213010       14.8547380446
  2       23.4086530083       11.3268405410       15.0012890886
  1       23.3192418487       10.8032089222       15.1438217911
  1       20.8517238857        3.2626249218        8.6288539010
  2       20.7447485461        3.3143178196        8.0918398220
  1       20.6250476284        3.3693281473        7.5578496038
  1        7.5377360250        0.1625547607        8.6985314556
  2        7.7633595673        0.2504236212        9.1923665298
  1        7.9651147273        0.3483727371        9.6945625324
  1        5.0034965395       14.0922086839        2.3964371026
  2        4.6745679963       14.2848389319        2.7929211514
  1        4.3367237188       14.4618759053        3.1891775750
  1       11.7429924366       11.7831242208        6.5383843849
  2       11.9724209726       12.2464897530        6.7258808660
  1       12.1878308979       12.7097690777        6.9295247474
  1       22.8417144330       24.3369126180       12.6914410798
  2       22.7196398442       24.5591915907       12.2033941014
  1       22.5975636099       24.7704963171       11.7104968458
  1       25.5675431576       17.9893488920       15.3156153035
  2       26.0088026341       18.3108719431       15.3820457332
  1       26.4509490242       18.6341815662       15.4318197853
  1       14.4229014501       22.4239785160       10.1403277612
  2       14.0826589881       22.2873210543       10.5502787402
  1       13.7243379725       22.1450260162       10.9425263289
  1       25.5445963934       18.6525953904       18.8678489339
  2       25.6291789666       18.9259078454       19.3375787395
  1       25.7304648598       19.1989106037       19.8041734895


Molecules in box 2
##############################################################################                                           
Moleculetype  1
Number-of-molecules: 4     
Atomtype         X                  Y                   Z
  1       38.0060390447       13.1901482380       38.8911718958
  2       37.6008733695       12.8249782554       38.8205202190
  1       37.1995197340       12.4556128041       38.7499197825
  1       40.7770461319       25.2205338479       44.7064748883
  2       41.1651347797       25.5183408906       44.4550824328
  1       41.5470965124       25.8154101737       44.1936343982
  1        7.7827101036       24.5253274862       35.9856022229
  2        7.7331122743       23.9828028295       36.0611472575
  1        7.6904072594       23.4383471197       36.1262952487
  1       17.8816699052       51.2323193106       41.8556055013
  2       17.9248236123       50.6881832679       41.9230867926
  1       17.9734473488       50.1415868909       41.9600750597


Number-of-fractionals:  1        
##############################################################################                                           
Fractional-type:      2
Box:                  1
Lambda:               0.105420
Reaction-Step         1 (only used if Type = 3 (RxMC))

Moleculetype  1
Atomtype         X                  Y                   Z
  1       19.6169336943       20.2682940023       24.1769181752
  2       19.1768834641       19.9526941284       24.2731081670
  1       18.7312336603       19.6401562354       24.3519517893

------------------------------------------------------------------------------                                           

