Compiled using GNU Fortran (Ubuntu 9.4.0-1ubuntu1~20.04.2) 9.4.0 with all optimizations
Last Brick update unknown
Compiled at 16:28:53 on Sep  3 2023
Starting at 15:05:01 on Dec 31 2024

Settings
OK                      

Forcefield
OK                      

Topology
OK                      

Configuration
OK                      Starting from random configuration.

 F
Monte Carlo Simulation initialized.

#########################################################################################################################
###########################################   ENERGY STARTING CONFIGURATION   ###########################################
#########################################################################################################################
                                               Box 1               Box 2
-------------------------------------------------------------------------------------------------------------------------
Lennard Jones        
 Intermolecular                          0.1917169569E+008   0.9862710800E+006
 Tailcorrection                         -0.4465362755E+004  -0.6704640302E+002
Total Intermolecular                     0.1916723033E+008   0.9862040336E+006

Electrostatic        
 Real                                    0.5631707552E+004   0.4656966080E+004
 Exclusion                               0.1043425830E+008   0.2037985693E+007
 Selfterm                               -0.1044989240E+008  -0.2038978394E+007
 Fourier                                 0.1546937563E+005   0.1142922282E+004
Total Intermolecular                     0.5466980244E+004   0.4807186750E+004

Intramolecular       
 Lennard Jones                           0.0000000000E+000   0.0000000000E+000
 Electrostatic                           0.0000000000E+000   0.0000000000E+000
 Bending                                 0.9343375086E+007   0.3104111324E+007
 Torsion                                 0.0000000000E+000   0.0000000000E+000

Total                                    0.2851607240E+008   0.4095122545E+007

#########################################################################################################################

Simulation is running...



#########################################################################################################################
###############################################   RELATIVE ENERGY DRIFTS   ##############################################
#########################################################################################################################
                                               Box 1               Box 2                                                 
-------------------------------------------------------------------------------------------------------------------------

Lennard Jones        
 Intermolecular                          0.2641884210E-014   0.0000000000E+000
 Tailcorrection                          0.0000000000E+000   0.0000000000E+000

Electrostatic        
 Real                                    0.3215848738E-014   0.0000000000E+000
 Exclusion                               0.1337080814E-015   0.0000000000E+000
 Selfterm                                0.0000000000E+000   0.0000000000E+000
 Fourier                                 0.4085234851E-015   0.0000000000E+000

Intramolecular       
 Lennard Jones                           0.0000000000E+000   0.0000000000E+000
 Electrostatic                           0.0000000000E+000   0.0000000000E+000
 Bending                                 0.2416855515E-015   0.0000000000E+000
 Torsion                                 0.0000000000E+000   0.0000000000E+000

Total                                    0.9873629123E-014   0.0000000000E+000

#########################################################################################################################
############################################   TRIAL MOVE ACCEPTANCE RATES   ############################################
#########################################################################################################################
                                               Box 1               Box 2
-------------------------------------------------------------------------------------------------------------------------
Translation
 N2                                           0.49604             0.99388
-------------------------------------------------------------------------------------------------------------------------
Rotation
 N2                                           0.49603             0.99932
-------------------------------------------------------------------------------------------------------------------------
Bond Bending
 N2                      
  Bending 1                                   0.30136             0.30540
-------------------------------------------------------------------------------------------------------------------------
Lambda Move
 N2                                           0.78512             0.90914
-------------------------------------------------------------------------------------------------------------------------
GE Swap Fractional
 N2                                           0.03632             0.30472
-------------------------------------------------------------------------------------------------------------------------
GE Identity Change
 N2                                           0.04210             1.00000
-------------------------------------------------------------------------------------------------------------------------
Volume                                        0.50365             0.50365

#########################################################################################################################
######################################################   AVERAGES   #####################################################
#########################################################################################################################
                                                       Boltzmann                                    Biased
                                               Box 1               Box 2                  Box 1               Box 2      
-------------------------------------------------------------------------------------------------------------------------
Density
 N2                                      0.9199819074E+003   0.2698149857E-001      0.9200435080E+003   0.2839285618E-001
 Total                                   0.9199819074E+003   0.2698149857E-001      0.9200435080E+003   0.2839285618E-001

Number of molecules
 N2                                      0.3999235262E+003   0.7647383372E-001      0.3999195240E+003   0.8047600000E-001
 Total                                   0.3999235262E+003   0.7647383372E-001      0.3999195240E+003   0.8047600000E-001

Mole fractions
 N2                                           1.00000             1.00000                 1.00000             1.00000

Volume                                   0.2022232525E+005   0.1317776747E+006      0.2022077317E+005   0.1317792268E+006

#########################################################################################################################
#######################################   PROPERTIES FROM THE CFC GIBBS ENSEMBLE   ######################################
#########################################################################################################################
                                                       Boltzmann                                    Biased
                                               Box 1               Box 2                  Box 1               Box 2      
Chemical Potentials (as an indication)
=========================================================================================================================

Total N2                                -0.1005749756E+004  -0.1007145819E+004     -0.1005745069E+004  -0.1003576787E+004
 Ideal gas                              -0.2746258560E+003  -0.1005212908E+004     -0.2746211691E+003  -0.1001643876E+004
 Excess                                 -0.7311239003E+003  -0.1932910622E+001     -0.7311239003E+003  -0.1932910622E+001

-------------------------------------------------------------------------------------------------------------------------

#########################################################################################################################
##################################################   AVERAGE ENERGIES   #################################################
#########################################################################################################################
                                                       Boltzmann                                    Biased
                                               Box 1               Box 2                  Box 1               Box 2      
-------------------------------------------------------------------------------------------------------------------------
Lennard Jones        
 Intermolecular                         -0.4002390041E+006  -0.3284520246E-001     -0.4001118281E+006  -0.4041539875E-001
 Tailcorrection                         -0.1057775400E+005  -0.6551562667E-003     -0.1057472729E+005  -0.7315785236E-003
Total Intermolecular                    -0.4108167581E+006  -0.3350035873E-001     -0.4106865554E+006  -0.4114697728E-001

Electrostatic        
 Real                                   -0.1051323017E+005  -0.1054908458E-002     -0.1050665056E+005  -0.1381311375E-002
 Exclusion                               0.1394111453E+008   0.1560906897E+004      0.1393657563E+008   0.1654552591E+004
 Selfterm                               -0.1394361922E+008  -0.1560940698E+004     -0.1393907929E+008  -0.1654588729E+004
 Fourier                                 0.1037676124E+004   0.3461337855E-001      0.1037879796E+004   0.3672895802E-001
Total Intermolecular                    -0.1198024920E+005  -0.2428745970E-003     -0.1197242558E+005  -0.7904742075E-003

Intramolecular       
 Lennard Jones                           0.0000000000E+000   0.0000000000E+000      0.0000000000E+000   0.0000000000E+000
 Electrostatic                           0.0000000000E+000   0.0000000000E+000      0.0000000000E+000   0.0000000000E+000
 Bending                                 0.2821226175E+005   0.5506883943E+001      0.2820724023E+005   0.6481991434E+001
 Torsion                                 0.0000000000E+000   0.0000000000E+000      0.0000000000E+000   0.0000000000E+000

Total                                   -0.3945847455E+006   0.5473140709E+001     -0.3944517407E+006   0.6440053982E+001

#########################################################################################################################

No errors found in bookkeeping.

Total simulation time :  1 days and  22 hours

Simulation finished.

