Compiled using GNU Fortran (Ubuntu 9.4.0-1ubuntu1~20.04.2) 9.4.0 with all optimizations
Last Brick update unknown
Compiled at 16:28:53 on Sep  3 2023
Starting at 15:06:47 on Dec 31 2024

Settings
OK                      

Forcefield
OK                      

Topology
OK                      

Configuration
OK                      Starting from random configuration.

 F
Monte Carlo Simulation initialized.

#########################################################################################################################
###########################################   ENERGY STARTING CONFIGURATION   ###########################################
#########################################################################################################################
                                               Box 1               Box 2
-------------------------------------------------------------------------------------------------------------------------
Lennard Jones        
 Intermolecular                          0.2337352907E+008   0.1717072904E+007
 Tailcorrection                         -0.4636799626E+004  -0.6962048891E+002
Total Intermolecular                     0.2336889227E+008   0.1717003283E+007

Electrostatic        
 Real                                   -0.8862628897E+004   0.1920682497E+004
 Exclusion                               0.1043425830E+008   0.2037985693E+007
 Selfterm                               -0.1044989240E+008  -0.2038978394E+007
 Fourier                                 0.1535395011E+005   0.1052353174E+004
Total Intermolecular                    -0.9142781728E+004   0.1980334059E+004

Intramolecular       
 Lennard Jones                           0.0000000000E+000   0.0000000000E+000
 Electrostatic                           0.0000000000E+000   0.0000000000E+000
 Bending                                 0.9343375086E+007   0.3104111324E+007
 Torsion                                 0.0000000000E+000   0.0000000000E+000

Total                                    0.3270312458E+008   0.4823094941E+007

#########################################################################################################################

Simulation is running...



#########################################################################################################################
###############################################   RELATIVE ENERGY DRIFTS   ##############################################
#########################################################################################################################
                                               Box 1               Box 2                                                 
-------------------------------------------------------------------------------------------------------------------------

Lennard Jones        
 Intermolecular                          0.1497280689E-014   0.0000000000E+000
 Tailcorrection                          0.0000000000E+000   0.0000000000E+000

Electrostatic        
 Real                                    0.4690118201E-014   0.0000000000E+000
 Exclusion                               0.0000000000E+000   0.4270610421E-015
 Selfterm                                0.0000000000E+000   0.0000000000E+000
 Fourier                                 0.5531037011E-015   0.0000000000E+000

Intramolecular       
 Lennard Jones                           0.0000000000E+000   0.0000000000E+000
 Electrostatic                           0.0000000000E+000   0.0000000000E+000
 Bending                                 0.8505781070E-015   0.0000000000E+000
 Torsion                                 0.0000000000E+000   0.0000000000E+000

Total                                    0.0000000000E+000   0.3588749098E-013

#########################################################################################################################
############################################   TRIAL MOVE ACCEPTANCE RATES   ############################################
#########################################################################################################################
                                               Box 1               Box 2
-------------------------------------------------------------------------------------------------------------------------
Translation
 N2                                           0.48970             0.98803
-------------------------------------------------------------------------------------------------------------------------
Rotation
 N2                                           0.50635             0.99900
-------------------------------------------------------------------------------------------------------------------------
Bond Bending
 N2                      
  Bending 1                                   0.34082             0.34373
-------------------------------------------------------------------------------------------------------------------------
Lambda Move
 N2                                           0.74282             0.98713
-------------------------------------------------------------------------------------------------------------------------
GE Swap Fractional
 N2                                           0.28731             0.28843
-------------------------------------------------------------------------------------------------------------------------
GE Identity Change
 N2                                           0.78163             0.77199
-------------------------------------------------------------------------------------------------------------------------
Volume                                        0.50215             0.50215

#########################################################################################################################
######################################################   AVERAGES   #####################################################
#########################################################################################################################
                                                       Boltzmann                                    Biased
                                               Box 1               Box 2                  Box 1               Box 2      
-------------------------------------------------------------------------------------------------------------------------
Density
 N2                                      0.8728156460E+003   0.3597110701E+000      0.8737141103E+003   0.3556228351E+000
 Total                                   0.8728156460E+003   0.3597110701E+000      0.8737141103E+003   0.3556228351E+000

Number of molecules
 N2                                      0.3989887100E+003   0.1011290038E+001      0.3990000370E+003   0.9999630000E+000
 Total                                   0.3989887100E+003   0.1011290038E+001      0.3990000370E+003   0.9999630000E+000

Mole fractions
 N2                                           1.00000             1.00000                 1.00000             1.00000

Volume                                   0.2126588340E+005   0.1307341166E+006      0.2124465552E+005   0.1307553445E+006

#########################################################################################################################
#######################################   PROPERTIES FROM THE CFC GIBBS ENSEMBLE   ######################################
#########################################################################################################################
                                                       Boltzmann                                    Biased
                                               Box 1               Box 2                  Box 1               Box 2      
Chemical Potentials (as an indication)
=========================================================================================================================

Total N2                                -0.1060211178E+004  -0.1060262123E+004     -0.1060118581E+004  -0.1061290860E+004
 Ideal gas                              -0.3578270542E+003  -0.1059303120E+004     -0.3577344571E+003  -0.1060331857E+004
 Excess                                 -0.7023841240E+003  -0.9590027780E+000     -0.7023841240E+003  -0.9590027780E+000

-------------------------------------------------------------------------------------------------------------------------

#########################################################################################################################
##################################################   AVERAGE ENERGIES   #################################################
#########################################################################################################################
                                                       Boltzmann                                    Biased
                                               Box 1               Box 2                  Box 1               Box 2      
-------------------------------------------------------------------------------------------------------------------------
Lennard Jones        
 Intermolecular                         -0.3870335192E+006  -0.8279748253E+000     -0.3863619441E+006  -0.1274843250E+001
 Tailcorrection                         -0.1039615857E+005  -0.1354514966E-001     -0.1037966852E+005  -0.1926742675E-001
Total Intermolecular                    -0.3974296777E+006  -0.8415199750E+000     -0.3967416126E+006  -0.1294110676E+001

Electrostatic        
 Real                                   -0.7594948293E+004  -0.1510864869E-001     -0.7589261564E+004  -0.1731720346E-001
 Exclusion                               0.1390765147E+008   0.2063914765E+005      0.1389977971E+008   0.2187253857E+005
 Selfterm                               -0.1391016250E+008  -0.2063960047E+005     -0.1390228880E+008  -0.2187305161E+005
 Fourier                                 0.1138249032E+004   0.4635436521E+000      0.1137549360E+004   0.4914914127E+000
Total Intermolecular                    -0.8967735086E+004  -0.4385064499E-002     -0.8960810729E+004  -0.3886639970E-001

Intramolecular       
 Lennard Jones                           0.0000000000E+000   0.0000000000E+000      0.0000000000E+000   0.0000000000E+000
 Electrostatic                           0.0000000000E+000   0.0000000000E+000      0.0000000000E+000   0.0000000000E+000
 Bending                                 0.3612768867E+005   0.9123876951E+002      0.3609058854E+005   0.1282164215E+003
 Torsion                                 0.0000000000E+000   0.0000000000E+000      0.0000000000E+000   0.0000000000E+000

Total                                   -0.3702697241E+006   0.9039286447E+002     -0.3696118348E+006   0.1268834444E+003

#########################################################################################################################

No errors found in bookkeeping.

Total simulation time :  2 days and  13 hours

Simulation finished.

