Simulation state at cycle:     790000
##############################################################################                                           

Number-of-molecules: 401   

Box-size(s):    28.244793   50.588669

------------------------------------------------------------------------------                                           

Deltas
Translation per molecule type
Box 1    0.5518162732E+000
Box 2    0.2531023091E+002

Rotation per molecule type
Box 1    0.9676491315E+002
Box 2    0.1800000000E+003

Volume    Delta_Volume
Box 1   0.3802476998E+003
Box 2   0.1760406018E+004

------------------------------------------------------------------------------                                           

Molecules in box 1
##############################################################################                                           
Moleculetype  1
Number-of-molecules: 395   
Atomtype         X                  Y                   Z
  1       11.7040913311        8.8133380410       18.3745740096
  2       12.1553211378        9.1267087369       18.3482972422
  1       12.6093624091        9.4366142622       18.3308304641
  1       15.4302342232       18.2188835101       10.5072264358
  2       15.5466320327       18.4075087905       11.0105871947
  1       15.6656944970       18.5674770148       11.5231633312
  1        5.7768020044        5.6381297015        9.6663196401
  2        6.0182877152        5.8596333496        9.2245948554
  1        6.2536683805        6.0700442558        8.7742358965
  1        6.7141033496       27.0386334633        1.8343237855
  2        6.2102366007       26.9068550945        1.6575392815
  1        5.6997233830       26.7919615909        1.4882001652
  1        9.7556969191       26.7601905167        4.6248971183
  2        9.2967262746       26.4632527866        4.5642841500
  1        8.8430219013       26.1573539000        4.5088025149
  1       26.4525261426        7.2140542134       14.8814873727
  2       26.3567615493        6.7502458284       15.1611495343
  1       26.2568100953        6.3050143343       15.4681977756
  1        1.1727645203       20.1300566142        6.6048820714
  2        1.0720888013       19.9994618231        6.0801827288
  1        0.9895764401       19.8661148428        5.5530107530
  1       21.6657303520       24.6826757468       13.8836710091
  2       21.1667706600       24.8043059776       13.6868327183
  1       20.6736100626       24.9795247246       13.5177439405
  1       28.2191797687       13.0529565952        2.0147944495
  2       27.8181500071       13.3529063002        1.7874064446
  1       27.4049566911       13.6375513802        1.5621322538
  1        7.8342482981        2.4679711607       14.7049749590
  2        7.5535792124        2.6736982557       14.2790627300
  1        7.2850520503        2.8883130391       13.8497217736
  1        9.8881222577       14.3528438911        0.5968481676
  2       10.1938887582       14.5051548740        1.0279029340
  1       10.5055261317       14.6660058999        1.4515880693
  1       24.6479462814        7.4724782100       25.4124949400
  2       24.5766274467        6.9852564110       25.6575021693
  1       24.5206675781        6.4918758985       25.8940273517
  1       12.8668688829       23.4985394518       27.2348686494
  2       12.7463524595       24.0351375462       27.2410554699
  1       12.6427096119       24.5748923675       27.2616198085
  1        6.4169017251       11.7953722340        2.0881193739
  2        6.7672087001       12.1597371393        1.8712709495
  1        7.1141990389       12.5321771996        1.6629776342
  1       10.8748827100       12.2043183518       19.1791972089
  2       10.5538181765       12.6184621176       19.0121567751
  1       10.2230512020       13.0254124776       18.8463719385
  1       21.0514454731       14.5952251495        2.4759720878
  2       21.0261528648       14.7241133287        1.9418858389
  1       21.0232729922       14.8502975406        1.4065642067
  1       16.1713805995       11.9635605524        8.7241290332
  2       16.4834474898       11.6457684570        8.4014489438
  1       16.8037953718       11.3293405941        8.0856156950
  1       21.4692706775       17.2682165408       16.1938189274
  2       20.9329383253       17.1686416421       16.1235875423
  1       20.4007442306       17.0678205539       16.0281697622
  1       18.9648773367        5.9905594509        2.2947941522
  2       19.2596931547        5.9885512207        1.8304886488
  1       19.5743815387        6.0080311162        1.3798316244
  1        3.9739420290       14.1112224126        0.3134219346
  2        4.0478688906       14.5262914147        0.6666251942
  1        4.1323907995       14.9430943189        1.0153821081
  1        1.7970380100       12.6800984265        7.8589067651
  2        1.7564183220       13.2198373198        7.9565385636
  1        1.6958790829       13.7627224030        8.0206539743
  1        2.7749146354        6.8263123241       16.4702263789
  2        2.2874918209        6.9662211374       16.6831689154
  1        1.8038406492        7.1210236850       16.8943979719
  1       16.4659761451        6.4948686432        4.2853734493
  2       16.4750288981        5.9569905439        4.3998513856
  1       16.4897951171        5.4201175518        4.5183813318
  1       13.5535918397        6.0836796357       20.8570951210
  2       13.2711473269        6.0913873554       21.3289697742
  1       12.9826414950        6.0880567647       21.7972146792
  1       17.4606671539        7.5398162493       13.1753214127
  2       17.6535972945        7.1415567348       12.8487217802
  1       17.8584083142        6.7551449292       12.5151976257
  1       23.5067999528       23.3687892628        8.0761992470
  2       23.9759822015       23.5201080161        7.8323331928
  1       24.4422663137       23.6715477035        7.5830439095
  1       23.6752136809       13.3313238802        6.7616814083
  2       23.2863224936       12.9988279429        6.9634488389
  1       22.9104219065       12.6519266214        7.1655830041
  1        9.2515839387       27.6675170242       14.7443434072
  2        9.6078450122       27.3440416829       15.0106923344
  1        9.9416199936       27.0115562271       15.2945015704
  1       23.4360058235       22.1202308097       22.0751178472
  2       22.9268022302       22.2476965672       22.2393255851
  1       22.4136810708       22.3523051478       22.4074437568
  1       13.9212688145       27.2961300411        4.1452142273
  2       13.5939811480       26.9434357573        4.4116528234
  1       13.2548128874       26.6007955587        4.6763462014
  1       19.9511029564        7.1036360130       19.6586776413
  2       19.6605746536        6.6397189081       19.6050658420
  1       19.3673954814        6.1760146811       19.5660227663
  1       14.2412980566       18.8197913190       24.6391136229
  2       14.0028016558       19.2912499322       24.4863188493
  1       13.7700115640       19.7647600334       24.3310869060
  1        4.3310337610        1.4493822274        2.1012046076
  2        3.8989013752        1.6925648239        1.8632469939
  1        3.4664419652        1.9251980620        1.6155362066
  1       21.7413279969       16.6346389187       12.5573563866
  2       21.6439511508       17.1708631039       12.6313926824
  1       21.5326408635       17.7033810395       12.7122299704
  1       21.6713086057        7.1507915800       10.7632801107
  2       21.7007832215        7.0156382137       10.2309598925
  1       21.7388538432        6.9004607949        9.6945041265
  1       19.2651495174       23.2030038407        3.0951108681
  2       18.7535428622       23.1064587158        2.9178041584
  1       18.2468005071       23.0197105801        2.7223893548
  1        3.7276568952       12.8051127822       24.7332172492
  2        3.1895461539       12.9129349071       24.7694280143
  1        2.6484168948       13.0088729510       24.7912228688
  1        0.2244819055       23.5995525637       16.7172019019
  2        0.1520806013       23.1225403958       16.9812425103
  1        0.0745193428       22.6501875896       17.2521060859
  1       21.2249300859        3.3388290484       14.2442145683
  2       21.1915411356        3.8507197052       14.0458383260
  1       21.1590723904        4.3519600909       13.8217761578
  1       10.4958502244       15.5690379065       15.8532490117
  2       10.1142409103       15.1925051037       15.9761204071
  1        9.7475442639       14.8062131819       16.1132776879
  1        3.3383996789       17.3779546986       13.3938404917
  2        3.6993643153       17.6717477331       13.6869107634
  1        4.0646038014       17.9496380876       13.9900230655
  1       18.6038371532       24.7989602648       22.4621386018
  2       18.9098414350       24.8971181206       22.9084864649
  1       19.2483372506       24.9846519427       23.3330549656
  1        7.9652868532       11.8413102817       21.4637771038
  2        7.7134495427       11.4493221980       21.7560497698
  1        7.4872188536       11.0409708144       22.0468569598
  1       14.1325172214       10.1989448702       26.3740694728
  2       14.1969023013       10.6451523822       26.0590243685
  1       14.2625181378       11.0786870371       25.7269968636
  1        2.0293761361       20.7879877629       19.7883196300
  2        2.2953665441       20.3065884283       19.7902647680
  1        2.5424392675       19.8154881522       19.8068655840
  1       13.1890916471       14.7455266434       18.2585449206
  2       13.2970279983       14.5480081308       18.7603777427
  1       13.3962015613       14.3497940784       19.2637422158
  1        2.1992214414       15.3724050744        5.2900609995
  2        1.9375049105       15.2399946663        4.8247955470
  1        1.6686886007       15.1251522363        4.3589103607
  1       17.4186196146       26.1263827928        3.4256403650
  2       17.6757824627       26.5768133984        3.2426662162
  1       17.9234698156       27.0313315267        3.0567515980
  1       28.4631570864        0.9034714475       12.6020288952
  2       28.1590299838        0.8716951173       13.0591907596
  1       27.8670515843        0.8524084688       13.5248909190
  1        9.9021552391       12.6829141543       13.3130603914
  2       10.0321809861       12.9892420399       12.8751602526
  1       10.1536613239       13.3185018112       12.4516858974
  1       10.1733958783       -0.0178868485       11.1656053888
  2       10.3589531751        0.2476523884       11.6100796888
  1       10.5409393494        0.5485493610       12.0329768905
  1        7.9477589657       17.4098505066        0.1114772808
  2        7.5976929016       16.9856605817        0.1073958209
  1        7.2352750905       16.5726196848        0.0839320901
  1        0.4226940072       15.4581205520       24.6268898668
  2        0.3147142246       15.8223082904       24.2291366044
  1        0.2022994621       16.1950277405       23.8406226000
  1       18.7089810857       17.6028213280        9.0922159302
  2       18.9185918811       17.2016237967        8.7797997729
  1       19.1365439148       16.8086702571        8.4626492948
  1        8.9243931648       21.6442177477        5.2320531139
  2        8.7762170410       22.1303622445        5.0217976395
  1        8.6022406856       22.6035538363        4.8019751105
  1        5.8669537293        8.9993438506        6.4463437852
  2        5.9115945125        9.5440874133        6.3850114827
  1        5.9647447737       10.0871705270        6.3161944761
  1       15.1091546493        9.7354823830        4.1102566271
  2       15.3024160484        9.7839143012        3.5976121294
  1       15.4829953081        9.8432199151        3.0814978261
  1        2.1755865740       22.7764713409        9.7270938894
  2        2.2446449331       22.8937902930        9.1942081545
  1        2.3073217177       23.0177882919        8.6620464159
  1       17.7938002242       28.3541137235       14.3446995145
  2       17.8445014926       28.0220287601       14.7801865504
  1       17.8939002479       27.7063450708       15.2278511238
  1       27.8334820226       12.0550907131       25.4258062782
  2       27.8244847388       12.1538337020       25.9667950682
  1       27.7986021434       12.2664131109       26.5045273129
  1        8.4037675340        4.5516869046       26.3985599696
  2        8.3208196825        5.0768352638       26.2577094998
  1        8.2218283718        5.5939663788       26.0987248175
  1        6.9267287298        8.9117069505       24.6315783153
  2        6.4120597771        9.0941981625       24.5659062004
  1        5.8939178990        9.2749479025       24.5290480316
  1       27.4081264041       19.2840780049       18.2065506648
  2       27.6931491234       19.2797238030       17.7361858167
  1       27.9796262901       19.2697170003       17.2667918501
  1       17.5544416336       19.6251033751        0.0019784466
  2       17.5333293849       19.5636288050        0.5481241691
  1       17.4942317371       19.5011890300        1.0931678805
  1        4.1639490023        3.2063380302        6.8764187013
  2        4.1138160818        2.6646487257        6.7954286546
  1        4.0733854881        2.1188117323        6.7413237307
  1       26.7715505841       22.7540920321        9.4932936406
  2       26.7187318544       22.3707690604        9.8841563802
  1       26.6586154216       21.9891957831       10.2756762998
  1       21.5870354046       24.4522656378       17.9405118472
  2       21.5385818266       24.1232107211       18.3785473624
  1       21.4874174200       23.7895753454       18.8127934200
  1       24.9654891916       18.4083825458       15.5046602489
  2       24.6201598360       18.6627940317       15.1603893788
  1       24.2767945799       18.9226905997       14.8182577172
  1        6.7251594756       22.7607551953       -0.1343931558
  2        6.8349269568       22.7171468783        0.4027748018
  1        6.9471853025       22.6292744286        0.9339776777
  1        6.5349668632       19.3805109726        2.6383313102
  2        6.9878712505       19.5552734684        2.8968572972
  1        7.4411550163       19.7012172330        3.1720558515
  1        1.8799455197        1.2429057488        4.2520930338
  2        1.3983742639        1.1626870422        4.5053796002
  1        0.9132774981        1.0874076434        4.7534000408
  1       22.9106929557       12.8281449154       11.3251463461
  2       22.9646697804       13.3100233757       11.0655704384
  1       23.0111966988       13.8028027428       10.8257710635
  1       28.4354864349        1.2169907294        8.0262693607
  2       28.0036003468        1.5389144334        8.1373528235
  1       27.5769347650        1.8646211450        8.2572345083
  1       16.7450520377       23.3983643394        5.7455364443
  2       16.3130944129       23.6493976398        5.9755253406
  1       15.8995980733       23.9145521836        6.2229396571
  1       25.3949406585       19.3866850787        6.2922899858
  2       25.6031378337       19.6650800586        6.7184943633
  1       25.8136782250       19.9559171821        7.1351315078
  1        4.8440911571       14.6614225105       10.6990734396
  2        4.5449140648       14.4487933866       10.2894615220
  1        4.2404197783       14.2592234788        9.8725125100
  1       25.7043354997       18.8907802226       22.2551533042
  2       26.1843365481       18.6465234015       22.1436293210
  1       26.6786594297       18.4339385283       22.0298200093
  1       11.3456723630       10.8405604069        1.1062546381
  2       11.8515424495       10.7356788743        1.2949218574
  1       12.3562484254       10.6357582872        1.4893125803
  1       19.8415840011       10.0175995007       21.5320978711
  2       20.2406569780       10.3081935457       21.2896192944
  1       20.6195718568       10.6095186618       21.0286083979
  1       21.5503637248       11.5885064207        2.8069973320
  2       21.4058489709       11.4413808813        2.2971252289
  1       21.2501835945       11.2943116143        1.7905298082
  1       27.0228305967       10.6070505168       12.8388412503
  2       27.1803445299       10.5966822408       13.3657016300
  1       27.3179066371       10.5892813558       13.8981693685
  1       21.5335930309       14.1333859887       17.3982468928
  2       21.5950248859       13.6102398935       17.5565007719
  1       21.6337942321       13.0814082182       17.7025623889
  1        3.1497101017       28.2552257942        8.9043998547
  2        2.9123577068       28.0778547734        9.3677607957
  1        2.6613030478       27.9048631987        9.8255221661
  1       18.0609559190       14.0534136636       11.1641445365
  2       18.3700553627       13.7040602946       10.8727517476
  1       18.6820775514       13.3608713882       10.5771785294
  1       27.0347885315       21.7093517735       23.7654978613
  2       26.7579073719       22.1794629318       23.6959829545
  1       26.4718370058       22.6465919827       23.6464431278
  1       27.8201900426        5.7955736478       22.9512284599
  2       27.7106509630        5.2878461873       22.7703582968
  1       27.5927564239        4.7890976212       22.5707317843
  1       21.2907836255       10.0210952271       13.7539620852
  2       21.1353183285        9.4938770316       13.7732368287
  1       20.9817339578        8.9664032049       13.7993749667
  1        1.9643635495        7.6608973789       12.1305474847
  2        1.6839404267        7.2514407344       12.3676300198
  1        1.4138731110        6.8420755742       12.6165954986
  1        4.5376133259        7.7633573828        2.6203170885
  2        4.0535845930        7.9450734295        2.8079216305
  1        3.5663617189        8.1228983223        2.9909303117
  1        8.2288818452       18.0637160492       19.3823803774
  2        8.5015309769       17.6543757487       19.1362036739
  1        8.7819389380       17.2497657481       18.8909239933
  1       18.4678383756       24.5937890913       15.9866333503
  2       18.6142999518       24.2111654206       16.3535776694
  1       18.8034120206       23.8236186597       16.6949632761
  1       26.0712451664       27.5658347650        6.2913102359
  2       25.7418521251       27.1257275252        6.3087985697
  1       25.4033728350       26.6931398771        6.3370774647
  1       13.2095435081       16.2675041559        3.7216050177
  2       13.4615004759       16.4930435885        4.1553672229
  1       13.6959825183       16.7340210530        4.5906235065
  1        0.0851254530       25.9525541386       20.1118228806
  2        0.5028975727       26.1332599208       20.4205490963
  1        0.9270733326       26.3234202643       20.7145116235
  1       22.4738528571        6.0099233015       17.4979396574
  2       22.6399091952        5.6966955272       17.0774475006
  1       22.8120383354        5.4035311496       16.6450978668
  1       10.7556934102       18.2486273716       12.9812510995
  2       10.9402711838       17.7939887830       12.7327862141
  1       11.1115841675       17.3473807168       12.4613214912
  1       14.4515674911        1.6748627821       23.7359523086
  2       14.6486780767        2.1867042432       23.6951388815
  1       14.8504809134        2.6980464992       23.6776828991
  1        2.0096467586        9.4380220733       23.9145408796
  2        2.2371250650        8.9893948059       23.6920837038
  1        2.4485431391        8.5393642398       23.4569775862
  1       16.6216309674       18.8051454414        7.2319714286
  2       16.3817144543       19.1884612951        6.9189075005
  1       16.1255936689       19.5661624245        6.6119156453
  1       24.9543954873       10.2140401735       15.9950994602
  2       24.6762681931       10.6638952649       15.8441835730
  1       24.3851153989       11.0997215175       15.6774936604
  1        4.9864102303       23.2265900136       21.0335742481
  2        5.1056400032       23.7360420700       21.2031114519
  1        5.2049763105       24.2527079316       21.3633883514
  1        3.5454846501       16.3998144458       21.0016903592
  2        3.5593044936       16.2249258168       21.5229609026
  1        3.5963995893       16.0363345745       22.0382834192
  1       26.1775908103       16.9307311737       11.5332180553
  2       25.6710593302       17.0698988643       11.6961849646
  1       25.1548695437       17.1965558940       11.8376278864
  1        5.7908231832        4.9486694926       18.3286615962
  2        5.6166191771        4.4322236517       18.2549279019
  1        5.4327319392        3.9167984867       18.1999517075
  1       18.2407142738       26.0668384565       10.7403750268
  2       18.0178831906       25.6679451106       10.4342208060
  1       17.7924540582       25.2838184942       10.1115314076
  1       12.4453758276        9.8994009758        6.4107740723
  2       12.5742200123        9.4121905138        6.6310583018
  1       12.7003935391        8.9234470124        6.8494845592
  1       24.6736210141       16.2895859457       23.6803909566
  2       24.2756501394       15.9945161398       23.4415332740
  1       23.8725845694       15.6856060923       23.2303160214
  1       12.0952556129       28.1336194638       25.5648911651
  2       12.4518149442       27.7209503528       25.6360926262
  1       12.8141992691       27.3108443134       25.6907793390
  1       16.3897725402        7.8728389473       20.2516364324
  2       16.1923202600        7.8897609062       19.7385806417
  1       15.9618160200        7.9094329165       19.2396008762
  1       26.3572385500       23.3418390387       13.5832825038
  2       26.9044925700       23.3486252147       13.5288124622
  1       27.4506780725       23.3830933904       13.4741010310
  1       12.8630635720       18.2327375699       -0.0433486143
  2       13.0577040003       17.7505786036        0.1359216701
  1       13.2501546052       17.2693324250        0.3199457971
  1       26.6260141959       23.3033722877        5.0288396204
  2       26.9816363786       23.0362441222        5.3523754088
  1       27.3339576570       22.8003285277        5.7026803446
  1       14.1829927155       17.0862559905       16.3401619239
  2       13.9342376764       17.0390309704       15.8519091942
  1       13.6700405976       16.9859992944       15.3724432998
  1       10.5502928970       26.9228347364        0.3321213851
  2       10.5851199805       27.1479364635        0.8327372925
  1       10.6162591713       27.3579456758        1.3401094247
  1       27.3548896338        6.8285951392       19.5580466889
  2       26.8265215338        6.8951544475       19.4205802955
  1       26.3003757653        6.9805627086       19.2850219749
  1       28.3218259133        7.5773205082       26.4336220801
  2       27.8988737728        7.6152795518       26.7831511888
  1       27.4764416256        7.6498187717       27.1336624187
  1       21.2190538719        8.8814914749       27.5358204147
  2       21.5246207902        8.4373555091       27.4268612376
  1       21.8366580592        7.9959238083       27.3255163057
  1       23.7534769122       12.8060771219       21.3155464479
  2       23.6265981090       12.4784847892       21.7387308436
  1       23.5234418126       12.1373853606       22.1576699291
  1       18.7515782874        2.3049855691       11.8311720175
  2       18.3778907910        2.1976181490       11.4421605881
  1       17.9918316081        2.1043821072       11.0616801724
  1       15.5193026317       23.2203411166       22.3994047084
  2       15.7472775083       22.7467493023       22.5613869576
  1       15.9623347137       22.2667918481       22.7222945072
  1        0.9098306325        1.2754396237       20.0571078495
  2        0.8445462059        1.5924667583       20.5017782213
  1        0.7843451552        1.9160525738       20.9424232626
  1       13.5504267811       14.5589681826       12.1719335921
  2       13.8442222985       14.8542073358       12.5311243999
  1       14.1409611298       15.1223938510       12.9086453372
  1       19.0238301489       13.8638062025        6.3033384912
  2       19.2436032868       13.6800544178        5.8338333800
  1       19.4293021187       13.4750127604        5.3584662992
  1       14.9788384508       26.8670358786        0.8368978150
  2       14.5518209748       27.1302192728        0.6113084176
  1       14.1365872921       27.4104288204        0.3842322251
  1        2.8477262008       11.9373061239        4.1508809246
  2        3.1193735407       11.6307458468        4.5179347616
  1        3.3870747815       11.3160116689        4.8809477668
  1        2.3642789704       26.8259333753       24.0197763222
  2        2.7467839665       27.0494266462       23.6938304895
  1        3.1344737449       27.2834457660       23.3816899984
  1       26.6427250330       26.3104844755        1.9847816972
  2       27.0414757068       26.5646517351        2.2656676248
  1       27.4384673990       26.8224116938        2.5457701043
  1       15.0310530378        3.5180117193       11.2174003919
  2       15.2887816814        3.9299323218       10.9597235333
  1       15.5325009495        4.3478259817       10.6980638184
  1        9.8224312878        3.9191870206       18.3557230731
  2       10.2481630360        4.2394510458       18.4924104271
  1       10.6622407222        4.5694892869       18.6411196337
  1       20.3707795754       27.8655078068        8.7471760649
  2       20.3108508175       27.3568417722        8.5467579789
  1       20.2542347896       26.8467412205        8.3490408793
  1       18.4730267852        9.3192578411        1.0197157981
  2       18.5088542978        9.2132012151        1.5582029210
  1       18.5497695141        9.0866241162        2.0918734018
  1       -0.0820760838       15.5949614785       15.3269599190
  2        0.1546054525       16.0907482597       15.3009345877
  1        0.3845816308       16.5876057631       15.2485554151
  1       12.4997744987       27.2624832455        8.9999437972
  2       12.9166903212       27.0749751509        8.6941302733
  1       13.3327488613       26.9110210911        8.3739516412
  1       22.8230417461        3.9286655450       19.9642329290
  2       22.4895367561        3.7739864627       20.3733158095
  1       22.1565216949        3.5933190400       20.7720140041
  1       18.1167983726        2.9528381558       24.0322101473
  2       18.2125010553        2.4598585458       24.2565137378
  1       18.2840610582        1.9675573022       24.4910742854
  1       13.0190089397        6.5372167326       11.9969044172
  2       13.2920996878        6.5142484631       12.4737627839
  1       13.5343043553        6.4868397425       12.9667999631
  1        5.0631447579       24.3569418178       24.5143874054
  2        5.4943787623       24.1873020051       24.8106298187
  1        5.9179821078       24.0162818298       25.1169177621
  1       18.2728675615       24.9711419772       28.2126674421
  2       18.0386216902       25.1858504571       27.7637474710
  1       17.8016567773       25.4085330585       27.3201709973
  1       14.7116360009       21.0250402460       19.5110275010
  2       14.1841809524       20.9332727627       19.3850517065
  1       13.6536787549       20.8467386000       19.2685216411
  1       13.4606553873        2.8558972662       20.0689151085
  2       13.5061425176        2.8239264757       19.5217325159
  1       13.5586416892        2.7695708177       18.9769487989
  1       25.4310454332        3.0645965986       14.7345874433
  2       25.0477203931        2.6770864138       14.8080569626
  1       24.6429743629        2.3132528815       14.8874660981
  1        8.4332005595       22.4912119090       22.7704666191
  2        8.1077558841       22.0874734228       22.9537178074
  1        7.7720208394       21.6877698338       23.1269777846
  1       22.1196428808        5.9503959703        6.4702037626
  2       22.0451485843        5.4698423190        6.7271449778
  1       21.9713082924        4.9792528476        6.9645677669
  1        7.8822471111        1.0656446631       27.7355839725
  2        8.2551954846        1.0315444129       27.3327854078
  1        8.6354937389        0.9747277959       26.9395359847
  1       23.7875349070        9.4646912277       11.3835615022
  2       23.9362873634        9.1607851559       11.8171670905
  1       24.0963556158        8.8700369696       12.2557370914
  1       16.7202906219       12.5027689207        2.2721695568
  2       17.1056396077       12.8936073072        2.2367928014
  1       17.4694147805       13.3035820916        2.1910948939
  1       17.6985098902       13.0511619467       26.8382419582
  2       17.5000092374       12.5759683186       26.6451396363
  1       17.3458531511       12.0830404119       26.4560418342
  1       21.4283278697        3.4198620518       10.4890083083
  2       21.9484184044        3.2446448914       10.4528865374
  1       22.4711276533        3.0757576377       10.4254614445
  1       13.1314960965       20.7734563110       12.3225344826
  2       12.7665869489       20.9570576757       12.6908167832
  1       12.4370895366       21.1398246879       13.0914758321
  1        5.7677726608       24.2031739639        4.6595944675
  2        5.7726127922       24.0619212952        5.1911245764
  1        5.7993238469       23.9183751463        5.7213896250
  1       24.5235959032       26.1707876570       22.1132944671
  2       24.0262563696       26.3023041447       21.9187262226
  1       23.5331103070       26.4563094131       21.7300748582
  1       24.1917112166       22.9196515517       16.1817874147
  2       24.5704912662       22.5572861590       16.3482716370
  1       24.9485957697       22.1930076600       16.5120951963
  1        5.4775079155       25.4600403394        9.3555088252
  2        5.5907909301       24.9312944047        9.2550364656
  1        5.7091267903       24.4032103054        9.1569354599
  1       20.3597063027        0.9252970406        5.4911416765
  2       20.3033798143        1.4003280647        5.7625691121
  1       20.2334349515        1.8804664324        6.0215572645
  1       27.9487716749       17.4993556986       27.6227330700
  2       27.5886123417       17.5381034151       28.0365976242
  1       27.2440651882       17.5956480289       28.4614221473
  1       22.1750724580       25.0941284330        4.9443728635
  2       22.2630481583       25.5239261769        5.2760868600
  1       22.3596411041       25.9448033975        5.6167218068
  1        6.9477290512       25.5992848520       16.0778621571
  2        6.8676672680       25.1028387313       15.8550811883
  1        6.8087247254       24.6005375126       15.6389347995
  1        8.5088678686        9.2767956450       12.4465580742
  2        8.7711497763        9.4103923590       11.9819505851
  1        9.0262437470        9.5378602227       11.5116538609
  1       25.5003556671        1.7183620290       11.3497710724
  2       25.3897335449        1.5184879140       10.8494580861
  1       25.2822720601        1.3450379844       10.3387065319
  1        4.1679300551       18.3070125892       28.2013501023
  2        4.2666262222       18.8210541570       28.0324704613
  1        4.3736349574       19.3362804123       27.8724984782
  1        0.5246312422       16.6951404546       20.0202720448
  2        0.6369420533       16.6071253621       19.4891038745
  1        0.7170868030       16.5098207993       18.9537454523
  1       23.0000156097       21.5244993197        5.1532714283
  2       22.9642406791       21.2189995767        4.6973218024
  1       22.9311743389       20.9099889511        4.2435387602
  1        4.6168647125        9.8052521177       13.9213772362
  2        4.3072185532        9.4158693999       14.1558987814
  1        4.0073220231        9.0167409470       14.3866769180
  1       13.9257154506        5.7648354668        7.9560343286
  2       13.3835032515        5.6986824359        8.0202971302
  1       12.8434070188        5.6346933370        8.1021595368
  1        3.7970696188        7.9002962711       27.7118170142
  2        3.7402661405        8.3755553519       27.4408886640
  1        3.6766317775        8.8688281046       27.2060852180
  1        4.9699789418       17.7140165041        6.1419611048
  2        5.2726460560       17.3833928076        5.8232440057
  1        5.5857088099       17.0548573039        5.5125091768
  1       24.6381589306       22.8831149830        1.3143800750
  2       24.1099017221       23.0362303669        1.3144098277
  1       23.5731192830       23.1560827580        1.3142818691
  1       24.4181881613       26.2116467185       14.8543230460
  2       24.7315438868       26.3073855694       14.4125739523
  1       25.0703289396       26.3763327033       13.9848228802
  1       21.9075552115       27.0052039581        1.2747645896
  2       21.3781757102       26.9938848080        1.1260056556
  1       20.8506912334       26.9948397815        0.9702519598
  1        7.0331658265       16.0105347093       14.0740527770
  2        7.4396562913       16.3634159011       13.9611795448
  1        7.8532134952       16.7104144119       13.8560012601
  1       23.5174320814       25.6284316240       10.1707388981
  2       23.1819371840       26.0320887393       10.3350681625
  1       22.8433200931       26.4303204321       10.5060944281
  1       23.6566658787       19.9787997107       18.2640929505
  2       23.5609416303       20.1990837340       18.7588775677
  1       23.4749684494       20.4365845828       19.2474489115
  1       18.1117344663       16.1809142601        3.8376676918
  2       17.6372719138       16.3692925527        3.6329754713
  1       17.1581997361       16.5521597328        3.4341050562
  1       19.2169010760        9.3251389217       10.0797861861
  2       19.5365652320        9.7376186234       10.2534966437
  1       19.8664088019       10.1286235087       10.4555322793
  1       12.5665532094        2.3578546645        8.7551877843
  2       12.5360626127        2.3845012993        9.3036951045
  1       12.5002231122        2.4247583979        9.8510477287
  1       16.7548271332       27.4331020260       23.9450723166
  2       16.6265930419       27.0165862459       24.2805877750
  1       16.4767354110       26.5947581455       24.6001245382
  1        1.0394205940        9.7942372775       18.8601874098
  2        0.5840959487       10.0580006758       18.7001613582
  1        0.1324415817       10.3389774912       18.5603029982
  1        4.1418503441        2.8125987616       11.4855482326
  2        3.8712091869        2.9285873533       11.0210054352
  1        3.5787115213        3.0432200887       10.5695583723
  1        8.3573842028        9.6834253405       27.7661393582
  2        8.5249765141        9.2930432610       28.1154453118
  1        8.6847421389        8.8883619394       28.4519092357
  1        9.6183016575        2.8162220737        2.1780871891
  2        9.3221045286        3.1499539241        1.8565435484
  1        9.0230022473        3.4774855570        1.5313346097
  1        8.7539832445        9.9867382172       16.1577485312
  2        9.2129810025       10.2708123971       16.2632137787
  1        9.6672091509       10.5575443429       16.3813729063
  1       14.0905063295       22.6440295160        9.7478723585
  2       13.6134050782       22.6518732491        9.4743529409
  1       13.1302306581       22.6702167861        9.2122346596
  1       21.0049731351       23.1736740863       10.9790426555
  2       20.8051615790       22.6769178925       10.8533102969
  1       20.6272860244       22.1746789141       10.7168687540
  1        1.5349498137        4.7112234846        4.5372865212
  2        1.2689157219        5.1856903795        4.4560028966
  1        1.0271405530        5.6724070456        4.3714354463
  1       15.9890456643        8.3415396077        9.2930823233
  2       15.8017882333        8.0750408030        9.7362674332
  1       15.5885370244        7.7962535827       10.1597076376
  1       28.0725724171       24.3317170488       26.7778277161
  2       28.2335255985       24.6026786779       26.3270795946
  1       28.3775677859       24.8809948507       25.8750929187
  1        9.3901375293        4.4369183869       10.9546988779
  2        9.8305601488        4.6626733413       11.1946209838
  1       10.2719470921        4.8748350266       11.4449507352
  1        7.2764318715        2.2050754763        4.7749940629
  2        7.1621953518        1.6757258332        4.6788744869
  1        7.0490356338        1.1457069883        4.5852000441
  1        1.5064848430       25.5241842614        6.7722554856
  2        1.0925736141       25.6675085467        6.4396361178
  1        0.6772774156       25.8116281347        6.1090932146
  1       10.9371181634       10.8174790954       25.5024499028
  2       10.6011427398       10.8847975325       25.0722304905
  1       10.2818199811       10.9555522760       24.6300464326
  1        9.6013062438       27.2265620563       22.1053800736
  2       10.0659647269       27.2383016603       22.3994118335
  1       10.5373375974       27.2522468970       22.6824544916
  1        6.3585407389        0.3060669332       17.5091178559
  2        6.8894500766        0.4116639205       17.6065065178
  1        7.4216407235        0.5102866060       17.7042136324
  1        5.3120936384        8.8141901353       10.7450683233
  2        5.3993586224        9.3068192634       10.5165921436
  1        5.4696602512        9.8058557658       10.2963190192
  1       17.1390060600        1.4158363764       27.7418405380
  2       16.9137021134        1.0663814658       27.3818135987
  1       16.6844888502        0.7129715013       27.0281715820
  1       13.0943806620       13.9775159796       26.5544734171
  2       12.9007037061       14.3794050886       26.2327990774
  1       12.7122251877       14.8018461602       25.9352769973
  1       13.5443487165       10.3791218738       12.4284843299
  2       13.9407080894       10.3677789940       12.0473405425
  1       14.3306947329       10.3512166127       11.6598665377
  1        5.5091845306       20.6498308713        7.1582051511
  2        5.2333560785       20.7725605604        7.6179399534
  1        4.9569257622       20.8599371028        8.0853280353
  1       11.9813471645       17.4885237611       20.6199612085
  2       11.9245897790       17.5889905149       21.1577204768
  1       11.8932502532       17.6910547767       21.6972579820
  1       27.2038865950        7.9527614882       10.4286687035
  2       26.8367219527        7.9544534158       10.0191723508
  1       26.4716521290        7.9401510940        9.6080525794
  1       17.7734976912       18.6599240964       17.5871001884
  2       17.6318190546       18.9782367542       17.1615367785
  1       17.4918646009       19.2931277442       16.7328685918
  1        5.5251972370       22.6203829484       12.4413193560
  2        4.9863704771       22.5608311053       12.5341595458
  1        4.4476818842       22.4980476107       12.6256627241
  1       20.2699064566       12.8260577923       24.7416520122
  2       20.8058090170       12.8321028345       24.8652315539
  1       21.3445830010       12.8573168019       24.9728737809
  1       27.5902084651        2.2858377118        2.1452609375
  2       27.0855643340        2.4776465241        2.2503498542
  1       26.5851514277        2.6867275069        2.3418488425
  1       21.0153880247        0.2059035209       13.1247786646
  2       21.5504879330        0.3243878250       13.0786315321
  1       22.0847601976        0.4456300213       13.0301188934
  1       22.5972357632        9.1108982404       19.0237842494
  2       23.0306429361        9.1141156880       19.3623811640
  1       23.4625856565        9.1129348915       19.7028574348
  1       26.5011793960       15.6209333109        8.0488574078
  2       26.9786236475       15.8204609727        7.8624822516
  1       27.4563257444       16.0236226406        7.6807515653
  1       20.3440007116        3.2640281133       17.5552259329
  2       20.0036210644        2.8638448311       17.3924529731
  1       19.6773315642        2.4509075480       17.2327095498
  1       13.7785621483        5.9509769538       17.2643553353
  2       13.7132240858        5.7644483947       16.7510931857
  1       13.6881745551        5.5673115153       16.2382485984
  1        1.3382402443        0.7691384976       27.6855649464
  2        0.9159748863        0.4522552364       27.8397627616
  1        0.5080247306        0.1124046576       27.9832139853
  1       17.4621674440        2.6521600271       20.8533582885
  2       17.0351710350        2.3187817925       20.9484004868
  1       16.6046874377        1.9977748501       21.0673055512
  1       21.6931250752       20.9953743411       15.3035150854
  2       21.3548051819       20.7564524704       14.9416366672
  1       21.0262504995       20.4966605078       14.5851819634
  1        9.7899465119       16.7066879755       24.8162805140
  2       10.0752175141       17.1750803144       24.8578626277
  1       10.3647955879       17.6416015814       24.8895240492
  1       18.1824556985       21.4701935578       19.6705521095
  2       18.5781256141       21.1114810360       19.8019699341
  1       18.9784072200       20.7522346162       19.9169336017
  1       25.8132640401       19.9182413701        2.6979510429
  2       26.2718556539       19.8568189139        2.9953077540
  1       26.7410076376       19.8244038484        3.2805193925
  1        7.2916689002       13.3952605217       25.1601007481
  2        7.6883623769       13.3307331812       25.5355611426
  1        8.0976000828       13.2729784614       25.8984507834
  1        4.9387341641       10.6880805876       17.4977904839
  2        5.3949006680       10.4146240775       17.6379106386
  1        5.8528124036       10.1513122509       17.7911546382
  1        4.9582916740       26.9450112735        6.3831947162
  2        5.3589157266       27.2450969868        6.6111178023
  1        5.7427486783       27.5745494994        6.8270652638
  1       22.3794847598        7.6471444844       22.9838563770
  2       22.5631973172        7.2131539611       22.7003040504
  1       22.7355574776        6.7710832763       22.4221575356
  1       24.5449388860       26.5543419027       27.2675662905
  2       24.7426984926       26.0594907771       27.1315019622
  1       24.9670651933       25.5843308679       26.9690746144
  1       16.0642171919       24.6281950369       13.6964942640
  2       15.9092605529       24.5651881349       13.1725490661
  1       15.7493922037       24.4794273622       12.6533311930
  1       26.1426423301       12.4708337377       10.0378747241
  2       26.5446618108       12.6810891751        9.7269519232
  1       26.9404376597       12.8738011272        9.3972193346
  1       28.5695869062       27.3891235570       16.7614394989
  2       28.2148679271       27.1954754670       16.3883780253
  1       27.8454891493       26.9970596278       16.0324419744
  1        6.6672412073       12.4481025684       14.5656199269
  2        6.6268672823       12.4057342456       14.0187425445
  1        6.5790228149       12.3572353166       13.4729781633
  1       18.7907059812        8.7446700026       24.8683298012
  2       19.2033989074        8.4487279852       24.6571358832
  1       19.6050440813        8.1597850611       24.4169419201
  1       11.3659985345       24.1380459290       23.4617768505
  2       11.6476336228       23.7717647425       23.1634150408
  1       11.9038760558       23.3906677469       22.8607520361
  1       14.6202856145       21.6087377039       16.1244206561
  2       14.3386957014       22.0555465179       15.9708986557
  1       14.0433034561       22.4994086736       15.8358808529
  1       18.4548759378       13.3130411551       20.3296498978
  2       18.2108700585       13.8027197960       20.2732942455
  1       17.9349526581       14.2745477203       20.2120733587
  1        8.3130013518       24.6809545412       20.2276534021
  2        8.1177886901       24.9624832924       19.7973818844
  1        7.9380111371       25.2316471491       19.3527125144
  1       26.3014778802       22.5173872509       20.1403356727
  2       26.5383270975       22.0385020936       20.2709934486
  1       26.7792301417       21.5651835640       20.4139455099
  1        6.3842467842       27.2779181755       23.6263588745
  2        6.5043126612       27.6690661057       23.9939013645
  1        6.6024722514       28.0809099465       24.3449702248
  1        0.0952460412        4.2736833900       14.2269597375
  2        0.5393530742        4.1398323881       14.5225148974
  1        0.9781183364        3.9935931380       14.8201709497
  1       14.3653286862       23.8924907054        2.3476478261
  2       14.2789810443       23.5877476318        2.7972873971
  1       14.1837692167       23.2795090896        3.2427351583
  1       19.5087361184        5.4826549717       26.4584793849
  2       19.1486773328        5.1104035446       26.6436456505
  1       18.7777360627        4.7402458906       26.8106363218
  1        6.7838509671       15.2919569835       22.5607733903
  2        7.0850608950       15.7518755886       22.5450426535
  1        7.3771361351       16.2177041145       22.5310484563
  1       15.6107138187        9.1463158731       16.2154225884
  2       15.3759025294        9.0716583360       15.7237012134
  1       15.1332125592        8.9966362526       15.2358761789
  1        2.8159961066       25.2790021652       14.2466455053
  2        2.5166899623       25.6900706384       14.0370302809
  1        2.2389139608       26.1119604397       13.8194309070
  1       11.7485843399       24.0188448996       18.7588897419
  2       11.7878859822       24.4245381198       19.1281706539
  1       11.8124108220       24.8329209490       19.4957600934
  1        8.3147820650       20.2225829869       14.1319116830
  2        8.2380226012       20.7437290335       14.2900723067
  1        8.1777747480       21.2712333586       14.4336319883
  1       14.0097399887       26.7875983520       16.0373665131
  2       13.6591071963       26.4451327292       15.7878190385
  1       13.3278606443       26.0744666253       15.5524844676
  1       20.1060560175       17.7901030416       19.9777051137
  2       19.9327958221       17.2681814556       19.9865799545
  1       19.7639741965       16.7447341276       19.9880470850
  1       27.2352680410       12.2921129447        5.2311659034
  2       27.2699584089       12.7515137181        5.5315781332
  1       27.3162970063       13.2068337416        5.8365968369
  1       25.9198769113       10.5224134912        0.2991161438
  2       25.4046576651       10.3712755807        0.4183070005
  1       24.8964758300       10.2051499757        0.5473554600
  1        4.8293420917        2.9082630126       26.4491410114
  2        4.6370733943        2.4004260048       26.3617664066
  1        4.4343925750        1.8964175706       26.2757665071
  1       10.8862913921        3.3109516093       22.5155809205
  2       10.4132372686        3.0349018465       22.5657439013
  1        9.9398967674        2.7571193038       22.6015995557
  1       15.9260707031       22.4816749251       26.9237766768
  2       15.8859592109       22.7572724881       26.4495013860
  1       15.8460521218       23.0535728049       25.9878591592
  1       19.9562736224       21.4115259513       24.0714719213
  2       19.7249989390       21.6157871763       24.5267623482
  1       19.5074694343       21.8345189972       24.9821054102
  1       13.5185383269        9.7716028355       21.7420226884
  2       13.1602435393       10.1029461359       21.9956690219
  1       12.8072080378       10.4297645096       22.2622317430
  1       17.2629211636       19.1087043748       23.7153406759
  2       17.4944145335       19.0496470507       24.2107425856
  1       17.7106508725       18.9715184590       24.7103802222
  1       19.2855705607       10.7183786821       16.3386736676
  2       19.1193232903       10.6057901588       16.8507143589
  1       18.9429714600       10.4843488072       17.3573227175
  1       15.1947353888       20.3473853227        3.1584076491
  2       14.7803157418       20.0985599301        2.8960295246
  1       14.3633267458       19.8560129623        2.6318493881
  1        0.1068192999        8.8125450705        6.7733934707
  2        0.1901237882        9.3228322943        6.9609229656
  1        0.2932050962        9.8323286034        7.1406109007
  1       21.3604359432       19.1073921049        2.2970399673
  2       21.3927406496       18.6695576513        1.9657434276
  1       21.4389157244       18.2336000929        1.6336156379
  1       -0.2078611539       13.1629892532       21.9727348736
  2        0.0159032439       12.7080860434       21.7594450145
  1        0.2248554594       12.2491729156       21.5398141610
  1       21.8262722490       16.1822377102        5.6639296282
  2       21.5885606059       16.6625901532        5.5404196882
  1       21.3500251678       17.1409486182        5.4109051225
  1       26.7677486250        9.4950554006       22.6742958180
  2       26.3017337462        9.3619970293       22.4142465869
  1       25.8362079419        9.2220471635       22.1569534475
  1       27.3059432622       25.9826314447       10.7715246105
  2       27.3285364230       26.1804124392       10.2588139443
  1       27.3450168272       26.3824448893        9.7475299876
  1       14.2898097494       12.8104505949        5.6134848366
  2       13.9259533547       13.1938544565        5.4614650915
  1       13.5652455262       13.5809458396        5.3112981093
  1        8.2098805719       17.5890934697        6.7235896879
  2        8.5446713910       17.9943574415        6.5617990188
  1        8.8917712956       18.3961930840        6.4184471035
  1       12.7142786243        3.2536003268       26.8286091060
  2       13.1241414821        2.8941742525       26.9015839984
  1       13.5318346271        2.5283728605       26.9513398030
  1        1.0934020162       19.8498522943       13.6371443310
  2        0.8062832144       20.2685229617       13.8487516701
  1        0.5256970561       20.7033920222       14.0349244579
  1       -0.2871935526       19.1598319934        9.9328316113
  2        0.1727021845       19.4580582095        9.9781861599
  1        0.6358736754       19.7527806920       10.0115152343
  1       17.2921959549       14.2583340131       16.7601373723
  2       17.7927554521       14.0777406656       16.8991561932
  1       18.2939657360       13.9123080799       17.0538181145
  1        8.9814647511       25.4657055104       25.8324587962
  2        9.0828088155       25.0710949039       26.2019338967
  1        9.1702116692       24.6733042955       26.5715598860
  1        1.3095974865       23.0635417981       22.1079093132
  2        1.7541554889       23.0538982140       22.4315992631
  1        2.1905692698       23.0337702317       22.7657218083
  1       26.4687927766       13.6303975236       18.1671349173
  2       26.0829896824       13.2711017701       18.3238593061
  1       25.6922751568       12.9106751776       18.4650500633
  1        1.8156274550       12.2327076164       16.1396446013
  2        2.3074509702       12.4750317820       16.0961862460
  1        2.7993963530       12.7191983827       16.0666496517
  1        3.6244577628       25.3193518401       27.5133902205
  2        3.1564658961       25.4166842849       27.7854380249
  1        2.6931776899       25.5157726373       28.0648043354
  1        1.7443911140        4.8652238713        0.1679114877
  2        2.1035332595        5.0734906215        0.5286633139
  1        2.4544511291        5.2763263715        0.9004351611
  1       19.7172183086        2.9057004763        2.1286995446
  2       20.0449184872        2.4652794850        2.1624921960
  1       20.3719477421        2.0234914202        2.1818615340
  1        3.1240679176       21.5990805727       25.9552143783
  2        2.7511780782       22.0013778532       25.9953400033
  1        2.3898008846       22.4112131893       26.0581215307
  1        5.7265723164       28.2488668211       12.7892529484
  2        5.4090206065       28.0225722621       12.4013719304
  1        5.0805837707       27.8054583854       12.0173266096
  1        9.4121073975        7.4417307770       23.0985269202
  2        9.6367135851        7.6209753051       22.6295669436
  1        9.8872865003        7.7823186469       22.1673099380
  1       17.8203997351       21.9233719054       13.7800218170
  2       17.8814870474       21.3969387841       13.6329282785
  1       17.9473102575       20.8692336376       13.4925908910
  1        1.6966896192        2.9274912985       24.4731026886
  2        1.6656322882        3.3659334447       24.8037141321
  1        1.6443608374        3.8075417933       25.1308679045
  1        7.2576948951       18.8040001467       25.1491128621
  2        7.0042650241       19.2091297815       25.4214054979
  1        6.7488354407       19.6209092069       25.6815851122
  1        6.8972834088       16.8000868238        9.8391148990
  2        7.2387110364       16.5385799010       10.1819578724
  1        7.5956304286       16.2960439891       10.5229635584
  1       10.4543170239       20.6887368017       20.7947855053
  2       10.3269055350       21.1042902362       20.4577667290
  1       10.2082730983       21.5327846930       20.1340093438
  1       15.3400978753       17.7035692504       19.6079215353
  2       15.6388034681       17.6683637664       20.0683947079
  1       15.9541922907       17.6075935972       20.5148662928
  1        8.5034219289        6.3392241889       15.6157159627
  2        8.8396754956        6.3812363096       15.1825087137
  1        9.1833059473        6.3916251247       14.7531950939
  1        4.5880447001        1.6565948305       21.0578962374
  2        5.0249105380        1.3301530591       20.9865939962
  1        5.4526617080        0.9932553458       20.9089482214
  1       16.1827192061        6.1518280369       23.2794000461
  2       16.6538618007        5.9848676071       23.0499466293
  1       17.1197842547        5.7923968812       22.8300118993
  1       23.8896104565        1.1616284974       24.4575735779
  2       24.0092874529        1.3007347178       23.9390884035
  1       24.1235551528        1.4469898978       23.4213507151
  1       24.2703950614       12.8950553345        3.0561121313
  2       24.4794545061       12.4025083091        3.1833582563
  1       24.6685745342       11.9009058477        3.3063565679
  1       21.6170207683       16.0525194333       26.0086031886
  2       21.3846482173       16.4999233145       26.2284503278
  1       21.1617415562       16.9393113873       26.4728899746
  1        4.8955525729        5.9277248360       12.9757451436
  2        5.3285688469        6.0575166163       13.2890357437
  1        5.7562457279        6.1850066976       13.6104992154
  1       12.8475837222       12.4625338323        9.2301691989
  2       12.4603319258       12.1019595779        9.0800950397
  1       12.0849196669       11.7246622152        8.9414864725
  1        2.9231652102       17.1266847614        9.3976135374
  2        2.8182097900       17.3251035248        8.8955036350
  1        2.7187799920       17.5355313148        8.3971725609
  1       16.6943270193       16.2352745910       26.7758459768
  2       17.1817135685       16.3967040161       26.9730638572
  1       17.6580507878       16.5811513094       27.1769806256
  1        9.2391647398        0.7716255775        7.3187182904
  2        9.2640728978        0.3478419308        7.6684138786
  1        9.2912959303       -0.0622826577        8.0338680172
  1        5.2296732489       18.1620250832       17.0485141141
  2        4.7289697849       18.0806171540       17.2610436185
  1        4.2284394655       18.0189171211       17.4805031917
  1        3.6443457280       12.6604725748       21.3483022691
  2        4.1303625609       12.5780941086       21.1043731269
  1        4.6091494525       12.5107229523       20.8422200442
  1        0.9031579031       22.9343033032        1.3347985238
  2        0.5901514102       23.1763266639        1.7168346848
  1        0.2754309602       23.4299148115        2.0898549104
  1        4.3418174731       15.9444268654       25.3857615411
  2        4.7599242941       16.1977223262       25.6378093458
  1        5.1959969739       16.4258919925       25.8833276144
  1        3.9252940660       21.2816431104        3.1689823296
  2        3.7777624199       21.3423609977        3.6953355870
  1        3.6422650830       21.4132471331        4.2236495339
  1       25.5996068886       16.3537654275        4.7358807287
  2       25.4523026933       16.5070399610        4.2286249831
  1       25.2919802303       16.6537869291        3.7233903503
  1       23.4086683826        1.1402864113        3.3512399338
  2       23.8509700113        0.8261020238        3.2609213866
  1       24.2823177270        0.4942546180        3.1814453121
  1       10.0917543447       13.9743776697       23.1450432720
  2       10.4772636819       14.0143812131       22.7548096657
  1       10.8741970905       14.0385782042       22.3748644412
  1       14.4179242487       15.3862133014       23.2545595379
  2       14.5951867881       14.9311581913       23.0015717144
  1       14.7761725595       14.4718696639       22.7590883167
  1       21.2934841994       27.6495974063       17.3894777027
  2       20.9187641749       27.3635782965       17.1061440264
  1       20.5285822906       27.0784969197       16.8434908240
  1       12.5326181797        1.6103192834        2.5365491686
  2       12.6923082099        2.0347091718        2.8478244758
  1       12.8613644628        2.4617766046        3.1503693322
  1       11.5280439858       18.8995846552        8.5285131361
  2       11.8300883144       18.8973530421        8.9881480384
  1       12.1114602192       18.9134278839        9.4604524420
  1        4.0701029013       24.9718683377       17.8675383536
  2        3.7158858707       24.6378384811       18.1233788316
  1        3.3559233717       24.3047890485       18.3723870116
  1       15.4112725886       24.4178458396       18.9263514424
  2       15.4460289884       24.4197825570       18.3774541462
  1       15.4996583268       24.4205852967       17.8300756221
  1       12.0516035250       24.3479037491       12.4194509672
  2       12.0549645558       24.8844194388       12.2984566775
  1       12.0577201265       25.4145409829       12.1519522260
  1       19.7881313131       24.0203430505        6.6834069107
  2       19.8642530894       23.6054859081        7.0363927837
  1       19.9553211021       23.1975916762        7.3939244769
  1       15.9291909129       11.2449736813       19.4832300492
  2       15.9030123658       11.3656425489       18.9472695021
  1       15.8608697847       11.4791483145       18.4107618665
  1        7.2554516979        1.7089963551       10.1440398772
  2        7.0404500223        1.8833977087        9.6687942068
  1        6.8203145870        2.0655709870        9.1988439054
  1       21.8071085340       23.4630339331       26.5482778905
  2       21.5260955877       23.8948409136       26.7408251720
  1       21.2478821348       24.3301054141       26.9296162952
  1       19.1760981688       19.6095526826        5.2544330797
  2       19.2956755973       19.9284358779        4.8225595492
  1       19.3949488399       20.2753857521        4.4075046045
  1       14.6155001504        2.1683637989        5.9919366144
  2       14.8970382560        2.3698039703        6.4193218650
  1       15.1774871821        2.5749298247        6.8456688865
  1       17.3333953693       21.1023237370        9.2603226915
  2       17.4766418323       21.3348812948        9.7377087336
  1       17.5997513023       21.5954670002       10.2061520573
  1       10.7981118787       20.8802840935       26.1779990357
  2       10.7575074384       21.1445859567       25.6973788067
  1       10.7173965898       21.3974033914       25.2105785771
  1        3.2224217673       20.7168554024       16.0102424594
  2        3.6279556936       21.0743275939       15.9089712054
  1        4.0472791196       21.4212791361       15.8296459839
  1       22.9137288334        1.8133051446       27.8668723184
  2       22.4345656446        2.0604900803       27.7582341758
  1       21.9567745208        2.3095858484       27.6479303256
  1       13.2071087498       20.7423374223        6.4476283992
  2       13.1614138794       21.1788407473        6.1161516637
  1       13.1163003285       21.6096559035        5.7772371205
  1        2.0251264278       19.3908950496       23.4162858795
  2        1.5869952865       19.4692819728       23.7393904962
  1        1.1419857196       19.5414083154       24.0544528314
  1       21.4622735855        3.3891862006       24.3977724911
  2       21.2703617744        3.8354723848       24.1398994630
  1       21.0550797737        4.2774275479       23.8932635108
  1       11.4740409484       19.3318802751       17.0974555794
  2       11.1826752148       19.2745462866       16.6345097694
  1       10.8847502869       19.2198980651       16.1754299199
  1       22.4267471394        8.0278318214        3.4669800652
  2       22.7703083213        8.4483158607        3.5544951325
  1       23.1184285745        8.8694684485        3.6172867410
  1        2.1024467323        5.3191865386       20.8810774824
  2        2.4764018245        5.0435756457       21.1755197090
  1        2.8479095421        4.7879046743       21.4903440554
  1       25.2329128307        4.6882957314        7.8989053339
  2       25.4812884956        4.9592733868        7.4897835436
  1       25.7284295360        5.2250115220        7.0764984741
  1       18.1962139117       16.1715780569       13.5997955572
  2       17.7132821909       16.2743998237       13.8420859559
  1       17.2149255034       16.3684751000       14.0549014944
  1       21.7195543707       18.7487862013       23.5140625991
  2       21.9541689292       18.7306157842       23.0169450628
  1       22.1649684825       18.7053958795       22.5095719222
  1       16.2381471178        3.2096399877       15.3179597508
  2       16.5564687665        3.4299651298       14.9272832097
  1       16.8714117791        3.6485752283       14.5329223057
  1        5.9479824843        4.7855960302        0.7008084111
  2        6.2007775275        5.2710032942        0.6462698541
  1        6.4401790761        5.7617848170        0.5805401468
  1        6.3853759206        5.8590527574        4.5983344613
  2        5.9600154240        5.8210548800        4.9449244341
  1        5.5305255151        5.7741720028        5.2852777990
  1        9.8105499880       23.9715628393        8.2975717190
  2       10.1852243764       24.3111016199        8.0811634958
  1       10.5680039509       24.6460379444        7.8718850810
  1       10.4189569683        4.1119958612        5.9337582429
  2       10.1286946791        4.2554611055        6.3783541573
  1        9.8362600346        4.4058308644        6.8192293248
  1        1.3216814292       10.9101172229       10.6076002374
  2        1.8377733593       10.7425616928       10.6974571458
  1        2.3610941109       10.5998617120       10.7884082612
  1        6.9417506331        4.1353810255       22.0803106153
  2        6.9218936966        4.5069573680       21.6752961417
  1        6.9062646087        4.8805210129       21.2719279058
  1       16.5322309932       27.9031829379        8.0539087024
  2       16.9174527506       27.7361360464        7.6986629653
  1       17.3230687417       27.5783918149        7.3623707945
  1       17.7975574912       15.7781098288       23.4351761213
  2       18.3253684642       15.8678951055       23.3092627350
  1       18.8577381037       15.9384377261       23.1904927699
  1       17.3507768365       27.2071065011       19.0660285607
  2       17.6817253845       27.5917735962       18.8538864278
  1       18.0057982608       27.9877280900       18.6521519274
  1        6.7267451496       21.7903486055       18.2961730955
  2        7.0768569643       21.4966719199       17.9901081979
  1        7.4345931736       21.2053059166       17.6907244046
  1       11.9935522302        7.0378540080        0.6723440253
  2       11.7965802147        6.5432811688        0.8105458050
  1       11.6032893637        6.0511067827        0.9618832408
  1       14.7784555515        4.0390834316        1.4010143406
  2       14.7959570277        4.5641095428        1.5639292905
  1       14.8168334142        5.0902395604        1.7228361188
  1        9.2369420504        8.1061944453        8.4397088162
  2        9.3262273756        8.2545493658        7.9176753419
  1        9.4384594391        8.3801696608        7.3941072905
  1       21.0701962042       13.5882417200       14.0296381388
  2       20.6175314259       13.3034071884       13.9013264552
  1       20.1667118721       13.0194681430       13.7647967976
  1       19.5672889419       -0.4086907102       21.8660945059
  2       19.8587025278        0.0482090240       21.9600133794
  1       20.1616581201        0.4970619803       22.0561847460
  1       14.5256409048        6.5002308482       26.6370628617
  2       15.0694467182        6.5648906194       26.5861280857
  1       15.6149700502        6.6109484392       26.5333742190
  1       11.0009283581        0.2660102893       18.9468966574
  2       10.8636030528        0.6127430150       19.3511467996
  1       10.7162876906        0.9370141144       19.7702487408
  1        7.9873382734        7.5323348422       18.9379885140
  2        8.1176709378        8.0522670557       19.0612114415
  1        8.2165378922        8.5782791610       19.1878470978
  1       12.1990193657        2.3196318157       16.0539726749
  2       12.2731313098        1.8818453774       15.7293953279
  1       12.3610755289        1.4425925771       15.4102984919
  1       13.0761169476       12.8673390430       15.7316710265
  2       13.3688926662       12.4090140819       15.8136503445
  1       13.6883292181       11.9702075319       15.9025834655
  1        8.7469327876        8.4650514674        3.3132351348
  2        9.2885344085        8.4013322717        3.3847022485
  1        9.8293328049        8.3532263604        3.4725823646
  1       23.2218616531       20.2042091219       10.8013769109
  2       23.2964252701       20.4667428115       11.2788874646
  1       23.3724440191       20.7205751924       11.7608524749
  1        5.6813319912       20.1619648395       20.9432898952
  2        5.5789952187       19.8276126739       21.3678317828
  1        5.4799600181       19.4878625426       21.7888565758
  1       13.9466172101       16.2797559005        8.3332301316
  2       14.3780971734       15.9431802763        8.3883834670
  1       14.7976742991       15.5949761612        8.4605563758
  1        3.4636927313        0.6850040624       15.5704387599
  2        3.5283474179        1.2179256385       15.4507961034
  1        3.5822652138        1.7507499330       15.3255318169
  1       23.3723604107       20.2380013048       26.4917907820
  2       23.7319360403       20.3221874011       26.0842149391
  1       24.0871274426       20.4170833283       25.6751503601
  1        3.3608219270        7.8833176265        8.5626911827
  2        2.9467384007        7.5242979648        8.5164341202
  1        2.5435681104        7.1536657839        8.4655862842
  1        9.7951354940       23.8679834183        1.8670854041
  2       10.3097554157       23.7176082677        1.9897787220
  1       10.8234976581       23.5706030437        2.1200030342
  1        8.2075750659       15.1172039581        3.6361023602
  2        8.5047636459       15.1382990178        4.0984160485
  1        8.7957627781       15.1798822870        4.5632712257
  1       23.8522473155       17.3109076689        8.3630730562
  2       23.6165808106       16.8345077290        8.5045099530
  1       23.3952632830       16.3506760299        8.6438851226
  1       27.3992867293       20.5113188678       26.9912293328
  2       27.0578374996       20.9120418487       27.1503943923
  1       26.7031603786       21.3074800057       27.2929875296
  1        8.8043167013       24.7912199543       11.8093383730
  2        8.3642678753       25.1185875393       11.8504175045
  1        7.9177118867       25.4354688147       11.9021282900
  1       23.4843738693       16.1030128905       19.7402179829
  2       23.7901223015       16.4337229428       19.4245460685
  1       24.0868392434       16.7724273749       19.1087322578
  1       10.7865794513       22.9470942989       15.9596262979
  2       10.5167506953       23.2575630552       15.5945213899
  1       10.2549786893       23.5823245836       15.2360449395
  1        0.4958548372        4.8438289376        9.9571285649
  2        0.4650639653        4.4922740914       10.3789829383
  1        0.4337843114        4.1371463854       10.7977978075
  1        4.3595543629        6.2907310257       24.6599197834
  2        4.4231732407        5.7625250079       24.5204527940
  1        4.4753398317        5.2352581604       24.3729118936
  1       17.0726235629       11.1482640098       22.6231027498
  2       16.6953971307       11.4511131942       22.8847945349
  1       16.3290542247       11.7650079731       23.1489212885
  1       16.8599079631        1.8328901290        3.0994168550
  2       16.9984205872        1.8974905477        3.6277548518
  1       17.1421254085        1.9546777131        4.1555602624
  1       23.7982289912        2.1156146780        6.4351978704
  2       23.6098737019        1.9604147182        6.9280824994
  1       23.4090126806        1.7992273175        7.4140593208
  1       17.6562655282        4.7004250764        7.6981027582
  2       18.0531322105        4.3202632621        7.6763350887
  1       18.4609181622        3.9512068598        7.6735086854
  1       14.4979419799       27.2421996795       20.9075958023
  2       14.1289650688       27.5300203591       21.1965859327
  1       13.7491880211       27.8099828437       21.4792348319
  1       12.9170090913        6.0113818675        4.8015611096
  2       12.8268404872        6.5209394385        4.6152261836
  1       12.7296455973        7.0366135094        4.4505039780
  1       -0.1524679468        9.6608504676        2.8286105679
  2        0.1826200639        9.7015253114        3.2628473491
  1        0.4967350874        9.7211866295        3.7138963304
  1       18.3824642052        9.6108379286        5.4045213953
  2       18.9222062863        9.7154517361        5.3892100547
  1       19.4553124539        9.8506350447        5.3940356225
  1       26.6938432077        6.5349156473        2.2663930004
  2       26.2246935430        6.7077543497        2.4955771513
  1       25.7621339652        6.8865980779        2.7333870688
  1       24.3347007871       13.8385826301       27.4955592173
  2       23.9192000770       13.5130339221       27.6500817032
  1       23.5067205903       13.1868809792       27.8112801209
  1        2.9005324584       24.8202620302        3.6252846773
  2        2.8162983937       25.3554942395        3.7197891979
  1        2.7135505440       25.8904109104        3.7959930925
  1        8.5583084033       11.8713376408        9.1433950497
  2        8.0296456600       11.9681811362        9.2601727928
  1        7.4991527130       12.0686234408        9.3649991996
  1       14.6660151681       -0.0213958333       11.8122514673
  2       14.4620457529        0.2200142436       12.2623821732
  1       14.2467938084        0.4521135876       12.7121559984
  1       10.8859688418       18.6878191863        3.4161319806
  2       11.0356828944       19.2010651238        3.5452222983
  1       11.1895786718       19.7123367885        3.6771971957
  1        1.4464750091       14.5221963671       12.0721602347
  2        0.9262711668       14.4106069186       11.9327480494
  1        0.4166986532       14.2797952144       11.7723605485
  1        4.4494070135        7.5036518378       20.6183946803
  2        4.9165724283        7.7912526425       20.6576662004
  1        5.3901112845        8.0677122161       20.7004570269
  1        9.1478287280       21.5673644153       10.1240526742
  2        8.6274471107       21.5943817592        9.9480610964
  1        8.1139342226       21.6427650042        9.7571067187
  1       26.6591884677        2.8361351850       26.9066267337
  2       26.2084768208        3.1316421992       26.7969243368
  1       25.7436124857        3.4118553631       26.7081452189
  1       18.7607585693        6.6812123790       16.5043046871
  2       18.2121180354        6.6634310037       16.5386177650
  1       17.6633948972        6.6376781263       16.5658152990
  1       24.8224293672        1.0243558795       18.4247266327
  2       25.2811910211        0.7210213048       18.4298139447
  1       25.7472220603        0.4289449251       18.4323551776
  1        6.0333654351       14.0563381480        6.6937842325
  2        5.7697283129       13.9794548516        6.2172504703
  1        5.4927070824       13.9023649027        5.7484046784
  1        6.1235827581       15.1775853507       17.8640217057
  2        5.9793630555       14.6468659146       17.8578932859
  1        5.8426830276       14.1141536272       17.8518776592
  1       24.8110116325       25.2646358516       18.6789870492
  2       25.2648469396       25.1957813736       18.3760141546
  1       25.7012504632       25.1237562897       18.0491130214
  1       27.3139427596        3.5185986645       17.9570815988
  2       27.6443962855        3.2771102136       17.5896801899
  1       27.9944004149        3.0453965259       17.2342848111
  1       21.3808968588       19.5051410260        8.2900034702
  2       21.3719053714       19.9594124934        7.9800734990
  1       21.3517963674       20.4159680005        7.6740462193
  1       10.7837596465       15.7999136361        8.7938043120
  2       10.8132967675       15.3912126107        8.4269378099
  1       10.8305491351       15.0147152673        8.0263730771
  1       25.8123723680        5.2516679055       11.3614037920
  2       25.3518589120        5.2282230156       11.6611998793
  1       24.8812960091        5.2070447936       11.9451400778
  1        9.8577969208       11.5486241071        5.7179324388
  2        9.3699166366       11.6318026158        5.4780279493
  1        8.8803992278       11.7443430086        5.2539579483
  1        2.7211502825       17.7129536109        2.9333294373
  2        2.3191657142       17.8305861528        2.5768592535
  1        1.9144131544       17.9318526769        2.2185012544
  1       27.3647888603        0.0591313402       24.7298056272
  2       27.4854751753        0.1667276029       24.2041081309
  1       27.6164653318        0.2781140635       23.6816766672
  1       17.4383050108       11.2510740649       13.4675398724
  2       17.1664002851       11.6355651289       13.7516779406
  1       16.8708730952       12.0046096145       14.0326936816
  1       23.1977843182        4.5690141540        3.6548801840
  2       23.0604276088        4.4500629030        3.1357619564
  1       22.9083336233        4.3325175304        2.6204460301
  1       20.9301059603       27.3247500323       25.1057340873
  2       20.6048208188       27.6412042657       25.4164530839
  1       20.2720891510       27.9386626928       25.7378688900
  1       25.1761318234       13.7937832973       13.9064662310
  2       24.8608490374       14.1272104271       14.2096544793
  1       24.5524031562       14.4613995760       14.5189742979
  1       22.8469874899        9.1125549994        7.5255773348
  2       23.3198632153        9.2629278498        7.7628041337
  1       23.7900808751        9.3996519551        8.0132075490


Molecules in box 2
##############################################################################                                           
Moleculetype  1
Number-of-molecules: 5     
Atomtype         X                  Y                   Z
  1       23.2187765934       22.3790821528       17.9776646326
  2       22.6848440345       22.4787735079       18.0641380746
  1       22.1496803779       22.5647436072       18.1574601069
  1       49.1410099499       32.6099533523       23.4149565667
  2       49.1285439647       33.1013809410       23.1682917653
  1       49.0993210612       33.5735938290       22.8878260646
  1       33.1241588124       16.6320375410        9.4018407226
  2       33.3474845453       16.1863544766        9.6342029897
  1       33.5350097987       15.7220351992        9.8616714203
  1        8.3072306899        3.3068963887       48.0261283669
  2        7.8193151791        3.4218337308       48.2524640947
  1        7.3259963323        3.5235180713       48.4733640932
  1       11.0567836931       11.5481736917        0.6472721204
  2       11.3829044979       11.9905466144        0.6260255218
  1       11.7156572555       12.4280328013        0.6064950976


Number-of-fractionals:  1        
##############################################################################                                           
Fractional-type:      2
Box:                  2
Lambda:               0.277713
Reaction-Step         1 (only used if Type = 3 (RxMC))

Moleculetype  1
Atomtype         X                  Y                   Z
  1       42.2199039715       21.6332559446       18.0849715363
  2       42.2261763409       22.1599263925       17.9266083564
  1       42.2101268977       22.6877820135       17.7729501067

------------------------------------------------------------------------------                                           

