Simulation state at cycle:    1100000
##############################################################################                                           

Number-of-molecules: 401   

Box-size(s):    27.161415   50.911531

------------------------------------------------------------------------------                                           

Deltas
Translation per molecule type
Box 1    0.4031652131E+000
Box 2    0.2544442040E+002

Rotation per molecule type
Box 1    0.6395708010E+002
Box 2    0.1800000000E+003

Volume    Delta_Volume
Box 1   0.2523056427E+003
Box 2   0.1168081679E+004

------------------------------------------------------------------------------                                           

Molecules in box 1
##############################################################################                                           
Moleculetype  1
Number-of-molecules: 400   
Atomtype         X                  Y                   Z
  1       13.5277872238        8.2468167947       19.3439175202
  2       13.8477542062        8.5260791478       19.6933937973
  1       14.1650246489        8.8154037610       20.0370953152
  1       20.5431094191       26.3158180262       15.1884312557
  2       20.8250526615       26.0684059181       15.5906690670
  1       21.0914511279       25.8173025234       16.0011309303
  1       11.9065961308        3.1464287484       14.3332195004
  2       11.9965724597        2.8043284259       14.7543746138
  1       12.0927524629        2.4707266719       15.1809414617
  1        1.0090350749        0.6869037677       19.6365409331
  2        0.5756661549        0.3492223436       19.6107992345
  1        0.1415879444        0.0119960833       19.5919695926
  1       12.8600876633       21.0103088204       26.3731127428
  2       12.3546387611       21.2256592242       26.3477038704
  1       11.8384015164       21.4146278293       26.3306752929
  1       15.3903000104       22.5865452201       11.5774474367
  2       14.9908908751       22.2222149194       11.4762754316
  1       14.6067915940       21.8395961955       11.3836976084
  1        5.7054061901       19.9155343192       16.5451834758
  2        5.5632470555       19.8207506644       16.0223959097
  1        5.4352859209       19.7298157783       15.4952746775
  1        9.7768817865        1.7386368700       10.9990656199
  2       10.2698326814        1.8640311693       11.2082920162
  1       10.7597806991        2.0170297015       11.4058834838
  1       19.3008979263       16.6652382499       25.6151359874
  2       19.6395100106       17.0214487898       25.3682434853
  1       19.9771975061       17.3963852173       25.1494060350
  1        5.0622694060       10.3400677674       13.4295619983
  2        5.4276067536       10.3516956784       13.8405284375
  1        5.7849317606       10.3506212324       14.2586404845
  1        1.8757001046       11.7529954232        1.3895484140
  2        2.2954224419       11.9216404095        1.0766713964
  1        2.7174753039       12.0883759268        0.7659132140
  1       17.9974036916       20.0588699667       26.3991524396
  2       18.2645563299       20.1482877075       26.8715229885
  1       18.5371823719       20.2340747798       27.3414332122
  1       18.9726532091       13.2892697860       17.2570475313
  2       18.6085843021       13.4483758502       16.8767330677
  1       18.2494954284       13.6141412865       16.4945328584
  1       23.4236553263       17.9615799110       18.3305422342
  2       23.4211247382       18.0656197317       17.7904780603
  1       23.4074752288       18.1762187890       17.2518858784
  1       12.9470430422       12.2347237112        2.1185989835
  2       12.7818800871       12.3168072192        2.6367529143
  1       12.6243932035       12.4020416600        3.1567846158
  1       24.2302878118        0.4129394704       17.2496369052
  2       23.8569296861        0.6972279387       16.9627854161
  1       23.4725695162        0.9875044991       16.6972542930
  1       12.8618108599       15.0661211978       18.8834807691
  2       12.3931102155       14.7853522884       18.9466355425
  1       11.9230896234       14.5150403955       19.0388967073
  1       21.7676902376       11.4178830871       15.5843022115
  2       21.3782432627       11.1048514123       15.3544278451
  1       20.9909283605       10.7911347775       15.1219003444
  1       13.2482428646       25.2856713407       27.0414691896
  2       13.5049383889       24.7994613714       27.0270721904
  1       13.7650770706       24.3152661977       27.0075043854
  1       25.7905602522        5.9955509020       15.1596535791
  2       26.0445549333        6.0666454812       15.6422841446
  1       26.2784475763        6.1373425864       16.1350276376
  1       22.7708085259       22.5480184672       17.3097142383
  2       22.6989433476       22.7105385623       16.7892119666
  1       22.6301214609       22.8517721532       16.2621288425
  1        0.2423169411       18.4884743930        3.0520588665
  2        0.0393750357       18.8121075343        3.4477559387
  1       -0.1682244889       19.1132653150        3.8584948186
  1       11.1836930712        2.0208174036       24.9177201171
  2       11.1430351566        1.4987156974       25.0858175365
  1       11.0908985888        0.9784376502       25.2563828639
  1       18.6155428719       27.1217185172        5.3149984348
  2       18.9805871140       26.9995629671        5.7078351985
  1       19.3465497886       26.8895211244        6.1033881186
  1        5.3474742484       17.5807154636        0.2824302831
  2        5.5468719002       17.1008777535        0.1021628471
  1        5.7496038965       16.6206767095       -0.0733555108
  1       16.1273469234        1.1547380134       19.6540641371
  2       15.8882234257        1.6086860387       19.8521831497
  1       15.6462770081        2.0556183517       20.0624530657
  1       22.1027460017        4.0899523882        9.9593487472
  2       21.6251278980        3.8489501218        9.8316817794
  1       21.1565778885        3.5902455757        9.7050609066
  1       22.2036347390       21.3393925285        9.0506901246
  2       21.9730724804       21.1970318916        8.5720728517
  1       21.7777772452       21.0297216461        8.0858969043
  1       22.0754690130        2.0710949803        6.6750735849
  2       22.3375503031        1.7986128280        6.2756153592
  1       22.5876014611        1.5015395910        5.8861003926
  1        7.7098935540        3.1668226610       13.3838121549
  2        7.6209812972        2.7514041434       13.7331287246
  1        7.5536869838        2.3365979466       14.0879629020
  1       12.8235047699        9.7006167306        6.5650135270
  2       13.0688339595        9.4808480344        6.1245418379
  1       13.3176078747        9.2740678270        5.6797345943
  1        3.4298608865       18.8909219096        3.4186215631
  2        3.3804941483       18.3994044424        3.1768086093
  1        3.3508487268       17.9042770647        2.9391743783
  1       10.3324988997        9.5518475413       22.8205829974
  2       10.6989963467        9.1485366479       22.7462866679
  1       11.0559333345        8.7354614283       22.6794671451
  1        9.9510346990        0.4834680220       16.3644837385
  2       10.0257688908        0.4532683249       16.9085451126
  1       10.1004030581        0.4034912569       17.4511794127
  1       18.2597554234       16.6766454849       22.0500949010
  2       18.1304161226       17.1069494051       21.7329042934
  1       18.0202223522       17.5206371533       21.3876221205
  1       12.8601308513        5.8255464445       16.1062677867
  2       12.6179023415        6.3012695714       16.2386039330
  1       12.3751350438        6.7739769651       16.3804198633
  1       13.4658763516       24.4011933684        7.5878220847
  2       13.7111581832       24.0700718604        7.9520958417
  1       13.9337418419       23.7305922010        8.3231889227
  1        6.1678904867        4.1869078126        0.5396187821
  2        6.1594920358        4.7363540936        0.5164185599
  1        6.1427153020        5.2854670529        0.4900842089
  1        2.0790446569       18.9455560723        0.3019275508
  2        1.6377680545       19.2692853305        0.2473901546
  1        1.2044595633       19.6031538298        0.1901575103
  1        3.6025582350       12.2667136896       10.4456190986
  2        4.1329223417       12.3311946895       10.5762181604
  1        4.6693618006       12.3660324754       10.6924895440
  1        3.3125957854        5.3213930793       17.2106450574
  2        3.0909868552        4.8180680602       17.2179530828
  1        2.8736263186        4.3128434292       17.2195241690
  1       11.0017073330       15.5110411707       22.1126208389
  2       10.5366862091       15.3706848136       22.3706042634
  1       10.0691906098       15.2465034162       22.6323805881
  1        0.5320294867       14.9592092139       12.4704666584
  2        0.6187282073       14.7364628290       11.9751209408
  1        0.7149083730       14.5252160611       11.4764986612
  1        8.2713050374       19.1596531059       26.5807017762
  2        8.7415757252       19.2850288668       26.3245252769
  1        9.2110858552       19.4135025789       26.0684886737
  1       21.8382470073       26.7336860923        3.3397974771
  2       21.9807485493       26.3028967619        3.6506251839
  1       22.1073125394       25.8664668270        3.9604807427
  1        2.1870752710       12.5437028234       14.9229692798
  2        1.8562493885       12.8504868252       15.2375130951
  1        1.5275548796       13.1762784198       15.5346994940
  1       11.7686488014       24.6100552115        4.2159622413
  2       12.1984376205       24.7314992034        3.8949748151
  1       12.6130472561       24.8631779908        3.5584342589
  1        6.3129941330        9.1904156360        9.1974341456
  2        6.3724040543        8.6890992356        9.4157282771
  1        6.4549463306        8.1982485999        9.6497206382
  1       24.8611852896       26.5031647798       23.5172090862
  2       24.7511539238       27.0247340344       23.3817151336
  1       24.6676007216       27.5471260941       23.2312977233
  1        9.0147876462       21.6710011658       18.3165103782
  2        8.8993213204       21.2575314149       17.9726931409
  1        8.7585861057       20.8631239021       17.6161313480
  1       14.4982397546       14.6511890772       22.3258167318
  2       14.8605858919       14.8944470572       22.6605268034
  1       15.2142362879       15.1373076432       23.0046926532
  1        5.8722053248       23.9921222384       10.9506972701
  2        5.3476493659       24.1269535724       10.8549812457
  1        4.8239454274       24.2587441597       10.7507438967
  1        3.4448897895        1.2471048957        8.3876100703
  2        3.2516677359        0.8669400562        8.0402774735
  1        3.0500858418        0.4926801582        7.6912871188
  1       18.9521561467        4.9391755068       13.6719373951
  2       18.4367588360        4.9558930127       13.8632124253
  1       17.9179551624        4.9611843818       14.0457357077
  1       21.5817081656       11.4336170422       19.1372095505
  2       21.2830446674       11.0290216847       18.9144928884
  1       20.9906141100       10.6262249746       18.6805288348
  1       12.0280589212       11.6437621228        9.4462832575
  2       12.3927107300       11.2347665974        9.4937355336
  1       12.7726341562       10.8386380549        9.5289543787
  1        5.1385278963       26.3596296644       25.5744356548
  2        4.7546299678       26.1527808574       25.2392700962
  1        4.3654656200       25.9600077793       24.9017946901
  1       21.5003072113       26.1933287678       23.0852208665
  2       21.0022513314       26.0849680022       22.8785852331
  1       20.5090538473       26.0044721304       22.6488535302
  1       24.4152716924        1.7205894488       20.4445563119
  2       23.9009634817        1.5494294217       20.5377835045
  1       23.3876669761        1.3677498276       20.6153671459
  1       16.0813072642       11.7208856606       18.5898202425
  2       15.6483178180       11.8801023200       18.8892700627
  1       15.2249133298       12.0516585353       19.1955331904
  1       25.8865708768       17.2500296224       24.9338134867
  2       26.0508013801       17.0053203430       25.3981901769
  1       26.2332256360       16.7770450029       25.8641427055
  1        3.5642702932        1.5443035244       12.4513868225
  2        3.8774977251        1.8747126666       12.7599615697
  1        4.1971909711        2.1870571499       13.0804879356
  1       16.9681840103       16.2549280638        6.5709991106
  2       16.5053696342       16.4567435948        6.7891122572
  1       16.0485940222       16.6618738860        7.0166591819
  1       16.3078002841       12.2097060447        4.6106800470
  2       16.0069640486       11.7905582215        4.4201212326
  1       15.6849080451       11.3897463032        4.2248528643
  1       13.6207449477       17.7116589599       21.0626298630
  2       13.7484915479       18.1053397859       20.7004196845
  1       13.8973359886       18.4911361848       20.3377814763
  1       26.8432386890        7.3890381915        9.0950261781
  2       26.7384959239        6.8505514646        9.0555167092
  1       26.6186612086        6.3145122036        9.0272050391
  1        3.3964894528       14.9796489649        8.3592118445
  2        3.3470790220       15.2316834728        7.8728609257
  1        3.2864524039       15.4799572240        7.3858449541
  1        5.7706588496       22.4735036114       18.7929419569
  2        5.2336075033       22.4110148975       18.8937933927
  1        4.6998289101       22.3474577248       19.0101587577
  1       22.5352707096        3.4941918425       23.5334885779
  2       22.3148160975        3.8389985955       23.1660541387
  1       22.1164742397        4.1948979019       22.7966002308
  1       15.5895867415       26.2640356208        2.2940855263
  2       15.3805810741       26.6575565126        2.6165106163
  1       15.1800220652       27.0592779046        2.9341519332
  1        6.4480996392       22.8349009150       14.1565932480
  2        6.7018404796       22.7583957100       14.6385294881
  1        6.9530341819       22.6858150412       15.1224032003
  1        9.9140929549       18.2830228318       10.9844772612
  2       10.0035547242       17.8778786295       10.6234304953
  1       10.1003910305       17.4819695536       10.2541355828
  1       25.1296976859       10.6075109078       24.0584567411
  2       24.7775211096       11.0290720415       24.0859861747
  1       24.4516083029       11.4717111891       24.1047325441
  1        6.2421371902       15.5466750866        5.6782169414
  2        6.7155102496       15.3168273271        5.8381792934
  1        7.1771559173       15.0847640697        6.0266731158
  1       14.5602390500        1.8567282346       12.1592924317
  2       14.2520502291        1.5563553013       12.5017771052
  1       13.9558082668        1.2544571605       12.8533424780
  1       18.8449481611       12.2504265818        6.9330826215
  2       18.9995683245       11.9278940378        6.5152724216
  1       19.1541943748       11.6047633353        6.0979268423
  1       26.7715437825        6.1062506438       26.6449413047
  2       26.4871389813        5.7034444572       26.4013000004
  1       26.2033587061        5.3004102202       26.1573078732
  1        5.9495378558       25.1861498856        7.4057293207
  2        5.7500503451       25.0362404658        6.9155947484
  1        5.5578554955       24.8916200439        6.4209776517
  1        2.9969802617       21.0947690598       21.7163272474
  2        2.6648748326       20.6605558115       21.7768651609
  1        2.3504034523       20.2148110543       21.8470033198
  1       15.1396166519        1.8224129780       27.1655112115
  2       14.7290224032        1.4653412390       27.0854353963
  1       14.3472013126        1.0757974763       27.0149491512
  1        8.6978565642       18.5912013187        6.8704961883
  2        9.1290899141       18.9187192387        6.7742163359
  1        9.5712499293       19.2311213098        6.6772654934
  1       17.5388545339       25.5607313581       21.6194869154
  2       17.6144270321       25.0188379754       21.5634480058
  1       17.6828149044       24.4777474666       21.4924257617
  1       22.2576598488        3.8451657774       18.3010976218
  2       22.6186180251        4.0429494113       17.9362814638
  1       22.9851019951        4.2259686360       17.5692753847
  1       12.4381587823        5.2484616497        2.6243083950
  2       12.1572693792        4.9460584974        2.2607791984
  1       11.8751766851        4.6228366896        1.9166115448
  1        2.8421041550       21.4963496537       24.9549158947
  2        2.6460021783       21.9140195237       25.2542416277
  1        2.4456442640       22.3323303901       25.5498304032
  1       21.1330903423        0.5435802909       26.5655869084
  2       21.3849153990        0.7892455860       26.9883548158
  1       21.6449581501        1.0353337016       27.4058693736
  1        9.2443905512       23.3454455426        0.8385491160
  2        9.7652781718       23.5215713601        0.8510304290
  1       10.2888669223       23.6897675748        0.8590835416
  1       23.4060397619       22.4082039199        5.3496167166
  2       23.6018352452       22.4650221098        4.8387979405
  1       23.7977474018       22.5508358682        4.3320885319
  1        3.3590985891       22.4858998546       15.8220800682
  2        2.8209158224       22.5249923568       15.9285276420
  1        2.2799858933       22.5464936596       16.0256487245
  1        0.3825772677       25.2979023691       26.5964454531
  2        0.0062843422       24.9515406289       26.3941160703
  1       -0.3726397214       24.6069183076       26.1937364091
  1       18.4919204258        9.2203024036        0.9580893500
  2       18.1956061839        9.6571587741        1.1125379876
  1       17.8699297009       10.0749028193        1.2606080390
  1        5.8532515618        0.9323472466        5.1409635344
  2        5.5864915667        1.3540520440        5.3722732161
  1        5.3236555494        1.7878353400        5.5849919954
  1       15.9600080885       19.0340875137       23.8851618574
  2       15.5115304705       19.2457086026       24.1230364901
  1       15.0638057586       19.4725960931       24.3479023346
  1       11.7704100162        1.4343522645        1.8262440577
  2       11.3792575427        1.1465455936        1.5680444011
  1       10.9819694769        0.8825452719        1.2942451646
  1        1.0289700809       22.5118210135       19.2859970579
  2        0.7117015272       22.8500058658       19.5817531575
  1        0.4133540404       23.2181893813       19.8609120281
  1       24.7520781207       19.7492827979        6.7177506550
  2       24.5393527244       19.2928459522        6.4965871145
  1       24.3130742042       18.8521174002        6.2577223542
  1        7.2404769418       22.7892674287       25.5334393661
  2        7.1933883160       23.2799281643       25.2894420222
  1        7.1471343664       23.7734943486       25.0512131557
  1        4.5895149243        1.1025635539        2.1022732794
  2        4.4632456278        1.2311004299        1.5826249981
  1        4.3533437247        1.3494760500        1.0568790678
  1        3.0772846903        8.2171210511       15.2000325724
  2        2.6031541983        8.4632761065       15.0692351518
  1        2.1425227504        8.7303007803       14.9313348554
  1        2.3460531965       15.5981075208       21.4375658046
  2        2.7620669781       15.8294806115       21.1620680251
  1        3.1732610224       16.0615671159       20.8800125140
  1        6.4438507229        3.5960997487       23.8315947963
  2        6.8069820000        3.3648873150       24.1739053075
  1        7.1658043472        3.1031987084       24.4983519060
  1        4.0357056025        6.1355757998       24.7217736403
  2        3.7160362368        6.1299466852       25.1692999632
  1        3.3800077489        6.1242629185       25.6046762937
  1        3.8167271615       25.5480778664       18.4055996352
  2        3.3203001725       25.3381528884       18.2960927946
  1        2.8146260645       25.1405463289       18.2080851636
  1        9.8476829478       12.2359914042        0.9396016507
  2        9.4171379133       12.0002546947        0.6914904316
  1        8.9898792086       11.7829119682        0.4218385495
  1        1.0574654308        6.4164480699        5.0618976318
  2        0.5649851692        6.2915353488        5.2725157794
  1        0.0720019411        6.1612503540        5.4786549457
  1       22.0576436488        7.1995253692       20.6336537800
  2       21.8170326526        6.9754490675       20.1927499815
  1       21.5628196943        6.7447598621       19.7630311649
  1       18.9059078265        8.0943441895        5.2485878953
  2       18.5124000184        8.2906872617        4.9182834858
  1       18.1097505368        8.4948281414        4.6041180911
  1        5.4091382032        2.1539281759       16.7144990362
  2        5.6396029803        1.6621248767       16.8011910280
  1        5.8701292172        1.1688364244       16.8788064642
  1       26.2306323768       21.0114197030       23.0504721959
  2       26.4813570347       20.9973620419       23.5397977808
  1       26.7318215325       21.0066551874       24.0293702186
  1        8.6324487719        6.7245146920        2.4461236260
  2        8.4404266932        6.9390173675        2.9147558097
  1        8.2410910417        7.1521669306        3.3809452140
  1       22.7052127702        7.4096815534       10.7846240741
  2       23.1327175230        7.4801277253       10.4458364958
  1       23.5678624037        7.5454991628       10.1158736086
  1       16.3263108139       15.0757981199       26.6797060598
  2       15.8411366978       14.9874064990       26.4362045229
  1       15.3584368630       14.8937381784       26.1897758027
  1        2.3282243060       18.0429776675       14.4025212276
  2        2.3112061981       18.5825100111       14.2970924165
  1        2.3065029145       19.1227429602       14.1940087672
  1       23.9551491533        9.2991271802       14.1514445540
  2       24.1439736772        8.9947938336       13.7340400579
  1       24.3183365031        8.6847577563       13.3145460357
  1        4.3756794496        8.1978169662       20.6644829151
  2        3.9923501888        8.2005236268       21.0588829047
  1        3.6188330412        8.2263520175       21.4617697793
  1       15.9432247732       26.5835085729       10.4774897319
  2       15.4959032455       26.3547017676       10.7012103091
  1       15.0532251709       26.1112258848       10.9185938774
  1        4.0065174170       15.3901419691       13.3479750733
  2        4.0965193504       15.2307622538       13.8666250115
  1        4.2013785393       15.0716760044       14.3825669798
  1       19.7185488583        2.4096244406       15.9924634081
  2       19.1994408032        2.2432828890       16.0656570923
  1       18.6772905801        2.0931779799       16.1512588432
  1        1.8610314118       18.8837166435        6.5409885098
  2        1.5185445990       18.8476192317        6.9698238627
  1        1.1915682072       18.8007511204        7.4095849550
  1        7.2380989047        5.8291843733        7.2411229671
  2        6.8703183582        5.4273395387        7.1652401723
  1        6.5076053131        5.0211456500        7.0881313491
  1       19.0808461033       13.1602267495        2.3172409689
  2       18.5855046770       13.3513652498        2.1737037083
  1       18.0841526799       13.5155770666        2.0182024117
  1       16.4698174691       22.6812206355       24.2917905950
  2       15.9682768159       22.8680572338       24.4184754749
  1       15.4701440146       23.0439619583       24.5715154668
  1       12.8605097131       10.5410487695       16.9044680282
  2       12.9418488931       10.1916305940       16.4875856989
  1       13.0417738023        9.8449167435       16.0724899060
  1        4.5147926765        4.8459553359        3.9861979107
  2        5.0344390875        5.0259742264        3.9939957673
  1        5.5479030974        5.2230868339        3.9951488121
  1       27.1202863450        3.6276803491       18.1131210327
  2       26.8536850641        3.2374461660       17.8318008604
  1       26.5890186318        2.8536906843       17.5399388916
  1       22.3298150815        3.3909919519        3.1406523019
  2       21.8387264001        3.2245731151        2.9572492545
  1       21.3554916397        3.0502771971        2.7607674532
  1       21.8082900201        1.7499755380       13.0988221598
  2       21.6868762011        1.3604731613       12.7299772288
  1       21.5882392963        0.9518062222       12.3753477139
  1       18.6124024049       11.9643294920       20.9505338327
  2       18.2009439902       12.2946332646       21.1057800589
  1       17.8036110140       12.6387128081       21.2677546642
  1       13.2731073870        4.2603817712       26.0907384071
  2       12.9647972968        4.6242485956       25.8167934813
  1       12.6594223658        4.9784725779       25.5273603787
  1       23.9358748526       18.4058132838        2.8881732462
  2       23.6519980529       18.0691815935        2.5586386232
  1       23.3840565522       17.7227716658        2.2259112376
  1       21.0599078273       15.6346775210       15.6545162372
  2       21.5209259397       15.5941463237       15.3573302314
  1       21.9809257565       15.5499220201       15.0590947899
  1       15.2979563581       20.4328845852        7.6723593396
  2       15.6813252813       20.7838170385        7.8522889980
  1       16.0563728023       21.1438034938        8.0318693643
  1       14.8154334989       18.7101145267        0.4896407306
  2       14.9905476152       18.2530230038        0.7404442114
  1       15.1510915044       17.7976965733        1.0038896523
  1       11.0614207898        3.2481146289       18.9471462272
  2       11.5479125456        3.2738505707       18.6918749346
  1       12.0370485960        3.3364269203       18.4482971777
  1        8.3511963977       12.7412596890        9.8088239608
  2        8.3798774867       12.5106198469        9.3103436117
  1        8.3934704021       12.2601544735        8.8208721331
  1        2.3183856707        7.3021159422       11.3974856103
  2        2.7717627291        7.3968709169       11.6940842241
  1        3.2300066211        7.4730949488       11.9885369901
  1       24.5981712797       23.7049618954       10.5311492752
  2       24.6371818748       23.6694870595        9.9836826466
  1       24.6965999482       23.6174696821        9.4393815498
  1       24.1927402745       21.1418424511       20.3870240960
  2       24.5966933968       20.8969008434       20.1053762950
  1       24.9807311880       20.6219143076       19.8236008898
  1       24.3805487457        9.8577131577       20.8213102249
  2       24.7823440186        9.4846328709       20.7780475604
  1       25.1634997335        9.0922703278       20.7208465567
  1        4.8807884057       12.0694519326       21.3236203675
  2        4.7144228929       12.5342938194       21.0812476455
  1        4.5671524390       13.0084377718       20.8446067260
  1        4.8574516280        4.7094563582       10.9578469781
  2        5.3101476239        4.7118266405       10.6454998682
  1        5.7658160270        4.7206293465       10.3376219414
  1       12.8457612140       18.7581825524       12.1629183660
  2       13.2811676971       18.7225628099       12.4970626887
  1       13.7305640368       18.6803663058       12.8113275197
  1       25.8659300860       11.3498421040       10.0406313663
  2       25.4844187137       10.9764917199       10.1731400962
  1       25.1129104350       10.5951179094       10.3111097108
  1        1.1830194367       12.1216215090        7.9724340109
  2        1.0109792613       12.4830747125        7.5952685833
  1        0.8400633427       12.8356967332        7.2093340574
  1       22.4707021275        5.6101399946        6.3352658528
  2       22.5445566356        5.7850140007        6.8514679388
  1       22.5861166768        5.9570610972        7.3722102537
  1       11.8092998115       11.6865399037       20.7087218294
  2       11.3631445533       11.9320780716       20.9164632400
  1       10.9154602900       12.1897532087       21.1053608924
  1       21.3079497911       21.5904828662        1.4873156994
  2       21.1909733875       21.9604582271        1.8771037871
  1       21.0876223143       22.3246272265        2.2761019006
  1       25.1579614425        4.4430363043       11.3235937067
  2       25.3094779684        4.8605272082       11.6480071583
  1       25.4684795582        5.2784332912       11.9682773554
  1       10.1906697683        8.0259908961       19.2140923406
  2       10.2840356125        7.4851666076       19.2500354641
  1       10.3690852347        6.9425675877       19.2792393049
  1        9.3070926644        2.7074653895        7.6849797374
  2        8.8092472485        2.5695380228        7.4962312714
  1        8.3036016054        2.4621343321        7.3083831152
  1        8.6756071686       14.9503705967       26.0908339909
  2        8.9161772150       15.4213420104       25.9397976370
  1        9.1446637748       15.8927336417       25.7722153559
  1       25.0035408138        0.3170021001       10.9467624804
  2       24.6893288084        0.0193741773       10.6073682624
  1       24.3837034969       -0.2895376190       10.2702233824
  1        5.2341857871       13.3726501617       26.0045825870
  2        5.6208339235       13.2418249850       26.3732124716
  1        6.0169151733       13.1058694896       26.7297734702
  1       11.2455825360        1.2982972623       21.3983280644
  2       11.6708129317        1.1436360402       21.0856636805
  1       12.1130148571        0.9927837306       20.7954895314
  1       19.1747844792       13.7295281519       12.9439311043
  2       18.7106254147       13.9850286464       13.0914975644
  1       18.2512672473       14.2485579753       13.2399642808
  1       15.1855424669       13.3466225691        9.6127607198
  2       15.5654663784       13.4521707164        9.2293322257
  1       15.9374350071       13.5791028010        8.8445886953
  1        1.0819637808        2.4428261977        5.5757518810
  2        1.3070946997        2.4900223138        5.0761634544
  1        1.5442321340        2.5265514010        4.5812579463
  1       22.0848979154        7.8245185072        4.0579456794
  2       22.2357356698        7.4470762404        3.6874253601
  1       22.3676614111        7.0866960082        3.2934435255
  1       15.6406578496        5.7511715933       19.9262104165
  2       15.1712716294        5.5215833525       19.7545543185
  1       14.7020171927        5.2850835735       19.5921716620
  1        6.9669550820       11.3312632561        3.8554694102
  2        7.0486048194       11.3315809284        3.3115638858
  1        7.1132641380       11.3291626240        2.7653832167
  1        6.0732683951       20.1885658983       23.7392226909
  2        6.0434531794       19.8206470827       23.3314889566
  1        6.0038125112       19.4770126566       22.9038863402
  1       10.0476610928        5.1432136009        9.6072755083
  2        9.9102979416        5.6704005366        9.6828089411
  1        9.7906717093        6.2003141077        9.7687226815
  1        6.1690492132       18.9163942939       19.5304291498
  2        6.2333021069       18.3750109710       19.6030629116
  1        6.2990535145       17.8349226478       19.6835697720
  1       16.0746111249       16.1782635292       18.5704833665
  2       16.2700465703       15.7807173088       18.8964618770
  1       16.4820672756       15.3789054727       19.2064529541
  1        8.6992198031        8.8135458875       26.3890300633
  2        8.2774772061        8.5524823098       26.6266831514
  1        7.8585127729        8.2776751648       26.8535087139
  1       10.2243691665        6.2083234223       13.8794765504
  2        9.8708225001        6.0071056517       13.5093196060
  1        9.5046958674        5.8178888386       13.1451104829
  1       11.5829195843       25.6060981519       11.1851037940
  2       11.8253671124       25.4593652023       11.6564726917
  1       12.0516093757       25.3185325141       12.1375969908
  1       20.3786840033       20.2563981606       22.7378928879
  2       19.8593696743       20.3409814958       22.8980749315
  1       19.3431521967       20.4404684103       23.0596975431
  1        8.0514156950        0.3656513879       26.3813626284
  2        7.9123947240        0.6072277597       26.8555082032
  1        7.7802330932        0.8612160913       27.3251072128
  1        5.7193499962       15.4085019103       23.3803570877
  2        6.0913408442       15.7955843187       23.4998979514
  1        6.4512244513       16.1927497649       23.6233621028
  1       16.5895184010       19.6720379108       18.1938208821
  2       17.0497062592       19.3858216508       18.0999731985
  1       17.5103576009       19.1015757429       18.0024816389
  1        1.6795034869       15.2884900076        4.7083954944
  2        1.7842693293       14.7696391540        4.5590036941
  1        1.8741470635       14.2480892028        4.4093118765
  1        6.7303351726       25.6451259346        2.8671315029
  2        6.8540306736       25.1224781316        2.7486464954
  1        6.9726523694       24.6036686165        2.6098459934
  1       18.4298422958       23.7473579141       14.0008277359
  2       18.3895765071       24.0175668070       13.5234748052
  1       18.3511292795       24.2889880186       13.0466600239
  1       15.4496917435       11.7530718016       26.9851425580
  2       15.2282002047       11.2500883589       27.0063358276
  1       14.9986923024       10.7515509009       27.0422039845
  1       12.0740808828        2.7738877600        5.9110377210
  2       11.7974443404        2.7687856495        5.4356997445
  1       11.5196039245        2.7565882647        4.9611937634
  1       22.1869805780        4.6484878056       -0.3940383643
  2       22.4969301877        4.8603460563        0.0078911333
  1       22.8293043495        5.0793414911        0.3874545867
  1       11.5729424528       15.1055154868        8.6798533601
  2       11.1686589492       15.1487020196        8.3094619831
  1       10.7655901430       15.1922098244        7.9377865772
  1       14.1030165472        3.5105247266        8.5123094204
  2       13.8544230926        3.8339545040        8.8812192650
  1       13.6000946520        4.1689958218        9.2355698804
  1       19.3370373835       25.0798441980        1.9349915375
  2       18.8590723726       24.8669747952        1.7654743828
  1       18.3936632809       24.6361607377        1.5848663897
  1       14.6168920432       26.3739439469       23.3379899988
  2       14.2689298359       26.7980777903       23.2988391985
  1       13.9394922032       27.2368572109       23.2608462366
  1       24.6584021562       24.4640139385       20.3372831776
  2       24.3591566619       24.9166163107       20.4273011026
  1       24.0571169274       25.3646599311       20.5299115891
  1        2.8048931838       10.6040555644       18.8103768249
  2        2.9542211767       10.6197436161       18.2812690518
  1        3.0908813066       10.6218403072       17.7485218211
  1       25.7478530611       26.1377406046        6.3415266313
  2       25.8013748124       26.4873462852        6.7627288277
  1       25.8733795510       26.8564934529        7.1640338055
  1        9.0367947193        4.3284876003       16.5764476748
  2        8.7998285216        4.8181545913       16.6575233127
  1        8.5731520064        5.3125579021       16.7392736812
  1        7.8523167573        1.9663839728       19.7938086934
  2        7.9716273543        2.0660091490       20.3213878872
  1        8.0897933353        2.1604853041       20.8501705042
  1        2.0789834809       22.3019043448        2.1127116388
  2        1.9144972525       21.9648796295        2.5150282082
  1        1.7470002335       21.6000605243        2.8909959835
  1       25.7212781939        8.9304647895        2.7069914457
  2       26.1732523144        8.6612987054        2.5464641473
  1       26.6228285738        8.3888413582        2.3847601588
  1        8.7032773205        9.0406801859       12.3609982770
  2        8.5425524567        9.4531306259       12.0345750048
  1        8.3356283155        9.8498499850       11.7147373133
  1        2.5479160602       25.4348779762        4.7379500734
  2        2.8021191416       25.9185241785        4.6749648024
  1        3.0835327523       26.3892634426        4.6336014872
  1        4.0660339991       16.3864563471       17.4408845418
  2        3.7131283796       15.9884586995       17.5807255093
  1        3.3319846308       15.6167939101       17.7189091772
  1        2.4107756064       18.6130902184       10.5941444956
  2        2.6183070678       18.1044136002       10.6201981065
  1        2.8439450037       17.6033418483       10.6428833505
  1        1.1933071240        1.1095079212        1.4269894028
  2        1.1053334917        0.6479165670        1.7128111336
  1        1.0183454630        0.1800582244        1.9885676442
  1       15.0464461016        3.1241877939        3.0270690272
  2       14.9479786271        3.2546922888        3.5522097067
  1       14.8576373811        3.3674987894        4.0828820648
  1       21.8005050055       13.5279639752       22.7225133521
  2       22.1992481582       13.4048635663       22.3642534080
  1       22.5839296499       13.2845186909       21.9900378820
  1       20.6203944324       20.1767065452       19.0288192513
  2       20.6225918213       19.7514158521       19.3775641406
  1       20.6086139408       19.3320235723       19.7331126373
  1       16.0867772108        1.6296088325        6.6047285691
  2       15.8824416076        1.1277678738        6.6990822308
  1       15.6851314959        0.6192939068        6.7699549594
  1       24.6712313925       12.8845222365       13.9316099947
  2       25.1178314429       13.0607050693       14.1999530670
  1       25.5631262269       13.2567231549       14.4564476368
  1        4.7291194155       20.7669217643        0.2719395780
  2        5.0637335916       20.7854765164        0.7080463016
  1        5.3831636845       20.8010039641        1.1555094990
  1        3.2264994651        5.4938991139        7.3416317153
  2        2.7966757033        5.3447938343        7.6506934394
  1        2.3760310430        5.1993240583        7.9737980866
  1       16.1681059891        6.0719768109        6.7304483452
  2       15.7045417570        6.1998058209        6.4634877734
  1       15.2397256891        6.3217658812        6.1959587735
  1        8.6502311925       26.4004913197       13.0555776097
  2        8.2938557732       25.9901343897       13.1398613599
  1        7.9322277840       25.5845904969       13.2250631637
  1       19.9088053629        7.1467531706       25.5675419416
  2       20.4413000154        7.2840286410       25.5777835373
  1       20.9771223255        7.4067812726       25.5958457183
  1       10.6801919868       24.5086408646       16.3339007004
  2       10.3084620754       24.2020672778       16.0687035872
  1        9.9554616006       23.8822856640       15.7936937997
  1       18.1977789917        2.5410642522        2.4052733285
  2       18.0968091435        2.0052625968        2.3330121645
  1       17.9867991234        1.4715405349        2.2585906954
  1        0.8479993181        6.8745833014       23.3315365102
  2        0.5515472504        7.3288301047       23.2405639143
  1        0.2436736880        7.7777471718       23.1619042967
  1       18.4940976087        8.1534188128       20.1926526689
  2       18.3471636442        8.3087831700       19.6859255958
  1       18.1878777018        8.4693798166       19.1845906732
  1        7.3904683720       14.0164580199       12.9235305569
  2        7.5212810146       13.4981314660       13.0528581875
  1        7.6526967449       12.9771721403       13.1704646741
  1        8.8123549161       24.9768826295        8.9987244993
  2        8.8310953587       25.4351411100        9.3022833254
  1        8.8556746439       25.9050541300        9.5870246313
  1       12.4256423359       21.2590391246       19.4159306081
  2       12.2912468455       21.1135684219       18.9028262066
  1       12.1604869329       20.9776045714       18.3861873815
  1        1.4343816050       11.1225821385       22.0534261306
  2        1.0726574093       10.9912565799       21.6604767650
  1        0.7012322458       10.8769689416       21.2712702868
  1        8.5840060632        3.5932842945        4.1705944632
  2        8.5581791758        3.2011873613        3.7857659731
  1        8.5421787707        2.8260544952        3.3838713117
  1        7.3209261575        6.6640834417       23.9062332837
  2        7.4746931482        7.1105811187       23.6242837545
  1        7.6215685796        7.5512299147       23.3297396234
  1       21.4424267849       24.7765483144        7.9266650774
  2       21.7946732014       25.1977147503        7.8943959687
  1       22.1329109057       25.6312736713        7.8833543937
  1       11.3609337940       12.0241053653       13.9335964186
  2       11.2594935280       12.2730724792       13.4537784858
  1       11.1348483653       12.5078570414       12.9722810385
  1       15.9312226844       24.6080634476        5.2196924645
  2       16.0070229480       24.0910586739        5.3913327395
  1       16.0698128999       23.5718039957        5.5614268316
  1       15.4622406336        3.6958422423       16.1279353950
  2       15.3336803767        3.4045526347       16.5764023669
  1       15.2089572956        3.1013663140       17.0180155539
  1       20.6846091497       18.9181552928        5.1890851330
  2       20.9166795563       19.2781678007        4.8440716252
  1       21.1663308083       19.6370918759        4.5103835080
  1        8.6641798463       26.9694012742       23.1631413654
  2        8.1248270878       26.8756321272       23.1101701564
  1        7.5842451641       26.7837775570       23.0673458557
  1       16.0453711961        7.2038514810       16.7980497313
  2       15.8564658055        7.2769374727       16.2867052376
  1       15.6636229653        7.3531082933       15.7772843468
  1        1.8129008530        1.4098675867       15.2261640468
  2        1.8167152404        1.0961411236       15.6778953350
  1        1.7976211459        0.7859043605       16.1316447872
  1       10.5204004367       17.5928383009       18.7806966956
  2       10.1597857376       17.7504718733       18.3964979246
  1        9.7969693754       17.9051659724       18.0131781860
  1        5.1479810159       18.4759867635        7.9895788348
  2        5.1505750943       18.4403360124        7.4407416142
  1        5.1454975275       18.3848935314        6.8935667349
  1        3.7131881341       25.3108170846        1.1026716409
  2        3.9716822719       24.8840949603        0.8711786403
  1        4.2291889898       24.4540150206        0.6448568899
  1       14.0294644967        7.4242040559        8.9747081911
  2       13.5588804231        7.3836027722        9.2564920895
  1       13.0876466648        7.3449719866        9.5374661211
  1        1.1313520053       12.8596553878       24.8009959314
  2        0.9473519293       13.3574472599       24.9453816096
  1        0.7553273934       13.8591011846       25.0635760105
  1       10.5999549407        5.8905434644        5.8947429917
  2       11.0786391987        5.9667978427        6.1546403772
  1       11.5530656984        6.0385572546        6.4234713317
  1       17.4471659552        8.8685306870       23.9758549102
  2       17.4313028228        9.1800737403       23.5228766690
  1       17.4061529060        9.4944106410       23.0722551055
  1       19.1080267738        7.3191092666        8.6306351499
  2       19.3016324801        7.0071660021        9.0401571032
  1       19.5074935851        6.6718269104        9.4244342141
  1        8.9087670253       22.1116129124        4.9762610796
  2        8.8176642504       22.3838579133        5.4453910657
  1        8.7103775005       22.6667798844        5.9046782423
  1        2.9407427377       22.5862069986        7.7316893458
  2        3.3553627365       22.4539515839        8.0679909394
  1        3.7906221309       22.3417496537        8.3849451718
  1       14.4700542158       22.1463162822        2.6871475100
  2       14.9907865156       22.0779525170        2.5238555398
  1       15.5120861495       22.0038689048        2.3649269107
  1        9.9975311753       19.0812585150       15.0753664595
  2        9.5182400824       19.2662532528       14.8790071072
  1        9.0470651453       19.4524617243       14.6649496785
  1        1.4261353175       25.0273739248        9.6363924017
  2        0.9296132656       25.2617909800        9.6682435594
  1        0.4296116136       25.4875184353        9.7075559355
  1       22.2796551230       16.9493313294        8.0443479595
  2       22.7850517679       16.7791367711        7.9097818284
  1       23.2860193262       16.6000661733        7.7702639960
  1        6.8377324970       16.7890725278       15.6005157031
  2        7.2315040871       16.4838055271       15.8334448620
  1        7.6252375881       16.1653642737       16.0480819915
  1       16.1121782212       21.0296317145       21.1076465901
  2       16.6411344531       21.0654615948       20.9612856512
  1       17.1715555710       21.1192517099       20.8261558611
  1        9.2654916417       15.9638076487        3.1661801203
  2        9.2263807197       15.5122945853        2.8545612997
  1        9.1969090457       15.0586193009        2.5450291435
  1       13.1496660235       17.7341996637       16.9649228289
  2       13.5542016582       18.0304759432       16.7389332574
  1       13.9592020764       18.3166365021       16.5010534668
  1        5.8851226866       15.5065541437       10.0471824399
  2        6.3381955292       15.6906504089        9.7955208329
  1        6.7910946405       15.8576052830        9.5318762540
  1       13.9642706230        5.3819042478       12.1590317004
  2       14.2992361447        5.3360837536       12.5928503049
  1       14.6381334355        5.2726621900       13.0213667345
  1       18.1608052467       11.1035657652       10.6340618615
  2       18.5486490999       10.9418069591       10.2792221312
  1       18.9453895942       10.7841862259        9.9324474441
  1        9.9465562292       13.0787871373        4.9877595835
  2        9.9878652255       12.7744584853        5.4440244609
  1       10.0248308198       12.4734050877        5.9028276819
  1       13.5108798174       27.2243287272       17.4588735373
  2       13.3888142366       26.7394359516       17.6879564703
  1       13.2410858724       26.2585352343       17.9102419387
  1       20.8830021051       20.1995021686       15.2969877177
  2       20.6436205264       19.7357935090       15.4706849793
  1       20.4025740835       19.2833371442       15.6698829947
  1       13.9811564617       24.3388278257       20.3888495754
  2       13.9431823962       24.1171840191       20.8907778505
  1       13.8934389464       23.9206841980       21.4020638844
  1       22.5436022530       20.1778546454       25.5815850098
  2       22.7494308192       19.6787987445       25.4763338382
  1       22.9737268427       19.1869110091       25.3751520777
  1       25.1358044059       17.9260600228       13.7161800580
  2       24.9782933087       17.3991227460       13.7214107928
  1       24.8132508278       16.8745214220       13.7287884204
  1        9.3213902390       19.5116015679       21.1567874549
  2        9.2923962161       19.0061417302       21.3716588097
  1        9.2343960658       18.4984368417       21.5750592220
  1       16.1614896533       10.2921615924        7.6084293090
  2       16.2662096977        9.7610411955        7.7056138567
  1       16.3680528132        9.2277620441        7.7935986591
  1        1.2106420058        9.3891967468       26.1089561469
  2        0.7231609096        9.6035106934       26.2465487088
  1        0.2484023745        9.8223513832       26.4174670659
  1        1.6199301837       15.4439772158        1.0933387636
  2        2.0051849787       15.4791236028        0.7023867533
  1        2.4011674183       15.5165056494        0.3225177113
  1       15.0456784574       11.2317219966       13.9831787963
  2       15.0053812086       11.3418471333       13.4458254805
  1       14.9546391936       11.4421240006       12.9074299040
  1        4.2014936849       24.1471832661       21.5483505757
  2        4.5422547439       23.9359521022       21.9248652448
  1        4.8799584688       23.7182004614       22.3004187244
  1       17.3273236070       20.4233242336       14.6596832940
  2       16.9499600779       20.4481353330       14.2603323502
  1       16.5606909953       20.5136538898       13.8773481482
  1       24.4856962791       25.6190051004       14.3971507313
  2       24.7783022974       25.4397540976       13.9673242593
  1       25.0451949290       25.2602434704       13.5211804967
  1       27.4225624987        2.8014594400       22.9565551054
  2       27.0870730226        3.1745418101       23.1818468195
  1       26.7473949234        3.5387247452       23.4152768470
  1       14.1530763821       14.9070996760       12.3241794276
  2       14.4114850885       15.3361737681       12.0969782746
  1       14.6805914180       15.7647587926       11.8815794370
  1       13.7840083582       17.6475627795        9.1005017918
  2       13.3846376566       17.9066452212        8.8250397596
  1       12.9833917772       18.1601411122        8.5471160714
  1        2.3828520767        2.0140189540       25.5093387817
  2        2.7160383355        2.3445472165       25.2225671223
  1        3.0303074389        2.6937607029       24.9365865800
  1        6.8548765531       18.3254333982       12.1352589282
  2        6.3307287136       18.3893497639       12.2891541540
  1        5.8031472321       18.4415756847       12.4355448386
  1       23.2428885487       12.6553660661        7.8015916431
  2       23.7608847885       12.8115022164        7.7025896326
  1       24.2723983201       12.9791851251        7.5897342023
  1       17.4117192923        5.2829952240       22.9170892921
  2       17.8656437668        5.3422101829       22.6122185653
  1       18.3084804547        5.4219065930       22.2959210011
  1       10.7181458843       24.0219548864       19.7294058468
  2       10.6022247063       24.5497427008       19.8318865937
  1       10.4638578953       25.0708667807       19.9404421920
  1        0.5692553450       16.6373251541       16.6280286564
  2        0.0273187093       16.5474512214       16.6010590618
  1       -0.5129284704       16.4461279480       16.5819128331
  1       26.1254253205       20.0226342656        9.7032291630
  2       25.6844735928       19.7153323646        9.8199643995
  1       25.2552060908       19.3977809576        9.9518374999
  1       14.1068488222        3.1528619084       22.8633498649
  2       14.5668930951        3.1424828522       23.1645998312
  1       15.0284418138        3.1323328269       23.4635475795
  1        2.5085006987       19.5758237560       18.4301901059
  2        2.3043970667       19.6698271426       17.9281890394
  1        2.1114195069       19.7620612267       17.4214814964
  1       12.1989499574       21.3976405275       14.6409601815
  2       12.3273342436       21.8552211549       14.3641254935
  1       12.4723962414       22.3018188006       14.0777558745
  1       26.8496149028       17.7316764874       21.1369433711
  2       26.8344189861       17.7490007565       20.5874263524
  1       26.8156495782       17.7770764641       20.0384641834
  1       16.9199829113       25.7673096993       17.2371131254
  2       17.0831545135       25.9326236859       16.7385689306
  1       17.2422026563       26.1388657858       16.2541436180
  1        5.8258334883       12.8159703513       17.7175657067
  2        5.9908756881       12.9439693279       17.2087658106
  1        6.1708843727       13.0584988022       16.7018339888
  1       26.4643368735       10.7596806392       16.4709203243
  2       26.0954586430       10.9015166103       16.8534270673
  1       25.7189814756       11.0466878656       17.2271786533
  1       23.9413317108       14.1056770800       18.7211688802
  2       23.9405260586       14.1184390959       18.1713175532
  1       23.9457045256       14.1258654649       17.6213920750
  1       12.7494893211       21.4392131937       22.9054170549
  2       12.2123418683       21.3676269931       22.8113530881
  1       11.6774808121       21.2973803971       22.7041660305
  1       20.7234662057       11.5636787424       27.0097198952
  2       20.9931801417       11.7287040853       26.5596965303
  1       21.2831306441       11.9240209449       26.1351025719
  1        1.7428536752        4.6732536074        1.9761597558
  2        2.1663574701        4.6066703498        1.6316148305
  1        2.5927501065        4.5414284424        1.2903923047
  1       11.9880462999       14.2815123609       25.5745911238
  2       12.0074598054       13.7832651422       25.8066963261
  1       12.0148159420       13.2806546509       26.0299194884
  1       26.8307307800       24.3884833650        3.1632604267
  2       26.3422595829       24.5802314425        2.9985529152
  1       25.8579367687       24.7673365927        2.8171057510
  1       14.2815168275        6.8994064090       22.9147826595
  2       14.3864184651        7.3181203385       23.2556261597
  1       14.4930470587        7.7316527932       23.6022112877
  1        9.5745428271        4.7182872446       26.8872654699
  2        9.6057212668        5.2088801738       26.6405946717
  1        9.6264555896        5.6810797302       26.3593515993
  1        4.6735439018       22.1567736872        4.5458584783
  2        5.0251850004       21.9119923577        4.8907216954
  1        5.3746831594       21.6546026193        5.2285109172
  1       17.1749037940       17.1386547544       14.3716753170
  2       16.6984533194       16.8889743021       14.4863688956
  1       16.2182863747       16.6423691402       14.5918468474
  1        6.5296653095       21.1416758319        9.7134010897
  2        6.9092519558       20.8651499409        9.4271365102
  1        7.2727507769       20.5771047648        9.1315039974
  1       17.8874931380       26.3459124755       25.2640369687
  2       17.9311755165       26.6142776525       25.7421289908
  1       17.9869634726       26.8926049376       26.2132145725
  1       18.8308962634       17.5693268872        1.9058380486
  2       18.9248373840       17.1851329193        2.2880291800
  1       19.0386109883       16.8136789468        2.6773587476
  1       18.7083121000        3.8918005071       19.1428234860
  2       18.7262847093        4.4314315146       19.0380601287
  1       18.7578385460        4.9695996849       18.9290675837
  1       20.0131000853       20.6412831559       11.9055977760
  2       19.6170790168       21.0046831708       11.7889455472
  1       19.2162746443       21.3681548380       11.6902328272
  1        6.2609309146        6.8372241860       13.7993481303
  2        6.0292284836        6.3577952760       13.9370503584
  1        5.8135108788        5.8730525307       14.0819309467
  1        3.7963327566        8.6102591097        1.1450884061
  2        4.0402987735        8.2427692092        1.4736180937
  1        4.2950787189        7.8956466513        1.8158067963
  1        6.2354175130        7.7078101866       17.7298517221
  2        5.9791235106        8.1678218469       17.5710982757
  1        5.6996597729        8.6231002049       17.4402486100
  1       24.1694776171        6.7545951991       24.0096688603
  2       24.1059190822        7.2283101886       23.7375394402
  1       24.0382337932        7.7068638478       23.4750416385
  1       11.6895634207       17.9651263275       24.1093543199
  2       11.8858158471       17.8506807663       24.6102407328
  1       12.0868026421       17.7455489690       25.1112912416
  1       14.7577717957       11.3460629119       23.7572345700
  2       14.2079290660       11.3558161716       23.7484115045
  1       13.6584882133       11.3698663307       23.7279825679
  1       24.8757245900        0.9045338289        3.7827137971
  2       24.9172354613        1.0944128415        3.2682015930
  1       24.9808982693        1.2733777789        2.7520440618
  1        6.6619524137       18.9066521147        3.9279823081
  2        6.7467612868       18.4766089897        3.5957619509
  1        6.8039153022       18.0513802423        3.2516486994
  1       21.5615685529       25.0320248044       12.2122585065
  2       21.5108484897       24.6613279089       11.8091316196
  1       21.4324076927       24.2930128437       11.4082687340
  1        4.8977581658       12.4553091705        6.0983937739
  2        4.7204614572       12.1461721531        6.5173211919
  1        4.5686942968       11.8368803181        6.9460463822
  1       18.8169342595        2.1071059123       22.1851531971
  2       18.3978192537        1.8353175773       22.4153133867
  1       17.9824272592        1.5467835482       22.6314096707
  1       18.7878022981        5.8972035766        2.3152999762
  2       18.2566925182        5.7701394100        2.2499004408
  1       17.7287609756        5.6316143065        2.1820839160
  1       18.3078644971       22.2573323823       17.4123263579
  2       18.6654839481       22.6751579543       17.4068382166
  1       19.0086902190       23.1048956353       17.4009238183
  1       25.2323022061       21.3720756664       -0.0580404328
  2       25.2253722054       21.4593432757        0.4849479091
  1       25.2179261738       21.5492893732        1.0274921517
  1       20.2488330759       14.9021225298       19.9834956335
  2       20.5797860552       15.2198660110       19.6801654410
  1       20.8992769377       15.5572388290       19.3858779002
  1       17.2573622154        0.7691341770       13.4867002825
  2       17.7653682878        0.6497506991       13.3129838017
  1       18.2811479006        0.5479263374       13.1514189871
  1       26.1352864851       11.9521908391        4.6017849787
  2       25.6164924850       12.0758109682        4.4673571201
  1       25.0944943673       12.2031456733        4.3498673887
  1       25.7838921919       13.8307618487       22.1955600578
  2       25.6303370022       14.3562555831       22.1428614919
  1       25.4932802776       14.8875697351       22.1051689841
  1       22.5714310265        5.4954352971       13.4982588123
  2       22.4104821647        5.3334231038       13.9986062047
  1       22.2602077315        5.1736999752       14.5029930760
  1       24.8581124479       15.2991440870        5.2605308747
  2       25.1873286663       15.6068432960        4.9451931537
  1       25.5220737270       15.8915943225        4.6144929931
  1       21.8755592303        9.6861624115        8.3921430996
  2       21.7289415924        9.3873986141        7.9542578845
  1       21.5653286272        9.0842426664        7.5255070618
  1       23.4165201347       23.4892420108       24.5263318405
  2       23.3381936695       23.3193035030       24.0091414805
  1       23.2676127806       23.1632225052       23.4864971854
  1       17.9169713600       10.3705023450       15.1980186615
  2       17.8555532072       10.1157322450       15.6815680454
  1       17.7849939961        9.8801829291       16.1735415370
  1        2.1952849826       10.5848278830        4.7415026359
  2        2.1847489558       10.1766419363        4.3730284509
  1        2.1823252833        9.7821026997        3.9898406176
  1       18.2975057984       23.4465559706        9.3400816257
  2       17.8390778010       23.7068319291        9.1832371271
  1       17.3782972657       23.9622324378        9.0252754945
  1       19.5251019620       18.9390098199        8.9249702973
  2       19.2853531273       19.0025793835        8.4340737636
  1       19.0333730744       19.0750853910        7.9505978792
  1        0.3285470113       14.3289563094       19.1045176722
  2        0.6075636270       13.8805499900       18.9509549785
  1        0.8774560581       13.4263529593       18.7981049477
  1       14.9253332642       14.0431126587       16.3783987407
  2       14.4853453311       14.1506749416       16.0664035901
  1       14.0520515811       14.2662229973       15.7479618026
  1       19.0030219118        3.5739244881       25.4668942828
  2       18.6998921193        3.3162982037       25.8466850495
  1       18.3929900128        3.0717092368       26.2320255914
  1       19.2835136362        0.7227422511        9.1910717604
  2       19.3369532022        0.2418410423        9.4525640933
  1       19.4102962167       -0.2221970146        9.7385526995
  1       21.9528160504       12.2494421850       11.4450940405
  2       21.9478383738       11.7878794614       11.7441510165
  1       21.9305663195       11.3177256511       12.0290318158
  1       16.6073229811        7.4484619919       11.2841747219
  2       16.5191696890        7.9788399424       11.1682944963
  1       16.4329268730        8.5129041190       11.0691096637
  1       16.9878327229        3.7594973218        9.9843783801
  2       17.3427469960        3.5570666356       10.3525599603
  1       17.6975408119        3.3382522170       10.7113657537
  1        3.4092664687        4.9323028797       21.2566933905
  2        2.9876507290        4.5816392780       21.2145601913
  1        2.5710348554        4.2257255674       21.1670560495
  1       23.4478949118        9.4903625767        0.2534281894
  2       23.5075573782        8.9669970726        0.0952228191
  1       23.5416905178        8.4451167787       -0.0750002306
  1        5.2592009467        8.6711396135        4.8071067716
  2        4.9235427641        8.3698220085        5.1218150260
  1        4.5802569980        8.0796830708        5.4387918054
  1        9.7575079051        9.0333982661       15.9214750225
  2        9.2443101308        8.8696721532       15.8104713988
  1        8.7316692258        8.7107583883       15.6902810631
  1       18.4052172705       13.3458580908       24.7908933961
  2       18.4135541743       12.8067826336       24.6821361088
  1       18.4210853063       12.2685769219       24.5690967664
  1       24.9589342094        5.7187345834       19.9381523845
  2       25.0113603241        5.8648831994       20.4657811219
  1       25.0968517562        6.0021843353       20.9914612643
  1       11.5601868734       17.0241084409        1.1945385707
  2       11.8219582505       16.5441061529        1.2543177445
  1       12.1009104428       16.0746638366        1.3199651750
  1        1.1119959614       26.0569563568       13.3532218986
  2        1.2308050850       25.5429311120       13.1977791766
  1        1.3196444619       25.0209844189       13.0488523031
  1       15.9938226414       15.6124268402        3.4355956631
  2       15.5854395036       15.2492752294        3.3735946929
  1       15.1837069894       14.8798040240        3.3057565442
  1       26.5968488274       21.5125000751       13.0929447802
  2       26.7134412496       21.7775090515       12.6253162423
  1       26.8303192123       22.0489003127       12.1614344425
  1       22.8918667656       17.4135790451       21.5417916403
  2       22.5310062041       17.1084952456       21.8232228582
  1       22.1779264338       16.8030665484       22.1139942215
  1       20.2513313411        0.0584490052       19.7130550310
  2       20.2909866427        0.4817162863       19.3640962000
  1       20.3387909604        0.8992105493       19.0092535777
  1        8.7564229226       23.3492106230       22.1709976750
  2        8.4804348278       22.9378730072       21.9319747947
  1        8.2117207675       22.5324914011       21.6751509130
  1       25.3969036603        3.3817524171        7.4441714011
  2       25.1160286015        3.0555265491        7.7864956398
  1       24.8212642369        2.7206201519        8.1081346820
  1        7.0885479792        5.8014874884       20.5854280170
  2        6.9840980349        5.5253066449       20.1214082428
  1        6.8837876999        5.2562917840       19.6522932886
  1       26.3230812588       20.2583654301       16.3965442384
  2       26.1923145481       20.7676318608       16.5579374537
  1       26.0570904052       21.2749389321       16.7218092497
  1       25.0104014224        1.6626905081       26.4784489218
  2       25.5296128349        1.7663235699       26.3295204237
  1       26.0494807652        1.8525696211       26.1720435915
  1       10.8704310793        9.2113040036        2.8289488098
  2       10.6237403264        9.5357216697        3.1982682519
  1       10.3846709759        9.8798198650        3.5545578485
  1       14.1217632824       25.4065701936       14.7556130045
  2       14.5491084261       25.3794299502       14.4104470511
  1       14.9817522572       25.3570493231       14.0715983800
  1       22.4269048521       14.5876974199        2.7423415475
  2       22.3385532803       14.2065026172        2.3558386081
  1       22.2843259695       13.8169003915        1.9714306172
  1       20.3440418071        7.4045361568       16.7670935795
  2       19.9298411203        7.1995060624       16.4689317922
  1       19.5121846550        7.0052189001       16.1684062950
  1       19.3993077447       15.1390256447        8.8667614062
  2       19.4228960330       14.8364206674        9.3254266657
  1       19.4458566004       14.5414094244        9.7890441566
  1        8.9152594231       22.4295215639       11.5454932202
  2        9.2999472183       22.5693738763       11.9128576591
  1        9.7007727379       22.7229114801       12.2567546001
  1        7.8321459524       12.0167409803       23.7407870247
  2        8.3076136977       12.1794513376       23.9642948832
  1        8.7959428077       12.3332658444       24.1652321293
  1       15.2203732888        8.5116352422        2.3981914366
  2       14.8117460720        8.2111068393        2.6108095843
  1       14.3964226478        7.9062740359        2.8033801281
  1        4.2317190143       25.8454630618       14.6590103236
  2        4.5989280092       25.5796150473       14.9704302768
  1        4.9573285051       25.3099160301       15.2887249887
  1       12.8480578941       20.7537219732        5.1006752534
  2       12.7715819467       21.1767622516        5.4437326135
  1       12.6832325095       21.5987329107        5.7852514839
  1       12.3117001604        8.8430699831       12.4932342919
  2       12.7927538102        8.7188704263       12.7291619420
  1       13.2993289865        8.6240597121       12.9212361939
  1       13.3516735736       13.2569512948        6.3131039075
  2       13.4667489500       13.7695991646        6.1504699034
  1       13.6023037344       14.2730766980        5.9754405549
  1        1.3421443914       10.3574889746       12.2663765941
  2        0.9595457428       10.6638265586       12.5159273078
  1        0.5895134164       10.9869806112       12.7632075834
  1        8.5588702066       14.6029751210       19.3122559916
  2        8.1827240094       14.6895734419       19.7040655999
  1        7.8064630099       14.7744243892       20.0961471934
  1       19.9549297781       24.0324667828       25.6406429077
  2       19.9872875047       23.4877515509       25.7094781725
  1       20.0272257118       22.9403488285       25.7449069475
  1       20.4059707393        8.1908334414       13.2260108345
  2       20.1212153687        8.1551583807       12.7568182632
  1       19.8411883063        8.1298829543       12.2841175163
  1        1.5737170495       26.4437962439       23.1166349132
  2        1.4005355312       25.9319388392       23.2191539796
  1        1.2404546051       25.4163301628       23.3241386875
  1       22.6004938418       24.6644566898        0.5964202563
  2       23.0333402989       24.9863483360        0.4890437568
  1       23.4680641051       25.3081155349        0.3891383963
  1       12.5863261479        0.5314216042        8.9120400336
  2       12.2387740789        0.4413447434        8.4953942386
  1       11.8783108659        0.3679064169        8.0865261875
  1       23.5792066310       20.8365895132       12.3260397675
  2       23.2144712754       21.1880997517       12.5403028596
  1       22.8607363410       21.5515938803       12.7530083218
  1        4.6231419919        1.2867375998       21.4556627169
  2        4.5362538160        0.7491170319       21.3787564762
  1        4.4379814794        0.2145061057       21.2948892927
  1        1.7268574390        4.3524083368       13.2790140462
  2        1.7526550212        4.6916157831       13.7111862262
  1        1.7989795074        5.0255261323       14.1457640899
  1       19.4871288878       23.5805204871        4.8724268478
  2       19.3882953780       23.2090149424        5.2657658460
  1       19.2855612552       22.8418041752        5.6621267314
  1       11.0263391752        5.0758197102       22.4489796845
  2       10.4820218974        5.0832663101       22.5274860493
  1        9.9390264805        5.1145799421       22.6091893700
  1        4.7514983512       14.4411799798        2.6277554146
  2        5.3007452932       14.4135536973        2.6197189203
  1        5.8501197731       14.3874104293        2.6176672433
  1        9.5940062877       12.0735828080       16.9143418490
  2        9.7379101660       12.5972949380       16.8276396079
  1        9.8937484698       13.1181971384       16.7447220603
  1       21.0355422392       16.8683161745       11.9720843512
  2       20.4918524665       16.9401439437       12.0138240518
  1       19.9477589586       17.0044119361       12.0621135828
  1       21.1265614123       10.6932371707        3.0801123517
  2       21.3588538598       10.8767566198        3.5436431820
  1       21.5878673423       11.0482293646        4.0133770658
  1       12.0864639160       17.2268377528        5.3528443516
  2       12.4830266455       17.3476549088        4.9914011107
  1       12.8984512199       17.4347903312        4.6416442807
  1       15.1985028617       22.7813091666       16.7190147851
  2       15.1216598511       22.6719908401       17.2525357830
  1       15.0501685621       22.5706567808       17.7883719548
  1       11.4154074933       21.7755422925        9.0297703149
  2       11.2639581387       21.2869939826        9.2319673522
  1       11.1108264042       20.7946752900        9.4234692471
  1       25.5059948013        9.0242608593        6.2862390745
  2       25.1602090587        8.6156905136        6.4127400346
  1       24.7906388332        8.2239427012        6.5243263190
  1       11.2799440767       24.7585082006       24.0050769285
  2       10.9490927812       24.5687783105       24.4013596420
  1       10.6122488980       24.3964649877       24.8005391959
  1        3.0058334914        9.0455070526        8.6129410626
  2        2.6770032615        8.9015881286        8.1962181053
  1        2.3543688918        8.7580419970        7.7745528701
  1        8.0138322276       10.5028014743       20.6538053288
  2        7.8078491863       10.5208846380       20.1441544818
  1        7.6040679537       10.5365033781       19.6335379297
  1       23.5333415934       14.9388279958       25.3538935432
  2       23.2281465955       14.9957954082       25.8078877361
  1       22.9242739461       15.0728421086       26.2598005794
  1       10.7392993626       15.9948199255       13.7350079317
  2       11.1439013282       16.1209702109       14.0855551539
  1       11.5454249171       16.2475619165       14.4394666493
  1       20.5717883530       15.4840574455        5.3341684532
  2       20.7982756547       15.0377924980        5.5623155524
  1       21.0224264357       14.5932114008        5.7959906994
  1       11.9673354935        8.8490686305       26.7487740796
  2       12.1130221270        9.1533162398       26.3143678216
  1       12.2586349576        9.4505433166       25.8751037013
  1       27.0172689350       23.0679788703        6.7396889436
  2       27.0562805119       22.6121997356        6.4343309941
  1       27.1228849689       22.1513779110        6.1415732593
  1       27.1266679020       15.7936501523        7.9587808175
  2       26.7693078193       15.8939246817        8.3646610831
  1       26.4198092052       15.9804078846        8.7804391169
  1        2.3714127320       17.7535958614       24.2350415982
  2        2.8101546609       17.4555464536       24.3805478534
  1        3.2562448548       17.1733440423       24.5350319527
  1       23.4376296693        7.5098424870       16.9054420204
  2       23.4509115397        7.9081221682       17.2845157434
  1       23.4665447330        8.3018982084       17.6681770946
  1        4.1561165027       10.0349454592       24.2063665221
  2        4.4974529726        9.8518667157       24.5968426263
  1        4.8330936069        9.6678954645       24.9918109065
  1        0.4511798152        2.4404153190       10.5619469432
  2        0.9268752721        2.7080027735       10.4940441708
  1        1.4040801341        2.9669654256       10.4062155675
  1       16.6631612034       18.4914036689       10.7993117089
  2       16.8609842387       17.9827251819       10.7313982078
  1       17.0806809808       17.4882230846       10.6329044709
  1       16.3565653941        5.8453016093       26.3847755605
  2       15.9985559334        6.2107958938       26.5866248955
  1       15.6316213581        6.5703110321       26.7831137800
  1       18.8925687989        3.8290633484        6.8663511790
  2       18.9770355283        4.0459100224        6.3680110425
  1       19.0506584605        4.2507719317        5.8629256428
  1        3.8702827064       21.6178871105       12.7257002324
  2        3.6268710667       21.5742379749       12.2344309309
  1        3.3988886240       21.5480463743       11.7345929523
  1       16.8868019781       20.2725785314        4.8832693935
  2       17.2389192533       19.8570088876        4.8070113072
  1       17.5887505641       19.4414127823        4.7210000862
  1        6.4699159823        0.6818446077       10.6542732970
  2        6.3896871717        1.0599344643       10.2629787810
  1        6.3252864583        1.4310587270        9.8622053678
  1       25.6712431127        1.5213171412       14.1220972801
  2       25.8391139234        2.0307006216       14.0002454815
  1       25.9955507353        2.5458266700       13.8876724959
  1       23.6335598130       15.2546567336       10.7631397383
  2       24.0595527984       14.9438558937       10.9194497328
  1       24.4882463780       14.6433865760       11.0880913734
  1        7.4323341732       25.7717357875       19.8808874419
  2        7.4179764189       25.7493545239       19.3315306053
  1        7.4076316740       25.7281491669       18.7820369128
  1        8.3634611260        9.5799232909        6.3771037525
  2        8.8294698146        9.3207546120        6.5118906137
  1        9.2919821080        9.0716309834        6.6747396087
  1       27.3478994711       25.4435172715       16.5664148208
  2       27.0636477463       24.9766383809       16.6274480774
  1       26.7640408510       24.5199378538       16.6919487427
  1       21.1723668693       23.1792281555       21.0389734528
  2       21.0206452544       23.3920460953       20.5550425941
  1       20.8903195987       23.6093880650       20.0669056352
  1       25.8589160236       13.1100457595        0.4989689230
  2       25.6014157220       12.6361104761        0.6065744146
  1       25.3524797947       12.1536155213        0.6944921130
  1       25.5264007821        4.7079602481        2.4209198018
  2       25.4613501061        4.5008376030        2.9262599046
  1       25.3883980004        4.2825336590        3.4257810526
  1        9.3759628419       26.0436980648        6.0059849506
  2        9.1090590647       26.2482729898        5.5707706657
  1        8.8537178571       26.4673171204        5.1356608686
  1       10.2260141855       19.5306264389        3.2683857253
  2       10.4892432819       19.7857070557        2.8583316780
  1       10.7872866525       20.0214733754        2.4607334000
  1        0.9009299634        6.8147256074       19.4892957454
  2        0.8389142009        7.2596168048       19.1719223570
  1        0.7787193297        7.7142595195       18.8683163979


Molecules in box 2
##############################################################################                                           
Moleculetype  1
Number-of-molecules: 0     
Atomtype         X                  Y                   Z


Number-of-fractionals:  1        
##############################################################################                                           
Fractional-type:      2
Box:                  1
Lambda:               0.877798
Reaction-Step         1 (only used if Type = 3 (RxMC))

Moleculetype  1
Atomtype         X                  Y                   Z
  1       21.0740256290        9.9461654613       22.1770705686
  2       21.1678445063       10.0206159250       22.7138714132
  1       21.2572545704       10.0838826100       23.2528548693

------------------------------------------------------------------------------                                           

