#   100 bins for weightfunction of N2                      
 0.0000000    0.5181250000E+001    0.3301562500E+001
 0.0101010    0.5287500000E+001    0.3331250000E+001
 0.0202020    0.5142187500E+001    0.3245312500E+001
 0.0303030    0.5365625000E+001    0.3295312500E+001
 0.0404040    0.5371875000E+001    0.3184375000E+001
 0.0505051    0.5784375000E+001    0.3328125000E+001
 0.0606061    0.5957812500E+001    0.3271875000E+001
 0.0707071    0.6243750000E+001    0.3306250000E+001
 0.0808081    0.6564062500E+001    0.3264062500E+001
 0.0909091    0.6810937500E+001    0.3290625000E+001
 0.1010101    0.6934375000E+001    0.3250000000E+001
 0.1111111    0.7154687500E+001    0.3243750000E+001
 0.1212121    0.7270312500E+001    0.3290625000E+001
 0.1313131    0.7356250000E+001    0.3193750000E+001
 0.1414141    0.7415625000E+001    0.3348437500E+001
 0.1515152    0.7203125000E+001    0.3306250000E+001
 0.1616162    0.7353125000E+001    0.3221875000E+001
 0.1717172    0.7226562500E+001    0.3190625000E+001
 0.1818182    0.6957812500E+001    0.3181250000E+001
 0.1919192    0.7065625000E+001    0.3253125000E+001
 0.2020202    0.7106250000E+001    0.3243750000E+001
 0.2121212    0.7131250000E+001    0.3204687500E+001
 0.2222222    0.6810937500E+001    0.3126562500E+001
 0.2323232    0.6773437500E+001    0.3082812500E+001
 0.2424242    0.6567187500E+001    0.3137500000E+001
 0.2525253    0.6712500000E+001    0.3042187500E+001
 0.2626263    0.6448437500E+001    0.3160937500E+001
 0.2727273    0.6446875000E+001    0.3253125000E+001
 0.2828283    0.6539062500E+001    0.3175000000E+001
 0.2929293    0.6375000000E+001    0.3129687500E+001
 0.3030303    0.6235937500E+001    0.3268750000E+001
 0.3131313    0.6153125000E+001    0.3098437500E+001
 0.3232323    0.5932812500E+001    0.3101562500E+001
 0.3333333    0.5679687500E+001    0.3137500000E+001
 0.3434343    0.5410937500E+001    0.3129687500E+001
 0.3535354    0.5384375000E+001    0.3006250000E+001
 0.3636364    0.5204687500E+001    0.3025000000E+001
 0.3737374    0.4864062500E+001    0.3143750000E+001
 0.3838384    0.4570312500E+001    0.3070312500E+001
 0.3939394    0.4237500000E+001    0.3068750000E+001
 0.4040404    0.3889062500E+001    0.2984375000E+001
 0.4141414    0.3529687500E+001    0.3015625000E+001
 0.4242424    0.3176562500E+001    0.3073437500E+001
 0.4343434    0.2856250000E+001    0.2898437500E+001
 0.4444444    0.2548437500E+001    0.3029687500E+001
 0.4545455    0.2068750000E+001    0.3070312500E+001
 0.4646465    0.1809375000E+001    0.3034375000E+001
 0.4747475    0.1437500000E+001    0.3053125000E+001
 0.4848485    0.1060937500E+001    0.3054687500E+001
 0.4949495    0.6156250000E+000    0.2976562500E+001
 0.5050505    0.4546875000E+000    0.2970312500E+001
 0.5151515    0.4921875000E+000    0.3001562500E+001
 0.5252525    0.3750000000E+000    0.3062500000E+001
 0.5353535    0.4359375000E+000    0.3028125000E+001
 0.5454545    0.3968750000E+000    0.2978125000E+001
 0.5555556    0.4140625000E+000    0.3056250000E+001
 0.5656566    0.5750000000E+000    0.2953125000E+001
 0.5757576    0.4953125000E+000    0.3021875000E+001
 0.5858586    0.3968750000E+000    0.3050000000E+001
 0.5959596    0.3734375000E+000    0.3062500000E+001
 0.6060606    0.4312500000E+000    0.3009375000E+001
 0.6161616    0.4156250000E+000    0.3043750000E+001
 0.6262626    0.4437500000E+000    0.3035937500E+001
 0.6363636    0.4125000000E+000    0.3073437500E+001
 0.6464646    0.3812500000E+000    0.3082812500E+001
 0.6565657    0.3515625000E+000    0.3082812500E+001
 0.6666667    0.3453125000E+000    0.3035937500E+001
 0.6767677    0.3718750000E+000    0.3068750000E+001
 0.6868687    0.3671875000E+000    0.3035937500E+001
 0.6969697    0.3421875000E+000    0.3028125000E+001
 0.7070707    0.3578125000E+000    0.3023437500E+001
 0.7171717    0.3625000000E+000    0.3084375000E+001
 0.7272727    0.3890625000E+000    0.3112500000E+001
 0.7373737    0.3359375000E+000    0.3062500000E+001
 0.7474747    0.3656250000E+000    0.3153125000E+001
 0.7575758    0.3203125000E+000    0.3070312500E+001
 0.7676768    0.3140625000E+000    0.3076562500E+001
 0.7777778    0.3484375000E+000    0.3087500000E+001
 0.7878788    0.2171875000E+000    0.2996875000E+001
 0.7979798    0.2421875000E+000    0.3060937500E+001
 0.8080808    0.2406250000E+000    0.3000000000E+001
 0.8181818    0.2625000000E+000    0.3056250000E+001
 0.8282828    0.1625000000E+000    0.2946875000E+001
 0.8383838    0.1921875000E+000    0.3053125000E+001
 0.8484848    0.1750000000E+000    0.3031250000E+001
 0.8585859    0.2625000000E+000    0.3096875000E+001
 0.8686869    0.2406250000E+000    0.3087500000E+001
 0.8787879    0.2671875000E+000    0.3093750000E+001
 0.8888889    0.1328125000E+000    0.2995312500E+001
 0.8989899    0.7187500000E-001    0.2951562500E+001
 0.9090909    0.2437500000E+000    0.3109375000E+001
 0.9191919    0.1265625000E+000    0.3032812500E+001
 0.9292929    0.1765625000E+000    0.3095312500E+001
 0.9393939    0.1390625000E+000    0.3018750000E+001
 0.9494949    0.1328125000E+000    0.3054687500E+001
 0.9595960    0.0000000000E+000    0.2929687500E+001
 0.9696970    0.1781250000E+000    0.3128125000E+001
 0.9797980    0.2296875000E+000    0.3150000000E+001
 0.9898990    0.1265625000E+000    0.3085937500E+001
 1.0000000    0.2500000000E-001    0.3010937500E+001


