#   100 bins for weightfunction of N2                      
 0.0000000    0.4230673218E+001    0.2476324463E+001
 0.0101010    0.4189741516E+001    0.2448561096E+001
 0.0202020    0.4217745972E+001    0.2448356628E+001
 0.0303030    0.4230673218E+001    0.2435675049E+001
 0.0404040    0.4313534546E+001    0.2442282104E+001
 0.0505051    0.4401834106E+001    0.2433679199E+001
 0.0606061    0.4470312500E+001    0.2419053650E+001
 0.0707071    0.4581925964E+001    0.2437113953E+001
 0.0808081    0.4675805664E+001    0.2417158508E+001
 0.0909091    0.4763845825E+001    0.2422726440E+001
 0.1010101    0.4868562317E+001    0.2400408936E+001
 0.1111111    0.4985932922E+001    0.2435726929E+001
 0.1212121    0.4975494385E+001    0.2426457214E+001
 0.1313131    0.4964442444E+001    0.2399133301E+001
 0.1414141    0.4990556335E+001    0.2421279907E+001
 0.1515152    0.4944207764E+001    0.2412152100E+001
 0.1616162    0.4932553101E+001    0.2416786194E+001
 0.1717172    0.4854406738E+001    0.2413479614E+001
 0.1818182    0.4770037842E+001    0.2391973877E+001
 0.1919192    0.4702371216E+001    0.2407214355E+001
 0.2020202    0.4608584595E+001    0.2363642883E+001
 0.2121212    0.4482890320E+001    0.2358200073E+001
 0.2222222    0.4414691162E+001    0.2379110718E+001
 0.2323232    0.4313911438E+001    0.2408988953E+001
 0.2424242    0.4182156372E+001    0.2381512451E+001
 0.2525253    0.4086050415E+001    0.2355776978E+001
 0.2626263    0.3940098572E+001    0.2353440857E+001
 0.2727273    0.3815657043E+001    0.2356834412E+001
 0.2828283    0.3655403137E+001    0.2351776123E+001
 0.2929293    0.3549916077E+001    0.2387095642E+001
 0.3030303    0.3377107239E+001    0.2357774353E+001
 0.3131313    0.3223837280E+001    0.2332350159E+001
 0.3232323    0.3055644226E+001    0.2350230408E+001
 0.3333333    0.2972984314E+001    0.2326405334E+001
 0.3434343    0.2813716125E+001    0.2353248596E+001
 0.3535354    0.2628584290E+001    0.2338528442E+001
 0.3636364    0.2489356995E+001    0.2319985962E+001
 0.3737374    0.2329779053E+001    0.2321122742E+001
 0.3838384    0.2158314514E+001    0.2276477051E+001
 0.3939394    0.2016201782E+001    0.2274130249E+001
 0.4040404    0.1853959656E+001    0.2287579346E+001
 0.4141414    0.1659527588E+001    0.2288731384E+001
 0.4242424    0.1486778259E+001    0.2272370911E+001
 0.4343434    0.1338101196E+001    0.2268954468E+001
 0.4444444    0.1160295105E+001    0.2259556580E+001
 0.4545455    0.9743423462E+000    0.2256825256E+001
 0.4646465    0.8078460693E+000    0.2267762756E+001
 0.4747475    0.6635070801E+000    0.2242655945E+001
 0.4848485    0.4428619385E+000    0.2234716797E+001
 0.4949495    0.2768936157E+000    0.2213044739E+001
 0.5050505    0.1716995239E+000    0.2235514832E+001
 0.5151515    0.1970718384E+000    0.2254753113E+001
 0.5252525    0.1893646240E+000    0.2215737915E+001
 0.5353535    0.2065933228E+000    0.2204971313E+001
 0.5454545    0.1691345215E+000    0.2239674377E+001
 0.5555556    0.1737716675E+000    0.2216914368E+001
 0.5656566    0.1890365601E+000    0.2226510620E+001
 0.5757576    0.1678237915E+000    0.2226625061E+001
 0.5858586    0.1846694946E+000    0.2217567444E+001
 0.5959596    0.1915924072E+000    0.2221827698E+001
 0.6060606    0.1909698486E+000    0.2239062500E+001
 0.6161616    0.1745590210E+000    0.2230703735E+001
 0.6262626    0.1698089600E+000    0.2257751465E+001
 0.6363636    0.1690490723E+000    0.2209519958E+001
 0.6464646    0.1560195923E+000    0.2189108276E+001
 0.6565657    0.1565521240E+000    0.2237451172E+001
 0.6666667    0.1730895996E+000    0.2239671326E+001
 0.6767677    0.1764068604E+000    0.2235241699E+001
 0.6868687    0.1597991943E+000    0.2201637268E+001
 0.6969697    0.1591018677E+000    0.2208480835E+001
 0.7070707    0.1235107422E+000    0.2197100830E+001
 0.7171717    0.1200088501E+000    0.2204577637E+001
 0.7272727    0.1345092773E+000    0.2221949768E+001
 0.7373737    0.1479827881E+000    0.2222908020E+001
 0.7474747    0.1316940308E+000    0.2219744873E+001
 0.7575758    0.1092666626E+000    0.2222486877E+001
 0.7676768    0.1349578857E+000    0.2236848450E+001
 0.7777778    0.1195190430E+000    0.2220396423E+001
 0.7878788    0.1466003418E+000    0.2242272949E+001
 0.7979798    0.9990081787E-001    0.2214042664E+001
 0.8080808    0.1156341553E+000    0.2231072998E+001
 0.8181818    0.1039855957E+000    0.2226800537E+001
 0.8282828    0.9093933105E-001    0.2199668884E+001
 0.8383838    0.9050140381E-001    0.2201696777E+001
 0.8484848    0.1106582642E+000    0.2228340149E+001
 0.8585859    0.8272857666E-001    0.2205895996E+001
 0.8686869    0.8376770020E-001    0.2229444885E+001
 0.8787879    0.7498779297E-001    0.2217951965E+001
 0.8888889    0.9388732910E-001    0.2238435364E+001
 0.8989899    0.8086395264E-001    0.2247360229E+001
 0.9090909    0.5861511230E-001    0.2223408508E+001
 0.9191919    0.6835021973E-001    0.2223768616E+001
 0.9292929    0.3987884521E-001    0.2224563599E+001
 0.9393939    0.3614807129E-001    0.2206468201E+001
 0.9494949    0.5873107910E-002    0.2193334961E+001
 0.9595960    0.2668457031E-001    0.2197262573E+001
 0.9696970    0.2413177490E-001    0.2223120117E+001
 0.9797980    0.1894531250E-001    0.2207781982E+001
 0.9898990    0.0000000000E+000    0.2207136536E+001
 1.0000000    0.1759643555E-001    0.2209121704E+001


