#   100 bins for weightfunction of N2                      
 0.0000000    0.5976562500E+001    0.4000000000E+001
 0.0101010    0.6114062500E+001    0.4151562500E+001
 0.0202020    0.5956250000E+001    0.3932812500E+001
 0.0303030    0.6103125000E+001    0.3901562500E+001
 0.0404040    0.6193750000E+001    0.3884375000E+001
 0.0505051    0.6517187500E+001    0.3925000000E+001
 0.0606061    0.6679687500E+001    0.3806250000E+001
 0.0707071    0.7028125000E+001    0.3903125000E+001
 0.0808081    0.7339062500E+001    0.3909375000E+001
 0.0909091    0.7776562500E+001    0.3937500000E+001
 0.1010101    0.8075000000E+001    0.3909375000E+001
 0.1111111    0.8260937500E+001    0.3957812500E+001
 0.1212121    0.8342187500E+001    0.3945312500E+001
 0.1313131    0.8445312500E+001    0.4014062500E+001
 0.1414141    0.8526562500E+001    0.3834375000E+001
 0.1515152    0.8631250000E+001    0.3898437500E+001
 0.1616162    0.8729687500E+001    0.3917187500E+001
 0.1717172    0.8550000000E+001    0.3928125000E+001
 0.1818182    0.8298437500E+001    0.3875000000E+001
 0.1919192    0.8481250000E+001    0.3892187500E+001
 0.2020202    0.8295312500E+001    0.3721875000E+001
 0.2121212    0.8290625000E+001    0.3868750000E+001
 0.2222222    0.8281250000E+001    0.3860937500E+001
 0.2323232    0.8096875000E+001    0.3890625000E+001
 0.2424242    0.8014062500E+001    0.3787500000E+001
 0.2525253    0.7856250000E+001    0.3898437500E+001
 0.2626263    0.7851562500E+001    0.3725000000E+001
 0.2727273    0.7470312500E+001    0.3804687500E+001
 0.2828283    0.7371875000E+001    0.3854687500E+001
 0.2929293    0.7173437500E+001    0.3764062500E+001
 0.3030303    0.7053125000E+001    0.3809375000E+001
 0.3131313    0.6914062500E+001    0.3729687500E+001
 0.3232323    0.6701562500E+001    0.3810937500E+001
 0.3333333    0.6348437500E+001    0.3775000000E+001
 0.3434343    0.6192187500E+001    0.3681250000E+001
 0.3535354    0.5779687500E+001    0.3712500000E+001
 0.3636364    0.5490625000E+001    0.3629687500E+001
 0.3737374    0.5129687500E+001    0.3628125000E+001
 0.3838384    0.5028125000E+001    0.3557812500E+001
 0.3939394    0.4629687500E+001    0.3443750000E+001
 0.4040404    0.4346875000E+001    0.3462500000E+001
 0.4141414    0.3970312500E+001    0.3459375000E+001
 0.4242424    0.3570312500E+001    0.3446875000E+001
 0.4343434    0.3210937500E+001    0.3350000000E+001
 0.4444444    0.2798437500E+001    0.3309375000E+001
 0.4545455    0.2353125000E+001    0.3242187500E+001
 0.4646465    0.2017187500E+001    0.3134375000E+001
 0.4747475    0.1489062500E+001    0.3103125000E+001
 0.4848485    0.1153125000E+001    0.2996875000E+001
 0.4949495    0.7531250000E+000    0.2898437500E+001
 0.5050505    0.5265625000E+000    0.2837500000E+001
 0.5151515    0.4218750000E+000    0.2859375000E+001
 0.5252525    0.5765625000E+000    0.2809375000E+001
 0.5353535    0.4328125000E+000    0.2823437500E+001
 0.5454545    0.5234375000E+000    0.2896875000E+001
 0.5555556    0.5343750000E+000    0.2835937500E+001
 0.5656566    0.4093750000E+000    0.2776562500E+001
 0.5757576    0.5250000000E+000    0.2795312500E+001
 0.5858586    0.4687500000E+000    0.2768750000E+001
 0.5959596    0.4968750000E+000    0.2873437500E+001
 0.6060606    0.4625000000E+000    0.2898437500E+001
 0.6161616    0.4484375000E+000    0.2879687500E+001
 0.6262626    0.4171875000E+000    0.2801562500E+001
 0.6363636    0.4875000000E+000    0.2834375000E+001
 0.6464646    0.5656250000E+000    0.2867187500E+001
 0.6565657    0.3796875000E+000    0.2790625000E+001
 0.6666667    0.4140625000E+000    0.2748437500E+001
 0.6767677    0.3921875000E+000    0.2859375000E+001
 0.6868687    0.4609375000E+000    0.2892187500E+001
 0.6969697    0.2921875000E+000    0.2831250000E+001
 0.7070707    0.4125000000E+000    0.2821875000E+001
 0.7171717    0.3625000000E+000    0.2804687500E+001
 0.7272727    0.3625000000E+000    0.2776562500E+001
 0.7373737    0.3718750000E+000    0.2759375000E+001
 0.7474747    0.4000000000E+000    0.2840625000E+001
 0.7575758    0.3078125000E+000    0.2776562500E+001
 0.7676768    0.3125000000E+000    0.2771875000E+001
 0.7777778    0.3421875000E+000    0.2804687500E+001
 0.7878788    0.3187500000E+000    0.2754687500E+001
 0.7979798    0.2812500000E+000    0.2767187500E+001
 0.8080808    0.2562500000E+000    0.2756250000E+001
 0.8181818    0.2609375000E+000    0.2768750000E+001
 0.8282828    0.2796875000E+000    0.2754687500E+001
 0.8383838    0.2687500000E+000    0.2804687500E+001
 0.8484848    0.2390625000E+000    0.2757812500E+001
 0.8585859    0.2046875000E+000    0.2753125000E+001
 0.8686869    0.2468750000E+000    0.2784375000E+001
 0.8787879    0.2078125000E+000    0.2798437500E+001
 0.8888889    0.1453125000E+000    0.2718750000E+001
 0.8989899    0.2156250000E+000    0.2764062500E+001
 0.9090909    0.1562500000E+000    0.2735937500E+001
 0.9191919    0.1546875000E+000    0.2753125000E+001
 0.9292929    0.8906250000E-001    0.2679687500E+001
 0.9393939    0.1453125000E+000    0.2737500000E+001
 0.9494949    0.1296875000E+000    0.2682812500E+001
 0.9595960    0.7343750000E-001    0.2710937500E+001
 0.9696970    0.1062500000E+000    0.2796875000E+001
 0.9797980    0.8281250000E-001    0.2732812500E+001
 0.9898990    0.0000000000E+000    0.2679687500E+001
 1.0000000    0.1250000000E+000    0.2840625000E+001


