Simulation state at cycle:    1020000
##############################################################################                                           

Number-of-molecules: 401   

Box-size(s):    27.812827   50.720928

------------------------------------------------------------------------------                                           

Deltas
Translation per molecule type
Box 1    0.8296521895E+000
Box 2    0.2541456519E+002

Rotation per molecule type
Box 1    0.1800000000E+003
Box 2    0.1800000000E+003

Volume    Delta_Volume
Box 1   0.5428567226E+003
Box 2   0.2513225568E+004

------------------------------------------------------------------------------                                           

Molecules in box 1
##############################################################################                                           
Moleculetype  1
Number-of-molecules: 314   
Atomtype         X                  Y                   Z
  1       15.3163728064       21.2458526422        1.1699952645
  2       15.3581689003       20.7411803952        1.3846088932
  1       15.3780955724       20.2440829346        1.6191233733
  1       21.4316965126        2.4844906208       10.9841883520
  2       21.3504946746        2.8845953619       11.3527293369
  1       21.2657063879        3.2841707117       11.7210369329
  1       18.4272944175       26.7891560929       24.7077770587
  2       18.4843250789       26.2715436679       24.5307886943
  1       18.5731546430       25.7520664974       24.3734585419
  1       10.2117260680        5.6553680720       20.1962707287
  2       10.1245569566        6.1003390278       19.8849792342
  1       10.0011035566        6.5216536863       19.5536890057
  1       25.3644638271       26.3925151869        9.6196916339
  2       24.9551297785       26.4632101277        9.2592088159
  1       24.5585071040       26.5376635456        8.8855149016
  1       27.5064085557        5.3425419690       20.9280751555
  2       27.1943953734        5.1687311919       20.5098197457
  1       26.9011978635        5.0049597261       20.0742578946
  1       22.3014836534       19.3647063508       11.9758893422
  2       22.0628643793       19.7421083148       11.6547529232
  1       21.8152594282       20.1107753094       11.3302896214
  1       25.6491995355       27.7679291815       16.8437970581
  2       26.1958948359       27.7542900451       16.9024334164
  1       26.7451802748       27.7543245075       16.9304602676
  1       22.3272677029        5.2849976936       22.9995331657
  2       22.7756658398        5.2658550503       22.6816138835
  1       23.2200362923        5.2556381955       22.3576840828
  1       26.1910203412       18.3565151105       17.0397036601
  2       26.5021217820       18.2850879576       16.5918040560
  1       26.8238478309       18.1948375362       16.1549434262
  1       11.1309327025       16.4290560075       17.0427629002
  2       10.8618882791       16.8104721492       16.7518388121
  1       10.6295786427       17.2037041617       16.4454064115
  1       13.0041744361        0.3804974149        8.1516617596
  2       12.8967229903        0.9015759323        8.0122653268
  1       12.7715497825        1.4191861197        7.8747467429
  1       11.9299996408        8.5537029616       24.7447937887
  2       12.4205202827        8.8021074482       24.7583846272
  1       12.8945123819        9.0795340108       24.7878123561
  1       22.7274901023        5.7936748062       15.4658620289
  2       22.4247649146        6.2350118652       15.5926652665
  1       22.1148764919        6.6699291026       15.7242561517
  1       25.1255962563        5.9409292093        3.7321191552
  2       25.1969020039        5.6997252755        4.2212368841
  1       25.2638964021        5.4715131522        4.7171511674
  1       22.5973737713        4.4411246341        7.8934617213
  2       23.0762032719        4.7113652886        7.9073288780
  1       23.5564766183        4.9792863616        7.8998582481
  1        7.5018740307       20.9067263689       24.9837611291
  2        8.0205021092       21.0405890287       24.8588383352
  1        8.5420601492       21.1569425898       24.7286881959
  1       26.9477683737       11.1315141298       14.2666243795
  2       27.2590853295       10.6935624279       14.3840128791
  1       27.5794204287       10.2567486714       14.4792975335
  1       17.5278535640       14.7585255690       -0.1925633036
  2       17.2676455406       14.4014339380        0.1349689110
  1       17.0011480572       14.0515579967        0.4652202033
  1       18.8713004949        4.4223930451        0.3711999710
  2       18.5986353472        4.1878434181        0.7873011482
  1       18.3178354570        3.9572833028        1.2002096779
  1       17.2046270538       15.3357058651       22.8492591326
  2       17.4009305800       15.8082502261       22.6475991403
  1       17.5949563654       16.2852866647       22.4544923567
  1        8.9132069625        2.9986564757       17.9517418216
  2        8.4336259313        2.7975120138       18.1307472403
  1        7.9569353580        2.5737726583       18.2895137264
  1       26.2065809817       17.6346642717       22.0355649186
  2       26.6639876797       17.5547167145       21.7407980603
  1       27.1210211140       17.4699295983       21.4468055709
  1       15.8630606492       10.7293073566       20.9952765910
  2       16.2845389891       11.0600887071       21.1195332093
  1       16.6994724797       11.3931185595       21.2588935863
  1       11.2025681024        2.9385349469        0.4799450192
  2       10.8061330065        2.6886525210        0.7678651260
  1       10.4219398516        2.4254337594        1.0604595591
  1        2.8551577711       24.4038147661       19.6578312280
  2        2.8648654348       24.8704617371       19.3668907431
  1        2.8761972878       25.3357437536       19.0738306244
  1       26.7651848030       10.1779362087        7.8510912674
  2       27.2057946695       10.5037822869        7.8978596205
  1       27.6381300884       10.8402775543        7.9464087664
  1       17.6475360018       10.2004981993       14.9146942056
  2       17.1637512635       10.1712993598       14.6546946771
  1       16.6764151344       10.1791752737       14.3998585215
  1       26.5119064101        5.2083959616       28.1793149174
  2       26.4566791462        4.9059163090       27.7232929781
  1       26.3796226522        4.6015794200       27.2716943137
  1       12.6739823119       24.5176702480       20.5690099517
  2       12.4289838034       24.0812787566       20.3408911293
  1       12.1918675776       23.6332965185       20.1273781115
  1       27.2802227838       25.0415215262       22.6368370647
  2       27.3597832398       25.4363805520       22.2623287424
  1       27.3999051428       25.8437030659       21.8949344017
  1       26.5232946043        3.8633774774       23.7307604548
  2       25.9893196884        3.8360113383       23.8596863389
  1       25.4530192046        3.7962882726       23.9750287343
  1       18.3653077237       21.7805449221        9.8135223924
  2       18.4512224898       22.0385567110       10.2915899292
  1       18.5358030825       22.2897209838       10.7735262636
  1       22.2521519310       18.6011410996       16.9999365437
  2       22.1293491451       18.4105472810       17.5010288227
  1       22.0197994653       18.2252417012       18.0071520377
  1       26.8595496416       13.9206616039       17.0020559242
  2       27.2338493205       13.7929858763       16.6198273813
  1       27.6191308548       13.6918526150       16.2405778570
  1        4.6402415827        5.6544997998       13.7696637591
  2        4.8085475109        5.1497467344       13.6303890034
  1        4.9600496249        4.6373135707       13.5001608915
  1        4.3319127918       12.1936677959        2.0032725123
  2        4.6499105421       12.6081645624        2.1752314066
  1        4.9373541736       13.0442410046        2.3476074326
  1       19.1817449784       19.6260567138       26.0719478734
  2       19.1752715022       19.7444869162       26.6090068843
  1       19.1958502611       19.8695174618       27.1442114026
  1        3.8631756176       26.6672913439        7.1019252469
  2        3.3555923425       26.4610705223        7.0536324778
  1        2.8553968568       26.2426988636        6.9856744483
  1        8.3163777238        8.0510537608        9.5032268391
  2        8.0925622474        8.0839553661       10.0045492073
  1        7.8732773024        8.0972490371       10.5087687926
  1        3.4983464071        5.9572454705       20.5526143286
  2        4.0168269242        5.8157024620       20.6694198515
  1        4.5314464136        5.6715507642       20.7993701040
  1        3.1497548089       27.4990286578       13.6137947130
  2        3.6143922233       27.7771146122       13.5174605286
  1        4.0753397211       28.0516082173       13.3962967385
  1       10.1961092944       16.8190690393        6.4134196517
  2       10.1521080293       16.9740859282        5.8875549801
  1       10.0973591423       17.1257374404        5.3617181449
  1        6.4695245442        8.9540187945       13.5699689534
  2        6.2598619395        9.3647892763       13.2702871162
  1        6.0548599206        9.7930628897       12.9926977015
  1       11.8241293737       10.3634274911       27.7987852537
  2       12.2982895691       10.6389698223       27.7569697918
  1       12.7593269754       10.9372067906       27.7253593548
  1        9.2646889785       17.7295052044       20.9489430704
  2        9.5832977055       17.3085837117       20.7946265902
  1        9.8833393149       16.8728577372       20.6442340809
  1        5.5569584657        5.4057004521        9.1711572291
  2        5.3796350806        5.2155636409        9.6558266114
  1        5.1856658699        5.0307502615       10.1361597865
  1        1.7475361803        3.0820194971       12.9751595959
  2        1.3641252915        2.9240946598       12.6138344845
  1        0.9614586479        2.7676877507       12.2733988050
  1        7.5062669472       23.1845683499       12.0190663257
  2        7.4520696940       23.3443407835       11.4955823935
  1        7.3633393061       23.5131723649       10.9797114655
  1       17.2634635275        2.7230238307       10.7180526760
  2       17.6219295616        3.0478577490       10.4563562336
  1       17.9741146247        3.3776707514       10.1923693708
  1       27.2191109795        8.2713598767       10.8345073621
  2       26.9096916889        8.7241347499       10.8763955088
  1       26.5669249607        9.1531208770       10.9077303415
  1        2.6503535925       17.3102157104       14.3966855024
  2        2.9741872995       17.2490893468       14.8370209403
  1        3.2917729483       17.1346325979       15.2712317269
  1       16.9264990699       17.5021933027        1.9409295870
  2       16.4875264857       17.4194244256        1.6200676489
  1       16.0404666562       17.3411133625        1.3094152945
  1       12.1479964559        6.1504657883        5.0262450258
  2       12.0682664576        6.6327147065        5.2783940061
  1       11.9971520697        7.1143015759        5.5343565622
  1        9.1392078338       25.6798172446       17.5225132376
  2        9.2987681727       25.1756277438       17.6736206351
  1        9.4492802404       24.6710983399       17.8326684173
  1        0.8057484428        4.1058108815        2.7237760115
  2        1.2968252412        4.1314185321        2.9701250043
  1        1.7909835551        4.1748373585        3.2076589288
  1        9.3854084878       14.2105186907       23.4277806185
  2        8.9870488430       14.5728953611       23.5395515548
  1        8.5835965303       14.9328018265       23.6405147488
  1       20.9897520734       12.3197111286        0.6454332958
  2       21.1718598117       12.5472110745        0.1789779965
  1       21.3649307168       12.7622033320       -0.2889984493
  1       12.9073970136       14.2586596686       26.2894938058
  2       12.9413966341       14.5538224466       25.8266515429
  1       12.9478840299       14.8704614466       25.3769876058
  1        7.5051878554       24.6168211262        3.5646438330
  2        7.1685444274       24.4472668408        3.1641159980
  1        6.8342121721       24.2785391226        2.7613097180
  1        3.8411729107       20.9491066826        3.3287513884
  2        4.2690627366       21.2894623831        3.3884865880
  1        4.6799893831       21.6513070471        3.4405224338
  1        4.6618639122        4.2571852414        4.5385280321
  2        4.9131506156        4.2741712432        4.0495837935
  1        5.1591509740        4.2912473875        3.5579617558
  1        6.1691344508       27.3670451324       24.3680096233
  2        6.2875865777       27.0533143524       23.9320714496
  1        6.3967794844       26.7412390922       23.4925422240
  1       16.6763103889        3.5284274208       18.4505155547
  2       16.8920223739        3.7812515647       18.0122824070
  1       17.1182599255        4.0042985205       17.5633206884
  1        8.3644019139        3.8486819950       26.5824870623
  2        7.8672198627        3.6950811333       26.7605791263
  1        7.3615227238        3.5515098592       26.9223125241
  1       10.5094911098       14.2982275153       13.3314999746
  2       10.5118866172       14.0997438149       13.8444312393
  1       10.5248575214       13.8981177827       14.3559766407
  1       17.5129732457        0.5431812893       13.8004967134
  2       17.4682107001        0.1366707133       14.1682540601
  1       17.4113271370       -0.2649372917       14.5397042850
  1       26.3939123339       15.9444607689        7.8311296857
  2       26.4233107276       16.4858657290        7.7388453230
  1       26.4661172151       17.0261912062        7.6454858973
  1        2.3706572704       16.2387228097       19.4391971473
  2        2.8029865133       16.5312890850       19.2660024583
  1        3.2345028889       16.8209796508       19.0860774943
  1        0.0818210256        5.5304098835        7.9031774418
  2        0.4189538709        5.0980512767        7.9468521449
  1        0.7654913526        4.6730672333        7.9892825075
  1       16.4772259900        1.5758667114       26.1900890000
  2       17.0161930439        1.6565516114       26.2642810597
  1       17.5518476747        1.7413175449       26.3558717359
  1       12.8241179454       20.2988814820        7.7668622434
  2       12.9226902389       20.8370552205        7.8230096399
  1       13.0253446824       21.3720455224        7.8988215193
  1       11.7536933996       19.8524673477       27.5945047386
  2       11.5054650588       19.3749008338       27.4813105887
  1       11.2216795658       18.9150938685       27.3786297840
  1        9.5104303520       21.7635842157        5.0492071443
  2        9.2673852155       21.7255860147        5.5411270548
  1        9.0209675347       21.7028930927        6.0323127192
  1        2.5892665878       27.4273407483       23.5434077329
  2        2.7603456612       27.7626233878       23.1423871570
  1        2.9112806282       28.1091042471       22.7428003093
  1       13.2672828531       23.6356388400       26.3924761253
  2       13.8024512778       23.5264334366       26.3279088192
  1       14.3358375559       23.4151890344       26.2529170840
  1        5.2167586706       11.2982746151        7.3896322927
  2        4.6830545035       11.1843249239        7.4580086768
  1        4.1557634725       11.0470779064        7.5330248336
  1       16.4029204939        8.2013696255       24.8117655590
  2       16.4249338635        7.8801395873       24.3658657113
  1       16.4339724496        7.5665044153       23.9141453533
  1        6.9915582986        7.3094181750       17.9980470484
  2        6.5014471713        7.0598698823       17.9939565122
  1        6.0086861567        6.8155770412       17.9912016488
  1       26.0754265256       20.7351670045       20.1265876421
  2       25.6204977063       20.4418819297       20.2241767513
  1       25.1549998573       20.1678218136       20.3276311101
  1        6.1223480477       10.1386946907       26.7892786542
  2        6.5178865849       10.4045537527       27.0638113930
  1        6.9119110032       10.6913748651       27.3187200163
  1       26.1263258456        3.0979338023       16.5959628332
  2       26.1386035332        3.2112207526       16.0578965499
  1       26.1455673714        3.3371002045       15.5225407172
  1        4.2227635881       16.0599403147        7.8421243988
  2        4.1066446248       16.1272793144        8.3754927945
  1        3.9739956499       16.1912470827        8.9054101211
  1        3.8588072292        1.6695257213        9.6870194791
  2        3.9255516393        1.6987998446        9.1418697663
  1        3.9986493420        1.7591734579        8.6001025177
  1       10.9598686655        8.4315247271       16.6904605580
  2       10.6487146197        8.2976349949       16.2571515465
  1       10.3310140053        8.1717178774       15.8262093252
  1       16.5961637107        8.9361998323        4.2190568985
  2       16.9337157569        8.8872069712        3.7875962216
  1       17.2500437349        8.8436280185        3.3397821037
  1        2.3750036098       22.9677965004        5.7745666400
  2        2.8736768230       22.9130492315        6.0000167742
  1        3.3693543666       22.8398281554        6.2268260460
  1        9.1535209765        0.0296839426       20.6885318536
  2        8.9627815999        0.1395751549       21.1925580550
  1        8.7808006806        0.2740928375       21.6938443375
  1       23.1032885564       18.9217949169       24.6296627390
  2       23.4228234814       18.6673771237       24.2613299842
  1       23.7666498863       18.4180491287       23.9118747608
  1       15.9997381904       26.3527909509       22.2570983034
  2       15.4876311151       26.2866944519       22.0676844809
  1       14.9775422241       26.2286237724       21.8703595750
  1        9.2936138022       15.9607392580        1.2586117855
  2        9.6024966429       16.3767483243        1.4430781715
  1        9.9127329627       16.7952099484        1.6195527984
  1       13.5574315830       22.3092190112       22.5675434198
  2       13.2902078239       22.1131497709       23.0064606280
  1       12.9990607708       21.9226230743       23.4324101206
  1       11.2331144876        4.2664950752        7.7689516666
  2       10.8437658311        4.3572176910        8.1466777984
  1       10.4514980874        4.4452609391        8.5220101880
  1       11.3934800700       10.5541970792       21.4513820708
  2       11.3311422126       10.7383568271       21.9658713115
  1       11.2466962610       10.9116764121       22.4809724682
  1       13.6702078881       21.3960136846       11.7880999160
  2       13.1361919478       21.4001467323       11.6565328478
  1       12.6138623314       21.4252492256       11.4861167813
  1        9.5817704741       24.3999359294       23.0795642112
  2        9.8076164029       24.8480287213       23.3047451746
  1       10.0123710498       25.3057487095       23.5307273552
  1       12.9575649349       15.6851861477        1.8993206702
  2       12.9067330404       15.5957622692        2.4396164119
  1       12.8652669197       15.5277663452        2.9838196038
  1       14.5293456761       17.9817686067        5.4554388721
  2       14.8565542872       17.5399357256        5.4406662639
  1       15.2104887360       17.1192295216        5.4252813702
  1        9.0590688846       19.7098886454       17.4210559069
  2        8.9785426296       20.1050729548       17.0470975083
  1        8.9063060952       20.5143358485       16.6868395925
  1       10.6543129536       22.8680845100        0.8715276450
  2       10.6775765904       23.4050573032        0.9882282129
  1       10.7205866146       23.9460560931        1.0775055675
  1        2.4594335275        4.2782140939       23.9078259288
  2        2.7740810860        4.6886683271       24.0949735616
  1        3.0780109447        5.1161258202       24.2605233473
  1       17.3041362667        7.2204506460        0.3062434591
  2       16.8237003090        7.1974541291        0.5729876264
  1       16.3232720083        7.2013672769        0.8011459093
  1       19.4396621967        4.1068423627       14.4019095328
  2       19.8386714977        3.9205332785       14.7314250906
  1       20.2514208138        3.7363683259       15.0448278207
  1       15.0482000059       12.4745429449       25.1982589370
  2       15.5255350672       12.2537419450       25.0373298913
  1       16.0153086995       12.0560817139       24.8838625621
  1        9.6084601687        0.5162883946       10.2308252525
  2        9.6738480720        0.5251226786        9.6847974350
  1        9.7369445516        0.5374601497        9.1385679776
  1       14.2039895984        7.8464989221       20.3487096583
  2       13.6841492641        7.9674939503       20.4814734710
  1       13.1608927641        8.0853981772       20.6031337665
  1       12.2966046869       -0.2038986126       23.3056004359
  2       12.5522905653        0.2281581511       23.5302149603
  1       12.8360020988        0.6358296258       23.7664600310
  1        7.1060226782       11.4279203643       22.5308132945
  2        7.3281563237       11.4303247112       23.0339542913
  1        7.5435081163       11.4573390907       23.5393193353
  1        8.3367631056       26.0947810282        6.9507530746
  2        8.7413014545       25.7228109633        6.9286851102
  1        9.1421709336       25.3463149604        6.9213081527
  1        5.2535132431       15.3785033562       27.4961624099
  2        5.0134626995       14.8894349134       27.4207449399
  1        4.7835820057       14.3970950360       27.3355609583
  1        2.0288215070        1.3040491992        0.2684659399
  2        2.3985105438        0.9399852389        0.4509144228
  1        2.7801170779        0.5801030390        0.6163267994
  1       14.0138287104        8.2048987973       16.0231459349
  2       14.1194796383        7.6652094230       16.0145866858
  1       14.2107031399        7.1237792830       15.9824669837
  1       22.7537393018       11.0182997990       12.8765871307
  2       22.2201056665       11.1312834763       12.8060900952
  1       21.6847103739       11.2505583828       12.7657741395
  1       12.6695519772        8.5444959032       11.9855812043
  2       12.1749164946        8.7835307604       11.9591600686
  1       11.6817237437        9.0256896736       11.9342608684
  1       20.5504711030       20.3405319841        2.4739972043
  2       20.9899017953       20.2061530752        2.1717671999
  1       21.4371824033       20.0709647416        1.8816565811
  1       21.3052974166       16.5261094170       21.4396122995
  2       21.8031358852       16.5230288521       21.2058445316
  1       22.3071386368       16.5314305880       20.9858203598
  1        6.1235732282       22.2585533432       16.7966827543
  2        5.6434635808       22.3238384058       16.5364279042
  1        5.1403452024       22.4208350844       16.3365190732
  1       24.4507663378       15.7025647395       11.9083972967
  2       24.1305191572       16.0297717529       11.6036395014
  1       23.8221095514       16.3602331865       11.2903046089
  1        6.7887417391        1.1790517153        5.6282874438
  2        6.7033986558        0.7066934390        5.3597837810
  1        6.6046146969        0.2254973541        5.1124134992
  1       24.4588612698       21.1539645473       17.1371261048
  2       24.2727662182       21.3226976838       16.6478432005
  1       24.0896014023       21.4887571895       16.1565440149
  1       22.3870368304       25.0149067068       24.6245276729
  2       22.7650199519       25.4087208288       24.6919012371
  1       23.1437649479       25.8040582536       24.7444421498
  1       18.9331163202       23.9565408561        0.0513848967
  2       19.0244495891       24.2334288579        0.5177444880
  1       19.1181622194       24.4910454651        0.9945585247
  1       27.4870815639        1.7993456315       20.2737915856
  2       27.5926348507        1.5842883093       20.7688762772
  1       27.7126044556        1.3764247221       21.2637500207
  1       13.1760843868       27.5450158375       13.4748508274
  2       13.6779300225       27.5452362263       13.2497932584
  1       14.1847280137       27.5562405189       13.0364046443
  1        6.4637086003       18.1196282103       19.0217458821
  2        6.2263865965       18.2532925674       18.5439257212
  1        5.9838378692       18.3846280224       18.0680884463
  1        7.9346680606       21.0126567848        2.5129133473
  2        7.6132249870       20.5671533330        2.5393902216
  1        7.2908389233       20.1225624570        2.5694930095
  1        8.4825863794        7.0311479575        4.5003304664
  2        8.2626341093        7.4612442406        4.7632718784
  1        8.0420546201        7.8829924489        5.0389041276
  1       21.2235310206       14.5776773120        6.7142136693
  2       20.9836558418       14.3635093343        7.1604109081
  1       20.7519932782       14.1342951786        7.6034609351
  1       14.7492279507       20.2330941802       14.9522900257
  2       15.2040373804       20.5123791757       14.8194432194
  1       15.6527959309       20.7984602853       14.6806146883
  1        8.1260727871       27.1943851376       14.4472961771
  2        8.3419209379       26.8749726831       14.0550140595
  1        8.5557477925       26.5697546181       13.6505143587
  1        3.7925245068       26.0751460526       10.0756544371
  2        3.8864979204       25.5605987600       10.2456840850
  1        3.9892803811       25.0514564739       10.4265428622
  1        6.3209096610       11.1187999651       16.8261859629
  2        6.0268387364       10.8713402327       17.2196144471
  1        5.7279906188       10.6347459487       17.6161153252
  1        1.0182249525        5.9017739808       14.7575913068
  2        0.6143648714        6.2503485494       14.6238273170
  1        0.2098658168        6.6002645599       14.4956114855
  1       14.2611930314       10.3261948599        7.0367531559
  2       14.2174933770       10.2404785062        7.5782723586
  1       14.1971434724       10.1305555503        8.1167914614
  1       17.1248308924       26.4688518464       10.6072910581
  2       17.6083629663       26.7112360007       10.7070239781
  1       18.0896720258       26.9606821891       10.7998581707
  1       26.3011412099       12.5877854386        1.7000149560
  2       26.1425676462       12.1918288622        1.3527789923
  1       25.9923856151       11.7919853928        1.0062670062
  1       12.7507543580       23.9553714103       16.6844254706
  2       13.0705219659       23.5082520336       16.7026721105
  1       13.3778529722       23.0523137886       16.6897118517
  1        3.2400919582        5.0651628220       27.7557559542
  2        3.7185126228        5.0500066722       27.4848612168
  1        4.2014576741        5.0313516562       27.2223425186
  1       17.2592908925        3.1808946573       23.0747629843
  2       17.2599139400        3.3507425784       22.5516460801
  1       17.2557061413        3.5003278698       22.0223951623
  1       13.6362507491       26.8412851764       27.0126005102
  2       14.0470883246       26.9239607038       27.3687988310
  1       14.4754579035       26.9697878016       27.7107043442
  1       17.7387603315        7.3647742566       16.9591939698
  2       17.4973194504        7.4926106558       17.4365451571
  1       17.2665441509        7.6217335483       17.9188003165
  1        0.9768459556       23.1074388175        0.7282697835
  2        0.9510778133       23.6568214134        0.7321124608
  1        0.9134268884       24.2047161028        0.7022157014
  1       22.8790119659       25.0759975537        2.5582240538
  2       23.0091462970       25.1583173448        3.0862283226
  1       23.1452907648       25.2247908101        3.6149493845
  1        3.6867124630       25.3205025748        2.3750568339
  2        3.7135123986       25.2524051241        2.9201664566
  1        3.7596490197       25.1769918363        3.4630147293
  1       26.9081836161       23.6019773789       10.8218405781
  2       26.4405574133       23.4283275559       10.5901695325
  1       25.9621375901       23.2690560511       10.3705173996
  1       22.9189070880        6.2423233299       11.1050907898
  2       23.4667855799        6.2371342228       11.0571092174
  1       24.0157577094        6.2478613894       11.0252575625
  1       27.0219065075        2.6785235891        5.1949876384
  2       26.8298472991        2.6219167572        5.7072462909
  1       26.6286882768        2.5659273192        6.2160686858
  1        6.1907960307       19.6242712188        5.9317329649
  2        6.5311472871       19.2385993121        6.1264589332
  1        6.8683294950       18.8505175075        6.3219088516
  1        9.2894658201       12.8936660644       27.7435436089
  2        9.2668314685       13.2407761205       27.3175127473
  1        9.2181874546       13.5673096781       26.8776154926
  1       15.5673076096       22.5439451749       19.7390145658
  2       15.3491791636       22.0616247638       19.5897262473
  1       15.1247548025       21.5736268894       19.4714393935
  1       23.6562914882       22.9223841338        6.3224928588
  2       23.4363497081       23.2716638505        6.6859887913
  1       23.1819982051       23.5902999014        7.0551450982
  1        2.4174267122        7.4995451457        5.6256388025
  2        2.3513566236        7.7679205711        6.1011483970
  1        2.3159944385        8.0149295917        6.5912872126
  1       -0.0616833970        8.9282894673       22.6823927996
  2        0.3731519069        8.7948585459       22.3731769403
  1        0.8057008082        8.6592063303       22.0617288333
  1        4.2342708627       21.5261349374       27.2282558103
  2        4.7627299673       21.6655144240       27.2899350897
  1        5.2943722736       21.7997314372       27.3328565355
  1        6.1713438043       27.6908453793       17.4471993113
  2        5.8525389921       27.6558084805       17.0003929691
  1        5.5326002178       27.6312945506       16.5536959275
  1       19.4311337570       25.6236243812        7.1350376859
  2       19.4843791558       25.3379101515        6.6680983896
  1       19.5174295930       25.0559689969        6.1970178731
  1       14.5681362549        3.5619093359       15.1630177514
  2       15.0109150384        3.6832249269       14.8601490071
  1       15.4554770877        3.8226429590       14.5678696961
  1       25.5803826118       13.2501419824       10.0395176525
  2       26.0256314036       13.4121635594       10.3188069684
  1       26.4667898638       13.5567835004       10.6137040431
  1       11.8099360864       18.4520102103       23.8464651606
  2       11.3790393690       18.7405172529       23.6631847601
  1       10.9483876523       19.0281762940       23.4780054578
  1       20.3650091275        4.0553439696       20.5914941212
  2       20.3470349104        4.1652331743       20.0528836031
  1       20.3257805259        4.2787648817       19.5151487227
  1       13.8542413670        3.7786166687       26.7373907564
  2       14.2375369486        4.0049229570       27.0604541573
  1       14.6256178370        4.2392249250       27.3718956621
  1       24.2700056833       23.1153676455       21.3196337825
  2       23.8203261963       23.2513123640       21.0336138663
  1       23.3650781959       23.3946188994       20.7602780031
  1       15.2284713914       18.5573067975       22.0318068156
  2       15.4214291702       18.9264845371       22.3909378393
  1       15.6200057178       19.2820400702       22.7605966233
  1        4.9013631153       13.7978290593       14.2044552364
  2        5.0723842647       14.1135407620       13.7878284403
  1        5.2297002131       14.4279577732       13.3648702456
  1       23.5485501228        3.4450692344       19.6691619639
  2       23.7629768455        3.7999230406       19.3077758036
  1       23.9538857179        4.1652809821       18.9436777728
  1       27.6104764686       26.5948763642       13.1088950234
  2       27.5865988793       27.1265810257       13.2475312872
  1       27.5595678874       27.6567429762       13.3913979988
  1        0.4142290263        0.3980313226        8.9871704635
  2        0.6364159110        0.2149247193        9.4557907363
  1        0.8618356876        0.0285940182        9.9215876804
  1       13.4153467605        3.7859861310       22.1256754120
  2       13.6110652723        4.2409084276       22.3649241701
  1       13.8081117790        4.6952197367       22.6042438466
  1       20.9695490816       15.9922815727       24.7116938930
  2       20.8409431865       16.2607355136       25.1741795743
  1       20.7150398502       16.5617819648       25.6169203372
  1        1.7653207643        9.2622646634       18.1472566920
  2        2.1261332358        9.2382771279       17.7328426979
  1        2.4737558485        9.2176241036       17.3071292136
  1       22.7106528406       22.9700866272       27.6675846529
  2       23.1818573009       22.8468159487       27.4121033493
  1       23.6559692901       22.7537447992       27.1493190618
  1       21.4600733057       24.8715633446        9.8197034618
  2       21.6274412900       24.9471251871       10.3381418533
  1       21.7746011918       25.0017660284       10.8652645533
  1       13.0569917370        0.7351194944        3.8241222038
  2       12.7265927009        0.5871734721        4.2381855461
  1       12.3828250891        0.4395046540        4.6413204469
  1        9.2899510092        3.3564983822        4.4339937327
  2        8.7807548514        3.5431754330        4.3425008278
  1        8.2734071384        3.7311554813        4.2436990134
  1       19.5084016632        5.6701602610       25.0926040998
  2       19.7666002055        6.1543964707       25.1293301937
  1       20.0653813261        6.6157055992       25.1499148717
  1        3.7611258252        9.9490166544       21.3241395427
  2        4.1866316742        9.8602275223       20.9871510229
  1        4.6225493688        9.7576596762       20.6678461537
  1       14.4795347444       19.9641587031       25.9735519824
  2       15.0092482620       19.8412590530       26.0560096400
  1       15.5424651050       19.7409631000       26.1461235630
  1       17.5483081051       18.5157426459       17.8786649085
  2       17.6684797982       17.9813022092       17.9279820837
  1       17.8142011798       17.4540639645       17.9852979733
  1       21.4180389882        3.5181713155        4.5065962119
  2       21.8306900770        3.8456023038        4.6647354756
  1       22.2536352510        4.1511096512        4.8387545537
  1       10.2391330363        1.9644354101       15.1430022737
  2       10.6683607583        1.6550324210       15.2931134090
  1       11.0971173239        1.3547654539       15.4619552136
  1        2.8536463649       19.4290571495       20.9055401441
  2        2.4437441575       19.7839812137       20.9977848678
  1        2.0184071433       20.1235266074       21.0771407049
  1        1.7329737942        5.5865029914       17.8816771853
  2        2.1818068349        5.5084465380       17.5735277221
  1        2.6430463969        5.4263532464       17.2853979650
  1       10.1741160697       26.5936016189        2.6543477148
  2        9.8406618649       27.0303012428        2.6788779381
  1        9.4931071444       27.4547013007        2.7187565799
  1       16.0285131227        1.6272878536        3.3601252790
  2       16.1811828120        1.2322387483        3.7110215177
  1       16.3176823916        0.8291626153        4.0594429505
  1       27.6854076665       24.5714320812       18.4882585315
  2       27.2989363521       24.5180025072       18.8759248878
  1       26.9071161374       24.4335363264       19.2525445668
  1        1.7415408286       22.0306182941       24.6451346180
  2        1.6137735704       22.5090750647       24.8844140497
  1        1.5035390423       22.9988137510       25.1091458164
  1        0.5038681416       13.2309840835       21.6699080837
  2        0.8081574875       12.9218819927       21.3317307760
  1        1.1148380873       12.6062749761       21.0018228801
  1       22.6625139168       15.2199658146       18.0776084664
  2       23.0940393125       15.2783343390       17.7416338421
  1       23.5377467131       15.3126491302       17.4184524121
  1       21.4120960561       16.9730550746        1.7168158832
  2       21.0011134835       16.6076871725        1.7068348441
  1       20.6100226117       16.2209858011        1.7036759986
  1       24.4923964328        2.5318644658        2.5129479310
  2       24.9994611139        2.4070053086        2.3403339108
  1       25.5165937671        2.2989213802        2.1873905146
  1        5.3784989043       14.8983288681       20.8441106309
  2        5.7756841862       15.0045423360       20.4787853634
  1        6.1875876382       15.1441563283       20.1421201315
  1       18.9904824490       14.3021882675       19.2604884155
  2       18.4752896028       14.4459913718       19.3885391801
  1       17.9745413392       14.6053356809       19.5508985554
  1       26.7726228457        9.2347049870       25.8177480471
  2       27.0870058393        9.1528315731       26.2615498919
  1       27.3851165009        9.0729256462       26.7167916687
  1       15.7868562145       19.1476976231       10.2441111091
  2       15.7064532731       19.5244752208        9.8515884870
  1       15.6428250126       19.8789954637        9.4359361793
  1       22.9506131805        1.9773930582       27.1086252088
  2       23.3448869002        1.9623769740       26.7254506387
  1       23.7560763275        1.9579925776       26.3602054732
  1        1.3859455794       17.8081867909       10.8960386504
  2        1.8088395232       18.0345265382       10.6269085126
  1        2.2364501442       18.2638489973       10.3679483505
  1       23.8088827454       11.3123686232       16.6169078072
  2       23.3355140230       11.0736333184       16.4705264325
  1       22.8669692964       10.8322491824       16.3133655690
  1       24.6544706761        9.5543391162       22.3478492904
  2       24.1101327777        9.4903159065       22.3020532104
  1       23.5664272267        9.4077082112       22.2942916712
  1       19.6975524100       18.6585532128        5.3774781855
  2       19.6230496744       18.3980136366        4.8988672040
  1       19.5372479424       18.1453207270        4.4179468830
  1       21.5573320425        2.0708226385       22.7760540917
  2       21.2342807146        1.9129006409       23.1922253092
  1       20.9260966790        1.7666704654       23.6236639896
  1       24.0618859314       11.8418872836       25.9370225641
  2       23.7704543585       11.9195121595       25.4770855935
  1       23.4999062867       11.9993091780       25.0049244180
  1       24.0645919317       20.2601179653        8.5133632948
  2       24.4555449527       20.2130951842        8.1293781473
  1       24.8240210159       20.1827258769        7.7221888854
  1       23.4349135583        9.9411867019        9.0690654014
  2       23.5369818758        9.9305575918        8.5287237681
  1       23.6070401908        9.9107243694        7.9835646402
  1       18.8964347226       22.8149070367       20.6951993996
  2       18.6155071805       23.2831784706       20.7607858333
  1       18.3561029194       23.7627149665       20.8332715377
  1       20.4541016967       10.1773192377        8.4269666896
  2       19.9518889864       10.0084330573        8.5744788981
  1       19.4515959549        9.8239298353        8.7092581349
  1       18.1934425458       11.0159764311       18.0804671855
  2       18.6987881279       10.8140584530       18.1601852685
  1       19.2015967233       10.6143963011       18.2592738173
  1       14.1795682048        5.7519083753        8.0528250038
  2       14.4703149847        6.1935381090        7.9014001439
  1       14.7809329139        6.6090078812        7.7186397285
  1       15.8072089486        5.8709655596        4.1953319635
  2       16.2483426517        5.5697289272        4.0643451427
  1       16.6832179103        5.2632430225        3.9248822491
  1       24.2977953450       17.8646311569        2.8317000515
  2       24.1789526198       17.8786827831        3.3685230749
  1       24.0942085909       17.8685281502        3.9118602925
  1       19.5144587863       10.0076566062       24.7447991749
  2       19.3938524674       10.2943836552       25.1983867798
  1       19.2829530624       10.5822843235       25.6537048292
  1       18.9049763157        7.4042413283       21.6141811666
  2       19.0695289978        7.9259997945       21.5576964983
  1       19.2540901088        8.4422051923       21.5133210258
  1       19.5404073399        0.9053435789        3.3314878107
  2       19.6498991066        0.4498642501        3.6196720123
  1       19.7617421237       -0.0077679398        3.9035098485
  1        6.8458945534       19.4145671810       13.9751403903
  2        6.4854929403       19.0013334685       14.0181354614
  1        6.1101838862       18.6007123701       14.0519858446
  1       14.8035188622       15.3455125152       18.5241363717
  2       14.8088789550       15.8786854201       18.6590360488
  1       14.7865053133       16.4113557373       18.7941721001
  1        5.7615890598       23.2216483035       23.2378909070
  2        5.3453212138       22.8658963593       23.1862998755
  1        4.9121629579       22.5359545745       23.1087605759
  1       15.6687953939        5.7948623664       12.1199197451
  2       15.5469239784        5.8692291454       11.5887729290
  1       15.4223741381        5.9267253632       11.0561553164
  1       14.3069919167       11.2443150472        3.1981659521
  2       13.8601945951       11.1257541514        3.4961851921
  1       13.4090880706       11.0348346416        3.7974102661
  1        1.5282953354       10.1029379291        3.8357561921
  2        1.1815128921       10.5209665746        3.7491883660
  1        0.8646130617       10.9666755001        3.6907242723
  1       19.2523019329        8.5225265121       12.7518565728
  2       19.5140462984        8.0752080795       12.9359655270
  1       19.7905614327        7.6284594434       13.0986155675
  1       19.2406764620       18.9692606242       20.5284468671
  2       19.6640989373       19.3032804933       20.6363548581
  1       20.1036410199       19.6230370356       20.7203697992
  1       12.6959396251       20.3225887181        3.9602680625
  2       12.6277326252       19.8319452141        3.7212769391
  1       12.5645927344       19.3436191506        3.4762238655
  1        0.6540435321        8.1170529811        1.6103421963
  2        1.1039718236        7.8032541523        1.5704069038
  1        1.5749859921        7.5211715814        1.5376185643
  1       19.4546003459       26.4542302271       18.0716158361
  2       19.4974605924       26.1261531688       17.6322658127
  1       19.5410439707       25.8098385534       17.1844426867
  1       24.2575309206       15.3386677535       25.6362521338
  2       24.2724679552       15.5403312447       26.1477291336
  1       24.2870737965       15.7343717736       26.6621559424
  1       13.9158387341       12.0888967539       17.7319658577
  2       13.4765856973       12.1456898830       18.0580506781
  1       13.0259207143       12.2120280613       18.3662718944
  1        3.2666071198        0.9367895862        4.6710909215
  2        2.8983754052        1.2706348124        4.9065750385
  1        2.5477283038        1.6197984584        5.1466403578
  1       20.6699331766       16.0437749822       15.3241806521
  2       20.7923125052       16.3041821463       14.8554468163
  1       20.8982013053       16.5707088066       14.3861376428
  1        2.6924510590       23.9005385290       13.9226656246
  2        2.4117013669       24.0455199892       14.3728433524
  1        2.1094960804       24.1702068292       14.8151386787
  1       10.1537514070       17.7005948595       12.8521144467
  2       10.6569508465       17.7212725670       12.6310652294
  1       11.1493681617       17.7793828120       12.3930560151
  1       16.9103130642       15.2096562733       15.4079550278
  2       16.7344021249       14.6890936737       15.3840820033
  1       16.5408076956       14.1756824757       15.3462648416
  1       20.6955250129        7.9973935658        1.4641175609
  2       20.5031863863        8.4955876223        1.3325556563
  1       20.3152365979        8.9971985605        1.2078105455
  1       15.2738550414       13.9155922594        4.8170764611
  2       15.7183336881       14.0191504936        5.1240201443
  1       16.1581554470       14.1319187416        5.4344072279
  1        4.8091902427        8.8337152533        2.2330185354
  2        5.0225956932        8.3556228283        2.0645378335
  1        5.2278514354        7.8708027450        1.9054166026
  1        3.7366426461       25.3915554650       26.0507627221
  2        4.1488092655       25.1164373709       26.2893601072
  1        4.5676733515       24.8304278383       26.5020839273
  1        1.6397272229       14.4017437834        5.4269701229
  2        1.6852198334       13.9506161994        5.7382807802
  1        1.7098128016       13.5015191008        6.0548356425
  1       21.8460459702        5.0278563098        1.0719102582
  2       22.3941270060        5.0489392602        1.1126863226
  1       22.9413761518        5.0773561188        1.1597060369
  1       23.9324201871        9.0437376416        2.6797013953
  2       23.8781605220        9.2209276420        2.1618601141
  1       23.8072063622        9.3950831263        1.6450087104
  1       22.7396183992        1.6477645225       16.7907998527
  2       22.5670092630        1.2255344856       17.0980910535
  1       22.3792369001        0.8059630408       17.4000866518
  1        3.4897127924       12.8604115392       18.5872726580
  2        3.0221543191       12.7838634933       18.3079351010
  1        2.5582097134       12.7258297974       18.0183017260
  1        2.6766054164       20.2488590608       17.5925732868
  2        2.5691201687       20.2141039080       17.0542991922
  1        2.4973281893       20.1589335855       16.5118029746
  1       13.3696934382        7.6643901788        2.4507224061
  2       13.1785950899        7.7400474986        1.9405681243
  1       12.9804538558        7.8465409451        1.4386725214
  1       25.8835964511       20.5125062548        4.1085143711
  2       26.0214085059       20.9979447587        3.8897512653
  1       26.1782458689       21.4693551195        3.6537972183
  1       19.9204784816       22.0190190493       17.3131386819
  2       19.4882128756       22.2861762730       17.1027260784
  1       19.0560005859       22.5531471546       16.8919677239
  1        7.6302288689       13.9071330514        6.9361458121
  2        7.2688175911       14.0650969501        7.3194593848
  1        6.9146769863       14.2170945090        7.7118637337
  1       21.7007010575       26.9531626595       14.5688829724
  2       22.1581695069       27.0560394235       14.2814129926
  1       22.6011550064       27.1631167956       13.9735196952
  1       20.2003260482        8.6530388223        5.3307197739
  2       20.2090791577        8.1122139784        5.2310610000
  1       20.1900179904        7.5759178502        5.1105490346
  1        3.0259628375       17.8382298957        1.1840063666
  2        3.0300092456       17.2898020778        1.2253652254
  1        3.0261731071       16.7427288179        1.2818995629
  1       25.4726762667        1.9162930991       12.0199547796
  2       25.3408397346        2.4282648973       12.1716254977
  1       25.2539622849        2.9514362615       12.3173788212
  1       21.6992730045        0.6139332796        7.2000787212
  2       21.9577734180        0.9546727427        7.5458736815
  1       22.2255102979        1.2797396276        7.8996369956
  1       26.1823511712       10.2941748736       19.7568147741
  2       26.3021826074       10.6310816884       19.3389221743
  1       26.4310833060       10.9666030637       18.9226169790
  1       14.3686978167       17.6714064794       13.3050433214
  2       14.1870145294       17.3758571307       13.7318240211
  1       14.0018111562       17.0569217761       14.1398435661
  1        8.9645170095        7.6970860918       22.9535857906
  2        8.6364583533        7.2628753682       22.8739706814
  1        8.3419848374        6.8035666805       22.8045381470
  1       26.7812981176       20.2357724326       11.9927124529
  2       26.3842540832       20.0084722749       12.2979839273
  1       25.9927030572       19.7778695095       12.6078389863
  1       17.4820079200       12.2135185366       11.9216797728
  2       17.3493856786       12.0415820221       11.4163589083
  1       17.2247440058       11.8737092825       10.9076515310
  1       11.8255864520       23.8685807266        5.4055463783
  2       12.2951604254       24.1514668686        5.4499953849
  1       12.7895573842       24.3885471853        5.4931760469
  1       20.1653834605       21.0606501766       14.0327503880
  2       19.6226569183       21.0161687636       13.9554891150
  1       19.0760775100       20.9724628611       13.9125852288
  1        7.7990207245       23.7565657560       27.0896098749
  2        7.9964420621       24.0096186305       26.6429678950
  1        8.1853132941       24.2541322261       26.1879505786
  1       17.7759693293       21.4750883111       23.5262054060
  2       17.6743639706       21.8014660964       23.9570811333
  1       17.5819761417       22.1398827411       24.3806831431
  1        5.8921356916        3.4633658172       22.5107918764
  2        6.4325419253        3.4771382983       22.6121398973
  1        6.9717189152        3.4814291203       22.7206284288
  1       11.3769324912       15.3667056925        9.5111409579
  2       10.9190651751       15.1291356776        9.3203059274
  1       10.4531812305       14.9014242611        9.1370038273
  1       21.3882898245       22.2046520356       22.6647296443
  2       21.2762191608       21.8997389294       23.1085405996
  1       21.1509515319       21.6029227487       23.5543075510
  1        7.4304713494       10.6787740430        3.1299868818
  2        7.9068100989       10.7713187394        3.3889016842
  1        8.3810058045       10.8889425296        3.6414943913
  1       16.0887580883       21.8505863668        5.9678778074
  2       16.1764473103       22.2325324292        5.5819661520
  1       16.2330416517       22.5880305025        5.1661318108
  1        6.5247687095       22.7295132660        7.7846182614
  2        6.4447440888       22.2453508846        8.0329785813
  1        6.3659264538       21.7539532193        8.2671069947
  1        4.1385358006       12.8469395199       23.7924086048
  2        4.5594153195       13.1923144322       23.7144560519
  1        4.9933099438       13.5249508744       23.6545523682
  1       14.8394386063       25.4935675487        3.4397322859
  2       15.3793889883       25.5799549116        3.3806492216
  1       15.9204376760       25.6717709220        3.3440960173
  1       15.1657095505       24.4382710213        8.0685631070
  2       14.9117907242       24.7328030844        8.4575053822
  1       14.6776153625       25.0099478263        8.8708486911
  1       22.8161729234       23.3800993061       13.8214935672
  2       22.8750360775       23.1097309590       13.3461662211
  1       22.9390448464       22.8411974759       12.8704639560
  1        9.4797102311        8.2149944072        1.1643353872
  2        9.4452809541        7.7480867661        0.8756974140
  1        9.4382323829        7.2689895274        0.6056675037
  1        6.2126478065       28.2855502158        1.0747510900
  2        6.3479939731       27.7535872872        1.0401554568
  1        6.5124734146       27.2291068019        1.0210051889
  1        8.3941238425       13.2038324487       17.9381967687
  2        8.8548206940       12.9776018577       18.1358786615
  1        9.3150222556       12.7526213566       18.3361242502
  1       12.2953203955       14.0910144507        5.6913717366
  2       12.4473017387       13.6800258431        6.0237721514
  1       12.6166750067       13.2931931484        6.3761542755
  1       12.7640554867        1.7828788446       19.2055708157
  2       13.1580347500        1.4814781024       19.4431375068
  1       13.5554928268        1.1904418331       19.6877289335
  1       12.0750432867       20.2959740356       19.1345492395
  2       12.0131175618       19.7951382979       19.3532471324
  1       11.9566777406       19.3049847151       19.5962780170
  1       26.9489523724       27.6834370892       27.0660981814
  2       27.1945976544       27.2977201846       26.7605153531
  1       27.4331870328       26.9150541555       26.4456474162
  1       16.4895100412       10.6598887516        0.5352645571
  2       17.0175386908       10.8132766066        0.5226982892
  1       17.5428808194       10.9735341584        0.4938337090
  1       15.6327271498       23.8014287855       12.5671412954
  2       15.4932777597       23.7970316992       13.0991511950
  1       15.3893935780       23.7838711549       13.6390908915
  1        4.7879004692        2.2339588489       19.4506409122
  2        4.8430031142        1.7399542033       19.6860620426
  1        4.9173782742        1.2578736444       19.9401617656
  1       14.0248321320       13.6848711594       22.2966595566
  2       13.5276001178       13.9196374686       22.2846136364
  1       13.0382817468       14.1684419722       22.2504983952
  1       26.6794184024       18.5939797558       27.1086119578
  2       26.9701130396       18.8192963279       27.5175484691
  1       27.2502707814       19.0458470407       27.9331040167
  1        2.8137416009       10.0684902439       26.6377555694
  2        2.7613868556       10.5778934192       26.4370882188
  1        2.7064308536       11.0843558750       26.2297826045
  1       20.5118083952       13.4080097057        3.6776224528
  2       20.0327263105       13.2952801474        3.9231268374
  1       19.5630593397       13.1820945576        4.1859993498
  1        9.3249131477       21.6636040211       20.5977810275
  2        8.8050900573       21.8182039841       20.6893386934
  1        8.2857685114       21.9752411828       20.7795852950
  1       23.9523613832       27.5720976982       21.3046823099
  2       24.1912848735       27.2669558090       20.9144208677
  1       24.4349968627       26.9632955970       20.5259688875
  1       27.1954676709       24.1710533077        6.9318664869
  2       27.2643095502       24.6185330367        6.6195802596
  1       27.3239512240       25.0471214329        6.2800882031
  1       26.7184418575       23.3455108968       15.1869605591
  2       26.5941090305       23.8383961359       14.9769474898
  1       26.4836482866       24.3279635890       14.7519538636
  1       15.0096148212       14.9650713451        8.7811043156
  2       15.3629051072       14.6024231288        8.9959815946
  1       15.7032544306       14.2320839672        9.2184928133
  1       16.7555045198        0.0352349250        7.3698487235
  2       17.0224157320        0.5147057018        7.4068105820
  1       17.2416920747        1.0137884247        7.4798470129
  1       13.9274350667       13.4020383926       12.2881925478
  2       13.7953128811       13.8662145481       12.5519807672
  1       13.6849655046       14.3251782466       12.8342497505
  1        4.1232724575       21.1224643177       11.7059922848
  2        4.5311024089       20.7789228438       11.5712555550
  1        4.9482299029       20.4427616404       11.4467553618
  1       23.9986449521       27.7781270819        5.0315630335
  2       24.5378838051       27.7668306129        5.1392377717
  1       25.0627356756       27.7283200716        5.2990734724
  1       26.5511362573       21.3639375566       23.4366316591
  2       26.1204388548       21.3326123414       23.7772465125
  1       25.6897085525       21.2776452970       24.1148113650
  1        6.1345639470       15.2853791060       16.4653338642
  2        6.6285278626       15.3840012219       16.2444870207
  1        7.1137431900       15.4707406772       16.0004740047
  1       22.7210068109       25.0712350616       17.3326988506
  2       23.2644976750       25.0734289122       17.2483610321
  1       23.8079834788       25.0619726674       17.1647432438
  1       27.5321116238       27.2312296254        2.6396816875
  2       27.7585438615       27.0286998924        3.0981684909
  1       27.9913208222       26.8278488845        3.5542098906
  1        8.8330481159       18.9392831452        9.7148869029
  2        8.9913394470       19.3074294972        9.3381746546
  1        9.1634854039       19.6681707379        8.9603763940
  1        1.9698312962       17.9282487037        5.9996967684
  2        2.2021574535       18.1014481649        5.5322285842
  1        2.4564575816       18.2783616767        5.0777695066
  1        7.6159112710       15.2746969148       11.2236666663
  2        7.4369947803       15.7934613631       11.1866216049
  1        7.2792820958       16.3182146960       11.1390753354
  1       11.8424481748        5.4546831219       11.7160987815
  2       11.7196213781        5.3215746137       12.2354211313
  1       11.6245276608        5.1854380316       12.7597531015
  1        6.1761225526       16.9266542410       24.5718156197
  2        6.2809416714       17.2773349869       24.1612842971
  1        6.3902339528       17.6309919827       23.7544896001
  1       10.8092148728       24.9481018300        9.6760467178
  2       10.8925450107       24.6450930531       10.1274243527
  1       10.9557083180       24.3348804359       10.5771782051
  1        8.0537862773        5.5673532696       13.9222413851
  2        8.5433846991        5.5628854896       14.1727876370
  1        9.0410945845        5.5358322441       14.4052806281
  1       23.1562321187        8.3716327264       25.7433762545
  2       23.4794427673        8.0460851003       26.0467796491
  1       23.7820198122        7.7284748086       26.3785488963
  1        1.4757246035       17.1202353949       24.1549703392
  2        1.7761365283       16.6624449064       24.2067443098
  1        2.0652110603       16.1960734493       24.2446069301
  1       18.1239983398       17.0996106246       12.9043365738
  2       17.8390295151       17.5591348387       12.8036873528
  1       17.5550731805       18.0134052506       12.6791594770
  1       21.2746165218       26.8351197564       27.0944034771
  2       21.4542057076       26.7542032517       27.6079209973
  1       21.6283512626       26.6701787395       28.1228124480
  1       19.0840788572       16.7208667829        8.5770797055
  2       19.4288128008       17.1494205412        8.5766503459
  1       19.7572440867       17.5904567100        8.5656964751
  1        7.3925188317        3.1551958465       12.0621539975
  2        7.3349815628        2.6086345555       12.0407013084
  1        7.2965974652        2.0603550036       12.0611021171
  1        0.8092454271       20.4617805660        7.7243470470
  2        0.6584140219       20.8495240564        8.0840759350
  1        0.5297847354       21.2362860281        8.4533585949
  1        6.1832090955       15.3855755392        3.9229442053
  2        5.9780282137       15.8943326526        3.8833587872
  1        5.8050754097       16.4135629327        3.8287031128
  1        2.5792190090        1.6450488393       16.3443679255
  2        2.9220051684        2.0129936136       16.1216252668
  1        3.2796950169        2.3707918836       15.9058977320
  1        9.4678699751       11.2637162013        9.0344035679
  2        9.6760375979       11.1330468819        8.5423753474
  1        9.8684974614       10.9763920129        8.0515409029
  1       25.0247911632        8.3935024101       15.5099485975
  2       25.0809406154        8.2781580237       16.0447783943
  1       25.1147909955        8.2000319117       16.5881479383
  1       10.7867465380       23.5444284752       13.8352223171
  2       10.4583684444       23.5429456917       14.2764315974
  1       10.1471057102       23.5328995219       14.7297687608


Molecules in box 2
##############################################################################                                           
Moleculetype  1
Number-of-molecules: 86    
Atomtype         X                  Y                   Z
  1       45.7601065723       35.5492438686       40.8102316071
  2       45.2181138923       35.6007872188       40.7322109824
  1       44.6747548200       35.6400336243       40.6565760883
  1       13.5616071950       12.9386900777       10.7673177346
  2       13.1409933047       12.5848568537       10.7476707281
  1       12.7340187395       12.2150486420       10.7583285338
  1       27.3072278130       37.5316244519       36.9498558091
  2       27.7764821566       37.2500043810       36.8951703756
  1       28.2540517249       36.9827848065       36.8402067016
  1       36.9694981170       16.8937909110       42.3127279543
  2       37.1067968479       16.3616096402       42.2919396531
  1       37.2547020355       15.8348461763       42.2358655277
  1       19.6980998449       49.6748317444       41.9314807183
  2       19.9422121336       49.4513678434       41.4921937102
  1       20.2125370122       49.2583694840       41.0538147735
  1       25.3245930960       34.3966470514       32.9015575313
  2       25.8237736806       34.3150099504       32.6855618654
  1       26.3271166612       34.2363527036       32.4782966238
  1        3.4346670801       27.6456326513       33.6067514559
  2        3.5631584209       27.1339222672       33.4513730208
  1        3.7169256972       26.6276774139       33.3011339703
  1        2.0497159733        8.6111553973       16.3595306882
  2        2.0570856094        8.0983834850       16.1607578167
  1        2.0612576690        7.5837518092       15.9667556746
  1       34.8797275626       47.6455242745       29.0415977743
  2       34.7181449895       47.5012319174       29.5471378694
  1       34.4949734627       47.3922080363       30.0378600535
  1       44.9043158065       46.4325390548       12.1420101769
  2       44.7882506442       45.9223416111       12.3115019071
  1       44.6674455012       45.4123407822       12.4782510326
  1       38.9577195169       19.7609369307       27.8051968001
  2       38.7598956310       19.2646110318       27.6747118881
  1       38.5667728445       18.7607603824       27.5682313196
  1       26.0093022108       22.7241986180       22.6450354994
  2       26.2738193641       22.5710458302       23.1022825871
  1       26.5207779656       22.4522941359       23.5791572910
  1       41.7692931601       40.9559946994        3.9218493330
  2       41.9846151450       40.4508265735        3.8911637108
  1       42.1947935924       39.9438549490        3.8550418175
  1       33.7082142201        2.6229152076       35.6528316739
  2       34.0776458077        2.7163772692       35.2562397613
  1       34.4616366418        2.8041193026       34.8723747149
  1       44.8986556261       12.3602658834       45.9056066517
  2       45.1146623699       12.2321191942       45.4163015192
  1       45.3400029793       12.1005511025       44.9321409612
  1       40.9416877763       50.4495108414       33.3261984467
  2       40.6368973095       50.1128931021       33.6365067916
  1       40.3547001986       49.7777348132       33.9689728966
  1       30.3597489661       49.9618464747       36.0051140111
  2       30.3615987003       49.8831177234       36.5494469627
  1       30.3606367628       49.8355393682       37.0973843439
  1        9.8615050146       49.5392816485       28.4758720789
  2        9.6420587033       49.8842058508       28.1079446253
  1        9.4354691705       50.2425237398       27.7454131723
  1       37.1310973906       34.6851755122       17.2569224845
  2       36.8812636509       34.7431674363       17.7434613208
  1       36.6346688377       34.8177658903       18.2293893687
  1       28.2772981897        6.0132242607       45.6550014723
  2       28.5315807702        6.3093801391       45.2675326800
  1       28.7852115525        6.6216235490       44.8924653818
  1       10.9263614888       19.7295422523       36.1042921306
  2       10.6721415693       20.1808689156       35.9194233244
  1       10.4159800584       20.6406229372       35.7597125892
  1       35.6864148427       49.1762143747       36.5056968395
  2       36.0948200116       49.4662087606       36.7328718252
  1       36.5121653330       49.7577653581       36.9410007087
  1        2.8863341074       19.4373233829       25.3312300595
  2        3.0526163983       18.9154951455       25.2807772060
  1        3.1924920613       18.3840546084       25.2582882453
  1       45.0526679570        0.6392935324       25.2997989747
  2       45.0747657571        0.2091690760       25.6418583836
  1       45.0762060929       -0.2227908562       25.9823118186
  1        8.1580783597       50.3613654954       12.0329128091
  2        8.5360733780       50.4346249475       12.4256631355
  1        8.9072548888       50.5032629970       12.8256795141
  1       40.4016847414        6.1543406286       15.0194456489
  2       40.1814136116        6.5857438627       15.2799679683
  1       39.9565397960        7.0171741553       15.5364824294
  1        2.3023443688        8.9917530989       12.8022914127
  2        2.2372613427        8.7542499362       12.3105023854
  1        2.1421872136        8.5130403027       11.8254469023
  1       34.3638667753       17.7818671347       33.2801572855
  2       33.8802984186       17.9748374294       33.4574257535
  1       33.3919602110       18.1825602495       33.6019145905
  1       32.0839284020        3.9701800764       39.6051928507
  2       32.5745028818        4.0429664138       39.3674139010
  1       33.0561192446        4.1501385445       39.1243916542
  1       44.9239395067        3.8329149498       41.6858347777
  2       44.8819054366        4.3812357736       41.6946331335
  1       44.8443531918        4.9287838734       41.7304228847
  1       14.4577659934        5.6046449728       17.4323624628
  2       14.1772432718        6.0676116221       17.5296706549
  1       13.8919938119        6.5276647244       17.6270559087
  1        4.3367795163       25.8440257099       36.4148484050
  2        4.0457924397       26.2647295562       36.6169246156
  1        3.7442815086       26.6803825753       36.8139619855
  1       14.0798614871       46.0172043315       29.1256978252
  2       14.3584959992       46.4372804692       29.3456952050
  1       14.6463788768       46.8458946093       29.5751683675
  1       35.0142437989       18.0674817857       38.8448819731
  2       35.1790753234       18.3973690826       38.4368318047
  1       35.3444666445       18.7208540343       38.0239114785
  1       32.6956547112        1.0228555951       30.7978780570
  2       32.2498677805        0.7133838644       30.7084282928
  1       31.8256681260        0.3700103031       30.6402428875
  1       11.1627001919       47.6358605667        2.0778997790
  2       11.6413754465       47.7990117682        1.8616783968
  1       12.1241017956       47.9710801656        1.6620093271
  1       20.4120093626       17.2712325911        1.2004177556
  2       20.2711588317       17.0839382619        0.7028416687
  1       20.1359491359       16.8813656019        0.2097061350
  1        7.9851649637       22.6629460322        4.7148638306
  2        7.4581565953       22.6305185751        4.5608812355
  1        6.9233206172       22.5788567798        4.4434864552
  1       14.5785955896       28.4786744355       36.8770144923
  2       14.5885875738       28.7583535750       37.3504907210
  1       14.6279877264       29.0287827904       37.8277911153
  1       45.5393867169        8.8175561553       33.0780966931
  2       45.5581424976        8.7515494280       32.5323940886
  1       45.6008736406        8.7056682805       31.9859794395
  1       10.8425271670       48.7864759626        7.7183092972
  2       10.8147171920       48.9997593541        8.2245076775
  1       10.7878553656       49.2095447211        8.7322167882
  1        9.7709490312       45.6453450683       50.2591041318
  2       10.2002960863       45.3186370044       50.1522259431
  1       10.6075468801       44.9614922726       50.0568612197
  1       49.2895499687        4.9967124372       45.5835120163
  2       49.6938604970        4.7845096700       45.2769129585
  1       50.0972082613        4.5748409170       44.9673171025
  1       28.1295229064       10.0170053674        4.4009934848
  2       28.6487903114        9.9405398387        4.5653540186
  1       29.1815865832        9.8836259447        4.6894061865
  1       20.6869029843        9.5545123878       42.7438329014
  2       20.3488746076        9.9153722132       42.9847000909
  1       20.0152836079       10.2850672029       43.2182437879
  1       47.0146474197       44.3670250580       28.1951213709
  2       47.0789107942       43.8212948644       28.2185473058
  1       47.1360269669       43.2743802912       28.2296013312
  1       27.4895605605       10.2621672308        8.0200692475
  2       27.9066258232       10.6033957867        8.1301584809
  1       28.3370318691       10.9291243871        8.2357592073
  1       42.0991338764       21.7992658552       29.0491749007
  2       42.2277889289       22.3319241104       29.0963242449
  1       42.3769164063       22.8547125881       29.1797101070
  1       43.9449376472        2.3528452335       27.7848175366
  2       43.5955605192        2.0311603764       28.0622242330
  1       43.2596325629        1.7040804641       28.3497501243
  1        1.5986776677       22.6240311773       40.6525467598
  2        1.0982997850       22.4474319369       40.7972349859
  1        0.5991240886       22.2813549811       40.9576783338
  1       18.7752893590       38.9282691202        4.1761253217
  2       18.8722553580       39.4574676534        4.2903466309
  1       18.9415823909       39.9923702566        4.3979243543
  1        3.7362640164       35.7972889412       16.6542561076
  2        3.8604640086       35.5081019760       17.1053051748
  1        3.9773574663       35.2003911096       17.5459296649
  1       36.5000095683       37.2054062244       14.2806411259
  2       36.9958608980       37.0935409629       14.0705991728
  1       37.4931233287       36.9461570809       13.8875470893
  1       38.3364345648       28.1222988878       14.2557884296
  2       37.9419245688       28.5013059984       14.3124935721
  1       37.5284890814       28.8576108895       14.3804488610
  1       49.8439339771       38.1929637248       43.9848656250
  2       49.8563974150       38.5187833400       43.5419364646
  1       49.8674354958       38.8509956596       43.1037434313
  1       47.0279421703       11.3153223918       41.5542475826
  2       47.1113426135       11.8584248555       41.5784153313
  1       47.1718579228       12.4045199981       41.6032747668
  1       13.8464390564       42.7979016587       21.3119743308
  2       13.9059227572       43.2328444774       21.6433146903
  1       13.9122733847       43.6751994499       21.9700894549
  1        3.6138645460       39.4764393387       13.0976954498
  2        3.9642673968       39.4117579075       13.5166634135
  1        4.3089423277       39.3562859304       13.9416599438
  1       30.3961218884        3.7861159166       42.5256122635
  2       30.9160698580        3.6073543444       42.5115264831
  1       31.4406564559        3.4467618462       42.4725527769
  1       36.7112465240       38.4309476951       48.9019853991
  2       36.8793089014       37.9865198943       48.6249674084
  1       37.0393946826       37.5399047946       48.3467453850
  1       26.4879565801       13.7035458116        4.8828858013
  2       26.3704725281       14.0875849818        4.5071047304
  1       26.2561258167       14.4707319767        4.1294498497
  1       27.5557402681       13.8618665385       46.9086719915
  2       27.2868729107       14.2050546119       47.2439812374
  1       26.9880087645       14.5389179521       47.5629098990
  1       20.9229701973        3.8689741262       49.8936272543
  2       20.5130469385        4.2112851958       50.0251036917
  1       20.0926194145        4.5450334888       50.1449067505
  1        9.2997060750       27.0092758377       20.6501487324
  2        8.8222767898       26.8126375416       20.8396075887
  1        8.3525588636       26.6189223557       21.0501770440
  1       12.8717373294       13.1431354983        1.0568551418
  2       12.5304329315       13.1385047130        1.4881205634
  1       12.1714144160       13.1231890297        1.9044991583
  1       17.3201283404       42.1458023369       43.3224234335
  2       17.3911061401       41.7611506268       43.7090824744
  1       17.4430305239       41.3759737980       44.0982388284
  1        2.0363607106        8.6092021121       31.7005849956
  2        1.8917572204        8.0823515191       31.7639749252
  1        1.7670919403        7.5469785074       31.7822589431
  1       14.4619781341       19.8036201782        8.3348902062
  2       14.9671289829       19.6131532865        8.4399853208
  1       15.4719203407       19.4277139028        8.5553019243
  1        4.8504965501       39.2874534394       46.7473084660
  2        4.9481843207       39.7721304621       46.9882343533
  1        5.0597799585       40.2537577895       47.2292354531
  1       24.0760018480       31.7429097525       34.2562555128
  2       23.5788457430       31.8680535280       34.4554409607
  1       23.0814349746       31.9827178738       34.6602203891
  1       28.2324874753       46.4917852300       35.0168436648
  2       27.7198102021       46.6780408051       35.0873480920
  1       27.1927017749       46.8152777146       35.1636549439
  1        4.3190251777       34.1197417845       49.4708962386
  2        4.7622585505       33.8375360292       49.3084028882
  1        5.2027553674       33.5527639106       49.1429719549
  1       13.5054687627       23.9141387321       18.7846171371
  2       13.4545523321       24.2517760272       18.3534459715
  1       13.4019295339       24.6093232265       17.9388487690
  1       33.5443787950       42.3686465881       35.6703260161
  2       33.5152059170       41.8260170263       35.5854608176
  1       33.4802607028       41.2898921334       35.4677793398
  1       31.1537999581        0.7413482490       40.0150635074
  2       31.6544491875        0.5675907577       39.8678946134
  1       32.1561186219        0.3860385276       39.7342287414
  1        1.8564624654       36.3377203013       44.4210194322
  2        2.3148737701       36.5954520773       44.2599809047
  1        2.7627627854       36.8703003459       44.0976421902
  1       21.6372095996       21.2893016196       43.6759024053
  2       21.2445130913       21.3146881574       43.2916564215
  1       20.8687842016       21.3401146661       42.8908057098
  1        7.9122030919       50.0681298977        5.0003891005
  2        7.9309955242       50.2521229483        5.5183595648
  1        7.9386777887       50.4277384398        6.0395123072
  1       16.7947798540       16.2724758358       49.7020896357
  2       16.7487706369       16.1559617798       49.1665454016
  1       16.6753404786       16.0329619057       48.6355284134
  1       23.1590190096       39.4399856173       32.3010297616
  2       23.6473387562       39.5743884716       32.0866009905
  1       24.1362260377       39.6990928762       31.8676534251
  1       36.3667954614        4.1387038884       37.9984946805
  2       36.8312975069        4.1365708159       38.2929998583
  1       37.2904680732        4.1134814527       38.5948761100
  1       31.1300887710        6.5068468223       33.4874856617
  2       31.3093205891        6.1080487313       33.1538151086
  1       31.5012424137        5.7123993127       32.8234705161
  1        1.7704172372       24.5148620658       27.3049044089
  2        2.2976246173       24.3599717290       27.2812113291
  1        2.8274935234       24.2125945859       27.2768617291
  1        6.9282339979       14.1242650264       32.5204868391
  2        6.5777710741       14.5465806757       32.5568905671
  1        6.2165920395       14.9602052715       32.5879453203
  1       11.3775204951        3.3171065597        2.2682586320
  2       11.0091019480        3.2459943993        1.8661257748
  1       10.6332696441        3.1889663102        1.4686363091
  1       36.1604530200       22.6770409137       37.4652297444
  2       35.8147668569       22.6580351852       37.8925935928
  1       35.4814352274       22.6510364422       38.3300190623


Number-of-fractionals:  1        
##############################################################################                                           
Fractional-type:      2
Box:                  1
Lambda:               0.689924
Reaction-Step         1 (only used if Type = 3 (RxMC))

Moleculetype  1
Atomtype         X                  Y                   Z
  1        9.7013931295        0.2833433553       25.6020615968
  2       10.0583443313        0.1024042628       25.9793504574
  1       10.4286130361       -0.0752569961       26.3451886216

------------------------------------------------------------------------------                                           

