Compiled using GNU Fortran (Ubuntu 9.4.0-1ubuntu1~20.04.2) 9.4.0 with all optimizations
Last Brick update unknown
Compiled at 16:28:53 on Sep  3 2023
Starting at 16:14:21 on Jan 01 2025

Settings
OK                      

Forcefield
OK                      

Topology
OK                      

Configuration
OK                      Starting from random configuration.

 F
Monte Carlo Simulation initialized.

#########################################################################################################################
###########################################   ENERGY STARTING CONFIGURATION   ###########################################
#########################################################################################################################
                                               Box 1               Box 2
-------------------------------------------------------------------------------------------------------------------------
Lennard Jones        
 Intermolecular                          0.1222238580E+008   0.4902238062E+005
 Tailcorrection                         -0.3853923754E+004  -0.5786579903E+002
Total Intermolecular                     0.1221853188E+008   0.4896451482E+005

Electrostatic        
 Real                                    0.1370986069E+002   0.4266034501E+003
 Exclusion                               0.1043425830E+008   0.2037985693E+007
 Selfterm                               -0.1044989240E+008  -0.2038978394E+007
 Fourier                                 0.1524376493E+005   0.1082405515E+004
Total Intermolecular                    -0.3766281491E+003   0.5163073530E+003

Intramolecular       
 Lennard Jones                           0.0000000000E+000   0.0000000000E+000
 Electrostatic                           0.0000000000E+000   0.0000000000E+000
 Bending                                 0.9343375086E+007   0.3104111324E+007
 Torsion                                 0.0000000000E+000   0.0000000000E+000

Total                                    0.2156153034E+008   0.3153592146E+007

#########################################################################################################################

Simulation is running...



#########################################################################################################################
###############################################   RELATIVE ENERGY DRIFTS   ##############################################
#########################################################################################################################
                                               Box 1               Box 2                                                 
-------------------------------------------------------------------------------------------------------------------------

Lennard Jones        
 Intermolecular                          0.3780273510E-014   0.6432157300E-015
 Tailcorrection                          0.0000000000E+000   0.0000000000E+000

Electrostatic        
 Real                                    0.1551996908E-013   0.1440934562E-013
 Exclusion                               0.2749782328E-015   0.3790806478E-015
 Selfterm                                0.0000000000E+000   0.0000000000E+000
 Fourier                                 0.5879861644E-015   0.0000000000E+000

Intramolecular       
 Lennard Jones                           0.0000000000E+000   0.0000000000E+000
 Electrostatic                           0.0000000000E+000   0.0000000000E+000
 Bending                                 0.8799226203E-014   0.8750376414E-013
 Torsion                                 0.0000000000E+000   0.0000000000E+000

Total                                    0.1213022025E-013   0.2110247831E-012

#########################################################################################################################
############################################   TRIAL MOVE ACCEPTANCE RATES   ############################################
#########################################################################################################################
                                               Box 1               Box 2
-------------------------------------------------------------------------------------------------------------------------
Translation
 N2                                           0.50249             0.94154
-------------------------------------------------------------------------------------------------------------------------
Rotation
 N2                                           0.50201             0.99256
-------------------------------------------------------------------------------------------------------------------------
Bond Bending
 N2                      
  Bending 1                                   0.34147             0.34459
-------------------------------------------------------------------------------------------------------------------------
Lambda Move
 N2                                           0.78502             0.97698
-------------------------------------------------------------------------------------------------------------------------
GE Swap Fractional
 N2                                           0.22346             0.33435
-------------------------------------------------------------------------------------------------------------------------
GE Identity Change
 N2                                           0.22643             0.99996
-------------------------------------------------------------------------------------------------------------------------
Volume                                        0.50261             0.50261

#########################################################################################################################
######################################################   AVERAGES   #####################################################
#########################################################################################################################
                                                       Boltzmann                                    Biased
                                               Box 1               Box 2                  Box 1               Box 2      
-------------------------------------------------------------------------------------------------------------------------
Density
 N2                                      0.8214249944E+003   0.2636052322E+001      0.8219207104E+003   0.2631454156E+001
 Total                                   0.8214249944E+003   0.2636052322E+001      0.8219207104E+003   0.2631454156E+001

Number of molecules
 N2                                      0.3926435452E+003   0.7356454838E+001      0.3926557280E+003   0.7344272000E+001
 Total                                   0.3926435452E+003   0.7356454838E+001      0.3926557280E+003   0.7344272000E+001

Mole fractions
 N2                                           1.00000             1.00000                 1.00000             1.00000

Volume                                   0.2223801032E+005   0.1297619897E+006      0.2222530936E+005   0.1297746906E+006

#########################################################################################################################
#######################################   PROPERTIES FROM THE CFC GIBBS ENSEMBLE   ######################################
#########################################################################################################################
                                                       Boltzmann                                    Biased
                                               Box 1               Box 2                  Box 1               Box 2      
Chemical Potentials (as an indication)
=========================================================================================================================

Total N2                                -0.8855247916E+003  -0.8849530224E+003     -0.8854704946E+003  -0.8851101499E+003
 Ideal gas                              -0.3632885900E+003  -0.8800468248E+003     -0.3632342929E+003  -0.8802039523E+003
 Excess                                 -0.5222362017E+003  -0.4906197630E+001     -0.5222362017E+003  -0.4906197630E+001

-------------------------------------------------------------------------------------------------------------------------

#########################################################################################################################
##################################################   AVERAGE ENERGIES   #################################################
#########################################################################################################################
                                                       Boltzmann                                    Biased
                                               Box 1               Box 2                  Box 1               Box 2      
-------------------------------------------------------------------------------------------------------------------------
Lennard Jones        
 Intermolecular                         -0.2919811506E+006  -0.3048030568E+002     -0.2916965094E+006  -0.3130275479E+002
 Tailcorrection                         -0.8001987985E+004  -0.3446852908E+000     -0.7994883416E+004  -0.3547593761E+000
Total Intermolecular                    -0.2999831386E+006  -0.3082499097E+002     -0.2996913928E+006  -0.3165751416E+002

Electrostatic        
 Real                                   -0.6781795489E+004  -0.6927324490E+000     -0.6778527259E+004  -0.6944651191E+000
 Exclusion                               0.1368597557E+008   0.1501298423E+006      0.1368071411E+008   0.1505196467E+006
 Selfterm                               -0.1368844655E+008  -0.1501331359E+006     -0.1368318379E+008  -0.1505229632E+006
 Fourier                                 0.1162580674E+004   0.3390990621E+001      0.1162201065E+004   0.3400112128E+001
Total Intermolecular                    -0.8090199405E+004  -0.5953819352E+000     -0.8086008906E+004  -0.6108800806E+000

Intramolecular       
 Lennard Jones                           0.0000000000E+000   0.0000000000E+000      0.0000000000E+000   0.0000000000E+000
 Electrostatic                           0.0000000000E+000   0.0000000000E+000      0.0000000000E+000   0.0000000000E+000
 Bending                                 0.3555217044E+005   0.6633430652E+003      0.3553366749E+005   0.6796442151E+003
 Torsion                                 0.0000000000E+000   0.0000000000E+000      0.0000000000E+000   0.0000000000E+000

Total                                   -0.2725211676E+006   0.6319226923E+003     -0.2722437342E+006   0.6473758209E+003

#########################################################################################################################

No errors found in bookkeeping.

Total simulation time :  2 days and  12 hours

Simulation finished.

