 0.0000000   0.6396813527E-003   0.5778854575E+000   0.9943135222E+000   0.9819028423E+000
 0.0101010   0.6289194557E-003   0.6005689523E+000   0.9884187316E+000   0.1056220732E+001
 0.0202020   0.6065705970E-003   0.6185143451E+000   0.9959769109E+000   0.1041675490E+001
 0.0303030   0.5504699538E-003   0.5743956890E+000   0.9924938282E+000   0.9728585654E+000
 0.0404040   0.4794523730E-003   0.5871891213E+000   0.9909972036E+000   0.9679824972E+000
 0.0505051   0.4000000987E-003   0.6444427123E+000   0.9924614203E+000   0.1051465762E+001
 0.0606061   0.3239535038E-003   0.5621337925E+000   0.9905650049E+000   0.1007676823E+001
 0.0707071   0.2519805058E-003   0.5833415502E+000   0.9873546278E+000   0.1017044923E+001
 0.0808081   0.1948361029E-003   0.5519916778E+000   0.9972952629E+000   0.9794761821E+000
 0.0909091   0.1517483199E-003   0.5996883603E+000   0.9953816375E+000   0.1011390744E+001
 0.1010101   0.1227293750E-003   0.5921605902E+000   0.9923078970E+000   0.9814545758E+000
 0.1111111   0.1031628960E-003   0.5445442146E+000   0.9927774123E+000   0.1008744634E+001
 0.1212121   0.9292518387E-004   0.6056922886E+000   0.9977374388E+000   0.9903001435E+000
 0.1313131   0.8804796615E-004   0.6254032386E+000   0.9948423810E+000   0.9641762470E+000
 0.1414141   0.8916957225E-004   0.7043706793E+000   0.9923669592E+000   0.9993089605E+000
 0.1515152   0.9288938878E-004   0.7059203623E+000   0.9880630106E+000   0.9726859494E+000
 0.1616162   0.1014123995E-003   0.6876127938E+000   0.9926915237E+000   0.9776242396E+000
 0.1717172   0.1134973564E-003   0.7743779468E+000   0.9968268029E+000   0.9695019197E+000
 0.1818182   0.1312008435E-003   0.8581872524E+000   0.9956107500E+000   0.1015186290E+001
 0.1919192   0.1527507662E-003   0.7906981204E+000   0.9923275979E+000   0.9776476565E+000
 0.2020202   0.1860023940E-003   0.9151490355E+000   0.1001220525E+001   0.1023301919E+001
 0.2121212   0.2259221751E-003   0.9623491674E+000   0.9933874877E+000   0.1000336628E+001
 0.2222222   0.2824954430E-003   0.9309527807E+000   0.9924145074E+000   0.9599464853E+000
 0.2323232   0.3515852432E-003   0.9401260453E+000   0.9963271935E+000   0.9484193477E+000
 0.2424242   0.4538613157E-003   0.9909053963E+000   0.9967273261E+000   0.1000177393E+001
 0.2525253   0.5778922960E-003   0.1052954735E+001   0.1000431555E+001   0.9976396699E+000
 0.2626263   0.7580475675E-003   0.9740819136E+000   0.9964644306E+000   0.9507757572E+000
 0.2727273   0.9971711662E-003   0.1016012010E+001   0.9934283387E+000   0.9984258088E+000
 0.2828283   0.1306774480E-002   0.1045895687E+001   0.1000635224E+001   0.9751085952E+000
 0.2929293   0.1746093036E-002   0.1103364755E+001   0.1001109564E+001   0.9770963557E+000
 0.3030303   0.2343301515E-002   0.1014920315E+001   0.1000942366E+001   0.1017040908E+001
 0.3131313   0.3156021833E-002   0.1019786033E+001   0.9981068341E+000   0.9906667853E+000
 0.3232323   0.4292434956E-002   0.1092066937E+001   0.9993511142E+000   0.9568882378E+000
 0.3333333   0.5865087623E-002   0.1084050170E+001   0.9981194946E+000   0.9639574662E+000
 0.3434343   0.8031910513E-002   0.1104946242E+001   0.9942396907E+000   0.9560934012E+000
 0.3535354   0.1110468263E-001   0.1071493683E+001   0.9992001315E+000   0.9851878992E+000
 0.3636364   0.1529883181E-001   0.1071179214E+001   0.9958819635E+000   0.1004024456E+001
 0.3737374   0.2127438101E-001   0.1000440439E+001   0.9993787142E+000   0.1007156299E+001
 0.3838384   0.2977446095E-001   0.9878342569E+000   0.9957330263E+000   0.9552878598E+000
 0.3939394   0.4148730537E-001   0.1052878007E+001   0.9946566795E+000   0.1016593311E+001
 0.4040404   0.5805032497E-001   0.1040189927E+001   0.1002168435E+001   0.9966427789E+000
 0.4141414   0.8199849598E-001   0.9914711220E+000   0.1002174453E+001   0.9573452019E+000
 0.4242424   0.1156654736E+000   0.1097305566E+001   0.9991590356E+000   0.1018406448E+001
 0.4343434   0.1654568708E+000   0.1090256456E+001   0.9981937027E+000   0.9815081002E+000
 0.4444444   0.2345701869E+000   0.1125987423E+001   0.9987713373E+000   0.1012063813E+001
 0.4545455   0.3338101955E+000   0.1095279210E+001   0.9995884361E+000   0.1036911823E+001
 0.4646465   0.4796746158E+000   0.1075392142E+001   0.9969292551E+000   0.9879531008E+000
 0.4747475   0.6808976284E+000   0.1112035903E+001   0.1003147023E+001   0.1009375552E+001
 0.4848485   0.9817011040E+000   0.1171171933E+001   0.1005057238E+001   0.9733155295E+000
 0.4949495   0.1409055403E+001   0.1101570176E+001   0.1002297945E+001   0.1046241117E+001
 0.5050505   0.1684052572E+001   0.1161403921E+001   0.1002310066E+001   0.9932854641E+000
 0.5151515   0.1697467368E+001   0.1157016863E+001   0.1003738553E+001   0.1000937439E+001
 0.5252525   0.1684239107E+001   0.1148897526E+001   0.9983896671E+000   0.9755842929E+000
 0.5353535   0.1686957675E+001   0.1133796664E+001   0.1010360782E+001   0.9857405381E+000
 0.5454545   0.1683387769E+001   0.1145181149E+001   0.1000587201E+001   0.1004835350E+001
 0.5555556   0.1691394142E+001   0.1220538361E+001   0.1004875262E+001   0.9973847602E+000
 0.5656566   0.1685669956E+001   0.1141370949E+001   0.1001905352E+001   0.1045422863E+001
 0.5757576   0.1700684957E+001   0.1114365993E+001   0.1001616128E+001   0.1050852239E+001
 0.5858586   0.1703487802E+001   0.1127596740E+001   0.1003170619E+001   0.9821724712E+000
 0.5959596   0.1705979157E+001   0.1151518232E+001   0.1005871133E+001   0.1041393149E+001
 0.6060606   0.1714431306E+001   0.1176365637E+001   0.1004829831E+001   0.1056284961E+001
 0.6161616   0.1723781247E+001   0.1149080801E+001   0.1000020747E+001   0.1014121824E+001
 0.6262626   0.1721082361E+001   0.1140579012E+001   0.1002015279E+001   0.1015747626E+001
 0.6363636   0.1735959087E+001   0.1062320021E+001   0.1000594407E+001   0.9904239186E+000
 0.6464646   0.1737811987E+001   0.1183591263E+001   0.9995506684E+000   0.1006936180E+001
 0.6565657   0.1748161187E+001   0.1095156364E+001   0.9982886910E+000   0.9793035661E+000
 0.6666667   0.1758866915E+001   0.1120089643E+001   0.1001483792E+001   0.9870538918E+000
 0.6767677   0.1766948032E+001   0.1054586713E+001   0.9984466130E+000   0.9821403566E+000
 0.6868687   0.1769502013E+001   0.1092619146E+001   0.9986700069E+000   0.1014732002E+001
 0.6969697   0.1782318096E+001   0.1156506398E+001   0.1006311545E+001   0.9992005737E+000
 0.7070707   0.1792904921E+001   0.1104909667E+001   0.1001587625E+001   0.1006233004E+001
 0.7171717   0.1815909655E+001   0.1120398943E+001   0.1008314052E+001   0.1017352688E+001
 0.7272727   0.1823827175E+001   0.1142111998E+001   0.1008380108E+001   0.1044806664E+001
 0.7373737   0.1829660300E+001   0.1091589470E+001   0.1005516230E+001   0.1012550215E+001
 0.7474747   0.1843865099E+001   0.1086398946E+001   0.1003295325E+001   0.9993236797E+000
 0.7575758   0.1855975332E+001   0.1087145561E+001   0.1004471953E+001   0.1004803904E+001
 0.7676768   0.1878169126E+001   0.1104883030E+001   0.1007129416E+001   0.1004318840E+001
 0.7777778   0.1889536531E+001   0.1125991796E+001   0.1004790565E+001   0.1016176490E+001
 0.7878788   0.1895854908E+001   0.1060065467E+001   0.1003613587E+001   0.9965216800E+000
 0.7979798   0.1917595264E+001   0.1103236741E+001   0.1003819897E+001   0.9874258860E+000
 0.8080808   0.1933079456E+001   0.1155996331E+001   0.1005588014E+001   0.1046809144E+001
 0.8181818   0.1952795615E+001   0.1099178861E+001   0.1005859444E+001   0.1032873411E+001
 0.8282828   0.1970979065E+001   0.1121614677E+001   0.1006164935E+001   0.1006890685E+001
 0.8383838   0.1985850784E+001   0.1093598730E+001   0.1004298123E+001   0.1032882777E+001
 0.8484848   0.2001712034E+001   0.1125393073E+001   0.1002974585E+001   0.1009596340E+001
 0.8585859   0.2024488528E+001   0.1046511505E+001   0.1008533782E+001   0.9724945998E+000
 0.8686869   0.2046377054E+001   0.1095248996E+001   0.1007544828E+001   0.9907029143E+000
 0.8787879   0.2070702344E+001   0.1114781044E+001   0.1009098146E+001   0.1002750576E+001
 0.8888889   0.2080864842E+001   0.1115884667E+001   0.1006567326E+001   0.9986740279E+000
 0.8989899   0.2100645755E+001   0.1100827139E+001   0.1006318685E+001   0.1054549434E+001
 0.9090909   0.2125093942E+001   0.1128969112E+001   0.1008459287E+001   0.1021082666E+001
 0.9191919   0.2153173815E+001   0.1086824334E+001   0.1004909890E+001   0.9607085382E+000
 0.9292929   0.2176997331E+001   0.1086471699E+001   0.1001647458E+001   0.9852889264E+000
 0.9393939   0.2179984425E+001   0.1088387534E+001   0.9988242692E+000   0.9972047845E+000
 0.9494949   0.2201665335E+001   0.1076268360E+001   0.1003654170E+001   0.1000462410E+001
 0.9595960   0.2241007751E+001   0.1096785162E+001   0.1007869108E+001   0.9810076475E+000
 0.9696970   0.2247106370E+001   0.1112299087E+001   0.1004494836E+001   0.9931202077E+000
 0.9797980   0.2278365883E+001   0.1094356079E+001   0.9999948578E+000   0.1005025361E+001
 0.9898990   0.2298114508E+001   0.1127373312E+001   0.9967370547E+000   0.1010002456E+001
 1.0000000   0.2309804157E+001   0.1152751458E+001   0.1000453149E+001   0.1036593353E+001


