#   100 bins for weightfunction of N2                      
 0.0000000    0.7577343750E+001    0.5791015625E+001
 0.0101010    0.7553906250E+001    0.5763281250E+001
 0.0202020    0.7573046875E+001    0.5730468750E+001
 0.0303030    0.7659375000E+001    0.5726562500E+001
 0.0404040    0.7759375000E+001    0.5733984375E+001
 0.0505051    0.7948828125E+001    0.5729687500E+001
 0.0606061    0.8137109375E+001    0.5740625000E+001
 0.0707071    0.8401562500E+001    0.5805468750E+001
 0.0808081    0.8586328125E+001    0.5736328125E+001
 0.0909091    0.8755078125E+001    0.5733593750E+001
 0.1010101    0.9019921875E+001    0.5762109375E+001
 0.1111111    0.9084375000E+001    0.5723828125E+001
 0.1212121    0.9196484375E+001    0.5759765625E+001
 0.1313131    0.9281640625E+001    0.5724609375E+001
 0.1414141    0.9110156250E+001    0.5719921875E+001
 0.1515152    0.9126171875E+001    0.5739453125E+001
 0.1616162    0.9015234375E+001    0.5739843750E+001
 0.1717172    0.8865625000E+001    0.5767578125E+001
 0.1818182    0.8707031250E+001    0.5715234375E+001
 0.1919192    0.8544140625E+001    0.5745703125E+001
 0.2020202    0.8351562500E+001    0.5738671875E+001
 0.2121212    0.8208984375E+001    0.5736718750E+001
 0.2222222    0.8055468750E+001    0.5690234375E+001
 0.2323232    0.7707421875E+001    0.5713671875E+001
 0.2424242    0.7530859375E+001    0.5731640625E+001
 0.2525253    0.7271093750E+001    0.5749609375E+001
 0.2626263    0.6999609375E+001    0.5712890625E+001
 0.2727273    0.6832031250E+001    0.5733203125E+001
 0.2828283    0.6495312500E+001    0.5766406250E+001
 0.2929293    0.6278906250E+001    0.5718750000E+001
 0.3030303    0.6000390625E+001    0.5702343750E+001
 0.3131313    0.5703515625E+001    0.5760937500E+001
 0.3232323    0.5438671875E+001    0.5737890625E+001
 0.3333333    0.5142187500E+001    0.5726953125E+001
 0.3434343    0.4805859375E+001    0.5736718750E+001
 0.3535354    0.4638671875E+001    0.5756250000E+001
 0.3636364    0.4311718750E+001    0.5753125000E+001
 0.3737374    0.3983203125E+001    0.5692187500E+001
 0.3838384    0.3677734375E+001    0.5744531250E+001
 0.3939394    0.3380859375E+001    0.5782421875E+001
 0.4040404    0.3042187500E+001    0.5710156250E+001
 0.4141414    0.2791406250E+001    0.5679687500E+001
 0.4242424    0.2466015625E+001    0.5746093750E+001
 0.4343434    0.2244531250E+001    0.5767968750E+001
 0.4444444    0.1913281250E+001    0.5714843750E+001
 0.4545455    0.1612890625E+001    0.5730078125E+001
 0.4646465    0.1317578125E+001    0.5792187500E+001
 0.4747475    0.9226562500E+000    0.5689062500E+001
 0.4848485    0.6031250000E+000    0.5733984375E+001
 0.4949495    0.3500000000E+000    0.5712109375E+001
 0.5050505    0.1695312500E+000    0.5763671875E+001
 0.5151515    0.1910156250E+000    0.5773046875E+001
 0.5252525    0.1398437500E+000    0.5764453125E+001
 0.5353535    0.1800781250E+000    0.5730078125E+001
 0.5454545    0.1792968750E+000    0.5760546875E+001
 0.5555556    0.2027343750E+000    0.5753125000E+001
 0.5656566    0.2281250000E+000    0.5737500000E+001
 0.5757576    0.1925781250E+000    0.5713671875E+001
 0.5858586    0.2101562500E+000    0.5674609375E+001
 0.5959596    0.1992187500E+000    0.5773828125E+001
 0.6060606    0.2179687500E+000    0.5772656250E+001
 0.6161616    0.2316406250E+000    0.5702343750E+001
 0.6262626    0.1570312500E+000    0.5717968750E+001
 0.6363636    0.1937500000E+000    0.5721093750E+001
 0.6464646    0.2460937500E+000    0.5768750000E+001
 0.6565657    0.1667968750E+000    0.5697656250E+001
 0.6666667    0.1550781250E+000    0.5697656250E+001
 0.6767677    0.1351562500E+000    0.5698437500E+001
 0.6868687    0.1765625000E+000    0.5728515625E+001
 0.6969697    0.1789062500E+000    0.5720703125E+001
 0.7070707    0.1652343750E+000    0.5723046875E+001
 0.7171717    0.1613281250E+000    0.5794140625E+001
 0.7272727    0.1890625000E+000    0.5724609375E+001
 0.7373737    0.1578125000E+000    0.5711718750E+001
 0.7474747    0.1722656250E+000    0.5783984375E+001
 0.7575758    0.1734375000E+000    0.5756640625E+001
 0.7676768    0.1386718750E+000    0.5741015625E+001
 0.7777778    0.1496093750E+000    0.5763671875E+001
 0.7878788    0.1519531250E+000    0.5744921875E+001
 0.7979798    0.1335937500E+000    0.5780859375E+001
 0.8080808    0.1421875000E+000    0.5711718750E+001
 0.8181818    0.9687500000E-001    0.5719140625E+001
 0.8282828    0.9570312500E-001    0.5720703125E+001
 0.8383838    0.1382812500E+000    0.5748828125E+001
 0.8484848    0.1117187500E+000    0.5761718750E+001
 0.8585859    0.1070312500E+000    0.5770312500E+001
 0.8686869    0.1121093750E+000    0.5767578125E+001
 0.8787879    0.9726562500E-001    0.5776953125E+001
 0.8888889    0.6992187500E-001    0.5741015625E+001
 0.8989899    0.8476562500E-001    0.5762500000E+001
 0.9090909    0.9023437500E-001    0.5742578125E+001
 0.9191919    0.1078125000E+000    0.5736718750E+001
 0.9292929    0.2500000000E-001    0.5786328125E+001
 0.9393939    0.4375000000E-001    0.5738281250E+001
 0.9494949    0.9843750000E-001    0.5790625000E+001
 0.9595960    0.2539062500E-001    0.5724609375E+001
 0.9696970    0.0000000000E+000    0.5716015625E+001
 0.9797980    0.2851562500E-001    0.5747656250E+001
 0.9898990    0.1406250000E-001    0.5748437500E+001
 1.0000000    0.1992187500E-001    0.5780468750E+001


