Compiled using GNU Fortran (Ubuntu 9.4.0-1ubuntu1~20.04.2) 9.4.0 with all optimizations
Last Brick update unknown
Compiled at 16:28:53 on Sep  3 2023
Starting at 15:06:47 on Dec 31 2024

Settings
OK                      

Forcefield
OK                      

Topology
OK                      

Configuration
OK                      Starting from random configuration.

 F
Monte Carlo Simulation initialized.

#########################################################################################################################
###########################################   ENERGY STARTING CONFIGURATION   ###########################################
#########################################################################################################################
                                               Box 1               Box 2
-------------------------------------------------------------------------------------------------------------------------
Lennard Jones        
 Intermolecular                          0.1378017217E+008   0.8488549707E+006
 Tailcorrection                         -0.4636799626E+004  -0.6962048891E+002
Total Intermolecular                     0.1377553537E+008   0.8487853502E+006

Electrostatic        
 Real                                   -0.8791763736E+004   0.1060032968E+004
 Exclusion                               0.1043425830E+008   0.2037985693E+007
 Selfterm                               -0.1044989240E+008  -0.2038978394E+007
 Fourier                                 0.1651830470E+005   0.8950234443E+003
Total Intermolecular                    -0.7907561979E+004   0.9623548002E+003

Intramolecular       
 Lennard Jones                           0.0000000000E+000   0.0000000000E+000
 Electrostatic                           0.0000000000E+000   0.0000000000E+000
 Bending                                 0.9343375086E+007   0.3104111324E+007
 Torsion                                 0.0000000000E+000   0.0000000000E+000

Total                                    0.2311100289E+008   0.3953859029E+007

#########################################################################################################################

Simulation is running...



#########################################################################################################################
###############################################   RELATIVE ENERGY DRIFTS   ##############################################
#########################################################################################################################
                                               Box 1               Box 2                                                 
-------------------------------------------------------------------------------------------------------------------------

Lennard Jones        
 Intermolecular                          0.9896565512E-014   0.0000000000E+000
 Tailcorrection                          0.0000000000E+000   0.0000000000E+000

Electrostatic        
 Real                                    0.1510460328E-013   0.1461096449E-015
 Exclusion                               0.1343417868E-015   0.1070553980E-014
 Selfterm                                0.0000000000E+000   0.0000000000E+000
 Fourier                                 0.8420077030E-015   0.1177472099E-015

Intramolecular       
 Lennard Jones                           0.0000000000E+000   0.0000000000E+000
 Electrostatic                           0.0000000000E+000   0.0000000000E+000
 Bending                                 0.3104152594E-014   0.1300389466E-012
 Torsion                                 0.0000000000E+000   0.0000000000E+000

Total                                    0.1311519443E-013   0.2920059719E-012

#########################################################################################################################
############################################   TRIAL MOVE ACCEPTANCE RATES   ############################################
#########################################################################################################################
                                               Box 1               Box 2
-------------------------------------------------------------------------------------------------------------------------
Translation
 N2                                           0.48996             0.98658
-------------------------------------------------------------------------------------------------------------------------
Rotation
 N2                                           0.50152             0.99848
-------------------------------------------------------------------------------------------------------------------------
Bond Bending
 N2                      
  Bending 1                                   0.34093             0.34181
-------------------------------------------------------------------------------------------------------------------------
Lambda Move
 N2                                           0.78585             0.96773
-------------------------------------------------------------------------------------------------------------------------
GE Swap Fractional
 N2                                           0.09380             0.31446
-------------------------------------------------------------------------------------------------------------------------
GE Identity Change
 N2                                           0.05760             1.00000
-------------------------------------------------------------------------------------------------------------------------
Volume                                        0.49389             0.49389

#########################################################################################################################
######################################################   AVERAGES   #####################################################
#########################################################################################################################
                                                       Boltzmann                                    Biased
                                               Box 1               Box 2                  Box 1               Box 2      
-------------------------------------------------------------------------------------------------------------------------
Density
 N2                                      0.8724917520E+003   0.4201166371E+000      0.8726747690E+003   0.4211541035E+000
 Total                                   0.8724917520E+003   0.4201166371E+000      0.8726747690E+003   0.4211541035E+000

Number of molecules
 N2                                      0.3988187645E+003   0.1181235484E+001      0.3988158090E+003   0.1184191000E+001
 Total                                   0.3988187645E+003   0.1181235484E+001      0.3988158090E+003   0.1184191000E+001

Mole fractions
 N2                                           1.00000             1.00000                 1.00000             1.00000

Volume                                   0.2126480991E+005   0.1307351901E+006      0.2126019866E+005   0.1307398013E+006

#########################################################################################################################
#######################################   PROPERTIES FROM THE CFC GIBBS ENSEMBLE   ######################################
#########################################################################################################################
                                                       Boltzmann                                    Biased
                                               Box 1               Box 2                  Box 1               Box 2      
Chemical Potentials (as an indication)
=========================================================================================================================

Total N2                                -0.1046893823E+004  -0.1046428852E+004     -0.1046874946E+004  -0.1046206874E+004
 Ideal gas                              -0.3578604586E+003  -0.1045332308E+004     -0.3578415819E+003  -0.1045110329E+004
 Excess                                 -0.6890333639E+003  -0.1096544871E+001     -0.6890333639E+003  -0.1096544871E+001

-------------------------------------------------------------------------------------------------------------------------

#########################################################################################################################
##################################################   AVERAGE ENERGIES   #################################################
#########################################################################################################################
                                                       Boltzmann                                    Biased
                                               Box 1               Box 2                  Box 1               Box 2      
-------------------------------------------------------------------------------------------------------------------------
Lennard Jones        
 Intermolecular                         -0.3866946791E+006  -0.1198952042E+001     -0.3864994349E+006  -0.1255124799E+001
 Tailcorrection                         -0.1038783312E+005  -0.1707363494E-001     -0.1038320368E+005  -0.1785400453E-001
Total Intermolecular                    -0.3970825122E+006  -0.1216025677E+001     -0.3968826386E+006  -0.1272978803E+001

Electrostatic        
 Real                                   -0.7563734445E+004  -0.2363675324E-001     -0.7560850605E+004  -0.2409839657E-001
 Exclusion                               0.1390174270E+008   0.2410752907E+005      0.1389717718E+008   0.2432581112E+005
 Selfterm                               -0.1390425271E+008  -0.2410805816E+005     -0.1389968610E+008  -0.2432634868E+005
 Fourier                                 0.1139453974E+004   0.5418178454E+000      0.1139407549E+004   0.5468631438E+000
Total Intermolecular                    -0.8934293229E+004  -0.1090150163E-001     -0.8930364322E+004  -0.1479917909E-001

Intramolecular       
 Lennard Jones                           0.0000000000E+000   0.0000000000E+000      0.0000000000E+000   0.0000000000E+000
 Electrostatic                           0.0000000000E+000   0.0000000000E+000      0.0000000000E+000   0.0000000000E+000
 Bending                                 0.3614061820E+005   0.1070899153E+003      0.3613232781E+005   0.1122170471E+003
 Torsion                                 0.0000000000E+000   0.0000000000E+000      0.0000000000E+000   0.0000000000E+000

Total                                   -0.3698761873E+006   0.1058629881E+003     -0.3696806751E+006   0.1109292691E+003

#########################################################################################################################

No errors found in bookkeeping.

Total simulation time :  2 days and  15 hours

Simulation finished.

