Compiled using GNU Fortran (Ubuntu 9.4.0-1ubuntu1~20.04.2) 9.4.0 with all optimizations
Last Brick update unknown
Compiled at 16:28:53 on Sep  3 2023
Starting at 15:05:01 on Dec 31 2024

Settings
OK                      

Forcefield
OK                      

Topology
OK                      

Configuration
OK                      Starting from random configuration.

 F
Monte Carlo Simulation initialized.

#########################################################################################################################
###########################################   ENERGY STARTING CONFIGURATION   ###########################################
#########################################################################################################################
                                               Box 1               Box 2
-------------------------------------------------------------------------------------------------------------------------
Lennard Jones        
 Intermolecular                          0.1883044847E+008   0.2763520912E+006
 Tailcorrection                         -0.4465362755E+004  -0.6704640302E+002
Total Intermolecular                     0.1882598311E+008   0.2762850448E+006

Electrostatic        
 Real                                    0.3155578704E+004  -0.1989456708E+004
 Exclusion                               0.1043425830E+008   0.2037985693E+007
 Selfterm                               -0.1044989240E+008  -0.2038978394E+007
 Fourier                                 0.1421309650E+005   0.9648721738E+003
Total Intermolecular                     0.1734572258E+004  -0.2017286146E+004

Intramolecular       
 Lennard Jones                           0.0000000000E+000   0.0000000000E+000
 Electrostatic                           0.0000000000E+000   0.0000000000E+000
 Bending                                 0.9343375086E+007   0.3104111324E+007
 Torsion                                 0.0000000000E+000   0.0000000000E+000

Total                                    0.2817109277E+008   0.3378379083E+007

#########################################################################################################################

Simulation is running...



#########################################################################################################################
###############################################   RELATIVE ENERGY DRIFTS   ##############################################
#########################################################################################################################
                                               Box 1               Box 2                                                 
-------------------------------------------------------------------------------------------------------------------------

Lennard Jones        
 Intermolecular                          0.7738229998E-014   0.0000000000E+000
 Tailcorrection                          0.0000000000E+000   0.0000000000E+000

Electrostatic        
 Real                                    0.6608033182E-014   0.1394919171E-015
 Exclusion                               0.1343800521E-015   0.1784254120E-015
 Selfterm                                0.0000000000E+000   0.0000000000E+000
 Fourier                                 0.3644762475E-015   0.0000000000E+000

Intramolecular       
 Lennard Jones                           0.0000000000E+000   0.0000000000E+000
 Electrostatic                           0.0000000000E+000   0.0000000000E+000
 Bending                                 0.2102373196E-015   0.1397505496E-015
 Torsion                                 0.0000000000E+000   0.0000000000E+000

Total                                    0.1973077707E-014   0.1383614486E-013

#########################################################################################################################
############################################   TRIAL MOVE ACCEPTANCE RATES   ############################################
#########################################################################################################################
                                               Box 1               Box 2
-------------------------------------------------------------------------------------------------------------------------
Translation
 N2                                           0.49785             0.98201
-------------------------------------------------------------------------------------------------------------------------
Rotation
 N2                                           0.49419             0.99849
-------------------------------------------------------------------------------------------------------------------------
Bond Bending
 N2                      
  Bending 1                                   0.34107             0.34406
-------------------------------------------------------------------------------------------------------------------------
Lambda Move
 N2                                           0.72369             0.98412
-------------------------------------------------------------------------------------------------------------------------
GE Swap Fractional
 N2                                           0.28191             0.28986
-------------------------------------------------------------------------------------------------------------------------
GE Identity Change
 N2                                           0.76540             0.77024
-------------------------------------------------------------------------------------------------------------------------
Volume                                        0.49981             0.49981

#########################################################################################################################
######################################################   AVERAGES   #####################################################
#########################################################################################################################
                                                       Boltzmann                                    Biased
                                               Box 1               Box 2                  Box 1               Box 2      
-------------------------------------------------------------------------------------------------------------------------
Density
 N2                                      0.8632839623E+003   0.6054110554E+000      0.8645841643E+003   0.5907575885E+000
 Total                                   0.8632839623E+003   0.6054110554E+000      0.8645841643E+003   0.5907575885E+000

Number of molecules
 N2                                      0.3983003819E+003   0.1699618143E+001      0.3983411380E+003   0.1658862000E+001
 Total                                   0.3983003819E+003   0.1699618143E+001      0.3983411380E+003   0.1658862000E+001

Mole fractions
 N2                                           1.00000             1.00000                 1.00000             1.00000

Volume                                   0.2146386676E+005   0.1305361332E+006      0.2143381137E+005   0.1305661886E+006

#########################################################################################################################
#######################################   PROPERTIES FROM THE CFC GIBBS ENSEMBLE   ######################################
#########################################################################################################################
                                                       Boltzmann                                    Biased
                                               Box 1               Box 2                  Box 1               Box 2      
Chemical Potentials (as an indication)
=========================================================================================================================

Total N2                                -0.1013499865E+004  -0.1013608481E+004     -0.1013364417E+004  -0.1015813652E+004
 Ideal gas                              -0.3588153157E+003  -0.1012448533E+004     -0.3586798676E+003  -0.1014653703E+004
 Excess                                 -0.6546845495E+003  -0.1159948660E+001     -0.6546845495E+003  -0.1159948660E+001

-------------------------------------------------------------------------------------------------------------------------

#########################################################################################################################
##################################################   AVERAGE ENERGIES   #################################################
#########################################################################################################################
                                                       Boltzmann                                    Biased
                                               Box 1               Box 2                  Box 1               Box 2      
-------------------------------------------------------------------------------------------------------------------------
Lennard Jones        
 Intermolecular                         -0.3666530828E+006  -0.2056845676E+001     -0.3661613852E+006  -0.2794613267E+001
 Tailcorrection                         -0.9885220535E+004  -0.2888999576E-001     -0.9872478174E+004  -0.3732505931E-001
Total Intermolecular                    -0.3765383033E+006  -0.2085735672E+001     -0.3760338634E+006  -0.2831938327E+001

Electrostatic        
 Real                                   -0.7448427914E+004  -0.3340590151E-001     -0.7450308036E+004  -0.3783809248E-001
 Exclusion                               0.1388360473E+008   0.3468703565E+005      0.1387623741E+008   0.3545627742E+005
 Selfterm                               -0.1388611145E+008  -0.3468779682E+005     -0.1387874225E+008  -0.3545709150E+005
 Fourier                                 0.1144593393E+004   0.7796661326E+000      0.1143599619E+004   0.7970927172E+000
Total Intermolecular                    -0.8810554531E+004  -0.1491178364E-001     -0.8811550697E+004  -0.5482933193E-001

Intramolecular       
 Lennard Jones                           0.0000000000E+000   0.0000000000E+000      0.0000000000E+000   0.0000000000E+000
 Electrostatic                           0.0000000000E+000   0.0000000000E+000      0.0000000000E+000   0.0000000000E+000
 Bending                                 0.3608521074E+005   0.1537891667E+003      0.3604752964E+005   0.1910954353E+003
 Torsion                                 0.0000000000E+000   0.0000000000E+000      0.0000000000E+000   0.0000000000E+000

Total                                   -0.3492636471E+006   0.1516885192E+003     -0.3487978844E+006   0.1882086676E+003

#########################################################################################################################

No errors found in bookkeeping.

Total simulation time :  1 days and  20 hours

Simulation finished.

