Compiled using GNU Fortran (Ubuntu 9.4.0-1ubuntu1~20.04.2) 9.4.0 with all optimizations
Last Brick update unknown
Compiled at 16:28:53 on Sep  3 2023
Starting at 15:05:01 on Dec 31 2024

Settings
OK                      

Forcefield
OK                      

Topology
OK                      

Configuration
OK                      Starting from random configuration.

 F
Monte Carlo Simulation initialized.

#########################################################################################################################
###########################################   ENERGY STARTING CONFIGURATION   ###########################################
#########################################################################################################################
                                               Box 1               Box 2
-------------------------------------------------------------------------------------------------------------------------
Lennard Jones        
 Intermolecular                          0.2090591650E+008   0.5734492886E+005
 Tailcorrection                         -0.4465362755E+004  -0.6704640302E+002
Total Intermolecular                     0.2090145113E+008   0.5727788246E+005

Electrostatic        
 Real                                   -0.9893709280E+004  -0.7471739153E+003
 Exclusion                               0.1043425830E+008   0.2037985693E+007
 Selfterm                               -0.1044989240E+008  -0.2038978394E+007
 Fourier                                 0.1645026216E+005   0.1036085382E+004
Total Intermolecular                    -0.9077550058E+004  -0.7037901451E+003

Intramolecular       
 Lennard Jones                           0.0000000000E+000   0.0000000000E+000
 Electrostatic                           0.0000000000E+000   0.0000000000E+000
 Bending                                 0.9343375086E+007   0.3104111324E+007
 Torsion                                 0.0000000000E+000   0.0000000000E+000

Total                                    0.3023574867E+008   0.3160685417E+007

#########################################################################################################################

Simulation is running...



#########################################################################################################################
###############################################   RELATIVE ENERGY DRIFTS   ##############################################
#########################################################################################################################
                                               Box 1               Box 2                                                 
-------------------------------------------------------------------------------------------------------------------------

Lennard Jones        
 Intermolecular                          0.3182392074E-015   0.0000000000E+000
 Tailcorrection                          0.0000000000E+000   0.0000000000E+000

Electrostatic        
 Real                                    0.0000000000E+000   0.0000000000E+000
 Exclusion                               0.0000000000E+000   0.2837781130E-015
 Selfterm                                0.0000000000E+000   0.0000000000E+000
 Fourier                                 0.1888818119E-015   0.1011538302E-014

Intramolecular       
 Lennard Jones                           0.0000000000E+000   0.0000000000E+000
 Electrostatic                           0.0000000000E+000   0.0000000000E+000
 Bending                                 0.2088626175E-015   0.0000000000E+000
 Torsion                                 0.0000000000E+000   0.0000000000E+000

Total                                    0.1827468271E-014   0.3671854587E-014

#########################################################################################################################
############################################   TRIAL MOVE ACCEPTANCE RATES   ############################################
#########################################################################################################################
                                               Box 1               Box 2
-------------------------------------------------------------------------------------------------------------------------
Translation
 N2                                           0.50079             0.98148
-------------------------------------------------------------------------------------------------------------------------
Rotation
 N2                                           0.48865             0.99841
-------------------------------------------------------------------------------------------------------------------------
Bond Bending
 N2                      
  Bending 1                                   0.34107             0.34480
-------------------------------------------------------------------------------------------------------------------------
Lambda Move
 N2                                           0.67583             0.98492
-------------------------------------------------------------------------------------------------------------------------
GE Swap Fractional
 N2                                           0.31148             0.29536
-------------------------------------------------------------------------------------------------------------------------
GE Identity Change
 N2                                           0.94481             0.50168
-------------------------------------------------------------------------------------------------------------------------
Volume                                        0.50026             0.50026

#########################################################################################################################
######################################################   AVERAGES   #####################################################
#########################################################################################################################
                                                       Boltzmann                                    Biased
                                               Box 1               Box 2                  Box 1               Box 2      
-------------------------------------------------------------------------------------------------------------------------
Density
 N2                                      0.8634095690E+003   0.6246701746E+000      0.8648052561E+003   0.6023074402E+000
 Total                                   0.8634095690E+003   0.6246701746E+000      0.8648052561E+003   0.6023074402E+000

Number of molecules
 N2                                      0.3982463404E+003   0.1753659562E+001      0.3983087010E+003   0.1691299000E+001
 Total                                   0.3982463404E+003   0.1753659562E+001      0.3983087010E+003   0.1691299000E+001

Mole fractions
 N2                                           1.00000             1.00000                 1.00000             1.00000

Volume                                   0.2145777930E+005   0.1305422207E+006      0.2142655668E+005   0.1305734433E+006

#########################################################################################################################
#######################################   PROPERTIES FROM THE CFC GIBBS ENSEMBLE   ######################################
#########################################################################################################################
                                                       Boltzmann                                    Biased
                                               Box 1               Box 2                  Box 1               Box 2      
Chemical Potentials (as an indication)
=========================================================================================================================

Total N2                                -0.1010923603E+004  -0.1010905567E+004     -0.1010778237E+004  -0.1014186587E+004
 Ideal gas                              -0.3588022217E+003  -0.1009630081E+004     -0.3586568557E+003  -0.1012911101E+004
 Excess                                 -0.6521213810E+003  -0.1275486510E+001     -0.6521213810E+003  -0.1275486510E+001

-------------------------------------------------------------------------------------------------------------------------

#########################################################################################################################
##################################################   AVERAGE ENERGIES   #################################################
#########################################################################################################################
                                                       Boltzmann                                    Biased
                                               Box 1               Box 2                  Box 1               Box 2      
-------------------------------------------------------------------------------------------------------------------------
Lennard Jones        
 Intermolecular                         -0.3666713191E+006  -0.2270555663E+001     -0.3659921517E+006  -0.3064851730E+001
 Tailcorrection                         -0.9885324797E+004  -0.3027187074E-001     -0.9868251108E+004  -0.3991530270E-001
Total Intermolecular                    -0.3765566439E+006  -0.2300827534E+001     -0.3758604028E+006  -0.3104767032E+001

Electrostatic        
 Real                                   -0.7435246445E+004  -0.3503788828E-001     -0.7436357372E+004  -0.4417646446E-001
 Exclusion                               0.1388171374E+008   0.3578995220E+005      0.1387399629E+008   0.3653499550E+005
 Selfterm                               -0.1388422010E+008  -0.3579073773E+005     -0.1387650064E+008  -0.3653584277E+005
 Fourier                                 0.1144074701E+004   0.8047522991E+000      0.1142946465E+004   0.8216056377E+000
Total Intermolecular                    -0.8797533720E+004  -0.1581543840E-001     -0.8797759868E+004  -0.6983441363E-001

Intramolecular       
 Lennard Jones                           0.0000000000E+000   0.0000000000E+000      0.0000000000E+000   0.0000000000E+000
 Electrostatic                           0.0000000000E+000   0.0000000000E+000      0.0000000000E+000   0.0000000000E+000
 Bending                                 0.3606756295E+005   0.1591585449E+003      0.3602740693E+005   0.2043738751E+003
 Torsion                                 0.0000000000E+000   0.0000000000E+000      0.0000000000E+000   0.0000000000E+000

Total                                   -0.3492866147E+006   0.1568419019E+003     -0.3486307557E+006   0.2011992737E+003

#########################################################################################################################

No errors found in bookkeeping.

Total simulation time :  1 days and  20 hours

Simulation finished.

