Compiled using GNU Fortran (Ubuntu 9.4.0-1ubuntu1~20.04.2) 9.4.0 with all optimizations
Last Brick update unknown
Compiled at 16:28:53 on Sep  3 2023
Starting at 15:00:12 on Jan 06 2025

Settings
OK                      

Forcefield
OK                      

Topology
OK                      

Configuration
OK                      Starting from random configuration.

 F
Monte Carlo Simulation initialized.

#########################################################################################################################
###########################################   ENERGY STARTING CONFIGURATION   ###########################################
#########################################################################################################################
                                               Box 1               Box 2
-------------------------------------------------------------------------------------------------------------------------
Lennard Jones        
 Intermolecular                          0.1243476189E+008   0.1167359812E+005
 Tailcorrection                         -0.3083459226E+004  -0.4629744689E+002
Total Intermolecular                     0.1243167843E+008   0.1162730068E+005

Electrostatic        
 Real                                   -0.1386435686E+004  -0.1011194996E+004
 Exclusion                               0.1043425830E+008   0.2037985693E+007
 Selfterm                               -0.1044989240E+008  -0.2038978394E+007
 Fourier                                 0.1496557531E+005   0.9129854467E+003
Total Intermolecular                    -0.2054963318E+004  -0.1090911161E+004

Intramolecular       
 Lennard Jones                           0.0000000000E+000   0.0000000000E+000
 Electrostatic                           0.0000000000E+000   0.0000000000E+000
 Bending                                 0.9343375086E+007   0.3104111324E+007
 Torsion                                 0.0000000000E+000   0.0000000000E+000

Total                                    0.2177299855E+008   0.3114647714E+007

#########################################################################################################################

Simulation is running...



#########################################################################################################################
###############################################   RELATIVE ENERGY DRIFTS   ##############################################
#########################################################################################################################
                                               Box 1               Box 2                                                 
-------------------------------------------------------------------------------------------------------------------------

Lennard Jones        
 Intermolecular                          0.3064969465E-014   0.0000000000E+000
 Tailcorrection                          0.0000000000E+000   0.0000000000E+000

Electrostatic        
 Real                                    0.1799884618E-015   0.4336808690E-014
 Exclusion                               0.1343799717E-015   0.0000000000E+000
 Selfterm                                0.0000000000E+000   0.0000000000E+000
 Fourier                                 0.0000000000E+000   0.0000000000E+000

Intramolecular       
 Lennard Jones                           0.0000000000E+000   0.0000000000E+000
 Electrostatic                           0.0000000000E+000   0.0000000000E+000
 Bending                                 0.3604993546E-014   0.1158618363E-012
 Torsion                                 0.0000000000E+000   0.0000000000E+000

Total                                    0.2342412348E-013   0.5447510562E-013

#########################################################################################################################
############################################   TRIAL MOVE ACCEPTANCE RATES   ############################################
#########################################################################################################################
                                               Box 1               Box 2
-------------------------------------------------------------------------------------------------------------------------
Translation
 N2                                           0.49777             0.95668
-------------------------------------------------------------------------------------------------------------------------
Rotation
 N2                                           0.51213             0.99498
-------------------------------------------------------------------------------------------------------------------------
Bond Bending
 N2                      
  Bending 1                                   0.30196             0.30416
-------------------------------------------------------------------------------------------------------------------------
Lambda Move
 N2                                           0.73562             0.99045
-------------------------------------------------------------------------------------------------------------------------
GE Swap Fractional
 N2                                           0.28870             0.30963
-------------------------------------------------------------------------------------------------------------------------
GE Identity Change
 N2                                           0.68265             0.89337
-------------------------------------------------------------------------------------------------------------------------
Volume                                        0.50283             0.50283

#########################################################################################################################
######################################################   AVERAGES   #####################################################
#########################################################################################################################
                                                       Boltzmann                                    Biased
                                               Box 1               Box 2                  Box 1               Box 2      
-------------------------------------------------------------------------------------------------------------------------
Density
 N2                                      0.8344738689E+003   0.1773342992E+001      0.8355809968E+003   0.1772969719E+001
 Total                                   0.8344738689E+003   0.1773342992E+001      0.8355809968E+003   0.1772969719E+001

Number of molecules
 N2                                      0.3950428309E+003   0.4957169130E+001      0.3950428740E+003   0.4957126000E+001
 Total                                   0.3950428309E+003   0.4957169130E+001      0.3950428740E+003   0.4957126000E+001

Mole fractions
 N2                                           1.00000             1.00000                 1.00000             1.00000

Volume                                   0.2202382333E+005   0.1299761767E+006      0.2199466566E+005   0.1300053343E+006

#########################################################################################################################
#######################################   PROPERTIES FROM THE CFC GIBBS ENSEMBLE   ######################################
#########################################################################################################################
                                                       Boltzmann                                    Biased
                                               Box 1               Box 2                  Box 1               Box 2      
Chemical Potentials (as an indication)
=========================================================================================================================

Total N2                                -0.7146855750E+003  -0.7139814329E+003     -0.7145927650E+003  -0.7139961688E+003
 Ideal gas                              -0.2814545363E+003  -0.7122299840E+003     -0.2813617262E+003  -0.7122447200E+003
 Excess                                 -0.4332310388E+003  -0.1751448859E+001     -0.4332310388E+003  -0.1751448859E+001

-------------------------------------------------------------------------------------------------------------------------

#########################################################################################################################
##################################################   AVERAGE ENERGIES   #################################################
#########################################################################################################################
                                                       Boltzmann                                    Biased
                                               Box 1               Box 2                  Box 1               Box 2      
-------------------------------------------------------------------------------------------------------------------------
Lennard Jones        
 Intermolecular                         -0.2389785525E+006  -0.1147807865E+002     -0.2386275362E+006  -0.1262288119E+002
 Tailcorrection                         -0.6543842298E+004  -0.1324996506E+000     -0.6534789212E+004  -0.1466180824E+000
Total Intermolecular                    -0.2455223948E+006  -0.1161057830E+002     -0.2451623254E+006  -0.1276949927E+002

Electrostatic        
 Real                                   -0.9030341580E+004  -0.4223219745E+000     -0.9033075396E+004  -0.4221634563E+000
 Exclusion                               0.1377029059E+008   0.1011748740E+006      0.1376161214E+008   0.1026371045E+006
 Selfterm                               -0.1377276446E+008  -0.1011770617E+006     -0.1376408392E+008  -0.1026393568E+006
 Fourier                                 0.1089292042E+004   0.2248834028E+001      0.1088174134E+004   0.2281529612E+001
Total Intermolecular                    -0.1041492274E+005  -0.3611852970E+000     -0.1041667768E+005  -0.3929482326E+000

Intramolecular       
 Lennard Jones                           0.0000000000E+000   0.0000000000E+000      0.0000000000E+000   0.0000000000E+000
 Electrostatic                           0.0000000000E+000   0.0000000000E+000      0.0000000000E+000   0.0000000000E+000
 Bending                                 0.2780372252E+005   0.3469149569E+003      0.2776506368E+005   0.3757724562E+003
 Torsion                                 0.0000000000E+000   0.0000000000E+000      0.0000000000E+000   0.0000000000E+000

Total                                   -0.2281335951E+006   0.3349431933E+003     -0.2278139394E+006   0.3626100087E+003

#########################################################################################################################

No errors found in bookkeeping.

Total simulation time :  1 days and  11 hours

Simulation finished.

