#   100 bins for weightfunction of N2                      
 0.0000000    0.6529687500E+001    0.4645312500E+001
 0.0101010    0.6539062500E+001    0.4606250000E+001
 0.0202020    0.6582812500E+001    0.4642187500E+001
 0.0303030    0.6690625000E+001    0.4589062500E+001
 0.0404040    0.6834375000E+001    0.4537500000E+001
 0.0505051    0.7210937500E+001    0.4603125000E+001
 0.0606061    0.7620312500E+001    0.4639062500E+001
 0.0707071    0.7803125000E+001    0.4596875000E+001
 0.0808081    0.8312500000E+001    0.4673437500E+001
 0.0909091    0.8623437500E+001    0.4615625000E+001
 0.1010101    0.8989062500E+001    0.4682812500E+001
 0.1111111    0.9200000000E+001    0.4559375000E+001
 0.1212121    0.9398437500E+001    0.4575000000E+001
 0.1313131    0.9587500000E+001    0.4584375000E+001
 0.1414141    0.9665625000E+001    0.4450000000E+001
 0.1515152    0.9709375000E+001    0.4493750000E+001
 0.1616162    0.9695312500E+001    0.4518750000E+001
 0.1717172    0.9562500000E+001    0.4564062500E+001
 0.1818182    0.9442187500E+001    0.4526562500E+001
 0.1919192    0.9548437500E+001    0.4535937500E+001
 0.2020202    0.9240625000E+001    0.4595312500E+001
 0.2121212    0.9464062500E+001    0.4517187500E+001
 0.2222222    0.9001562500E+001    0.4560937500E+001
 0.2323232    0.8907812500E+001    0.4528125000E+001
 0.2424242    0.8903125000E+001    0.4507812500E+001
 0.2525253    0.8956250000E+001    0.4448437500E+001
 0.2626263    0.8706250000E+001    0.4468750000E+001
 0.2727273    0.8464062500E+001    0.4328125000E+001
 0.2828283    0.8589062500E+001    0.4450000000E+001
 0.2929293    0.8240625000E+001    0.4473437500E+001
 0.3030303    0.8217187500E+001    0.4340625000E+001
 0.3131313    0.7876562500E+001    0.4451562500E+001
 0.3232323    0.7575000000E+001    0.4273437500E+001
 0.3333333    0.7443750000E+001    0.4292187500E+001
 0.3434343    0.7137500000E+001    0.4373437500E+001
 0.3535354    0.6889062500E+001    0.4234375000E+001
 0.3636364    0.6506250000E+001    0.4165625000E+001
 0.3737374    0.6162500000E+001    0.4181250000E+001
 0.3838384    0.5800000000E+001    0.4025000000E+001
 0.3939394    0.5317187500E+001    0.4104687500E+001
 0.4040404    0.5046875000E+001    0.3960937500E+001
 0.4141414    0.4489062500E+001    0.3945312500E+001
 0.4242424    0.4139062500E+001    0.3831250000E+001
 0.4343434    0.3729687500E+001    0.3714062500E+001
 0.4444444    0.3245312500E+001    0.3596875000E+001
 0.4545455    0.2646875000E+001    0.3487500000E+001
 0.4646465    0.2371875000E+001    0.3340625000E+001
 0.4747475    0.1748437500E+001    0.3220312500E+001
 0.4848485    0.1340625000E+001    0.3070312500E+001
 0.4949495    0.7500000000E+000    0.2953125000E+001
 0.5050505    0.5828125000E+000    0.2796875000E+001
 0.5151515    0.5812500000E+000    0.2831250000E+001
 0.5252525    0.5671875000E+000    0.2885937500E+001
 0.5353535    0.5515625000E+000    0.2823437500E+001
 0.5454545    0.5234375000E+000    0.2751562500E+001
 0.5555556    0.5312500000E+000    0.2943750000E+001
 0.5656566    0.5765625000E+000    0.2748437500E+001
 0.5757576    0.6140625000E+000    0.2837500000E+001
 0.5858586    0.5468750000E+000    0.2837500000E+001
 0.5959596    0.4906250000E+000    0.2873437500E+001
 0.6060606    0.5656250000E+000    0.2807812500E+001
 0.6161616    0.5781250000E+000    0.2845312500E+001
 0.6262626    0.5078125000E+000    0.2871875000E+001
 0.6363636    0.4843750000E+000    0.2906250000E+001
 0.6464646    0.4546875000E+000    0.2818750000E+001
 0.6565657    0.4718750000E+000    0.3060937500E+001
 0.6666667    0.4828125000E+000    0.2845312500E+001
 0.6767677    0.3921875000E+000    0.2796875000E+001
 0.6868687    0.4671875000E+000    0.2837500000E+001
 0.6969697    0.5140625000E+000    0.2864062500E+001
 0.7070707    0.4203125000E+000    0.2850000000E+001
 0.7171717    0.4296875000E+000    0.2809375000E+001
 0.7272727    0.4187500000E+000    0.2873437500E+001
 0.7373737    0.3406250000E+000    0.2896875000E+001
 0.7474747    0.3640625000E+000    0.2873437500E+001
 0.7575758    0.3484375000E+000    0.2859375000E+001
 0.7676768    0.3484375000E+000    0.2896875000E+001
 0.7777778    0.3453125000E+000    0.2893750000E+001
 0.7878788    0.3328125000E+000    0.2860937500E+001
 0.7979798    0.3343750000E+000    0.2870312500E+001
 0.8080808    0.3187500000E+000    0.2823437500E+001
 0.8181818    0.3187500000E+000    0.2835937500E+001
 0.8282828    0.2765625000E+000    0.2810937500E+001
 0.8383838    0.1921875000E+000    0.2867187500E+001
 0.8484848    0.2406250000E+000    0.2795312500E+001
 0.8585859    0.2578125000E+000    0.2828125000E+001
 0.8686869    0.1953125000E+000    0.2798437500E+001
 0.8787879    0.1828125000E+000    0.2820312500E+001
 0.8888889    0.2343750000E+000    0.2828125000E+001
 0.8989899    0.2453125000E+000    0.2878125000E+001
 0.9090909    0.1375000000E+000    0.2750000000E+001
 0.9191919    0.1765625000E+000    0.2757812500E+001
 0.9292929    0.1406250000E+000    0.2781250000E+001
 0.9393939    0.0000000000E+000    0.2700000000E+001
 0.9494949    0.1984375000E+000    0.2881250000E+001
 0.9595960    0.1093750000E+000    0.2804687500E+001
 0.9696970    0.1046875000E+000    0.2757812500E+001
 0.9797980    0.1171875000E+000    0.2850000000E+001
 0.9898990    0.9375000000E-001    0.2803125000E+001
 1.0000000    0.9843750000E-001    0.2842187500E+001


