Simulation state at cycle:    1100000
##############################################################################                                           

Number-of-molecules: 401   

Box-size(s):    27.948694   50.679841

------------------------------------------------------------------------------                                           

Deltas
Translation per molecule type
Box 1    0.5379843318E+000
Box 2    0.2532443928E+002

Rotation per molecule type
Box 1    0.9338326344E+002
Box 2    0.1800000000E+003

Volume    Delta_Volume
Box 1   0.3706282886E+003
Box 2   0.1715871706E+004

------------------------------------------------------------------------------                                           

Molecules in box 1
##############################################################################                                           
Moleculetype  1
Number-of-molecules: 394   
Atomtype         X                  Y                   Z
  1       13.1699959313       27.6869905166        9.4803370767
  2       13.1442090774       27.1465835463        9.5793085103
  1       13.1410296908       26.6067178161        9.6843555657
  1        9.1668904538        5.7682576964       14.4664847247
  2        8.7295497372        6.0955373637       14.5306806509
  1        8.2927470596        6.4238127706       14.5934395314
  1       13.9796060583       27.3550686758       26.7662747839
  2       14.4426811657       27.0824746851       26.6489975007
  1       14.8982556214       26.8009885772       26.5236281051
  1       22.4073121875       19.0716736351       23.0651244052
  2       21.9609994304       18.7718334167       23.1808860842
  1       21.5125831182       18.4820786617       23.3130412652
  1        0.8403630558       16.9281374538       21.5056770621
  2        0.6597298043       16.4775165180       21.2471961138
  1        0.4638782699       16.0321303095       20.9907330544
  1        4.7975812211       27.4970036315        9.7123677711
  2        4.4919327757       27.8665916899        9.4431398103
  1        4.1779846821       28.2137084567        9.1542686561
  1        2.3491397394        2.4362637008       13.5789791963
  2        2.2263783974        2.3772022592       14.1118407158
  1        2.1039329967        2.3118347568       14.6440382473
  1       25.2664322815       14.9713635502       18.1003745830
  2       25.7096538123       14.7724943678       17.8424875478
  1       26.1651218070       14.5791358365       17.6023597003
  1       17.1863156290       23.3939984475        6.1785034668
  2       17.2593123671       23.4919264031        5.6422371228
  1       17.3199997582       23.5720847546        5.1015045842
  1       -0.0349606413       18.2944001676       12.8543219729
  2        0.0938588103       17.7876389144       12.6837389105
  1        0.2590439226       17.2986748921       12.4936650760
  1       11.0447905430       14.4175817460       20.6303076304
  2       11.3267654757       14.6721990904       20.2326140986
  1       11.5945162727       14.9142467791       19.8176171997
  1       23.4045687956       10.2270642198       25.2082128128
  2       23.5608399859       10.4010977482       25.7059995603
  1       23.7058059277       10.5715252060       26.2084329951
  1       24.3591471642       21.8105338956       17.2852435126
  2       24.4430834083       22.0805634590       17.7569836337
  1       24.5315765726       22.3415665114       18.2329525040
  1       22.0693028893        2.0736740161       13.2560564604
  2       21.7529261566        2.3651993225       12.9133922534
  1       21.4441025609        2.6533284699       12.5611003572
  1        3.6073439821       22.2095048096       24.1475801610
  2        4.0211176672       22.1987186729       23.7853992713
  1        4.4237069824       22.1868169567       23.4108592983
  1        4.6880462830       21.2476096244        6.1587169563
  2        4.8522260122       20.7861044025        5.9086010898
  1        4.9969114132       20.3354867066        5.6284050408
  1        1.2092481455       20.9431208508       15.1600205862
  2        1.5594052691       21.1827310263       14.8100535125
  1        1.8932186287       21.4281412294       14.4483319731
  1       26.3919262455       13.0387453732        5.1796200513
  2       26.3781532889       12.6927420155        4.7523122206
  1       26.3732582799       12.3455282439        4.3257930127
  1       23.4113077705        4.9304663118       11.0539503843
  2       23.9164892005        5.1165685685       10.9414440610
  1       24.4261856114        5.3021421226       10.8504933947
  1        0.6943891063       19.5204813443       24.2185047866
  2        0.8936153538       19.7038042384       24.6972548454
  1        1.0922596697       19.8853156434       25.1769360359
  1       26.8219582343       22.8505101561        2.6188737679
  2       26.2966254312       22.8683230795        2.4569844670
  1       25.7908052118       22.8504157474        2.2417514953
  1       11.7033420373       26.9408712346       23.8185504182
  2       11.5940013774       26.5707668265       23.4266737192
  1       11.4796925072       26.2059315901       23.0312894359
  1       16.7357434243       12.1255511344       14.1274868842
  2       16.5214261537       11.6191230558       14.1374221088
  1       16.3253287502       11.1052744014       14.1397389378
  1        5.3455276581       20.0687210541       15.4222980666
  2        5.2726483969       19.5407485800       15.2865273779
  1        5.1922775093       19.0153656309       15.1450590908
  1        2.0545478460        4.5388169473       22.7795552050
  2        2.3539639598        4.5945053061       22.3215718020
  1        2.6660112673        4.6617806941       21.8736873313
  1        1.5830080021        6.2819747544        0.3380054319
  2        1.8092836969        6.7783745546        0.4079092826
  1        2.0442924305        7.2718680894        0.4690241353
  1       14.7968384381        5.6234828073       21.3745743155
  2       14.3269790987        5.6828315396       21.0949139336
  1       13.8543127394        5.7469193012       20.8210905041
  1       23.5790357486       21.8425899822        8.2475944076
  2       24.0175287130       21.6227239285        8.4963570225
  1       24.4558457548       21.3970048198        8.7401377718
  1        8.4338104915       18.7199634696        2.4237886849
  2        8.3407557802       18.2745277973        2.1148746474
  1        8.2490397107       17.8253317291        1.8110473052
  1       -0.0830884622        6.1385690662       20.0343327720
  2        0.1490140705        6.6023831027       20.2173763567
  1        0.4310412897        7.0345783117       20.4075550828
  1       15.5612841691       16.1070796785        2.5383272955
  2       15.7707149352       16.5828845572        2.7179058898
  1       15.9857152157       17.0653135392        2.8713241277
  1       24.4175481341       21.2977707471       26.9746967749
  2       24.9037926638       21.5303038667       26.8651768878
  1       25.3951313406       21.7503949395       26.7527214595
  1       27.4940912157       16.1900375429        6.0750688016
  2       27.3015253861       16.4696653604        5.6423718118
  1       27.0984820882       16.7393795281        5.2081740621
  1       22.5647254607       24.2707445720       16.1234238672
  2       22.3146953834       24.5814021206       15.7446404886
  1       22.0449452128       24.8998931235       15.3864529322
  1       15.3799685409        3.0732195410       10.3529524995
  2       15.2957369915        3.2058292892        9.8258664526
  1       15.2266092849        3.3762268799        9.3075171300
  1       21.8276213669       12.0584736889       17.8568897362
  2       22.1683056333       11.7862756769       18.1920650230
  1       22.4988381354       11.5382316495       18.5550008638
  1       22.7515516356        0.5250039111       26.0606896686
  2       22.9630383067        0.2684636505       26.4988226195
  1       23.1758027881       -0.0075262155       26.9243350968
  1       11.1786712191        4.8720899031       18.1962402450
  2       11.1380562943        4.6976674093       17.6762140711
  1       11.1054670792        4.5340077573       17.1521401637
  1        9.2698329620       10.7154987702       14.6799695323
  2        9.0668983457       11.2256670472       14.6476296084
  1        8.8441004957       11.7266353003       14.6041333275
  1        3.2524148242       16.3311566925       14.3372216068
  2        3.5381155929       15.8690710056       14.4229647624
  1        3.8271044868       15.4099284841       14.5133725225
  1        5.0457930645        1.5782722277       20.6377700831
  2        5.5080088558        1.6801447009       20.3576298299
  1        5.9559609947        1.7544103815       20.0472695733
  1       20.0726937060       21.6990421702        7.0701534612
  2       20.2807214223       21.6895362571        6.5611012960
  1       20.4985811541       21.7100651816        6.0565067068
  1       21.0693528666       17.7522127361       27.0279543279
  2       21.5327289836       17.8548993836       26.7500370263
  1       21.9932028967       17.9589670238       26.4678425887
  1       14.0242639761       10.1870089935       12.2532169387
  2       13.7325528753       10.0843625291       11.7983891284
  1       13.4398785283       10.0084697003       11.3389525125
  1       19.7161292021        4.5522286532       10.1240130186
  2       19.8822817667        5.0512932153        9.9633024461
  1       20.0497238763        5.5550895088        9.8195929001
  1        7.8676571157       21.6964511660        4.5379622663
  2        7.8284055942       22.1665582056        4.2551925909
  1        7.8059674943       22.6464047839        3.9873422745
  1       21.1334518440        2.8067376591        2.9622822216
  2       21.3814402969        3.1758017165        2.6385640591
  1       21.6574158321        3.5465908696        2.3404820118
  1        5.0520621190        1.4494812753        1.5311787070
  2        5.1759589561        1.8745373153        1.2048706675
  1        5.3117471250        2.3149659209        0.9047303411
  1        2.3737982873       11.5097708143       25.5138441932
  2        2.0365010337       11.5612935132       25.0824789486
  1        1.7067930285       11.6080650442       24.6447518028
  1        5.2693950316       17.5566820882       22.9772583456
  2        4.7637529243       17.3405508078       22.9879039561
  1        4.2690516696       17.1019985047       23.0172887522
  1       24.6350814486        4.4791765778        4.3791932944
  2       24.4968612217        4.9048875206        4.6988264624
  1       24.3390198578        5.3295254236        5.0107058527
  1       12.6939206740       19.6819173514       24.5785266287
  2       13.1730115756       19.5023232183       24.3767399706
  1       13.6428073660       19.3190324292       24.1572031834
  1       17.9464811754       16.0521293788       14.4417889184
  2       18.0336749413       16.1520030908       13.9080076066
  1       18.1620765092       16.2907446000       13.3915157577
  1        8.7851493020        2.7031715010        1.5228115302
  2        9.2149026382        2.5500826097        1.8300180754
  1        9.6666198673        2.4229399087        2.1168739233
  1        3.0883898654        1.0018328288       17.9815858313
  2        2.7068319739        0.6758992038       18.2067099029
  1        2.3236490347        0.3520560708       18.4320906015
  1        4.0865715122       24.3516733089       10.8416659794
  2        4.3027990231       24.2281271795       10.3512763206
  1        4.5343265093       24.1098317412        9.8666102383
  1       22.2594121438       24.6827112252       -0.0387056524
  2       22.5710304244       24.3137012542        0.2244020984
  1       22.8777987144       23.9372889857        0.4826791190
  1        1.8544584779       13.5659913230        0.8555026908
  2        1.3760239384       13.7132633560        1.0833432924
  1        0.9037177849       13.8587799841        1.3246974042
  1       21.8691970411       19.3267862015       19.6888406464
  2       21.7414862115       19.3534841164       19.1545400144
  1       21.5928428609       19.3729975988       18.6253667183
  1       26.2614176219       11.6562774279       24.1551502545
  2       26.0687217732       12.1610742627       24.0524445315
  1       25.8863131373       12.6676078371       23.9399686387
  1        8.2133048122       21.2580842452       12.0152659429
  2        7.7996054418       21.2427161332       11.6531656086
  1        7.4041563761       21.2038809303       11.2728869444
  1       24.5771642214       12.3154786788       16.0083999708
  2       24.5825098242       12.3987518801       15.4647668239
  1       24.5914863578       12.4829118781       14.9213180999
  1        3.7112933112       27.0910143926       13.7958322618
  2        4.1606218434       27.3446815149       13.9862446071
  1        4.6155601149       27.5769919055       14.1901147876
  1       18.8607728011        0.6980381827        4.2052363239
  2       18.7739351776        0.9614488707        4.6801826752
  1       18.6886036694        1.2266325108        5.1544148648
  1       18.9732809691       15.3523755353        0.7443998114
  2       18.5182031829       15.1387321703        0.5213286993
  1       18.0692619833       14.9232501075        0.2878350615
  1       14.2748271712       24.4556471411        4.3957556719
  2       13.8659432228       24.6503961087        4.0836871596
  1       13.4349215788       24.8178953874        3.7859215924
  1       22.7187671174       23.3126688417       24.6990412097
  2       22.7256226631       23.1820235854       24.1648270031
  1       22.7384927672       23.0314301344       23.6360019168
  1       24.0110520219        8.3583278717        4.5280470783
  2       23.5875631626        8.7035559333        4.4650012890
  1       23.1688724042        9.0512718204        4.3856809905
  1       26.7198434631        4.1927318870       22.7240448629
  2       26.2838293429        4.4555090444       22.5158626049
  1       25.8521533005        4.7129104384       22.2924788192
  1       15.2945291406       23.0354494948       23.1519513102
  2       15.3594494904       23.1493765943       23.6860917077
  1       15.4633327744       23.2874872725       24.2082350815
  1       21.2314956479       12.9763299436       13.3602028396
  2       21.4143470331       12.4623465050       13.2903000803
  1       21.5848054538       11.9458980695       13.2082943533
  1       22.1649486578       15.9648962741        1.8673903497
  2       22.6390964919       15.8382631921        2.1156802890
  1       23.1076144769       15.7138182204        2.3754962734
  1       17.5336270439        4.2932165423       13.4724737472
  2       17.5780137123        4.3822578666       12.9315472585
  1       17.6227523979        4.4754490359       12.3913492809
  1        6.3385919048        6.0105317159        0.6183128498
  2        5.8466703929        5.7850625402        0.5199417313
  1        5.3626091786        5.5420172445        0.4244759046
  1       10.1572593238       20.5837197499       20.8901220322
  2       10.6767762637       20.6269622238       21.0654281574
  1       11.2054470248       20.6681752586       21.2114031934
  1       11.3634373480       21.0809840010        6.6918137967
  2       11.0171819911       20.6619469988        6.6080568948
  1       10.6863363198       20.2339383783        6.5088109301
  1        5.8278195007        3.8777888546       15.4587160300
  2        6.0559245442        3.6782626278       14.9997417672
  1        6.2809055941        3.4686321288       14.5437389382
  1        7.4780836263       17.0944351097       26.2520970954
  2        7.1705633443       17.5436183313       26.1735750635
  1        6.8787358169       18.0038750735       26.0994102162
  1       23.4755605070        6.6357672316        1.4564034005
  2       23.2143770551        6.8958483129        1.0481865028
  1       22.9329880025        7.1403604424        0.6437931070
  1       15.1489161305       11.9403956291       19.7252402370
  2       15.0556599025       12.4051214239       20.0042262789
  1       14.9633331282       12.8729647311       20.2782671621
  1        9.3898804198       13.8109698342        7.5899582366
  2        9.8890400746       13.7298271299        7.3737280337
  1       10.3837101629       13.6622090505        7.1430132789
  1       14.0100421507        2.7111259012       13.9026517215
  2       13.9800185352        3.2603057327       13.9023430799
  1       13.9276402319        3.8077440890       13.9105746237
  1       10.3358083015        5.2951482266        5.0365936472
  2       10.4953343871        4.7825857427        4.9168809573
  1       10.6490933118        4.2701026649        4.7895259927
  1        2.4043057316        9.8026126733       21.4263195862
  2        2.5327017357        9.5205493386       21.8806924962
  1        2.6728408634        9.2509289736       22.3391310228
  1       25.0810427276       11.7425180699       11.9180167224
  2       24.8152316993       12.1933651811       11.7489564388
  1       24.5648143345       12.6471440906       11.5649025235
  1        1.3702491522       20.4328008835       20.9934151277
  2        1.8476627406       20.6532457018       20.8322309233
  1        2.3224715661       20.8844860580       20.6786585433
  1       22.2809931883       12.4392852365        4.8477948718
  2       22.2836225534       12.8679151472        5.1924243629
  1       22.2510789947       13.3052454184        5.5243628357
  1       23.0797993437       27.1670173490        2.9510559693
  2       23.2448798914       27.0407305000        2.4418408433
  1       23.4012949826       26.8864155984        1.9376372839
  1       20.7378649632        4.1753087843       16.1847067890
  2       21.2445337832        4.3024019669       16.0125614151
  1       21.7479349988        4.4558141874       15.8527117803
  1       14.2944411760        1.9638561794       24.2887806091
  2       14.1959938457        2.5043625633       24.2630712312
  1       14.1209761721        3.0490413044       24.2490207248
  1       11.5952624265        2.7079990484        8.5984636546
  2       11.2311504362        2.6189394953        9.0009445293
  1       10.8572761537        2.5189301059        9.3917336565
  1       27.4292097777        6.2533310438       16.5175107959
  2       27.5013363833        5.7508873355       16.3057371602
  1       27.5725578245        5.2488235923       16.0927594547
  1       20.0753830118       26.2179905648        6.3420517888
  2       20.1026345039       25.7072522051        6.1398051967
  1       20.1522161250       25.1940805250        5.9482419209
  1       24.2155838709        7.8207628274       22.7964916362
  2       24.1115492904        7.8524534803       22.2573511085
  1       24.0041948342        7.8794121192       21.7186041814
  1        6.4792580458       26.5060054785       17.2856880259
  2        6.6167315925       26.2294227237       16.8306023156
  1        6.7433031486       25.9784162724       16.3578704661
  1        3.3797042149       25.1548192526        0.8348272618
  2        2.8730902709       25.1825308484        1.0471345371
  1        2.3554543424       25.2171252791        1.2297715266
  1       18.7341429816       10.0950841741       18.1925116305
  2       18.5352233627       10.3767893680       17.7640572351
  1       18.3495438017       10.6711535972       17.3381783789
  1       18.1681388797        7.9638434790       15.4311568793
  2       18.4823533952        7.6390078084       15.1177066834
  1       18.7838192079        7.3162192405       14.7899477732
  1       20.0481205322       24.3442492772        2.2714766663
  2       19.5827075496       24.0638140087        2.1863484349
  1       19.1113188293       23.7897981204        2.1141821939
  1       16.1132161718       26.6955777850        2.1734404831
  2       16.0251259041       27.1950117049        1.9605887405
  1       15.9677696548       27.6964682772        1.7420674239
  1       19.1519937464       22.3918255920       17.4901701875
  2       19.6411586449       22.3019334822       17.2553572605
  1       20.1187812455       22.1964349384       17.0038682793
  1       10.2057882917        7.9089050924       20.2258982995
  2       10.6691301127        8.0356499022       20.4937604098
  1       11.1452401051        8.1400618864       20.7485493649
  1        3.7355329415       10.5410629315        0.6934441977
  2        3.8547965788       10.1420819448        0.3341527323
  1        3.9838562062        9.7542594408       -0.0338653609
  1       26.4786809262       18.8780067837        9.1155367897
  2       26.9719104648       19.0975622944        9.2205129775
  1       27.4517598419       19.3369268640        9.3427798050
  1        9.0671668368       26.1174236361       26.0153938476
  2        9.0864548307       26.5201399018       26.3894895340
  1        9.0993451439       26.9164670774       26.7706176079
  1       26.5298862935       12.1167290386       20.4423120822
  2       27.0717961457       12.0690331809       20.5232986074
  1       27.6162018876       12.0335944932       20.5930588152
  1       17.6531315405       16.9031092065       19.9982462578
  2       17.3701715639       16.4424394327       20.0993254899
  1       17.0621326808       15.9957917560       20.1894248705
  1       20.7705671236        3.3775351028       26.9695223666
  2       20.6916023614        3.8360982899       26.6762914512
  1       20.6177980266        4.2928946343       26.3789868616
  1        0.1574683388        6.3889992742       12.5948791903
  2        0.4213424094        5.9681178062       12.8309496559
  1        0.6733053247        5.5524054815       13.0882392816
  1        8.4169090991       14.2044036863       22.4950823182
  2        7.9145716407       14.2141051280       22.7188298545
  1        7.4116935638       14.2183741279       22.9415301337
  1       17.8603846242       23.9817289732       13.4894910929
  2       18.2689526643       24.3287637520       13.3664503726
  1       18.6630514346       24.7000478302       13.2698362350
  1       13.1237283537        5.7119101661       11.6007500951
  2       12.8768396909        5.3617934184       11.2558381482
  1       12.6157437865        4.9723176315       10.9683706907
  1        2.1678493071        4.4756845981       18.1558529090
  2        2.7163145026        4.5106344565       18.1343021154
  1        3.2642991944        4.5561017123       18.1222395603
  1       11.4115219183       19.1103387325       27.6728178403
  2       10.9238776690       19.3353654061       27.5542173250
  1       10.4292656077       19.5472159329       27.4402951493
  1       20.1665004185       20.8690820871       25.0195107371
  2       20.2057719861       20.8465996527       25.5676460161
  1       20.2528140383       20.8472140754       26.1156302009
  1        5.9234498975        5.2100988419       22.0518802860
  2        6.1588170936        4.7165833573       22.1114180851
  1        6.3706580514        4.2149483117       22.1887853170
  1        5.0554384588        4.4276279651        7.2703654462
  2        5.0126884918        3.8793305119        7.2768726082
  1        4.9781259308        3.3305162537        7.2872811784
  1        7.6688911065       16.8068260545       16.0579368471
  2        7.4447191950       16.3229895072       15.9232180675
  1        7.2252907475       15.8283013737       15.8250610201
  1        2.4663842129       23.8532093422        4.3668599234
  2        2.1637529379       23.5396701009        4.7024302672
  1        1.8923652042       23.2022130418        5.0415046398
  1       14.8837092532       25.2986741440       15.1213476627
  2       15.2282301429       25.7174464191       15.2131906711
  1       15.5371273517       26.1635534309       15.3030296793
  1        4.9890619120       23.6947410006       13.8986359658
  2        5.0230599459       23.1607153144       13.7715112233
  1        5.0391748632       22.6250542705       13.6477875209
  1        7.9660264390        0.3040140603       22.0866473745
  2        7.8439107237        0.1533964741       22.6013337788
  1        7.7066731086        0.0042367266       23.1126235262
  1       13.4202428398        2.5116050751        1.1382554095
  2       13.6077857439        2.4790703285        1.6542681510
  1       13.7690048763        2.4730585559        2.1800744356
  1       27.7362164367       10.4042527797       27.5261231703
  2       27.2133062102       10.4042533582       27.3556388749
  1       26.6876291332       10.4132078185       27.1941352299
  1       17.2824006641        2.5585753188       20.9361817920
  2       16.8004405085        2.3035705586       20.8641610955
  1       16.3190505123        2.0473397478       20.7926807337
  1        2.5767329295       27.8580986690        3.4623283325
  2        2.6901175689       27.8005231963        3.9974255091
  1        2.7842812371       27.7561032887        4.5374811307
  1       11.4760569247       10.4644047685       18.2317691012
  2       11.4054624159       10.9493970525       18.4813665768
  1       11.3539810296       11.4202570859       18.7609027905
  1       23.1778826653       17.7788743875        8.1624240472
  2       23.5927482325       17.4591687978        7.9945702504
  1       24.0129383319       17.1469384683        7.8258915599
  1       23.8263551936        1.3443702089       10.5356264265
  2       23.7308816064        0.8637035758       10.2859378567
  1       23.6372582389        0.3803612170       10.0407546022
  1        1.8234219280        6.2564521039        5.5497716662
  2        1.5873726096        6.7478345677        5.4768059647
  1        1.3343974746        7.2294557907        5.3959074012
  1        8.6060506644        9.3642027571       17.3476032178
  2        8.1336097263        9.0827851582       17.3374201447
  1        7.6612740638        8.8010178916       17.3349244532
  1        8.0818909173        6.8233134460       23.9516653472
  2        8.3347632192        6.8162406402       23.4632950222
  1        8.5567863352        6.8244829075       22.9601670067
  1       16.5764567239        6.9933607538        3.2002578896
  2       16.5096402385        7.5221037203        3.0643666365
  1       16.4443847979        8.0523156468        2.9335345324
  1       10.6660411926       16.1958015388       24.8479148013
  2       11.0082285822       16.5314763472       25.1176001985
  1       11.3600491233       16.8594048467       25.3844057551
  1       11.6666860939       13.6094128505       16.1581467135
  2       11.8506374835       13.1840115259       15.8620122859
  1       12.0468749187       12.7608780030       15.5705523574
  1       27.1479584511        2.9471623755       19.3735216863
  2       27.4248922819        2.5722932458       19.6655504330
  1       27.7020542564        2.2007122173       19.9615382337
  1        5.5914509457        7.9813429963       19.9618408428
  2        5.9011600541        8.1640012671       20.3780333754
  1        6.1872250620        8.3271394004       20.8185475746
  1       20.0680471698        1.2323386968       19.9437752675
  2       19.9208849278        0.7964942439       19.6423073797
  1       19.7949847907        0.3551935125       19.3391526024
  1        0.9733670634       24.5551547600       25.2662860556
  2        1.2033096258       25.0539265750       25.2370782730
  1        1.4144370678       25.5616597105       25.2255776053
  1       26.5894405334       19.2734724060        1.6902837960
  2       26.7928441153       18.9657457749        2.0982437246
  1       27.0034217940       18.6505943288        2.4967868292
  1        2.0039845983        7.6016333185       10.1159715135
  2        1.5735669506        7.6229636923        9.7742323385
  1        1.1608573038        7.6476040074        9.4115153671
  1        3.3151333921       19.2245017502       11.3296862698
  2        3.7250164097       19.4874383211       11.5853428198
  1        4.1630362607       19.7363393377       11.8059938859
  1        1.7380290440       25.9042491815        7.7677791669
  2        1.6066992031       26.0037157388        8.2925256551
  1        1.4650195178       26.1303758738        8.8086497448
  1       20.0493664962       17.9174238805        9.5930402347
  2       19.9750341658       18.4579308257        9.6625164669
  1       19.9144431265       19.0018818582        9.7167935264
  1       26.4933231626        1.3918852875       24.3758711864
  2       26.2807714483        0.9214636250       24.5656743166
  1       26.0852369102        0.4472394696       24.7641124526
  1       16.7315724186       27.1201343938       18.8384053836
  2       16.2424860316       27.1619570490       18.5903219872
  1       15.7483297192       27.2022868301       18.3522399705
  1       18.6645601823       14.4720784195       17.8492262769
  2       19.0605186090       14.4030370540       17.4737929083
  1       19.4610826911       14.3499051668       17.1006636845
  1       27.1030773157       10.1082201174       13.9791946564
  2       26.7120975283        9.8760597597       14.2886076072
  1       26.3215206007        9.6517328426       14.6042452109
  1       18.9653140769       21.1311403255       21.3432178817
  2       18.8476710328       20.6845624940       21.0445067259
  1       18.7182769345       20.2500483002       20.7331314190
  1       17.4895198144        8.1917281640       21.3644453816
  2       17.7416631906        8.2452074659       21.8503092331
  1       18.0085641637        8.3270384070       22.3241948381
  1        8.9704688868       23.5522807939       23.1315334231
  2        8.7842783495       23.8601454243       22.7155376860
  1        8.5842875763       24.1722389407       22.3092110605
  1       28.2809132685       27.2247803120       15.7840586435
  2       27.7947996812       27.4076207858       15.9650640065
  1       27.3103328598       27.5958925939       16.1449128992
  1       28.3044154201        4.0091188213       25.7776560292
  2       27.8135898036        4.1336012671       25.9923519417
  1       27.3287998619        4.2608238422       26.2188318035
  1       26.1695118100       27.1272584828        6.6803255695
  2       26.0468648352       27.5778668015        6.9708593244
  1       25.9367667859       28.0345517808        7.2568964691
  1       21.1965263479        8.9880084808       20.1551112631
  2       21.2831812793        8.6212987203       19.7544681871
  1       21.3840113733        8.2456067802       19.3656380733
  1        9.1627838427       14.3828023724        1.0042396850
  2        9.0943558506       14.5434982070        0.4827088051
  1        9.0486553550       14.6957630651       -0.0438145815
  1       16.5287096657        2.0381523952       26.6882782226
  2       16.4222209209        2.4000389450       27.0885259863
  1       16.3258963439        2.7821581875       27.4722009260
  1       26.4272426928        3.4211346192        8.3523541410
  2       25.9990823281        3.5474550278        8.0310725566
  1       25.5823907326        3.6792527865        7.6971601967
  1       22.4556319386        7.2852501549        8.8308555074
  2       22.6636989699        7.7940051465        8.8502583175
  1       22.8709153065        8.3029673388        8.8730371594
  1       12.2201755112        0.3507778612       16.5817428631
  2       12.7412126278        0.2105079260       16.6882542164
  1       13.2588034548        0.0671459243       16.8067745576
  1       24.5916359049       15.3547635858       13.3182052346
  2       24.9437665269       15.6072278988       13.6569762424
  1       25.2812211512       15.9030970943       13.9749161655
  1        4.8196428583        7.7646604168        4.5459314288
  2        4.8961309737        7.9905966033        4.0503485318
  1        4.9623645144        8.2632101387        3.5772787934
  1       11.4285845804       21.1968581692       16.8244728802
  2       11.6949648441       21.3313539544       17.2864820131
  1       11.9610490667       21.4612751954       17.7499684278
  1       24.5019868226        1.5148245997       21.2286786486
  2       24.2389963609        1.3562699955       20.7723931519
  1       23.9408316785        1.2059343225       20.3353611089
  1       26.1490462213       21.1078003407       22.7591162883
  2       26.0614867030       20.8531115221       22.2795676084
  1       25.9808494868       20.6088351293       21.7934331802
  1       14.4296699864       20.1897291231       20.6982317815
  2       14.6051892269       20.7108156532       20.7109528023
  1       14.7790607325       21.2323608484       20.7270558415
  1       26.5458943630        8.2410141233        2.2346665770
  2       27.0353785430        8.4169853434        2.4133824610
  1       27.5243109123        8.5934677137        2.5931019932
  1        9.0826109891        2.1891455006       16.2862768121
  2        8.7249225691        1.7826189440       16.3826881858
  1        8.3707431622        1.3719955206       16.4745867758
  1       15.3095587132       14.3399294929       17.0791975323
  2       15.2059258409       14.7975575939       17.3661413403
  1       15.0952221861       15.2568935677       17.6476642754
  1        9.0689523159        8.6530569886        6.5503030998
  2        8.6300052473        8.3220568524        6.5340433069
  1        8.1896863682        7.9935761119        6.5072163281
  1       23.3459261680       23.4104187040        4.8660218925
  2       23.3846347205       23.9549602159        4.9329262261
  1       23.4354384199       24.4987488408        4.9978331943
  1       15.5013862002       22.6665540132       17.7635411154
  2       15.6466876580       22.4220155892       17.2928092962
  1       15.8216166731       22.2112450419       16.8158652585
  1       11.3442178451       23.7662155819       25.2459919291
  2       11.7414979184       23.3966276610       25.1561403177
  1       12.1451032797       23.0285283891       25.0920650702
  1        8.4869371321       13.9867734364       18.3898168431
  2        8.1759575916       13.5779243363       18.1932611545
  1        7.8892667612       13.1618793941       17.9759710884
  1       13.4734990767        9.8820075431       22.6274827174
  2       13.1305339058       10.3046820922       22.5486086593
  1       12.7711345359       10.7127923949       22.4662796071
  1       21.9538469278       24.4950006313        9.0246237522
  2       22.3532860224       24.8021422128        8.8041414205
  1       22.7566973788       25.0986957618        8.5765117451
  1       19.1610730673       26.4773703537       16.6081984123
  2       19.0709248403       25.9992755487       16.8647108966
  1       18.9631115673       25.5133305126       17.0986632828
  1       18.5344268046        7.2945014660       28.1014214376
  2       18.4045500047        6.9175874827       27.7225179327
  1       18.2941106074        6.5497637198       27.3288063403
  1       -0.1247886151       13.2472240840       14.5995054021
  2        0.2862314367       13.4644214444       14.3055873460
  1        0.6914591283       13.6702932960       13.9958983122
  1        8.3512481661        6.0382326225        9.6061185815
  2        8.2227545968        5.6585425328        9.2295221949
  1        8.1032672741        5.2879368426        8.8410969111
  1       19.7780707073        0.6401697575        8.8955219557
  2       20.0917957605        0.3882696019        9.2705191592
  1       20.4356903125        0.1459233941        9.6247857984
  1       23.0251387722       18.5228873639       11.3297598406
  2       23.2632535970       19.0183350647       11.3480055536
  1       23.5016340200       19.5139846122       11.3505153313
  1       17.0828686290       13.9723595200       10.2702432862
  2       17.6324143008       13.9553406055       10.2557549770
  1       18.1822597206       13.9490691652       10.2443233371
  1       11.3189278372        1.4809485410       25.4812863545
  2       11.3707902147        1.9662974645       25.7347557141
  1       11.4219464415        2.4487066081       25.9939167790
  1        5.1084502428       22.4789363178       17.7262896106
  2        5.0040377789       22.0383192095       18.0384668060
  1        4.9175179633       21.5876018521       18.3415644539
  1       21.8471140805       20.2038646753        1.8563725872
  2       22.3137257236       20.4287763276        2.0412734342
  1       22.7808157014       20.6530967542        2.2256841112
  1        8.8320295024        1.4812020016       12.5811705751
  2        9.1222674370        1.9458915057       12.6293951129
  1        9.3919124631        2.4221569451       12.6838266312
  1       17.1296002231       21.2078024332        9.1436211947
  2       17.0627376026       20.6953935937        8.9552954896
  1       16.9785031325       20.1863758809        8.7647554124
  1       26.7271438080       23.4934949421       15.3316372479
  2       26.6267648413       23.9394091004       15.0257212030
  1       26.5325936063       24.3758138120       14.7045005542
  1        3.0653576839        1.3825318923       24.0339016081
  2        3.3190104379        0.8947033999       24.0203501368
  1        3.5661255493        0.4045415714       23.9860645346
  1        1.3749924890       24.9667243855       12.2123542410
  2        1.5010878209       24.7300874723       12.6925655888
  1        1.6373828423       24.4844773739       13.1654285136
  1       14.8743764557       17.8200051137       10.7070939083
  2       15.3738723937       17.7094722604       10.9090500822
  1       15.8664878576       17.5922615955       11.1237397739
  1       16.2626491470       15.9916667061        6.8683517826
  2       16.3839602991       16.2421862251        7.3427182811
  1       16.5332492049       16.4964399508        7.8070111463
  1       12.2872952422        6.1841238747        8.0605990840
  2       11.8189746348        6.4236840872        8.2211815027
  1       11.3309139533        6.6444542325        8.3459104616
  1       11.8219819627       24.8521558324       16.4888087108
  2       11.4616127657       25.0062664292       16.1029538601
  1       11.0894961063       25.1669416209       15.7311842089
  1       14.0901193648       23.6148988747       -0.0249118001
  2       14.3497284742       23.6918262405        0.4538212055
  1       14.6221376459       23.8038052002        0.9183144291
  1       19.1053733815       15.9662918738       24.5946849607
  2       18.6190744356       15.8626421328       24.8297808272
  1       18.1413637020       15.7258812298       25.0655538310
  1       12.7478408950       27.3713053994       13.1915109879
  2       12.3017074768       27.5822348893       12.9486659272
  1       11.8444979115       27.7705977849       12.7078779875
  1       22.9888277382        3.8987091779       23.6618663675
  2       22.8925655122        3.3643389177       23.5742192977
  1       22.7652834432        2.8332409133       23.5091486930
  1       19.5261443064       10.2631662205        6.5927532588
  2       19.9112565492        9.8779559074        6.5165851872
  1       20.2883009667        9.4882258534        6.4246722326
  1       12.2021959891       24.6373565162       19.8504367833
  2       12.3545263843       25.1569061839       19.7536711202
  1       12.5101689815       25.6762959493       19.6614233424
  1       14.3409589788       19.6300996170        6.4297302607
  2       14.4347425484       19.9461474332        5.9894821262
  1       14.5231374863       20.2523312894        5.5412212868
  1       15.1921876681        8.1872487429       25.1059320081
  2       15.5918371079        8.5471429028       24.9907950508
  1       15.9976954204        8.9010659408       24.8789133618
  1       11.9981869620        6.1369061123       23.7970448919
  2       12.3049875722        5.8734326895       24.1698117643
  1       12.6225863426        5.6117220112       24.5346933079
  1       21.2997216990        4.4494945016        6.8816927576
  2       21.7957610109        4.2156892955        6.9238843053
  1       22.2916818095        3.9822244285        6.9692353398
  1       12.8779128985       23.7985215977        7.9024294814
  2       13.3049445876       23.4529968752        7.8749230711
  1       13.7240435164       23.0979545963        7.8466199417
  1       14.6606756236        9.8280674854       16.7009166270
  2       14.7757171633        9.3019749015       16.8126844103
  1       14.8888834362        8.7773132097       16.9327822983
  1       19.1617079416        0.7129290904       24.6855807266
  2       19.2298914823        0.8862290793       24.1680692594
  1       19.3158311048        1.0765365726       23.6592496074
  1       14.9935681990       14.8530555429       13.1847913993
  2       14.4624625035       14.8378046352       13.0426852771
  1       13.9313530165       14.8374124910       12.8997777615
  1        4.0023486038       19.6369697722       26.6350005750
  2        4.3137934530       19.9228751200       26.9867963084
  1        4.6293856772       20.1752741484       27.3598864817
  1       22.1892303924       28.2933897750       16.8645036896
  2       22.2872087109       27.9350464936       17.2700777788
  1       22.4007758133       27.5716286235       17.6669782246
  1        6.8994324611       17.0081838058       11.7522305404
  2        6.7384891768       16.8035411381       11.2677528445
  1        6.5798108796       16.6062676878       10.7794861318
  1       24.9057920071       15.2531576398       21.9972998814
  2       24.9335620177       15.7538534927       21.7713961645
  1       24.9555663042       16.2621273076       21.5624140134
  1       17.7692687096        0.2702437129       12.1683680304
  2       17.4765177455        0.1542920472       12.6193137968
  1       17.1761736701        0.0318823314       13.0635089080
  1        1.3134477978       15.1985654093       24.8735116949
  2        1.6978913219       15.5846232944       24.9487611873
  1        2.0777224498       15.9732517145       25.0335919855
  1       14.1707488172        5.0026380184        5.2919036403
  2       14.0210682477        4.5264213338        5.5228005794
  1       13.8507645051        4.0624044780        5.7640162335
  1        5.2037305543       14.4630366715       25.4342489471
  2        5.6127039140       14.1304877771       25.5912585773
  1        6.0172121880       13.8043408768       25.7715396206
  1       12.4881524466       16.6818298090        6.7148023113
  2       12.0083139284       16.7742030072        6.9672348541
  1       11.5294170963       16.8454445788        7.2281610154
  1       19.6537250349        5.0475651746       21.0250232307
  2       20.0105484387        4.7295012996       20.7529709749
  1       20.3350084561        4.4088062193       20.4457571054
  1       24.7872274670        5.8596257166       14.2522076795
  2       24.3433258000        6.1837958527       14.2331018470
  1       23.9178541412        6.5290418756       14.1853624476
  1        3.9069186024       11.4259541694        9.4133999648
  2        4.2543687982       11.7927371402        9.1960325023
  1        4.6000236664       12.1722335270        8.9985351518
  1       17.9352340942       19.5326803748       17.0099940890
  2       18.1186647315       19.0368223589       16.8584090324
  1       18.3118093069       18.5363616249       16.7370244138
  1        9.8160047434       13.1699372413       11.6209447664
  2       10.2702567737       12.8759698166       11.7196273190
  1       10.7200008079       12.5785149874       11.8280290130
  1       16.9568243393        3.5904737922        3.1149891402
  2       17.4670855855        3.6537393776        2.9197177229
  1       17.9747866784        3.7264094873        2.7210756972
  1       25.9274240202       15.0953074323       26.9621971709
  2       25.9067667522       14.5463229875       26.9884527730
  1       25.8865993800       13.9975315543       27.0188046895
  1       12.8244742199        1.3249753312       21.4188490352
  2       13.0550042061        1.2337231913       20.9279020193
  1       13.2979195125        1.1449109381       20.4425109022
  1       20.1742252027       17.4650314738        3.9991469255
  2       20.5712104631       17.5218578453        4.3755422849
  1       20.9781009168       17.5820911970        4.7406615818
  1        1.9343589103       17.5503606922        7.9205119339
  2        2.4006773191       17.8381300457        7.8732261992
  1        2.8585130254       18.1396583787        7.8288738661
  1        7.8954664046        0.6038033186        4.6755256413
  2        7.6771005449        0.6058818961        5.1803147367
  1        7.4724516740        0.5977361725        5.6907581575
  1       25.5364206593       11.5312712774        8.3675731486
  2       25.1351025064       11.2396181913        8.1301237485
  1       24.7473916335       10.9462990201        7.8729387143
  1       25.9859232308       25.2451592750       26.2930251999
  2       25.7310975357       25.1423738218       26.7694693370
  1       25.5134686941       25.0420852222       27.2645247713
  1       17.3185356165        6.6674988081       18.4556287682
  2       17.1158632432        6.2033549093       18.2411658336
  1       16.8701999822        5.7514410643       18.0464264233
  1        9.6498193877       28.1807354212       19.1658266846
  2        9.5836498772       27.6381286666       19.1050031230
  1        9.5706112964       27.0901548125       19.0596748799
  1        9.2541960982       15.9333972652        4.8716248807
  2        8.7442044130       15.9776442692        4.6705013274
  1        8.2263810834       16.0561685379        4.5025938007
  1        9.6081848026        4.1423297289       21.1856238272
  2       10.0440840426        3.8262167096       21.2977149134
  1       10.4775303574        3.5089863843       21.4159909124
  1       26.5041522482       26.7583759032        3.1258720063
  2       27.0519001518       26.8080868620        3.1248450168
  1       27.6008440049       26.8405257944        3.1144353689
  1       19.9845430188       10.6497012537       26.1567790141
  2       19.6823074914       10.5789143342       25.7027493917
  1       19.3556210918       10.5253772422       25.2635344386
  1       24.5933647518       26.7898874078       13.3978076124
  2       24.5493036493       27.0307868160       13.8902769966
  1       24.5146195977       27.2845164889       14.3770195041
  1       21.7628837697       14.9460662650       10.4504089550
  2       22.3105320070       14.9926267900       10.4707442882
  1       22.8561482850       15.0589583953       10.4908190048
  1        6.3191476978       10.7638211684       24.5560080780
  2        6.0455411115       10.7744610941       24.0790109837
  1        5.7933030916       10.8057600245       23.5912647820
  1       21.3432947665       24.8658520054       19.6804224418
  2       21.5286054104       24.4989175278       20.0458250340
  1       21.7103349044       24.1295949514       20.4106198046
  1       14.4592826868       18.7080550587       16.2405189268
  2       14.4172900532       18.2912222755       15.8841665035
  1       14.3573543067       17.8869866544       15.5160615349
  1       14.4006819015       16.4364505842       26.4898855016
  2       14.4392779137       16.9568978897       26.6635085127
  1       14.4995149613       17.4806810824       26.8201056523
  1       18.0370073243       23.5856197831       27.3069199299
  2       17.7239941802       23.1512587221       27.4328295816
  1       17.3879709034       22.7324473127       27.5519318891
  1        1.9328903240       14.4675346048       17.3958109631
  2        1.9744515936       14.0746346741       17.7784365050
  1        2.0161970893       13.6908463753       18.1701811339
  1       10.9886305470       18.0826281575       18.1750446429
  2       11.4343612365       17.8005131714       18.0193677756
  1       11.8957711583       17.5313033924       17.8884976954
  1        5.3944649326       25.7332780461       24.5926192968
  2        5.5702193212       25.3276873107       24.2653479259
  1        5.7166674806       24.9232632485       23.9225737824
  1       25.8102407671       17.7230442046       24.9077367967
  2       25.4706473926       18.1495350110       24.9804136985
  1       25.1153604965       18.5625092046       25.0560677527
  1        2.9716616073       13.1470373266       22.1175856286
  2        2.9951072478       13.6948158310       22.0741228625
  1        3.0055992608       14.2429163296       22.0296733390
  1       10.0292425802       12.1488719382       25.4834467670
  2       10.5063383918       12.4049432738       25.5799198598
  1       10.9903975959       12.6517615847       25.6651689493
  1       24.6349564847        2.7468578377       15.8829361990
  2       24.7809851754        2.6512171174       16.4044996890
  1       24.9263426274        2.5236248905       16.9193699967
  1       15.7448582077       26.9467228882       22.1257347210
  2       15.2650898023       26.7098707245       22.2531055564
  1       14.7893777710       26.4680767396       22.3862736124
  1       22.3964736052       16.6943561204       16.4054093543
  2       22.2099626360       16.6353599818       15.8913732525
  1       22.0206300648       16.6011769379       15.3761211822
  1       26.7089078747       23.2989757516        6.5473794995
  2       27.0882232216       23.4016296891        6.9321937881
  1       27.4700311030       23.5110681153        7.3126487415
  1       19.0080702189       25.0621792650       23.8294124317
  2       18.6697333118       25.2707437331       24.2095821306
  1       18.3491746058       25.4941944620       24.5966375359
  1        5.1648497165       15.5325623249        7.5173543881
  2        5.6913033995       15.4371279639        7.6447859479
  1        6.2103784839       15.3018313702        7.7662597620
  1        2.0282071654       11.0862057020        3.5922266736
  2        2.0546586787       11.5914593584        3.8079094503
  1        2.1178303998       12.0973329741        4.0143100743
  1       -0.0508992161       19.9980219717        6.1151459180
  2        0.4001382236       19.9225143184        5.8095909766
  1        0.8501467000       19.8605769530        5.4995004528
  1        8.3423559054       17.9712011795        7.6213719924
  2        8.2615384590       18.3353672755        8.0255397730
  1        8.1578855388       18.6902968348        8.4327019999
  1       15.3513146451       11.0074029003        4.7563675562
  2       15.4816656139       11.2643755677        4.2878873825
  1       15.6009200417       11.5318873991        3.8223599392
  1       16.1326644485       28.0058554331        6.6546387723
  2       16.0649603909       27.9455680089        7.1971160410
  1       15.9920214190       27.8677924390        7.7366814829
  1       17.8239284019        2.2538848359       17.2433094403
  2       17.5332470091        2.2046165605       16.7790067751
  1       17.2493122591        2.1593449222       16.3101448172
  1        8.3115007788       22.6153928059       14.8016604266
  2        8.4445000246       22.1480038445       15.0592623663
  1        8.5859575972       21.6820980501       15.3150387234
  1       18.5147471762       20.5252510403        3.8017803914
  2       17.9827896156       20.3861810850        3.8152229091
  1       17.4480863328       20.2575437798        3.8085264927
  1       16.7072445637       12.6981265457        7.2939090881
  2       16.4996340547       12.2614192765        7.5559866292
  1       16.2701490965       11.8345897721        7.8160889690
  1        8.8607302753        7.5711344860        3.1797319606
  2        9.3064330408        7.7146292010        2.8911867968
  1        9.7664775397        7.8435511060        2.6187199174
  1       17.7789955619       20.0049199479       12.4726433867
  2       17.6365697732       20.3593169944       12.8683928379
  1       17.4916198855       20.7088351405       13.2675501936
  1       21.1762877121       21.7949072354       10.6557396081
  2       20.8636703560       21.9559932336       11.0786127450
  1       20.5354637893       22.0890560789       11.4994152256
  1       10.0884208561       17.1517733552       10.8114260769
  2       10.3065225266       16.7580314534       10.4953580840
  1       10.5246406239       16.3697933079       10.1725645944
  1       26.6265004018        2.2997213174       13.6236360046
  2       26.2635926681        2.6068377308       13.3470903746
  1       25.8983784648        2.9029969199       13.0617689429
  1       20.9892259326       20.2469530922       14.2504380348
  2       21.4777533595       20.2137202180       14.5009106465
  1       21.9546447537       20.1740908298       14.7720270582
  1        3.2480018728        3.6071790731       27.0025142750
  2        2.9615773739        3.2803060777       27.3395825936
  1        2.6622650973        2.9752859958       27.6858121556
  1       17.7917953992       13.9324165286        3.5297822006
  2       18.0589602280       14.1516996734        3.9576114384
  1       18.3189414944       14.3753328290        4.3876090568
  1        0.6211008745       27.1563700441       20.6838272780
  2        0.9615756637       26.9014142988       21.0325026082
  1        1.3080862752       26.6257715899       21.3587716569
  1       14.9198193042       15.9763161347       22.7596296489
  2       14.4262756892       15.7370185492       22.8002666468
  1       13.9175995609       15.5280272778       22.8087072655
  1       25.5270453027       25.5919418115       22.3581170613
  2       25.4837220544       25.0542176937       22.4652425452
  1       25.4585428654       24.5184135880       22.5868154360
  1        1.2062456508       13.8149101655        7.3052922627
  2        1.7058179959       13.6171123101        7.1878040487
  1        2.1969247198       13.4036472657        7.0623175573
  1       19.2299250841        0.7970256234        0.2843837835
  2       19.3993071390        0.3109647245        0.4781736748
  1       19.5378742415       -0.1778310870        0.6888340930
  1       10.1335018064       24.8836818788        5.4458198011
  2        9.6687291660       25.1767537417        5.4214215246
  1        9.1952695733       25.4556428254        5.3978229637
  1       24.9310434298       19.4992153736       14.2234355570
  2       25.2971102743       19.8830295653       14.3689750073
  1       25.6592662990       20.2594943143       14.5410717984
  1        7.7318494686       18.8788426445       18.7481446944
  2        7.6957896870       19.3416148023       18.4531165226
  1        7.6325217075       19.8116778365       18.1746602323
  1        0.8393096277        0.1893329040       27.8065457388
  2        0.3201348206        0.3280053097       27.9237100832
  1       -0.1874129516        0.5032157050       28.0428594651
  1       27.5574910202       17.8238818525       16.2868462217
  2       27.8243576371       17.3454679643       16.2378323423
  1       28.0847877718       16.8646844945       16.1784741158
  1       12.0785006905       10.3912988893        7.7960686882
  2       11.6626652023       10.4871953016        8.1430337079
  1       11.2500450460       10.6065693379        8.4865369030
  1        2.4602856473       19.5995447658        2.2334328576
  2        2.8918017886       19.7129045123        2.5550590190
  1        3.3465367295       19.8223411332        2.8444372463
  1        8.9846702630       23.9243405917       18.6691087991
  2        8.7428080774       23.4421606726       18.7763711351
  1        8.5214735714       22.9482044150       18.8739326598
  1       12.3732500076        8.5419279857        5.4270661671
  2       12.4129615030        8.9568713854        5.0682556709
  1       12.4266845458        9.3848225350        4.7230463276
  1       22.0650015182       13.8317528626       25.3382166299
  2       22.3053503938       14.3253545234       25.3712290265
  1       22.5412281173       14.8211909331       25.4029773097
  1        2.6847930577       24.1915913423       16.7720605151
  2        2.9283061645       24.6843922753       16.7533894871
  1        3.1736497838       25.1763134736       16.7354997645
  1       19.9013920550       15.0361764891        7.5452183240
  2       20.4093687429       15.2192521545        7.4406095989
  1       20.9106605646       15.4019383621        7.3070721210
  1       27.8999753256       23.2718505249       18.6844030318
  2       27.8143707649       23.8067535432       18.5892682842
  1       27.7307593918       24.3426431194       18.4979912367
  1       13.4726957905       14.5851469515        9.3589816279
  2       13.2866057259       14.0702743323        9.3062874735
  1       13.1098948281       13.5522215433        9.2524863088
  1        0.4381415340       12.4388986768       10.8336786816
  2        0.5253576815       11.8967298371       10.8644405551
  1        0.6025873103       11.3524017335       10.8800129363
  1       21.0506959968       25.9561020548       11.6795013188
  2       21.2314017546       26.3449166409       12.0239844776
  1       21.4161561484       26.7202907848       12.3809999745
  1        1.1900090089       22.1519502999        0.3939094470
  2        1.6285317820       22.0090998881        0.0942570862
  1        2.0793155173       21.8770841148       -0.1918650180
  1       24.6183836268        2.6489657329        0.7105130860
  2       24.6852470401        2.5265057670        1.2425213949
  1       24.7476973420        2.3992895326        1.7739496483
  1        5.0858974206       22.5505438821        1.2952480735
  2        4.9433578997       22.6140704550        1.8226443756
  1        4.8263018776       22.6981354895        2.3534277181
  1       21.5707471800        8.2869639334       11.8328790747
  2       21.9418128884        8.5854371893       12.1080589350
  1       22.2900479783        8.9061147644       12.3880557457
  1       27.6468639209        6.9730408592       24.4112126869
  2       27.3493052137        7.2411571200       24.7881377278
  1       27.0372489934        7.5094418463       25.1530270535
  1       11.4287825724       21.1100240928        2.4375123813
  2       11.0342478888       21.4927605567        2.4186660894
  1       10.6476461174       21.8837046759        2.4044616870
  1       18.3303811603       25.3394836896        9.0489776172
  2       18.2357029144       25.2187223572        9.5771373755
  1       18.1462884784       25.0784111543       10.1013680728
  1        9.5743381196        5.9632416613       26.8436821494
  2       10.0932773976        5.8772700023       27.0043398588
  1       10.6159276321        5.7974568257       27.1558871723
  1        2.4336132079       17.9561343693       18.6683546371
  2        2.6299747207       18.1797347190       18.2058127039
  1        2.8498958656       18.4180758525       17.7615963230
  1        3.1385672796       15.6943325688        4.2304030092
  2        3.3236476513       16.1596142584        4.4579073066
  1        3.5117538750       16.6215963955        4.6896152101
  1        5.8927438440        5.4760752094       11.9048000873
  2        5.3803374107        5.6728491271       11.9397238964
  1        4.8705507032        5.8723514764       11.9927929504
  1       13.6051148844       21.8418733883       14.5825684978
  2       13.4425477986       22.1826651186       14.1826523326
  1       13.2782676261       22.5373924094       13.7957665962
  1       14.2357589802        3.5737451777       18.5718041311
  2       14.3757202387        3.5113754780       18.0435798732
  1       14.4988501979        3.4148875612       17.5162952308
  1       21.8519738552       15.9392965181       20.5321068993
  2       21.3322278034       16.1154196743       20.5687767163
  1       20.8171153008       16.3064813126       20.5943610675
  1        5.9165292441       25.9339130650       20.2828529011
  2        5.8970181064       25.3883950507       20.2155519980
  1        5.8815309641       24.8430890130       20.1455414798
  1       24.9739468825       25.8764850554       18.3424786475
  2       24.8174042326       25.8371593867       18.8682617686
  1       24.6610232810       25.8120774351       19.3949646191
  1       25.6920057932        8.2803987639       11.1789042686
  2       25.8232078091        8.6780232774       10.8222801286
  1       25.9685687413        9.0527090493       10.4468060673
  1       26.7950057915       22.2982519096       12.2136944805
  2       27.1006689391       21.9046612279       11.9809791707
  1       27.4433742086       21.5421834013       11.7493265807
  1        6.7480104257       20.5807811727       21.5852345814
  2        6.6257703670       21.0653054299       21.3554659757
  1        6.5191550081       21.5432429093       21.1050484642
  1       23.6181771740        5.3280459552       19.5692021082
  2       23.4536542117        4.9804278983       19.1760178239
  1       23.2540156774        4.6448774667       18.7886544770
  1       26.7838362452       15.5008686906        9.6530315286
  2       26.3858647653       15.2116672414        9.4071022238
  1       25.9845136719       14.9013763424        9.1946478599
  1        9.2332803170       19.7428472053       24.0375470843
  2        9.0735396396       20.1788809870       24.3322629767
  1        8.9063386647       20.6078837778       24.6330958845
  1       12.2913467025       11.5254309900        0.5352038317
  2       11.8099076579       11.5388128058        0.8007925614
  1       11.3195140062       11.5368580258        1.0498111233
  1        6.3287548352        9.6731765371       13.0933519827
  2        6.1665790683        9.4531677938       13.5706309090
  1        5.9725057713        9.2288807514       14.0338056892
  1        7.2011358658       26.1986635351       12.2082372580
  2        7.3991374462       25.7663390177       12.4846262698
  1        7.6024305744       25.3419076570       12.7692838238
  1        6.1544956860       12.6675750042        2.0778404029
  2        5.9587869718       12.8418793113        2.5613857552
  1        5.7384214437       13.0172035494        3.0338266981
  1        7.6310579101        3.5525712048       25.3514221672
  2        7.7117585506        3.2665617044       25.8142244709
  1        7.8180616739        2.9603894583       26.2585871614
  1       20.2192482897       10.5523354889        2.2291750867
  2       20.1076790038       10.9543557031        2.5875492513
  1       19.9798968479       11.3447189225        2.9533200491
  1       14.0274016031       20.3796531709        1.0079274207
  2       14.3963608184       20.0070229996        1.1738064514
  1       14.7582931834       19.6210157101        1.3238175664
  1       12.2954662787       18.1998686210        3.7080629031
  2       11.7954508759       18.0050421823        3.5875338372
  1       11.2991357147       17.8124497841        3.4494055348
  1        4.3636736375        7.2321548072       24.2431915811
  2        3.8657566614        7.1137534723       24.4445862403
  1        3.3723195138        6.9970360911       24.6576515666
  1       13.0757348608       13.8676204733        4.9784246659
  2       13.0464351627       13.6041144082        4.4965470037
  1       13.0149586551       13.3361855164        4.0172523788
  1        2.0597225836       21.7635170215        9.7099724215
  2        2.1708286734       21.7752130379        9.1714386342
  1        2.2818980155       21.7667775894        8.6328363288
  1       16.0861092014       12.1185668397       23.3581332073
  2       16.1893245212       12.5229372516       23.7163666058
  1       16.2746702218       12.9357092443       24.0696871294
  1       18.8496902030        9.9925034937       12.2744434348
  2       18.9464339630       10.1628691494       11.7605210786
  1       19.0356998932       10.3042541657       11.2365536465
  1       18.0583071034        4.9635780609        6.8560321597
  2       17.7823040153        4.5541664506        7.0983221279
  1       17.5171585036        4.1364668302        7.3385821615
  1       22.4821594147        0.4683048264        7.0112557147
  2       22.3173848010        0.6677393682        6.5258948282
  1       22.1470685606        0.8600908867        6.0395890904
  1        9.0937979972       11.4207367215        3.9654333041
  2        9.1743056420       11.9646029369        3.9805349200
  1        9.2642681159       12.5068242442        4.0006049533
  1        0.6832705900       10.1917279276       17.7720134638
  2        1.1480930208       10.0730126322       18.0409870433
  1        1.6268910420        9.9468472118       18.2804337819
  1        6.9762920635        5.4623286924       18.6313642738
  2        7.4750977221        5.4658287408       18.3996733923
  1        7.9739922850        5.4873616242       18.1691510527
  1        3.7457519878        7.8124257034       16.5420463444
  2        4.2495019535        7.5975129812       16.5925289548
  1        4.7531443184        7.3791792439       16.6268035278
  1       27.8386620723        4.3245110531        2.8912689511
  2       27.5033889556        4.6473663455        2.5982563278
  1       27.1626248295        4.9718580801        2.3135021819
  1        7.8788551693        1.4064328334        8.7969998187
  2        7.6768077420        1.7807493956        9.1456600380
  1        7.4763876045        2.1706942243        9.4777365322
  1       12.0570765314        0.9523467666        5.0856119967
  2       11.9457704820        0.5551873154        5.4494462084
  1       11.8664454347        0.1608910636        5.8245968471
  1       25.1992745115       18.7237728234       18.9631097340
  2       25.7004095235       18.5259520724       19.0737020043
  1       26.1931918983       18.3152833031       19.1973312872
  1       11.5245505542       24.5765788410       11.5129157045
  2       11.3081029677       24.0712070067       11.5287192289
  1       11.0971246623       23.5634093973       11.5401096444
  1        4.8079941775       16.7138239342        0.6393900542
  2        4.9236647637       16.2042520593        0.8110199461
  1        5.0473083649       15.6938099528        0.9743022623
  1        2.7046426495        4.3997897337        9.8961548521
  2        2.3316462616        4.2728518009        9.5124095514
  1        1.9695556022        4.1635711196        9.1131000398
  1       21.2926825952        7.4484707536       24.2264698043
  2       21.1059546693        6.9835911258       23.9994904807
  1       20.9073885144        6.5313582642       23.7575051092
  1       26.2014031701        6.8384644640        7.5233347470
  2       26.1480667808        7.3498709112        7.3280947017
  1       26.1168621385        7.8637274122        7.1345029518
  1        6.9952001795       26.0628390122        1.3462566182
  2        6.8426211917       25.8401314220        1.8254444537
  1        6.6753946802       25.6248183120        2.3031217062
  1       22.7345860254        9.4828064445       15.5646127899
  2       22.2156236595        9.3835710375       15.7173557005
  1       21.6973716468        9.2608965897       15.8547086408
  1        3.2157595735        4.2066893407        3.1673296289
  2        3.2573528580        3.9167417700        3.6328405364
  1        3.3293663466        3.6223264391        4.0917889750
  1        8.8254413286       22.9017720673       27.4717715632
  2        8.4542759713       23.1623346533       27.1605748148
  1        8.0881398810       23.4091293773       26.8326468858
  1        6.3892763493       11.7221723522        6.1013192826
  2        5.8943214611       11.4877736117        6.0505562150
  1        5.4113530088       11.2325871273        5.9863586198
  1       17.4799580828       23.9124483305       20.1009864259
  2       17.8389205119       24.1215645197       20.4614255939
  1       18.1932286608       24.3100573657       20.8375056141
  1       28.1440324181        0.9691404573       10.9331639262
  2       27.7145456986        0.9621896113       10.5896630622
  1       27.2798129458        0.9165910752       10.2558544252
  1        5.7507275360       25.4944018450        6.8504327982
  2        5.8445368406       25.3490716893        6.3283418480
  1        5.9548307169       25.2239319029        5.8042471107
  1       12.6807727956        6.2267636659        2.6045296142
  2       12.8759494479        6.6006610407        2.2515326914
  1       13.0576329299        6.9643479326        1.8810965215
  1        0.9823444004       10.1934200587        7.2560642037
  2        0.6017268606       10.5064380456        7.0118306509
  1        0.2320504671       10.8140171127        6.7449327667
  1       11.9973230226       19.7215717528       11.5383171903
  2       12.3658837595       20.0276504684       11.2681712982
  1       12.7245070851       20.3293043168       10.9802576565
  1       22.1664848756       26.6451206736       23.0739082465
  2       21.9975196757       26.8262882022       22.5828592796
  1       21.8267742692       27.0229378960       22.0984267218
  1       15.2805192416       24.1219384524       11.6482975704
  2       15.3550040493       24.6657707815       11.6136794934
  1       15.4392775163       25.2052790480       11.5478857846
  1       17.5332080550        4.6228700321       24.4234161095
  2       17.5980736047        5.1288103730       24.2177055559
  1       17.6737390741        5.6307320569       24.0059288834
  1        3.3183892271       15.7007264599       10.2289181886
  2        3.1459043240       15.2703033558       10.5246966693
  1        2.9773056742       14.8522733524       10.8398560109
  1       24.6485601446       19.9834456403        5.5158849176
  2       24.2350772624       19.7080518411        5.2798972878
  1       23.8292946867       19.4238949999        5.0409508713
  1       11.6386999461       25.8905001875        1.2081006870
  2       11.2741611377       26.0926203638        1.5669305793
  1       10.9135858410       26.3015611858        1.9258584095
  1       10.7705653804        8.9022224161       24.7629255594
  2       11.2727033556        9.0085739473       24.9605282052
  1       11.7684552062        9.1104694130       25.1758127047
  1       18.1001729239       19.3511125949        0.6045997685
  2       17.9800173522       18.9930068571        0.2048211809
  1       17.8678682261       18.6483878097       -0.2088940408
  1        9.2050462524       10.9550928451       22.2405613700
  2        9.0408806880       10.9997817233       21.7175388355
  1        8.8562028448       11.0188340680       21.1998216334
  1        8.4572823250        9.7753654036       27.3221307458
  2        8.0828239872        9.4805310019       27.5966369003
  1        7.7083348509        9.2032273358       27.8888022003
  1       12.7639220536       14.7542469385        0.7390986087
  2       12.5828174976       15.1859240358        1.0278130410
  1       12.4056478824       15.6154954854        1.3220566410
  1       11.6905476883        7.8897432343       15.3598135309
  2       11.7545988756        7.7326688105       15.8830009454
  1       11.8248161737        7.5585442780       16.3999633979
  1       24.9983856214        8.8856800215       18.8477915668
  2       24.9365297109        8.5706131576       18.4012417738
  1       24.8674236562        8.2655814161       17.9488260481
  1        0.7592463567        1.2680789953        7.2349964467
  2        0.9685133865        1.6309788033        6.8786103645
  1        1.1665405311        1.9924595807        6.5144443357
  1        5.4283939354       12.2207888621       15.9578047169
  2        4.9093884636       12.3603071470       15.8408946302
  1        4.3888329207       12.5040029565       15.7366188412
  1        7.6047009072       10.0489918994        9.6186724252
  2        7.7811430343       10.5054551917        9.3676556159
  1        7.9633888990       10.9609980524        9.1191256460
  1        5.3808245286       11.8385239536       20.5134344456
  2        5.2829180156       11.6286573977       20.0145653812
  1        5.1757670719       11.4023011658       19.5248904579
  1        9.1180876156       26.1212491926        9.2741938066
  2        9.5349174538       26.4777307852        9.2332821934
  1        9.9708122970       26.8090920332        9.1813648745
  1       16.8627441252        7.3279686540       10.0022049511
  2       16.4733788063        6.9990803107       10.2089103117
  1       16.0946418477        6.6631743352       10.4239114531
  1        5.3649435090        7.4856182930        9.1603005122
  2        5.3657823869        7.6662084532        8.6407945062
  1        5.3494124075        7.8649364440        8.1282135775
  1       19.0560841816       13.6800233464       22.1396149075
  2       19.1568035521       13.5307676031       21.6199242962
  1       19.2719325815       13.4000037992       21.0982480238
  1        4.8267905332       15.3358757267       18.9589255605
  2        5.1113813478       15.7522489444       19.1783370731
  1        5.3925367526       16.1720913548       19.3955558287
  1        6.7600770619        4.4199308523        3.6626935966
  2        6.9464226473        4.6263724061        4.1372009281
  1        7.1371730131        4.8177895727        4.6162351286
  1       20.3805024255        6.2349975832        2.9817851438
  2       20.3295468689        6.7252250175        3.2258765076
  1       20.2345611187        7.2057593721        3.4760053551
  1       22.9438592694       12.7423698433       21.7206555755
  2       22.5764796547       12.4951783219       22.0468894953
  1       22.2006349577       12.2681578107       22.3781030975
  1       23.7111301276       12.0924544145        1.6834043032
  2       23.8408022761       11.5663661612        1.7778303784
  1       23.9582298555       11.0381891600        1.8765208943
  1       10.9201448330       17.4496746273       14.4198809057
  2       10.5079377722       17.1709201021       14.1856134224
  1       10.0772599803       16.8860215837       13.9962738525
  1       23.3706348053       22.9442994095       13.3382803326
  2       23.4971034781       23.2089627500       12.8730287974
  1       23.6067573727       23.4532932359       12.3926345467
  1        6.2227786899       13.4164904094       11.7717404188
  2        6.4468867020       13.4518085850       12.2727675891
  1        6.6584931945       13.4653669784       12.7802504571
  1        2.4975115102       10.4124795638       14.3266947822
  2        2.5913206675       10.4377285447       13.7853424654
  1        2.6559424371       10.4648825155       13.2398273989
  1        8.3651199276       22.5610558011        8.4818162509
  2        8.0150660604       22.7915532805        8.1256797573
  1        7.6790533217       23.0427701138        7.7700316995
  1       16.8662663899       11.5500345728        0.3848446084
  2       16.8617261434       11.0211577245        0.5357375027
  1       16.8356412703       10.5022071400        0.7160424366
  1        9.6786670596        8.5937240343       12.4577369060
  2       10.0041558963        8.3368097257       12.0964170267
  1       10.3184584741        8.0891345237       11.7190963634
  1        8.3506569285       17.1594593151       21.2215344897
  2        8.7787777926       17.3778709274       21.4889459580
  1        9.1956046511       17.6341739092       21.7400717243
  1       16.8052141498       19.8128968080       23.6679284604
  2       16.8590708294       19.8225940143       24.2151993461
  1       16.9159252018       19.8396576967       24.7619866997
  1       16.1068536047        8.5358411341        6.6404872970
  2       15.8783901897        8.0952114741        6.8774471475
  1       15.6456377549        7.6716843601        7.1400325369
  1       14.4232908247        7.5568644873       13.7346488115
  2       14.8829966643        7.2568155365       13.7684299931
  1       15.3354430295        6.9457710823       13.8007353039
  1       21.4346912248       11.5120118331        9.5942371551
  2       21.4275284151       11.9090771550        9.2137272022
  1       21.4295002795       12.2966279485        8.8234702443
  1       25.7263801287       24.6533721132        9.9952341972
  2       25.6737703039       25.1789510473       10.1485280011
  1       25.6450872740       25.7067743494       10.3004485217


Molecules in box 2
##############################################################################                                           
Moleculetype  1
Number-of-molecules: 6     
Atomtype         X                  Y                   Z
  1       29.6578733488       12.2431246787       28.3318407730
  2       29.7555521346       12.6931503312       28.0311153719
  1       29.8517169532       13.1460120282       27.7341833762
  1       38.7361521746        1.4992619889       30.1295076971
  2       38.8098800282        0.9832642948       30.3050371341
  1       38.8735045126        0.4666771683       30.4827719498
  1       22.4565941122       18.1687928624       34.0343816163
  2       22.5986984944       17.6561648901       33.8946715360
  1       22.7396843352       17.1400116726       33.7673575628
  1        6.5447014026       39.6864348704       48.6686410752
  2        6.9823674506       40.0153091682       48.6158194261
  1        7.4282758534       40.3351311977       48.5786769327
  1        3.9534267002       15.9884859021       11.4806871758
  2        4.0367249246       15.7420125164       11.9652615003
  1        4.1210311145       15.5002277241       12.4520187083
  1       36.3429067499        0.9474340598       33.8804609108
  2       36.0299298663        1.0302884361       33.4358480200
  1       35.7042595994        1.0908448517       32.9967901688


Number-of-fractionals:  1        
##############################################################################                                           
Fractional-type:      2
Box:                  1
Lambda:               0.793940
Reaction-Step         1 (only used if Type = 3 (RxMC))

Moleculetype  1
Atomtype         X                  Y                   Z
  1        1.1369417239       17.1212893559       27.9518837509
  2        0.6679864215       17.2424903332       27.6913242617
  1        0.2127228383       17.3703632203       27.4104620294

------------------------------------------------------------------------------                                           

