Compiled using GNU Fortran (Ubuntu 9.4.0-1ubuntu1~20.04.2) 9.4.0 with all optimizations
Last Brick update unknown
Compiled at 16:28:53 on Sep  3 2023
Starting at 15:05:01 on Dec 31 2024

Settings
OK                      

Forcefield
OK                      

Topology
OK                      

Configuration
OK                      Starting from random configuration.

 F
Monte Carlo Simulation initialized.

#########################################################################################################################
###########################################   ENERGY STARTING CONFIGURATION   ###########################################
#########################################################################################################################
                                               Box 1               Box 2
-------------------------------------------------------------------------------------------------------------------------
Lennard Jones        
 Intermolecular                          0.1736406861E+008   0.1705457476E+006
 Tailcorrection                         -0.4465362755E+004  -0.6704640302E+002
Total Intermolecular                     0.1735960325E+008   0.1704787012E+006

Electrostatic        
 Real                                   -0.3301939136E+004  -0.8746956847E+003
 Exclusion                               0.1043425830E+008   0.2037985693E+007
 Selfterm                               -0.1044989240E+008  -0.2038978394E+007
 Fourier                                 0.1461101611E+005   0.1035776885E+004
Total Intermolecular                    -0.4325025964E+004  -0.8316204112E+003

Intramolecular       
 Lennard Jones                           0.0000000000E+000   0.0000000000E+000
 Electrostatic                           0.0000000000E+000   0.0000000000E+000
 Bending                                 0.9343375086E+007   0.3104111324E+007
 Torsion                                 0.0000000000E+000   0.0000000000E+000

Total                                    0.2669865331E+008   0.3273758405E+007

#########################################################################################################################

Simulation is running...



#########################################################################################################################
###############################################   RELATIVE ENERGY DRIFTS   ##############################################
#########################################################################################################################
                                               Box 1               Box 2                                                 
-------------------------------------------------------------------------------------------------------------------------

Lennard Jones        
 Intermolecular                          0.1075689058E-014   0.0000000000E+000
 Tailcorrection                          0.0000000000E+000   0.0000000000E+000

Electrostatic        
 Real                                    0.1768682116E-014   0.0000000000E+000
 Exclusion                               0.1371366726E-015   0.0000000000E+000
 Selfterm                                0.0000000000E+000   0.0000000000E+000
 Fourier                                 0.2092049960E-015   0.0000000000E+000

Intramolecular       
 Lennard Jones                           0.0000000000E+000   0.0000000000E+000
 Electrostatic                           0.0000000000E+000   0.0000000000E+000
 Bending                                 0.3574694715E-015   0.1274555226E-013
 Torsion                                 0.0000000000E+000   0.0000000000E+000

Total                                    0.4283647761E-014   0.4197891737E-013

#########################################################################################################################
############################################   TRIAL MOVE ACCEPTANCE RATES   ############################################
#########################################################################################################################
                                               Box 1               Box 2
-------------------------------------------------------------------------------------------------------------------------
Translation
 N2                                           0.50401             0.91808
-------------------------------------------------------------------------------------------------------------------------
Rotation
 N2                                           0.49400             0.99042
-------------------------------------------------------------------------------------------------------------------------
Bond Bending
 N2                      
  Bending 1                                   0.37526             0.37838
-------------------------------------------------------------------------------------------------------------------------
Lambda Move
 N2                                           0.75597             0.98659
-------------------------------------------------------------------------------------------------------------------------
GE Swap Fractional
 N2                                           0.29724             0.32326
-------------------------------------------------------------------------------------------------------------------------
GE Identity Change
 N2                                           0.72085             0.95337
-------------------------------------------------------------------------------------------------------------------------
Volume                                        0.50355             0.50355

#########################################################################################################################
######################################################   AVERAGES   #####################################################
#########################################################################################################################
                                                       Boltzmann                                    Biased
                                               Box 1               Box 2                  Box 1               Box 2      
-------------------------------------------------------------------------------------------------------------------------
Density
 N2                                      0.8028477097E+003   0.4005926907E+001      0.8038024801E+003   0.4006115641E+001
 Total                                   0.8028477097E+003   0.4005926907E+001      0.8038024801E+003   0.4006115641E+001

Number of molecules
 N2                                      0.3888456768E+003   0.1115432321E+002      0.3888428900E+003   0.1115711000E+002
 Total                                   0.3888456768E+003   0.1115432321E+002      0.3888428900E+003   0.1115711000E+002

Mole fractions
 N2                                           1.00000             1.00000                 1.00000             1.00000

Volume                                   0.2253312665E+005   0.1294668733E+006      0.2250625431E+005   0.1294937457E+006

#########################################################################################################################
#######################################   PROPERTIES FROM THE CFC GIBBS ENSEMBLE   ######################################
#########################################################################################################################
                                                       Boltzmann                                    Biased
                                               Box 1               Box 2                  Box 1               Box 2      
Chemical Potentials (as an indication)
=========================================================================================================================

Total N2                                -0.1038547856E+004  -0.1037813550E+004     -0.1038417119E+004  -0.1037808368E+004
 Ideal gas                              -0.4465357022E+003  -0.1029578608E+004     -0.4464049646E+003  -0.1029573426E+004
 Excess                                 -0.5920121543E+003  -0.8234942069E+001     -0.5920121543E+003  -0.8234942069E+001

-------------------------------------------------------------------------------------------------------------------------

#########################################################################################################################
##################################################   AVERAGE ENERGIES   #################################################
#########################################################################################################################
                                                       Boltzmann                                    Biased
                                               Box 1               Box 2                  Box 1               Box 2      
-------------------------------------------------------------------------------------------------------------------------
Lennard Jones        
 Intermolecular                         -0.3262953148E+006  -0.7879879880E+002     -0.3257877014E+006  -0.8229466761E+002
 Tailcorrection                         -0.8973833226E+004  -0.8853018484E+000     -0.8960749304E+004  -0.9286595397E+000
Total Intermolecular                    -0.3352691480E+006  -0.7968410065E+002     -0.3347484507E+006  -0.8322332715E+002

Electrostatic        
 Real                                   -0.5232495504E+004  -0.1233961143E+001     -0.5230702657E+004  -0.1239414403E+001
 Exclusion                               0.1355320610E+008   0.2276246825E+006      0.1354563037E+008   0.2290593945E+006
 Selfterm                               -0.1355566520E+008  -0.2276297501E+006     -0.1354808760E+008  -0.2290645249E+006
 Fourier                                 0.1218487772E+004   0.5228251726E+001      0.1217756792E+004   0.5262039874E+001
Total Intermolecular                    -0.6473107860E+004  -0.1073292799E+001     -0.6470179733E+004  -0.1107805311E+001

Intramolecular       
 Lennard Jones                           0.0000000000E+000   0.0000000000E+000      0.0000000000E+000   0.0000000000E+000
 Electrostatic                           0.0000000000E+000   0.0000000000E+000      0.0000000000E+000   0.0000000000E+000
 Bending                                 0.4301290260E+005   0.1236445454E+004      0.4296167630E+005   0.1279863312E+004
 Torsion                                 0.0000000000E+000   0.0000000000E+000      0.0000000000E+000   0.0000000000E+000

Total                                   -0.2987293533E+006   0.1155688061E+004     -0.2982569541E+006   0.1195532179E+004

#########################################################################################################################

No errors found in bookkeeping.

Total simulation time :  1 days and  18 hours

Simulation finished.

