Simulation state at cycle:    1100000
##############################################################################                                           

Number-of-molecules: 401   

Box-size(s):    28.109310   50.630665

------------------------------------------------------------------------------                                           

Deltas
Translation per molecule type
Box 1    0.6087960565E+000
Box 2    0.2528922900E+002

Rotation per molecule type
Box 1    0.1114044364E+003
Box 2    0.1800000000E+003

Volume    Delta_Volume
Box 1   0.4202003867E+003
Box 2   0.1945372160E+004

------------------------------------------------------------------------------                                           

Molecules in box 1
##############################################################################                                           
Moleculetype  1
Number-of-molecules: 387   
Atomtype         X                  Y                   Z
  1        9.8563425056       15.1543186389        1.9788517297
  2       10.4044708406       15.1793451842        1.9410496095
  1       10.9504922504       15.2272526942        1.8956019521
  1        6.1241404986       18.0290486012       24.1361899243
  2        6.3249422616       17.7456777614       23.7097164560
  1        6.5343751667       17.4908186248       23.2696202418
  1       10.1344559903       16.4906265453       24.7027407604
  2        9.7822808747       16.0729610507       24.7662090407
  1        9.4459580336       15.6434942416       24.8365311949
  1        3.3147441172       20.0376848526        9.1392899621
  2        2.9577793813       20.0608414569        9.5570697474
  1        2.6250120666       20.0761656856        9.9947123885
  1       19.9526659345       22.3500664863       11.3347905867
  2       20.0432918459       22.4578357734       10.8031208350
  1       20.1247923425       22.5518197123       10.2673739850
  1        5.3414885662       17.0671743286        8.3663754288
  2        5.5913714814       17.5043981725        8.1452559160
  1        5.8397920859       17.9591337017        7.9608574324
  1        8.4360466215       10.2916497278       18.2809033241
  2        8.8550188890       10.1460445901       18.6061130763
  1        9.2725838044       10.0116997896       18.9379127373
  1        9.4832488327       22.1824311394       23.2812893076
  2        9.1971404344       22.5411305042       22.9780126185
  1        8.8891296805       22.8830864728       22.6768556993
  1       18.5471411382       16.2031886981        0.1603565237
  2       19.0925060079       16.2078684916        0.0892561827
  1       19.6353211023       16.1786062943        0.0056171003
  1        4.8007581196       14.1883654762       11.9040971589
  2        4.5749098826       14.6141249458       11.6391038612
  1        4.3427535862       15.0385197880       11.3773931985
  1        0.2161514635       25.2345494404       12.0813303846
  2        0.1693456503       24.7263362757       11.8763216163
  1        0.1137288938       24.2172225509       11.6757973270
  1       25.2182819455       17.5440026301       23.7905130778
  2       25.5607728609       17.5061835991       23.3618294022
  1       25.8989724170       17.4352886211       22.9339334320
  1       27.9864364643       21.5319392519       24.6325334397
  2       27.6397517663       21.1921624186       24.3739576795
  1       27.2873453452       20.8617442941       24.1110250337
  1       19.1218934437       12.1122692545       16.0792403002
  2       18.8662849182       12.1541897268       16.5644278471
  1       18.6047914687       12.2033402324       17.0457857209
  1       25.6896848188       15.3219118939       20.6149142503
  2       25.4529424664       15.5828460380       20.1925797489
  1       25.2232134742       15.8382054188       19.7630262880
  1       10.2232048505        8.1238096470        7.9713100494
  2       10.3737034909        7.9040390848        8.4525075756
  1       10.5518209716        7.6917796694        8.9276076731
  1       26.2587883246       18.2658690662       26.9957378018
  2       25.8071027624       18.0088266455       27.1757637633
  1       25.3531892723       17.7647943219       27.3678855151
  1        5.2559700123       19.7305577689        0.5484587713
  2        5.5746758389       19.4379560661        0.8880332692
  1        5.8970242693       19.1397137862        1.2191571598
  1       19.7970738166       16.9081812702        7.0820360246
  2       20.1491438952       17.2828590681        7.2773900813
  1       20.5038942141       17.6517017436        7.4789025897
  1        1.9030316638       26.0992381009       21.8593570628
  2        2.1932005837       26.5568314646       21.9537515089
  1        2.4849578811       27.0178171968       22.0235356982
  1        6.4102938420        1.9764716998        3.3709335190
  2        6.7757305906        1.5971363159        3.2126279622
  1        7.1171733838        1.2174481942        3.0082906229
  1        3.8805754617       11.7162757702       27.4032703069
  2        3.7994038526       12.2577201580       27.3508380192
  1        3.7022505139       12.7976404146       27.3115017215
  1       18.0120505130        3.8692216090        9.3207766397
  2       17.9308419041        4.0983669492        9.8141300373
  1       17.8359633910        4.3498781549       10.2939635294
  1       16.8465848006       23.9297260035        2.6875316774
  2       16.7593082561       23.5021827167        3.0223294412
  1       16.6679122567       23.0864970403        3.3706858517
  1       16.1487475425       23.2197614649       21.8194468297
  2       15.8966655521       22.7317410163       21.7913272311
  1       15.6326241608       22.2492940872       21.7861211547
  1       18.0967318460        6.7512239475        7.0878282457
  2       18.4266316974        6.4550086469        6.7623707467
  1       18.7659891221        6.1711694236        6.4356111522
  1        6.0043383327        1.3976108720       26.2722921559
  2        5.7054207582        1.3853183632       25.8107759829
  1        5.3961967006        1.4063836267       25.3564228869
  1       19.3079573398        1.7402974148       18.5421147263
  2       19.4312699170        1.2197151592       18.4144897938
  1       19.5580122784        0.6960547931       18.3039629019
  1       25.2170367032       12.1314905671        9.7115314866
  2       24.8855871954       12.5080300866        9.4860116116
  1       24.5389051937       12.8918884369        9.2990240300
  1        5.9022581571       25.8608261564       26.3946519101
  2        6.2745663584       25.4940090897       26.5659173264
  1        6.6531214199       25.1326399707       26.7350575766
  1        7.6486616719        2.2929845872       12.0130061222
  2        8.0410207600        2.5415754537       11.7184608335
  1        8.4114925264        2.7771316008       11.3871543729
  1       25.9272067182       26.1954586907        6.4489598497
  2       26.1684921307       26.6629546086        6.6093622078
  1       26.3911150377       27.1351126318        6.7825841504
  1       26.6024187551       18.0484631776       14.5450912927
  2       26.6271030845       17.5841557371       14.2513068740
  1       26.6569097515       17.1187201502       13.9597913925
  1        7.7311230497       25.9680364550       15.3703388180
  2        7.5887436473       25.7363411050       14.8922746271
  1        7.4242976632       25.5039151738       14.4217050745
  1       20.4906858868       23.7199461382        2.3398000101
  2       20.3587041196       23.4522565687        2.8017773986
  1       20.2045379767       23.1994985199        3.2652924126
  1       23.3302043863        6.1338029928       17.9348631628
  2       23.3064359287        5.6041082820       17.7887174348
  1       23.2976269616        5.0779311888       17.6288422719
  1       17.7769038686       26.5179304344       20.0850394046
  2       18.2097242655       26.6295695261       20.4055128314
  1       18.6461891330       26.7402717587       20.7213346706
  1       22.9871052987       25.4157411550       25.2873452493
  2       23.5274944645       25.4954344781       25.3515988382
  1       24.0673827291       25.5789343329       25.4152261516
  1        9.7271327216       20.2391277302       26.1224379124
  2        9.2464888754       20.1267247508       25.8798537758
  1        8.7669725931       20.0298681400       25.6284916248
  1       13.6566367368        8.3435418682       11.9252654256
  2       13.1222486170        8.2533352924       12.0190316834
  1       12.5842652788        8.1677616105       12.0948675045
  1        9.2885301425        6.3319359518       16.2168130659
  2        9.5588473264        6.8071210139       16.1565820378
  1        9.8282799732        7.2825437181       16.0942980097
  1        4.9474262661       27.9631858577       18.3171871757
  2        5.1706879042       27.5844197739       18.6476270260
  1        5.4312373447       27.2267009670       18.9742020453
  1       14.2662547652       11.6721566644       12.3165541115
  2       14.4925943288       12.1175468787       12.0865585486
  1       14.7239353666       12.5675283552       11.8709246134
  1       11.1104490856       10.7259938804        0.1944181462
  2       11.5828450507       10.9744825156        0.0617703031
  1       12.0638361879       11.1951926360       -0.0880114304
  1       23.5105156533       11.8663382738       14.1460427892
  2       23.0006188333       11.9428911803       14.3374713280
  1       22.5070548406       12.0166014703       14.5686884926
  1       13.5684962568        5.6134146282       13.8769853502
  2       13.5577657232        5.5304580252       14.4205872796
  1       13.5864272889        5.4305796497       14.9606824784
  1       24.5565772990        8.9024340807       12.1220431674
  2       24.1758640613        9.2683119934       11.9681250606
  1       23.7778823446        9.6213499843       11.8285731739
  1       16.8722561465        9.0489949490       10.8782245583
  2       16.6786228074        9.5421548174       10.7305781081
  1       16.4936484783       10.0377257318       10.5799329446
  1        9.3029102554       18.2524535539        9.5708735286
  2        9.1629197100       17.9594073631       10.0147502876
  1        9.0570864868       17.6339059094       10.4452710554
  1       23.0774035727        7.9028343460       20.7783646068
  2       22.7790501735        7.9971435316       21.2306820028
  1       22.4527127345        8.0947644778       21.6625083865
  1       23.1254612681       12.7754543673       20.5626046750
  2       23.2463274158       12.9403437892       21.0731953651
  1       23.3976868553       13.0799867875       21.5831857102
  1        8.7862646083       25.4196806389        1.5050931926
  2        8.8657868368       25.4800924401        2.0459505023
  1        8.9579385138       25.5430644416        2.5845065295
  1       27.7542085827       19.4299409332       11.2790832084
  2       27.7088154691       19.1613951523       10.8012520366
  1       27.6646444330       18.8979038027       10.3205013452
  1       16.0746352761        2.1547229910       13.2324894370
  2       15.7304253145        1.7685694715       13.0456607407
  1       15.3677306838        1.3964257580       12.8654895434
  1       11.9523693108       13.0864465526        4.4284803261
  2       12.0609508217       13.6020799333        4.5860629146
  1       12.1428196737       14.1220926320        4.7453873739
  1       24.4876168630       16.0223350821       16.6358832804
  2       24.1558258159       15.7716326813       16.2759346627
  1       23.8150850126       15.5319323300       15.9168532715
  1        5.5704817246       14.0792185401        1.9861064504
  2        5.0583691548       13.9093593345        2.0928236751
  1        4.5440810916       13.7494861338        2.2043958348
  1        5.0369615970        1.2752418018       15.5445142654
  2        5.3088736529        0.8146269561       15.4164603793
  1        5.5419893323        0.3293797577       15.3038005576
  1       11.7359566292       17.4211462195        5.0095151200
  2       11.9802446778       17.8171072167        4.7161923661
  1       12.2038310394       18.2297206056        4.4293834939
  1        7.8910919381       14.9055105347        5.2468781461
  2        8.4052242898       14.9866233539        5.0691462258
  1        8.9237415501       15.0593104715        4.9007525423
  1       22.9516542863        0.6130227778       15.5049962667
  2       23.0623671913        0.4709035750       14.9853379319
  1       23.1937372366        0.3373753198       14.4682188787
  1       11.7582525242        9.5694987215       15.3838808672
  2       12.1835528989        9.2233483931       15.3414598646
  1       12.5968616591        8.8649858628       15.2844321120
  1       23.8387859229       15.1819303714        3.0916136939
  2       23.3251407494       15.0407646769        2.9547163514
  1       22.8119834784       14.9148054765        2.8020602214
  1       25.0779038434        5.6155501649       23.1194944900
  2       25.3184573091        6.0457011410       22.8753548415
  1       25.5631032858        6.4667776078       22.6197321622
  1       22.1731044925       14.6223565692       11.0032128613
  2       22.0704002673       14.3655679325       11.4786194643
  1       21.9467803485       14.1287489694       11.9593843688
  1        9.4826509706       21.4483645735       18.9802932533
  2        9.6415590313       21.3453812050       19.4966677822
  1        9.7871697602       21.2749368035       20.0223436337
  1       16.7894522474       23.3528191626       14.2392737317
  2       16.6055665544       23.8694143021       14.1966648854
  1       16.4014902707       24.3796287156       14.1735538135
  1        4.8827317528       17.1843510276       16.1670306226
  2        5.0077003152       17.7016274613       16.3059836706
  1        5.1438762653       18.2155553141       16.4468178700
  1       16.4039504534        9.2978289386       27.8872750160
  2       16.4829553689        9.3768206482       27.3487413280
  1       16.5966012883        9.4493787910       26.8155247492
  1       16.7491914895       19.3055650315        9.4907532372
  2       16.4964859545       18.8338068492        9.6175764606
  1       16.2821771409       18.3441210355        9.7471123061
  1       26.8181926995        5.4157890963        8.2365684707
  2       27.3388662619        5.4110932888        8.4137039863
  1       27.8644586048        5.3968352521        8.5751022403
  1        9.4122131738        4.4306660622        3.1674267928
  2        9.4351753633        4.3962992059        3.7158715549
  1        9.4364515072        4.3612079528        4.2647494779
  1        3.2326218885       16.1687719172        0.3713168919
  2        3.0182483785       16.6729347632        0.3226977293
  1        2.8172461130       17.1816255460        0.2649761937
  1       26.8111456300       17.4136413219        5.0700690431
  2       26.5214010339       17.6284893347        4.6548722217
  1       26.2377953530       17.8319034173        4.2297951373
  1       25.8160375506       25.1243188688       19.1127687138
  2       26.2785296289       24.9366754717       19.3438337113
  1       26.7183202316       24.7369118188       19.6068521665
  1       12.2687058260        2.9865543262       27.6305723104
  2       12.5603028245        3.4331051440       27.7649730456
  1       12.8304455168        3.8921203860       27.9021879587
  1       27.1612761631       18.5711252791       17.5935853301
  2       27.2541110678       18.7703929087       18.0977421432
  1       27.3862572217       18.9379681216       18.6046503608
  1       23.8376738584        0.5668571850        8.6619288696
  2       24.0097087341        0.9983772540        8.9563680511
  1       24.2132294792        1.4265670463        9.2351740896
  1        5.0844941521       25.2274050596        7.9389837885
  2        4.7039308526       25.6072439975        8.0547160498
  1        4.3302362962       25.9919444471        8.1766092065
  1       21.2147125787       13.3004333372        8.1172933261
  2       21.4676013029       13.7739547767        7.9976073224
  1       21.7102919314       14.2585510504        7.9039712748
  1        3.2174584914        2.3608453768       12.4418302963
  2        2.7750503169        2.5351783923       12.7182050543
  1        2.3382998380        2.7074385910       13.0046931730
  1       23.0555426557       26.9089134851       22.2589846602
  2       23.3136456216       27.3762887508       22.3910574433
  1       23.5381422127       27.8448016488       22.5716036810
  1       18.9686574485       24.3921629467        6.6741489998
  2       18.6839150265       24.7667253109        6.9589731358
  1       18.4074332622       25.1413850258        7.2516981451
  1       22.3341575228       27.3024180824        1.0888662196
  2       22.4828335674       27.5710572554        0.6325456869
  1       22.6190238462       27.8626882439        0.1865596182
  1        0.3378980819       22.0735233047       20.9257038804
  2        0.5072351655       22.4842405823       21.2499511163
  1        0.6448026622       22.8823875161       21.6035811517
  1       27.4389222774        8.1959374664       10.3491117934
  2       27.6543949583        7.8971612136       10.7575285837
  1       27.8645285762        7.6146422976       11.1800530488
  1        3.6069675227        1.9832623047       22.5642362719
  2        3.9828460551        2.3238537360       22.3516032410
  1        4.3591605344        2.6762954086       22.1601031651
  1        3.0894399338       20.1983788214       18.8281766102
  2        2.8485989319       19.9420538284       18.4053372675
  1        2.6242449926       19.6723512909       17.9817503813
  1        0.5597715331       17.3690668945        7.5920476743
  2        0.8289430277       17.8166149180        7.4195731165
  1        1.1092371143       18.2555693089        7.2427843534
  1        3.6787724262       23.9859960150       17.6764601343
  2        3.3481108331       23.7671306436       18.0575911617
  1        2.9964171086       23.5736862091       18.4336108074
  1       11.3255263464       12.5971552889       24.8045680828
  2       11.6865994017       12.1948236824       24.7032985062
  1       12.0529604991       11.8055994153       24.5737453696
  1        2.6234277962        6.4326957091        4.2295188179
  2        2.9349115072        6.8476638539        4.4119450677
  1        3.2199276597        7.2803353227        4.5965018118
  1       24.1285531360       23.0675863065       11.2702400007
  2       24.0052468222       22.8047718125       11.7373846194
  1       23.8973103233       22.5582841897       12.2170653080
  1        5.2147348904       13.6358464248        6.8575802463
  2        5.3111502912       13.5590261151        7.3935865060
  1        5.4042787811       13.4829866379        7.9302848210
  1       12.1426382367        2.6308813854       14.1698276869
  2       11.9512152797        2.4963617652       13.6720709961
  1       11.7916749400        2.3507026722       13.1662742902
  1       11.9324714288       27.3147778753       17.6466282121
  2       11.7632585420       27.7542127640       17.9308182498
  1       11.5787074618       28.2139066009       18.1698213337
  1       10.6082192851       14.6978169758       21.2084756748
  2       10.7468663559       15.2152533378       21.3331215771
  1       10.9210480760       15.7234275698       21.4511032594
  1       23.3705628992       20.2397377911        6.7035430443
  2       23.8568887373       19.9829826717        6.7115422879
  1       24.3459137872       19.7314693230        6.7017680918
  1       11.7790547807       18.0955885774        0.6606212461
  2       11.6701951940       18.0630365519        0.1224856163
  1       11.5548664601       18.0321718406       -0.4144004533
  1       12.9473468499        0.8836353689        9.1325679041
  2       12.5511308733        0.8748004306        9.5139271098
  1       12.1618940450        0.8496975984        9.9016957757
  1       10.6489096255       23.3936390673       16.7914877003
  2       10.8148530021       23.6914158917       16.3598724102
  1       10.9718006495       23.9704471356       15.9126487526
  1        0.3716088305       11.9400603213       25.6307868061
  2        0.2971420109       11.9267067355       25.0860149506
  1        0.2300436652       11.9181372458       24.5401904597
  1       25.6213768585        8.5542441874        5.3226014799
  2       25.6815620547        8.9899989069        5.6527462461
  1       25.7450398978        9.4237883314        5.9848566156
  1       22.3590738730       26.8134570980       19.1279093952
  2       22.6610378879       26.7967085657       18.6685215195
  1       22.9823819543       26.8087533698       18.2223232310
  1       14.9904124829       28.1946472783       21.4102141855
  2       14.6098477266       27.9421648097       21.1037454770
  1       14.2362000438       27.7027014167       20.7788690520
  1       24.7406713648       16.0982617414        7.1357194662
  2       24.3749559954       16.2482319685        6.7532783603
  1       24.0112369365       16.3943934555        6.3674736624
  1       10.0273370643       18.1586472426       19.0655482444
  2        9.7221190247       17.7788210047       18.8104522287
  1        9.4263117737       17.3928781435       18.5534577206
  1       14.8905674371       22.4766840098       28.1389395067
  2       14.6866042542       22.8168711043       27.7579253852
  1       14.4915217292       23.1610640769       27.3758599392
  1       13.2122530793        5.0134639832       24.3508176936
  2       12.6720224206        4.9744192245       24.4463495842
  1       12.1306160566        4.9341546596       24.5344285988
  1       15.4180335088       12.1474319769        3.7517856363
  2       15.7440988374       11.9182870718        3.3727420848
  1       16.0851429489       11.6951323865        3.0034306994
  1       19.2391554853       20.9181475750        5.9602138913
  2       19.5380954521       20.7715690989        5.5224358122
  1       19.8538454699       20.6527139105        5.0880680309
  1        3.3410021259       24.1863481428       25.1293473980
  2        3.0005492524       24.0754781545       24.7118552584
  1        2.6726670969       23.9830980628       24.2800460300
  1       21.0836418723        2.3592759301        3.9672892223
  2       20.9021102719        1.9425551344        4.2769504186
  1       20.7250171295        1.5141428862        4.5729250180
  1        8.4895312596       20.5954284646       14.9402982649
  2        8.0248629289       20.3019637406       14.9617877570
  1        7.5652148284       20.0032838677       15.0066648797
  1       23.0006146530       15.0632966285       25.4829644268
  2       22.6900685706       15.4961714649       25.6196410768
  1       22.3824750779       15.9309050775       25.7570926259
  1       17.3240743258       18.0225434660        4.4188748662
  2       17.1688447406       18.5479214949        4.4676775578
  1       16.9910013670       19.0661368389        4.5158915670
  1       16.5115400967        3.3422758087       17.2016109382
  2       16.3771667204        3.5482875786       17.6935488879
  1       16.2298181598        3.7629782689       18.1780035382
  1        9.6611503942       20.8988733649        1.0212449314
  2        9.1456682688       21.0906489417        1.0206912750
  1        8.6328260481       21.2891737500        1.0117048369
  1       22.4062775052       18.4875463077       27.9724759230
  2       22.2382301119       18.7229251111       27.5046544908
  1       22.0553793579       18.9477950810       27.0372156206
  1        5.5289317739        4.3399446129       18.1492686045
  2        5.5167876397        3.7923003554       18.1986476205
  1        5.4781819118        3.2441551920       18.2220244578
  1       20.1300887485       10.2534908416        2.8306920749
  2       19.9365779368       10.6335033580        3.1780306030
  1       19.7015858882       11.0122903294        3.5002093832
  1       13.5591017129        6.8493941390        1.4580715400
  2       13.1146722198        7.1689450211        1.4045023376
  1       12.6716456247        7.4872107980        1.3342575495
  1       13.5090737282       25.9054051387       14.8964316781
  2       13.4392089635       26.3715142448       14.6129511393
  1       13.3831271403       26.8475690623       14.3432723696
  1       21.9469458562       17.3237099695       21.9742137268
  2       21.6650436458       17.6544214899       21.6370772055
  1       21.3886369146       17.9935425980       21.3037662516
  1       24.5569274098       22.5281112806       26.8627513002
  2       24.6142328133       21.9923184590       26.7525599072
  1       24.6609862064       21.4549121611       26.6452818099
  1        2.3782591629       20.4367923972       26.9108586330
  2        2.2603662495       20.7954808697       27.3107884277
  1        2.1041723863       21.1421210303       27.7082102126
  1       12.8874548488       19.9646465210       19.3950026827
  2       12.9305840085       20.2537131532       19.8609215144
  1       12.9485243333       20.5738714068       20.3077736559
  1       17.6660466514       23.2475746049       17.8963072424
  2       17.9830761717       23.2080871622       18.3440047129
  1       18.3147769099       23.1583570991       18.7798963739
  1        6.1992747671        3.8932362031        6.5115261030
  2        5.9453025945        4.1176912908        6.0783771111
  1        5.7223939491        4.3450793080        5.6299282016
  1       10.6075869059        0.8463656774        5.3778950664
  2       10.1214653101        0.8905966424        5.1244598364
  1        9.6440137554        0.9378589834        4.8555615600
  1       14.1351172139       15.5181650869       10.7581672684
  2       13.8804060266       15.1546416491       10.4334013201
  1       13.6274373540       14.7710009376       10.1311983185
  1        1.9111162594       26.9458112007        5.8373422743
  2        2.1384595592       27.1864858300        5.3981489833
  1        2.3632686025       27.4040772127        4.9458052166
  1       11.4562284412       13.9651282569       13.3458332862
  2       11.6533106507       13.5130203049       13.5892608985
  1       11.8402960464       13.0582110310       13.8356041248
  1       21.3952696739       24.3582232452       21.2019789871
  2       21.0128621369       24.3095688750       21.5942763588
  1       20.6317325320       24.2594820672       21.9876356538
  1        9.3662885823        1.9843260013       16.3305769051
  2        9.0088736949        1.5976155518       16.4893523015
  1        8.6621112647        1.2190486359       16.6866918720
  1        4.1287480558       22.3083585550       14.8268551895
  2        4.3195144908       21.7972653722       14.8967974928
  1        4.4978123546       21.2794006493       14.9470568158
  1        2.0426551887        5.3354559396       23.5342493860
  2        1.7711411245        5.0138625453       23.8883084230
  1        1.5005607389        4.6810174235       24.2325472628
  1       19.1234435785        5.9560958787       17.4815316486
  2       19.5853992236        6.0182652006       17.1895865213
  1       20.0523286686        6.0885360831       16.9075601121
  1       12.1507683662       18.6759330819       12.1517323665
  2       11.7486938343       18.7855970317       12.5106333124
  1       11.3504363077       18.8572985324       12.8831247032
  1       10.6425988400       21.2296182520        9.3920030089
  2       10.2575051117       21.4174820213        9.0471696802
  1        9.8846476869       21.5876657370        8.6804070285
  1       11.7138378731        4.6429795873        7.4368613437
  2       11.3095892019        4.3972163819        7.7173670634
  1       10.9155715610        4.1512500850        8.0119017445
  1        2.3099249503       19.6038965670       22.9701593327
  2        2.7005936796       19.3346579361       23.2483472253
  1        3.0865359731       19.0787849233       23.5451258404
  1        2.8594385011       11.6786240297        4.2299109454
  2        2.5675992882       11.2124705874        4.2354645055
  1        2.2857323938       10.7406548859        4.2144645850
  1       21.0141359955       16.4409189985       14.3235180943
  2       20.7793814050       16.6365946307       14.7807940823
  1       20.5608736531       16.8241755881       15.2493746471
  1        2.5911809465       10.0625855356       10.9395489317
  2        2.6841163657       10.4934387431       10.6105678966
  1        2.7919497383       10.9254376429       10.2876918936
  1       13.5126377104       20.4777200787        2.7885810943
  2       13.2639972204       20.9573207879        2.6853286540
  1       12.9902321454       21.4258103229        2.5954941492
  1        3.0461104352       13.3101221637       14.8941782794
  2        2.7770866606       12.9617801891       14.5643539664
  1        2.4891455773       12.6187527816       14.2451015127
  1       18.4798735548       26.4951026000       10.9169484660
  2       18.3486457451       26.0387084405       11.1944077119
  1       18.1968769079       25.5835549869       11.4632971924
  1        8.9655362358       13.2145747368       26.7615828366
  2        8.4600020502       13.2179786654       26.9782013963
  1        7.9567914742       13.2250010634       27.2000792931
  1       21.7268964227        4.0314187940        7.5826527049
  2       21.4179674446        4.4413593139        7.7801663923
  1       21.1106772172        4.8496407024        7.9835847370
  1        1.9280527556       19.1830224862       13.9095203406
  2        2.2362427674       18.8787812476       13.5704684487
  1        2.5358439453       18.5345334600       13.2634951698
  1        4.0128191457        5.6076849633        8.0713727330
  2        3.5260597795        5.8323557828        7.9485381193
  1        3.0546045486        6.0658870843        7.7882474600
  1       25.5465963442        7.9243290087       15.2420692612
  2       25.3445139532        8.4321746736       15.3033512971
  1       25.1205709674        8.9270862786       15.3894445099
  1       28.0198308485       25.3256083521       26.2953955435
  2       27.7708472181       24.8441494113       26.3886931326
  1       27.5057475644       24.3726486602       26.4882381692
  1        6.3973537347        4.8177495975       14.3081211902
  2        5.9062901244        4.8942406755       14.0725248286
  1        5.4183627258        4.9617655855       13.8278470012
  1       14.6084305264       26.3535169748       10.7144210166
  2       14.4592154251       25.9062727954       10.9976302990
  1       14.2917494644       25.4543887695       11.2626887418
  1       16.7639179785       12.1165855156       23.2140775566
  2       16.7822695262       11.7159796509       22.8376759600
  1       16.7974417193       11.3131622947       22.4634995564
  1       18.7108324860       20.4945940969       21.6460352297
  2       19.0171221696       20.9220859597       21.4849845018
  1       19.2961208532       21.3711705804       21.3333839182
  1        2.7325052059        5.7703191423       15.5737515945
  2        2.9810414256        6.0033596961       16.0055175586
  1        3.2002692339        6.2409527358       16.4504767865
  1        3.3852639409       15.5053563257       24.8464406825
  2        3.5102496880       15.4010544287       24.3210839681
  1        3.6167825548       15.3351691903       23.7855376278
  1       11.0685829994       23.5028170600       26.5084051711
  2       10.5490194025       23.6785287431       26.5493816665
  1       10.0283426828       23.8536643798       26.5762751851
  1       11.3670935481       25.5924352726        8.5549668981
  2       11.3949314570       25.4411590145        9.0830204413
  1       11.3954072804       25.2857611005        9.6106104914
  1       20.6771310798       17.6867759963        2.9521481646
  2       21.0398920851       17.7892761940        3.3526455585
  1       21.4028079547       17.8745744164        3.7570170262
  1        7.1916351377       15.1778477535       20.8642952902
  2        6.9989594267       14.9128274063       21.3060421476
  1        6.7777369237       14.6627976713       21.7431299360
  1        5.7911284245       27.6068348504       22.7672638651
  2        5.9299074511       27.0777851910       22.8251157418
  1        6.0609798011       26.5539400076       22.9295487917
  1       15.8395259901        3.1102000921        5.7040725867
  2       15.8594526431        3.5236595353        5.3419203848
  1       15.8940031372        3.9160870632        4.9581145775
  1       15.5755882425       19.0066186342       22.5399350052
  2       15.1217245495       18.7642250428       22.3456334484
  1       14.6702159416       18.5027841502       22.1715971426
  1       22.9897043138       11.3612499044       26.7548238969
  2       23.1972809999       10.9882230264       26.4080345261
  1       23.4046998592       10.6117511321       26.0648926770
  1       15.9636868441       27.5693748822       17.0839337995
  2       16.4496832269       27.5584784528       16.8266619905
  1       16.9391990861       27.5545435852       16.5759455381
  1        6.1812870604       22.1275229963        6.5164226094
  2        6.4458390206       22.3021414057        6.9658897066
  1        6.7170494216       22.4678256411        7.4147701490
  1        4.1294051590       23.5087696552       11.6559231223
  2        4.1733046182       23.2151186916       11.1929523359
  1        4.2022118064       22.9266474647       10.7255673504
  1       22.7303559394       26.7932501911        5.4032883675
  2       22.2874803047       26.4761820967        5.4796362272
  1       21.8580300960       26.1402660990        5.5519754261
  1       11.9762029916        7.6344872857       21.7691224471
  2       11.5587621190        7.7483811657       21.4296061705
  1       11.1389931889        7.8418984523       21.0867526138
  1       16.8940889346       26.6364513804       24.4920516141
  2       16.5728844609       26.2718565460       24.7497302761
  1       16.2510336118       25.9033924485       25.0010194297
  1       17.6158215356       14.1270245052       13.4537358373
  2       18.1421273824       14.1406097158       13.2946207919
  1       18.6683340859       14.1740340142       13.1381301519
  1       15.5647755021        8.0375780398       22.2744931847
  2       15.4339687946        7.8958216162       22.7895608712
  1       15.2768280820        7.7109532884       23.2831502722
  1        1.5079962360       16.5831213390       16.7666499019
  2        1.4176862145       16.0495170114       16.8646831695
  1        1.3332747218       15.5145457553       16.9604978555
  1       16.6056482956       13.3118079401       19.2659161880
  2       16.1233220406       13.0824418134       19.1345671731
  1       15.6368697341       12.8676494110       18.9941094345
  1       23.8618662710        2.0915437095       20.6432777729
  2       23.9205690737        2.6089505006       20.8203206872
  1       24.0051149116        3.1234397528       20.9954001251
  1       15.6977586808       21.4201217919       11.6790990824
  2       15.1878452542       21.2748625424       11.5328525514
  1       14.6707263319       21.1617000578       11.3835800781
  1       20.6713551633        1.3291280709       21.8773147349
  2       20.1361575670        1.3852680768       21.9909449803
  1       19.5977213209        1.4008200220       22.1020509876
  1       27.2511304019       22.1986967313        2.3981705471
  2       27.4723622922       22.4122443576        1.9421509619
  1       27.6701425505       22.6237465204        1.4745509154
  1       21.4262961793        1.4687746701       11.2476167973
  2       21.0226374838        1.8086679880       11.0925936053
  1       20.6032806280        2.1315702782       10.9430144042
  1        5.5301079655       22.9660729298        1.7857207277
  2        5.8321703788       22.7881806721        2.2095280460
  1        6.1252844822       22.6198913533        2.6434206900
  1        1.5457122723        6.0866737428       27.6648998190
  2        1.8403811437        6.3019757296       28.0763792360
  1        2.0992899610        6.5594571107       28.4876815114
  1       17.9306900798       14.6257724963       10.0853022649
  2       18.0130168118       14.8403029767        9.5856033733
  1       18.0682325148       15.0593458095        9.0841340697
  1        2.0730527226       14.7206894670        8.1698681091
  2        1.9531251903       14.1846895480        8.1985294736
  1        1.8502146863       13.6446160926        8.2136981919
  1       23.7038941920       21.4571805642        1.8587921005
  2       23.2553479955       21.1610310283        1.9754186927
  1       22.8110438045       20.8634325920        2.1039836782
  1       13.3878918212       25.7182833029       23.5227249233
  2       13.0716747189       25.7490654309       23.9716783783
  1       12.7435981244       25.7556781430       24.4130648520
  1        7.8612949195        8.3380331132       24.6939137394
  2        8.1250068308        7.9524087076       24.4036554999
  1        8.4053640396        7.5897810771       24.0996801126
  1       26.6087047657       25.9623581972       22.9535622817
  2       26.7645808005       26.4576035944       22.7720831965
  1       26.8852666713       26.9616937645       22.5881592449
  1       26.7979836115       15.3837767077        9.6159197036
  2       26.8077792844       15.6577992302       10.0926960683
  1       26.8175732637       15.9334134268       10.5685541266
  1       17.9183148111        4.5964588175       25.0589023614
  2       17.9605326502        5.1029129133       24.8486123165
  1       17.9758101290        5.6147448510       24.6478770055
  1       20.5351411940        7.4289137268       11.5057728591
  2       20.7085785758        6.9524459595       11.2927049327
  1       20.8838593477        6.4716286050       11.0912320522
  1       27.4696676923       11.9686180312       12.2977454545
  2       27.1786829752       12.4263976969       12.3886611962
  1       26.8846801586       12.8854050621       12.4619727336
  1       22.3499740537       22.3638146267       17.9787201802
  2       21.9542457810       22.7117255518       17.8210587632
  1       21.5360909303       23.0423494057       17.6856542323
  1       18.5101406229       25.7822458092       28.0861931848
  2       18.2617545158       25.3087812823       27.9572137930
  1       17.9888557402       24.8485373509       27.8299275765
  1       24.0409342400       20.0567887404       20.9689076308
  2       24.2842776735       19.6113666470       20.7570512360
  1       24.5157684241       19.1595392477       20.5454761129
  1        7.9433779117       24.0485650744       10.7536731498
  2        7.7268177013       23.5431858836       10.7675853342
  1        7.5096288454       23.0382457344       10.7866757911
  1       23.6856825106        8.5401367628        8.7868150756
  2       23.6626114062        7.9937217715        8.8451107136
  1       23.6015312425        7.4495850427        8.8969222274
  1        0.2881230699       15.5416434287       26.3992890378
  2        0.0398313085       15.6010056960       25.9121265162
  1       -0.2354468167       15.6661737583       25.4404538793
  1        2.9759582026       26.1935003188       13.9518648162
  2        2.8140268441       26.6514408247       13.6938556532
  1        2.6350894233       27.1110522637       13.4504655884
  1        9.1477822823        3.5492522258       23.3008090412
  2        8.6632200733        3.7561340893       23.4586043521
  1        8.1733101451        3.9520287681       23.6138896896
  1       21.3436372067       14.7790024545       18.0262298006
  2       21.3851928620       14.9922372737       18.5315060017
  1       21.4346422205       15.1991768951       19.0386852136
  1       11.4640156812       10.9455645585       10.0432754027
  2       11.3238230311       11.3969569682       10.3245064701
  1       11.1667634625       11.8459160471       10.6006731523
  1       24.2375573189       24.2593132245        3.9262993078
  2       24.7227377853       24.2488283989        3.6674750750
  1       25.2131918727       24.2600451760        3.4188207546
  1        5.8208447379        8.9894669209       20.3050766694
  2        6.0504348698        8.6090734308       19.9809020806
  1        6.2977787997        8.2637384895       19.6315244087
  1       12.3560060493       24.1324814689        4.7781865582
  2       12.2886185229       24.4699820031        4.3491733758
  1       12.2226028420       24.8129911975        3.9243362053
  1       23.8149465187       11.9483236417        2.3068831008
  2       24.2668178357       11.6499186654        2.4031472322
  1       24.7230659355       11.3531436149        2.4822815476
  1       27.5267287361       14.8415407279        3.0351569873
  2       27.5357041707       14.9127233419        2.4898566324
  1       27.5393160348       15.0075413352        1.9481034584
  1       13.3123460728       12.6703414438        7.2934534231
  2       13.7036556002       12.4744914350        7.6266495033
  1       14.1034160450       12.2606470492        7.9380369860
  1       22.1142961592        9.9859044211       17.7462424914
  2       22.5667439687       10.2805189293       17.6413936897
  1       23.0167141985       10.5816229083       17.5446301367
  1       20.6859520779       10.6438634510       10.4512481190
  2       20.5400600180       10.5460769510        9.9300444091
  1       20.4112874126       10.4827196636        9.3990985839
  1        1.7371207556       28.1507997020       25.8415702439
  2        2.1586942322       27.8196332953       25.9644710773
  1        2.5872122196       27.4988973255       26.0909652319
  1        1.1527780696       15.0627591790       11.8542377785
  2        1.1833261274       15.3682407215       12.3105795839
  1        1.2469084046       15.6463914863       12.7807810780
  1        0.3071789048        9.1234210342       14.1565114269
  2        0.5535642755        8.8748503677       14.5807835953
  1        0.7975722749        8.6550474538       15.0219715079
  1       13.8987431820       16.0800979561       19.3033577265
  2       13.4426472756       16.0155504059       19.0028412745
  1       12.9868744691       15.9313929235       18.7067185533
  1        5.5678032596       11.9701525676       24.3362797812
  2        5.5568683462       11.4236921317       24.2749493677
  1        5.5472889984       10.8774262979       24.2116890013
  1        6.3500597752        4.6380148992       26.4000506642
  2        5.9640638446        4.8249143249       26.0557023721
  1        5.6003535351        5.0217696057       25.6931243693
  1       19.6753266304       18.8717578438       24.4037192723
  2       19.7808322596       18.3850023686       24.6370380878
  1       19.8757478255       17.9058091262       24.8897530869
  1       11.9708189485       24.8885819753       20.4428167802
  2       12.1342352012       24.3688158809       20.5179056309
  1       12.3085448254       23.8555986113       20.6113089933
  1        5.8961819321       21.3053666065       24.9214616484
  2        5.5812808129       21.4584452459       24.4973104781
  1        5.2609151114       21.6104062677       24.0768658751
  1        4.5019341344        9.4331887481        7.4358840198
  2        4.5787708048        9.8440330319        7.0783884247
  1        4.6430025624       10.2495279906        6.7123991915
  1       15.8503258161       18.6708317053       13.5386695404
  2       16.0031571884       18.2064561651       13.7906574951
  1       16.1816070393       17.7627356194       14.0622596434
  1        8.9247517699       28.3965754080        8.7060960556
  2        8.8783383738       28.0623889090        9.1404521084
  1        8.8599783039       27.7373364694        9.5837396204
  1       14.3628886151        6.3906622605       19.3888780880
  2       14.7071031695        6.8110299459       19.3033950508
  1       15.0622130547        7.2200261799       19.2079013388
  1       15.0324367572       25.8076609479        6.3778987837
  2       14.9701262924       25.4992466871        6.8290063648
  1       14.9037750491       25.1852479196        7.2756631519
  1        5.5940958156       18.4698420249       12.0355780744
  2        5.7606673097       18.9852487366       11.9401324936
  1        5.9568173335       19.4924566702       11.8578811762
  1        2.3354931834        2.5312190711        3.6020361443
  2        2.8801824340        2.5153080016        3.5274676647
  1        3.4257674263        2.5025475317        3.4590996489
  1        2.3987613837        5.9664896646       20.4096302776
  2        2.0554242969        5.8467865322       19.9969672130
  1        1.7181116600        5.7233860336       19.5804429028
  1       16.7324069779        0.6606818573        8.8745467899
  2       16.3244486367        0.4778275831        8.5541808957
  1       15.9326965234        0.2881791407        8.2179313618
  1       16.3268457021       22.0358172162       24.9896029768
  2       16.8058921866       21.7670455048       24.9617420219
  1       17.2979125670       21.5280953848       24.9041331298
  1       -0.0857063317       10.9977266113       19.8271815715
  2        0.1078357930       11.5102277677       19.7783552406
  1        0.3090420581       12.0202156346       19.7344415359
  1       26.1142793512        8.2254638673       18.9607597180
  2       26.3635505084        8.0049177600       19.3986219164
  1       26.6412921783        7.7901559148       19.8219857240
  1       15.2131002890        1.6890051186       25.5527872134
  2       14.7914280649        1.3543488682       25.6654714165
  1       14.4169570328        0.9758442445       25.8033325602
  1       24.2647465482        4.8669361419       14.4161772127
  2       24.1668128944        4.3304383442       14.3449093203
  1       24.0628098016        3.7926674321       14.2950515046
  1       15.6019851265       22.0319087736        6.7802159122
  2       15.0693902541       22.1090490020        6.6666725853
  1       14.5389802705       22.1967143729        6.5505690497
  1        5.1543582384       23.0738601480       21.1365294046
  2        5.5429458566       23.2910674210       20.8135423096
  1        5.9258200926       23.4846715410       20.4694133176
  1        2.9017701660       23.6852684728        5.3660240563
  2        3.0393567999       23.3490336400        4.9530881589
  1        3.1567569476       23.0204320452        4.5279550078
  1       11.8664279001        3.1808212395       21.0225426946
  2       11.4732481381        3.2601963573       20.6462326290
  1       11.0705487351        3.3383775154       20.2798709276
  1       12.2820761822        9.9063548456        4.0892955305
  2       11.8689595840        9.6927661968        4.3829186996
  1       11.4521763746        9.4879807299        4.6776298597
  1        3.5617664418       12.5671811561       21.0998643265
  2        3.2184981736       12.4837274603       21.5214119236
  1        2.8626309666       12.4023435706       21.9327939754
  1       14.6621584360       14.5544352627       22.2430763814
  2       14.3855918774       14.4059407119       22.6946960300
  1       14.1268894640       14.2314460666       23.1476029510
  1        6.6898604732       10.2052160632       27.7923777137
  2        7.2273042681       10.1381512537       27.6966882232
  1        7.7664920633       10.0763115306       27.6075121661
  1       25.9757371700        5.3250988662       27.3079370393
  2       26.1983050782        5.3827232764       26.8082942132
  1       26.4096943247        5.4616688479       26.3067145265
  1        7.1629864565        9.9990877458        9.1911786148
  2        7.0118980501       10.1216658011        9.7056170600
  1        6.8649780015       10.2149338364       10.2273598816
  1        2.0290006460        2.7006477287        8.3442664834
  2        1.8373146686        2.8180698314        8.8462311594
  1        1.6313063709        2.9120163018        9.3474642797
  1        3.7910133976       16.7904856894       20.8687077309
  2        3.8100309505       16.4683648039       20.4233129982
  1        3.8595456495       16.1532784536       19.9752405874
  1       12.5975482631        3.1371522491        4.3218505223
  2       12.6178671360        3.2214078666        3.7787224211
  1       12.6647490232        3.3130156689        3.2384353695
  1       20.3646460771        4.2166589957       14.0487764928
  2       20.7794453134        3.8683093329       13.9534134706
  1       21.1881667360        3.5156900749       13.8480262957
  1       19.5333107474        9.5629885711       24.3905489109
  2       19.9054523812        9.9530363267       24.4995138262
  1       20.2915172308       10.3266981644       24.6171180863
  1        1.4102527231        1.1302552822       15.7990916467
  2        1.1453588990        0.7362876524       16.0767979100
  1        0.8972596644        0.3528051391       16.3832092850
  1        2.4891556639       15.7649398190        4.1480138069
  2        2.7318207553       15.4397392083        4.5193064356
  1        2.9712830262       15.1277473397        4.9037786632
  1       12.8526091636       16.1305867272       15.4315567986
  2       12.9392421422       16.6676539677       15.3506030696
  1       13.0189618478       17.2060788688       15.2715879232
  1        6.5782124787       16.5260915335       27.0743244028
  2        7.0775705371       16.7390321591       27.1626296662
  1        7.5787552331       16.9480530182       27.2499462164
  1       15.1463494443       15.8808613727        6.7038171973
  2       15.0532898330       16.2961189958        6.3553907126
  1       14.9432256050       16.7180726605        6.0202176685
  1        5.9459467832       27.1784057320        5.4724170971
  2        6.1908436922       27.5722316062        5.7680971348
  1        6.4290346209       27.9746029561        6.0576871507
  1       12.5020807481       14.5988829700       26.7811262848
  2       12.8574961019       14.9829971814       26.6119039491
  1       13.1915992682       15.3819795597       26.4338923341
  1       18.5445807726       15.9012384315       21.2462007191
  2       18.4900420019       16.4028371561       21.0272846577
  1       18.4156198309       16.8901477961       20.7833795950
  1       11.6001419877       22.6735727370       12.9041845573
  2       11.1821907099       22.9465196907       12.6732804866
  1       10.7749762590       23.2395425903       12.4478609438
  1       16.4587117349       20.2101331267       17.2224653238
  2       16.1312101554       20.3023968990       17.6545881209
  1       15.8127982285       20.4218896327       18.0868326470
  1        3.7586142641        9.3786479179       17.5889772649
  2        3.4616699880        9.6229406721       17.9822267368
  1        3.1774316647        9.8853041824       18.3732177380
  1       21.4804796276        3.8020514760        0.4295290304
  2       21.7010665515        3.4159612597        0.1058381996
  1       21.9152212068        3.0285701819       -0.2206061837
  1       19.6318927729        7.3132726947        0.1843474367
  2       19.9756425764        7.7225188842        0.0545259092
  1       20.3009097680        8.1472356907       -0.0732116627
  1       12.0478348719        8.4561640128       25.6646160127
  2       12.4835807504        8.3113499716       25.9673608274
  1       12.8869794796        8.1528566951       26.3059599201
  1       -0.3720807290       21.2586278306        5.4941290121
  2        0.0788275766       21.1819063950        5.7995721677
  1        0.5485414961       21.1250521612        6.0799940444
  1        6.4386421212        8.0136109814       16.1630065938
  2        6.5594339377        8.4868570634       15.9101281982
  1        6.6924147544        8.9823730356       15.7119363146
  1       14.0889423482       21.3428162265       14.9880715532
  2       13.7723330186       21.2152051208       15.4193185104
  1       13.4709554216       21.0789431624       15.8587547648
  1        7.2008805214        6.3098521663        9.0686584775
  2        7.0938479647        5.9153123421        9.4366018955
  1        6.9751175233        5.5142857992        9.7937864320
  1        8.6405944107       11.5047437648       21.7815255600
  2        8.7232075966       11.6607850352       22.3024153598
  1        8.8143132398       11.8048322669       22.8253399775
  1       27.2011637273       11.7420586818       16.6772464371
  2       27.1360190832       12.2753210846       16.5594016869
  1       27.0714816501       12.8099109843       16.4473813414
  1       21.3831528665        6.1525220628       24.4002973645
  2       21.5464959307        5.9495857434       24.8846896576
  1       21.6965913404        5.7413048506       25.3710952874
  1       10.0651662044       18.7341731218       22.5014082315
  2       10.5530446896       18.9760115271       22.5787953712
  1       11.0447932791       19.2119991737       22.6494576271
  1       19.3690076767       19.3227807963       18.3790939917
  2       19.5600571086       18.8078921234       18.3492649935
  1       19.7764031580       18.3022990645       18.3408957255
  1        5.2215643366       27.0227258820       11.3935410575
  2        5.7414789973       27.0716166911       11.5661632876
  1        6.2590026319       27.1081399877       11.7487429563
  1        1.7181917429       24.3419819613        8.9424403504
  2        1.7307945734       23.8872357682        8.6333334619
  1        1.7641202168       23.4518600363        8.2989125107
  1        8.9043489942       24.8000004595       19.5013371195
  2        8.8829948630       25.2501042870       19.1859793139
  1        8.8706843449       25.7142360821       18.8911401596
  1       27.2232747613       28.1353645984        2.9331577392
  2       27.0481540568       27.6368583285        3.0858804873
  1       26.8851266111       27.1298759952        3.2233248927
  1       27.6517536745        3.0772165751        5.5058812582
  2       27.8920155517        2.6185711512        5.6914037782
  1       28.1200988094        2.1607073986        5.8934899246
  1        0.4430826657       10.9092554761        1.4722385590
  2        0.0955255407       10.6800290321        1.8316259297
  1       -0.2331377794       10.4406620503        2.2020093379
  1       17.4155137269        6.0816376976       13.2955243164
  2       17.4572567366        6.0847065402       13.8439293705
  1       17.5174200670        6.0960399562       14.3905114104
  1       20.5301604410       24.1210338952       14.2771554993
  2       20.2341302988       24.5671403788       14.4030727747
  1       19.9378687303       25.0085860313       14.5439798997
  1       19.0077203810       20.2766874353        0.7889582277
  2       18.5945078264       20.0354737838        1.0601986358
  1       18.1825745879       19.7851053972        1.3250130558
  1       14.6019160474       12.3968439433       15.6954751574
  2       14.6736331775       12.9374885869       15.7666089932
  1       14.7622431326       13.4718993962       15.8617581482
  1        9.6404392741       21.1820978697        5.5090785709
  2        9.8112820512       21.0810788571        4.9961381215
  1        9.9674745477       20.9690606815        4.4808170261
  1       23.2199039568       17.8983411296        9.8819182217
  2       23.1491878083       18.3900751418       10.1179201022
  1       23.0633945710       18.8788736244       10.3550183156
  1        1.6879109391       27.3166354331       10.1471716226
  2        1.2231572877       27.4103834908        9.8683969015
  1        0.7609072426       27.4928075457        9.5819860603
  1       27.1033988304        6.6410843523        3.0388549923
  2       26.8208301062        6.7222206914        2.5740197413
  1       26.5355950394        6.8168689951        2.1133868569
  1       26.5668908793        5.2229090566       17.3751426481
  2       27.0365668803        4.9766401637       17.2293479759
  1       27.5156497968        4.7333569085       17.1119051564
  1        2.5919161652        6.4799072552       10.9543586788
  2        2.7384577735        6.3091618230       11.4562267435
  1        2.8847226212        6.1133715300       11.9489464960
  1       18.7858093801       14.0681132227        5.6985613338
  2       18.2663941593       13.8898850742        5.7292624012
  1       17.7512209835       13.7013839432        5.7688088482
  1        8.3246191228        4.7468107517       19.9694864171
  2        8.4478738117        5.1268182071       20.3475110400
  1        8.5649876687        5.5103543021       20.7239209327
  1        8.7162908285        2.2369281874       27.5031845814
  2        8.8810265802        2.4774504290       27.9695655238
  1        9.0372901781        2.7044027762       28.4455637580
  1       24.5095538300       25.2455129862       15.2686086441
  2       24.0543727463       24.9574478572       15.1575741336
  1       23.5884424173       24.6877578320       15.0449854226
  1       13.3766564470       10.9618193797       21.9142144087
  2       13.1171538430       11.0788182016       21.4436087626
  1       12.8463671553       11.2011073656       20.9807697742
  1       25.0536612593        3.4414735711        1.9721646449
  2       25.5936906338        3.4662276172        2.0734341461
  1       26.1331981957        3.4846958920        2.1787456482
  1       22.0461270892        8.2332871500       14.5071233992
  2       21.5095692335        8.1158888492       14.5358167175
  1       20.9823199574        7.9639230854       14.5734279708
  1        6.6905939231       22.9441251385       17.7171432702
  2        6.8446685202       23.0505547538       17.2000032935
  1        7.0067574799       23.1438696793       16.6827804278
  1       25.5544650955       10.7602856039       22.5185445179
  2       25.3760172920       10.3107948006       22.7804880217
  1       25.2047246958        9.8530987664       23.0328234844
  1        1.9288387055        1.8427871682        0.3001397590
  2        1.6318475624        2.2192767084        0.0307851841
  1        1.3299252103        2.5733812574       -0.2623919990
  1        9.0991414372        8.9557230844       13.4166104919
  2        9.3155588806        9.3009275158       13.0471549590
  1        9.5320883826        9.6866684945       12.7203233953
  1       26.4582863679        1.1409790866       13.0029765574
  2       26.8374028013        0.8102585922       12.7807274078
  1       27.2040783378        0.4567729044       12.5731294346
  1       19.3937058604       14.5793640870       24.4124799458
  2       19.8037168128       14.3093581585       24.1645125740
  1       20.2098588437       14.0398572432       23.9097226480
  1        9.2155416083       11.9822158859        7.9462499735
  2        9.2836956974       12.2484432158        7.4698278614
  1        9.3531975558       12.5102828490        6.9911740228
  1       24.3235428147        2.3952103040        5.6912692671
  2       24.5618507109        2.0530209787        5.3326387994
  1       24.8206054166        1.7317087496        4.9689020091
  1        8.4550686635       14.3213889219       11.6219897503
  2        8.1799270063       14.2499894089       11.1511403285
  1        7.9293568481       14.1826706247       10.6661838602
  1       27.4382869478        4.4198018898       12.9824272486
  2       27.5669350803        4.7640826914       13.3915976137
  1       27.7035859208        5.1158448824       13.7917099826
  1       24.7479906165        2.6270070827       25.0100552879
  2       24.2159814405        2.5715655582       24.8820221908
  1       23.6882654247        2.5370762420       24.7309384631
  1       14.8742827227        7.5752415400        7.4783694113
  2       14.4422166614        7.8457574733        7.6848640806
  1       14.0031986927        8.1067952212        7.8888800514
  1       25.6493082994       21.4608873975       17.3608343935
  2       25.6320027639       21.8258205571       16.9497087345
  1       25.6107834452       22.2077906044       16.5545522813
  1       23.1590786270       23.7812352921        7.3615190353
  2       22.7409176885       23.8105011041        7.7175877671
  1       22.3337340168       23.8686408008        8.0827195682
  1        1.3661532345       25.5653996784        2.2708053162
  2        1.4261580828       25.8231470172        1.7886583184
  1        1.5018086001       26.0719077421        1.3039985409
  1        6.0894433582        1.5883622472        8.9496953770
  2        5.5945272849        1.8237883691        8.9035150611
  1        5.1097753152        2.0785225175        8.8522701546
  1       14.6789576063        4.7134205767       10.8191542540
  2       14.1449886467        4.8339023809       10.8726452348
  1       13.6121374058        4.9448049568       10.9518296567
  1       20.2058846078        4.6250468696       21.6482439215
  2       20.2721302897        4.5132233134       21.1138218019
  1       20.3680292722        4.4101199800       20.5821517098
  1       23.1370807988       19.0828674918       17.6798801965
  2       23.1273213297       19.3424228427       17.1950753156
  1       23.0883860306       19.5946308807       16.7078637116
  1       15.9950305548       16.4749814996       25.0006205468
  2       16.2255828104       16.1710420662       25.3968104991
  1       16.4514888677       15.8883426518       25.8109934217
  1        5.0523372358       27.3517496876        1.3851935035
  2        4.6484905908       27.7095178280        1.4920103795
  1        4.2566826929       28.0715027620        1.6260009675
  1        9.5239669882       27.9186575490       13.0456743137
  2        9.8443368415       27.5328302051       12.8198415929
  1       10.1571031844       27.1210464855       12.6324612791
  1       23.4178890777        6.2822720395        3.9002312445
  2       23.4338248892        6.0182717989        4.3824655474
  1       23.4698413995        5.7626828418        4.8681373450
  1       16.8547843326        3.7842566950       21.4176503350
  2       16.6932179549        4.2896258344       21.5625583697
  1       16.5501640971        4.8048013390       21.6915149213
  1        8.0837881447       12.4465362079       14.7002690714
  2        7.5642196056       12.2909035509       14.6090166236
  1        7.0455682368       12.1270701970       14.5274115456
  1       27.6669492355        2.9019714087       21.7928097532
  2       27.5036310797        2.5709734411       22.2005689044
  1       27.3139878224        2.2407020189       22.5973764417
  1       23.5778035547        7.9905401078        1.1986336665
  2       23.6033887635        7.8977207633        0.6571265415
  1       23.6192945330        7.8508659020        0.1093568568
  1       17.4769114127        1.5647702808        0.9800325689
  2       18.0081499366        1.5238829968        0.8435999456
  1       18.5376518121        1.4904352339        0.6986550939
  1        5.4686954850        6.8459589086       22.8261321131
  2        5.1376507078        7.1542486651       23.1389687822
  1        4.8270644531        7.4856287759       23.4491677498
  1       26.4724043802       21.8318470970        8.9213709495
  2       26.4266024724       22.3664978474        8.8007444171
  1       26.4081450317       22.9029677657        8.6809139175
  1       19.8477981531        5.7797317825        3.1636053076
  2       20.0974390796        6.2472909108        3.3104653407
  1       20.3470836343        6.7191257531        3.4429397793
  1        2.5712482132        2.3741584496       19.3308144589
  2        2.1984114014        1.9698276568       19.3338676171
  1        1.8213588765        1.5694629983       19.3275801130
  1       18.0291751700       27.0281782472        3.6634428213
  2       18.1784556693       27.0752030070        4.1907036719
  1       18.3314807604       27.1291249289        4.7162279309
  1       16.9861098584        9.7514481063       18.7950530567
  2       16.5238410686        9.7953576917       18.5002997458
  1       16.0597436729        9.8608744047       18.2125130773
  1        8.9420818635       18.1593320174        3.0138636191
  2        8.4648141423       17.9585506454        3.1993423592
  1        7.9886201220       17.7653867135        3.3953702893
  1       23.8208309911       23.0015403409       23.0954395677
  2       24.3678299671       23.0589098384       23.0945116452
  1       24.9167025992       23.0918871572       23.0822100532
  1       19.0318204840        0.1707980407       13.7622785272
  2       19.3743995957        0.3448938243       14.1557632288
  1       19.7089038530        0.5080817180       14.5607034864
  1       19.3886002048       12.6435180221       20.7903772951
  2       19.6124585507       12.1725540579       20.6155048119
  1       19.8450288200       11.7033173416       20.4474929881
  1       22.8627249267       19.3712757176       13.4565723413
  2       23.4064994686       19.3156796360       13.3955942857
  1       23.9471160395       19.2608166351       13.3106015013
  1        8.6868269420       11.5606346373        2.9160874091
  2        8.2270537758       11.5784984944        3.2174003995
  1        7.7571737392       11.5878136923        3.5031030025
  1       16.5474235580       16.5203133149       17.0228576643
  2       16.8263442669       16.0600582789       16.9094180771
  1       17.1001891000       15.5961514956       16.7985149536
  1       14.2967418812       19.6476712107       26.5345365517
  2       14.8177312768       19.4923894311       26.4511242107
  1       15.3328902188       19.3188882307       26.3674068471
  1        4.1158122439       19.6991267652        4.4393535693
  2        3.9993996565       19.1923395179        4.6185595834
  1        3.8539279705       18.6813938471        4.7609411449
  1        0.3589665390       19.1369097364        2.3456774959
  2        0.3199708900       19.0405984581        1.8055816924
  1        0.3111379188       18.9586087207        1.2617989595
  1       11.1213584748       13.7611836448       17.2414415300
  2       10.6534238187       14.0489799790       17.2680953774
  1       10.1966379256       14.3553189739       17.2698466700
  1       20.7242629213        9.1872790257        6.2112958972
  2       21.0627122208        8.7619379801        6.2951831228
  1       21.4136434534        8.3512845679        6.3986772965
  1       17.3488770434        5.1667849779        0.6509107073
  2       16.8998866346        5.2527629174        0.9567135959
  1       16.4488385418        5.3490961390        1.2563392412
  1       16.2143261125       12.9359014748       27.7819367788
  2       15.7132467037       13.0096848446       27.5675179352
  1       15.2096334186       13.0866698143       27.3602814219
  1       16.8512550553        8.1336866850        2.6730821239
  2       16.3306500940        8.1841862706        2.8431417198
  1       15.8049829220        8.2418160169        2.9943132635
  1       25.5441857970       12.7584554084       27.7412866861
  2       25.5269259372       13.2729578266       27.5476649957
  1       25.5224929372       13.7869924128       27.3520920128
  1       11.6483237243       27.2839059735       -0.5063073830
  2       11.5793691505       27.4512968421        0.0130437159
  1       11.4944572379       27.5938418232        0.5374203881
  1       15.8063273705        9.2893188049       14.2052531216
  2       16.1744363255        9.6152707241       14.4517305923
  1       16.5301737307        9.9620269653       14.6877623841
  1       15.0374873457       15.6754693264        2.2367046001
  2       14.6819874360       15.5425747473        1.8386357052
  1       14.3429177637       15.4129516239        1.4254413174
  1        8.3172134315        1.4427680425       20.4919779549
  2        8.6167722233        1.2029525965       20.8859996321
  1        8.9159194405        0.9674020710       21.2828962073
  1        9.7244302419        5.8984853434       11.7564828574
  2        9.8391834968        5.7108661994       12.2605966812
  1        9.9641968010        5.5312806306       12.7651962216
  1        8.7880191383       28.4369753101       24.4448517757
  2        8.9411545670       27.9425318060       24.6307957504
  1        9.1012659712       27.4445683795       24.8007862297
  1        6.4789056683       19.7492505828       21.0002164638
  2        6.4613638448       19.7325912643       20.4507487655
  1        6.4796662081       19.7358253676       19.9010628888
  1       26.3287681161        1.1300260769       18.5501849157
  2       26.2385982947        1.2913676874       18.0321711244
  1       26.1480091431        1.4595734557       17.5164188349
  1       14.3973184353       28.4749041796        3.8443049432
  2       14.0313347168       28.0766517795        3.9440593598
  1       13.6731383398       27.6786217937        4.0696280060
  1       13.2301321747       19.2926945884        8.1951632606
  2       12.8436905172       18.9046309763        8.1444732381
  1       12.4593242074       18.5155660671        8.0862406416
  1       23.3374703438        4.5093111197       10.3351972304
  2       23.7938795375        4.6742224086       10.5940309893
  1       24.2659263458        4.8319177887       10.8281334814
  1        9.4550009012       16.7644299284       14.9151276031
  2        9.0282669430       16.5887439332       14.6159076840
  1        8.6017814937       16.3954266356       14.3273967085
  1       19.2349054327       21.0012982601       14.4360575155
  2       18.8662664487       20.5964817004       14.4882959355
  1       18.4902247133       20.2013491119       14.5587434316
  1       21.8950554896       25.9823761453       11.6752122953
  2       21.9731624792       26.0486626022       11.1348370518
  1       22.0369201378       26.0976018354       10.5907415533
  1       19.3818539254        7.8480154209       20.4451861214
  2       19.1604395445        8.2012413135       20.8039438958
  1       18.9445472433        8.5431516210       21.1767546452
  1       10.7987051466       15.3780852878        8.5318201263
  2       11.1052529534       15.2658338616        8.0891825099
  1       11.4425263222       15.1620316377        7.6673155023
  1       19.5465271462       12.7782253764       27.2632761485
  2       19.8287276175       12.6369992624       27.7137404409
  1       20.1220436494       12.4784685591       28.1511575422
  1        0.6310143787       16.3354646218       21.6226795715
  2        0.7078757327       15.8661220407       21.8989219900
  1        0.7813276630       15.3887975765       22.1621066568
  1        7.3080943011        7.4579395773        4.6921501422
  2        7.4978566992        7.9719240651        4.7402144597
  1        7.6816576584        8.4895752047        4.7676826973
  1        4.5955507712       13.8999587428       17.6492526602
  2        5.0908106175       13.7772441104       17.4439265691
  1        5.5755746348       13.6614417625       17.2113461255
  1        3.8674008481        9.1130409080        1.9569130854
  2        4.3673389450        9.2298202787        2.1542059587
  1        4.8790948707        9.3087597099        2.3396094045
  1        0.3643862470       24.3936445253       15.6139861157
  2        0.1819838486       24.6081071178       16.0864637993
  1        0.0048409293       24.8166836156       16.5635552263
  1       19.7418674802        0.1978874154        7.4327313666
  2       19.8012822867        0.7446038742        7.4243055468
  1       19.8361146222        1.2934188303        7.4337316439
  1        2.7659740214        8.6994542635       26.2883219654
  2        2.8589545894        9.0412235749       25.8675508260
  1        2.9591284505        9.4031184116       25.4656835299
  1       27.5536848060        8.7779599427       26.2779468426
  2       27.0850287229        8.8365984137       26.5597677175
  1       26.6187360549        8.8957753557       26.8453710023
  1        9.0958957332       25.4045514995        6.2079329998
  2        8.9765558056       25.0076455914        5.8463756990
  1        8.8602604840       24.6113841940        5.4831233045
  1       14.9669206909       27.0990443789        0.6611802064
  2       15.2211570566       26.8689543606        0.2311540981
  1       15.4410029388       26.6326097450       -0.2141648997
  1       13.0351210382       22.3819837438       24.2273456003
  2       13.0717338774       21.8388085816       24.1491136177
  1       13.0902467827       21.2937991693       24.0775453857
  1       19.9869295078       23.7040026283       25.3285023637
  2       20.2172392942       23.2045768551       25.3229077768
  1       20.4452293632       22.7046969917       25.2975967217
  1        1.0147706281        9.2320095200       22.0986321675
  2        0.6304220260        8.9504334887       22.3733885882
  1        0.2386584547        8.6701199985       22.6388045833
  1       20.8720877625        0.1525842332       25.1340872047
  2       20.4858975316        0.2757842368       25.5058113830
  1       20.0897752922        0.3821123166       25.8722557988
  1        6.2259879104        5.1259143038        2.1222806712
  2        6.0051328416        5.5373045663        1.8316243612
  1        5.7803352717        5.9392350813        1.5309286468
  1       19.8550626171       17.6942795994       11.0910466190
  2       19.7402346333       18.2158677130       11.2224253612
  1       19.6153383202       18.7376469170       11.3434516899
  1        9.3601190680        6.6656053854       27.2894444385
  2        9.1623746791        6.5718015104       27.7940214788
  1        8.9854508217        6.4882974510       28.3080497074
  1        0.5411146918        9.6457697115        7.8802582002
  2        0.8888549289        9.2253786913        7.8106297753
  1        1.2359941675        8.8064745511        7.7299224685
  1       26.5916063374       13.4883024811        6.0838149143
  2       26.9174401048       13.0866931962        6.2710109031
  1       27.2591203248       12.7065760776        6.4741502702
  1       16.5601898174       10.3561040644        6.6564945752
  2       17.0925406954       10.3972574853        6.7884375124
  1       17.6189901832       10.4380748744        6.9423364290
  1       27.7071999577       21.4934646705       13.6683747585
  2       27.1811401516       21.5600382773       13.5223301236
  1       26.6555854982       21.6356029880       13.3788648676
  1       14.6627399129       24.1920726891       18.6803530514
  2       14.4194737861       24.2304886079       18.1885748404
  1       14.2132994133       24.2695042738       17.6801754848
  1       26.8382132208        0.1759883008       27.5680681670
  2       26.3250837833        0.0911393063       27.3891860033
  1       25.8097480937       -0.0140858334       27.2283855183


Molecules in box 2
##############################################################################                                           
Moleculetype  1
Number-of-molecules: 13    
Atomtype         X                  Y                   Z
  1       19.3970096628       39.5066050329       39.2763494813
  2       19.5750006860       40.0205649910       39.3579849954
  1       19.7449789249       40.5335345339       39.4603062799
  1       14.3490906806        1.8456174194       44.4664201115
  2       14.1029840987        2.1998822160       44.8076355922
  1       13.8591633354        2.5771344229       45.1250189672
  1       12.7362891975       36.6071083123       17.0896009195
  2       12.2600808887       36.8250081327       17.2576643447
  1       11.8050541385       37.0734618042       17.4412982976
  1       34.3195752807       50.1752223548        6.3010240369
  2       34.7735028913       50.0504236206        6.0166387345
  1       35.2302078910       49.9236206612        5.7376377457
  1       48.3475596457        7.5827100012       13.3294261064
  2       47.8785398466        7.3046832011       13.2571659753
  1       47.4011234654        7.0415290039       13.1842038867
  1       34.3190612372        9.7356046587        2.1926734680
  2       34.3144751766        9.4050587249        2.6322395651
  1       34.3505401730        9.0716864311        3.0682008349
  1        9.8325879778       40.1372636438       28.0746251228
  2       10.0280682928       39.6292780524       27.9956435720
  1       10.2292840530       39.1234372163       27.9173028716
  1        4.5804536662       23.8275508687        0.2772807372
  2        4.0457534620       23.7459492274        0.3769645564
  1        3.5120367419       23.6446543225        0.4629052564
  1       45.7836532702       14.0496672694       16.1221203218
  2       45.9505569027       14.0670330282       15.5983440262
  1       46.0760466859       14.0747342939       15.0629068181
  1       26.1271343646       32.5202334322        3.9490331701
  2       26.3813174539       32.0827300960        3.7334368159
  1       26.6518763554       31.6598388571        3.5088018235
  1       10.3644250772       21.6088346949       34.1664362800
  2       10.2973346134       21.6962855139       33.6275937947
  1       10.2351922208       21.8036931390       33.0917748662
  1        7.0995290093       41.5857622133       48.3478578883
  2        6.8927780476       41.0851354118       48.4433924128
  1        6.6817718850       40.5882118962       48.5484800813
  1        8.8094496564       26.9093317093       45.0005929770
  2        8.8604124611       26.8288742968       44.4589017390
  1        8.9109769382       26.7606655377       43.9154950793


Number-of-fractionals:  1        
##############################################################################                                           
Fractional-type:      2
Box:                  1
Lambda:               0.657488
Reaction-Step         1 (only used if Type = 3 (RxMC))

Moleculetype  1
Atomtype         X                  Y                   Z
  1       25.5162705849       26.0320041715        9.7521771443
  2       25.4431001173       26.2626105182       10.2461070943
  1       25.3758468533       26.4958203036       10.7396556668

------------------------------------------------------------------------------                                           

