Simulation state at cycle:    1100000
##############################################################################                                           

Number-of-molecules: 401   

Box-size(s):    27.798059   50.725366

------------------------------------------------------------------------------                                           

Deltas
Translation per molecule type
Box 1    0.4888335682E+000
Box 2    0.2538032310E+002

Rotation per molecule type
Box 1    0.7973527758E+002
Box 2    0.1800000000E+003

Volume    Delta_Volume
Box 1   0.3215323147E+003
Box 2   0.1488575531E+004

------------------------------------------------------------------------------                                           

Molecules in box 1
##############################################################################                                           
Moleculetype  1
Number-of-molecules: 400   
Atomtype         X                  Y                   Z
  1       27.6991077252       15.1931538117        5.3270269090
  2       27.7835933870       15.7164415745        5.4737650780
  1       27.8721091874       16.2443021073        5.6003676449
  1       19.1635764344        9.5395726695        1.0020490807
  2       19.7108025834        9.5716175130        1.0469564279
  1       20.2564034117        9.6144158982        1.1016193344
  1       14.4222585769       18.3546303997        8.7462909355
  2       14.7498012457       18.7902524047        8.8201100988
  1       15.0629500049       19.2374640109        8.8867406687
  1        4.4033574832       25.1380369460        8.2058564246
  2        4.5436252218       24.6101442352        8.2703098761
  1        4.6981490036       24.0847930050        8.3215786269
  1       11.5639550240       22.8218963262       22.4610805772
  2       11.1921994520       23.1003306486       22.1665094943
  1       10.8053792971       23.3895750176       21.9034356230
  1        4.6804940994       16.1088308579       14.2317765900
  2        4.4312771717       16.3658769843       14.6492909154
  1        4.1813560815       16.6221984427       15.0668298448
  1       13.9513187210       22.7661900575        6.8300158307
  2       13.7911257711       22.3599472910        7.1643884275
  1       13.6167307977       21.9525032536        7.4900811486
  1        9.2090103657       21.3009450738       13.0119984445
  2        9.6887947709       21.5354231580       12.8803665619
  1       10.1609577157       21.7828391419       12.7449136788
  1        9.9011059637        9.5313042069        3.8123960525
  2        9.3524131101        9.5090274485        3.7817382906
  1        8.8052595860        9.4800631244        3.7339461567
  1        9.5791649968       25.9184853288       13.5978590867
  2        9.2314662647       26.3007741067       13.7861696866
  1        8.8917287537       26.6922493809       13.9700868753
  1       13.3734169316       18.7129318470       23.2704653002
  2       13.3459006531       18.8317522297       22.7341588850
  1       13.3118656501       18.9889594552       22.2082049841
  1       23.1564390618       21.4355469549       16.0378392151
  2       22.9119890005       20.9451862928       15.9899791208
  1       22.6532465670       20.4658015673       15.9141989320
  1       13.3502262417       23.4817740176       10.6306044522
  2       13.5651644054       23.9875390730       10.6530386781
  1       13.7787423120       24.4942819621       10.6628428234
  1       18.9277455266        4.1556364285        5.5702207689
  2       19.2858138616        4.3527194263        5.9382497888
  1       19.6407181454        4.5208689127        6.3233065359
  1        0.5066012842        2.9183340628       25.6715772611
  2        0.4237755230        3.1145230782       25.1644778985
  1        0.3337759840        3.3109074885       24.6586782886
  1        8.9713987441       21.0702469920        4.4313372963
  2        8.4743492876       21.1715439586        4.6438949644
  1        7.9871169047       21.2733223537        4.8778730881
  1       22.7706561019       25.8905314152        8.9601312798
  2       22.8307979167       25.7268407021        9.4817521311
  1       22.8841778999       25.5823526171       10.0097424432
  1        2.0919940319        2.0466700661        4.5284593270
  2        1.9357480074        2.1018306282        5.0529061710
  1        1.7789750994        2.1856686698        5.5733804135
  1        1.8030008752       24.3328978570       10.8816615293
  2        2.2503437926       24.5887377634       11.0738339950
  1        2.7034129368       24.8465194370       11.2492676244
  1        4.9003852521       25.7662140663       24.8352434052
  2        5.3582719202       25.9304453343       24.5785960016
  1        5.8188008595       26.0784978585       24.3168832867
  1        6.5722233573        6.3670741442       24.5097736323
  2        6.5515899135        6.1968613974       23.9871821265
  1        6.5298760397        6.0048840914       23.4722324002
  1       24.0509480421        1.9047563576       24.8807359715
  2       24.4924389802        2.1575858737       24.6717790683
  1       24.9553775899        2.3858756753       24.4818537957
  1        5.4881312748        2.3079153648        2.2541555941
  2        5.1817223855        2.6753660841        2.5254369267
  1        4.8874419320        3.0418747321        2.8110422919
  1       10.4407802873       25.2536388340       10.2000742130
  2       10.0532979232       24.8732354865       10.2875425540
  1        9.6539739398       24.5076583149       10.3844635884
  1       10.6805604710       25.5817440298       19.6272305706
  2       10.8431744877       25.4145682084       19.1291252340
  1       11.0027325231       25.2371122322       18.6335946004
  1       20.7341075080       18.3528101249        9.6595366424
  2       21.2294890428       18.5477885212        9.7976690426
  1       21.7299004404       18.7245785811        9.9420079034
  1       16.1019521441        7.3886397476       27.9214553796
  2       15.9075320142        7.7449954674       27.5503604942
  1       15.6854159156        8.1054176885       27.1992760880
  1       27.6799137030       10.4600847895        2.8898930237
  2       27.7525164455       10.7109772048        3.3739197149
  1       27.8162018320       10.9469771400        3.8666145506
  1       19.0101496956       22.2884910924       22.3914342498
  2       19.5487509785       22.2038383945       22.4638399042
  1       20.0941363394       22.1595871681       22.5194873309
  1        7.5364855602       22.7398286286       23.7511245822
  2        7.2701138691       22.8171129897       24.2260701051
  1        6.9890283070       22.8856746877       24.6938202513
  1       12.9532787424        2.2572234571       26.8965485999
  2       12.6314817630        2.7032551367       26.8981121902
  1       12.2995060573        3.1417660287       26.8986844066
  1       26.5534746487       26.0227246302       11.3483625626
  2       26.2987047036       26.3696229622       11.0059391080
  1       26.0498142853       26.6899272807       10.6345111846
  1       25.6393719102        5.9131585505       24.3186019212
  2       25.1546607049        5.9418157935       24.0602730419
  1       24.6689651878        5.9561249423       23.8026005522
  1        6.3527157353       13.3566831549        7.9238621659
  2        6.8000680737       13.6766133586        7.9193289393
  1        7.2418613442       14.0041349602        7.9262791651
  1       -0.3599440958        2.5626962157       21.0903963965
  2        0.1065550114        2.3661796359       20.8753154424
  1        0.5874219768        2.1817238574       20.6823309187
  1        2.7561240946       25.1841611410       14.5486436452
  2        3.2236692280       25.4491682121       14.6655743959
  1        3.6991622887       25.7017576595       14.7778460277
  1       23.0164734578        7.1997842939       18.9666391752
  2       23.1727633161        6.9675912638       18.4931839218
  1       23.3393887009        6.7560891975       18.0135977918
  1        5.5955889361       28.1051665475       10.8452659723
  2        5.8757667803       27.6319495308       10.8533919005
  1        6.1528687036       27.1568794214       10.8486050141
  1       14.4447686803       10.8043075636       20.3269762796
  2       14.6958030189       10.4415917516       19.9984660049
  1       14.9485225722       10.0927866597       19.6564603994
  1       24.1516714360       16.4439692453       17.0515469746
  2       24.6480266859       16.6634915816       16.9624323868
  1       25.1345583549       16.9069566972       16.8817374579
  1       11.4820864921        9.9495221737       14.3530967692
  2       10.9567891198        9.8268679650       14.4604215834
  1       10.4300860319        9.7108208720       14.5682034393
  1       11.9318217831       12.6092504365       17.2047621716
  2       12.0889361415       13.0992787329       17.0106298788
  1       12.2230167498       13.6002387299       16.8274319780
  1        4.9488221697       22.2901906854        3.4007039298
  2        4.4353590002       22.2330425799        3.5893561697
  1        3.9066519701       22.1979493930        3.7367920660
  1        1.0247397765       22.6256430426        6.6731375688
  2        1.5189269729       22.8304395085        6.5453196417
  1        2.0074288132       23.0427507402        6.4082434153
  1        4.0122327940       20.7644260168       10.2185089195
  2        4.5257753845       20.5693370256       10.2452351846
  1        5.0347728656       20.3633038616       10.2764104712
  1       22.8832704195       10.5502424914       15.9646986148
  2       22.7696543966       10.2102270180       15.5475884649
  1       22.6372461121        9.8824193166       15.1262689233
  1        9.5815812934       11.3074245678        6.5801924770
  2        9.6725531423       11.1617963561        7.1027023301
  1        9.7522485121       10.9985446376        7.6218338390
  1        5.1101228981       19.8855993180        6.3930889145
  2        4.6449967154       19.8392537024        6.6829332142
  1        4.1887364919       19.8094439532        6.9886094911
  1        1.2825328202       21.3618786220       19.6738463017
  2        1.3418862088       21.9016797638       19.7609778259
  1        1.3790722163       22.4387228594       19.8736805911
  1        9.4533338899       19.6388457251       21.7967910391
  2        9.6360119601       19.5380251968       21.2879060386
  1        9.8215832217       19.4486515069       20.7779299123
  1        5.5476415328        6.5244772067       20.2018022611
  2        5.1079556677        6.8466905153       20.1286249158
  1        4.6704047618        7.1699187584       20.0475526854
  1        9.9821655695        8.0133095101        1.1021948806
  2        9.8628001678        7.9290431451        0.5719580650
  1        9.7533450585        7.8261056333        0.0428801438
  1       26.7862554678       24.0757328493       14.1638605916
  2       26.5568992486       23.6130371560       13.9746294626
  1       26.3196581951       23.1538344685       13.7866146406
  1       19.1586132519        8.5470760413        5.3468368002
  2       19.2633646110        8.2320740805        4.9083155150
  1       19.3862360080        7.9161108823        4.4752221347
  1        3.2790142412       12.5404956511        6.0935536867
  2        3.2383312285       12.1551460315        6.4838747894
  1        3.1966969843       11.7599066183        6.8640752562
  1       20.2857889396       18.3012180970       16.1489702968
  2       20.3665095256       18.0318149849       16.6216288948
  1       20.4457442202       17.7518955284       17.0883911041
  1       14.9568278154        1.8690979609       23.1485517316
  2       14.4916105046        1.7592856059       23.4206070576
  1       14.0299750560        1.6625337979       23.7035059780
  1       15.4243924057       26.1565697034       23.3337107927
  2       15.0941857073       25.8400408767       23.6391171420
  1       14.7852914218       25.5385569334       23.9799862537
  1       17.4699547090       17.2281270380       20.0462942099
  2       17.8915888172       16.8816143358       19.9780767194
  1       18.3323916667       16.5581801672       19.9182170046
  1       18.8135389460       12.4711015261       14.1647208352
  2       19.0768164097       12.0611638991       13.9095030476
  1       19.3461937283       11.6600229727       13.6467830134
  1       24.4368086019       12.0780945283        5.5703587444
  2       24.5211019620       12.6213378511        5.5871313921
  1       24.6216127017       13.1620156503        5.5952003212
  1       10.2047322421        0.7604153334       10.0692318615
  2        9.7892928680        1.0678081120        9.8810303575
  1        9.3782535534        1.3777320155        9.6873970575
  1       17.0333846163       12.7849340587        7.3423952146
  2       17.3580732971       13.0679341623        7.0003598334
  1       17.7068518243       13.3255594284        6.6620068222
  1        4.3932114643       19.6661716627       19.7527942752
  2        4.9148794019       19.8384745531       19.7268274335
  1        5.4366871538       20.0119311717       19.7154489227
  1       13.6073009372        9.2675029175        2.6476086893
  2       13.2251491105        9.4193419852        2.2823623629
  1       12.8491208165        9.5496642504        1.9027325060
  1       20.0812730539        2.3732311888       14.9541068502
  2       19.5411369811        2.3244306203       14.8626107991
  1       18.9992861668        2.2907845327       14.7744879593
  1       20.7708709215       16.5176002415        2.9076735503
  2       20.9650457614       16.0232091448        3.0504095831
  1       21.1717116828       15.5307094016        3.1816848620
  1        5.9329373970       20.3052459582       14.3802478520
  2        5.6535770169       19.9806385104       14.0351568744
  1        5.3734599877       19.6806233404       13.6690621507
  1       21.2674306777        1.2874940191       21.8060841851
  2       21.7182350276        1.1687376330       22.0979272231
  1       22.1720133793        1.0296035384       22.3758245246
  1       23.3320461518        2.9838209958       16.5822008338
  2       23.0615262522        3.4590707208       16.6409943944
  1       22.7751060366        3.9269533005       16.6803561872
  1        8.5034609528       27.4741268739       17.7297406522
  2        8.4147853046       26.9793449755       17.5065199041
  1        8.3235452400       26.4805012256       17.2936110908
  1       13.2330084828       22.1114035465        3.6125154364
  2       12.8130182535       21.7931899174        3.7701488515
  1       12.4027295921       21.4595535036        3.9213108728
  1        8.0436608901        4.2064813224       17.6800355412
  2        8.2973561455        3.7502725495       17.5067950352
  1        8.5721788986        3.3071707942       17.3317713573
  1       15.8981246590       10.1371928385       10.2323185877
  2       16.3496259156       10.0317912163       10.5281853032
  1       16.7904991287        9.9388423669       10.8436077507
  1       24.2163512230       21.7933455970       11.4126642201
  2       24.2004647312       21.3696117366       11.7629458709
  1       24.1875796791       20.9577551961       12.1272371891
  1       17.8513381807        2.3289136709       17.9604919101
  2       17.7585029813        2.8468013770       18.1207228361
  1       17.6520771874        3.3584687130       18.2920998669
  1       12.5630699876        8.5462212507        8.7879753048
  2       12.1154705099        8.2292521372        8.7469230374
  1       11.6728739099        7.9067728164        8.6957826788
  1        2.0178189196       19.2781421629        3.6784382825
  2        2.3427117432       18.9580797845        3.9858544940
  1        2.6717126177       18.6288877616        4.2789262184
  1       19.1495119875       20.2184014906       19.6656376281
  2       19.3891324479       20.4816146350       19.2463514781
  1       19.6342664223       20.7280295449       18.8201015212
  1       26.1117435231        9.8553322188       12.9358098531
  2       25.9766257896        9.5922122832       13.3995027446
  1       25.8177803406        9.3547154717       13.8694637928
  1       15.5843084841       21.6034224762       17.5348630111
  2       15.3368816871       22.0367341607       17.3035170274
  1       15.0801438672       22.4647069102       17.0723785052
  1       22.3787381754       17.2085663898       19.6914821164
  2       22.3952654594       16.9501354870       20.1767040423
  1       22.4225428643       16.6688321269       20.6485349037
  1        6.2591859631        1.1780904134       15.4529818075
  2        5.9608593892        1.1376100256       14.9926964683
  1        5.6741880490        1.1203096255       14.5236333192
  1       20.8401326376        4.1952572288        9.6222299846
  2       21.3624963338        4.3331088097        9.5191130092
  1       21.8825427665        4.4776238773        9.4134384996
  1       23.8358363810       25.4342420960       17.3296806872
  2       23.9773646314       25.0043727154       17.0171393780
  1       24.1547334282       24.5799435265       16.7156428233
  1       24.8581370960       19.3167145083        8.8614403718
  2       25.0446545004       19.3615736989        8.3459804696
  1       25.2201432225       19.3824462217        7.8251464795
  1        8.8897399046       23.2214295504       15.8259707213
  2        8.3579992831       23.3492314680       15.8844393568
  1        7.8353814456       23.5146770480       15.9291423195
  1        2.3238096950        5.8499706342        9.5675683023
  2        2.7569536830        6.0722039126        9.3116412509
  1        3.1817137052        6.3142068148        9.0596223671
  1       25.4411323847       12.2568287074       23.4697275291
  2       25.8780847342       12.0872602640       23.1819442995
  1       26.3077975695       11.9333938783       22.8750697101
  1        5.7431472849        8.5833213244       14.3364649270
  2        5.6365483433        9.1097023156       14.4550386080
  1        5.5390795222        9.6403391385       14.5619235462
  1        0.5407245477        6.3018620442       27.2855007787
  2        1.0626136765        6.1786957674       27.1631823192
  1        1.5855425677        6.0645426528       27.0366341460
  1       20.3661908710       25.6564151526       23.5835772104
  2       20.0236721066       25.7272967459       24.0080259067
  1       19.6823834359       25.7915344834       24.4345180583
  1       22.7914795836       19.1619470049        1.6889338408
  2       23.2111187614       19.4280596267        1.9247028654
  1       23.6156256524       19.7150420512        2.1624322539
  1        2.5770024223       15.7653773023        1.1571830835
  2        2.3149717818       15.7813185706        1.6404902522
  1        2.0743739192       15.7788706379        2.1350675214
  1       27.6056387386        9.0371492639       24.7659679116
  2       27.0888795509        8.9939224622       24.5826883832
  1       26.5691174459        8.9563821297       24.4067961531
  1       13.2568807451       11.6276288424        4.9078899203
  2       13.0858260685       11.6920192119        5.4266328026
  1       12.9377127729       11.7834338823        5.9483662678
  1       13.9504691348       19.8680184833       12.5865860254
  2       13.6627589289       20.1793107066       12.9370428546
  1       13.3825546113       20.4749603396       13.3066058856
  1        7.0581697612        9.8559427810       21.4589145185
  2        6.7261696956        9.6285756739       21.8338547205
  1        6.3881960114        9.4069252054       22.2068759768
  1       18.3107974041       15.7148327388       16.3675465102
  2       17.8834259754       15.3985380694       16.5082992865
  1       17.4478861624       15.0917498046       16.6449961438
  1        9.2741804408        3.8065096196        5.9534045178
  2        9.6672776295        3.4854654084        6.1653130234
  1       10.0498776709        3.1589998366        6.3878830969
  1       12.2343412801       12.7906524323        9.2539235861
  2       12.3810080735       12.5128297008        9.7053694650
  1       12.5064392979       12.2324289313       10.1615957415
  1       19.2361952058       25.0296606234       10.3625623002
  2       18.7240539163       24.8993732046       10.2101271073
  1       18.2133685233       24.7910518520       10.0370175669
  1        0.9308817030       15.6869777109       15.3696748030
  2        1.1222309975       15.3144742952       15.0131265556
  1        1.2995540289       14.9325091507       14.6593481363
  1       11.7431137389       17.1720188042       13.1627595778
  2       11.8999293338       17.0241687800       12.6567464954
  1       12.0472407137       16.8734008201       12.1487421858
  1       24.4076857930        9.4970476821       21.1138548191
  2       23.9030726531        9.7037214520       21.0420806462
  1       23.4022216170        9.9233444726       20.9836514799
  1       12.5886631141       14.4868936871       24.7846527312
  2       13.0078475748       14.2228216262       25.0235048498
  1       13.4170697071       13.9499263291       25.2696052404
  1       20.2579694992        8.7831170448       18.9313503363
  2       20.5395190342        9.1412691275       18.6231994885
  1       20.8362349491        9.4949204885       18.3242172488
  1       16.0525258093       20.7446975294       -0.1825179530
  2       16.0527300232       20.6940468250        0.3651447758
  1       16.0349407651       20.6415968736        0.9123490739
  1        3.1160510613        1.4875587003       23.3991019903
  2        3.4397455119        1.1994502310       23.7377986282
  1        3.7525097250        0.9016711019       24.0783953637
  1       26.8069742518        7.0201490387        2.4276026351
  2       26.3437463713        7.0307007356        2.1312774886
  1       25.8777080102        7.0244933602        1.8392677055
  1        0.1901259337       22.6019188563       23.7014065181
  2        0.0796187149       22.0993688353       23.8956528333
  1       -0.0226795286       21.5991776358       24.1002104838
  1       15.9644878922       11.3042188696       16.2718669372
  2       16.3432801411       11.1960696439       16.6556900438
  1       16.7086626121       11.0723315406       17.0477162300
  1       23.7099217549       16.7087529724       12.6117658393
  2       24.0396952445       16.6470445282       13.0475886398
  1       24.3922070323       16.6088542660       13.4680371411
  1        6.9099924922        3.3667345309        9.4935065090
  2        7.0270754405        3.4846957504        8.9692196277
  1        7.1396013013        3.5972594141        8.4427527709
  1       10.5761168781        6.3021275559       18.5583653670
  2       10.6186610483        6.7638835085       18.8541210667
  1       10.6730538490        7.2095064408       19.1718656565
  1       16.3082702264        6.7631910863        3.2000459606
  2       16.3477388178        6.2757955700        3.4518153809
  1       16.4095079801        5.7882125873        3.6986906624
  1       25.5273604883       14.7192472446       19.6359446192
  2       25.7553196109       14.2568918303       19.8276790954
  1       25.9681173173       13.7789095749       19.9972376356
  1       22.9850036146       21.6476775971        5.8754241175
  2       23.0564313048       22.1929885154        5.8812625573
  1       23.0986834525       22.7413564121        5.8785413669
  1       15.4164292168       27.5156145518        2.6515534678
  2       15.4491268130       27.2426715063        3.1279282795
  1       15.4749144599       26.9744818208        3.6074168495
  1       26.0160072586       23.7262388658       21.1589481383
  2       25.7763715199       23.8239528023       20.6736372077
  1       25.5520071453       23.9139049458       20.1796035669
  1       26.8288486463        3.1859393137        3.7983422893
  2       26.4113578995        2.8406110929        3.7037383979
  1       25.9747280778        2.5217088378        3.6029626597
  1        3.2362846580        1.7879667907        8.5065674332
  2        3.2990081857        2.2803551631        8.7434628739
  1        3.3663169888        2.7734492215        8.9776161861
  1       21.6296658793       -0.0395801550       17.3903442795
  2       21.3270772377        0.2927082354       17.7074003307
  1       21.0020860904        0.6219615229       18.0048444866
  1        5.7377478099       15.9512323464       18.2818523836
  2        5.5254617997       15.4471263292       18.3394003923
  1        5.3134705732       14.9435451547       18.4023743516
  1        3.2059676720        9.4897996277       24.0666289249
  2        3.4184239440        8.9911114076       24.1597546013
  1        3.6433342864        8.4958427035       24.2411440825
  1       10.2516378107        3.3375064793        2.9742907826
  2       10.6480156661        3.2932853924        2.5955704487
  1       11.0400871654        3.2457041490        2.2127964113
  1       16.0319658409       -0.0132532696       27.1683507839
  2       15.9308833660        0.2730025717       26.7097224740
  1       15.8501462934        0.5780350097       26.2592374733
  1        1.7410217476       19.1787412597       21.8668978769
  2        1.5056750777       18.7932972484       22.1808164318
  1        1.2695892826       18.4075830073       22.4938468146
  1        0.6804935894       26.6829935175        7.9250816737
  2        1.1439125357       26.6408075633        7.6318868145
  1        1.5949540977       26.6177109759        7.3179950243
  1       21.4527815573       12.0566916831        3.7155478709
  2       20.9925223176       11.7771097547        3.8273305960
  1       20.5394073178       11.4853216573        3.9370871545
  1       24.0199372823       21.8920157901       23.2924951066
  2       23.9254767607       22.1636559329       23.7613115340
  1       23.8403793191       22.4317153439       24.2339663516
  1       19.6908670111       15.7720044010       13.3553339431
  2       20.2368263482       15.7189572869       13.3151542725
  1       20.7845635096       15.6781708554       13.2865104605
  1       25.9846883984        8.5078238025        6.8093149094
  2       25.9117939688        8.4648358381        6.2658644176
  1       25.8302819640        8.4443771466        5.7223230355
  1       14.9494721425       11.0655321879       23.6250890232
  2       14.4733212160       10.8007363268       23.7003449013
  1       13.9797710867       10.5668079325       23.7650424683
  1        9.6149468000       10.8642652777       11.7089741833
  2        9.6563663368       10.3357133784       11.5626276368
  1        9.6941853591        9.8080354806       11.4122090319
  1       21.4846456384        6.5823213444       23.0036770513
  2       21.3080097658        7.0318482932       23.2667840462
  1       21.1239424760        7.4670962464       23.5481707038
  1       20.1901367871       20.4091346307       13.3650627765
  2       20.0494601669       20.7496644518       13.7734125401
  1       19.9083376639       21.0870493998       14.1842115603
  1       12.3677811650       20.4655056233        0.3868790332
  2       11.8949803104       20.7446827756        0.3549499001
  1       11.4171183681       21.0115557211        0.3008500479
  1        0.8606033524       16.7116852105       18.7309130313
  2        0.4396228158       17.0069484551       18.9260924469
  1        0.0196912273       17.3052079593       19.1189621649
  1        1.4919574914       12.6780985915       24.5104326721
  2        1.9331877039       12.6941064204       24.1824697947
  1        2.3591350849       12.6947716080       23.8345209692
  1       22.0208748978       12.0486021931        0.0457000837
  2       22.3260090435       12.3761818787        0.3652070518
  1       22.6206125459       12.6967089405        0.7013189052
  1        5.3586129399       20.0472828001       24.0213445422
  2        5.7771301147       19.8202068669       23.7460630591
  1        6.1820514742       19.5943138223       23.4502404365
  1       15.6351325075        0.8155200388       14.5129679812
  2       15.4089320694        0.9945709320       14.9812351479
  1       15.1709285841        1.1706806091       15.4447432078
  1       23.4246658603        2.1077579291        5.6440237289
  2       22.9504663386        2.0020087891        5.9018064532
  1       22.4737360957        1.8809401749        6.1479175360
  1        9.1593849661        7.2332564303        6.5933135915
  2        8.6403216568        7.2202673978        6.7747097491
  1        8.1189071187        7.2292508060        6.9494843949
  1       12.0660230841       26.7281741948       23.0932103551
  2       11.5784628382       26.9374538458       23.2380793798
  1       11.0887024250       27.1546254380       23.3624628037
  1       25.2910406808       27.6807537290        1.1164555109
  2       25.0497408096       27.6682396020        0.6223727559
  1       24.8105746461       27.6682943390        0.1270955182
  1       18.8354049607       11.1295830707       24.2992280674
  2       18.5309909223       10.7138206094       24.4915134518
  1       18.2192334555       10.3015685005       24.6795439800
  1       13.4621919977        2.7245813778       11.4630588449
  2       13.8773884107        2.8781527906       11.7894447511
  1       14.2980777823        3.0246306598       12.1120353360
  1       13.3483241396        7.7134276869       12.2243349409
  2       12.9581071874        7.3484263825       12.3547373105
  1       12.5582667098        6.9958469784       12.4900715459
  1        9.4086194907        8.7632736108       23.5039258080
  2        9.4005937994        8.2697494237       23.2612955027
  1        9.3887989607        7.7790160763       23.0132195820
  1       10.7718182456       10.6226895667       19.6098149481
  2       10.4259892768       10.4735610712       20.0106428616
  1       10.0711066370       10.3317969829       20.4061946967
  1       22.7275207457       14.0020066907       25.1158668780
  2       22.7296307729       14.3811606705       24.7174477426
  1       22.7219366292       14.7512768235       24.3106863477
  1       14.4937642375       15.7351795561       14.8740575643
  2       14.7697318709       16.1866660815       14.7240516220
  1       15.0506474743       16.6318686401       14.5647371389
  1        6.5755956172       15.3231391963        3.5877552725
  2        6.3937676891       15.2313295722        3.0768642885
  1        6.2003201642       15.1222828779        2.5736875079
  1       10.7154422952        2.9343824286       19.6835872135
  2       10.7521450094        2.3858858597       19.6661394440
  1       10.7869730534        1.8373143001       19.6472648493
  1       19.8540794624        1.0741012055        8.7070813549
  2       19.6799851458        0.5668105497        8.8289310961
  1       19.5078182006        0.0678661833        8.9835695815
  1        0.7603661213       20.9675626538       10.5853227138
  2        0.3623798080       20.7019602646       10.8565463582
  1       -0.0378526433       20.4369224154       11.1250029141
  1       19.5621852861       18.3871593080       27.6347260602
  2       20.0363597391       18.2008865138       27.4274556228
  1       20.5065416816       18.0157073973       27.2103435900
  1       24.7707604851       23.4950758546        2.9912896075
  2       24.7689259818       23.9405759439        2.6687585159
  1       24.7713032315       24.3847047840        2.3443453211
  1       25.8075068834       10.5263165184       17.3656352225
  2       26.0304374349       10.4903379735       17.8671404702
  1       26.2391347490       10.4409345028       18.3736034275
  1       16.1431516668       20.7031711830       21.7971116919
  2       15.8357705487       21.1434400252       21.6780310688
  1       15.5299966002       21.5909639700       21.5846254466
  1       22.4668351008        6.8655526411       12.9685534944
  2       22.4774167547        6.3231297409       12.8781907481
  1       22.4866546406        5.7805375794       12.7887010462
  1        0.0089894241       24.9403174627       17.4858075043
  2        0.5272537125       24.7583409879       17.5138554987
  1        1.0436135925       24.5773130489       17.5695453420
  1        6.2314558431       16.3947899886       22.1615677273
  2        6.5642278373       16.6803646450       21.8295889397
  1        6.9071262588       16.9277769789       21.4778677311
  1       22.4526929600        5.6296929782        3.9762189184
  2       22.7235608233        5.6903167960        4.4510403094
  1       23.0089749055        5.7244002459        4.9199508756
  1        8.2842596691        6.0045293245        3.5562477625
  2        8.0357806033        5.8119697505        3.1049397033
  1        7.7756165521        5.6201212436        2.6599578881
  1       25.8987357970       23.5790488013       26.7153555189
  2       25.9729347577       24.0889104727       26.5229091879
  1       26.0696239941       24.5957586042       26.3324986784
  1       17.5457213341        3.8440077352        9.0436091644
  2       17.0878715440        3.8063673260        9.3460273671
  1       16.6282159250        3.7790492372        9.6468104000
  1        5.9709078573       11.5062331320        4.4669928385
  2        6.3966387340       11.8367545832        4.5765774673
  1        6.8356736263       12.1545172986        4.6702536064
  1        4.2769628353        8.6982718288        2.6383272120
  2        4.6270199417        8.4338955266        2.9700879588
  1        4.9665266112        8.1663347154        3.3101562353
  1       20.9021306604       25.3871758769        6.4234578270
  2       20.6655787091       24.9140905661        6.5742340288
  1       20.4389631217       24.4364744629        6.7259845889
  1       10.0424335559       15.0932790502        4.5494046769
  2       10.4399011644       15.4709094733        4.5056466635
  1       10.8438541805       15.8419598415        4.4651055241
  1       25.6538649594       15.9147138189       22.7382870831
  2       25.6398064656       16.3748267152       23.0392828993
  1       25.6376702298       16.8276885177       23.3513912511
  1       20.6036228313       15.8228054467        6.5155488654
  2       21.1314594187       15.7556650590        6.6547634670
  1       21.6594003898       15.7021390301        6.7993777620
  1        2.1760035670       14.7827379924        8.3965852625
  2        2.1983120761       14.7903868330        8.9460794169
  1        2.2243435110       14.7891327818        9.4954616069
  1       16.7779794544       11.4058295271        3.9984921139
  2       16.6817745731       11.3237947358        3.4632212349
  1       16.5962105164       11.2191998775        2.9300808155
  1        2.1720678738        0.5324175514       12.2296220136
  2        1.8962872913        0.6020724124       11.7588850694
  1        1.6308378153        0.6906893864       11.2854047566
  1       15.1549769355        4.5237911122       25.3391715614
  2       15.4823960405        4.3271304481       25.7349256679
  1       15.8060387209        4.1227118738       26.1298540930
  1       18.7664109603        0.1559938668        4.9762988871
  2       19.0547366209        0.5408136051        5.2432859327
  1       19.3468512513        0.9148198119        5.5212938444
  1       14.5675135722        8.6468390902        5.8101744697
  2       14.9689257490        8.4519311316        6.1317007547
  1       15.3786723573        8.2340683535        6.4269015777
  1       11.2056820258        3.7360072505       22.9438569806
  2       11.4860908242        4.1334034515       22.6870551791
  1       11.7618341909        4.5425917738       22.4440932242
  1       21.0353565680       14.5588698510       10.2664006950
  2       21.5666989596       14.7003823820       10.2786263412
  1       22.0936512106       14.8577287338       10.2865918771
  1        7.5247298407       21.6596650702        1.3610969708
  2        7.3727035022       21.4146859975        0.8927239929
  1        7.1882062177       21.1728258697        0.4345052356
  1       22.7036513809       27.0231654127        3.4472618805
  2       22.2038572669       27.1863635859        3.2857929986
  1       21.7094795113       27.3530046211        3.1116625902
  1       16.2801117742        4.8048917452       15.4931957995
  2       15.9165641713        5.2170296473       15.4713900657
  1       15.5576093614        5.6332988008       15.4521174085
  1       25.4331020169        3.5912413627        0.3924416923
  2       25.3040363030        4.0213020322        0.0748100470
  1       25.1411028771        4.4475297953       -0.2322446577
  1       26.3684696346        3.9740787206       17.7353973149
  2       26.6166248165        3.4850968879       17.6927854276
  1       26.8283533241        2.9785888087       17.6593100067
  1        4.5320544993       21.7824085718       16.7489799445
  2        4.5852921467       22.3266419068       16.8079361146
  1        4.6244046949       22.8721516976       16.8661536006
  1        9.0724284548        6.5850197815       13.4441124786
  2        8.6883784782        6.4916084390       13.8265780803
  1        8.3101403687        6.3849993844       14.2113773019
  1       20.8860702632       22.8446124555        2.7195144223
  2       20.8900293594       22.3087251194        2.8432443241
  1       20.9072283557       21.7849946004        3.0103087934
  1       12.1456727768        6.9641724416        4.7239929911
  2       11.8254877290        6.5301328626        4.6163306533
  1       11.5176797789        6.0902335653        4.4969871448
  1       12.3225039631       26.2593801157        4.8527517214
  2       12.4740125132       25.7395110072        4.7564123773
  1       12.6452858895       25.2213447262        4.6880813098
  1        1.9446518198        9.2095339752       20.9314935459
  2        1.4342837549        9.3162688468       21.1065138462
  1        0.9138210553        9.3871717868       21.2695823911
  1       23.3879687409       24.7307206840       13.2227487217
  2       22.8463136854       24.8218112172       13.2512498735
  1       22.3011027921       24.8941658321       13.2481049485
  1        1.1942668918       12.8746406954       17.6152971708
  2        1.3568202446       12.4622282891       17.9408619333
  1        1.5251224897       12.0450483385       18.2573034637
  1        4.9917675605       16.5282775395        6.7606254943
  2        4.7258512015       16.3622492058        6.3087150138
  1        4.4524756747       16.2025673207        5.8589734037
  1       22.4609718666       18.9987765686       23.0882279517
  2       22.2637648942       19.1784171912       23.5692047253
  1       22.0830109563       19.3568672235       24.0570403522
  1        4.7951932077       11.1646971960       19.0177468776
  2        4.8075501813       11.3958960729       18.5188537182
  1        4.8218436521       11.6423470787       18.0273686244
  1        8.0837018031       25.6225093214       21.6922164016
  2        7.7093846948       25.9043752451       21.4042262914
  1        7.3458088468       26.1905608703       21.1068874450
  1       18.7809644105        8.2217538104        8.5451892544
  2       18.7673485528        7.6754111355        8.4833484103
  1       18.7619543419        7.1297006794        8.4150036991
  1        7.5314643888       10.7206531855       25.1763386115
  2        7.0605568096       10.4647794693       25.2999294410
  1        6.5796253424       10.2177948473       25.4009419125
  1       17.8273973087       21.3328645714        8.4290048283
  2       17.6413329229       21.6931023213        8.0573748943
  1       17.4574531069       22.0573436704        7.6885708110
  1       14.7076951464       15.0212761143       20.6753108514
  2       14.4176257788       15.4352257424       20.8921182945
  1       14.1044942348       15.8315949506       21.1096960644
  1       11.8028224632       18.8198608165        5.9133408841
  2       11.6541110200       19.3151488319        6.1006232603
  1       11.5078651535       19.8130284392        6.2829088664
  1        9.8228603480       24.1239838070        2.0953919497
  2        9.5366875786       24.2434566589        2.5496290945
  1        9.2648755311       24.3634716173        3.0124623470
  1        5.9217587337        6.0380578181       16.5564351967
  2        5.5277051178        5.8622996302       16.2153621735
  1        5.1416074406        5.6953114184       15.8610409636
  1        3.7136970241       13.5435930086       12.3991819463
  2        3.5190968273       13.0392905216       12.2976449333
  1        3.3264560699       12.5305287135       12.2167069310
  1       17.5317374569       26.7662145054       17.4534429921
  2       17.0033765376       26.8472585620       17.5829288981
  1       16.4660185985       26.9147928522       17.6787702452
  1        1.0219029556        1.0912867614        1.5168437538
  2        1.1271973879        1.6174967763        1.3963609635
  1        1.2285376553        2.1494291442        1.3000380422
  1        4.2401884013        0.5008340368       27.9430027340
  2        4.6602715458        0.6045561658       27.6034856186
  1        5.0686114214        0.7167966301       27.2525431402
  1        6.1211917444        7.2397516157       10.6705080631
  2        6.6168641122        7.0031219185       10.6419547754
  1        7.0924988050        6.7275138499       10.6242960528
  1        5.5571871969        0.7262180599        5.8898122111
  2        5.7926070981        0.5691202161        6.3614028573
  1        6.0580558459        0.4252927757        6.8211317216
  1       12.4805158949        7.6837700445       24.9243476286
  2       12.6594047727        7.5557568323       25.4284422496
  1       12.8359881588        7.4047938794       25.9269685715
  1       25.2224416629       19.2358772593       20.2006894544
  2       25.6250426906       19.4863596140       20.4793846328
  1       26.0228879718       19.7299981985       20.7706909516
  1       19.7705685256       15.9505907005       23.1068660259
  2       19.8134240251       16.4973912994       23.0659696791
  1       19.8327698450       17.0456469266       23.0267076680
  1        9.3185258568        1.0805547286       25.8756509861
  2        8.9814812804        0.9062261774       26.2737847698
  1        8.6554378632        0.7366391279       26.6829741169
  1        2.3195238809        5.8596699745       22.4304938892
  2        2.6362460135        5.4915559910       22.6887170211
  1        2.9621742498        5.1293668904       22.9438441251
  1        2.2352269963       10.8615409311       14.9966809053
  2        1.7107855062       10.8461567294       14.8316825726
  1        1.1809300758       10.8256329759       14.6856277972
  1       25.5939949956       27.3777506424       19.7594358958
  2       25.1339360282       27.6507915347       19.6317863066
  1       24.6706166871       27.9337838801       19.5437492713
  1        8.0817457996        8.5193978407       17.3569270544
  2        7.7230359332        8.7876588955       17.6760872621
  1        7.3683542519        9.0540036997       18.0012969625
  1        7.0526039627       14.1406278286       11.5174766504
  2        7.0808464466       14.1781522937       12.0654677787
  1        7.1318416770       14.2255681695       12.6110419901
  1       18.0391770006        8.5297437680       21.3276742970
  2       18.2617526344        8.0307864517       21.3909331603
  1       18.4685814173        7.5244759074       21.4489976617
  1       13.7429932413        5.9409809234        1.4219780190
  2       13.2054381829        6.0562613444        1.4376299766
  1       12.6707994162        6.1817055175        1.4680462146
  1       27.3892582410       12.7199007191        8.2762380457
  2       27.2803638609       12.2270323773        8.0577825317
  1       27.1325512581       11.7430479362        7.8423515816
  1       -0.4070422399        5.1830256637        6.4404602394
  2        0.1105363609        5.1709489120        6.6261119134
  1        0.6241724709        5.1588126271        6.8224041855
  1       26.7296710771        1.4422432955        7.1195891204
  2       26.3110847269        1.1516364049        7.3265507174
  1       25.8916888462        0.8578376809        7.5272729234
  1       20.2122883506       21.9489175537       26.4251643247
  2       20.4692460838       21.7016165329       26.8438705802
  1       20.7347192904       21.4604490338       27.2608384602
  1        3.7312633192       12.7946686805        2.7665243116
  2        3.5891269238       12.3433467094        2.4861571889
  1        3.4576301629       11.8820809079        2.2170058165
  1        7.0335298738       18.4988026311       17.1318584587
  2        7.1770403571       19.0273603886       17.1821718580
  1        7.3211907316       19.5547419244       17.2420833287
  1       20.0442000024       14.9400492339       26.6292262066
  2       19.9311927445       14.7128939314       27.1172116860
  1       19.8104435569       14.4784360450       27.5998597278
  1       21.5386033765        2.7553144946        2.5217047159
  2       22.0796571521        2.7845626319        2.4273365090
  1       22.6236330738        2.8026086146        2.3481876739
  1       21.8652259102       21.9796859280        9.3953053186
  2       21.3298712837       22.1032576568        9.4203143521
  1       20.7955741052       22.2334688574        9.4287740950
  1        5.4061620787        6.7493871827       27.7831901800
  2        5.7801372028        7.1476020714       27.7194131540
  1        6.1676594660        7.5353870408       27.6752621405
  1        4.8600665124       13.5509343468       27.5941028361
  2        4.5211366078       13.2744827222       27.2606346681
  1        4.1826176493       12.9768883946       26.9454481680
  1       16.9406435010       17.7884489498       11.6945883133
  2       17.4621263432       17.9550880454       11.7473808991
  1       17.9802413702       18.1337380809       11.7936516516
  1       23.2066277979        0.3634881577       14.2221040184
  2       23.4112463862        0.2771043137       13.7189449334
  1       23.6316943941        0.1845358242       13.2236331634
  1       15.1671618371       15.0334579767        9.6216536661
  2       14.8461558228       15.0990463958       10.0634152512
  1       14.5400820136       15.1923043745       10.5107649709
  1        0.7872786953       18.8609764666        7.2898215153
  2        0.7596129519       18.5612450892        7.7501428249
  1        0.7574703860       18.2447160799        8.1999258779
  1       17.7182060231       18.6573827902        2.8282140696
  2       18.1829818455       18.9189133104        2.6937327626
  1       18.6311085640       19.2127583827        2.5698880347
  1       16.1971302592       11.7640124378       27.5068068000
  2       16.5737276776       12.1638141563       27.5356680273
  1       16.9417873498       12.5709287159       27.5715819799
  1       15.9214921332        0.5021889445       10.7246085499
  2       15.8689068880        0.0066530029       10.9573722123
  1       15.8091170657       -0.4912628098       11.1832151214
  1       12.3749942409        4.0617150172       14.5448627279
  2       12.1383133318        4.4690981040       14.8286252482
  1       11.8644114389        4.8660213903       15.0930674098
  1       19.1202205750        2.1146873976       24.3270163152
  2       18.6152006677        2.1506636113       24.5418665078
  1       18.1124505345        2.1969860718       24.7600328027
  1        6.7070309672       11.1677108688        1.3223701902
  2        7.1886937038       11.2671622619        1.0761783370
  1        7.6702885368       11.3710623335        0.8316968635
  1        5.0392552498       17.1055326925       11.0860294133
  2        5.1081586213       16.9047658204       10.5786390424
  1        5.1725449025       16.7149106265       10.0664775335
  1        8.3546832465       21.6574632777        9.5785887955
  2        7.9637145208       21.9928836607        9.3858801494
  1        7.5819740682       22.3477940631        9.2103443067
  1       13.1158283751        4.3405188656        8.2184873291
  2       13.4308990281        4.3687651857        7.7685621919
  1       13.7456635898        4.4280678497        7.3214531854
  1        3.0494332182       26.1173000622        3.6873650719
  2        3.2910614671       26.5950913727        3.5615427649
  1        3.5146552379       27.0795722646        3.4281857627
  1        8.7004275888       17.7055056623       11.9609280653
  2        8.4387108383       18.1328980261       11.7343445047
  1        8.1745631761       18.5617017324       11.5133164683
  1       23.0970031642       15.8727662290       28.1394436745
  2       23.3055001309       16.0776190733       27.6735420464
  1       23.5303436339       16.2664008996       27.2084540760
  1        2.6886747215        8.2997845239       17.5303135409
  2        3.2074093226        8.4272147168       17.3992564558
  1        3.7225692933        8.5731772991       17.2735380078
  1        9.0607069860        4.5048762685       26.3942584643
  2        9.3062799153        4.7600613770       25.9734562581
  1        9.5507847811        5.0205591042       25.5552956385
  1       25.8445843609       13.4693184085       15.2903705217
  2       25.9469884675       13.6173929544       15.8100697884
  1       26.0303646568       13.7523771647       16.3366888851
  1        4.9589672848       25.3668908855       18.8729307886
  2        4.7070104280       25.7678705824       18.5932291172
  1        4.4696076201       26.1630774203       18.2933100264
  1        4.5290540309        1.9953567358       20.1174416017
  2        4.4770100932        1.8105275236       19.6020489448
  1        4.4346846401        1.6409402411       19.0805619280
  1        1.6009176592       21.7680276269       14.1535320150
  2        2.0110434183       21.8233983040       13.7912738891
  1        2.4127939437       21.8889793206       13.4214149367
  1       15.0270435886        6.6338116659        9.4146441040
  2       15.4531763143        6.6449155907        9.7621892132
  1       15.8777349340        6.6559668048       10.1116571632
  1       16.8645908660       13.8538094301       24.5776785917
  2       16.7175192515       14.3712136283       24.4629491888
  1       16.5921040572       14.8944053994       24.3487502453
  1       13.4984691103       17.7977162831        2.8998608066
  2       13.7671773391       18.2755250640        2.8551992270
  1       14.0340873368       18.7555213165        2.8258283286
  1        4.3742750292       22.4936005638       21.6607178148
  2        4.5549224816       22.9931134230       21.8033831625
  1        4.7439572359       23.4866339092       21.9557097533
  1        3.7735724062       15.8294741827       24.9490320658
  2        3.8683939303       16.3295251223       24.7405663939
  1        3.9976011257       16.8271249450       24.5451184056
  1       23.4942911808        9.2251104009        2.6627177127
  2       23.8871210326        9.5668254234        2.4854733873
  1       24.2833925486        9.9166782157        2.3335789887
  1        7.6776962370        1.9300547830       22.1154169765
  2        7.7547050116        2.2848090890       22.5285985721
  1        7.8294962053        2.6351311230       22.9459482443
  1       27.7210403276       27.5915631914       24.4243637701
  2       27.7467529194       27.4244120157       23.9010098295
  1       27.7683883205       27.2646657305       23.3751647642
  1       22.0227839550        4.1293381995       25.7793332106
  2       21.8683055733        4.1723530661       26.3054379063
  1       21.7048025887        4.2262554196       26.8277991887
  1       13.3775598677       15.0094543353        6.2880870520
  2       13.6806751119       15.4051475339        6.5205693982
  1       14.0002144341       15.8030381344        6.7256978716
  1       16.2444815618       25.8607288890        7.6738994513
  2       16.6239877109       25.8801673239        7.2762850275
  1       16.9945921508       25.9048409683        6.8706453359
  1       17.5136445696       12.9991563385       20.8915848739
  2       17.8262281989       12.6231196237       21.1433543395
  1       18.1252006196       12.2450116243       21.4082124742
  1       10.6161478361       19.2934862452       15.9762741603
  2       10.9482444283       19.7096575101       15.8383853223
  1       11.2906971741       20.1221603999       15.7156356509
  1       17.2841062324       21.7481165180       11.9737045853
  2       16.8496755705       21.5615676925       11.6926893976
  1       16.4203940416       21.3639853802       11.4113024794
  1        5.5908597312       18.8248399974        2.1717228334
  2        5.4756222941       18.4723538774        1.7655530804
  1        5.3791028693       18.1072156815        1.3657304978
  1       25.6549346352        3.6333942731       13.5539782273
  2       25.8976060691        4.0856721568       13.7516023428
  1       26.1712546149        4.5201863808       13.9486146814
  1       27.4230564800       26.3787312388        3.4460248470
  2       27.4261724679       26.7555698266        3.8466281038
  1       27.4215866181       27.1277557072        4.2515436990
  1       11.5781971822       11.3849493368       26.7254105086
  2       11.4591555329       10.9116508390       26.4718013257
  1       11.3308439598       10.4452860976       26.2099997459
  1        1.9489797335       14.8674577255       21.2721462064
  2        1.4424581721       14.9767372924       21.4565205108
  1        0.9290076340       15.0791177055       21.6250043229
  1        5.5296560541        8.7023236299        7.3016742149
  2        5.2609967081        8.8315883701        6.8394915857
  1        4.9752985178        8.9765623681        6.3924355681
  1       25.5966118377        5.7608197956        9.6723832873
  2       25.3691332143        6.0794834069       10.0586564791
  1       25.1115024219        6.3920628058       10.4307055259
  1       19.3824531253       23.9647399918       17.0061352453
  2       19.8215940888       23.8463971296       16.6968616105
  1       20.2725885775       23.7068804863       16.4146576482
  1       21.3231692157       14.3191823079       17.0549720056
  2       21.6418693443       13.8792461977       17.1409164468
  1       21.9376365176       13.4213648475       17.2141724862
  1       13.3600004049       24.3525913204        1.1893714149
  2       13.7635651629       24.3028898979        0.8190131361
  1       14.1778242422       24.2473154489        0.4615206259
  1        8.7719611252       13.5991583732       24.4318739064
  2        8.5435393482       13.7982491701       24.8908797302
  1        8.3007493671       13.9847615834       25.3477890689
  1        0.6944336282       17.9869606390       25.8349357410
  2        0.9235161220       18.4367612887       26.0533403804
  1        1.1467399992       18.8855480043       26.2797505911
  1        1.9596188684       25.7370451895       27.1226722032
  2        1.5139598180       25.6930195765       27.4419679223
  1        1.0714783272       25.6223610480       27.7608997358
  1       20.2900676195       19.4717242309        6.2110856697
  2       20.7072460210       19.2743523238        5.9119092808
  1       21.1229512622       19.0967870910        5.5986047333
  1        8.0887100688       18.3341587703        6.7111367982
  2        8.1749113449       17.8217451668        6.5308546889
  1        8.2717890451       17.3059673769        6.3662704197
  1       11.0771220730       16.3480708561        8.6490198941
  2       10.5931463426       16.3638335638        8.9098244751
  1       10.0967501094       16.3950075296        9.1445987549
  1       16.4331272042       25.5006438309       14.5699634655
  2       16.2592347493       25.2969974410       14.0895578431
  1       16.0947110156       25.1014937840       13.6025154834
  1       12.1985191182       24.1583257436       14.5031917685
  2       12.2255394600       23.8859408596       14.9802414264
  1       12.2691262139       23.6100638952       15.4540473934
  1       12.9949436185       27.9073379511        8.7216823045
  2       12.9030623527       27.3790872512        8.5991709538
  1       12.7758079973       26.8661163695        8.4469631926
  1       17.7333333384       13.4086583216       10.7397011189
  2       18.0965474715       13.0355453062       10.5626074398
  1       18.4699834831       12.6695533827       10.3920335373
  1       13.8426984546       26.9126430963       20.1214903602
  2       13.8966154254       27.4550842587       20.1946377839
  1       13.9435245818       27.9993743247       20.2582605322
  1        5.3426182030       12.4658177364       22.8819493329
  2        5.4438922307       12.8637177273       22.5159996525
  1        5.5717489737       13.2616581964       22.1585139391
  1       14.1416147793        4.2444377092       17.8657007368
  2       14.2947220933        4.0544369503       18.3586082962
  1       14.4310134319        3.8830883597       18.8631519816
  1       11.6212916975       27.1394051185        1.8622862822
  2       11.8428283871       27.4527084164        1.4682526051
  1       12.0429592748       27.7885221874        1.0813718250
  1        2.5756967828        4.9246160128       17.9170684896
  2        2.3229488171        5.0545898210       18.3879456233
  1        2.0663003704        5.1845982314       18.8566986361
  1       19.1742487754       25.8835186168        1.2466862301
  2       18.9361097993       25.9273295807        1.7405186181
  1       18.6818797267       25.9623831582        2.2269734628
  1       23.1025756616        7.0852424726       27.3933839538
  2       23.4977227200        7.4391021341       27.2479805765
  1       23.9029731995        7.7760986410       27.0908010543
  1       16.2106437323       18.9222832765        5.6298314701
  2       15.9415402251       19.3919052353        5.5321661319
  1       15.6611655730       19.8557049384        5.4384650714
  1       21.9180508657       12.7637295182       21.8456886025
  2       21.9888312146       13.0735353685       21.3967894186
  1       22.0736645347       13.3977345146       20.9606722091
  1       22.1435503363       24.7282362292       26.8577858326
  2       22.2071115189       24.6265091807       27.3945460991
  1       22.2684592893       24.5301408650       27.9325513015
  1       14.2450374403       11.7960415658       12.9954292047
  2       14.4158910123       12.3185818313       13.0115762735
  1       14.5719359803       12.8456985799       13.0288360633
  1       17.4352634050       22.2886308976        3.8434605876
  2       17.1502169155       22.7240329934        4.0214311294
  1       16.8537024163       23.1559100242        4.1889464453
  1       17.1120484471        8.9102740778       14.1644467054
  2       16.6028937320        8.7656147499       14.0149971989
  1       16.0887478809        8.6384404454       13.8667381719
  1        9.3453224965       27.2851447424        6.5639004524
  2        9.3746141851       27.5426440156        6.0787859079
  1        9.4267997017       27.7715702253        5.5814234029
  1       17.1912550731       24.1598338672       26.1511265556
  2       17.2440629708       24.1506542595       26.6985085618
  1       17.3047918286       24.0982026850       27.2426232897
  1        1.5319011994        3.3753461632       14.9728277664
  2        1.9464521967        3.6053731416       14.6940176880
  1        2.3624648065        3.8246127050       14.4087677602
  1       10.0348021994       24.2567790000       26.4480609699
  2       10.4287029151       24.6126523993       26.5919232300
  1       10.8072769390       24.9970616484       26.6987466199
  1       19.3142489835       26.8445732974       13.1335078638
  2       19.7548528324       27.1437381552       12.9961447096
  1       20.1804484420       27.4617879711       12.8539733668
  1       27.6119845124        3.1299286026       10.8742213432
  2       27.6807397385        3.2152385111       10.3352455196
  1       27.7486343638        3.3113079207        9.7979737193
  1        8.6469132492       11.6381718597       16.2648926623
  2        8.2932170131       11.7444807761       15.8573421907
  1        7.9481775409       11.8741714363       15.4491411443
  1       19.2463818933        5.5994333937        1.4842114142
  2       19.6846401638        5.9310560399        1.5055681192
  1       20.1423493951        6.2349804532        1.5307118980
  1       25.5783236944       25.1039592678        6.4727788075
  2       25.1722259737       25.3320370808        6.1802635900
  1       24.7573577679       25.5772638068        5.9152197754
  1       26.3876894417       20.0380435158        4.3909649090
  2       26.3633780025       20.5076901051        4.6761684067
  1       26.3147606521       20.9677671850        4.9735997984
  1       22.3001885987       10.6036297714       24.2010803098
  2       22.6899488331       10.3316623239       24.4778846942
  1       23.0790232566       10.0459449731       24.7414879708
  1       16.7555645917        7.7894766529       17.8876676346
  2       16.4587242033        7.5171777343       18.2621527247
  1       16.1672569490        7.2515687303       18.6455568140
  1        0.9171278844       22.8632103879        2.5202698505
  2        1.1278944532       22.6835791110        2.0450750927
  1        1.3740211467       22.5267259782        1.5789005069
  1       17.6691558056       19.3718763836       24.9478098818
  2       17.3659797373       18.9196302648       25.0256412354
  1       17.0651536220       18.4718389660       25.1328167928
  1       16.7640408752       15.1631851626        3.6906471760
  2       17.2050558510       15.3173571676        3.9808829146
  1       17.6388055966       15.4818683895        4.2763439358
  1        1.3989444517        0.6459845746       17.2694376466
  2        1.7689259855        0.8050210533       16.8948431150
  1        2.1473227149        0.9505570581       16.5231776937
  1       25.3793689424       20.1768839385       26.3534248197
  2       25.7370442808       20.1436370495       26.7699137110
  1       26.0847619147       20.0991253503       27.1937192735
  1       13.4634318379       21.8735454364       25.4112958161
  2       13.9154030804       21.8333116243       25.1004852044
  1       14.3576902479       21.7981492241       24.7754534120
  1        2.1681068381        5.4434478899        3.4065435293
  2        2.3785992173        5.4865666750        2.9002494165
  1        2.5681815966        5.5179832976        2.3849131028
  1       10.4179147186        5.0942205180       10.7882897615
  2       10.3181931544        5.0295986608       10.2512798685
  1       10.2113544937        4.9452560278        9.7183898049
  1       26.8931839704       13.5665395477       11.6709236671
  2       27.3408631557       13.3611904615       11.9156992784
  1       27.8026542642       13.1685793038       12.1440628330
  1        4.2472932581        4.5498782424        6.3354588175
  2        4.4125704742        4.8689238747        5.9190535745
  1        4.5792240345        5.1863005262        5.5019221194
  1       17.5855504703       16.5890570284        7.8962740606
  2       17.8305417023       17.0735463358        7.8082433433
  1       18.0970282694       17.5488540135        7.7336275266
  1       15.7772281505        1.5223904804        6.9712725316
  2       15.8398275219        1.8791008421        6.5573413337
  1       15.9057330981        2.2296511685        6.1386876311
  1       26.4646077084       27.2001090188       15.3332048501
  2       26.8802760219       27.3407962475       15.0016525060
  1       27.3159001948       27.4708299299       14.6920998928
  1        9.4836057511       20.4327586239       24.8958980839
  2        9.8519127457       20.0268628287       24.9417081389
  1       10.2105285184       19.6122628814       24.9864474985
  1       17.4403920126       24.7577942707       20.8379127983
  2       17.2265809659       24.4387356857       20.4442296063
  1       17.0175593225       24.1187969639       20.0486930519
  1       21.7536419197        0.9597912723       27.1966795451
  2       21.6135328274        0.5756613710       26.8288294925
  1       21.4670397500        0.1905549942       26.4645042864
  1        7.7509035740       17.1935041446       26.7140884435
  2        7.3576595528       17.2436030505       26.3328414902
  1        6.9774619296       17.3039455546       25.9400202223
  1       24.3743068475       26.2377712616       24.1470712653
  2       24.4212968269       25.9712660136       23.6682530382
  1       24.4652904435       25.7173487931       23.1823614805
  1       25.5206418860       15.6419586769        8.2524838678
  2       25.2697504167       15.5076884595        8.7231482699
  1       25.0446068099       15.3752855615        9.2071728849
  1       10.9819767207       19.5524082567       10.2649889202
  2       11.0711963259       19.8144044729        9.7897018019
  1       11.1589476444       20.0708952466        9.3111496229
  1       22.0530116288        8.2397214148        7.7038228840
  2       22.4058218670        7.8310344719        7.8087033803
  1       22.7709868334        7.4343845354        7.9174387204
  1       21.0883299046       11.4172894798        7.0428194871
  2       21.0567373972       11.6792567548        7.5253907878
  1       21.0354826105       11.9316440363        8.0136006742
  1       23.5457569542       12.1101438716       13.0072823298
  2       23.0262286145       12.2737415236       12.9309533540
  1       22.4998765199       12.4198143241       12.8667956696
  1        8.5494499757       22.8715707592       19.1707209275
  2        8.1858899794       22.7870611232       19.5746791561
  1        7.7984026370       22.6860481446       19.9517069225
  1        3.5482159202       21.7933188876       26.2213847581
  2        3.8292653854       21.5984220495       26.6521125382
  1        4.1108298435       21.4248056352       27.0915198614
  1       25.0378995155       11.1661697866       27.0545126499
  2       25.5114137678       10.8992820941       27.1385079620
  1       25.9858515090       10.6259087945       27.1902367527
  1       24.5063063253       16.7862251745        5.6588515057
  2       24.3116941045       16.8841294124        5.1538358191
  1       24.1201779651       16.9959620922        4.6505317171
  1       26.6177792614        7.1032798728       16.5303160226
  2       27.0774046389        7.3273237949       16.3277109060
  1       27.5421583920        7.5442318270       16.1290784475
  1       26.8128974708       17.2006383865        1.0609814531
  2       26.4041865310       17.1771540210        1.4282740507
  1       25.9753756831       17.1437444301        1.7710641541
  1        9.5894192299       17.9756122404        1.7853885571
  2        9.4395435786       18.2092265415        2.2602165760
  1        9.2749395327       18.4499970768        2.7265158966
  1       12.8109883397        1.5690141029        5.4757005266
  2       12.7719086747        1.8456490834        5.0019433447
  1       12.7529942907        2.1372381075        4.5359840266
  1       27.5924160197       14.3100059203       26.6423013802
  2       27.0471015316       14.3702818061       26.6035854058
  1       26.5034622215       14.4466564895       26.5700711209
  1        9.8272661275       14.8734982677        1.2515846177
  2       10.2470324787       14.6314784987        0.9913488749
  1       10.6574475582       14.3989545059        0.7085202090
  1       12.4840878505       20.9560687918       18.9072511428
  2       12.6147917260       21.4265701201       19.1603222732
  1       12.7466964076       21.8897313496       19.4259965652
  1        5.6985048261       24.7232609958        0.1986031327
  2        6.2380566205       24.6376675033        0.1349037195
  1        6.7727954161       24.5379889157        0.0535489496
  1       17.1837671190       18.9943983907       15.3391909855
  2       16.8290276981       19.3475381439       15.1112606059
  1       16.4992471560       19.7210759500       14.8784209606
  1       28.1221399474       17.0122852650       11.7529026876
  2       27.6188736506       16.9458291248       11.5412269548
  1       27.1161934006       16.8901183495       11.3251045940
  1        6.3504999225       23.9965573099       11.9755205931
  2        5.9569601434       23.8320588456       12.3227477485
  1        5.5617950312       23.6714445533       12.6699473773
  1        2.1664393048       19.1915166845       17.0995493037
  2        1.7237931749       19.1522026119       16.7754832497
  1        1.2758759093       19.1360561127       16.4567209358
  1       21.2236168345       25.3790460220       19.8972093334
  2       21.6055892944       25.5046889800       20.2724571009
  1       21.9867343449       25.6426718112       20.6441951642
  1        7.0185716925       24.7169036252        5.4258002918
  2        6.6236850527       25.0204088953        5.1924569980
  1        6.2377031195       25.3340660551        4.9576440248
  1       26.6574726897       18.8960798035       14.1265726070
  2       26.2625536273       19.1231343599       14.4347692368
  1       25.8597635210       19.3336514152       14.7445154210
  1        0.0859261422        8.7996038629       10.3017730381
  2        0.2156022383        8.6645659239        9.7846184527
  1        0.3429188279        8.5314791732        9.2663729493
  1       12.6693391036       27.4158447011       12.1939618698
  2       12.3533516012       27.7482209185       12.4975700852
  1       12.0348821070       28.0734194268       12.8063144947
  1       17.1212965512        4.8290024096       22.3822022197
  2       16.8162873335        4.6394899138       21.9656036227
  1       16.4908664244        4.4225381287       21.5789084536
  1        3.3711715400        9.0718659067       10.7729401598
  2        3.3161825727        9.4586825530       10.3858366910
  1        3.2906621123        9.8437464119        9.9939508279
  1       26.8939611103       21.7628025132       17.1270917386
  2       26.5021799632       21.5636143943       17.4577450707
  1       26.1097720055       21.3882970968       17.8009357451
  1       11.1324207843       13.5476619898       13.9098259975
  2       10.8423968562       13.6878536704       13.4640318592
  1       10.5559765979       13.8358813810       13.0184409801
  1        1.9967044072       25.8783244482       21.0349984121
  2        1.9301761105       26.3868904146       20.8364168330
  1        1.8518411720       26.9004874706       20.6559128151
  1        8.4463599474        0.5063392836        2.1141968300
  2        8.0977726291        0.0856907798        2.0506223241
  1        7.7229554037       -0.3123480306        1.9908130277
  1       25.7685868278       22.5296693109        8.3420218264
  2       26.0612493690       22.7989564020        8.7219337892
  1       26.3497867169       23.0833926978        9.0938775908
  1       24.0166484964        3.3800223902       21.2022194589
  2       23.8762829784        3.7059273070       20.7820010554
  1       23.7456969576        4.0326749939       20.3592916526
  1        3.8463232332        3.8544358169       25.9843778448
  2        4.3562263045        3.9915011833       26.1383646727
  1        4.8641047024        4.1108611364       26.3124701970
  1        7.7705600400       15.4823940346       15.9188830996
  2        8.1551622729       15.7528053441       15.6334731382
  1        8.5441924568       16.0282714756       15.3591121981
  1       17.7977807521        0.9175474164       20.8393441330
  2       17.7786156100        0.4780585801       21.1694687460
  1       17.7597885429        0.0440665782       21.5068060887
  1        8.8153229659        2.2856624646       13.0069162867
  2        9.0034478194        2.3484306530       13.5199164758
  1        9.2057887609        2.4113554661       14.0274582084
  1       14.1202810594        7.8276195484       21.6719699484
  2       14.3412361049        7.4678980600       22.0245026684
  1       14.5491830057        7.0933079028       22.3693798923
  1       18.3147397254        6.8722208333       25.0787716744
  2       18.4020722629        6.3687101274       25.2821186611
  1       18.4943856478        5.8672578002       25.4883316615
  1       14.9008059142        2.8295905809        2.0414672191
  2       15.4071913943        2.8279294344        1.8268256897
  1       15.9152262191        2.8329169102        1.6161701868
  1       18.5758184266        5.6048660514       12.7094785920
  2       18.4896072142        6.0951727044       12.4756688128
  1       18.4123382973        6.5970190949       12.2642930485
  1       18.8022923814        1.9517804877        0.6011933320
  2       18.7771806070        2.4003696775        0.2839597624
  1       18.7358797846        2.8554322839       -0.0221648287
  1       12.2551628062       17.3063251245       27.3250360561
  2       12.6310652685       17.2907925239       26.9238427396
  1       13.0184265863       17.2838876517       26.5334537911
  1        2.3116204863        7.6798180288       14.0850931156
  2        2.1233338051        7.3063369959       13.7279376260
  1        1.9408192433        6.9375017818       13.3630417250
  1        1.4374004045        8.7964121317        5.8414585214
  2        1.6081843255        8.3258025440        5.6137317809
  1        1.7885142432        7.8611785760        5.3811254866
  1       10.2525565820       24.0840576882        6.9886897612
  2       10.4362674609       23.6472095929        6.7095588697
  1       10.5887528086       23.1968560376        6.4330993013
  1        4.7186815258        4.3910266874       12.1848524710
  2        5.1145321708        4.0730156532       12.3962082115
  1        5.5027986865        3.7455548454       12.6072023608
  1       12.1347854842       13.1035686945       21.5525776860
  2       11.7704877709       12.9979621304       21.9508670653
  1       11.3997600280       12.9096216263       22.3474233601
  1       14.4608785136       17.8517523575       17.8406260330
  2       13.9125828945       17.8321496185       17.8020560102
  1       13.3678282043       17.7943288245       17.7363908440
  1        1.3992339118       10.5667118984       27.6131693316
  2        1.8435260172       10.2565434256       27.5188292899
  1        2.2726520315        9.9285777417       27.4149573828
  1       23.0472712963       22.2658056601       19.6076547479
  2       22.6976558807       21.9795092521       19.9211885227
  1       22.3670828237       21.6705459493       20.2338594847
  1       24.6245920869       10.6063341827       10.0277888724
  2       24.3385128942       10.8413902137        9.6210858385
  1       24.0590082039       11.0902390689        9.2180332683
  1       11.1764719672        0.3340612540       16.0518718562
  2       11.4460616000        0.6743833456       16.3895141282
  1       11.7367532080        1.0068696884       16.7173116570
  1        8.2625823715       13.1129673563       19.9234926487
  2        8.2791417245       13.2521305525       19.3916473774
  1        8.3068908480       13.3897178552       18.8598582093
  1       19.2635638297        5.7934324138       16.6608999747
  2       19.6512961534        6.1124643134       16.4364399733
  1       20.0374773809        6.4357119993       16.2153630814
  1       20.4366983122        5.0120425649       19.9087566808
  2       20.4149470518        4.6341799665       20.3078139942
  1       20.4256559679        4.2548944631       20.7059695228
  1        6.1696838371       10.6415922150       11.0229570969
  2        6.3387901833       10.5814974529       10.5030612773
  1        6.4758854288       10.5326319710        9.9726679729
  1       25.3529356529       14.0162492078        2.3130400762
  2       25.5179239399       13.5024589622        2.2067459153
  1       25.6901788384       12.9861943459        2.1273790778
  1       16.3568805168       15.7517632777       -0.2257220066
  2       16.2601671422       16.1077056935        0.1822626988
  1       16.1628822396       16.4786584155        0.5765084658
  1       10.4520407119       15.9324083690       18.6536666701
  2       10.2634080328       16.4490466087       18.6520413641
  1       10.0676829914       16.9629291943       18.6412526938
  1       20.6350714024        9.4303601309       11.7703405723
  2       21.0335494843        9.4941910825       11.3966551059
  1       21.4314708629        9.5499745067       11.0210931469
  1       13.9395103960       13.8869509604        1.9421401636
  2       13.7869625132       14.1850000330        2.3784839429
  1       13.6256518382       14.4909995361        2.8060855907
  1       13.4528677189        7.8825043840       16.0071098682
  2       13.4648871609        8.0705651984       16.5238193254
  1       13.5039279335        8.2511801153       17.0418483486
  1       24.2543413871        1.7906385692       10.1570220419
  2       23.7645494143        1.5705081062       10.0380833914
  1       23.2776729475        1.3380578494        9.9312274925
  1       10.1145341015       16.4075281467       23.4084765347
  2       10.1380431383       16.1789917780       22.9087581606
  1       10.1431105365       15.9648269543       22.4021935065


Molecules in box 2
##############################################################################                                           
Moleculetype  1
Number-of-molecules: 0     
Atomtype         X                  Y                   Z


Number-of-fractionals:  1        
##############################################################################                                           
Fractional-type:      2
Box:                  1
Lambda:               0.988435
Reaction-Step         1 (only used if Type = 3 (RxMC))

Moleculetype  1
Atomtype         X                  Y                   Z
  1       26.8786903995        6.8369654728       20.1150773361
  2       26.7535660858        6.3361604632       20.3049147626
  1       26.6249326404        5.8294915390       20.4759119467

------------------------------------------------------------------------------                                           

