#   100 bins for weightfunction of N2                      
 0.0000000    0.7902343750E+001    0.6045703125E+001
 0.0101010    0.7916406250E+001    0.6085156250E+001
 0.0202020    0.7949218750E+001    0.6051562500E+001
 0.0303030    0.8023046875E+001    0.6017578125E+001
 0.0404040    0.8199218750E+001    0.6082031250E+001
 0.0505051    0.8350781250E+001    0.6048437500E+001
 0.0606061    0.8601562500E+001    0.6048437500E+001
 0.0707071    0.8860937500E+001    0.6010156250E+001
 0.0808081    0.9090234375E+001    0.6008984375E+001
 0.0909091    0.9326562500E+001    0.5985156250E+001
 0.1010101    0.9539453125E+001    0.6051171875E+001
 0.1111111    0.9704687500E+001    0.6070312500E+001
 0.1212121    0.9801171875E+001    0.6095312500E+001
 0.1313131    0.9845312500E+001    0.6018359375E+001
 0.1414141    0.9776562500E+001    0.6036718750E+001
 0.1515152    0.9808593750E+001    0.6025000000E+001
 0.1616162    0.9701953125E+001    0.6080859375E+001
 0.1717172    0.9436328125E+001    0.6066406250E+001
 0.1818182    0.9480468750E+001    0.6014062500E+001
 0.1919192    0.9292968750E+001    0.6012109375E+001
 0.2020202    0.9077343750E+001    0.5988281250E+001
 0.2121212    0.8884765625E+001    0.6035546875E+001
 0.2222222    0.8673828125E+001    0.5986328125E+001
 0.2323232    0.8540625000E+001    0.6003906250E+001
 0.2424242    0.8364843750E+001    0.6058593750E+001
 0.2525253    0.8160937500E+001    0.5991796875E+001
 0.2626263    0.7951562500E+001    0.6055859375E+001
 0.2727273    0.7721484375E+001    0.6029687500E+001
 0.2828283    0.7388671875E+001    0.6047656250E+001
 0.2929293    0.7155859375E+001    0.6074609375E+001
 0.3030303    0.6869531250E+001    0.6059375000E+001
 0.3131313    0.6570312500E+001    0.6050781250E+001
 0.3232323    0.6231250000E+001    0.6002343750E+001
 0.3333333    0.5982031250E+001    0.6057031250E+001
 0.3434343    0.5633593750E+001    0.6045703125E+001
 0.3535354    0.5352343750E+001    0.6026171875E+001
 0.3636364    0.5055468750E+001    0.6038281250E+001
 0.3737374    0.4733593750E+001    0.6047656250E+001
 0.3838384    0.4384375000E+001    0.5991406250E+001
 0.3939394    0.4113671875E+001    0.6010156250E+001
 0.4040404    0.3735546875E+001    0.6025390625E+001
 0.4141414    0.3364843750E+001    0.6067187500E+001
 0.4242424    0.3048046875E+001    0.6014843750E+001
 0.4343434    0.2620703125E+001    0.6044140625E+001
 0.4444444    0.2252343750E+001    0.6009765625E+001
 0.4545455    0.1936328125E+001    0.6049218750E+001
 0.4646465    0.1625390625E+001    0.6064843750E+001
 0.4747475    0.1229296875E+001    0.5991406250E+001
 0.4848485    0.8878906250E+000    0.6042968750E+001
 0.4949495    0.5132812500E+000    0.6040625000E+001
 0.5050505    0.3324218750E+000    0.6058203125E+001
 0.5151515    0.3378906250E+000    0.5996093750E+001
 0.5252525    0.3808593750E+000    0.6003515625E+001
 0.5353535    0.3546875000E+000    0.6075000000E+001
 0.5454545    0.3628906250E+000    0.6030468750E+001
 0.5555556    0.3156250000E+000    0.6016015625E+001
 0.5656566    0.2910156250E+000    0.6033593750E+001
 0.5757576    0.3378906250E+000    0.6005468750E+001
 0.5858586    0.3285156250E+000    0.6057421875E+001
 0.5959596    0.3644531250E+000    0.6067968750E+001
 0.6060606    0.3253906250E+000    0.6041406250E+001
 0.6161616    0.3246093750E+000    0.6030468750E+001
 0.6262626    0.3250000000E+000    0.6012500000E+001
 0.6363636    0.2832031250E+000    0.6023437500E+001
 0.6464646    0.3105468750E+000    0.6050390625E+001
 0.6565657    0.3136718750E+000    0.6041796875E+001
 0.6666667    0.3183593750E+000    0.6048828125E+001
 0.6767677    0.3437500000E+000    0.6012890625E+001
 0.6868687    0.3500000000E+000    0.6036328125E+001
 0.6969697    0.3066406250E+000    0.6066015625E+001
 0.7070707    0.2765625000E+000    0.5998046875E+001
 0.7171717    0.2828125000E+000    0.6045312500E+001
 0.7272727    0.2531250000E+000    0.6047265625E+001
 0.7373737    0.2542968750E+000    0.6010937500E+001
 0.7474747    0.2648437500E+000    0.6030468750E+001
 0.7575758    0.2769531250E+000    0.6017968750E+001
 0.7676768    0.2468750000E+000    0.6037500000E+001
 0.7777778    0.2570312500E+000    0.6014453125E+001
 0.7878788    0.2386718750E+000    0.6046875000E+001
 0.7979798    0.2222656250E+000    0.6047656250E+001
 0.8080808    0.2089843750E+000    0.6016796875E+001
 0.8181818    0.2152343750E+000    0.6075000000E+001
 0.8282828    0.1714843750E+000    0.6062890625E+001
 0.8383838    0.1734375000E+000    0.6002343750E+001
 0.8484848    0.1722656250E+000    0.6010937500E+001
 0.8585859    0.2191406250E+000    0.6029687500E+001
 0.8686869    0.1875000000E+000    0.6044921875E+001
 0.8787879    0.1425781250E+000    0.6011328125E+001
 0.8888889    0.1449218750E+000    0.6009375000E+001
 0.8989899    0.1460937500E+000    0.6011718750E+001
 0.9090909    0.1214843750E+000    0.6050000000E+001
 0.9191919    0.8593750000E-001    0.6000781250E+001
 0.9292929    0.9843750000E-001    0.6010546875E+001
 0.9393939    0.9453125000E-001    0.6015234375E+001
 0.9494949    0.1000000000E+000    0.6097265625E+001
 0.9595960    0.7421875000E-001    0.6007031250E+001
 0.9696970    0.3789062500E-001    0.6009765625E+001
 0.9797980    0.0000000000E+000    0.6010937500E+001
 0.9898990    0.6171875000E-001    0.6019531250E+001
 1.0000000    0.3476562500E-001    0.6014062500E+001


