Simulation state at cycle:    1100000
##############################################################################                                           

Number-of-molecules: 401   

Box-size(s):    27.986319   50.668380

------------------------------------------------------------------------------                                           

Deltas
Translation per molecule type
Box 1    0.7284967006E+000
Box 2    0.2530055787E+002

Rotation per molecule type
Box 1    0.1393461850E+003
Box 2    0.1800000000E+003

Volume    Delta_Volume
Box 1   0.4946388797E+003
Box 2   0.2289994814E+004

------------------------------------------------------------------------------                                           

Molecules in box 1
##############################################################################                                           
Moleculetype  1
Number-of-molecules: 354   
Atomtype         X                  Y                   Z
  1       24.7604032597       22.2334950946        1.7469464432
  2       24.3153919680       22.5487100979        1.8183918905
  1       23.8708963829       22.8576134886        1.9158719860
  1       17.8451077877       12.4729082426       14.3027843048
  2       18.3355209294       12.2943334455       14.1292735207
  1       18.8324305919       12.1283217401       13.9618790764
  1       24.5086751515        3.7129798848       22.1162278963
  2       24.8027722428        4.1268840459       22.3276285734
  1       25.0976084974        4.5392363950       22.5410228614
  1       28.0317652054        3.3841577266       20.5190558951
  2       27.5082798506        3.2287129019       20.4534815879
  1       26.9875200099        3.0815155202       20.3552873006
  1       23.6661723738        3.2880176017       18.4411464512
  2       23.1886744164        3.5506022724       18.5156111508
  1       22.7138888675        3.8156546560       18.5982302493
  1       23.9549034915        1.1060720091        8.3203394604
  2       24.2641319870        1.5604740355        8.3402526715
  1       24.5898017228        2.0036150585        8.3321745618
  1        6.0257814943        3.7366146396       25.3997137620
  2        6.4713878243        3.7871792806       25.7181132213
  1        6.9288482276        3.8185285159       26.0218354693
  1       11.7259680732        3.3994642845       10.9159496028
  2       11.3291987051        3.2589663306       10.5619236241
  1       10.9279806620        3.1018705332       10.2200976577
  1       16.5415953252        7.1850500884        2.7250366187
  2       16.8032010231        7.4517386504        3.1286944810
  1       17.0534904053        7.7276066961        3.5333573598
  1        3.2706169551       24.2396457327       11.4041456371
  2        3.2479355573       24.1584906206       11.9476522166
  1        3.2147408091       24.0685588683       12.4892335933
  1       12.8650550638       22.4179376325        2.9282724524
  2       13.2835978628       22.1373549061        3.1487157763
  1       13.7120111852       21.8693646220        3.3658406985
  1        3.2738449646       27.4527584796       14.7641530142
  2        3.5747270428       27.4762537081       14.3043509381
  1        3.8743654142       27.5026498004       13.8438945430
  1       28.1403418247       13.7002638808        9.6959084166
  2       27.9248753973       13.2080550314        9.5784151520
  1       27.6953520495       12.7235678161        9.4555690288
  1        4.4101323519       11.3714684190       18.2437239755
  2        3.9704205094       11.2494520042       17.9366971198
  1        3.5256683227       11.1402106039       17.6321288879
  1       15.0280044060       23.9892864962       23.1188490177
  2       15.1204650421       23.6497174673       23.5415118921
  1       15.2128514722       23.3047874871       23.9598276285
  1       21.1783956769       14.7316540541       13.0760357991
  2       20.8472544682       14.8752241625       12.6610260113
  1       20.4988052997       15.0131058514       12.2584445713
  1        4.7994004992       12.7974464243        7.6935921626
  2        5.0698523872       12.8525349187        8.1693242658
  1        5.3585369064       12.9033033419        8.6347099280
  1       27.5013021608       13.1388501937       17.1287116695
  2       27.6049224335       13.5487252117       16.7769087294
  1       27.7071985265       13.9565745440       16.4223688558
  1       17.7452024580       14.6940205569        8.3560028748
  2       17.9472880946       14.1831890865        8.3293082243
  1       18.1426976727       13.6719056835        8.2754159467
  1        7.3708862808       14.5040640434       12.1109036965
  2        7.0626228809       14.0766563687       11.9534351095
  1        6.7475375472       13.6594297043       11.7827214838
  1       27.3459966444       25.0114977719       24.7485866787
  2       26.8753557442       25.2091655606       24.9533416259
  1       26.4041878642       25.3845341883       25.1763812462
  1        2.8799347030        6.0055992992        6.2201695903
  2        2.9440277603        5.5446295327        6.5132548242
  1        3.0032510511        5.0846604920        6.8089253883
  1        4.0839070843        1.3100358910       20.2189359733
  2        3.6361296092        1.1655318116       19.9341309456
  1        3.1820458599        1.0361418470       19.6520561599
  1       25.5297220579       17.0906569670       10.2546989893
  2       25.1313266606       17.0164203737       10.6265457798
  1       24.7336746646       16.9454490727       10.9998231077
  1       20.9690540811        5.8610111116        9.8565988283
  2       20.8997452031        5.6178162415        9.3681804271
  1       20.8262919036        5.3702835684        8.8825548640
  1       20.8206819950       12.5850279649       20.2118297375
  2       21.2097020279       12.1962868921       20.2052121590
  1       21.5769789208       11.7869324898       20.2112666004
  1       20.1641865563        9.6038860899       17.2946749947
  2       19.9730880954       10.1171490406       17.3450984183
  1       19.7959058534       10.6349515280       17.3997522029
  1        0.8189693987       22.6138874813        9.6943471674
  2        0.7742852294       23.0205150012        9.3267095944
  1        0.7121663363       23.4235211329        8.9576197680
  1       22.3502284300       22.8512116851       11.7219863512
  2       22.5542695350       22.4909845954       12.0840687608
  1       22.7392528407       22.1151183982       12.4404474602
  1       11.5776179487        8.0426293997       10.3964453422
  2       11.0720359205        8.2567596092       10.4286177867
  1       10.5690521685        8.4751450596       10.4712222371
  1        0.0661469304        9.2400734239       18.5342083929
  2        0.1593600209        9.7694798659       18.4178462900
  1        0.2364396481       10.3031938916       18.3096424603
  1        0.5428960645       15.3720680026       12.9418583885
  2        0.2062179435       15.6109418067       12.5784204315
  1       -0.1305791862       15.8483530411       12.2141353808
  1       17.1426312479       26.8952332189        7.7358439452
  2       16.6531838347       27.0145440014        7.5151492083
  1       16.1673038202       27.1438588349        7.2922180881
  1       11.7945869972       25.6226548381       14.5640505747
  2       11.3092169713       25.4812450862       14.3474421261
  1       10.8238027650       25.3168729202       14.1478053600
  1       24.2946959027        5.9797304202        7.5892252566
  2       24.0300743668        5.9327288467        7.1093645530
  1       23.7786595892        5.8740441551        6.6237240321
  1        7.7509602920       21.1761491325        2.0187656459
  2        8.2091097146       20.8754764383        1.9719144188
  1        8.6680669426       20.5753266074        1.9298627739
  1        1.3745783118        4.6309871331       16.8705044819
  2        1.1833304243        4.2002507822       16.5869723999
  1        0.9893391027        3.7837580778       16.2846460972
  1       22.0219347939       15.3417610407       25.1979275437
  2       21.5894822865       15.0760034486       24.9861311057
  1       21.1737390290       14.8109967482       24.7423504839
  1       14.1579859673       24.4490027996       27.2666286725
  2       13.9431019308       24.8375323864       27.5912355286
  1       13.7537603227       25.2303577205       27.9264041598
  1       25.2233834451       25.1080437254        7.8098655400
  2       25.3999441557       25.1371761615        8.3299401661
  1       25.5414003798       25.1788690909        8.8598003696
  1       20.6596992669       11.5395549496        9.5061242318
  2       20.5407111892       11.9924081471        9.7946824042
  1       20.4170381262       12.4613353222       10.0541285006
  1       10.9819851343        3.0662596601        6.3342111662
  2       10.6798067077        2.7824591144        6.6956602618
  1       10.3589644402        2.4995833798        7.0414080848
  1        3.8316309533        5.9226541926       21.4172197479
  2        3.3061870794        6.0566522178       21.3252781109
  1        2.7845330562        6.2168898480       21.2567144116
  1        7.2386349910        8.5852815216        9.4671734997
  2        7.2421195826        8.7828327254        9.9804583908
  1        7.2656168732        8.9958776503       10.4869756524
  1       13.0502138827       14.2716077064        2.8250116530
  2       12.6349305238       14.6321592998        2.8185093224
  1       12.2273772793       15.0013371556        2.8289046420
  1        8.9199482460       27.6306174601       23.7788830080
  2        9.3811170123       27.9196496557       23.8581531725
  1        9.8399379264       28.2108319238       23.9429839127
  1        9.6463022565       19.4426842682       26.8217394203
  2        9.1248659647       19.2797759353       26.7579815289
  1        8.6024651290       19.1227248823       26.6877509615
  1       15.0816064983       27.2121988954       15.8768814891
  2       15.5431828116       27.5079858713       15.9211236844
  1       15.9914748791       27.8261999551       15.9376771758
  1       21.0975754976       10.1674014332       27.3808655761
  2       21.5207158525       10.1437742138       27.7314279736
  1       21.9389881791       10.0764415875       28.0821623135
  1       10.0257979442       26.8302547108       27.3869424267
  2        9.7760081504       27.1309539037       27.7738339545
  1        9.5120088072       27.4308466143       28.1518137264
  1       19.9609414832       16.7669717151        3.2237726461
  2       20.0061353494       17.1718692632        3.5932526726
  1       20.0491588700       17.5692541116        3.9710545492
  1       19.4592692384       26.1791244768       15.2759441122
  2       18.9935563581       26.2994640158       15.0092422029
  1       18.5269095256       26.4148128553       14.7419682274
  1       27.8459485356        3.9181553895        7.1829977371
  2       27.9017217178        4.3360912165        6.8298419689
  1       27.9478342354        4.7368459970        6.4559847225
  1        9.7718638315        2.9494779803       25.6835374944
  2       10.0691948956        3.3592703287       25.4686783090
  1       10.3519570623        3.7668329629       25.2311109390
  1       21.3591032747        3.0698189555       15.4923891157
  2       21.1103112590        2.6181785156       15.3010165838
  1       20.8628908268        2.1613777839       15.1204169709
  1       23.7599011596       14.9554629195       22.1371539325
  2       24.1894538297       14.8512551757       22.4644538709
  1       24.6125071897       14.7391701984       22.7975646805
  1       10.8559076597        7.0442856646       19.0272094524
  2       11.0996015109        6.5684281248       19.1563330699
  1       11.3368825243        6.0892958298       19.2852902860
  1       25.7158172051       12.0290553452        5.9204372484
  2       25.2395937910       12.2867401755        6.0169244914
  1       24.7658423791       12.5438609881        6.1262336236
  1       25.0994561071       11.5698263694       19.4566625601
  2       24.7493292707       11.9561084929       19.2814560547
  1       24.4072022074       12.3482391986       19.1034600403
  1       11.5871027556       14.8451788680       25.2203802108
  2       11.1298118555       14.5820213263       25.0650317606
  1       10.6721736008       14.3169790782       24.9139694108
  1       14.0523032523       17.2526400251       26.5286860275
  2       14.4655637738       17.2809907029       26.1668684210
  1       14.8797407351       17.2846099251       25.8050060922
  1        3.6863678817       14.1717525655        3.5694419524
  2        4.1849778669       14.0639113215        3.7750103080
  1        4.6792085853       13.9406090393        3.9824531752
  1        6.6012076209        9.6908285854       15.3577238877
  2        6.2313633319       10.0808931545       15.2412557213
  1        5.8480960607       10.4571147119       15.1226659342
  1       10.0404813282       23.3072174828       16.9980242407
  2        9.5840221262       23.5798532435       17.1387890762
  1        9.1333029846       23.8728684757       17.2549541661
  1       24.8114063179       16.8094952260       14.5474719477
  2       25.1399913310       16.3934164451       14.4011492317
  1       25.4592236461       15.9653634611       14.2693866766
  1        4.9182169646       17.7370446611       24.1768810620
  2        5.3462013342       18.0031156901       23.9565731253
  1        5.7707215860       18.2727137153       23.7338637641
  1        7.5932239759       11.8481436425       19.2703275024
  2        8.1223434956       11.7240212517       19.3547441242
  1        8.6519917114       11.5973899957       19.4317979457
  1       19.0532071531       23.5418988076        0.3267128143
  2       19.5968385453       23.6247327433        0.3165418468
  1       20.1374311323       23.7258278445        0.3228215260
  1       16.9321865760       24.9371189789       12.3823122576
  2       16.4537276171       25.1271526448       12.5758690463
  1       15.9793035036       25.3084995314       12.7869023760
  1        6.4271386259       12.8241291824        1.2632611185
  2        6.2152400137       12.8428344404        0.7560638280
  1        6.0054840456       12.8525694669        0.2477256905
  1       13.1240927511        8.2147843422       26.1938581860
  2       12.8170449087        7.8152494781       26.4142975538
  1       12.4999289726        7.4234764475       26.6344142831
  1        7.0709454285       21.7309474085       25.7649541239
  2        7.0911320152       21.7439907972       25.2154794915
  1        7.0970498815       21.7309527023       24.6656658995
  1        4.1499348534       22.2039442738        0.3801437498
  2        4.5742393549       22.5488602622        0.4392931451
  1        5.0133981110       22.8718558254        0.5121865747
  1       11.6106538005        2.0394637418       21.4357158272
  2       11.7566707167        2.3861019333       21.8369900781
  1       11.8886916774        2.7105803448       22.2609997777
  1        8.5007496041       23.5301478740       21.2312037517
  2        8.1434697978       23.7815805516       21.5653186252
  1        7.7798829204       24.0530229005       21.8761620469
  1       16.4998534077        8.9204340677       13.4847690170
  2       16.6450448965        8.5770247993       13.0804306612
  1       16.7887801804        8.2577111642       12.6563092522
  1        0.6021638933       20.3724622746       23.8403976609
  2        1.0807238466       20.6377851238       23.7848624751
  1        1.5515351009       20.9157663700       23.7251700255
  1        9.5751838191        6.0753916366       22.9171549320
  2        9.8022073935        6.5004106967       22.6519774532
  1       10.0283485747        6.9440501549       22.4184304638
  1        2.2029740487       19.2161766435       20.1530481676
  2        2.2250770531       18.6828001162       20.0206814902
  1        2.2414390294       18.1518455681       19.8781348220
  1        2.3180166422       14.9790006996       18.3204844743
  2        2.5996097828       15.3975153358       18.1012795418
  1        2.9061421873       15.8012557050       17.8878981971
  1       24.7675710834       17.9167701856       25.7343477215
  2       24.7383451055       17.6400909021       25.2599065594
  1       24.7131114835       17.3496374636       24.7935375388
  1       15.7443387060       15.0366484448       15.6637889492
  2       15.7530206538       14.7987350786       16.1595931988
  1       15.7406178784       14.5623969049       16.6560712324
  1        2.2193641937       19.5190384676        2.6642061714
  2        2.7488760591       19.4490066507        2.7954034618
  1        3.2692611494       19.3869244291        2.9622721365
  1       16.5496421143       11.0315844997       10.5002995032
  2       16.3587210586       11.5453230987       10.5463625297
  1       16.1718987184       12.0553608389       10.6327275442
  1        5.4403382026       27.4064849063       23.5841904510
  2        5.1867889132       26.9185053170       23.5936073653
  1        4.9613597310       26.4180401009       23.6284821444
  1        7.7314257421       19.2834917949       11.0515898707
  2        7.8328851054       18.7532968581       10.9462365291
  1        7.9406531484       18.2224253595       10.8510446186
  1       22.1900198879       25.2112491453       22.4507461215
  2       22.3253837673       25.2172572678       22.9837944520
  1       22.4679970419       25.2191245568       23.5149798868
  1       15.0834566362       26.0145089088        3.6659847801
  2       14.5945965112       25.9967665335        3.9173828435
  1       14.1100487403       26.0089176414        4.1773170799
  1       27.8965201114        6.9390848817        3.1281731869
  2       27.5365132322        6.5953590438        3.3621552275
  1       27.1808859585        6.2490317193        3.5989813779
  1       25.1873223728       21.4561075096       18.2552159122
  2       25.5072429120       21.0570475626       18.0529734653
  1       25.8484135188       20.6679193451       17.8667428384
  1       21.9498877823       24.2682700401       19.2497083583
  2       22.2985785738       24.0382863085       18.8919064365
  1       22.6479031932       23.8033309302       18.5379738448
  1       22.7066955838       16.8272507805        1.2883178973
  2       23.0668498178       16.6811867400        0.8991466962
  1       23.4188594747       16.5012629489        0.5167638647
  1        5.5581175057        2.3014550898        6.4665176406
  2        5.5271778346        2.8497044476        6.4975881803
  1        5.4863028249        3.3979025145        6.5151413006
  1       22.8334767093       20.5439246612        6.1666749342
  2       22.7835689810       19.9965703148        6.1463663617
  1       22.7024330235       19.4526444412        6.1385178333
  1       21.4584915342       20.7913529664       26.4902191556
  2       21.9425348567       20.5311125620       26.5120593451
  1       22.4328846414       20.2822458165       26.5009945080
  1       13.5028320831        4.5536123511       16.6865024369
  2       13.8556520954        4.8687169016       16.9670860450
  1       14.2116509378        5.1686034544       17.2600585329
  1       23.8578543243       26.0270946218       27.0764651156
  2       23.8230910450       25.6257527713       27.4509196970
  1       23.7985981909       25.2482668204       27.8501745729
  1        5.5909384868       19.1809482664        8.6646321371
  2        5.1141821535       19.3691140486        8.8641240845
  1        4.6340733724       19.5529341390        9.0595869496
  1       -0.2475067820        3.2679269055       24.2914989071
  2        0.0355425659        3.4144892110       24.7397204564
  1        0.3036045423        3.5572160139       25.1982745269
  1        5.1495075370        5.9215005445        9.3232702165
  2        4.6283905561        6.0589466392        9.4330229536
  1        4.1089083375        6.1993153579        9.5467544194
  1        4.6367201816       15.8395392153       13.9551552866
  2        4.1628936815       16.0364257236       14.1532061654
  1        3.6936904140       16.2336139651       14.3616889951
  1       11.8900323361       21.5188661407       20.2335017298
  2       11.9025380735       21.9610960807       20.5602681397
  1       11.8728061603       22.4011978240       20.8887897795
  1       19.1548026643        2.8018908315        0.2932431111
  2       18.8012088283        2.3849695979        0.2328437391
  1       18.4253400366        1.9891714537        0.1652680081
  1       14.0168022802        8.0983689520        5.1925825524
  2       13.7488539829        8.1856807556        5.6648963876
  1       13.4638230615        8.2736094852        6.1269850278
  1        9.0164191370       27.7064881516        8.0353800099
  2        9.0146256039       27.3967784434        8.4898870834
  1        9.0107756868       27.0789941734        8.9387727424
  1        9.2781477608       15.8699277539       27.5412313660
  2        9.0361861276       15.4801078828       27.8445382009
  1        8.7814612387       15.0859495769       28.1313385843
  1       17.6814705899        9.7621456909        0.4852571817
  2       17.1646094693        9.9433677372        0.4351258353
  1       16.6482593121       10.1196876050        0.3658884294
  1        3.4149512638       11.1347028255       10.5610641056
  2        3.4631563792       10.7612711978       10.9619694390
  1        3.4820066139       10.3731715146       11.3512293824
  1       12.9865256327       26.3079971439        7.7200710215
  2       12.9034963796       26.7896257090        7.4678011890
  1       12.8071147792       27.2621737684        7.2033982434
  1        1.3945578802       11.7391478400        5.0346041931
  2        1.8319183533       11.4058034243        5.0444691355
  1        2.2687354566       11.0718564759        5.0575172368
  1       11.3935279424       11.3414411611        4.7827477665
  2       11.3098927698       11.8722289984        4.9000909793
  1       11.2330740816       12.4087736818        4.9934649098
  1       13.2922377937        9.0177786553        1.5087281955
  2       13.1529671937        9.4415930881        1.8304190821
  1       12.9980647616        9.8555763192        2.1577157669
  1        2.8473479989        2.7344552783       22.9822493640
  2        3.0145283662        2.3351409004       23.3215114343
  1        3.1591394819        1.9236472157       23.6565645222
  1       15.7435856467        9.7013748173       21.2589765735
  2       15.2284761190        9.8204857969       21.4105508097
  1       14.7206374445        9.9382373366       21.5858632579
  1        6.6379445256        6.4758287569        0.5888670747
  2        6.1482302721        6.7243231562        0.6193709024
  1        5.6530088576        6.9611846371        0.6533177491
  1        7.4041706063        2.6713225481        9.2383371272
  2        7.0556536251        2.9181468530        9.5849113276
  1        6.7209270131        3.1896278362        9.9266073474
  1       20.1501574610       26.9620248012       11.3934632203
  2       19.9579196905       26.4611718084       11.2722571180
  1       19.7585218063       25.9606062939       11.1619183284
  1       13.9291591792        6.4140763329       22.4885864971
  2       13.5622949318        6.3030342155       22.8830231488
  1       13.1979996260        6.1868868081       23.2783694640
  1       20.4890428509        3.8543191074       24.2832606898
  2       20.3777682855        4.1642294385       24.7237984949
  1       20.2538267366        4.4733620566       25.1614918989
  1        5.7072428243       15.4662789118       20.6990547522
  2        5.7409547540       16.0053411579       20.5952501254
  1        5.7786457572       16.5441150728       20.4913171856
  1       17.2719437385       22.1771684152        2.5670938523
  2       16.8783119323       22.5226150772        2.3991039571
  1       16.4878238958       22.8721648187        2.2322684976
  1       16.0049427996       27.7209688076       20.3911378245
  2       15.8307777177       27.6416036344       20.9067614212
  1       15.6612353885       27.5408743749       21.4201901055
  1        8.1570207949       15.6646949064        9.0618949233
  2        7.9694680449       15.5665125574        8.5542688874
  1        7.7730336071       15.4967676740        8.0453001635
  1       17.9011011510       10.2309032210       24.9355386811
  2       17.8355385208       10.7361782057       25.1426587702
  1       17.7855468656       11.2494127135       25.3339469650
  1        0.5459316012        5.3231016710       28.1442075753
  2        0.2349073605        5.6564879413       27.8366079711
  1       -0.0598016226        6.0094056010       27.5347872631
  1        0.9912158356       15.2725907960        6.8900736462
  2        1.4503920618       15.0119479779        7.0440947961
  1        1.8992395314       14.7410857305        7.2104365857
  1       20.5047235054       22.3297158907       22.7479323026
  2       20.2563745241       22.2147552196       23.2250138759
  1       20.0169322737       22.0860530782       23.7031385108
  1        6.6177193564        8.3398303944       19.9084938149
  2        7.0209628766        8.3053662198       19.5360600838
  1        7.4476648030        8.2753766924       19.1903346244
  1       16.7908029241        6.2678728858       27.0765751370
  2       16.8758586749        5.7289965194       27.1464162492
  1       16.9416398746        5.1877080795       27.2183860873
  1       12.7654203087       11.2611629557        9.3380209449
  2       12.8662959826       11.4567875681        8.8339821473
  1       12.9622594945       11.6681902982        8.3353842241
  1       26.1967515241        1.0204624451       13.3241918112
  2       25.7992724874        0.8393613581       12.9899571457
  1       25.3940508526        0.6743330413       12.6566988669
  1        8.7082011259       27.6027676315       16.8151678832
  2        8.2151382399       27.3590997946       16.8112980297
  1        7.7169161654       27.1271673153       16.7893415156
  1       23.5822985112        0.2488413268        2.8331285603
  2       24.0020668564        0.3135542606        3.1825663553
  1       24.4247490668        0.3673770509        3.5303347483
  1        2.3381638632        0.6088432006        6.4735231903
  2        2.1345393338        1.0215935405        6.7746447736
  1        1.9103073428        1.4028020331        7.1016005786
  1       12.4571880443        0.4985509159       18.5637561692
  2       11.9631039500        0.2688506611       18.4887981765
  1       11.4667756816        0.0454845499       18.4096411849
  1       17.7528204320        5.1180331048        7.2781832707
  2       17.6420466575        5.5641363281        6.9761549854
  1       17.5197014783        6.0157010289        6.6869820663
  1        3.8117285885        6.4817078335       25.4886531720
  2        3.3207247315        6.5116211172       25.2426442131
  1        2.8250814941        6.5131735114       25.0042425137
  1        0.9677976262       11.8881344623        0.0247934428
  2        1.3663719219       12.0779552929        0.3528278664
  1        1.7554959799       12.2408684691        0.7057326177
  1       19.4069266901       22.5311183220       13.4952395195
  2       19.0240218447       22.4403994859       13.8794972093
  1       18.6341610287       22.3504023931       14.2568684674
  1       23.3648398820       16.2295031128        4.9373122541
  2       23.7519345131       15.8712771780        5.0932991964
  1       24.1547086239       15.5415198209        5.2708748143
  1        3.5053284916       13.9262595898       21.8639802811
  2        3.5026662195       13.4289554633       22.0988877481
  1        3.4834524788       12.9454728609       22.3603746586
  1        6.5052315161       17.6405257977        1.9116010218
  2        7.0456838417       17.5390697681        1.9224618563
  1        7.5842265647       17.4295884752        1.9004259523
  1        9.6655914875        0.8020661740       12.8077613890
  2        9.4774127075        0.5065712604       13.2317560857
  1        9.2949359820        0.2187499545       13.6634517418
  1        2.8231578199        2.9165027040        9.6636483023
  2        2.2735220346        2.9322152766        9.6760425966
  1        1.7259563569        2.9637365195        9.7170089104
  1        3.4812263778        7.4185775502       17.2006187511
  2        3.8509833819        7.7647289128       17.4149992355
  1        4.2106041423        8.1259813156       17.6215654698
  1       17.0370297223        5.3208139090       23.6894607990
  2       17.1456533466        5.8308135006       23.5145284554
  1       17.2708428160        6.3403518365       23.3496094451
  1       21.6821048566       16.4670742804        7.7221820007
  2       21.5125994922       16.1245939688        8.1177514226
  1       21.3597537618       15.7741418590        8.5131265615
  1       18.6640483476        1.8568658747        8.2950457173
  2       19.1155814202        2.1184560404        8.4687940110
  1       19.5592158793        2.3808080920        8.6607832468
  1        3.0583605051        9.7261720835       24.7887279058
  2        2.6324765025        9.9829390760       24.5537948773
  1        2.2159568743       10.2281878445       24.2913745277
  1       25.1880688037        9.9214338191       27.1624406373
  2       25.2942980252        9.3879315987       27.0812573063
  1       25.4267256212        8.8598952528       27.0028956560
  1        1.9221075659       16.1916168314        1.9179216624
  2        2.3930300218       16.2977958589        1.6543727017
  1        2.8642928677       16.4262696537        1.4015767106
  1       22.7760535880       18.2319066987       17.6597505898
  2       22.5633143223       17.7265874561       17.7032760748
  1       22.3671733318       17.2140121015       17.7392651934
  1       21.2337162911       21.7756456719        3.4782036782
  2       21.2939383997       21.3060149995        3.1983459837
  1       21.3398863648       20.8466075824        2.8994586994
  1       18.0583134947       25.8869918297       25.1853918347
  2       18.4540381310       25.5839116490       24.9529172850
  1       18.8420481801       25.2872197924       24.7000889974
  1        3.9713958750       27.6084252480        9.5070476434
  2        4.3488137237       27.2144143630        9.5764103856
  1        4.7131484552       26.8086823120        9.6481160704
  1       11.1545922869       25.8524894532       21.4062913137
  2       11.5598363243       26.1323739301       21.6511217647
  1       11.9532188595       26.4225015764       21.9032648369
  1       12.1893093578       10.3766765284       19.1177285663
  2       12.5298143484       10.5599913910       18.7266377680
  1       12.8793123398       10.7405286875       18.3422454715
  1       14.5717508955        2.1748832570        5.7060631529
  2       14.7302122433        1.7644200424        5.3760480764
  1       14.8890810671        1.3554897566        5.0443302487
  1        4.4976238737       16.4386549003        5.8157732209
  2        4.7301576707       16.8620417602        5.5527682778
  1        4.9752009330       17.3005886067        5.3288699483
  1        0.9459959160       27.8105452148       21.8133407180
  2        0.4108546016       27.7145918702       21.7301738416
  1       -0.1285200879       27.6476736344       21.6459307824
  1       18.4070115623        1.3411329409       12.8072960138
  2       18.6562772757        1.7739152265       12.5769352156
  1       18.8866958922        2.2029880848       12.3213892463
  1       21.1101483555        0.3512393511       26.3028025671
  2       21.4732740758        0.5705657393       25.9527516469
  1       21.8214102809        0.8023495862       25.5955718183
  1        6.8763989269       25.6953997555       27.0837086362
  2        7.1884155345       25.2704308844       26.9270335102
  1        7.5083937873       24.8515868295       26.7699234392
  1       27.9032984933       22.3031742629       27.0023407162
  2       27.7336275710       22.5617555433       27.4571456189
  1       27.5537782010       22.8251745637       27.9052132731
  1        4.4461794376       20.1139016596       14.0820165008
  2        4.5366452892       19.7240909423       13.7047055756
  1        4.6241653210       19.3562082698       13.3053278317
  1       24.1573086909       13.0528869297       26.4037015431
  2       24.6044035843       13.3730555715       26.4136109871
  1       25.0591107565       13.6813269215       26.4402598383
  1        9.8230861283       11.1893225563       11.9512578889
  2        9.5482384230       11.1087232226       12.4207922181
  1        9.2789869374       11.0324273428       12.8942714417
  1       12.8272796652        0.6434772911        0.7147222939
  2       13.1577834245        0.7864617895        1.1304417887
  1       13.4751309136        0.9382432708        1.5532336431
  1        0.3516148721       27.4966011857       10.7919703913
  2        0.5570916538       27.2385910920       10.3518453139
  1        0.7441918968       26.9647772170        9.9130749185
  1       21.3452783175        0.5755198082       21.7528279526
  2       20.8663749306        0.6032939047       21.4837923683
  1       20.3955643390        0.5974336260       21.1995336077
  1       18.7928604933       19.4787078747       10.3617396073
  2       18.8251872500       19.1325440762       10.7879151644
  1       18.8573517446       18.7958026210       11.2215862801
  1       15.0115968030        8.3491385020        9.4762614800
  2       15.1858889788        8.1292633180        9.0032105938
  1       15.3702307115        7.9040882095        8.5365048031
  1        7.6206127301       20.9184358832       14.6440542416
  2        7.7426469559       20.6562753079       15.1118998149
  1        7.8544326206       20.3740639422       15.5705507816
  1        7.3073217993        4.8159547700       18.9369117782
  2        7.6813847148        4.4700385146       18.7297430559
  1        8.0540595634        4.1071210911       18.5511250280
  1       14.6255763918       13.3915337124       19.5343597270
  2       14.2634955214       13.7951462628       19.4421949157
  1       13.9081008496       14.2065637064       19.3589464118
  1        7.1067959588        6.5356350281       16.0773009771
  2        7.2047715220        6.5700782443       15.5371950116
  1        7.2902776212        6.5908117954       14.9942780513
  1       26.6118875813       21.6876278467        5.9599748955
  2       26.3380933076       22.1211311794        5.7609483742
  1       26.0517083922       22.5469301625        5.5630117549
  1        1.1020858596       27.6122477407       17.6376092324
  2        0.8493022762       27.9704857298       17.3055459807
  1        0.5885628242       28.3322136438       16.9835710541
  1        7.9679264631       12.7563781006        4.6594271628
  2        7.6725522578       12.3170843864        4.8086756516
  1        7.3586736667       11.9028970462        4.9887564008
  1        9.8291123991        4.2176511273       14.1704066304
  2       10.1824654655        3.8559504812       14.3867726469
  1       10.5386214986        3.5107329722       14.6244231266
  1       13.3674910071        2.8326790154       13.4953466516
  2       13.8507909286        2.8092011524       13.7568231816
  1       14.3359086178        2.7981434701       14.0157412271
  1        6.5063007355       13.9204508102       16.1581605593
  2        6.0046134377       14.0937426037       16.3023125956
  1        5.4974154757       14.2438066751       16.4530806318
  1       17.2884001365       13.8824201898        2.3775041334
  2       17.3621728989       13.3716828163        2.1872282421
  1       17.4205786675       12.8579589376        1.9996741389
  1       13.0502996615       10.5688036321       13.5827095683
  2       13.0185531597       10.0615274687       13.7928596426
  1       12.9851866000        9.5441237508       13.9763809337
  1        3.0936937549       23.9823897404       24.6498437598
  2        3.3603970929       23.6338989680       24.9813909073
  1        3.6335293826       23.2812562224       25.3031700944
  1        6.7835461479        2.4337434048       12.9511246328
  2        6.4186376309        2.7391566298       13.2269226317
  1        6.0380944976        3.0311012961       13.4960977318
  1        9.1870314320        3.5128655907        1.3250477559
  2        8.7557137518        3.1767983090        1.3844097040
  1        8.3255199905        2.8363582863        1.4235749662
  1       11.6806746752       18.5439395937       10.5966343251
  2       11.3158558440       18.7142212449       10.2219192605
  1       10.9457912155       18.8772496577        9.8491272188
  1       21.4499427271        6.8453923698       16.8473326221
  2       20.9178442703        6.7068448789       16.8340727217
  1       20.3929510969        6.5458485798       16.8014024404
  1       25.2713854322       23.0879881185       20.8342482841
  2       25.5422666033       23.5250778132       20.6391175844
  1       25.8085874574       23.9742035391       20.4663191933
  1       15.7679502640       19.2012803719       16.5508777291
  2       15.9494007216       19.1417800998       16.0350914856
  1       16.1304920440       19.0625016604       15.5218460658
  1       -0.1148729040       17.7527015260       15.7636686095
  2        0.3516689316       17.8055335256       16.0501079493
  1        0.8194138047       17.8595281394       16.3343601514
  1       12.0081065429       14.8278564893        7.5431949735
  2       11.6553832835       15.2051246906        7.3541050306
  1       11.3173188665       15.5909337239        7.1557018079
  1        7.7315649512       19.5893019572       19.5768450267
  2        7.7108396697       20.1136751438       19.4122144586
  1        7.6769720775       20.6362652692       19.2441295219
  1        3.5061978070        5.8121865654       13.6400175008
  2        3.7424269744        6.3078871145       13.6712704379
  1        3.9655144520        6.8101574870       13.6926351107
  1       18.6004580304        7.7298346251        9.1166309245
  2       18.8426733311        8.1132394693        9.4278100909
  1       19.0826666060        8.4823916528        9.7574005829
  1       10.6970404960       21.2279305482        6.4438987380
  2       10.4134512548       20.7572333352        6.4210672700
  1       10.1346447157       20.2847117709        6.3824630737
  1       23.7009474727        8.4220532565        3.4370624219
  2       23.9059081107        8.0293551172        3.1110573479
  1       24.1036085767        7.6330784309        2.7848989315
  1       13.4246463802       21.1436057485       28.1045946853
  2       13.3371877965       20.6634804154       27.8509597889
  1       13.2560597702       20.1719096846       27.6179867025
  1       13.4982133199        3.7173360399       26.3222369774
  2       13.6350034054        3.5187624689       26.8165617790
  1       13.7965285507        3.3180771505       27.3024990480
  1        6.6516692570       11.6082098549       22.3545512082
  2        6.4384877942       11.1012807514       22.3458020379
  1        6.2333413175       10.5910706571       22.3357729975
  1        3.1962653487       23.7668637761        3.9262855225
  2        3.6969376650       23.9432157400        3.7823160239
  1        4.1970881617       24.1171999662        3.6337260894
  1       19.6113938384        5.8917803164       12.5575512403
  2       19.9619970494        5.5435231649       12.7989934588
  1       20.3153910091        5.1893012441       13.0273342986
  1       25.3143538275       21.7277399189       25.0725270246
  2       25.1698621372       21.8094594973       24.5481759381
  1       25.0282270140       21.9025366331       24.0249397222
  1       14.9518617842       12.9032648862       23.7408958831
  2       14.7619253211       13.2892574533       23.3982096154
  1       14.5566948128       13.6574657344       23.0449347943
  1       16.0507126475       27.3374220514       27.4503669325
  2       16.3973695500       27.1502835383       27.8341743957
  1       16.7403189819       26.9475881005       28.2133844241
  1       10.2284562699        7.2443114799        1.2869645526
  2        9.8501529771        7.6155386298        1.4338557430
  1        9.4754374574        7.9874054546        1.5881390630
  1       27.2996898490       14.0423526612       20.8384402040
  2       27.7601862604       13.7653514659       20.7213360076
  1       28.2331397925       13.5083883369       20.6082656500
  1       26.2586752907       10.9488227720       22.7989926130
  2       25.8204823647       11.0814484037       23.1037833632
  1       25.3788493307       11.2172370651       23.4021484110
  1        3.7561780463       24.8256509475        7.4584172482
  2        3.7806606305       24.3050741398        7.6342023169
  1        3.7814260145       23.7878248565        7.8211584403
  1       15.6250645184       15.9072186200        4.9725834953
  2       16.1151656790       16.0188738228        4.7493482649
  1       16.6051826914       16.1210998668        4.5214597780
  1       18.5935159734       23.8300981254        5.0760580669
  2       18.9266954176       23.6642392567        5.4810053397
  1       19.2481661564       23.4967728813        5.8946616900
  1       10.1641673978       22.7986476621        0.3520573649
  2       10.4605342693       23.2043551650        0.5758163862
  1       10.7688481909       23.6050966706        0.7922621538
  1       25.2919273398       24.0083834188       16.0973061229
  2       25.4619249650       23.5877746496       15.7863574604
  1       25.6142934270       23.1665200321       15.4672518383
  1       17.9368273129       25.0489921606       20.9573414663
  2       18.1696364374       24.5777555682       21.1193167283
  1       18.4152765041       24.1107922779       21.2745785787
  1       26.5736032494        6.1358256251       18.8037461226
  2       26.0402870229        6.2701877894       18.7992061501
  1       25.5052667057        6.3964268623       18.7814029028
  1       16.9534625291       23.7311836440        8.9835124445
  2       17.3806226819       23.3847250650        8.9827019587
  1       17.8120725331       23.0439327576        8.9681545150
  1        3.3348836928       16.9608285992       11.0770333733
  2        3.5168503971       16.4470171346       11.0036447003
  1        3.6820561408       15.9264803917       10.9384637179
  1       10.5875344476       12.8755261512       16.1300958371
  2       10.9028295261       13.2652481498       16.3563827729
  1       11.1922479149       13.6702238936       16.5903307203
  1        5.0390323515       19.2149333669       18.0287399723
  2        5.2831915545       18.7960212092       17.7691270149
  1        5.5371885187       18.3960086230       17.4898861294
  1        2.5569462366       15.4779946333       25.9693739260
  2        2.9072322878       15.0666297064       26.0722261467
  1        3.2509102002       14.6540703272       26.1913070020
  1       15.2397135864       22.1973333159       14.8665696682
  2       15.2162709151       22.7237218906       15.0242576815
  1       15.2021305526       23.2553302007       15.1645881977
  1       26.4344181388       18.0522254190        6.9861040975
  2       26.3826277810       17.7776093420        6.5123913480
  1       26.3216951926       17.5238404403        6.0282544219
  1       -0.0073753015        3.8978689543       13.1073081990
  2        0.0698282488        4.4243477468       13.2464473123
  1        0.1424103896        4.9536258726       13.3772008873
  1        9.9055109776        8.4724353687       15.7592429180
  2       10.0397633203        8.2176584883       15.2906652300
  1       10.1766046671        7.9724480187       14.8177526901
  1        4.6979645543       25.5439572793       19.7667111116
  2        4.3409832343       25.1384909823       19.8699652598
  1        3.9836426717       24.7304865697       19.9612895207
  1       22.7008921646       20.7723313877       15.6983406437
  2       22.1671788708       20.8758494241       15.6150691835
  1       21.6338497550       20.9810974515       15.5315053992
  1       14.1252700391       18.6165863513        4.4019933441
  2       13.6192555254       18.6692606965        4.6109783322
  1       13.1107181232       18.6938815545        4.8190252570
  1        4.4975252012       18.5073256449       27.2240305017
  2        4.8207021342       18.9521335385       27.2382645373
  1        5.1433594983       19.3964510146       27.2070522821
  1       16.8711428859       17.5972857178       19.2423970156
  2       16.8209965088       17.1642752386       19.5777882286
  1       16.7962078123       16.7199570364       19.9010015556
  1       16.2460983453       21.7004939021       11.9781572164
  2       16.0466093818       21.4154121469       11.5522082214
  1       15.8721781689       21.1380461223       11.1104596059
  1       21.8589862718       19.0983858202       22.7175329467
  2       22.1063309898       18.6374204915       22.5477343711
  1       22.3528463962       18.1693499760       22.3972679433
  1       15.8232928260       10.7351741572       16.0668716603
  2       16.2100212465       10.5920004720       16.4307980602
  1       16.5741465374       10.4491096003       16.8174438546
  1       12.1180169458       22.0918564468       12.7557381725
  2       12.4709087508       22.5115265844       12.7127922812
  1       12.8402882675       22.9166071095       12.6684240519
  1       26.9972613010       14.6545765746        2.9804575358
  2       27.1589361279       14.7025189233        3.5039675945
  1       27.3203776770       14.7660713039        4.0258849444
  1        0.7867895210        8.4480158576        7.8741645515
  2        0.8609565032        8.9855031585        7.7841275581
  1        0.9446172229        9.5259217560        7.7254025854
  1       18.1708165390       19.8170216721        6.3453639362
  2       18.2097171730       20.0530523628        5.8501102096
  1       18.2423289918       20.3099833212        5.3649061795
  1       25.7350133897        1.5035018547       -0.0029524000
  2       26.0410586937        1.9507256073        0.0910007106
  1       26.3496211175        2.3943928229        0.1932192581
  1       17.1154142551        6.9962945112       19.0367613325
  2       17.3581411211        6.9124023156       19.5231210431
  1       17.5911934271        6.8327497815       20.0148954786
  1       17.6644188575       19.5025750788       24.5617339210
  2       17.3741677419       19.9476605181       24.7036960343
  1       17.0794594419       20.3929984182       24.8353059565
  1        1.2773566345       11.9270143357       13.4996297524
  2        1.6653805802       12.1957955498       13.7819311454
  1        2.0671000236       12.4484504215       14.0599365475
  1        6.3603879539        9.0317528817       25.7204074837
  2        6.7609072957        9.2051885737       26.0550779450
  1        7.1646399608        9.3666382222       26.3918775071
  1       26.6192603941       18.9041151575       21.5431672801
  2       26.7665251542       18.5151304341       21.9030338879
  1       26.9218759074       18.1086989502       22.2394556341
  1       27.4987011661        1.8218646072        3.6170544076
  2       27.7766372571        1.6433013529        4.0567892067
  1       28.0619577014        1.4676225956        4.4929419521
  1       19.0547126035       13.3535014662        4.8392300475
  2       19.2377132949       13.7591559713        5.1624252972
  1       19.4343847685       14.1632266761        5.4795170757
  1       20.6561040684        7.3916195593        5.9711461042
  2       20.7270843402        6.9122637269        5.7109927130
  1       20.8199593358        6.4497644365        5.4282054422
  1       12.8799547258        4.2346130683        4.1776517700
  2       12.4419237396        4.5044793758        3.9832268970
  1       12.0195716722        4.7909919581        3.7782164818
  1       25.3088914648       20.6445323689       13.3881185050
  2       25.4792650786       20.2175377801       13.6900265255
  1       25.6587376167       19.7798457613       13.9705890030
  1        4.3106926384       21.3513133560       22.0701601665
  2        4.8130799659       21.4482939585       21.8684134542
  1        5.3309041815       21.5458654395       21.7108130520
  1       19.6191030766       21.1220550621       19.6401888247
  2       20.0784293637       20.8204331534       19.6635037599
  1       20.5469621221       20.5324966963       19.6718494153
  1        7.2332699118       24.7182585797       13.6566526826
  2        6.9326102625       25.1787203103       13.6655279301
  1        6.6270836585       25.6355987291       13.6859142900
  1       11.2055965856       10.5314782863       23.4368986269
  2       11.5801659832       10.1287561356       23.4404533075
  1       11.9424967374        9.7150633470       23.4318103832
  1       22.3609438274        1.9070427120       11.4378244849
  2       22.5389056595        2.3224093617       11.7513530045
  1       22.7257850295        2.7505862684       12.0415953802
  1       -0.0153567306        7.9771563362       14.9375867198
  2        0.5224064898        8.0925250638       14.9384672898
  1        1.0632660333        8.1918310662       14.9280140085
  1        4.3342349752        2.9498310586        0.8684584727
  2        4.0262763445        3.2570314815        1.2050433534
  1        3.7012514909        3.5585085174        1.5305743663
  1        0.4739129417       25.7541006607        5.5109927708
  2        0.5479825564       25.3014433916        5.8144974478
  1        0.6488189019       24.8397205966        6.0958230438
  1       23.7882908076       12.7630112029        3.2862245877
  2       23.8029385975       12.9876081289        2.7843863040
  1       23.8098540130       13.2021521935        2.2780040172
  1        5.9463350692        1.1927135767        2.9621097290
  2        6.2224268265        0.8032051188        2.6890593623
  1        6.4718744432        0.3852777650        2.4329097724
  1       20.0130695374       17.8365794004       26.6028481547
  2       19.7763977802       17.4833480492       26.9517236224
  1       19.5871905602       17.0916416658       27.2882748608
  1       24.5433061022       27.9406939023       20.1941735024
  2       24.1533532692       27.5898302706       20.0288510903
  1       23.7545254271       27.2522676153       19.8571309541
  1        5.5105681566       10.0750858001        2.7443128904
  2        5.2110989769        9.7730910179        3.0930496994
  1        4.9283920759        9.4548982958        3.4413745460
  1       22.8814654787       26.1476505284       14.1185055193
  2       22.8084910947       26.6153311228       13.8384169603
  1       22.7343330642       27.0761906264       13.5475405201
  1       23.9652709313        5.8169597467       11.4903426886
  2       24.3836623778        6.0429920586       11.2140131906
  1       24.8022099321        6.2768444033       10.9445117534
  1       15.7004040714        3.4081633414        2.1397291378
  2       16.0940494575        3.7115329394        2.3753351586
  1       16.4922697300        4.0136745795        2.6047497241
  1       26.6843723070        9.6309653171       12.1474158937
  2       26.5303139777       10.1570761090       12.1918396011
  1       26.3949805752       10.6878314441       12.2416757670
  1       11.5851084681       18.5111148878        1.9960873568
  2       11.3224123430       18.2082582271        1.6195656590
  1       11.0340790410       17.9205868717        1.2499589798
  1       16.5763691860       18.1475243892        2.0776183789
  2       16.3268526047       17.7976513142        1.7343541847
  1       16.0848585093       17.4587222899        1.3750966541
  1        5.4715731476       26.6362456950        5.4300353874
  2        5.8592216263       26.7117682549        5.8128212281
  1        6.2428304777       26.7986936682        6.1972535636
  1       12.2458503718        6.3853676769       12.6364143258
  2       12.7615833323        6.1942714830       12.6350883879
  1       13.2738035262        5.9941391610       12.6262835195
  1       11.7188989191       13.1125785869       21.5467760249
  2       11.2828013870       13.3359936693       21.2969668109
  1       10.8484389282       13.5658288215       21.0499747944
  1        1.2664729566       22.8834944236       20.7727410709
  2        1.1577135891       23.0896357575       21.2709148864
  1        1.0686412958       23.3052476995       21.7689887926
  1       14.2631341383       17.3102953848        8.7043952214
  2       14.7461504600       17.0567829564        8.6342048965
  1       15.2230008139       16.7968301502        8.5473816423
  1       19.3370114093        9.0681747344       21.8363055299
  2       19.3174347602        9.1689915542       21.2959790326
  1       19.2796982217        9.2772726959       20.7580653341
  1       12.3050492286       17.4595669520       20.5254905065
  2       12.5075681588       17.7615232287       20.1128060146
  1       12.7005311358       18.0792607743       19.7074566091
  1       22.8713499571       25.5003566121        4.2947594286
  2       22.9329597711       24.9853350580        4.4776720569
  1       22.9784961623       24.4746143160        4.6766463260
  1       14.3133061962        5.1482583301        7.9107544310
  2       13.9380976005        4.8035418774        8.1178512126
  1       13.5730915510        4.4759878348        8.3668068954
  1       21.1897973839       10.8619127304       24.2325714075
  2       21.0956197789       11.0111506064       23.7116504585
  1       21.0006276030       11.1683373787       23.1932212887
  1        1.4771571862       20.8279433882       12.1644996322
  2        1.1949266160       20.3731950428       12.2911876252
  1        0.9056345808       19.9255602353       12.4269565337
  1       20.8539163405        6.3371264634        1.7869499458
  2       21.2313618472        6.3974633385        1.3914826893
  1       21.6014139470        6.4641495158        0.9900921111
  1       14.8852155198       23.8147271317        6.7481125631
  2       14.4130283642       23.5410902203        6.6798327646
  1       13.9400712291       23.2662761053        6.6224851445
  1       24.6319643643        0.7083088689       16.3824133488
  2       24.6029681041        0.1821733121       16.5400223358
  1       24.5962701439       -0.3480571219       16.6860046057
  1       13.6450623359       12.4323723006        0.1666075734
  2       13.9032968551       12.8965635917        0.0239843691
  1       14.1603024963       13.3669037711       -0.0994182849
  1       24.6813538397        9.4136382119        7.9050581709
  2       24.7760628658        9.4708204202        8.4438163685
  1       24.8519024430        9.5017625051        8.9876830294
  1        2.9859148962        9.2674088594       20.8803839270
  2        2.6942691446        9.7181735529       20.9997738207
  1        2.4046745954       10.1734678297       21.1062731988
  1       25.3437254624        0.4928277948       24.8356157043
  2       24.9671617508        0.1579021838       24.6153326906
  1       24.6087455840       -0.1940958307       24.3914236730
  1       20.6449407591       13.0578851188        0.5103447350
  2       20.9684441314       13.4371396520        0.2779408469
  1       21.2998710801       13.8169736972        0.0579811353
  1       24.3820867713        9.1620291056       16.7272973401
  2       24.8540711899        9.4130765320       16.8565486391
  1       25.3131317523        9.6872845973       16.9852861082
  1       18.5210542216        2.7291335132       17.5711047494
  2       18.3976674823        3.2266909231       17.3718252061
  1       18.2610763544        3.7240249038       17.1807708304
  1       16.2260812624        5.4296483632       10.7481443957
  2       16.3761828048        4.9507692424       10.5231014784
  1       16.5243771391        4.4625692645       10.3176769914
  1       12.7000486727       20.6357478795       24.6622404322
  2       12.3407988473       20.3552760395       24.3543847682
  1       12.0079200691       20.0585496266       24.0324450938
  1        9.7486817127       16.3163564266       17.6884290940
  2        9.4965404101       16.0440198647       18.0943324822
  1        9.2497877644       15.7470114191       18.4859944718
  1        8.8075200669        7.9697551131        5.4758016849
  2        8.5350235445        8.2894626488        5.1207907880
  1        8.2174791902        8.5878440768        4.7851807383
  1       15.0359890840        3.3239084577       21.1850347066
  2       15.3020620396        3.4373020923       20.7172237770
  1       15.5770809514        3.5555414948       20.2558301914
  1       25.7556500611       16.5674408465       19.0318820970
  2       26.0731081053       16.3419069829       18.6434817024
  1       26.3824230040       16.1073558555       18.2538535964
  1       23.6885679617        7.9209777606       23.6875393869
  2       23.2419945100        8.1694007881       23.4841723502
  1       22.7938196522        8.4048378919       23.2692103396
  1       24.5105138107        4.2054437189        3.6835918852
  2       24.0888257609        3.8654448010        3.7788805231
  1       23.6796516095        3.5104250085        3.8739460780
  1        7.4308752526        3.8140503339       22.2219598780
  2        7.6976173324        3.3479303995       22.1032970379
  1        7.9596106520        2.8771078677       21.9929084378
  1       16.9565044874       15.5910746969       23.9015465410
  2       17.3224823985       15.7211278470       24.2909645000
  1       17.6947164214       15.8498078136       24.6748698234
  1       18.6973780681        1.1477317023        4.6742706087
  2       19.1594031811        1.0059025622        4.9367916363
  1       19.6166627579        0.8729068148        5.2119748655
  1       26.8088903030       17.9300136830        2.7795628827
  2       26.3046898769       17.9137275718        2.5604357668
  1       25.7935345125       17.8902800789        2.3587667124
  1       22.3589098664       18.7373941325       12.2333715580
  2       22.2452997037       18.6234315584       12.7593043129
  1       22.1248780219       18.4987591022       13.2812769138
  1       19.7827754782       16.5009257377       21.1509955555
  2       19.9403646756       16.0256581902       21.3785618167
  1       20.0830925080       15.5471436953       21.6091103862
  1       18.4769059010       23.3545082323       17.2789916535
  2       17.9819150571       23.4514448294       17.4982799582
  1       17.4955993158       23.5458062695       17.7372212007
  1        6.3697366576        5.4366346676        3.5982217949
  2        6.1649185187        5.8591684159        3.8846039898
  1        5.9636769522        6.2908398651        4.1596705105
  1       26.4817569036        9.9804464048        2.3296002883
  2       27.0133509258       10.1054565231        2.3950240289
  1       27.5480973988       10.2247805971        2.4430654068
  1       13.6870339697       26.9806643796       10.5613781617
  2       13.2275343841       26.8663052042       10.8411675644
  1       12.7741678768       26.7570511968       11.1327535224
  1        7.4564705972       17.4753949478       14.3884493740
  2        7.7302921181       17.1143981908       14.7002235168
  1        8.0029140776       16.7351364754       14.9906332573
  1        6.5032205803       14.5164402223       23.7229762175
  2        6.8687682816       14.7130009962       24.0838622664
  1        7.2425274688       14.9091438967       24.4364697417
  1        4.9994964931        9.6582776173        6.6968351483
  2        4.9310040397        9.1189279332        6.7799657812
  1        4.8557818830        8.5796679696        6.8576852624
  1       10.9621402350       24.1025374530       24.8543783100
  2       10.4163833557       24.0498110331       24.8976143290
  1        9.8701031550       24.0073382383       24.9453008362
  1       15.9375802669       15.4237449320       12.2619317809
  2       16.4494008365       15.2737736314       12.3962757930
  1       16.9606911269       15.1069803135       12.5114375359
  1       15.3849080649       11.0055570552        3.4749386580
  2       15.2667933060       11.2343299717        3.9609549708
  1       15.1170801052       11.4550796220        4.4419493039
  1       21.3176348402       25.8209199986        7.8735427439
  2       21.5909524235       25.4833474316        8.2109479317
  1       21.8526310773       25.1471430171        8.5587853546
  1        3.0757995683       25.8453959982        0.2019585388
  2        2.5697070494       25.6310764524        0.1810421660
  1        2.0613556841       25.4216301176        0.1665121558
  1       17.7032468242        9.8081011981        6.9713940451
  2       17.9816989438       10.1071471995        6.6032420302
  1       18.2431113345       10.4167805630        6.2313673992
  1        5.3878151773        0.5404236445       27.0253397358
  2        4.8496242932        0.6369628205       26.9659195394
  1        4.3127144378        0.7249711442       26.8854065516
  1       20.7130522058       21.6909599268        8.8225490751
  2       21.1656258746       21.4285457678        8.9923014932
  1       21.6070135322       21.1657352672        9.1887895983
  1        2.7182634043       27.9757744665        2.8078574146
  2        2.6020231047       27.5418498876        3.1251863490
  1        2.4734593666       27.1129931086        3.4446440571
  1        4.8824858610       23.5049670637       15.9603228535
  2        5.3148770894       23.2349295572       16.1667630886
  1        5.7436522423       22.9646298870       16.3802811337
  1       21.5168076808       11.2041038358        6.3070319171
  2       21.6305375026       10.8958538528        5.8659565543
  1       21.7236232413       10.5816969591        5.4242094656
  1       25.3124744540       20.3863194944       10.1633761198
  2       25.2746250563       20.7718513803        9.7729499577
  1       25.2617851038       21.1605292536        9.3840223997
  1       17.5221740023        1.0591507055       24.1530806868
  2       18.0190681795        0.8990004832       23.9800255425
  1       18.5182271955        0.7314492203       23.8210700457
  1        6.7286743126       22.6384398528       10.2483501426
  2        6.4598743993       22.6650662652       10.7274510096
  1        6.1892397415       22.6639469838       11.2062574718
  1       13.7024549784       28.0440562521       24.5501541043
  2       13.3502380127       27.8496417889       24.9251824039
  1       13.0036861324       27.6384265201       25.2963830282
  1       18.6801513514       14.2326186410       17.2270764477
  2       19.2252809437       14.2918831575       17.2697548345
  1       19.7718329918       14.3319170038       17.3164254773
  1       15.2093203646       21.1906205072       20.5397996771
  2       15.6132427580       21.5581118568       20.6053497195
  1       16.0179904046       21.9201527328       20.6925606456
  1       12.3166609553       16.6926724188       15.0049158027
  2       12.6302410422       17.1294578839       14.8892179784
  1       12.9516761443       17.5649724782       14.7917166333
  1        2.0544708677       20.8705322098        6.5244247794
  2        2.2238262654       20.3763899654        6.3522557009
  1        2.3918717394       19.8807891945        6.1830203809
  1       11.9178929373       14.6926949743       12.1747942622
  2       11.4450433071       14.9255740000       12.3318948243
  1       10.9815697980       15.1821479940       12.4797531718
  1       19.3749841902       18.0166235814       16.0789762721
  2       19.1345756611       17.6087474338       15.7990820290
  1       18.9228790720       17.1872089012       15.5162573153
  1       23.9121387005        5.2359286646       14.5495583334
  2       24.2016131775        5.6892373487       14.6645181698
  1       24.4850709984        6.1473899481       14.7751882129
  1        7.6474931056        5.9866855199       11.9414287937
  2        8.1293694644        5.9630330750       11.6773535455
  1        8.6143733909        5.9273817283       11.4204485597
  1       24.0498691678       14.0337255103       16.3556814491
  2       23.9670732141       13.5182276166       16.1827457629
  1       23.8917683786       12.9998790760       16.0149841128
  1        9.4650904326       16.7430818364       22.7277810578
  2        9.4325769740       17.0662490652       22.2839276842
  1        9.3826808138       17.3764976330       21.8325340663
  1       25.9534105835       23.9378900715       11.9878403386
  2       25.6618128758       24.3693528326       12.1647885307
  1       25.3641874595       24.8022829516       12.3275479318
  1       13.5773400298       23.7240686839       18.3381153241
  2       13.3374388137       24.1892582257       18.1691594223
  1       13.1399682617       24.6751389772       18.0035536391
  1       17.0945764159        6.1477448379       15.0208829660
  2       16.7887781038        5.7054969312       14.9051065379
  1       16.4747833120        5.2666181289       14.7988395788
  1       10.8886294814       28.1445565353        3.7348607312
  2       10.4371407763       27.8325423233        3.6987348311
  1        9.9689846274       27.5475263678        3.6529557500
  1       27.2243780208       25.8387224546        2.0885521904
  2       26.6983396524       25.7921691388        1.9348758300
  1       26.1693684365       25.7544752598        1.7890381695
  1       20.3121030172       26.7433946192        2.4335116037
  2       19.9233831900       26.4020162708        2.6202138244
  1       19.5466514334       26.0441307951        2.8004668933
  1       18.0139260616       12.5931237339       22.3704514549
  2       17.9849074202       12.4435672070       21.8419717829
  1       17.9413522810       12.2972688978       21.3135782235
  1        0.5587714506       18.8122123880       27.0087454995
  2        0.3534316248       18.4662385953       27.3837624200
  1        0.1389619214       18.1115065227       27.7452425743
  1        9.6076661852       16.7069258017        4.2501109438
  2        9.6555976395       16.1774900110        4.1090424525
  1        9.6894413268       15.6450859207        3.9752497455
  1        1.3783097999       22.9935085758       15.4928220401
  2        1.5213096358       23.4657218462       15.7358563467
  1        1.6499625408       23.9414220504       15.9801056961
  1       27.6090744247       15.7294734146       24.3631991857
  2       27.6291516767       15.1997070062       24.5096384446
  1       27.6716012720       14.6703196093       24.6526315032
  1        2.3683958276        8.5882059206        1.2018411155
  2        2.2263864835        8.3392942646        0.7323985378
  1        2.0964577841        8.0865020408        0.2615327144
  1        1.3180063903        7.5492132647       10.9916470741
  2        0.9781195664        7.1390640442       10.8546997709
  1        0.6416383216        6.7276484931       10.7132161492
  1        4.3659410069        2.2616222481       16.5021035167
  2        4.6599380446        2.7222511466       16.5644473990
  1        4.9281824187        3.1974675042       16.6331086564
  1        0.9231435625        0.3524398632       27.5430399538
  2        0.7430456140        0.3522935091       27.0233624504
  1        0.5745297115        0.3365462997       26.5000514386
  1       22.9914858098        8.5820847852       13.5705469948
  2       22.6410639280        8.8580914666       13.8922997206
  1       22.3099121771        9.1413322077       14.2278786226
  1       28.1853814044        7.7181246381       22.1043940899
  2       27.6409441526        7.7627459427       22.0403861369
  1       27.0968563284        7.8039817032       21.9713350640
  1        7.7928578474       28.4396888030       20.1224750438
  2        7.9005987460       27.9443333713       20.3358172456
  1        8.0159487533       27.4520841172       20.5523467969
  1        9.4173078093       10.9299568388        8.0164102262
  2        8.9817596203       11.2389873711        8.1479317268
  1        8.5387922056       11.5368581296        8.2804190084
  1        9.7368364243       11.5844858185       27.9388583375
  2       10.0752039600       11.2120111480       27.7168898023
  1       10.4106735116       10.8478147752       27.4774713800


Molecules in box 2
##############################################################################                                           
Moleculetype  1
Number-of-molecules: 46    
Atomtype         X                  Y                   Z
  1        4.8053611865       16.0736462045       29.7799928631
  2        4.4226452672       16.0244441532       30.1719210240
  1        4.0372257343       15.9744093296       30.5610846131
  1        7.2440225356       43.9783883835       39.0824942376
  2        6.9963508722       44.1909428727       39.5251897722
  1        6.7529018753       44.4289220706       39.9571602414
  1       15.7146032481       28.6032498751       28.1708265017
  2       15.8367815259       28.0728982789       28.2501968547
  1       15.9699591195       27.5438774984       28.3202021495
  1       21.9279939578        0.5884841062        0.1885593959
  2       22.1380511925        1.0674842689        0.3586617248
  1       22.3553248057        1.5427105614        0.5302780029
  1       31.7041165348       43.0747284316       20.0955740333
  2       31.8195906499       42.6837168238       20.4647293546
  1       31.9477362387       42.2900137738       20.8267744008
  1       47.4734171910       17.6570829104        6.0240174812
  2       47.1138520523       17.2557329683        6.1341589133
  1       46.7307182683       16.8733705667        6.2316653046
  1        2.2651925259       43.8958640984       11.4907161980
  2        2.6249699614       44.0910484942       11.1233427524
  1        2.9883351470       44.2637854398       10.7483391677
  1       41.2624920895       15.1427933621       50.1529626931
  2       40.7752786463       15.3978688037       50.1452438950
  1       40.2737565610       15.6207765279       50.1093587531
  1        7.9631286352       32.1889646832       12.8436521912
  2        7.4959068189       32.2347110042       12.5571019364
  1        7.0347780547       32.2932701542       12.2631102907
  1       26.2895466449       11.0087453522       30.1839698812
  2       26.7790608596       11.2316901237       30.2987368732
  1       27.2730004463       11.4505552548       30.4017986898
  1       30.8742039923       14.5543787761       13.4827842382
  2       30.6061410346       14.3570285083       13.0449542227
  1       30.3378865065       14.1549517374       12.6094034383
  1       39.6606415422       24.4619966348       49.6129525908
  2       39.3733600783       24.8454579936       49.3429030642
  1       39.0818732927       25.2048215183       49.0455929401
  1        9.2340869815       47.8456000988       34.5103139270
  2        9.4964554006       47.5650710601       34.9039714826
  1        9.7506066650       47.2884459128       35.3056998258
  1       44.5524678494       46.5635187734       16.5427414880
  2       44.2298732668       46.9780068675       16.3795472628
  1       43.9015673753       47.3887543561       16.2182967088
  1       16.9997432629        8.7734247001        0.6043696492
  2       16.9251650397        9.0501329529        0.1349331450
  1       16.8759991308        9.3138424720       -0.3452126682
  1       12.1831959190        2.1765730920       50.8599457108
  2       12.4963782697        1.9572100541       50.4646019707
  1       12.8009334519        1.7359996403       50.0635881396
  1       45.0343402561       17.1895957430       17.1214921625
  2       45.0231715116       16.6768900483       16.9227256418
  1       45.0425410102       16.1616069036       16.7313932026
  1       47.2693914018       32.0177032528       46.1451692202
  2       47.6533338463       31.8305547629       46.4916712290
  1       48.0306172800       31.6395692651       46.8433553901
  1        8.4408647399       37.9668916533       19.1775972216
  2        7.9913023335       38.2570524256       19.0503165514
  1        7.5452989971       38.5539528492       18.9260943258
  1       38.0368815457       19.8660144275       17.1861269821
  2       37.6174204034       19.9490532209       17.5320415798
  1       37.1916782346       20.0282530594       17.8711153038
  1        7.1777238470       36.0280233274       44.0899074886
  2        6.9867808693       36.5364614488       44.1766914499
  1        6.7787064738       37.0373295593       44.2679941383
  1       35.0890378648       10.7687400422       39.7596080966
  2       35.5976952908       10.7340833562       39.9659246910
  1       36.1067735416       10.6999922082       40.1712953977
  1        8.1099265683       24.0843231239       36.8035918673
  2        7.8796324704       23.5870864423       36.8507120427
  1        7.6446502550       23.0932501200       36.9090990636
  1       41.8857286564       50.1774117568       41.4057708130
  2       42.3662999123       50.4381071500       41.3458610479
  1       42.8528169571       50.6862163219       41.2807227113
  1       13.9861859423       38.5435690714       18.6928232814
  2       14.4630441611       38.3047706815       18.8272910032
  1       14.9498733745       38.0896662582       18.9659539145
  1       14.8590502693       22.7609021329        6.0577058963
  2       14.8135814976       22.6374572472        6.5917414298
  1       14.7663601010       22.5156993905        7.1260121131
  1        2.3436255594        7.1929713505       13.7367971134
  2        2.8742618284        7.3309419534       13.7802627640
  1        3.4048323269        7.4581918578       13.8495621647
  1        4.0361427266       17.7345343479       48.4563604228
  2        4.0918749930       18.1494977282       48.8130105420
  1        4.1300582391       18.5914553389       49.1381497568
  1        7.3591513970       33.2311781537       46.0519754005
  2        7.6186807966       32.9903837486       45.6310685875
  1        7.8874502076       32.7377207243       45.2231171212
  1       18.8097894280        5.8517388211       31.1424493717
  2       19.1741875882        5.8646964806       31.5542091073
  1       19.5392723798        5.8637002848       31.9655630930
  1        7.9624985524        8.7100747650       31.6031777264
  2        8.1821183119        8.2568239001       31.3822007711
  1        8.4219129272        7.8099770362       31.1693007437
  1       12.9160987530        6.9467098264       47.5304249308
  2       12.9248646271        7.4874241427       47.6306805423
  1       12.9263445214        8.0326278197       47.7031426666
  1        0.5233180885       47.4045159716        0.2852037724
  2        0.8874253743       46.9925902087        0.3007938436
  1        1.2338746583       46.5654233081        0.2996398887
  1        5.0682464165       21.5370183965       33.5876513299
  2        5.1424773660       22.0010614300       33.8734026714
  1        5.2318086171       22.4653186474       34.1544456623
  1       34.6644732533       45.4825108580       42.9321374811
  2       35.1106118801       45.7553905934       42.7618524973
  1       35.5782576332       45.9885526930       42.5902632090
  1        2.1954081608       45.0534470193       39.5013955647
  2        1.6830648764       45.1617396648       39.3332377167
  1        1.1686788296       45.2667241866       39.1692705123
  1       41.1679486559       38.0344614872       45.9405480052
  2       40.6878995803       38.1525257068       45.6994801203
  1       40.2056230486       38.2718354451       45.4635256072
  1        6.5395447421       22.2156704597       11.0225765419
  2        6.2916451461       22.4259842129       11.4662136859
  1        6.0541790913       22.6358026626       11.9157535506
  1        2.3460271279       30.3621475189       40.7322209013
  2        2.6353995797       30.5008477764       40.2855377667
  1        2.9574799999       30.6319197298       39.8594106203
  1       28.3211422379       44.2614845954       17.9183767821
  2       27.7788949963       44.2576407448       17.8264357479
  1       27.2372282148       44.2448270913       17.7319216901
  1        7.4508043188       49.6519914610       47.9793331018
  2        7.7506300491       50.1130815938       47.9799818242
  1        8.0410748582       50.5801254670       47.9765420033
  1        6.4943300312       28.4615425489       39.8759597202
  2        6.5886552703       28.6193534589       39.3575983926
  1        6.7066535201       28.7656982817       38.8407235481
  1       17.1379831008        6.0705627730       35.1327742080
  2       16.8994540051        5.5754692068       35.1548248594
  1       16.6675286966        5.0769757701       35.1694858246
  1       13.5545131897       30.5772650515       32.1213080627
  2       13.4973013903       30.6429304150       32.6643687131
  1       13.4644624305       30.7163316089       33.2084586564
  1       36.1953518372       32.4026509431       20.0910254545
  2       36.4967637665       32.0165729131       19.8408363187
  1       36.7894109043       31.6098174204       19.6141038314
  1       42.0160600345       16.1037674762       14.4232139637
  2       42.2266210584       16.4595083388       14.0604296009
  1       42.4424768263       16.8186271745       13.7041432718


Number-of-fractionals:  1        
##############################################################################                                           
Fractional-type:      2
Box:                  1
Lambda:               0.282119
Reaction-Step         1 (only used if Type = 3 (RxMC))

Moleculetype  1
Atomtype         X                  Y                   Z
  1       19.9988611792       27.9237429398       18.2611680060
  2       19.6201622441       27.8273231482       17.8741404355
  1       19.2368895112       27.7319466095       17.4913802925

------------------------------------------------------------------------------                                           

