Compiled using GNU Fortran (Ubuntu 9.4.0-1ubuntu1~20.04.2) 9.4.0 with all optimizations
Last Brick update unknown
Compiled at 16:28:53 on Sep  3 2023
Starting at 15:06:05 on Dec 31 2024

Settings
OK                      

Forcefield
OK                      

Topology
OK                      

Configuration
OK                      Starting from random configuration.

 F
Monte Carlo Simulation initialized.

#########################################################################################################################
###########################################   ENERGY STARTING CONFIGURATION   ###########################################
#########################################################################################################################
                                               Box 1               Box 2
-------------------------------------------------------------------------------------------------------------------------
Lennard Jones        
 Intermolecular                          0.1683793253E+008   0.1248051211E+006
 Tailcorrection                         -0.4551081903E+004  -0.6833345666E+002
Total Intermolecular                     0.1683338145E+008   0.1247367876E+006

Electrostatic        
 Real                                   -0.3935856217E+004  -0.8193960738E+003
 Exclusion                               0.1043425830E+008   0.2037985693E+007
 Selfterm                               -0.1044989240E+008  -0.2038978394E+007
 Fourier                                 0.1544908909E+005   0.9393205756E+003
Total Intermolecular                    -0.4120870065E+004  -0.8727771102E+003

Intramolecular       
 Lennard Jones                           0.0000000000E+000   0.0000000000E+000
 Electrostatic                           0.0000000000E+000   0.0000000000E+000
 Bending                                 0.9343375086E+007   0.3104111324E+007
 Torsion                                 0.0000000000E+000   0.0000000000E+000

Total                                    0.2617263567E+008   0.3227975335E+007

#########################################################################################################################

Simulation is running...



#########################################################################################################################
###############################################   RELATIVE ENERGY DRIFTS   ##############################################
#########################################################################################################################
                                               Box 1               Box 2                                                 
-------------------------------------------------------------------------------------------------------------------------

Lennard Jones        
 Intermolecular                          0.1771524718E-013   0.0000000000E+000
 Tailcorrection                          0.0000000000E+000   0.0000000000E+000

Electrostatic        
 Real                                    0.4325990525E-014   0.0000000000E+000
 Exclusion                               0.2674160470E-015   0.0000000000E+000
 Selfterm                                0.0000000000E+000   0.0000000000E+000
 Fourier                                 0.4103618755E-015   0.0000000000E+000

Intramolecular       
 Lennard Jones                           0.0000000000E+000   0.0000000000E+000
 Electrostatic                           0.0000000000E+000   0.0000000000E+000
 Bending                                 0.3330893627E-014   0.0000000000E+000
 Torsion                                 0.0000000000E+000   0.0000000000E+000

Total                                    0.2168468032E-013   0.0000000000E+000

#########################################################################################################################
############################################   TRIAL MOVE ACCEPTANCE RATES   ############################################
#########################################################################################################################
                                               Box 1               Box 2
-------------------------------------------------------------------------------------------------------------------------
Translation
 N2                                           0.49802             1.00000
-------------------------------------------------------------------------------------------------------------------------
Rotation
 N2                                           0.49991             1.00000
-------------------------------------------------------------------------------------------------------------------------
Bond Bending
 N2                      
  Bending 1                                   0.30086             0.30530
-------------------------------------------------------------------------------------------------------------------------
Lambda Move
 N2                                           0.78044             0.90475
-------------------------------------------------------------------------------------------------------------------------
GE Swap Fractional
 N2                                           0.03769             0.29244
-------------------------------------------------------------------------------------------------------------------------
GE Identity Change
 N2                                           0.04820             1.00000
-------------------------------------------------------------------------------------------------------------------------
Volume                                        0.50359             0.50359

#########################################################################################################################
######################################################   AVERAGES   #####################################################
#########################################################################################################################
                                                       Boltzmann                                    Biased
                                               Box 1               Box 2                  Box 1               Box 2      
-------------------------------------------------------------------------------------------------------------------------
Density
 N2                                      0.9233040452E+003   0.1665800278E-001      0.9233665678E+003   0.1621768870E-001
 Total                                   0.9233040452E+003   0.1665800278E-001      0.9233665678E+003   0.1621768870E-001

Number of molecules
 N2                                      0.3999527646E+003   0.4723536627E-001      0.3999540130E+003   0.4598700000E-001
 Total                                   0.3999527646E+003   0.4723536627E-001      0.3999540130E+003   0.4598700000E-001

Mole fractions
 N2                                           1.00000             1.00000                 1.00000             1.00000

Volume                                   0.2015100820E+005   0.1318489918E+006      0.2014970860E+005   0.1318502914E+006

#########################################################################################################################
#######################################   PROPERTIES FROM THE CFC GIBBS ENSEMBLE   ######################################
#########################################################################################################################
                                                       Boltzmann                                    Biased
                                               Box 1               Box 2                  Box 1               Box 2      
Chemical Potentials (as an indication)
=========================================================================================================================

Total N2                                -0.1037965611E+004  -0.1038097919E+004     -0.1037960871E+004  -0.1039973093E+004
 Ideal gas                              -0.2743735350E+003  -0.1038971153E+004     -0.2743687950E+003  -0.1040846328E+004
 Excess                                 -0.7635920757E+003   0.8732347140E+000     -0.7635920757E+003   0.8732347140E+000

-------------------------------------------------------------------------------------------------------------------------

#########################################################################################################################
##################################################   AVERAGE ENERGIES   #################################################
#########################################################################################################################
                                                       Boltzmann                                    Biased
                                               Box 1               Box 2                  Box 1               Box 2      
-------------------------------------------------------------------------------------------------------------------------
Lennard Jones        
 Intermolecular                         -0.4099831304E+006   0.0000000000E+000     -0.4098586654E+006   0.0000000000E+000
 Tailcorrection                         -0.1082053854E+005  -0.3071894114E-003     -0.1081765336E+005  -0.3181047276E-003
Total Intermolecular                    -0.4208036690E+006  -0.3071894114E-003     -0.4206763187E+006  -0.3181047276E-003

Electrostatic        
 Real                                   -0.1056382884E+005   0.0000000000E+000     -0.1055980219E+005   0.0000000000E+000
 Exclusion                               0.1394215757E+008   0.9641578121E+003      0.1393772167E+008   0.9490991738E+003
 Selfterm                               -0.1394466240E+008  -0.9641786758E+003     -0.1394022547E+008  -0.9491199516E+003
 Fourier                                 0.1033692662E+004   0.2132851249E-001      0.1033536209E+004   0.2099658013E-001
Total Intermolecular                    -0.1203496897E+005   0.4647451895E-003     -0.1203006854E+005   0.2188500234E-003

Intramolecular       
 Lennard Jones                           0.0000000000E+000   0.0000000000E+000      0.0000000000E+000   0.0000000000E+000
 Electrostatic                           0.0000000000E+000   0.0000000000E+000      0.0000000000E+000   0.0000000000E+000
 Bending                                 0.2818175609E+005   0.3352325695E+001      0.2817659079E+005   0.3787008330E+001
 Torsion                                 0.0000000000E+000   0.0000000000E+000      0.0000000000E+000   0.0000000000E+000

Total                                   -0.4046568819E+006   0.3352483251E+001     -0.4045297965E+006   0.3786909075E+001

#########################################################################################################################

No errors found in bookkeeping.

Total simulation time :  1 days and  22 hours

Simulation finished.

