#   100 bins for weightfunction of N2                      
 0.0000000    0.6363964844E+001    0.4577734375E+001
 0.0101010    0.6369824219E+001    0.4588867187E+001
 0.0202020    0.6386328125E+001    0.4569531250E+001
 0.0303030    0.6479980469E+001    0.4576855469E+001
 0.0404040    0.6566308594E+001    0.4582714844E+001
 0.0505051    0.6725000000E+001    0.4607812500E+001
 0.0606061    0.6887011719E+001    0.4592871094E+001
 0.0707071    0.7032714844E+001    0.4591406250E+001
 0.0808081    0.7233496094E+001    0.4571582031E+001
 0.0909091    0.7441601562E+001    0.4612792969E+001
 0.1010101    0.7572363281E+001    0.4573339844E+001
 0.1111111    0.7701074219E+001    0.4562597656E+001
 0.1212121    0.7779687500E+001    0.4544921875E+001
 0.1313131    0.7802734375E+001    0.4568457031E+001
 0.1414141    0.7819238281E+001    0.4551660156E+001
 0.1515152    0.7779492187E+001    0.4563281250E+001
 0.1616162    0.7705175781E+001    0.4575781250E+001
 0.1717172    0.7621972656E+001    0.4555468750E+001
 0.1818182    0.7476074219E+001    0.4570507812E+001
 0.1919192    0.7345214844E+001    0.4570214844E+001
 0.2020202    0.7225781250E+001    0.4556152344E+001
 0.2121212    0.7103417969E+001    0.4549023437E+001
 0.2222222    0.6908105469E+001    0.4563769531E+001
 0.2323232    0.6731152344E+001    0.4584082031E+001
 0.2424242    0.6549902344E+001    0.4564160156E+001
 0.2525253    0.6388476562E+001    0.4554589844E+001
 0.2626263    0.6160351562E+001    0.4562695312E+001
 0.2727273    0.5988769531E+001    0.4550781250E+001
 0.2828283    0.5761816406E+001    0.4573437500E+001
 0.2929293    0.5532910156E+001    0.4553808594E+001
 0.3030303    0.5327734375E+001    0.4547656250E+001
 0.3131313    0.5128906250E+001    0.4535937500E+001
 0.3232323    0.4875097656E+001    0.4539062500E+001
 0.3333333    0.4652148437E+001    0.4550000000E+001
 0.3434343    0.4403417969E+001    0.4563183594E+001
 0.3535354    0.4164843750E+001    0.4549902344E+001
 0.3636364    0.3883886719E+001    0.4553320312E+001
 0.3737374    0.3679101562E+001    0.4549218750E+001
 0.3838384    0.3407714844E+001    0.4549707031E+001
 0.3939394    0.3155566406E+001    0.4532519531E+001
 0.4040404    0.2926562500E+001    0.4536230469E+001
 0.4141414    0.2636523437E+001    0.4551074219E+001
 0.4242424    0.2385253906E+001    0.4541015625E+001
 0.4343434    0.2102832031E+001    0.4539941406E+001
 0.4444444    0.1849511719E+001    0.4552929687E+001
 0.4545455    0.1586132812E+001    0.4546777344E+001
 0.4646465    0.1324023437E+001    0.4560644531E+001
 0.4747475    0.1047851562E+001    0.4533007812E+001
 0.4848485    0.7441406250E+000    0.4550781250E+001
 0.4949495    0.5193359375E+000    0.4517480469E+001
 0.5050505    0.3862304687E+000    0.4537890625E+001
 0.5151515    0.3690429687E+000    0.4548535156E+001
 0.5252525    0.3613281250E+000    0.4538476562E+001
 0.5353535    0.3708984375E+000    0.4538867187E+001
 0.5454545    0.3696289062E+000    0.4549902344E+001
 0.5555556    0.3793945312E+000    0.4544140625E+001
 0.5656566    0.3690429687E+000    0.4563281250E+001
 0.5757576    0.3677734375E+000    0.4509082031E+001
 0.5858586    0.3485351562E+000    0.4530371094E+001
 0.5959596    0.3686523437E+000    0.4554394531E+001
 0.6060606    0.3628906250E+000    0.4576464844E+001
 0.6161616    0.3476562500E+000    0.4543164062E+001
 0.6262626    0.3294921875E+000    0.4515039062E+001
 0.6363636    0.3625976562E+000    0.4553222656E+001
 0.6464646    0.3425781250E+000    0.4551269531E+001
 0.6565657    0.3200195312E+000    0.4539453125E+001
 0.6666667    0.3332031250E+000    0.4546777344E+001
 0.6767677    0.3430664062E+000    0.4550097656E+001
 0.6868687    0.3208984375E+000    0.4550781250E+001
 0.6969697    0.3015625000E+000    0.4533496094E+001
 0.7070707    0.2939453125E+000    0.4537890625E+001
 0.7171717    0.2881835937E+000    0.4552929687E+001
 0.7272727    0.2892578125E+000    0.4530371094E+001
 0.7373737    0.2799804687E+000    0.4540039062E+001
 0.7474747    0.2597656250E+000    0.4535156250E+001
 0.7575758    0.2521484375E+000    0.4526562500E+001
 0.7676768    0.2413085937E+000    0.4538671875E+001
 0.7777778    0.2394531250E+000    0.4529003906E+001
 0.7878788    0.2208007812E+000    0.4536816406E+001
 0.7979798    0.2197265625E+000    0.4539453125E+001
 0.8080808    0.2165039062E+000    0.4542871094E+001
 0.8181818    0.1894531250E+000    0.4539160156E+001
 0.8282828    0.1810546875E+000    0.4523242187E+001
 0.8383838    0.1834960937E+000    0.4532128906E+001
 0.8484848    0.1603515625E+000    0.4524609375E+001
 0.8585859    0.1465820312E+000    0.4522363281E+001
 0.8686869    0.1472656250E+000    0.4535449219E+001
 0.8787879    0.1218750000E+000    0.4535546875E+001
 0.8888889    0.1219726562E+000    0.4531640625E+001
 0.8989899    0.9550781250E-001    0.4532812500E+001
 0.9090909    0.1112304687E+000    0.4530175781E+001
 0.9191919    0.7158203125E-001    0.4542285156E+001
 0.9292929    0.6718750000E-001    0.4530761719E+001
 0.9393939    0.5742187500E-001    0.4528613281E+001
 0.9494949    0.5527343750E-001    0.4537304687E+001
 0.9595960    0.2568359375E-001    0.4530468750E+001
 0.9696970    0.3710937500E-001    0.4543164062E+001
 0.9797980    0.4599609375E-001    0.4553417969E+001
 0.9898990    0.2861328125E-001    0.4572460937E+001
 1.0000000    0.0000000000E+000    0.4535351562E+001


