 0.0000000   0.1249331400E-003   0.2517650987E-001   0.1007067233E+001   0.9070943850E+000
 0.0101010   0.1259644703E-003   0.2685313526E-001   0.1051878241E+001   0.1035711592E+001
 0.0202020   0.1171528596E-003   0.3036148220E-001   0.1035978355E+001   0.1150469480E+001
 0.0303030   0.1044576677E-003   0.2736909874E-001   0.1013204523E+001   0.1043877300E+001
 0.0404040   0.8804799412E-004   0.2980764044E-001   0.9990091166E+000   0.1056958006E+001
 0.0505051   0.7092964139E-004   0.2584219490E-001   0.9978451280E+000   0.1042612053E+001
 0.0606061   0.5357254579E-004   0.2925482243E-001   0.1012971744E+001   0.1092015076E+001
 0.0707071   0.3929508243E-004   0.2750986259E-001   0.1014434388E+001   0.1040256748E+001
 0.0808081   0.2851540281E-004   0.2571345996E-001   0.1026591654E+001   0.1031555743E+001
 0.0909091   0.2020576574E-004   0.2035803541E-001   0.1013431016E+001   0.1137807279E+001
 0.1010101   0.1624380659E-004   0.2178358928E-001   0.9900732859E+000   0.1115062034E+001
 0.1111111   0.1330602375E-004   0.2112404667E-001   0.1011278136E+001   0.1033784524E+001
 0.1212121   0.1238467327E-004   0.1824069121E-001   0.1046876538E+001   0.1037249353E+001
 0.1313131   0.1108523380E-004   0.1607369576E-001   0.9918614643E+000   0.1055975007E+001
 0.1414141   0.1094375911E-004   0.1798142979E-001   0.9955284170E+000   0.9590181685E+000
 0.1515152   0.1188230584E-004   0.1769324781E-001   0.1007638386E+001   0.1084569585E+001
 0.1616162   0.1261064973E-004   0.1874846479E-001   0.1001486006E+001   0.1062894933E+001
 0.1717172   0.1462103588E-004   0.1954621191E-001   0.1009282985E+001   0.9647020465E+000
 0.1818182   0.1766362637E-004   0.2553251443E-001   0.1013390947E+001   0.9476698776E+000
 0.1919192   0.2042338531E-004   0.2521182880E-001   0.9910987804E+000   0.1144474156E+001
 0.2020202   0.2608977133E-004   0.2828943837E-001   0.1009623056E+001   0.1041813975E+001
 0.2121212   0.3148720432E-004   0.3361261520E-001   0.1015803040E+001   0.1012771694E+001
 0.2222222   0.4154314730E-004   0.4647561557E-001   0.1004247521E+001   0.1080919834E+001
 0.2323232   0.5497135892E-004   0.5822530188E-001   0.1018117774E+001   0.1116590062E+001
 0.2424242   0.7333872712E-004   0.7792302687E-001   0.1011031556E+001   0.1066340298E+001
 0.2525253   0.9759961799E-004   0.9741754006E-001   0.9940196424E+000   0.9711256074E+000
 0.2626263   0.1346708944E-003   0.1184397249E+000   0.1001148443E+001   0.1041171619E+001
 0.2727273   0.1891550319E-003   0.1449859950E+000   0.9992375516E+000   0.1042436865E+001
 0.2828283   0.2690251436E-003   0.1854202821E+000   0.1006503757E+001   0.9956908613E+000
 0.2929293   0.3829392484E-003   0.2081370078E+000   0.9877431077E+000   0.1022426500E+001
 0.3030303   0.5369124022E-003   0.2652950637E+000   0.1022455431E+001   0.1086847029E+001
 0.3131313   0.7812966227E-003   0.3359290827E+000   0.9842217364E+000   0.1062680815E+001
 0.3232323   0.1158210953E-002   0.4887382204E+000   0.9864291196E+000   0.1027468022E+001
 0.3333333   0.1672283712E-002   0.5252257452E+000   0.9897646289E+000   0.1008635310E+001
 0.3434343   0.2490738165E-002   0.6276009880E+000   0.1002253633E+001   0.1104356099E+001
 0.3535354   0.3672245916E-002   0.7308377055E+000   0.1005290693E+001   0.1070272296E+001
 0.3636364   0.5467517889E-002   0.8634730805E+000   0.1001329515E+001   0.1012479713E+001
 0.3737374   0.8197578987E-002   0.8358731290E+000   0.9823647516E+000   0.1013686564E+001
 0.3838384   0.1225760651E-001   0.9856335778E+000   0.9909956086E+000   0.9696851725E+000
 0.3939394   0.1853547034E-001   0.1272847364E+001   0.1008703418E+001   0.1047390793E+001
 0.4040404   0.2786212100E-001   0.1221892387E+001   0.9943692785E+000   0.9534218844E+000
 0.4141414   0.4232350242E-001   0.1267726631E+001   0.1000841882E+001   0.1010406655E+001
 0.4242424   0.6455221962E-001   0.1401414664E+001   0.9907126851E+000   0.1114040103E+001
 0.4343434   0.9848283997E-001   0.1282681126E+001   0.1016213940E+001   0.1068462019E+001
 0.4444444   0.1504820529E+000   0.1655600901E+001   0.1005503895E+001   0.1057201323E+001
 0.4545455   0.2318450338E+000   0.1485519271E+001   0.1014219819E+001   0.1014358118E+001
 0.4646465   0.3564992814E+000   0.1577300627E+001   0.9971892586E+000   0.9833985017E+000
 0.4747475   0.5483711553E+000   0.1601130666E+001   0.1007983839E+001   0.1004975826E+001
 0.4848485   0.8504117150E+000   0.1466554542E+001   0.1008967550E+001   0.1059186787E+001
 0.4949495   0.1324549174E+001   0.1594639406E+001   0.1004214654E+001   0.1023360836E+001
 0.5050505   0.1633717180E+001   0.1690240580E+001   0.9882106285E+000   0.9183648145E+000
 0.5151515   0.1629998697E+001   0.1710275882E+001   0.9938127310E+000   0.1073036373E+001
 0.5252525   0.1637199287E+001   0.1601194650E+001   0.1018678501E+001   0.9247494446E+000
 0.5353535   0.1633650345E+001   0.1529330355E+001   0.9871090170E+000   0.1018582096E+001
 0.5454545   0.1645172103E+001   0.1636885707E+001   0.9967871810E+000   0.9453437700E+000
 0.5555556   0.1637802682E+001   0.1621932748E+001   0.9814805546E+000   0.9785516330E+000
 0.5656566   0.1643831842E+001   0.1401149516E+001   0.1021553315E+001   0.9002328541E+000
 0.5757576   0.1648688240E+001   0.1562821657E+001   0.1022619929E+001   0.9759238127E+000
 0.5858586   0.1656296327E+001   0.1536061938E+001   0.1003217744E+001   0.9924401502E+000
 0.5959596   0.1658858114E+001   0.1531243208E+001   0.1000175424E+001   0.9470761849E+000
 0.6060606   0.1665101610E+001   0.1513177320E+001   0.9977786829E+000   0.9932479616E+000
 0.6161616   0.1670809276E+001   0.1523116527E+001   0.9977382400E+000   0.9257713748E+000
 0.6262626   0.1683966255E+001   0.1667649006E+001   0.1009439551E+001   0.9892770331E+000
 0.6363636   0.1684388670E+001   0.1576828684E+001   0.1004341396E+001   0.1013939614E+001
 0.6464646   0.1700480744E+001   0.1502471589E+001   0.9856218528E+000   0.9704735186E+000
 0.6565657   0.1712823212E+001   0.1636350549E+001   0.9809191699E+000   0.9810529287E+000
 0.6666667   0.1722120276E+001   0.1493327314E+001   0.1005134956E+001   0.1060121123E+001
 0.6767677   0.1740198772E+001   0.1707255858E+001   0.9865465797E+000   0.9385601004E+000
 0.6868687   0.1743375312E+001   0.1422386430E+001   0.1006832932E+001   0.9283894624E+000
 0.6969697   0.1756601813E+001   0.1583906290E+001   0.9993438393E+000   0.9979196422E+000
 0.7070707   0.1772841205E+001   0.1588589375E+001   0.9785459939E+000   0.9894424884E+000
 0.7171717   0.1790460469E+001   0.1488450742E+001   0.9882872811E+000   0.9746196352E+000
 0.7272727   0.1802905915E+001   0.1512914219E+001   0.9994556205E+000   0.9871747768E+000
 0.7373737   0.1819742227E+001   0.1674509580E+001   0.9807301835E+000   0.9581422283E+000
 0.7474747   0.1831249606E+001   0.1565783841E+001   0.9992131603E+000   0.9838559370E+000
 0.7575758   0.1854094825E+001   0.1575439985E+001   0.9882989981E+000   0.9155812714E+000
 0.7676768   0.1874440324E+001   0.1515049479E+001   0.9865296035E+000   0.9653152046E+000
 0.7777778   0.1897615300E+001   0.1411881864E+001   0.9887760140E+000   0.9103158981E+000
 0.7878788   0.1915638800E+001   0.1620122269E+001   0.9935493092E+000   0.1033268692E+001
 0.7979798   0.1934936730E+001   0.1412908160E+001   0.1008162865E+001   0.9296157786E+000
 0.8080808   0.1959287160E+001   0.1628800232E+001   0.9957620665E+000   0.9927905262E+000
 0.8181818   0.1976182814E+001   0.1456618406E+001   0.9955466149E+000   0.9280780171E+000
 0.8282828   0.2004791639E+001   0.1512748374E+001   0.9955988658E+000   0.9531104390E+000
 0.8383838   0.2023061835E+001   0.1474951489E+001   0.9995322875E+000   0.9643808685E+000
 0.8484848   0.2045080141E+001   0.1488676476E+001   0.1007403044E+001   0.9274648590E+000
 0.8585859   0.2073463862E+001   0.1554818081E+001   0.9839396652E+000   0.9582784857E+000
 0.8686869   0.2103039471E+001   0.1627055016E+001   0.9796405863E+000   0.1001442868E+001
 0.8787879   0.2125632619E+001   0.1422114627E+001   0.9868177352E+000   0.9170703696E+000
 0.8888889   0.2152616600E+001   0.1488207093E+001   0.9932114906E+000   0.9186957252E+000
 0.8989899   0.2191555949E+001   0.1538987523E+001   0.9854606733E+000   0.9287787692E+000
 0.9090909   0.2219288764E+001   0.1674600693E+001   0.9860473120E+000   0.1049785030E+001
 0.9191919   0.2249721515E+001   0.1411734957E+001   0.9919123621E+000   0.8990454686E+000
 0.9292929   0.2276096511E+001   0.1513291978E+001   0.9913252597E+000   0.9760892680E+000
 0.9393939   0.2312488926E+001   0.1581343620E+001   0.9829493101E+000   0.9543270225E+000
 0.9494949   0.2336878812E+001   0.1575707180E+001   0.9949278743E+000   0.9524680829E+000
 0.9595960   0.2370521080E+001   0.1331339094E+001   0.9810936031E+000   0.7872073813E+000
 0.9696970   0.2400853489E+001   0.1462503614E+001   0.9860078753E+000   0.9091869086E+000
 0.9797980   0.2451387050E+001   0.1538283192E+001   0.9987642583E+000   0.1003593788E+001
 0.9898990   0.2482233129E+001   0.1488634247E+001   0.9907241200E+000   0.9207006548E+000
 1.0000000   0.2494448460E+001   0.1461306098E+001   0.9820166131E+000   0.9097611360E+000


