 0.0000000   0.1145997580E-001   0.1104726470E+001   0.9401187554E+000   0.9627505292E+000
 0.0101010   0.1144154810E-001   0.1096185168E+001   0.9422981109E+000   0.9633346176E+000
 0.0202020   0.1112690892E-001   0.1094255551E+001   0.9411823909E+000   0.9631105773E+000
 0.0303030   0.1045847447E-001   0.1102821008E+001   0.9403209541E+000   0.9786713637E+000
 0.0404040   0.9676676008E-002   0.1151933631E+001   0.9438813108E+000   0.1005378737E+001
 0.0505051   0.8708223708E-002   0.1128405732E+001   0.9472862349E+000   0.9900936926E+000
 0.0606061   0.7563178988E-002   0.1114405146E+001   0.9397146726E+000   0.9772288423E+000
 0.0707071   0.6581619721E-002   0.1113592506E+001   0.9433544531E+000   0.9706268731E+000
 0.0808081   0.5682362972E-002   0.1117034684E+001   0.9465294929E+000   0.1008347155E+001
 0.0909091   0.4960849356E-002   0.1108640451E+001   0.9434371720E+000   0.9804534389E+000
 0.1010101   0.4399264292E-002   0.1093028004E+001   0.9491555034E+000   0.9662317708E+000
 0.1111111   0.3996881964E-002   0.1104239638E+001   0.9476415006E+000   0.9747760435E+000
 0.1212121   0.3765964493E-002   0.1066651573E+001   0.9457572047E+000   0.9779815432E+000
 0.1313131   0.3672553833E-002   0.1094113849E+001   0.9538375510E+000   0.9908263650E+000
 0.1414141   0.3695573656E-002   0.1138752662E+001   0.9506574394E+000   0.1003564057E+001
 0.1515152   0.3784906160E-002   0.1100040643E+001   0.9530389763E+000   0.9726041103E+000
 0.1616162   0.3959039834E-002   0.1093170780E+001   0.9485328574E+000   0.9784361447E+000
 0.1717172   0.4267054751E-002   0.1052160397E+001   0.9526691385E+000   0.9889846699E+000
 0.1818182   0.4659434534E-002   0.1078934560E+001   0.9585839052E+000   0.9860558437E+000
 0.1919192   0.5134726794E-002   0.1058622867E+001   0.9628746391E+000   0.9893819804E+000
 0.2020202   0.5768533286E-002   0.1054685806E+001   0.9681294151E+000   0.9868472043E+000
 0.2121212   0.6513019756E-002   0.1051316626E+001   0.9602396490E+000   0.9664572084E+000
 0.2222222   0.7462774063E-002   0.1065883484E+001   0.9630570007E+000   0.9825638892E+000
 0.2323232   0.8548740635E-002   0.1041515035E+001   0.9673595162E+000   0.9949857825E+000
 0.2424242   0.9909812880E-002   0.1042596049E+001   0.9642173724E+000   0.9870195430E+000
 0.2525253   0.1159069176E-001   0.1000075252E+001   0.9686030364E+000   0.9706711223E+000
 0.2626263   0.1363228906E-001   0.1012044240E+001   0.9753013212E+000   0.1018354909E+001
 0.2727273   0.1616078134E-001   0.1035973091E+001   0.9757922025E+000   0.1001505309E+001
 0.2828283   0.1935793399E-001   0.1015040379E+001   0.9786110744E+000   0.1016759146E+001
 0.2929293   0.2302873893E-001   0.9651902607E+000   0.9765385475E+000   0.9924584589E+000
 0.3030303   0.2766764702E-001   0.1027465067E+001   0.9760674820E+000   0.9999551919E+000
 0.3131313   0.3324228736E-001   0.1001475096E+001   0.9810424686E+000   0.1002111754E+001
 0.3232323   0.4028185323E-001   0.1002466474E+001   0.9830355142E+000   0.9961143681E+000
 0.3333333   0.4906478183E-001   0.9737127769E+000   0.9831740412E+000   0.9969360044E+000
 0.3434343   0.6001639580E-001   0.9826555684E+000   0.9903764982E+000   0.9942614942E+000
 0.3535354   0.7307384884E-001   0.9637925637E+000   0.9850469348E+000   0.1002989284E+001
 0.3636364   0.9027745752E-001   0.9727197895E+000   0.9906392131E+000   0.1003745712E+001
 0.3737374   0.1102189495E+000   0.9651462472E+000   0.9943670963E+000   0.9975368609E+000
 0.3838384   0.1359692474E+000   0.9911496369E+000   0.9948482421E+000   0.1021661949E+001
 0.3939394   0.1670622860E+000   0.9783647890E+000   0.1000346975E+001   0.1012370099E+001
 0.4040404   0.2080779397E+000   0.9642461175E+000   0.9977561472E+000   0.1014269550E+001
 0.4141414   0.2575606349E+000   0.9612494423E+000   0.1002931450E+001   0.1019007933E+001
 0.4242424   0.3229283247E+000   0.9653212277E+000   0.1006833367E+001   0.9977394753E+000
 0.4343434   0.3986494437E+000   0.9680189331E+000   0.1008402353E+001   0.9971740181E+000
 0.4444444   0.4960258873E+000   0.9483143045E+000   0.1012228994E+001   0.9987367108E+000
 0.4545455   0.6238405342E+000   0.9262055727E+000   0.1013535480E+001   0.9943290324E+000
 0.4646465   0.7807175240E+000   0.9646331142E+000   0.1012184936E+001   0.1023225573E+001
 0.4747475   0.9750823341E+000   0.9508321986E+000   0.1017070548E+001   0.1009386310E+001
 0.4848485   0.1229774956E+001   0.9331784917E+000   0.1019355522E+001   0.1009063990E+001
 0.4949495   0.1555167001E+001   0.9593616926E+000   0.1024723414E+001   0.1007959160E+001
 0.5050505   0.1735592143E+001   0.9467738320E+000   0.1021387903E+001   0.9886916941E+000
 0.5151515   0.1725784682E+001   0.9488306580E+000   0.1021451286E+001   0.1006409975E+001
 0.5252525   0.1736551968E+001   0.9691938788E+000   0.1021940688E+001   0.9967906810E+000
 0.5353535   0.1736710565E+001   0.9726247847E+000   0.1021980975E+001   0.9964893211E+000
 0.5454545   0.1733478103E+001   0.9815868992E+000   0.1027913865E+001   0.1005902274E+001
 0.5555556   0.1736811170E+001   0.9498011019E+000   0.1025215419E+001   0.1003482080E+001
 0.5656566   0.1742882738E+001   0.9634152285E+000   0.1020355057E+001   0.1001972952E+001
 0.5757576   0.1738235536E+001   0.9534155763E+000   0.1029711708E+001   0.1029569966E+001
 0.5858586   0.1744546571E+001   0.9552899073E+000   0.1023386166E+001   0.9978107397E+000
 0.5959596   0.1743555176E+001   0.9717729625E+000   0.1027679521E+001   0.1010028155E+001
 0.6060606   0.1743217177E+001   0.9405432382E+000   0.1024211620E+001   0.1006570669E+001
 0.6161616   0.1755430573E+001   0.9533270126E+000   0.1029573101E+001   0.1011247102E+001
 0.6262626   0.1751181036E+001   0.9642284047E+000   0.1023452015E+001   0.1006929785E+001
 0.6363636   0.1764024622E+001   0.9718695775E+000   0.1023610559E+001   0.9959848811E+000
 0.6464646   0.1760166387E+001   0.9629493295E+000   0.1024682410E+001   0.1006959595E+001
 0.6565657   0.1771449032E+001   0.9551224413E+000   0.1027892347E+001   0.9928040679E+000
 0.6666667   0.1778028631E+001   0.9643507837E+000   0.1028065177E+001   0.9941110472E+000
 0.6767677   0.1775738959E+001   0.9773208103E+000   0.1028403460E+001   0.9711886041E+000
 0.6868687   0.1776641904E+001   0.9875340890E+000   0.1025719758E+001   0.1013555975E+001
 0.6969697   0.1787647944E+001   0.9870510140E+000   0.1030348951E+001   0.1012429253E+001
 0.7070707   0.1796879928E+001   0.9844515338E+000   0.1027895025E+001   0.1022223214E+001
 0.7171717   0.1802388777E+001   0.9499417304E+000   0.1026736082E+001   0.9949368756E+000
 0.7272727   0.1806922870E+001   0.9574836044E+000   0.1027861241E+001   0.1013987288E+001
 0.7373737   0.1815111180E+001   0.9407584750E+000   0.1031343131E+001   0.9910671733E+000
 0.7474747   0.1816466084E+001   0.9606858548E+000   0.1028417616E+001   0.1005609298E+001
 0.7575758   0.1826321961E+001   0.9690398316E+000   0.1025895247E+001   0.1007831536E+001
 0.7676768   0.1832380165E+001   0.9633701415E+000   0.1028593464E+001   0.1013644939E+001
 0.7777778   0.1842482877E+001   0.9811295882E+000   0.1030788331E+001   0.1006009869E+001
 0.7878788   0.1854427762E+001   0.9705443418E+000   0.1027922799E+001   0.1002968324E+001
 0.7979798   0.1851367620E+001   0.9568362840E+000   0.1028875425E+001   0.9968395879E+000
 0.8080808   0.1866113179E+001   0.9779246540E+000   0.1027855234E+001   0.1009165530E+001
 0.8181818   0.1866966784E+001   0.9719914197E+000   0.1028286837E+001   0.1019571527E+001
 0.8282828   0.1877514794E+001   0.9610841233E+000   0.1026965087E+001   0.1014662669E+001
 0.8383838   0.1889014907E+001   0.9835422794E+000   0.1029354138E+001   0.1031829000E+001
 0.8484848   0.1896819256E+001   0.9655525669E+000   0.1027956443E+001   0.1020862670E+001
 0.8585859   0.1896304486E+001   0.9506035432E+000   0.1026845004E+001   0.9893740622E+000
 0.8686869   0.1911662512E+001   0.9617008491E+000   0.1028824150E+001   0.9945535385E+000
 0.8787879   0.1921118136E+001   0.9601313921E+000   0.1025708686E+001   0.1000490373E+001
 0.8888889   0.1926716198E+001   0.9666743744E+000   0.1031354299E+001   0.1015224866E+001
 0.8989899   0.1940008513E+001   0.9807619145E+000   0.1029629710E+001   0.1015236044E+001
 0.9090909   0.1950684798E+001   0.9803260735E+000   0.1031954537E+001   0.1012967695E+001
 0.9191919   0.1952336642E+001   0.9585447592E+000   0.1025988779E+001   0.1008440311E+001
 0.9292929   0.1967648087E+001   0.9733064572E+000   0.1028865200E+001   0.1003103866E+001
 0.9393939   0.1975956821E+001   0.9858041438E+000   0.1028796280E+001   0.1023844129E+001
 0.9494949   0.1978891043E+001   0.9793937387E+000   0.1030324040E+001   0.1038363431E+001
 0.9595960   0.1989200567E+001   0.9599778816E+000   0.1027383417E+001   0.1006512912E+001
 0.9696970   0.1998480582E+001   0.9502691479E+000   0.1029191501E+001   0.9971945124E+000
 0.9797980   0.2003555410E+001   0.9751791779E+000   0.1028080898E+001   0.1016707910E+001
 0.9898990   0.2010741792E+001   0.9783186285E+000   0.1026828749E+001   0.1022010818E+001
 1.0000000   0.2012173488E+001   0.9713253130E+000   0.1025808585E+001   0.1010801816E+001


