Simulation state at cycle:    1100000
##############################################################################                                           

Number-of-molecules: 401   

Box-size(s):    28.362376   50.551836

------------------------------------------------------------------------------                                           

Deltas
Translation per molecule type
Box 1    0.6467582819E+000
Box 2    0.2525651406E+002

Rotation per molecule type
Box 1    0.1058951718E+003
Box 2    0.1800000000E+003

Volume    Delta_Volume
Box 1   0.4337682237E+003
Box 2   0.2008186221E+004

------------------------------------------------------------------------------                                           

Molecules in box 1
##############################################################################                                           
Moleculetype  1
Number-of-molecules: 385   
Atomtype         X                  Y                   Z
  1        1.9408382809       21.9632202026       27.3843744891
  2        2.4882550327       22.0078885651       27.3553979938
  1        3.0373565549       22.0233348915       27.3280314396
  1        5.4085283993       17.7605474084       15.0284875427
  2        5.3668189462       17.9392255416       14.5099950681
  1        5.3278622743       18.1345864164       13.9973387453
  1       27.3510681685       27.6148901812        1.3971692158
  2       27.3739495521       27.0776982726        1.5129331809
  1       27.3730639966       26.5351560000        1.6031944532
  1       25.9493348983       13.7191619144       21.1674375788
  2       26.4965208503       13.7403005689       21.1160499224
  1       27.0424059426       13.7607215644       21.0520776791
  1       15.0427020541       14.1910666123       13.0886489823
  2       15.2930855573       14.5947058736       12.8113703354
  1       15.5328997509       15.0083962007       12.5396177553
  1       13.4512673119       27.3485249487       19.0804399683
  2       13.9323833556       27.2991479035       19.3423354816
  1       14.4056255828       27.2751899512       19.6215626470
  1       15.7104842489       11.4808610901       11.4619497527
  2       15.6621395015       10.9954197165       11.7159368749
  1       15.6115322208       10.5058855403       11.9614876689
  1        2.7503058595        9.0117510719        6.2127653354
  2        2.4974279133        8.5915473762        5.9638042975
  1        2.2398313682        8.1726289560        5.7175292964
  1       21.2365935923       23.6013450667        2.4149657276
  2       21.1916032261       24.0465874090        2.7347080045
  1       21.1709189177       24.4865413839        3.0641206004
  1       27.5823047826       26.1280774269       23.6592126028
  2       27.6165727418       26.4410911752       24.1101539519
  1       27.6791827340       26.7561034357       24.5566371695
  1       16.5532243802       15.1511474137        8.6253098168
  2       16.5033800519       14.6039896053        8.6001329275
  1       16.4538845387       14.0572217260        8.5670409451
  1       13.9919949469       21.6070023798       22.1719884378
  2       14.4557916969       21.8950850815       22.1056489198
  1       14.9133696743       22.1892699188       22.0245460524
  1       14.1192622480        2.8648361431       21.5681790145
  2       13.5970546678        2.8951455672       21.3982361360
  1       13.0726100394        2.9482050124       21.2412567551
  1        3.5710514127        5.1162981877        1.2451179504
  2        3.2167461190        4.7032794321        1.1652226044
  1        2.8694956779        4.2834539177        1.0899652616
  1       13.7449844058       18.5184714967        3.4927369549
  2       13.4282699477       18.4035354294        3.9274571551
  1       13.0994863464       18.3067211732        4.3576063644
  1       24.0878992410       20.6302863137       11.0342562929
  2       23.7612065338       20.5813002876       10.5945151823
  1       23.4346948309       20.5085375832       10.1579425129
  1       25.1033159284       24.8824379500       11.6940912728
  2       24.9181321068       24.9415742109       12.2085908888
  1       24.7357320721       25.0127642612       12.7225580114
  1       26.0271047864        8.8266015180       17.6214897679
  2       25.5423167541        8.6417311524       17.8039822654
  1       25.0641759450        8.4384676200       17.9844408535
  1       13.4390064292       10.5228757674       27.3621283647
  2       12.9965145519       10.7768432086       27.1566983831
  1       12.5560686273       11.0308575700       26.9469745391
  1       24.2516800486        5.3429535841        9.5774101736
  2       24.6961156916        5.3891623839        9.2567207506
  1       25.1446933749        5.4297859550        8.9410820545
  1       18.2547401715        7.4513780226       16.3152285838
  2       18.1253173942        6.9194494772       16.2622968599
  1       17.9890170013        6.3924301062       16.1837297905
  1        8.7948887070       -0.2086435124        4.9381565526
  2        9.2264374672        0.0342373205        5.1774776101
  1        9.6546244184        0.2831472845        5.4166423309
  1       25.7331451881       13.7911950040       17.4898088537
  2       25.9569856815       14.2931517402       17.5106623558
  1       26.2082027554       14.7818440893       17.5345321846
  1       21.3766859691        2.7054088464       13.8582834687
  2       21.5151686526        2.5284070995       14.3602724406
  1       21.6702709043        2.3494601152       14.8566808081
  1       18.7774997950       15.8358775341        2.5800818947
  2       18.5673687786       15.5928281942        3.0264807907
  1       18.3898739523       15.3265267501        3.4737828435
  1        8.5008936977        7.7052280372       22.4416747686
  2        8.0539609177        7.4567797750       22.2391295855
  1        7.6133836730        7.1953509794       22.0390129314
  1       15.2773253181       14.6056769650       24.9001317065
  2       15.6919180740       14.4639586127       25.2325903587
  1       16.1054458249       14.3533700838       25.5779379741
  1        3.6027311324        0.0788874214       10.2813269372
  2        3.2470056346        0.4736922855       10.1395930684
  1        2.9108309962        0.8733693201        9.9671260296
  1       12.4364338162       12.3499663196       23.8762113514
  2       12.3235531349       12.8164863468       24.1447574666
  1       12.2038560764       13.2726312446       24.4277847540
  1       23.8635514489       27.0477035739       20.8281697657
  2       24.3541626356       27.2888787038       20.7678769778
  1       24.8522245486       27.5163316995       20.7159206065
  1        6.4421807962       22.5755933402       23.3399868492
  2        6.3630187570       22.8393257093       23.8160946196
  1        6.2928874523       23.1024112759       24.2939728298
  1       18.7816049878       11.8495366474        2.9158045416
  2       18.2711573013       11.9193625721        2.7232753239
  1       17.7570526880       11.9639471911        2.5329895986
  1       22.8456239617       15.5661234338       17.8604531972
  2       22.9433854556       15.3329654270       18.3488997493
  1       23.0557929853       15.1048509423       18.8365762077
  1       18.6526278277       12.8428069701       27.7081546509
  2       18.4196964856       13.3165542892       27.8624480969
  1       18.2105217264       13.7970715199       28.0293286236
  1       11.1463483034       12.5312516545        5.3087965346
  2       11.3709721451       12.0394991393        5.4099083217
  1       11.5941428537       11.5543488394        5.5415290661
  1       18.1946916661        3.0673715455       15.8533643805
  2       17.8677500683        2.8717532378       16.2500288095
  1       17.5355730176        2.6700598597       16.6392307972
  1       20.6170163753       27.7816025090       13.5162795702
  2       20.4277086552       27.3093920529       13.3072822682
  1       20.2242877249       26.8349595380       13.1174567880
  1       17.0806929689       24.7509988075       19.6254280404
  2       16.7196642970       24.3362906667       19.6121820597
  1       16.3563758097       23.9235788855       19.6259827725
  1        1.0643045123        6.1274621616        8.2227622002
  2        1.2481526140        5.6095521677        8.2011031658
  1        1.4210941043        5.0875209329        8.1924643092
  1       27.3229198485        6.8462943271       14.9045342849
  2       27.4886927213        6.3433659827       15.0531358833
  1       27.6493062344        5.8353226690       15.1895004305
  1        9.7175827425       16.7259087796       25.7379722850
  2        9.7553543582       16.7027040554       26.2861828703
  1        9.7769076303       16.6686374741       26.8347035386
  1       27.7153406469       20.7625299484       11.4880397808
  2       27.7805145084       21.3084229815       11.4721286479
  1       27.8331015922       21.8558936093       11.4688868382
  1        4.5286258645        7.6304219675       27.4166013217
  2        4.9668392186        7.6866675123       27.7441764962
  1        5.3973514191        7.7515114643       28.0802635475
  1       11.6665370408       25.7813290859        5.3842424593
  2       11.8857715069       25.7716505230        4.8799185809
  1       12.1329819921       25.7735867705        4.3886109116
  1       17.4656732496       -0.1288101167       24.2262671588
  2       17.0421241812        0.1369374289       24.4553619617
  1       16.6111034542        0.3998355375       24.6735493040
  1       18.7391585034       17.4638657587       10.2243847048
  2       18.5579065524       17.1913817557       10.6664256513
  1       18.3727584668       16.9128266688       11.1030344567
  1       23.8857340875       19.0099756886       21.2045008974
  2       23.4700275383       18.6873817853       21.0444345407
  1       23.0740877046       18.3412065210       20.8835173773
  1       17.2327688994        4.4150022277        9.7911901060
  2       17.2057215512        4.0250715483       10.1781300317
  1       17.1918442106        3.6371148359       10.5677413865
  1       27.9139961633        6.0552352883        1.4132543724
  2       28.1309981934        5.8103745510        0.9711533226
  1       28.3547519459        5.5633264904        0.5336587364
  1        2.5252657079        0.4635171326       19.6612985163
  2        2.6492833330        0.4858643725       19.1259292703
  1        2.7648039742        0.5103784615       18.5887570076
  1       21.9815719803       10.6389205728        2.2252676241
  2       22.4809017878       10.7099691697        2.4446345318
  1       22.9774331186       10.7772729097        2.6714094050
  1        0.7419174144       20.2176160995        4.0394290449
  2        0.3428522796       20.5850573031        3.9486877638
  1       -0.0481931015       20.9533126607        3.8304866618
  1       25.5229353136        3.5764273641       13.5780553526
  2       25.2353737016        3.9773248101       13.8211387890
  1       24.9327204427        4.3710056680       14.0576052475
  1       20.1590119285       21.2271090625       21.7730402831
  2       19.7695744343       21.6126164962       21.7258973445
  1       19.3693037706       21.9872250070       21.6817175019
  1       23.5745704074       23.0255853936       25.9190026758
  2       23.0737523424       23.0858472529       26.1382052626
  1       22.5682444395       23.1304296227       26.3502764095
  1        8.6564188257       20.1677250079       23.4157207358
  2        8.5915427963       19.6387064226       23.2799619897
  1        8.5284360630       19.1135470552       23.1292132649
  1        9.0400277291       26.4771827051       11.7650550038
  2        9.3060459428       26.1136697665       11.4494719665
  1        9.5556002943       25.7328429874       11.1409373834
  1        9.7704410793       23.2761120800       27.0697961778
  2        9.5065481873       23.3687551380       27.5433759549
  1        9.2553817217       23.4579543129       28.0244777246
  1       17.2827474231       24.0881405652        0.6358697422
  2       17.7365090628       23.8085296873        0.7715831582
  1       18.1814556628       23.5318719337        0.9388643871
  1        8.8120937522       11.9507077424        8.7985698726
  2        8.5398794725       12.4188247285        8.8948292788
  1        8.2926134525       12.9048684655        8.9663904422
  1       14.8372373723       19.5122180383       10.3679142101
  2       14.9489163709       19.0023759409       10.5413755514
  1       15.0647167652       18.4902709770       10.7052009880
  1        4.5987847134       12.5345193587        3.9638167734
  2        4.1394672402       12.2343113700        3.9263651730
  1        3.6832703042       11.9284274321        3.8977405150
  1       25.7780999004       25.3540934642        8.1887047549
  2       25.7535007693       25.8922501788        8.2995299925
  1       25.7396055892       26.4237500834        8.4402949538
  1        0.0144904924        3.5944160329        3.1106609982
  2        0.2356930629        3.1511499835        3.3495849029
  1        0.4191853627        2.7043288859        3.6126086312
  1        5.4704785245       21.9386639971        1.4984686020
  2        5.9779416559       21.8584794498        1.6948142378
  1        6.4782229547       21.7899063895        1.9127967060
  1       24.7074104426       15.9204450366       13.4326882855
  2       24.3642841159       15.7836859303       13.8401944459
  1       23.9939716862       15.6313818749       14.2172517069
  1       16.5260660662        7.0110068672       25.7520783146
  2       16.3378060368        7.0170749783       26.2688193903
  1       16.1628808905        7.0234091169       26.7902223735
  1       21.1631839645       21.4432845681       17.5113717224
  2       21.4722971878       20.9966738554       17.5979042972
  1       21.7606347663       20.5342920614       17.6724999834
  1       17.8660876093       21.1944658719        9.0757668753
  2       18.2791564921       20.8527950404        8.9527419144
  1       18.6831990271       20.4982579722        8.8363241487
  1        1.8027360328       26.4476434563       27.6366474107
  2        2.2425997507       26.7518986368       27.5083949456
  1        2.6881739020       27.0444390086       27.3728080529
  1        9.3663029142       18.5299507978        5.3989795826
  2        8.9155277921       18.8205712497        5.5208054512
  1        8.4718661880       19.1204334697        5.6462926182
  1        7.0615863296       23.1093327370       13.4399465330
  2        6.5354231115       23.0268888361       13.3026320360
  1        6.0133770733       22.9407514406       13.1524711819
  1       10.9888332472        4.3362567575       12.0796218962
  2       10.7057246239        4.6494705966       11.7271355866
  1       10.4136490816        4.9649858580       11.3841457961
  1       21.1292369501       20.7688443058       12.3196223202
  2       20.6528316214       20.8373882521       12.0534650541
  1       20.1773467015       20.9074027987       11.7860476778
  1       16.5137295132       25.8312973906        8.1217416399
  2       16.2484278372       25.8220591013        7.6400470533
  1       15.9735100536       25.7843502178        7.1651804917
  1       14.9727318163        7.1249636507       10.7077320613
  2       15.3014949026        7.4201315221       10.3801793772
  1       15.6189507018        7.7281736001       10.0533278932
  1       24.7774810642        8.3353386845       22.8195674157
  2       25.1064630729        8.2852320617       22.3816631290
  1       25.4372741202        8.2248165457       21.9464459242
  1       22.6031113629        2.7951847237       25.6123606555
  2       22.2812993843        3.1779053481       25.8414064458
  1       21.9964621718        3.5866766562       26.0743737806
  1        2.0871204936        3.7764650793       18.8365852700
  2        1.6206870940        3.9627943746       19.0606863129
  1        1.1658987367        4.1636175553       19.2959257637
  1       12.9559001811        0.9095253869       26.0996201719
  2       13.0855499175        1.0539160304       26.6142484726
  1       13.2139237746        1.1951508455       27.1300709991
  1       21.9853053992       11.4484917470        9.5894717435
  2       21.8810381890       11.9862773268        9.5403289000
  1       21.7931561966       12.5271427117        9.4929855817
  1       19.2640928551       26.5126123005       17.4981997081
  2       19.4877282083       26.6750669145       17.0227044640
  1       19.6941096001       26.8425296369       16.5411829622
  1       27.6543004258       11.7841463029       -0.2666635110
  2       28.0126681316       11.8170300371        0.1492586541
  1       28.3607555733       11.8731664170        0.5713769299
  1        2.7933779965       24.6671161158       23.9611703086
  2        2.5887275393       24.1740371310       23.8289156105
  1        2.4055522656       23.6748396019       23.6883857381
  1       22.4775908016       11.5980061188       12.8180114131
  2       22.5065996758       11.0926075857       13.0330249195
  1       22.5051447282       10.5794349807       13.2308929553
  1       25.7804595558       23.1678377521        5.4586901825
  2       25.8230826915       23.5690026627        5.0848586926
  1       25.8446150998       23.9820028386        4.7222746209
  1       16.4146924397       18.7330261259       22.0882544178
  2       16.7551792156       18.5133409979       22.4601511776
  1       17.0948293205       18.3142538867       22.8442112346
  1        8.1927117505       18.2700087039        1.4091761904
  2        8.7305708283       18.3815296214        1.4369376275
  1        9.2594066941       18.5307889659        1.4604806538
  1       11.7991926251       19.1743470500       11.3905287834
  2       11.2719087377       19.0199907485       11.3651155132
  1       10.7467068867       18.8597587441       11.3336716042
  1        7.1836301217       19.4143208470       18.1740145207
  2        7.2504294034       19.1249178638       18.6369224697
  1        7.3152866093       18.8355277988       19.1001145812
  1       12.0422062655       26.1180164971       13.1856603600
  2       12.4014238007       26.2727886245       12.7989972626
  1       12.7676624596       26.4262795863       12.4184584757
  1       25.6299105029        0.6553427532        6.1590851553
  2       25.0843823052        0.6795281423        6.2247666025
  1       24.5386794807        0.7147338421        6.2836646927
  1       23.5513377228       14.5531783176       27.0216154495
  2       23.6636701504       14.0568476427       26.8129595441
  1       23.7692483776       13.5611893888       26.5992397924
  1       14.4960085264       11.9895045937        1.9579874546
  2       14.3347726091       12.2741493531        2.4001190412
  1       14.1732286905       12.5546474563        2.8447811326
  1       26.1336818493        8.6097697285        8.0361109559
  2       26.0979697027        8.9543288662        7.6089065045
  1       26.0853285268        9.3036116288        7.1842398689
  1       12.8750200313       11.4058558199        8.7752727970
  2       12.9182965929       11.9330756501        8.6247191858
  1       12.9761428759       12.4544609935        8.4594583912
  1        2.9039624504       14.1778469624       11.1324054319
  2        3.0977355080       14.6925816225       11.1328869477
  1        3.3076731129       15.2006525106       11.1158524622
  1        6.4598709321        0.3356496696       19.5059245590
  2        6.8537471440        0.3008626501       19.1236270401
  1        7.2542259294        0.2874455686       18.7468821351
  1       19.8410214377       13.4664974961       12.2325485200
  2       19.5362269484       13.2553252336       11.8263384821
  1       19.2453116166       13.0291703078       11.4180221608
  1        2.4432976003       23.3403252674       10.9038862488
  2        2.6461791089       23.0125881028       10.5115503667
  1        2.8381650743       22.6869227231       10.1120713954
  1        6.5224207320        9.8987347668       23.9392579442
  2        6.0137336793        9.8106947787       23.7495570139
  1        5.5079363771        9.7328688443       23.5480322960
  1       12.5318186399       14.0305162913       28.0139625280
  2       12.5632243198       14.4087324871       27.6158844044
  1       12.5695121335       14.7740055128       27.2047444293
  1       25.1978981128        6.0715554559       25.3685019352
  2       25.6358692587        6.4032850708       25.3937356029
  1       26.0818244821        6.7251903729       25.3946917069
  1       16.3887224297        8.9077793269        1.8767262940
  2       16.1478788239        9.1171080340        2.3246948755
  1       15.8988230387        9.3120189930        2.7746736893
  1       18.4108984484       28.1512156552       20.9414603443
  2       17.8730907310       28.0729880791       21.0259784219
  1       17.3352240254       27.9894925430       21.1048954759
  1        6.1631815208       14.3008827608       12.6979246185
  2        6.6493400863       14.0717723591       12.8147932329
  1        7.1327563461       13.8399444251       12.9375308708
  1       18.8713008060        3.8729534016       23.5993348625
  2       18.5577030966        3.4259517788       23.5334104672
  1       18.2445668795        2.9804100493       23.4563502583
  1       12.5006275378       18.4561624556        7.8321328239
  2       12.8365852700       18.8552834089        7.6579637487
  1       13.1647505832       19.2624574604        7.4876205129
  1       26.6455996630       17.0367265621       10.8255358455
  2       26.4496442339       17.5381912255       10.7131318367
  1       26.2576706463       18.0428931414       10.6086229054
  1       12.6253208131       17.9411891806       28.4277512722
  2       12.5668723096       18.4403907326       28.2044094201
  1       12.5154752581       18.9375123858       27.9747827578
  1       24.6009608889       10.6061478870       28.0220289736
  2       24.6481697212       10.1288253040       27.7528924321
  1       24.7107679223        9.6561048377       27.4788179443
  1       20.5014341888       16.9891606185       14.0974217604
  2       20.9588462156       17.2907718151       14.0494121384
  1       21.4289810010       17.5654188871       13.9716801092
  1       25.2823544355       11.3981970599       15.2885281534
  2       25.5202468472       11.6262461444       14.8481864503
  1       25.7266110392       11.8871201204       14.4101697978
  1        1.8396043617       15.0791079192        0.5601557532
  2        1.6987459368       14.9379994237        0.0475669349
  1        1.5739031751       14.8050061175       -0.4713040166
  1        4.5803959731        2.1438767329       16.0899800839
  2        4.4287794372        2.4032832129       15.6293058994
  1        4.2686452988        2.6596922955       15.1698372509
  1       23.7086764545       23.7786455411       17.3943248813
  2       23.2165879880       24.0047095835       17.2981792116
  1       22.7143496099       24.2201063471       17.2360435141
  1       11.7963452209        8.8082238179       22.8957665130
  2       12.1631518530        8.8704042541       23.3008424170
  1       12.5400745529        8.9165315447       23.6987136906
  1       16.7431339733       18.9396371972        1.8494374870
  2       16.7178408612       19.4472157683        1.6391418555
  1       16.7047475666       19.9601404248        1.4410588896
  1        6.3055704769       15.2368893424        0.9460060816
  2        5.9268748011       15.0733349392        1.3097911038
  1        5.5581035444       14.8971814023        1.6778640458
  1        4.9632192895       11.3004697519       11.3289918896
  2        4.5592204611       10.9426093391       11.2230632743
  1        4.1478562234       10.5955394763       11.1098291221
  1        5.9561150894       27.5867676245        3.5185703046
  2        5.7871343206       27.1253168752        3.7655697089
  1        5.5957603473       26.6714072419        4.0101960489
  1       -0.0561070861        4.1697060367       11.2727286264
  2        0.3474308480        3.8147898819       11.1557172646
  1        0.7587621900        3.4651875071       11.0504333356
  1       14.3776193060        6.4140394612       18.4115408504
  2       14.9214031132        6.3960623484       18.4920144134
  1       15.4666078936        6.3842845240       18.5635198631
  1       10.8481228791       27.4468933100        1.1280017588
  2       10.9254568802       27.5374866071        1.6649489692
  1       11.0165702630       27.6326992371        2.1989273448
  1       11.4488962682        7.8426310547        8.7909035376
  2       11.8582219978        7.4909163110        8.6848413572
  1       12.2569094049        7.1308524765        8.5669329796
  1       27.2524547780       20.4914520659       23.5266364574
  2       27.5326493560       20.0283890340       23.6244302557
  1       27.8380702571       19.5810653485       23.7199268132
  1       20.6903088383        1.5808706535        4.8511201274
  2       21.1121295940        1.7767595939        5.1447095909
  1       21.5375011513        1.9912900119        5.4195472465
  1       13.9095345650       14.6441996458        5.4184138835
  2       14.3372450499       14.3922289575        5.6552144606
  1       14.7682377377       14.1383813397        5.8839210172
  1       11.7737310553       17.2184539400       13.9325217070
  2       11.9791031170       16.7614588848       13.7056344313
  1       12.1868342239       16.3085616600       13.4727570174
  1       23.0787645340       25.4605480327        5.5952554384
  2       22.9345733268       25.9042289427        5.3039546558
  1       22.8133177142       26.3572228597        5.0165636564
  1        6.4146685829       11.5852872181       15.0736149513
  2        5.9362463354       11.4558412581       15.3120596965
  1        5.4531452212       11.3303232681       15.5430543862
  1       20.9980780412        4.1653046875       10.2257451672
  2       20.8882423936        3.8374875759        9.7979928185
  1       20.7764960868        3.5205053960        9.3626365741
  1       18.7036818159       21.6836635414       25.7848424546
  2       18.9046380797       22.1477640659       26.0010073988
  1       19.0974418339       22.6154776237       26.2168099458
  1        0.7904949843       11.7425379511        8.9943873601
  2        0.9274667473       11.2183278017        8.8998228032
  1        1.0493252429       10.6937951824        8.7879477064
  1       15.2513503038        8.1874633218       14.9609843532
  2       15.0206137864        7.9035151308       14.5503335474
  1       14.7829541686        7.6225453052       14.1415868506
  1       22.0538150284        6.8974689846       12.1035774413
  2       21.6916774948        7.2929184613       11.9812004908
  1       21.3238518690        7.6864818532       11.8702402970
  1       12.2085274725        0.9215829682       15.0147978432
  2       11.8173361895        1.1015964609       14.6726509119
  1       11.4259419566        1.2967287732       14.3391333950
  1       18.3009881128        5.1964209678       19.9037211155
  2       18.2286604978        4.7078173177       19.6617806492
  1       18.1518885827        4.2182796111       19.4231199993
  1       10.8482731822       11.4887270920        1.8937231799
  2       10.4596939391       11.6958389175        1.5641615565
  1       10.0639093240       11.9113896077        1.2488958949
  1       14.0462528402       15.1218500407       21.6076845868
  2       14.3592502629       14.6763307651       21.5299337765
  1       14.6746585451       14.2324378154       21.4526248918
  1        6.6849369784        8.6762002222       13.7698270373
  2        6.9817507896        8.4207352561       14.1560125012
  1        7.2666102550        8.1587242057       14.5467877479
  1        5.6280169852        8.3721631682        3.9774219775
  2        5.7554597580        7.8549327130        3.8405607488
  1        5.8890056943        7.3363864215        3.7149612842
  1        8.0982442462        7.0646614518       10.5657887244
  2        7.6797631929        6.7188706339       10.6541194567
  1        7.2490397571        6.3817006221       10.7115102575
  1       13.8593967050       25.7630640628       27.8333730960
  2       13.7367935866       25.9481032033       28.3365917282
  1       13.6134063356       26.1383862947       28.8376585206
  1       24.8896580905        2.7426623116       16.9772488284
  2       24.8021202791        2.5933515174       17.4993057394
  1       24.7124706654        2.4195664964       18.0133696578
  1       12.6527290642        8.1339082147        3.9183172711
  2       12.6868274031        8.0103314542        4.4531687342
  1       12.7082913570        7.8841562593        4.9880697697
  1        8.5144693934       22.3535279553       20.0617384925
  2        8.3470691656       22.4729073850       19.5516152569
  1        8.1666539516       22.5876327395       19.0448722821
  1       21.5651336288       23.9911178715       13.8879427623
  2       21.1583412862       23.6210689297       13.8787901332
  1       20.7389634195       23.2652318816       13.8773071895
  1       27.4707246195       19.3631778630       27.1328942321
  2       27.9290643935       19.0999316193       27.2849668029
  1       28.3764847894       18.8411795766       27.4730156495
  1        2.3758059943       21.6502262451       20.6399105246
  2        1.8840252312       21.5984295249       20.8806775921
  1        1.3916062405       21.5515187110       21.1211415440
  1        9.3432771528       10.1566187041       26.1135630956
  2        9.6650206164       10.2747316515       25.6834114069
  1        9.9786314950       10.4033138527       25.2502661272
  1       18.3238272607        6.2476980931       12.4619164773
  2       18.2333706178        6.7763413422       12.5837930987
  1       18.1656867299        7.3025339218       12.7288457084
  1       19.3046302043       17.1950720500        6.9902927624
  2       19.5273763726       16.7206997634        7.1571911693
  1       19.7533818502       16.2441324117        7.3130920429
  1        3.3379892691       13.6182111828       14.6455235425
  2        3.0732601942       13.5556119848       15.1235401294
  1        2.7975267043       13.5148209235       15.5976784329
  1       -0.1117831224       26.5761877491        4.9210398348
  2        0.3934896012       26.5633003582        5.1379116631
  1        0.8924464449       26.5499163578        5.3689158529
  1        5.9995545133        5.7770504775       24.4047589142
  2        6.1493179957        5.5274008329       24.8713914831
  1        6.3080884820        5.2875073851       25.3401590858
  1        4.8373927278        1.1945091944       26.0136567362
  2        4.9924122932        1.7207283886       26.0531826011
  1        5.1293315377        2.2530327994       26.0733105352
  1        0.4034254218       23.1785509245        7.9640082401
  2        0.4081639930       23.7171338623        7.8526261726
  1        0.4294941994       24.2565684003        7.7474815078
  1       11.4003599085       15.1127203729        7.0622728740
  2       10.8635686041       15.2324164691        7.0675587099
  1       10.3280546355       15.3571045538        7.0542294183
  1       13.5032675359        9.4615941260       19.2172570000
  2       13.5438046656        9.6423046594       18.6993762761
  1       13.5898805513        9.8323475094       18.1853133161
  1       17.9910916060       10.9040648720       14.4201623109
  2       18.5350557199       10.8550850615       14.4850007334
  1       19.0813190839       10.8122906232       14.5325924574
  1        8.8862353785       26.8509986651       26.3401773150
  2        9.3020913122       27.1063670639       26.0865026742
  1        9.7323515284       27.3332013984       25.8297492322
  1       25.6752614427       24.4049322137       19.9303579066
  2       26.0678073915       24.2612048550       20.2877794007
  1       26.4582535266       24.0932652545       20.6368468801
  1        5.6471845364       17.6237400808        8.4136463128
  2        6.1840116842       17.5043199413        8.4210923639
  1        6.7185293639       17.3755263909        8.4353426404
  1       25.8365191791       20.2350639464        6.7275254229
  2       26.1181356562       20.3635733338        7.1821433913
  1       26.3834550599       20.5118529440        7.6405305314
  1       21.2319935042       13.6283510922        0.7826854309
  2       21.5083469654       13.8338695325        1.2115104945
  1       21.7750705253       14.0394229857        1.6463740587
  1        3.5940587467       25.1912989770        6.6652510658
  2        3.6778837969       25.4802122307        7.1256883502
  1        3.7760744812       25.7802289041        7.5760754994
  1       10.4929195032       18.2278652955       17.7599934109
  2       10.9285573481       18.3172538744       17.4363742675
  1       11.3568898708       18.3877257244       17.0986392125
  1       19.4718321011       14.2846801381       24.1352358912
  2       19.9930195833       14.1643921876       24.2632765774
  1       20.5137425212       14.0485027963       24.3971319840
  1       25.1531465956       21.0813654421        1.1778543880
  2       24.7178343771       21.4113859351        1.1139032609
  1       24.2938250384       21.7593229576        1.0732104115
  1        8.1569366301        9.9329948889       19.4369562393
  2        8.6607374334       10.0043040912       19.6457617668
  1        9.1664259993       10.0477529261       19.8576373718
  1        1.6133946344       25.2223662242       19.8633344933
  2        1.1498893916       25.4774030300       19.7129379588
  1        0.6969645203       25.7544243052       19.5693473148
  1       20.9268982070       18.1365830644       23.6540080833
  2       20.6394059476       17.7906952892       23.3374486927
  1       20.3635695938       17.4390055784       23.0169355851
  1       20.6051653396       25.2740192722       21.4007128335
  2       20.5269917133       25.4697823416       21.9087145115
  1       20.4379424837       25.6531426732       22.4195464041
  1        5.1079648367        2.3071130575       22.0765099393
  2        4.9154220645        2.6486359752       21.6907776779
  1        4.7138931366        2.9800841523       21.3008697450
  1        2.0757798238        9.0041484823        2.5209315819
  2        2.4456448911        9.2113820402        2.1705687921
  1        2.8075018878        9.4325870398        1.8203861810
  1       25.1034090789        7.7943558540        1.7742245969
  2       25.1630399199        8.1322061741        2.2041098421
  1       25.2456941817        8.4686844790        2.6312522332
  1       28.4641137068       10.2302514284       20.8674917311
  2       28.0262836763       10.1064888081       20.5584809250
  1       27.5772534320        9.9989844985       20.2596253377
  1        2.7290294482        4.6082148717       26.0602909695
  2        2.1836986435        4.5405399042       26.0834083274
  1        1.6367952761        4.4875669155       26.1077099350
  1       10.9142177661        1.4113420631       19.5294620538
  2       10.8209834402        1.7020362989       19.0719642704
  1       10.7495285750        1.9881158537       18.6076877477
  1       22.9080407940       11.2445610773        6.1560019950
  2       22.8840148505       10.7812454813        6.4514024225
  1       22.8668150002       10.3220168595        6.7535832244
  1        3.4449354352       19.5613436202        1.4292085766
  2        3.7745368220       19.3396406766        1.8096172131
  1        4.1088713923       19.1185465004        2.1862307541
  1       19.8310713069        9.4638645732        5.0990729736
  2       19.3531821366        9.2121490168        4.9953366755
  1       18.8749821499        8.9638341091        4.8850439816
  1       21.1542306400        5.0715611088       17.6052125580
  2       20.9735187470        5.2205787675       17.1075812195
  1       20.7679531294        5.3776862058       16.6222359520
  1        2.8725173893       -0.2848048546        2.4360711655
  2        2.8867015927        0.2421895014        2.5928377343
  1        2.9055297760        0.7596040932        2.7783845981
  1        1.6812135050       16.5451850323        6.9702957197
  2        2.0848064771       16.4927973165        7.3402527984
  1        2.4658702042       16.4655659998        7.7359153949
  1       21.6771465900        7.6484439398       20.1146816129
  2       22.0264413539        7.9558077719       20.4079743721
  1       22.3759673519        8.2461825764       20.7178357098
  1       12.8381909847       17.5875459878       24.7655785625
  2       13.2434268722       17.4942467866       24.4056075435
  1       13.6359804937       17.3856913294       24.0359896788
  1       20.4873319655        1.5515414153       28.1124815634
  2       20.8280515737        1.1274699501       28.1935589398
  1       21.1488358510        0.6856845837       28.2600656040
  1        7.3355080196       23.4272947116        5.8341859574
  2        7.0563358902       23.2170432238        5.4095010930
  1        6.8042196620       22.9951386155        4.9739603356
  1       24.0185868943        1.8680395630       10.5221690493
  2       24.5229702481        1.8459960026       10.3039684219
  1       25.0267864077        1.8629603201       10.0840104979
  1       21.3677775781        9.9147449236       16.9451994721
  2       20.9672813308       10.1824175913       17.2106313821
  1       20.5543050813       10.4230996250       17.4827026503
  1        7.4335950612       15.5615590387        5.1847381081
  2        7.0961952127       15.9879315349        5.2676105205
  1        6.7831625161       16.4280113732        5.3717271172
  1       16.5221128913       19.2035375596        6.6828423780
  2       16.3979961761       18.9228214611        6.2264505364
  1       16.2688128485       18.6295256215        5.7794726652
  1       22.3844747803       23.6215662332       10.3532156863
  2       22.4388072754       23.8995521067        9.8817585471
  1       22.4779793782       24.1838293868        9.4125549949
  1       27.4095252291       14.1483957410        5.7530638409
  2       27.8532817503       13.9497290349        6.0101857766
  1       28.2980558398       13.7525254732        6.2666750815
  1        4.8358188237       25.7986255683       12.1537101630
  2        5.0606093158       25.8089967545       11.6518519428
  1        5.2818557487       25.8371114633       11.1490999382
  1       18.5524672138       15.2615065443       20.6074253179
  2       18.1501601155       15.6281959481       20.5287622401
  1       17.7367153569       15.9824683867       20.4509517668
  1       22.4531909979       -0.1661325646       24.3395234830
  2       22.0091805019        0.0666965011       24.1133702040
  1       21.5654846918        0.3134737510       23.9018636650
  1        8.5049862940        0.7978404070       14.9335006758
  2        8.2148634104        0.3840557653       15.1505513215
  1        7.9286369619       -0.0311985905       15.3699556038
  1       10.9108535323       21.3900284781        7.1652491612
  2       10.5852974635       21.6864167443        7.4948963085
  1       10.2708913544       21.9665655437        7.8486836003
  1       13.3419295895        5.1501170218        0.7066263748
  2       13.1154438785        5.2101279524        0.2090292376
  1       12.8808625611        5.2489463268       -0.2869190846
  1       19.4595974758       26.2858547144        6.5310139536
  2       19.2181696926       26.7794110081        6.5062185830
  1       18.9750971610       27.2710807058        6.4652716448
  1       14.9524396346        1.0383516948        1.6288391184
  2       14.4385832699        1.0242058033        1.8244191025
  1       13.9274938075        1.0066540769        2.0268530357
  1       15.9517201484       11.3364032439       22.7923292802
  2       15.6009929915       11.2126505343       22.3871432387
  1       15.2595960686       11.0720070745       21.9795066882
  1        2.0540189644       24.7830494040        2.0616290894
  2        1.6984470246       24.6315384052        2.4529256686
  1        1.3307162185       24.4703350646        2.8288080121
  1       27.2434951132       19.6805819814       15.6492895598
  2       27.7022323311       19.3771859417       15.6526073822
  1       28.1703140116       19.0890728271       15.6328495330
  1       19.0227285851       24.7883071854       10.2894399783
  2       18.7152901889       24.4882867473       10.6329066714
  1       18.4357777050       24.1906924887       11.0014313349
  1        3.0731775978       11.5464372631       27.4258246580
  2        3.0250090146       11.2461346509       26.9675691302
  1        2.9954249641       10.9325177463       26.5167152513
  1       23.4491476800       15.5883119391       22.7143300006
  2       23.5726346420       15.3007880776       23.1666363120
  1       23.6843182990       15.0181799331       23.6250677643
  1        9.6753262129       23.4321009357       23.2353133822
  2       10.0041632474       23.1335366895       22.9109284324
  1       10.3294282337       22.8392544304       22.5791142681
  1        5.1334811290       15.1604571143       17.4674618646
  2        5.2742668534       15.6565033948       17.6588187754
  1        5.4047300448       16.1537568133       17.8543140247
  1       23.1056089618       22.5596262139       22.3222940831
  2       23.6134064067       22.3667290468       22.4085056712
  1       24.1238450386       22.1756593388       22.4822943476
  1        7.3812725904        8.6645067003        6.7386188079
  2        7.8069736293        9.0064951994        6.8043644691
  1        8.2339027904        9.3523719474        6.8288749876
  1       21.5341124836        6.8602785953        4.0249605739
  2       21.8796422209        7.1950795442        3.7584694385
  1       22.2175998229        7.5427599612        3.4988485883
  1       10.5690681762        2.9740799007        1.9777533115
  2       10.2173597882        3.3154766357        1.7282548563
  1        9.8626104973        3.6512891726        1.4755042290
  1       13.6371592752       15.2128991721       17.9489559606
  2       14.1825092501       15.1460803136       17.9740287554
  1       14.7281401137       15.0803004302       17.9954755881
  1       22.5428348898       15.3806523550       10.8036374111
  2       22.2648912019       15.8130845828       10.6080621706
  1       21.9893772064       16.2557000784       10.4328949353
  1       -0.2569279153        2.5616783404       15.1829130162
  2        0.1784435253        2.4250542078       15.4899725464
  1        0.6174731999        2.3071124376       15.7995572402
  1        2.5196088334       13.9524569556       19.3630712517
  2        2.1237559398       13.5813578815       19.2731492636
  1        1.7231976330       13.2180012328       19.1730244037
  1       21.2241912458       20.7338165034       28.1242759959
  2       20.7691195504       20.4488907939       28.2435533706
  1       20.3083843732       20.1649859897       28.3416408706
  1        0.0738590897        1.7650012958       27.1003287784
  2        0.5309389512        1.6016440407       27.3589644439
  1        0.9873123789        1.4151694099       27.6027891873
  1       20.7552449533        2.0904697232       19.5692927598
  2       20.8122526598        2.1911634800       20.1069830877
  1       20.8791141772        2.3051310313       20.6408753369
  1        5.3881269080       25.1822981267       16.3557325373
  2        4.8406110032       25.1304582255       16.3619742275
  1        4.2910675069       25.1082076291       16.3645925421
  1        2.8918150999        6.1113385611       14.8899674276
  2        3.1509849963        6.3072692220       15.3337490642
  1        3.4150985890        6.4948389033       15.7782281118
  1       15.7105356644       28.1806044882       15.1081718555
  2       15.8824464093       27.8061072364       15.4724499143
  1       16.0612630269       27.4391198822       15.8410213432
  1       15.4643365277       22.1993872080        6.5766812667
  2       14.9259629830       22.2819604345        6.6530722916
  1       14.3869994113       22.3534011424        6.7362257195
  1        6.0616507311        1.5183194484       12.7584500733
  2        6.0793849537        1.0207799921       12.5246980961
  1        6.1008425654        0.5219252825       12.2940825100
  1        0.5598417168       22.1516467183       17.8915233303
  2        0.6084130035       22.6584090705       17.6833581352
  1        0.6323315332       23.1708532671       17.4850431123
  1       22.5140631018       13.0921521983       15.9590514142
  2       22.0544205787       13.2145684308       15.6829300333
  1       21.5984596346       13.3422077444       15.4030946852
  1        7.0251879745        4.6059723608       15.5688090117
  2        7.3588313725        4.5817783681       15.1322351535
  1        7.6998436200        4.5627212634       14.7011348487
  1        1.6385169559        8.3107645723       24.2167906474
  2        1.9761717818        8.2903849142       23.7831157828
  1        2.3219563167        8.2850866846       23.3554418613
  1       19.0736419373        9.0633878629        8.3597862022
  2       19.0192359784        8.9738521885        8.8997152296
  1       18.9724824277        8.8738649487        9.4385256381
  1       25.5465508186        3.5646538826        0.4453414625
  2       25.2598380775        3.3372119383        0.0347736045
  1       24.9675844791        3.1113982651       -0.3727751880
  1       14.1251202625        2.9578692962       17.8995067672
  2       14.1368361162        2.4146629964       17.9848862411
  1       14.1506309361        1.8703612053       18.0626375251
  1       18.6052346836       18.0683685471       18.5154967977
  2       18.9825975772       17.9250991931       18.1419045886
  1       19.3581020075       17.7809158604       17.7667944869
  1       13.6453896850       12.7398179831       15.4277386937
  2       13.7801765169       12.2828652907       15.1529173938
  1       13.9121198667       11.8385644067       14.8567963444
  1        4.4386239575       13.7005431036        7.3474404784
  2        4.2630706760       13.3014164643        7.6826702073
  1        4.0889846020       12.9109366509        8.0286753418
  1       20.7261369211       27.9097833064        9.9567783444
  2       20.3204495544       28.1495185041        9.6731504270
  1       19.9226767062       28.3988716574        9.3866198612
  1       23.3896447782        1.2080127994        2.2693522774
  2       23.8198938484        1.0108234814        2.5495345580
  1       24.2663061239        0.8265588826        2.8127125148
  1       10.7245256025       15.6486672550        2.9868098247
  2       10.9053998186       15.5163467109        2.4845391890
  1       11.0769803764       15.3866091491        1.9783492283
  1        5.3014687500       25.2931156894       19.6272873255
  2        5.1876705049       24.9417733930       20.0348514924
  1        5.0677202478       24.5908643126       20.4410223334
  1       16.6500298435       17.9390721457       26.8913038726
  2       17.1700669420       17.7983106639       26.7806349003
  1       17.6901127030       17.6644359288       26.6617653892
  1       10.0146165094       11.0381044914       15.7564331199
  2       10.3522467739       11.3435780232       16.0649646837
  1       10.6888671450       11.6585424479       16.3649382425
  1       21.0459936902        3.8754137684        2.6290750297
  2       21.3354933298        4.0888786227        2.2129948515
  1       21.5957500654        4.3381686969        1.7975181501
  1       12.9457529311       23.8032566555       24.3759214857
  2       12.8284044578       24.2206912417       24.7142670222
  1       12.7222413324       24.6387522888       25.0555211074
  1        8.9269619811       15.8177238384       15.4174606265
  2        8.4419489213       16.0729488844       15.3713899449
  1        7.9579843867       16.3288015571       15.3183075743
  1       12.0366900881        0.8978611345       10.8651468481
  2       11.4930059186        0.8156417775       10.8772918541
  1       10.9466822426        0.7522292583       10.8803402010
  1        1.2543516441        5.6106368947       22.3939761206
  2        0.7916349113        5.3204156017       22.4585115858
  1        0.3279026174        5.0273878820       22.4983501857
  1       14.0336719956        4.0420612788       13.7702423032
  2       14.2485132858        4.3594494428       13.3757705382
  1       14.4533643314        4.6732299201       12.9731815913
  1       13.0681264326       20.5681039601       15.2376875409
  2       12.5610804672       20.4377222138       15.0691497435
  1       12.0692203362       20.2832585444       14.8775392392
  1       11.6439727220        7.9473609431       11.9269137829
  2       11.6494790919        7.8727427926       12.4718007542
  1       11.6424528679        7.8208644240       13.0193035086
  1        5.9980673879       25.2254978679        0.4991843185
  2        5.5608247383       25.2621315212        0.1675567551
  1        5.1245344622       25.2863491373       -0.1664556714
  1       19.5042129623       22.7587431792        6.2642299591
  2       19.6222121936       22.5936705402        5.7530282325
  1       19.7152032345       22.4266663662        5.2373129320
  1        8.6370313739       13.2922024522       26.9042627100
  2        8.2121275615       13.4640706027       26.6002592741
  1        7.7979492713       13.6502927443       26.2899728631
  1       25.0967232529       22.0380698791       14.3019114648
  2       24.5540931194       21.9830565881       14.3728062887
  1       24.0138015912       21.9330008426       14.4626922493
  1        7.8476534866       27.0209406045        7.8451786429
  2        7.6656578146       27.5210523481        7.9839800091
  1        7.4798103654       28.0228686630        8.1110276802
  1        2.8899582274        0.1431730619       13.6852337180
  2        2.3798829906        0.0594859538       13.4972983014
  1        1.8612669088       -0.0202780115       13.3324496783
  1       20.4896511722       19.6945933542        3.6465584460
  2       19.9880041399       19.5300877882        3.8007925983
  1       19.4785359029       19.3762683336        3.9396511229
  1       16.2838958910       24.9411360699       23.7445725470
  2       16.5887708184       25.0551907703       23.3012410638
  1       16.8950309331       25.1774576313       22.8610643313
  1       18.3600547328       15.0686309151       16.1921572470
  2       18.6315729544       14.8691589020       16.6268856350
  1       18.9055373862       14.6704496114       17.0604269905
  1       17.6488712440        3.1009181286       26.8748286119
  2       17.1293368828        3.1726595244       26.7091867705
  1       16.6052426599        3.2515869287       26.5622319835
  1       17.4661517144       25.0243918641       14.3785192926
  2       17.0991634535       24.6636175406       14.5725850130
  1       16.7292514757       24.2904532041       14.7351073365
  1       23.3723045157       19.3540131016       25.8694817999
  2       23.8537603956       19.1928551150       25.6579910459
  1       24.3419241876       19.0592004250       25.4427411097
  1       23.4873404599       17.8375641080        1.1825547171
  2       23.3401822882       17.8365791164        1.7125014147
  1       23.1874816691       17.8211424780        2.2406531259
  1       27.3980879040        6.6935151905        4.4354800687
  2       27.3981386278        6.2598012312        4.7736992268
  1       27.4158162826        5.8149014632        5.0965795390
  1        8.7545335700       16.2670281380       11.4925740835
  2        8.9685413074       16.3859385666       11.0000692629
  1        9.1679211015       16.4875522719       10.4976527509
  1       14.0671253631        4.7676338285       24.7352119195
  2       13.5725127650        4.5601881717       24.6134552882
  1       13.0799146835        4.3559899339       24.4787325776
  1       19.7003150723        4.8912434535        5.8590398972
  2       19.4036472512        5.2437346351        6.1594365863
  1       19.0929128319        5.5981948052        6.4428128511
  1       23.2702472534        6.1653990547       28.0908093123
  2       22.9563953121        6.5833852857       28.2619363695
  1       22.6512380978        7.0094790360       28.4287392155
  1        9.2281645951       24.8373989873        2.7232135077
  2        8.6897500706       24.8199523405        2.6122837355
  1        8.1527215423       24.8429499787        2.4957870944
  1        4.4620943416       20.2740312297        6.1565225273
  2        4.8150371009       19.9598557957        5.8750528036
  1        5.1804042845       19.6570028736        5.5970475380
  1        9.6501425253       23.5814382501       15.6237453023
  2        9.3751406464       23.1898665618       15.8949381848
  1        9.0930762664       22.8060676863       16.1699620160
  1       19.8293592520        7.3267908347       24.2365871637
  2       19.6519793225        7.5014871612       23.7461612731
  1       19.4784982622        7.6633156106       23.2499598285
  1        0.7043752019       24.3999491609       13.3254313226
  2        1.1123544534       24.7146163486       13.5178825926
  1        1.5259896309       25.0377792580       13.6821131405
  1        4.5678056045       17.7389766359       26.1274125549
  2        4.6464416467       17.6383395970       26.6623784970
  1        4.7219995216       17.5256840724       27.1953885713
  1       28.2305591948       18.5683567810       19.6359235023
  2       27.7884597583       18.2432293247       19.5993144135
  1       27.3581872231       17.9023365489       19.5652900122
  1       13.6854708589        4.2120868376        4.6743558360
  2       13.1544862887        4.0687846965        4.6788148256
  1       12.6277943722        3.9114202990        4.6970376245
  1       13.0825307886       23.5969979487       16.4812696111
  2       12.9900256576       23.8707165902       16.0132729167
  1       12.9031873710       24.1284591934       15.5352270387
  1       23.9674681312        3.6588630233       22.3364595159
  2       23.7432733717        4.1233196763       22.1453660119
  1       23.5066475096        4.5863523528       21.9661763333
  1       10.8308720843       22.3965227131       11.8354458550
  2       10.3183889158       22.1992177825       11.8049210063
  1        9.8083147707       21.9980441337       11.7618683818
  1        6.8801591651       10.9338701182        0.5008758277
  2        6.5928229609       10.8506624968        0.0393409997
  1        6.3102969112       10.7919294820       -0.4288784608
  1       14.8388144102       15.7444586195        1.6858450140
  2       15.1109132121       15.5329049553        1.2572341307
  1       15.3759583177       15.3421764785        0.8146578784
  1       12.8972549560       15.4343663631       10.6547098054
  2       13.1884668698       15.5450263537       10.2014438925
  1       13.4695807116       15.6365593686        9.7376586900
  1        8.7523343655       26.7847068669       21.3722712786
  2        9.1964456967       26.8099603882       21.6957328454
  1        9.6394793705       26.8372151147       22.0205071404
  1        9.7781213425       26.5782027441       17.8174100462
  2        9.3964746532       26.1977075571       17.9272700355
  1        9.0002180323       25.8273481437       18.0184544325
  1        5.0316668327       14.3164078352       24.7051558145
  2        4.8497733104       13.8226703010       24.8652745011
  1        4.6792495479       13.3262929931       25.0296862210
  1        6.1260499926       27.0221444883       23.9339521939
  2        5.7282755048       26.8226853284       23.6107007433
  1        5.3261802998       26.6239147154       23.2924089141
  1        2.4288694431        0.4607488626       23.2081203142
  2        2.1543307277        0.6685012288       23.6370345808
  1        1.8780592653        0.8789626231       24.0635085889
  1        8.8535030760        2.7615043537       22.6288092997
  2        8.5108654481        3.1833222114       22.7134801380
  1        8.1670286171        3.6017707592       22.8092770349
  1        3.4387592900       21.0253847703       15.1680443091
  2        3.9577507161       20.8953748096       15.2955013988
  1        4.4826463287       20.7812542495       15.4136584665
  1       16.2871713778       18.4335771192       15.7761251065
  2       15.8158764302       18.1939745833       15.9276892747
  1       15.3454924977       17.9608398628       16.0916623126
  1       10.6517543460       16.1554611082       22.7567364918
  2       10.5511478796       16.4057954771       22.2774546929
  1       10.4644305384       16.6554605053       21.7951192542
  1        7.6414906697        0.4807023815        0.9996456999
  2        7.2240134098        0.5219270738        0.6439586713
  1        6.8189859639        0.5769087850        0.2759508203
  1       16.0986313475       11.0454639126       25.8883323698
  2       16.5278861747       10.7029373772       25.8580690945
  1       16.9577052139       10.3603322232       25.8386448561
  1        8.7029732494        5.2364568781       18.7061713386
  2        8.7086196816        5.7707193651       18.5756657342
  1        8.6880988967        6.3087026067       18.4631804987
  1       16.1466839451        6.4672616082       21.6140942483
  2       15.7853346175        6.7895426955       21.8749803618
  1       15.4267688932        7.1097135120       22.1422279410
  1        4.7782294876        4.8351704837       12.7097125978
  2        4.3901652669        4.8405342198       12.3199980986
  1        4.0034809487        4.8535146745       11.9290930655
  1        2.0303816513       17.7139068838       13.0218950363
  2        1.8859589402       17.2129474181       13.1970569450
  1        1.7632887860       16.7126966458       13.3899330634
  1       11.8592175993        6.1779835454       20.9972076833
  2       11.6549562560        6.5944819575       20.7017311591
  1       11.4727364639        7.0137315119       20.3959113470
  1        7.7375013388       12.5815109739       22.5515731437
  2        8.0858441574       13.0028843063       22.6115881042
  1        8.4403846677       13.4199192494       22.6652805785
  1       26.7245094397        1.8938017161       24.5475038623
  2       26.4828080822        2.3536425201       24.7281330092
  1       26.2418629346        2.8125882962       24.9120194128
  1        4.7803856160       10.8723169543       18.6275722969
  2        4.8163069832       11.0868921846       19.1327129960
  1        4.8509548228       11.3045288029       19.6366314701
  1        9.6633343690       21.7266189396        3.5977708210
  2       10.0307398425       21.8268045080        3.2009382745
  1       10.4081097852       21.9242255893        2.8128647528
  1       22.8425100904       14.3833433515        5.0449794086
  2       22.4315637906       14.7086228652        4.8781969857
  1       22.0062504175       15.0153247132        4.7122376228
  1       15.6253016467        1.2296298128        7.0654956249
  2       16.0185370391        1.5818934268        6.9113000596
  1       16.3955587306        1.9398707551        6.7318373181
  1       25.4025173407       17.2606289171        4.4542081924
  2       25.7580107782       17.4091290973        4.0616879861
  1       26.1005106720       17.5364339746        3.6506073494
  1       24.3088038800       17.0212534260        8.0720048626
  2       24.5438506157       16.5340064267        7.9727909840
  1       24.7685513130       16.0459574639        7.8552418222
  1        3.4142965154       19.2510949028       10.3081948982
  2        2.9183587084       19.4148710303       10.1357910940
  1        2.4135890559       19.5597793640        9.9723616853
  1       19.5682960543        6.7418070331        0.3913843975
  2       19.4332748853        6.2258390356        0.2570478447
  1       19.3176238787        5.7032594679        0.1304167304
  1       22.4652677586       20.8192307535        6.7379287672
  2       22.5310273414       21.3546439341        6.8452059934
  1       22.6035178078       21.8918039345        6.9385026455
  1        3.3140958372       20.0158995169       23.3592976538
  2        3.6718210687       20.2138156670       23.7272132097
  1        4.0153445243       20.4149844081       24.1067165325
  1        0.8058457865       10.4734235799       15.5560252061
  2        1.2126992306       10.2726478589       15.8669261308
  1        1.6271479553       10.0703745443       16.1666222432
  1        6.2434532529       22.8755380096        8.8664857070
  2        6.5973166842       22.7533687962        9.2694191448
  1        6.9741462080       22.6144124352        9.6451725728
  1        6.5797602274        2.6078230426        3.8712297446
  2        6.9454448547        2.5825372469        4.2812728910
  1        7.2977960699        2.5513765548        4.7024351298
  1       26.1081168337       21.1744169301       18.6655610238
  2       26.0974515233       21.1072998851       19.2113462869
  1       26.0926294618       21.0495395130       19.7582836564
  1        1.3070618655        8.4076575953       11.6127712583
  2        0.7994620918        8.3719860436       11.4040369532
  1        0.2932201637        8.3342917461       11.1923809844
  1       27.4359736179       27.0440267309       16.6838354259
  2       27.9640902180       27.0099160052       16.5340712274
  1       28.4921291029       26.9817831586       16.3827983681
  1       27.9332524231       10.3036829283        4.2185194522
  2       28.2081281123       10.7584355224        4.0765918875
  1       28.4709566607       11.2244647797        3.9491639296
  1       26.7394386626       11.0418732875       24.9026124912
  2       26.7645693792       10.8296390060       24.3958333906
  1       26.7998485737       10.6075822798       23.8938909758
  1        9.9417143952        3.0947938688        8.2776722213
  2        9.8849687647        3.6133588085        8.1034013495
  1        9.8477139202        4.1345700472        7.9317886453
  1       12.5582238562       23.8735614835       19.8477575196
  2       12.0529557830       24.0396690302       19.7077130368
  1       11.5453846263       24.1955466136       19.5642776897
  1       13.6322471588       27.3102558265       22.8506148268
  2       13.5997174651       27.8445863191       22.7243898544
  1       13.5567918420       28.3771903289       22.5940427845
  1       17.4221010408       11.5641131171       18.0506760530
  2       17.0324574935       11.9470493637       18.1142192441
  1       16.6509904440       12.3401263448       18.1639522925
  1       24.3504511072       18.3478293977       16.9426628671
  2       24.3363168026       18.6126153447       16.4608033194
  1       24.3401860238       18.8691565533       15.9743142276
  1        7.6897486850       19.6194664103       26.6936725632
  2        7.7196388675       19.9044813937       27.1631116288
  1        7.7528969405       20.2088719716       27.6199926589
  1       25.6918720746       13.8121060350        1.4844699266
  2       25.7385441379       14.3601050077        1.4888109471
  1       25.7456183433       14.9098549922        1.4738139770
  1       13.3377901830        3.4637955191        7.9791227900
  2       13.7220414061        3.6241648275        8.3384731517
  1       14.0984758508        3.8174948571        8.6897858436
  1       16.4899006625       28.7630115118       10.7641353280
  2       16.7274260760       28.2747076741       10.8515483705
  1       16.9650507674       27.7853642888       10.9326505055
  1        8.8461270494        7.8380516185        1.3211186354
  2        9.1708396661        7.7818245104        1.7614596724
  1        9.4915259954        7.7344147664        2.2057710422
  1        0.6821160284        8.4766516930       27.4759353288
  2        0.1953226070        8.6570476770       27.2943053373
  1       -0.2931691753        8.8023991578       27.0875476901
  1       23.0750755214       11.7137947852       23.2607941289
  2       23.1685201508       11.2996623603       23.6104545868
  1       23.2836478770       10.8865482640       23.9548124662
  1       22.0899586763        6.4683812307        7.5461844340
  2       22.4483027980        6.8742529634        7.4494496058
  1       22.8143000867        7.2702374316        7.3410877833
  1        7.5175675951       11.4421567563        4.1896552945
  2        7.8798451286       11.8015469682        3.9844878890
  1        8.2490267270       12.1515714598        3.7754716176
  1        0.0068963776       25.9720219993       10.7434407336
  2        0.3657809709       26.3648783579       10.6042799264
  1        0.7320083931       26.7509281982       10.4652008302
  1       21.0008491718       12.6943489330       19.8034361600
  2       20.5335059904       12.4888203946       20.0080049033
  1       20.0721852602       12.2757832159       20.2184766195
  1       17.7346786850       21.3377024471       13.8424158786
  2       17.3363005905       21.0005261546       13.6689020704
  1       16.9408489748       20.6513507062       13.5133561776
  1       24.0254163098       25.9505618868        0.3724798734
  2       23.7049600087       25.9922124596        0.8175337902
  1       23.4108473048       26.0243851221        1.2811744227
  1        8.7308403061       13.1706566217       18.8670082858
  2        8.3941743401       13.5620227693       18.6773017605
  1        8.0558192808       13.9415708842       18.4676375495
  1        6.9516263650       19.3102030816       11.3712660539
  2        6.6613538510       19.7700798605       11.4534561743
  1        6.4010889369       20.2497409781       11.5219206591
  1       18.0247277341        2.0489188310        2.2137434114
  2       17.8789322875        2.4673386320        2.5395785812
  1       17.7211435623        2.8862866281        2.8590864743
  1       18.6417534578        8.7882984265       19.7218329911
  2       18.1546131543        8.7825547918       19.9771001753
  1       17.6506996417        8.8340192192       20.1913957271
  1        6.5753914128        4.4042913519        0.2715692722
  2        6.9035845955        4.8226724547        0.4120914683
  1        7.2154352512        5.2528983755        0.5540591572
  1        2.5036953306       15.7338218697        3.3598135190
  2        2.3058921520       15.2327948125        3.4709251316
  1        2.0891064002       14.7379604305        3.5740894238
  1       23.6176692691       27.3795113109       16.5879634517
  2       23.3825247055       27.5739759971       17.0455555408
  1       23.1596698663       27.7707935799       17.5082633954
  1        0.6154955472        1.0225624612        7.3211898754
  2        0.7251472163        1.4472369387        6.9893343350
  1        0.8841891976        1.8697606261        6.6752015912
  1       14.0513879656       23.4847570795       11.7857076294
  2       13.8521705663       23.6384404319       11.2966331412
  1       13.6314546484       23.7866008275       10.8151427678
  1       18.7987447321       12.9779605817        6.4614216234
  2       19.3411152906       12.8976839154        6.4179494017
  1       19.8842999367       12.8237291537        6.3734394869
  1       24.0167520092       11.0973279918       20.1582500867
  2       24.0746784992       11.5201448722       19.8113057001
  1       24.1260222855       11.9411039348       19.4610810833
  1       26.0252843564        5.1154014563       19.7003997236
  2       26.1905128180        5.4418909537       19.2897853502
  1       26.3643425138        5.7821470091       18.8941730999
  1       10.5746387651        5.8683542883       25.9007078484
  2       10.0417593438        6.0045138452       25.9010199112
  1        9.5043214572        6.1168699478       25.8688232767
  1        4.3671057623        6.8128960167        7.7306142295
  2        4.6965347892        7.0413228592        8.1071745751
  1        5.0106884894        7.2893240523        8.4844050880
  1        1.9609932362       12.1889528828       22.8970970832
  2        1.6433681588       12.4596435083       23.2553440587
  1        1.3225074037       12.7223054004       23.6166709263
  1       20.7384984749       25.4383895359       27.3950705192
  2       20.6978761203       25.5688241884       26.8623073206
  1       20.6587808438       25.6991365714       26.3293999730
  1       24.4169742567        4.4715674555        5.1762187745
  2       24.0979886268        4.1501698170        4.8640461845
  1       23.7880087233        3.8102619001        4.5625912685
  1        9.5690114248        5.1955943335        5.1223769803
  2        9.4201617699        5.7219678585        5.1796019086
  1        9.2523288627        6.2396154623        5.2594334344
  1       23.0837839076        6.9854707071       15.3408213352
  2       23.3642657929        7.4284246639       15.1746235490
  1       23.6515850330        7.8661198725       15.0061879303
  1        5.2241944273        7.7004757478       19.6924173140
  2        4.9730966427        7.3396347059       19.3618970499
  1        4.6956866421        6.9949046216       19.0352399521
  1       25.3838362702        8.0175898763       11.7855016230
  2       25.1571792829        8.5126001069       11.7074536780
  1       24.9319612084        9.0058268587       11.6152355168
  1       14.2551367583       22.5704901801        1.7625386400
  2       14.2665967840       22.2629679806        2.2183881377
  1       14.2588416416       21.9864677513        2.6937695425
  1        0.7597003933       16.5429641080       23.7573640756
  2        0.7949236223       16.2737591027       23.2790462009
  1        0.8392250162       16.0187072256       22.7937772801
  1       26.0593462026       12.8523481673       10.1916180937
  2       25.8073428468       12.8722483449        9.7031528528
  1       25.5371076839       12.9054843365        9.2252738675
  1       15.7177662094       26.4858128747        2.8324051091
  2       15.6729375243       26.0399994464        3.1513734087
  1       15.6511840211       25.5996046097        3.4801273774
  1       13.7183855580       20.2350222790       18.5823205550
  2       14.2628290578       20.2837377259       18.6432145673
  1       14.8093768988       20.3388719804       18.6705215349
  1        8.8514301920       19.5504238923       14.0902710054
  2        8.7246230818       19.4893602874       14.6219581248
  1        8.6183613672       19.4285256744       15.1581554736
  1       16.9474740927       22.0688390186       17.0297689277
  2       17.4370312284       21.8964053789       17.2117042204
  1       17.9263397160       21.7246155013       17.3949129563
  1       14.3280356162       21.4201012839       26.1063013353
  2       14.7383308320       21.4583491725       26.4705744950
  1       15.1572940425       21.5095433681       26.8232060046
  1       27.6795868613        1.3208556015       20.0490969117
  2       27.3121291445        1.5851758733       20.3615222952
  1       26.9496555569        1.8491053403       20.6800409505
  1        3.5455523730        4.6419419778        5.1947079797
  2        4.0921305998        4.6756962682        5.2458244142
  1        4.6399257580        4.7057160522        5.2848023070
  1       21.2974844540       10.7892917572       26.7575210192
  2       21.0721586145       10.2882360927       26.7316079502
  1       20.8670722224        9.7782059045       26.7140358730
  1        4.4671554515        1.3953620098        6.0101016722
  2        4.2647924425        0.9015771830        6.1432397862
  1        4.0625442662        0.4112906631        6.2888928074
  1        1.0211266049       16.2060089205       16.4687416800
  2        1.5204022759       16.3951669529       16.6008137935
  1        2.0219354051       16.5679268113       16.7461360236
  1       20.6560007516       16.3233684032       26.9974920524
  2       20.4928173293       16.5413179261       27.4753719287
  1       20.3123414811       16.7604398919       27.9464494502
  1       15.8547951965        6.3811366519        5.7621584972
  2       15.6352385670        6.2056306444        6.2349084604
  1       15.4021107334        6.0367345729        6.7035506792
  1        6.3606511882       16.2575701634       21.8162841352
  2        6.1795813427       16.7455346330       21.9940603637
  1        6.0257441722       17.2355642169       22.1907965598
  1       15.0073000075        9.6902976134        6.9899042336
  2       15.0758277817        9.9542743052        6.5122848764
  1       15.1240159050       10.2238454155        6.0353055055
  1        0.0239333016       12.3770553290       12.5122822929
  2        0.0228932327       12.8416610380       12.8066297975
  1        0.0174622863       13.3120306715       13.0916261337
  1        3.4611667012       18.8051785041       18.7556734199
  2        3.7698229221       19.1821960425       18.5005477390
  1        4.0892085021       19.5466039949       18.2403560893
  1       26.9252874230       28.2801212666       12.7922791788
  2       26.9171473671       27.9427598366       13.2265843769
  1       26.9038535319       27.6179709212       13.6702457718
  1       11.1268368337       12.3735668059       12.0658335270
  2       10.8163160961       12.6862471081       12.3949351832
  1       10.5074552219       13.0046950165       12.7200442250
  1       27.3136926532       14.5601971505       25.5171937156
  2       27.1555489574       14.9878680241       25.8247456549
  1       26.9715007421       15.4095499124       26.1260936905
  1       11.9106085300       26.5673050512        8.5781745073
  2       12.4044267630       26.6037971162        8.3387755058
  1       12.8947079494       26.6385970198        8.0919692579
  1        1.3043734371        6.8515110743       18.0640920123
  2        1.3257668218        7.3072483242       18.3712497602
  1        1.3558081930        7.7554957238       18.6885379317
  1        6.9220320502        3.2671955192        9.3204830628
  2        6.3771672649        3.2096674852        9.3685755882
  1        5.8331319464        3.1482532197        9.4210528139
  1       19.2174293068       27.2192742774        2.0150502659
  2       19.4898296310       27.3719694374        2.4677999224
  1       19.7451122618       27.5418851968        2.9243734785


Molecules in box 2
##############################################################################                                           
Moleculetype  1
Number-of-molecules: 15    
Atomtype         X                  Y                   Z
  1       28.0386358936        1.2491402994       32.4390610510
  2       27.6835603214        1.4397216019       32.0647615651
  1       27.3254341691        1.6276474363       31.6920290353
  1       40.8545363523       19.4176163293       18.5635262609
  2       40.6778287790       19.6640379640       18.1046681003
  1       40.4895856222       19.9200362324       17.6557478408
  1       14.7154891013       22.0215864931       33.9712468238
  2       14.6653842956       21.9302644374       33.4312007234
  1       14.6258808608       21.8363447501       32.8907207793
  1        3.1520668318       48.3989783709       29.2718600617
  2        2.9413390178       48.5366495809       28.7828401988
  1        2.7295865632       48.6608679736       28.2906708297
  1        0.0503964239       41.3113596625       28.4878284676
  2        0.3753062244       41.0766345454       28.1112149509
  1        0.6876396700       40.8167011191       27.7405635896
  1       23.6992670043       22.0577291668       15.9517595208
  2       24.0085604392       21.9730000719       16.3985912023
  1       24.3247078068       21.8756026809       16.8379823597
  1       38.4676014128       29.2373970198       19.6143105365
  2       38.5226412094       29.2622776631       19.0676373486
  1       38.5823547510       29.2698746884       18.5209412931
  1        0.2960063943       27.0488074523       49.9137576570
  2        0.1610482763       27.1845701720       49.3981465726
  1        0.0105041651       27.3182503373       48.8863203492
  1       42.0335625354       12.4814165612       40.9384711241
  2       41.6521962711       12.0980410288       40.8380571133
  1       41.2744852235       11.7139142989       40.7272373547
  1       17.1923207063       19.5072036375       41.8933028218
  2       17.1807104942       19.6955052055       42.4099339498
  1       17.1876317363       19.9017017327       42.9197722453
  1       42.5180966998        1.0829341830       50.1161874741
  2       42.1593290260        0.9136463568       50.4971433616
  1       41.8019573970        0.7799479534       50.8932623521
  1       35.3351184640       49.4127239453       21.6645014299
  2       35.0548928367       49.1278822147       22.0424416187
  1       34.7894791836       48.8112747282       22.4055053751
  1       41.5521917483       36.5178724017        6.9653943422
  2       41.5896148336       36.0680989197        6.6510643762
  1       41.6245406296       35.6225966166        6.3304276882
  1       46.8583981702       44.6720605498       11.6353405173
  2       46.6812480327       44.4668495399       11.1567945213
  1       46.4939729747       44.2614428294       10.6822040296
  1       15.8504554058        8.2818234549        3.1996361280
  2       16.0872727227        7.7856018543        3.2131150584
  1       16.3319330400        7.2930344980        3.2174425985


Number-of-fractionals:  1        
##############################################################################                                           
Fractional-type:      2
Box:                  1
Lambda:               0.015318
Reaction-Step         1 (only used if Type = 3 (RxMC))

Moleculetype  1
Atomtype         X                  Y                   Z
  1        4.3337987350       18.7806787131       18.8539233691
  2        4.5627957076       18.6597035227       18.3687168256
  1        4.7888354456       18.5377099971       17.8823798894

------------------------------------------------------------------------------                                           

