#   100 bins for weightfunction of N2                      
 0.0000000    0.5214160156E+001    0.3473242187E+001
 0.0101010    0.5251660156E+001    0.3504516602E+001
 0.0202020    0.5276049805E+001    0.3498852539E+001
 0.0303030    0.5344091797E+001    0.3517236328E+001
 0.0404040    0.5408544922E+001    0.3491601562E+001
 0.0505051    0.5504614258E+001    0.3481445312E+001
 0.0606061    0.5664013672E+001    0.3506347656E+001
 0.0707071    0.5801440430E+001    0.3495458984E+001
 0.0808081    0.5933496094E+001    0.3485107422E+001
 0.0909091    0.6059741211E+001    0.3472070312E+001
 0.1010101    0.6190942383E+001    0.3481860352E+001
 0.1111111    0.6317333984E+001    0.3497656250E+001
 0.1212121    0.6352758789E+001    0.3483032227E+001
 0.1313131    0.6373803711E+001    0.3461230469E+001
 0.1414141    0.6376220703E+001    0.3484716797E+001
 0.1515152    0.6355200195E+001    0.3477246094E+001
 0.1616162    0.6326708984E+001    0.3478784180E+001
 0.1717172    0.6219702148E+001    0.3456835937E+001
 0.1818182    0.6157543945E+001    0.3469824219E+001
 0.1919192    0.6032690430E+001    0.3489062500E+001
 0.2020202    0.5919677734E+001    0.3472900391E+001
 0.2121212    0.5780932617E+001    0.3478002930E+001
 0.2222222    0.5691870117E+001    0.3471557617E+001
 0.2323232    0.5516137695E+001    0.3470336914E+001
 0.2424242    0.5381811523E+001    0.3472631836E+001
 0.2525253    0.5222021484E+001    0.3454711914E+001
 0.2626263    0.5024658203E+001    0.3459521484E+001
 0.2727273    0.4889965820E+001    0.3448510742E+001
 0.2828283    0.4684741211E+001    0.3457714844E+001
 0.2929293    0.4521142578E+001    0.3478906250E+001
 0.3030303    0.4327612305E+001    0.3491406250E+001
 0.3131313    0.4153540039E+001    0.3460937500E+001
 0.3232323    0.3971215820E+001    0.3446850586E+001
 0.3333333    0.3752319336E+001    0.3430786133E+001
 0.3434343    0.3542773437E+001    0.3450952148E+001
 0.3535354    0.3354223633E+001    0.3454907227E+001
 0.3636364    0.3147412109E+001    0.3445849609E+001
 0.3737374    0.2912573242E+001    0.3438256836E+001
 0.3838384    0.2710888672E+001    0.3446337891E+001
 0.3939394    0.2528417969E+001    0.3445214844E+001
 0.4040404    0.2269799805E+001    0.3441088867E+001
 0.4141414    0.2084887695E+001    0.3440039062E+001
 0.4242424    0.1830419922E+001    0.3430004883E+001
 0.4343434    0.1626342773E+001    0.3410546875E+001
 0.4444444    0.1400317383E+001    0.3427758789E+001
 0.4545455    0.1177221680E+001    0.3419262695E+001
 0.4646465    0.9310546875E+000    0.3442480469E+001
 0.4747475    0.7237304687E+000    0.3420678711E+001
 0.4848485    0.4769775391E+000    0.3436254883E+001
 0.4949495    0.2638183594E+000    0.3447924805E+001
 0.5050505    0.1500976562E+000    0.3426440430E+001
 0.5151515    0.1519287109E+000    0.3418676758E+001
 0.5252525    0.1309326172E+000    0.3421435547E+001
 0.5353535    0.1277343750E+000    0.3422314453E+001
 0.5454545    0.1360107422E+000    0.3403515625E+001
 0.5555556    0.1505371094E+000    0.3423413086E+001
 0.5656566    0.1330078125E+000    0.3439038086E+001
 0.5757576    0.1402099609E+000    0.3432348633E+001
 0.5858586    0.1346679687E+000    0.3425561523E+001
 0.5959596    0.1347412109E+000    0.3428173828E+001
 0.6060606    0.1186767578E+000    0.3422973633E+001
 0.6161616    0.1349609375E+000    0.3410546875E+001
 0.6262626    0.1316406250E+000    0.3431372070E+001
 0.6363636    0.1353027344E+000    0.3412622070E+001
 0.6464646    0.1255371094E+000    0.3447387695E+001
 0.6565657    0.1027343750E+000    0.3415380859E+001
 0.6666667    0.9482421875E-001    0.3426660156E+001
 0.6767677    0.1169189453E+000    0.3433276367E+001
 0.6868687    0.1131347656E+000    0.3424902344E+001
 0.6969697    0.1171875000E+000    0.3432714844E+001
 0.7070707    0.1151611328E+000    0.3424243164E+001
 0.7171717    0.1029296875E+000    0.3408374023E+001
 0.7272727    0.1048095703E+000    0.3420019531E+001
 0.7373737    0.1034912109E+000    0.3422851562E+001
 0.7474747    0.1086425781E+000    0.3418750000E+001
 0.7575758    0.1151367187E+000    0.3440039062E+001
 0.7676768    0.9897460937E-001    0.3437597656E+001
 0.7777778    0.9350585937E-001    0.3430004883E+001
 0.7878788    0.8544921875E-001    0.3427978516E+001
 0.7979798    0.9331054687E-001    0.3429931641E+001
 0.8080808    0.6489257812E-001    0.3413964844E+001
 0.8181818    0.5791015625E-001    0.3402612305E+001
 0.8282828    0.6599121094E-001    0.3429711914E+001
 0.8383838    0.6625976562E-001    0.3419848633E+001
 0.8484848    0.6635742187E-001    0.3428466797E+001
 0.8585859    0.3791503906E-001    0.3409521484E+001
 0.8686869    0.5783691406E-001    0.3414453125E+001
 0.8787879    0.5009765625E-001    0.3429516602E+001
 0.8888889    0.3322753906E-001    0.3407934570E+001
 0.8989899    0.3164062500E-001    0.3421533203E+001
 0.9090909    0.3535156250E-001    0.3412133789E+001
 0.9191919    0.5314941406E-001    0.3425122070E+001
 0.9292929    0.1286621094E-001    0.3412084961E+001
 0.9393939    0.1364746094E-001    0.3401489258E+001
 0.9494949    0.6372070312E-002    0.3416357422E+001
 0.9595960    0.2719726562E-001    0.3425512695E+001
 0.9696970    0.2575683594E-001    0.3444531250E+001
 0.9797980    0.6079101562E-002    0.3414208984E+001
 0.9898990    0.1293945313E-002    0.3414916992E+001
 1.0000000    0.0000000000E+000    0.3423291016E+001


