Compiled using GNU Fortran (Ubuntu 9.4.0-1ubuntu1~20.04.2) 9.4.0 with all optimizations
Last Brick update unknown
Compiled at 16:28:53 on Sep  3 2023
Starting at 15:06:05 on Dec 31 2024

Settings
OK                      

Forcefield
OK                      

Topology
OK                      

Configuration
OK                      Starting from random configuration.

 F
Monte Carlo Simulation initialized.

#########################################################################################################################
###########################################   ENERGY STARTING CONFIGURATION   ###########################################
#########################################################################################################################
                                               Box 1               Box 2
-------------------------------------------------------------------------------------------------------------------------
Lennard Jones        
 Intermolecular                          0.2440584270E+008   0.1487094200E+006
 Tailcorrection                         -0.4551081903E+004  -0.6833345666E+002
Total Intermolecular                     0.2440129162E+008   0.1486410865E+006

Electrostatic        
 Real                                    0.4299005551E+004   0.8900779470E+003
 Exclusion                               0.1043425830E+008   0.2037985693E+007
 Selfterm                               -0.1044989240E+008  -0.2038978394E+007
 Fourier                                 0.1603974976E+005   0.1006190151E+004
Total Intermolecular                     0.4704652368E+004   0.9035664865E+003

Intramolecular       
 Lennard Jones                           0.0000000000E+000   0.0000000000E+000
 Electrostatic                           0.0000000000E+000   0.0000000000E+000
 Bending                                 0.9343375086E+007   0.3104111324E+007
 Torsion                                 0.0000000000E+000   0.0000000000E+000

Total                                    0.3374937136E+008   0.3253655977E+007

#########################################################################################################################

Simulation is running...



#########################################################################################################################
###############################################   RELATIVE ENERGY DRIFTS   ##############################################
#########################################################################################################################
                                               Box 1               Box 2                                                 
-------------------------------------------------------------------------------------------------------------------------

Lennard Jones        
 Intermolecular                          0.6606725636E-014   0.0000000000E+000
 Tailcorrection                          0.0000000000E+000   0.0000000000E+000

Electrostatic        
 Real                                    0.1096851804E-013   0.1546654518E-013
 Exclusion                               0.0000000000E+000   0.0000000000E+000
 Selfterm                                0.0000000000E+000   0.0000000000E+000
 Fourier                                 0.2123206674E-015   0.6796670209E-015

Intramolecular       
 Lennard Jones                           0.0000000000E+000   0.0000000000E+000
 Electrostatic                           0.0000000000E+000   0.0000000000E+000
 Bending                                 0.4008239440E-015   0.0000000000E+000
 Torsion                                 0.0000000000E+000   0.0000000000E+000

Total                                    0.1023453425E-013   0.7290092717E-015

#########################################################################################################################
############################################   TRIAL MOVE ACCEPTANCE RATES   ############################################
#########################################################################################################################
                                               Box 1               Box 2
-------------------------------------------------------------------------------------------------------------------------
Translation
 N2                                           0.50591             0.98343
-------------------------------------------------------------------------------------------------------------------------
Rotation
 N2                                           0.50632             0.99852
-------------------------------------------------------------------------------------------------------------------------
Bond Bending
 N2                      
  Bending 1                                   0.34062             0.34229
-------------------------------------------------------------------------------------------------------------------------
Lambda Move
 N2                                           0.74158             0.99074
-------------------------------------------------------------------------------------------------------------------------
GE Swap Fractional
 N2                                           0.22847             0.29420
-------------------------------------------------------------------------------------------------------------------------
GE Identity Change
 N2                                           0.61108             0.89904
-------------------------------------------------------------------------------------------------------------------------
Volume                                        0.50430             0.50430

#########################################################################################################################
######################################################   AVERAGES   #####################################################
#########################################################################################################################
                                                       Boltzmann                                    Biased
                                               Box 1               Box 2                  Box 1               Box 2      
-------------------------------------------------------------------------------------------------------------------------
Density
 N2                                      0.8680957761E+003   0.4931669632E+000      0.8690761334E+003   0.4966566888E+000
 Total                                   0.8680957761E+003   0.4931669632E+000      0.8690761334E+003   0.4966566888E+000

Number of molecules
 N2                                      0.3986143822E+003   0.1385617807E+001      0.3986043340E+003   0.1395666000E+001
 Total                                   0.3986143822E+003   0.1385617807E+001      0.3986043340E+003   0.1395666000E+001

Mole fractions
 N2                                           1.00000             1.00000                 1.00000             1.00000

Volume                                   0.2136154540E+005   0.1306384546E+006      0.2133693976E+005   0.1306630602E+006

#########################################################################################################################
#######################################   PROPERTIES FROM THE CFC GIBBS ENSEMBLE   ######################################
#########################################################################################################################
                                                       Boltzmann                                    Biased
                                               Box 1               Box 2                  Box 1               Box 2      
Chemical Potentials (as an indication)
=========================================================================================================================

Total N2                                -0.1032213015E+004  -0.1033017505E+004     -0.1032111434E+004  -0.1032382894E+004
 Ideal gas                              -0.3583150622E+003  -0.1030903921E+004     -0.3582134808E+003  -0.1030269310E+004
 Excess                                 -0.6738979528E+003  -0.2113584085E+001     -0.6738979528E+003  -0.2113584085E+001

-------------------------------------------------------------------------------------------------------------------------

#########################################################################################################################
##################################################   AVERAGE ENERGIES   #################################################
#########################################################################################################################
                                                       Boltzmann                                    Biased
                                               Box 1               Box 2                  Box 1               Box 2      
-------------------------------------------------------------------------------------------------------------------------
Lennard Jones        
 Intermolecular                         -0.3767621742E+006  -0.1657999191E+001     -0.3762491104E+006  -0.2176311931E+001
 Tailcorrection                         -0.1013918856E+005  -0.2195275598E-001     -0.1012618076E+005  -0.2826954212E-001
Total Intermolecular                    -0.3869013627E+006  -0.1679951947E+001     -0.3863752912E+006  -0.2204581473E+001

Electrostatic        
 Real                                   -0.7504598617E+004  -0.3627943121E-001     -0.7506710030E+004  -0.3214560687E-001
 Exclusion                               0.1389460034E+008   0.2827876292E+005      0.1388641078E+008   0.2973529623E+005
 Selfterm                               -0.1389710893E+008  -0.2827938358E+005     -0.1388891742E+008  -0.2973597705E+005
 Fourier                                 0.1140772921E+004   0.6357478731E+000      0.1140160015E+004   0.6684991385E+000
Total Intermolecular                    -0.8872413490E+004  -0.2119323729E-001     -0.8873188434E+004  -0.4446951403E-001

Intramolecular       
 Lennard Jones                           0.0000000000E+000   0.0000000000E+000      0.0000000000E+000   0.0000000000E+000
 Electrostatic                           0.0000000000E+000   0.0000000000E+000      0.0000000000E+000   0.0000000000E+000
 Bending                                 0.3603518707E+005   0.1257250999E+003      0.3601233802E+005   0.1586946015E+003
 Torsion                                 0.0000000000E+000   0.0000000000E+000      0.0000000000E+000   0.0000000000E+000

Total                                   -0.3597385891E+006   0.1240239548E+003     -0.3592361416E+006   0.1564455505E+003

#########################################################################################################################

No errors found in bookkeeping.

Total simulation time :  1 days and  21 hours

Simulation finished.

