Simulation state at cycle:    1100000
##############################################################################                                           

Number-of-molecules: 401   

Box-size(s):    27.603138   50.783428

------------------------------------------------------------------------------                                           

Deltas
Translation per molecule type
Box 1    0.4818842178E+000
Box 2    0.2541195434E+002

Rotation per molecule type
Box 1    0.7224423967E+002
Box 2    0.1800000000E+003

Volume    Delta_Volume
Box 1   0.3042892415E+003
Box 2   0.1408746488E+004

------------------------------------------------------------------------------                                           

Molecules in box 1
##############################################################################                                           
Moleculetype  1
Number-of-molecules: 400   
Atomtype         X                  Y                   Z
  1       24.6654031423       18.8647591979       23.3855519907
  2       24.8092268220       18.9127163355       23.9142436420
  1       24.9265934679       18.9483546727       24.4503919221
  1       12.1633527911       26.9632820955        3.3777100264
  2       12.7054226318       26.9593903861        3.2847307683
  1       13.2470904992       26.9619675550        3.1893930602
  1       24.3326990955       22.9437503213       17.5406509552
  2       23.8807054031       23.0140006563       17.2352551588
  1       23.4290567236       23.0929698967       16.9314833228
  1        0.4783912301       25.3465195112        6.6182278655
  2        0.0659303411       25.2306101556        6.9631061577
  1       -0.3473303825       25.1337301570        7.3128629863
  1        6.9698292800       26.0911569078       16.7571563391
  2        6.7275449351       26.5847723777       16.7690754037
  1        6.4845976830       27.0782001339       16.7666918941
  1       11.3099106398        6.2049114714        3.1476197139
  2       11.2140584643        6.1532518169        2.6085059592
  1       11.0739183778        6.1049085451        2.0788610940
  1       23.1860010748       16.7785467169       20.7188881266
  2       22.8104398270       16.3814853077       20.6572765490
  1       22.4310117194       15.9885503728       20.5929613331
  1        0.7271529413       26.9433354658       26.3350888897
  2        0.7982916591       26.5479915453       26.7107782126
  1        0.8782798600       26.1646038632       27.0969333264
  1       19.7768924156       23.4970221272        8.6709964172
  2       19.7657523118       22.9577207610        8.5636188848
  1       19.7641518262       22.4196649080        8.4496305674
  1        5.0707147769        4.6495983497       24.6182585818
  2        4.8889303532        4.7527256419       24.1095158326
  1        4.6814851839        4.8503121662       23.6095724648
  1       17.6598122779        1.5478183512       11.4273296000
  2       18.1884256211        1.6740558469       11.5117809355
  1       18.7134247080        1.8202562588       11.5859523402
  1       25.4051391689       10.6499275388        6.8384370555
  2       25.0199328641       10.3112704386        7.0370005750
  1       24.6301166389        9.9779738570        7.2356376768
  1        3.7141540170       24.7360583243       21.9541788140
  2        3.6058852538       24.3009610589       22.2727196192
  1        3.5215717546       23.8616474559       22.5927114802
  1       23.6917596688        8.6415053904       13.8040207110
  2       23.3754615793        8.1964821388       13.7376142042
  1       23.0614114567        7.7500522908       13.6699909076
  1        1.0392770838       14.3316037100       11.9380760585
  2        0.7212945240       14.6789948781       12.2221648966
  1        0.4032905321       15.0334733257       12.4973348266
  1       14.1630813373       16.1411105284       14.4625998704
  2       14.0702731236       16.6161338307       14.7238267788
  1       13.9833814833       17.0928814769       14.9839450668
  1        2.5237296918        4.3658494572        5.2611139409
  2        2.5582817928        4.6231018355        5.7460132770
  1        2.5619368570        4.8613240176        6.2417317773
  1        4.3572564060       25.1082031886        7.5888256736
  2        4.8545830315       24.9259334193        7.7369606079
  1        5.3622854560       24.7708031069        7.8807411119
  1       17.5688483831       11.6520598345       13.7128355357
  2       18.0689389388       11.8751397837       13.7642628861
  1       18.5702989933       12.0980960502       13.8020596850
  1        4.6765291803       14.5212297149       11.3978291247
  2        5.0170793020       14.2610773065       11.7425700985
  1        5.3589252952       13.9900391057       12.0775023448
  1        2.4160630180       11.0481702266       13.6405181867
  2        2.9240185669       10.8567060387       13.5520725812
  1        3.4364776862       10.6767161719       13.4655318515
  1       21.2293274908        6.5745451534       10.0018327977
  2       20.9674496270        6.3193898675        9.5909608414
  1       20.7024006593        6.0516357513        9.1902654746
  1        3.2950298186        6.8280920561       26.9393137208
  2        3.2709850567        7.1670892934       27.3717518348
  1        3.2267871983        7.5052767052       27.8032327994
  1        5.2153536218       12.0770197715        7.9915167924
  2        5.5841619915       12.1995101510        8.3807166039
  1        5.9557220993       12.3113106712        8.7705162051
  1       20.0634992932       22.4869332894       16.9885736762
  2       20.2001556013       22.2161196930       16.5297871796
  1       20.3379097592       21.9412931772       16.0737233933
  1       16.6815216701        7.3180916540        1.0711032525
  2       16.5207957065        7.8366823562        0.9831780105
  1       16.3641932418        8.3575276232        0.9013496845
  1       17.6592990648       19.0903284434        8.8216807895
  2       17.2853775404       19.2900723416        8.4712737852
  1       16.9075928589       19.4850683857        8.1223392982
  1       11.3002845515       19.0162938518       17.4977804157
  2       11.1464678968       19.4742972792       17.7605984084
  1       10.9948620626       19.9352058120       18.0195945366
  1        6.4516036481       11.4694063217        4.1216270320
  2        5.9469955006       11.2693315031        4.2101746716
  1        5.4520626491       11.0444522686        4.2936659967
  1       10.2012961712       23.5796961619        2.0480986335
  2       10.1008473395       24.0817305307        1.8471719683
  1       10.0220048691       24.5871837143        1.6451795352
  1        8.5147558732       20.0889820825        2.8752936568
  2        8.4117694150       20.0170283716        3.4107527616
  1        8.3180454070       19.9589200290        3.9495841172
  1        5.1470856254       18.0484732520        9.6762238574
  2        5.0642013352       18.2611563399       10.1766197991
  1        4.9605168395       18.4622575077       10.6779259378
  1       15.7297390385        1.5107505796        4.9432710756
  2       15.8772742754        1.7778062541        4.4856526531
  1       16.0106832454        2.0731973285        4.0413035124
  1       20.3378850338       17.4448812414       18.2592624720
  2       19.9106627926       17.1569832472       18.0666595083
  1       19.4942525878       16.8793964629       17.8385189433
  1       13.1337191168       21.6543528818       15.7909683946
  2       12.9461690670       22.0913403999       16.0673139895
  1       12.7657922147       22.5317751242       16.3429613073
  1        9.8818295182        9.0110133137       26.8704260728
  2       10.2786439891        8.6357521424       26.8054851071
  1       10.6732142326        8.2629410094       26.7170194019
  1       19.9275683737        9.2615808611       17.6427486381
  2       19.5458445218        9.3949168651       17.2699103207
  1       19.1596227295        9.5274159841       16.9014314073
  1       19.8210303502       12.9202090290       19.4391619881
  2       19.7994490505       13.3896271764       19.7249606067
  1       19.7787854151       13.8602234770       20.0088833691
  1       17.2273585819        6.7065434535        6.8657140694
  2       17.7098696441        6.9347454502        6.9984051526
  1       18.1868089459        7.1854209441        7.1088166471
  1       12.4363484578       12.1587064266        5.6708541062
  2       12.9042671120       12.2815852851        5.4092190184
  1       13.3814964862       12.4012006113        5.1633647991
  1       13.8525023074       13.6331737027       19.7179130188
  2       14.2002626794       13.8342560823       19.3422421519
  1       14.5420558648       14.0660904709       18.9790201348
  1        0.5343105094        9.7361723174        3.9581431566
  2        0.5675466245        9.2892839700        3.6392604734
  1        0.5917956027        8.8392108692        3.3240681671
  1        3.0920111479       24.3082014604        3.8482619407
  2        2.5455846975       24.3113601789        3.9107771933
  1        1.9985684419       24.3344357913        3.9631291872
  1       14.6377183051       12.7876003142       15.2841405053
  2       14.2098042577       12.8079581220       15.6290682191
  1       13.8000703060       12.8163050030       15.9958766396
  1        7.5652630681       12.4584592972       18.5110269216
  2        7.7500046346       12.9324953537       18.3020762798
  1        7.9334877092       13.3959417802       18.0695867744
  1        9.8077646299       23.9274340176       24.9290248772
  2        9.7887299892       24.0046448421       25.4732455778
  1        9.7892424884       24.0986754581       26.0151477642
  1       18.8279631079        4.6112831205       16.5475227066
  2       18.9387881213        4.9029370018       17.0004640162
  1       19.0464669742        5.1787263901       17.4639782845
  1       24.5040342734       19.0716816245       10.1917113461
  2       24.0252140400       19.1111972304       10.4594233200
  1       23.5450862819       19.1333370044       10.7267941585
  1        9.6117318265        0.7131438620       18.8382405021
  2        9.2676433951        0.9136274591       19.2175945303
  1        8.9157443596        1.1250211145       19.5836270291
  1       22.6850190721       15.6002757127       24.3054149991
  2       22.5899273316       15.0744859025       24.1750208412
  1       22.4924236095       14.5461324635       24.0573957307
  1       15.9328606629       11.8660662592        1.9182271877
  2       16.3502915166       12.1742732368        1.7358541051
  1       16.7473179730       12.4997684060        1.5385652642
  1       19.9950438330       22.6196950381        4.7502485245
  2       20.1013613690       22.5823886712        4.2119132976
  1       20.2052148943       22.5679332320        3.6720008190
  1       25.6498138730        5.8528068365       22.9798233392
  2       25.2257539749        5.5480507203       22.8072055172
  1       24.8019358644        5.2515253719       22.6202538498
  1        2.0221740198       18.0012483410       12.3058239379
  2        2.4141040365       17.7726603795       12.6166911216
  1        2.7972005928       17.5357640008       12.9323129417
  1       16.0212981036        2.2143161471       22.5819786936
  2       15.8948212063        2.5837414391       22.9693138818
  1       15.7812674693        2.9639939486       23.3501203640
  1       12.6951865093        9.8896884091       13.3373799123
  2       12.8466469176        9.5957183792       12.8979013960
  1       13.0012970941        9.2963398343       12.4632109214
  1       17.4704837505       21.0392601827        1.8917972359
  2       17.2476770790       21.5320711270        1.7918244384
  1       17.0181131898       22.0223875549        1.6949212893
  1       16.5901424733       24.9250462037        8.7751010451
  2       16.3748299619       24.4684250250        8.9933614895
  1       16.1742009882       24.0146391978        9.2306934026
  1       11.8159682224       15.0668579137       16.9923708195
  2       11.3709997417       15.1868383210       16.6921912849
  1       10.9210481905       15.3206184042       16.4055791953
  1       16.5798293408       26.8832071367       20.5288136699
  2       16.6016418474       26.8833308410       19.9792463862
  1       16.6197388094       26.8774877198       19.4295752510
  1       13.3547120538       24.9684082127       14.2976594128
  2       13.1618457318       24.5924688162       13.9455626193
  1       12.9802376298       24.2032274862       13.6020372443
  1        1.1444190178        5.3630821737        2.0096151294
  2        1.0046819208        4.9010864536        2.2733071815
  1        0.8584054904        4.4276570101        2.5119863949
  1        5.3153766876        1.6090407034       20.9313914783
  2        5.4200557512        1.2880865117       20.4971902571
  1        5.5325006402        0.9457153703       20.0816927872
  1       19.0941285805       16.1861168687        5.9956715602
  2       18.8703490922       16.5827296749        6.3040885223
  1       18.6530161983       16.9866889935        6.6075407939
  1        9.5774550884       24.2121101081       12.8565006681
  2        9.3246419827       24.3777246807       13.3160192716
  1        9.0795196596       24.5552196858       13.7752692786
  1       10.9767272220        3.0249421520        9.3869934991
  2       11.0161793054        2.6731874490        8.9660277499
  1       11.0436082831        2.3097152985        8.5541592685
  1        6.2780882323        3.8938829060        5.8542079095
  2        5.9156260116        3.4803169676        5.8633923050
  1        5.5550615297        3.0663903184        5.8974214472
  1       11.0984705676       17.8248025714        2.0650615544
  2       11.6188046442       17.9446602144        1.9332033194
  1       12.1442012304       18.0449439588        1.8051346004
  1       10.5861514062       12.4253671228       21.5322953594
  2       10.1474110135       12.6038276701       21.2527265829
  1        9.7102895004       12.7855618101       20.9727310756
  1       13.3171548238       26.5209537268        7.3079334417
  2       13.0073156467       26.8635078717        7.0093428489
  1       12.6890719985       27.1802451174        6.6916976120
  1        9.4318640547       26.2347655172        6.7682900622
  2        9.2634806369       26.7435513050        6.6446613976
  1        9.0921252210       27.2498793878        6.5151654788
  1       14.3482820840        4.0209803518       11.0064936630
  2       14.2013683792        3.4915317808       11.0310002740
  1       14.0724108923        2.9568850301       11.0357770462
  1       14.7087720665       27.3292717042       12.1236567104
  2       14.7316457213       27.3317134866       11.5741379813
  1       14.7510960566       27.3226562718       11.0245566404
  1        6.6144458225        2.8746819242       16.0019739846
  2        7.1126283981        3.0801065228       16.1120414898
  1        7.6085451251        3.2969421850       16.2097599343
  1       16.0482316491        9.6733259447       24.5731557760
  2       15.8678017530        9.8224745555       25.0708502049
  1       15.6917712159        9.9552194462       25.5747272167
  1        9.2767549842       10.7900912912       12.4416383102
  2        9.0137842999       11.2455627146       12.2807277708
  1        8.7566251739       11.7054440399       12.1229990493
  1       16.6054724421       21.0887259186        5.3134749195
  2       16.3805441956       21.4550848133        5.6565324135
  1       16.1584556614       21.8301249257        5.9919748021
  1       18.8841406318       24.7414395466        1.8393438342
  2       18.9381646789       24.8090495166        1.2961953330
  1       19.0108233575       24.8644716539        0.7538401891
  1       21.9743689900       13.3537422553        7.7994773785
  2       21.8912957899       13.8718265050        7.9643638658
  1       21.7873025388       14.3858217892        8.1301777691
  1       17.0445228712       15.2279506571       11.5652869530
  2       16.6338954824       15.2014673007       11.9302304821
  1       16.2349172645       15.1825794933       12.3083305103
  1       22.4036072927       19.2254624313       26.6280907612
  2       22.4345360685       19.0270332818       27.1401154515
  1       22.4656435719       18.8377788526       27.6555910408
  1        7.7121807919       22.2824327743       18.5184873126
  2        7.3076726817       21.9788643437       18.3023406109
  1        6.8975946664       21.6778357866       18.0932525237
  1       19.2671876031       25.7766404220       16.9583475588
  2       19.4608604461       26.1912395512       17.2634678497
  1       19.6470618689       26.6020084566       17.5782660954
  1       24.5621566437       25.9498143671       22.3749164662
  2       24.1649465804       25.6452731851       22.1469277951
  1       23.7649547156       25.3356395047       21.9309799055
  1        1.3825215995       13.3654993449       26.1635551770
  2        1.5418055592       13.8849574376       26.2489478588
  1        1.7147367416       14.4017260314       26.3234127876
  1        3.3277845578        0.2488075461       10.2992535732
  2        3.0439327952        0.2645597576       10.7700826767
  1        2.7661255716        0.2780155202       11.2445740759
  1       17.0654651847       25.8043560434        4.8799374348
  2       16.7013219386       25.4775523401        4.6287422203
  1       16.3226935645       25.1521338803        4.3979969510
  1       27.7553744270        0.5424051459        9.1071942442
  2       27.5815918467        1.0387675339        8.9461849446
  1       27.4050754221        1.5419026870        8.8112888045
  1        6.2825176901        8.3813435222       20.1284289056
  2        6.1085540080        8.7648610335       19.7746620956
  1        5.9051806850        9.1301446899       19.4173007366
  1       16.2026496744       16.5596844027       25.1203272577
  2       15.7677461810       16.8565684886       24.9615230039
  1       15.3389968668       17.1544729968       24.7885289909
  1        0.3744326566        5.9863787023       18.8890045611
  2        0.3298071964        5.7507150458       19.3839502241
  1        0.2771361514        5.5032174941       19.8722848654
  1       20.9187478757        7.7960971888        3.5690205944
  2       21.1186386411        8.2113619044        3.2688558099
  1       21.2938380800        8.6224118245        2.9481641842
  1       24.0496514259        6.6825013619        6.1671339210
  2       23.7983525179        6.6681969607        6.6561576862
  1       23.5597038408        6.6576276693        7.1515717535
  1        5.9095584045       22.0397305325       14.6487296879
  2        5.7550416336       22.4665648537       14.9592728086
  1        5.5986266303       22.9113165770       15.2425222576
  1        0.0616966464       20.5010354476        3.8168939154
  2        0.5018054202       20.8283039537        3.7756678052
  1        0.9530440605       21.1421665361        3.7563295565
  1        3.2118972534       17.1530703146        3.1126318821
  2        2.7181506981       17.1607407993        2.8704429004
  1        2.2301981536       17.1701401759        2.6168409190
  1       20.0159361161        5.2555362014        0.3310170193
  2       20.0505874070        5.8003568652        0.2641609624
  1       20.1005354854        6.3433169886        0.1920534532
  1       11.3528040263       14.8643981444        8.1658835242
  2       11.8325741599       14.6096875633        8.0796098966
  1       12.3104609900       14.3572302391        7.9776811174
  1       24.3464188316       12.6101475194       21.5475439365
  2       24.1268769429       12.4918599877       21.0573302903
  1       23.9301408415       12.3613314061       20.5605836801
  1        7.5159457489        0.0701407134       12.5529003453
  2        7.4294916911        0.5564877546       12.3110486316
  1        7.3451476993        1.0471937486       12.0773956463
  1       24.6738651698       27.2639651053        3.8018162773
  2       25.1110339857       26.9332295446        3.7571238257
  1       25.5593373264       26.6188563703        3.7052237195
  1        9.8970989851        3.8034620186       13.1372883478
  2        9.3999871122        4.0386782099       13.1299993757
  1        8.9004110462        4.2678871250       13.1103263860
  1       12.5617356086        8.6879881747        6.1708555738
  2       12.0126168495        8.7071612066        6.1953705337
  1       11.4632683343        8.7240222903        6.2161530186
  1        3.5580105207        2.2202412255       13.7251521538
  2        3.1767398015        2.2529414407       14.1202006756
  1        2.7929640122        2.2667792114       14.5139323847
  1       26.5798480101       13.9938891699        8.5988857799
  2       26.0635270740       13.8561303161        8.4687505074
  1       25.5383433498       13.7413340265        8.3525443688
  1        1.6716226302        5.1021816836       15.9239420087
  2        2.1284468700        5.2629325409       15.6632299534
  1        2.5964302339        5.4111553834       15.4151945545
  1       14.5949953898       26.8794010105       24.0607135878
  2       14.1048614258       26.6507421848       24.1606327490
  1       13.6042174368       26.4410260353       24.2493724351
  1       13.1878763503       10.2530919583        2.2009544651
  2       13.2525548474        9.7224107269        2.0717487276
  1       13.3283952644        9.1923204919        1.9462394733
  1       20.3302421668       24.3577658505       25.2491043641
  2       20.2480615349       24.8975748863       25.3150782124
  1       20.1744202147       25.4414756379       25.3504183789
  1        5.6113410483        5.4965346466       11.6257709901
  2        5.6281574404        5.1915066656       12.0831276778
  1        5.6625418078        4.9100219109       12.5543856190
  1        0.5270937208       24.6260861832       15.8043186340
  2        0.5409170300       24.1271943184       16.0354372688
  1        0.5599703482       23.6168741033       16.2396681385
  1       16.3646417718       11.1545154853       18.0190508955
  2       16.7374113675       11.5202803722       17.8465432843
  1       17.0886504669       11.8974461980       17.6545093447
  1       24.3085054314       23.0395146253       25.2501017578
  2       24.2758052203       22.7097238965       25.6890422678
  1       24.2595241560       22.3790123713       26.1282060335
  1       27.6175792295       20.6608066057       11.4692120361
  2       27.4483435556       20.7817641265       10.9600671011
  1       27.2536299437       20.9043149439       10.4604993825
  1       10.9628612429       17.2812755662       13.3344122462
  2       10.5613996537       17.6490653631       13.2565710119
  1       10.1588216993       18.0086681603       13.1511346911
  1       23.9358666123       20.6690255134        3.8794210119
  2       23.8460966447       20.1387110872        3.7644951125
  1       23.7772028074       19.6058904279        3.6467845218
  1       24.9508755296        2.4160534645       12.8812412497
  2       24.6037328941        2.6567229793       13.2334772150
  1       24.2699603008        2.8987477267       13.5975100111
  1        9.5149883747       12.3047936886       25.0731444263
  2        9.1981383470       12.0511693012       24.7019561586
  1        8.8877515447       11.8163231490       24.3133595597
  1       15.9806172751       14.4905471654        5.2458773007
  2       16.3824377757       14.3262285127        4.9081797057
  1       16.7728222203       14.1512467583        4.5625189326
  1       25.6412407557       22.9296507767       12.7509542727
  2       25.4745469977       23.1426534202       13.2298520331
  1       25.3048200047       23.3641352698       13.7038125137
  1        6.6360732875        0.2160489591        9.0976156023
  2        6.5222510627        0.6780891530        8.8218197351
  1        6.4199065581        1.1499835555        8.5584924211
  1       21.7615686198        2.7635274934       16.8161292686
  2       22.2177548433        2.4959296312       16.6651805566
  1       22.6749372583        2.2165498308       16.5409583143
  1       24.6470138185       23.8792428349        5.4696056216
  2       24.1260848775       23.7100021066        5.4196995674
  1       23.6030351252       23.5423527166        5.3911927661
  1       19.8206904566       21.0955313292       12.1882476111
  2       19.6187164166       20.6986556433       12.5110419375
  1       19.4049132591       20.2916343763       12.8129059748
  1       25.9262358755        1.8337704956       21.5622888759
  2       26.1854286280        1.5370122587       21.1785524222
  1       26.4488506129        1.2587137994       20.7840162078
  1        3.8498858733       23.8178696341       18.1593052423
  2        3.6051406686       24.0668095057       17.7343008599
  1        3.3618129636       24.3078650285       17.3039709146
  1       19.9828602960       10.0683942661       21.2043555603
  2       20.4470611042       10.2654685385       21.4238534891
  1       20.9054759894       10.4766732345       21.6423674897
  1        2.5071663930       15.6785716467        9.1168291920
  2        2.5815007151       15.1643605990        8.9363813962
  1        2.6732251335       14.6536990726        8.7538671900
  1        6.3997304971       11.4179217540       15.1293821018
  2        6.6562875309       10.9547954652       14.9804105309
  1        6.9076424609       10.4915972574       14.8230316296
  1       19.2649753710        4.2367508369       23.4256064240
  2       19.4618128834        3.8198922679       23.7255796347
  1       19.6810233590        3.4090868923       24.0183008498
  1       14.9109758217       15.6909489429        1.5625758343
  2       14.7412537797       15.7909821357        1.0490704411
  1       14.5748316291       15.8913635432        0.5345539304
  1       19.7348648741        8.2808670634       24.6369494377
  2       20.1785505447        7.9875222614       24.4969785377
  1       20.6260334574        7.6857394709       24.3912137556
  1        2.7960722996       19.2817992687        6.8162427387
  2        2.6660254868       19.0932485016        6.3162063053
  1        2.5428319922       18.8943802448        5.8184365008
  1       13.7488553054        6.4529571674       27.3988088440
  2       13.5448531875        6.4806154446       26.8887910447
  1       13.3450833331        6.4735909841       26.3764018750
  1        8.6419603078       24.3474289957        9.4965610182
  2        8.6422174632       24.0286693192        9.0483510200
  1        8.6514189763       23.7134924555        8.5977082838
  1       26.7997126686       20.6078497985        6.9240228283
  2       26.5948375220       21.1106599095        7.0118189932
  1       26.3992540272       21.6157446133        7.1074042301
  1        7.4172802165        6.3690186442       26.8306204499
  2        7.0984274722        6.4423652688       27.2727213435
  1        6.7837289838        6.5166038375       27.7176409939
  1        3.3617845157       26.9481053113       24.1656801711
  2        3.5108889276       27.3961785681       24.4476344775
  1        3.6789862128       27.8402904897       24.7251374555
  1       15.2931524618       10.3129612971        6.9939725837
  2       15.3924444316       10.7526689802        7.3090888451
  1       15.4808874237       11.1972426196        7.6205886287
  1       14.8792470968       12.2006248766       10.6050152337
  2       15.3615201599       11.9898356755       10.7646416893
  1       15.8461614788       11.7808759271       10.9194273944
  1       25.0540864515       21.5663737938       21.6125009867
  2       25.1749707113       22.0658154812       21.4164270297
  1       25.2909209248       22.5616575431       21.2085900826
  1        7.0127453751       26.3399784886       -0.1685060458
  2        6.9639544243       25.8479194049        0.0723202427
  1        6.9154429421       25.3490037710        0.2986603084
  1       26.4764878869       20.4734050726       17.5738499709
  2       26.2848382018       20.0542758660       17.2736815075
  1       26.0903657879       19.6332845764       16.9779674340
  1       15.3722968931       20.9470284400       20.1655953709
  2       15.2471574414       21.1774047724       19.6821009416
  1       15.1131803828       21.4309638058       19.2127844564
  1       19.1165246862        2.1410345615       19.4903877409
  2       19.3043301622        2.4787066568       19.8818039634
  1       19.4899807402        2.8094944328       20.2800668277
  1        3.7029318309        9.4307410330        7.3059510390
  2        3.8684663961        9.2238463581        6.8239833002
  1        4.0497931550        9.0178284974        6.3473521571
  1        9.9895803615       27.2384881422       26.6052156907
  2       10.4244455846       27.5297744539       26.7741669330
  1       10.8649154468       27.8095866226       26.9479238025
  1       11.5720780632       24.1865063072        5.2850853714
  2       11.7813380264       23.6779150986        5.2918122070
  1       12.0125377609       23.1789011563        5.2974484432
  1       24.3219767451       27.4839355155        7.4046305742
  2       24.1022394648       27.0015232366        7.2580225227
  1       23.8873349004       26.5113679104        7.1312795409
  1        9.7156029493       20.7473482440        7.3592310405
  2        9.9919791080       20.5008946017        6.9525655501
  1       10.2718500957       20.2469416290        6.5529656041
  1       23.4166736493       17.1311220869       17.0226363634
  2       23.4920770527       17.0641777280       16.4819582896
  1       23.5992133712       17.0048128342       15.9457702464
  1        9.5637357949        8.9699723932       21.6888094989
  2        9.4278247467        9.0997370456       21.1719059083
  1        9.2931242349        9.2332318770       20.6556357260
  1        9.2199611434       12.3954798789        1.0373127272
  2        9.2637134604       12.5255710626        1.5699120313
  1        9.3196038572       12.6367243777        2.1056556296
  1        9.1022231786       12.3878068567        7.3814817245
  2        9.1877222360       12.6236404358        6.8920203531
  1        9.2909313606       12.8452513298        6.3993374051
  1        0.3423204446       16.4415312845       16.1881114407
  2        0.3894570722       16.9031578363       15.8928504291
  1        0.4433779696       17.3613203815       15.5933848752
  1       24.9956410692       15.7212733091       26.6852322354
  2       25.5398524309       15.6470515995       26.6565071314
  1       26.0830197539       15.5779909223       26.6045467509
  1        3.1428547632       15.8977173181       19.5414646994
  2        2.9406230046       15.7814114538       19.0433931567
  1        2.7208880380       15.6657439654       18.5526411057
  1        6.7837422863       21.6765889058       23.4145818638
  2        6.7583337109       22.2230631110       23.4713299682
  1        6.7389841078       22.7699803128       23.5261676029
  1        9.5382784874        0.3533766017       15.4461593785
  2       10.0860037887        0.3102736759       15.4714404413
  1       10.6341968516        0.2760049112       15.4999012299
  1       22.6573007929        6.5730339002       17.2626668343
  2       22.4022337543        6.2653425940       16.8848218053
  1       22.1448503119        5.9451042853       16.5191700746
  1       16.6485093252       20.4213768904       23.4461503917
  2       17.0415440977       20.1336141979       23.7015252150
  1       17.4279176621       19.8305722831       23.9492772395
  1       12.6625976998       18.9663633750       21.3164294878
  2       13.1392263877       18.8300014950       21.5546112074
  1       13.6139467153       18.6808944389       21.7889351187
  1       26.7926888443        6.7055646073       26.1439834273
  2       27.0883520259        6.3271457308       26.4120924292
  1       27.3750868153        5.9512181248       26.6930934871
  1       13.9454970805       27.1385898107       17.0007753207
  2       13.5149278223       27.3234366818       17.2887714112
  1       13.0872226223       27.4940182476       17.5895540408
  1       22.0984448705       11.5432999598       13.2528595860
  2       22.2520080340       12.0400040107       13.4323127573
  1       22.3723219514       12.5484423680       13.6041120503
  1       23.5940151322       15.8589417953       11.3774512282
  2       23.6001925096       15.3301236525       11.2264107969
  1       23.6331803617       14.7994731597       11.0856206870
  1        8.6009641689       15.1289226291       23.4233489817
  2        9.0553319588       15.4285214345       23.5026614478
  1        9.5084869376       15.7283336770       23.5878857604
  1       16.7574564652        4.4008212597       13.3861178179
  2       16.8403369231        4.9346135039       13.4895425238
  1       16.9104825009        5.4701746523       13.5932433105
  1       10.4746981388       11.9949646927       16.3310787584
  2       10.4918860700       11.6942018581       15.8709197724
  1       10.5260988893       11.4071974366       15.4029903504
  1        1.2194827902        0.3070648468       16.7141045659
  2        1.6837770900        0.0728060142       16.5350693668
  1        2.1425165649       -0.1667384591       16.3488529913
  1        1.6965827387        2.6293070774       22.5872948749
  2        1.8423884881        2.8021042621       22.0859149626
  1        1.9832598043        2.9606714673       21.5784588436
  1        7.7828596987        3.9803555767        9.5628208915
  2        7.6753543931        4.4367750641        9.2753772261
  1        7.5769920497        4.8890690771        8.9782998386
  1       23.0918031131        3.2329959885        5.8855293937
  2       22.9465624764        3.3216452516        6.4085460909
  1       22.8133278833        3.3996604217        6.9364307141
  1       15.6676322435       14.7977084437        8.3371922109
  2       15.8626356118       15.3054018177        8.4191746750
  1       16.0622320680       15.8088451879        8.5151227161
  1       27.8996229293       18.0044885013        9.5073606460
  2       27.5996848849       17.5773243489        9.6807617891
  1       27.2840734415       17.1600450674        9.8503713909
  1       17.0251726932       23.0137102368       25.7961282751
  2       16.7520097065       23.4588290777       25.9686136371
  1       16.4720245542       23.8974211509       26.1467857640
  1       13.3471141050       14.8291289064       23.2134804493
  2       13.2603523064       15.1697880618       22.7904866784
  1       13.1558800304       15.5071587358       22.3688629471
  1        8.0695479329       15.3824330956       13.9026760065
  2        8.2184661391       15.0056330113       14.2746236699
  1        8.3653032753       14.6231992367       14.6416158530
  1       13.6797785421       19.6251783328        7.3417267186
  2       13.6933167587       19.9913953652        7.7518508485
  1       13.6958235976       20.3735678832        8.1473731376
  1       26.0541163815       25.6974536925       19.4564789842
  2       26.4677048461       25.8068704774       19.1108309709
  1       26.8787103676       25.9122641573       18.7608786420
  1       25.3191694200        6.3519943495        2.3843318047
  2       24.8799818127        6.2232259744        2.0793187702
  1       24.4407632371        6.0882778896        1.7770340431
  1        9.8487129280       20.6754292978       24.3419409946
  2        9.8757566664       20.1261818447       24.3517323949
  1        9.9077590561       19.5771730140       24.3436608532
  1       23.2450831451       10.4824811946       17.6541377984
  2       23.0134066779       10.6806964199       17.1963859672
  1       22.7790805165       10.8980335439       16.7487747255
  1       20.8811925002        9.6248399457        7.4527279330
  2       21.0774083277        9.5620300493        6.9427727722
  1       21.2922481911        9.4979970882        6.4405341716
  1        0.0279289118       18.1028180749       21.5798603178
  2        0.5173550124       18.1711593931       21.3384238742
  1        1.0027402032       18.2360366951       21.0880398667
  1        9.5517447793       23.1924496868       21.6926057435
  2        9.8880908027       23.1154252977       21.2643084215
  1       10.2351524760       23.0312705568       20.8460188406
  1        9.9533154576        5.2350794421        6.6920266258
  2        9.7319055898        5.0805907086        6.2128493083
  1        9.5162107275        4.9523982048        5.7234186111
  1       10.8925938603        6.3216780492       10.8582275157
  2       11.3237365881        6.4842142886       10.5578978315
  1       11.7521604069        6.6531446196       10.2572060064
  1        4.1292668870       26.2701660120       13.9838492015
  2        3.7131897908       25.9276521383       13.8740125212
  1        3.3210589546       25.5598156104       13.7581259600
  1       11.9999311549       21.3014148484       11.8121485935
  2       12.2053730361       20.9683522453       12.1986236067
  1       12.4145267619       20.6399609164       12.5870999291
  1       23.9574171621       26.8258841273       15.2799811526
  2       24.3664027451       26.8196569492       15.6476658207
  1       24.7724659952       26.8182450050       16.0186249052
  1        6.4422484812       20.3474730857        7.2534337372
  2        6.3972080974       20.7091141471        7.6653646860
  1        6.3560271151       21.0712289576        8.0772833547
  1        3.1413152828       10.1000554939       24.2908605183
  2        3.4596770848        9.9334970012       24.7072786154
  1        3.7725364674        9.7554297034       25.1231043520
  1       25.3251233130       12.3186018769       26.3637324005
  2       25.5467959748       12.2439019645       25.8659561916
  1       25.7589483249       12.1855811856       25.3618827187
  1        7.6941621918       21.1937958753       11.2885603512
  2        7.9153789431       21.1801836109       11.7919268730
  1        8.1259656222       21.1627487416       12.2997154853
  1       10.4267722457       26.1842128753       22.1989007808
  2       10.4379843465       26.4646475565       22.6719025550
  1       10.4641003237       26.7515345932       23.1404255350
  1       14.6345604407       18.0680836996       10.6926310196
  2       14.1446243916       17.9098684765       10.8861009423
  1       13.6566894759       17.7527470649       11.0854307671
  1       10.9693570827        3.9100787582       16.5209884429
  2       11.2969381201        4.0111203922       16.9510829118
  1       11.6154511422        4.1116382333       17.3880561574
  1        4.8530442432       20.9492171712        4.4138562050
  2        5.1267496642       21.2006387951        4.0084274078
  1        5.4156050718       21.4516660571        3.6133984643
  1       11.8767221623        2.3159973403        4.9813124007
  2       11.3544792809        2.2334912925        4.8298029129
  1       10.8337141455        2.1437140338        4.6773440118
  1       21.6179413442        6.9314216789       21.2315285079
  2       21.5058251682        6.4332039576       21.0273005342
  1       21.3916039145        5.9374470136       20.8183063795
  1        4.7795527042       14.4685874014       15.9290704940
  2        4.8323556306       14.9376209748       15.6467243271
  1        4.9063699337       15.4016376360       15.3608739816
  1       18.9882017227        1.0684300684        1.9110797905
  2       19.2967866290        1.4072522197        2.2151766590
  1       19.6110087518        1.7411525213        2.5189447368
  1       16.1565334882        3.2160712716        0.2662630962
  2       16.5520170350        3.4048215815        0.5986274817
  1       16.9530628325        3.5976129866        0.9218823987
  1       27.2103833362       10.8249310983       18.8405733875
  2       27.0217633057       11.3172032557       18.9973873126
  1       26.8165409491       11.8077279335       19.1379907404
  1        6.3503400990       17.4041085230       24.3300109414
  2        6.5469895168       17.8010487530       24.0040240394
  1        6.7374356494       18.1891332086       23.6639935631
  1        8.4337477991       18.1532403659       26.8537102322
  2        8.3142411463       18.0192138650       27.3735708453
  1        8.1919357374       17.8774666528       27.8907256710
  1        3.5478044454       13.4949582548        1.9104487721
  2        4.0091173552       13.6052957002        2.1888658108
  1        4.4690305576       13.6945472954        2.4769873096
  1       12.5091356058       12.9630924652       27.3811579028
  2       12.7654047044       12.6224911484       27.0335706589
  1       13.0298562432       12.2939899867       26.6805092345
  1        5.2707426594        7.2665642942        3.1816483542
  2        4.8406845021        6.9294907377        3.2443492224
  1        4.3940862224        6.6162318143        3.3144835392
  1       22.5696158352        2.3056608330       22.3864339260
  2       22.5534307342        1.8065506529       22.6169270292
  1       22.5565652372        1.3052403273       22.8431528706
  1        7.3108975946       14.7691409137       26.9677836064
  2        6.9128698590       14.5860646586       27.3002847441
  1        6.5265198162       14.4281967429       27.6584905015
  1        6.6929062353       11.9394409754       21.4389805332
  2        6.2668815423       11.6695004113       21.6583775541
  1        5.8563619409       11.3872145777       21.8913761895
  1        5.2952039975       16.4767667287        6.2147298874
  2        5.6725770580       16.0771159643        6.1955246892
  1        6.0393241098       15.6679866635        6.1708302721
  1       23.6290575371        3.9697434469       19.3263609021
  2       24.1072708384        4.2308149406       19.4015520832
  1       24.5792531324        4.5028589961       19.4772141276
  1        6.4161454156       15.2571797050       20.6559232009
  2        6.6722608672       15.7370704556       20.5746228754
  1        6.9749177975       16.1894422535       20.4955119529
  1        1.9990312879       12.5713662913        6.0149717486
  2        2.3093830345       12.9806631036        5.8183555926
  1        2.6209576450       13.3901279394        5.6240367585
  1       14.3992891163        7.1075387390       23.2875546615
  2       14.5383841746        6.6454824174       23.0236294441
  1       14.6849514992        6.1838429150       22.7630397510
  1        8.4743342076        3.1397916369       23.0772790427
  2        8.7089041473        2.6720177651       23.2465851211
  1        8.9308480925        2.2005232439       23.4224651959
  1       14.1801621600        5.2896175297        7.5134322250
  2       13.7273431817        5.1572927443        7.2306865371
  1       13.2743412367        5.0154725490        6.9528803654
  1        9.0963850651       19.1634600006       20.8892959752
  2        8.8419293939       19.6085322864       21.0884516224
  1        8.5941653149       20.0476409769       21.3082163103
  1        9.2632481586        6.2184779379       23.6830769653
  2        9.7028819408        6.4239073089       23.9419609376
  1       10.1443346390        6.6281081999       24.1987127835
  1       17.3209199690        9.0344198540        4.3889288005
  2       17.3396889347        9.5819784876        4.4371705738
  1       17.3729427760       10.1279891173        4.4943245182
  1       12.2933818585        3.5880959533       23.9669291962
  2       12.5638138020        3.1400583728       24.1361299361
  1       12.8200604295        2.6776843762       24.2879454565
  1       20.6149737700       21.7983549783       22.8236281433
  2       21.0174503959       22.1703787634       22.7776839503
  1       21.4178890150       22.5403957891       22.7053215842
  1        8.0414128564       23.4258126433        5.0503972299
  2        7.9331334151       23.7108963176        4.5926824046
  1        7.8167413098       24.0035312721        4.1417748086
  1       26.1629320478        2.3962670648       16.4225786697
  2       26.2411413708        2.6316960510       16.9134518654
  1       26.3430982035        2.8765232703       17.3952863141
  1       21.7225831150        4.3916574279        3.2587272967
  2       21.9687645695        4.0274878086        2.9281593311
  1       22.2189255381        3.6556268965        2.6093506881
  1        2.0417116369       27.3373032687       20.5991347050
  2        2.2442181025       27.0520917736       20.1746991570
  1        2.4369234343       26.7556870860       19.7533810880
  1        1.7970496048       21.8624865811       20.7119351638
  2        1.4451773400       21.8714693721       20.2893180573
  1        1.0968788481       21.8901512734       19.8640661954
  1       12.3890291726       14.5751630916       12.0232712130
  2       12.0652411026       14.3919698090       12.4283656551
  1       11.7373971484       14.2058306432       12.8288285767
  1       27.3484152224       10.2106255759       21.9843139391
  2       27.2910689949       10.2146706498       22.5313011853
  1       27.2458779430       10.2176433458       23.0794334056
  1        2.1992411262       21.1202762797       14.1785727687
  2        1.7096136998       20.8978082889       14.2937811728
  1        1.2212952150       20.6764172631       14.4163824372
  1        0.4859108345        7.7086374469        6.3057105316
  2        0.1917676287        7.8046374788        6.7604233733
  1       -0.1077181312        7.8901245018        7.2137447245
  1        2.1357730999        2.7856422264       18.2545493344
  2        2.6770193647        2.8296883756       18.1673001645
  1        3.2130374950        2.8979031961       18.0646780363
  1        1.3109791367        5.8396964201       23.9106027581
  2        1.4359186605        6.0993213700       23.4421104948
  1        1.5559203868        6.3577412392       22.9716652207
  1       22.6161707593       16.2840669309        3.4692649848
  2       22.4525830608       16.1811961660        3.9841986413
  1       22.2944372720       16.0823763766        4.5016197056
  1        2.5662511010       12.3536945867       21.8875845987
  2        2.1023404923       12.5896865421       21.7098354945
  1        1.6453941730       12.8199609349       21.5081581177
  1        8.9142879881       17.0475016518        6.2941035020
  2        9.1068444429       16.6952438517        5.9181560934
  1        9.3081549941       16.3423418022        5.5474348984
  1       17.3432157855       13.7926199032       26.0256778195
  2       16.8319032215       13.5977165274       26.0811046717
  1       16.3156822057       13.4130306022       26.1247735503
  1        8.6806216480        7.6900302192       13.2792427419
  2        9.0958084848        7.7509017339       13.6347909795
  1        9.5243325048        7.8047478835       13.9753313669
  1       17.5407650858       23.2622435830       21.0672617079
  2       17.4652798231       23.4068029773       21.5925278849
  1       17.3773634863       23.5496463433       22.1163279321
  1       17.9979786308       24.3293876680       12.7067286917
  2       17.9427933692       24.8758591349       12.6780316052
  1       17.8621782937       25.4179953725       12.6323204640
  1       26.3414814454        2.3370439610        5.1769902518
  2       26.3155106023        2.8862561596        5.1908277451
  1       26.2881996058        3.4355657740        5.1872144485
  1       11.3768193305       27.7310464494       11.2010785905
  2       11.1793146874       27.4353630624       11.6206775068
  1       10.9738776056       27.1538570766       12.0461771947
  1       14.2468897471        6.3664691682       18.3360301080
  2       14.7244402881        6.6382842455       18.3597375870
  1       15.2029080239        6.9086928203       18.3808995210
  1        1.0498645290        7.7953679153       13.4192318402
  2        1.5644891339        7.6915999875       13.2552387512
  1        2.0695853907        7.5473874562       13.0922034295
  1        3.8962059834        5.9227980749       20.4514401634
  2        3.9339961547        5.8898444244       19.9037304228
  1        3.9726014201        5.8566742950       19.3560906005
  1       21.5098023645        0.1513661631       12.9235707046
  2       21.2627582253        0.0871723958       13.4107548110
  1       21.0183560195        0.0102144036       13.8974220774
  1       18.6473587710        9.1812536156       10.4486135650
  2       18.4331656669        9.4154782088        9.9994363682
  1       18.1977235791        9.6555711889        9.5642095501
  1       12.3726883339       24.1206384306        9.4772657621
  2       12.3120691394       24.4552943021        9.9095050026
  1       12.2634269582       24.7935278908       10.3404713314
  1       11.9370537364       10.7889093909        9.1435179033
  2       11.5039903087       10.9826401566        9.4217704108
  1       11.0723750540       11.1697871526        9.7066989506
  1       24.7830996777       26.7709433500       10.4338599568
  2       24.5709649629       26.6221647272       10.9190030122
  1       24.3752181335       26.4628793433       11.4076862882
  1        0.4213452206       16.4099221504        6.4162307585
  2        0.5374451637       16.1480724816        5.9467038113
  1        0.6746340631       15.8867221521        5.4826184634
  1        2.5411904383       22.3599544712        8.3385164544
  2        2.1817239506       22.4276468625        7.9277834702
  1        1.8457967748       22.4789868256        7.4953286867
  1        3.2095342395       20.6478575801       24.0607009447
  2        3.4204405697       20.2763227421       24.4070827917
  1        3.6160121693       19.8996007409       24.7568431129
  1       25.6426500641       12.0975062345       11.8290876725
  2       25.9803770112       11.6837042294       11.9602685007
  1       26.3157789053       11.2776152334       12.1186897611
  1        7.8948062307       21.4365620067       27.1396724327
  2        7.6181515643       21.8124915093       27.4306006105
  1        7.3266669920       22.1743437394       27.7248788915
  1       17.4139969795        5.6248335920       20.8172962900
  2       17.6004078145        6.0773605539       21.0682352255
  1       17.7946464197        6.5229108188       21.3256382648
  1       15.6024631494        7.7390524195       10.5158068032
  2       15.3619670366        7.9680480369       10.0773747937
  1       15.1328352921        8.2050701789        9.6371258337
  1        6.3484770230        2.0427194021       26.3601296507
  2        6.3430955452        2.2070528133       26.8849777903
  1        6.3420541475        2.3784833287       27.4075775347
  1       26.6266828238       10.2626139974       15.3335826501
  2       26.7192258282        9.7213072782       15.3639607350
  1       26.8316413340        9.1836786918       15.3925659121
  1       19.8957948542       13.7272475622       10.5312972798
  2       19.5219287874       13.3499535199       10.6740325931
  1       19.1636871524       12.9589929393       10.8200214776
  1        4.2205999924        3.5252596781        8.8628010274
  2        3.9298231882        3.5120419451        9.3294637983
  1        3.6577740133        3.5111117180        9.8074683799
  1       24.5874656679       16.6183966850        7.3166783174
  2       24.3821070664       17.0136603155        6.9940415135
  1       24.1696714224       17.4063817317        6.6728858108
  1        8.1080344405        4.3165012063        2.4149395420
  2        7.7655520591        3.9479186163        2.6370942015
  1        7.4309586279        3.5889484769        2.8854642357
  1        8.9885243270        7.6620693482       17.7490949949
  2        9.4946886288        7.8387541067       17.6262935466
  1        9.9962020917        8.0357601437       17.5159628305
  1       21.4577960898       27.9697231669        5.0878219947
  2       21.3489059519       27.4876202215        4.8465344321
  1       21.2514358278       26.9993300824        4.6129272533
  1        5.2671846954       13.6273432500       24.2842294108
  2        5.5464403757       13.2195638274       24.5255429154
  1        5.8258571302       12.8120605122       24.7671362192
  1        1.2674498558       10.9392780342        9.7313981852
  2        1.7930721032       10.8810072031        9.8824801603
  1        2.3145470914       10.8132936622       10.0436592908
  1       23.0954205098       25.3785754987        1.4172189187
  2       22.9308537770       25.0047827900        1.7855893863
  1       22.7850735384       24.6175219140        2.1479112528
  1       15.6367690332        0.7524554411        8.0739825156
  2       15.4399241931        1.2567314492        8.1712338215
  1       15.2195806754        1.7494651253        8.2768854075
  1        9.1449002954       21.6404602508       15.7054107702
  2        9.5732626208       21.4591445182       15.4119310890
  1       10.0108765354       21.2821976649       15.1296477705
  1       22.4639443016        0.4283553146       19.6418604880
  2       22.7138945314        0.0991967193       19.2789837848
  1       22.9487051140       -0.2451788381       18.9201391599
  1        6.7329341722       18.5280881179       14.1188149168
  2        6.1913634775       18.5604482697       14.2091144360
  1        5.6493032550       18.5800206227       14.3001508966
  1        8.0124041864       18.2461423611       17.9119606167
  2        7.9701777652       17.8139403334       17.5744427111
  1        7.9014881099       17.3738869175       17.2517435921
  1       20.1869806803       12.5778342070        3.7116559097
  2       20.5994900119       12.7524888465        4.0307668752
  1       21.0158020842       12.9448876217        4.3343570080
  1        1.4969957321       24.7074300875       10.6015608447
  2        1.0516750920       24.4643111540       10.8138877429
  1        0.6070998933       24.2125838746       11.0175695253
  1       21.5291671804        4.8044528054       13.2671996559
  2       21.3109088253        4.5374523611       12.8387442286
  1       21.0917545295        4.2676302219       12.4125196319
  1       17.0144598476       16.8597061762       21.5411537862
  2       17.4832034912       16.9151036374       21.2588232743
  1       17.9491781307       16.9650275250       20.9709426745
  1       11.3482934308       20.7604014695       27.7093973959
  2       11.4739409086       21.2554307664       27.5052927497
  1       11.5725850714       21.7547017031       27.2967313442
  1       25.3958180747        2.9330213244        1.7412244332
  2       25.5515698974        2.4197503024        1.6195929089
  1       25.6936881056        1.9003416859        1.5077130491
  1       21.4310030629       23.9275936217       19.9237032008
  2       20.9705580367       24.1499252276       20.1263334918
  1       20.5068360842       24.3802384560       20.3118537512
  1       16.2398740992       23.3563231015       15.7025953757
  2       16.2463508394       23.4776055638       16.2390174262
  1       16.2661423052       23.5832740893       16.7784082488
  1       26.0459775860        2.5620667934       24.9888543704
  2       26.4078566022        2.1520093578       24.9305750679
  1       26.7802378422        1.7495251924       24.8876949128
  1       17.1719493708        1.1252911344       14.7636561048
  2       17.5566668287        1.4313284743       15.0103008374
  1       17.9491942166        1.7303932996       15.2531639244
  1       13.1607401655       21.9556025001       23.6003044518
  2       13.3802577204       22.4463389286       23.4841588499
  1       13.6139905653       22.9355154375       23.3915559378
  1       16.3848295679       18.0970908062        3.0459432510
  2       16.4690068156       17.8542878599        3.5322157262
  1       16.5822422670       17.6147465526        4.0141884367
  1        1.8377517357        2.8045854936       27.0204539697
  2        1.9746517430        3.1067861716       26.5817819529
  1        2.1076987830        3.4049667268       26.1391908994
  1       20.3048879140       18.7703511670        2.8527523767
  2       20.4278056480       19.0398702758        3.3161643756
  1       20.5516876242       19.3130109587        3.7771930322
  1        4.2351238433        3.5449406619        2.0232403785
  2        4.2267329296        3.1052393182        2.3535316453
  1        4.2167108282        2.6465548224        2.6568599983
  1       25.6509522241        6.0648487876       15.0988200103
  2       25.8117750855        5.9580837754       14.5838081275
  1       25.9687341767        5.8638702828       14.0651679242
  1        3.9848595178       26.9942907688        0.9780256335
  2        3.8403260555       27.4015351528        0.6377873494
  1        3.6880094854       27.8104795442        0.3030275158
  1       11.9829874212       14.5965765073        2.6635674268
  2       11.6334152003       14.5959620787        3.0881835885
  1       11.2963876706       14.6074515499        3.5226722942
  1        2.5900591532        8.2186056586       17.5889734135
  2        2.3349659599        8.4573069504       17.1641803391
  1        2.0593664626        8.6842875953       16.7458208012
  1       22.7490080177       20.8767984458       13.9042906126
  2       22.6525727287       20.3416872693       13.9870931715
  1       22.5558984552       19.8099151085       14.0889384112
  1       16.6314903497       13.4398673768       22.0290549071
  2       16.5037860176       13.1995396710       22.5070028095
  1       16.3823139621       12.9630340975       22.9884689582
  1       10.4350802393       18.4045624180        9.3608848401
  2        9.9720077931       18.1560811557        9.5231222335
  1        9.5020576766       17.9206202934        9.6850020325
  1       26.5625885856       19.7535823261        0.3731847524
  2       26.1376744917       20.0215085735        0.5971569353
  1       25.7052292603       20.2884721600        0.8074461750
  1        5.1029393519       20.4661861663       20.7560035371
  2        4.8788687687       20.0016732256       20.9471058700
  1        4.6778940336       19.5295843650       21.1451999450
  1        3.1749998043        6.7815533553        9.8049822630
  2        2.6909812023        6.9400948631        9.5973995490
  1        2.2065701668        7.1010063099        9.3925741258
  1       10.5452450217       24.7961581396       17.0643005648
  2       10.2236968962       25.0321465001       17.4430040064
  1        9.9021848797       25.2532662798       17.8306069801
  1        0.8674328293       13.3364450815       15.7609387162
  2        0.9390927121       12.9885278180       16.1808416085
  1        1.0124973788       12.6490051525       16.6072640674
  1       18.9576053911       20.8708286959       19.4254514636
  2       18.7921761702       20.3616990867       19.5516267934
  1       18.6300917040       19.8509760475       19.6756856587
  1        4.5141721403       23.7911510989       25.7477360985
  2        4.1054353669       23.8674091886       26.1077624224
  1        3.7175592314       23.9476154847       26.4893630678
  1       25.0789649040       25.8873721144       25.9496949093
  2       24.9787455074       26.4271097161       25.9834498176
  1       24.8968700960       26.9680884398       26.0394715673
  1       12.7689509067        6.1906102026       13.7385292698
  2       13.3187535175        6.1943085158       13.7527915152
  1       13.8685356736        6.1815816603       13.7616009944
  1        3.9660258075       20.4059776265       16.9158669283
  2        3.8702391045       19.9080438943       17.1289089567
  1        3.7740160262       19.4097479152       17.3409047947
  1        7.7819237227        4.8387145113       19.8920085073
  2        7.4651520723        4.9640393782       20.3238063758
  1        7.1550390615        5.0960361210       20.7584404511
  1        4.1626507541       12.3015155499       18.7310690554
  2        3.9425350933       11.9785642019       18.3440916365
  1        3.7207553640       11.6689813292       17.9472639718
  1        8.8079903583        8.6864912256        8.8652675165
  2        8.3775909056        9.0266046181        8.9050065572
  1        7.9384080055        9.3544704426        8.9510758564
  1       14.6599918120        5.3131575255        3.3217203071
  2       14.7696115002        5.5782874814        3.7909639863
  1       14.8782273013        5.8446324954        4.2597527876
  1       16.3769681765       10.0492199140       21.3201036483
  2       16.0661883007        9.6331308086       21.1390353594
  1       15.7547263565        9.2117243862       20.9719782333
  1       23.7396816578       10.3672064968       10.0977674912
  2       23.1932418748       10.3185805861       10.0585363252
  1       22.6467962886       10.2611265136       10.0341180971
  1       10.3926619040        3.9183324193       27.0685988671
  2        9.9429000799        3.6341137333       26.9291928414
  1        9.4871768603        3.3520543877       26.8056660356
  1        3.1091621962        9.3852644559       21.1585352809
  2        2.6881308238        9.0596071688       21.0200437113
  1        2.2584575824        8.7367542588       20.9032237508
  1       23.9130576099       11.5107767013        2.0113009052
  2       23.5150944740       11.8848830786        1.9467272185
  1       23.1310548270       12.2696259821        1.8631422515
  1       13.3233850272       16.7002888277        5.7053211174
  2       13.1180532850       17.0500786305        5.3338564899
  1       12.9272553559       17.3915175393        4.9471839918
  1       26.7467725950        8.2115248163       10.5888543931
  2       26.2521223040        8.0856155836       10.7937152109
  1       25.7569875973        7.9645262910       11.0003041856
  1        4.6075533349       17.5672607527       27.3899196850
  2        4.3652988209       17.1411257380       27.1404769068
  1        4.0996599527       16.7148496551       26.9163682459
  1       10.2163384096       16.4404708375       19.4323204119
  2       10.4953582392       16.3239950231       19.8917562827
  1       10.7881782867       16.2169989801       20.3448658341
  1       19.5420406444        2.8044679256        6.8058392717
  2       19.2334812294        2.4243761308        6.5551974658
  1       18.9084268324        2.0567414021        6.3068341346
  1        2.6504940266       20.7783626195        0.4295775526
  2        3.1445067147       20.9001720817        0.6384170100
  1        3.6406800246       21.0116232429        0.8479180462
  1       13.6438327887       24.2357192535       28.0646754708
  2       13.4707258095       24.4715735940       27.5989430328
  1       13.2984406981       24.6919370877       27.1253844092
  1        6.1426710053        9.6009997750       11.3440850120
  2        5.7760964293        9.2866671108       11.0808017872
  1        5.4148245708        8.9654598899       10.8184879208
  1        7.0872758487       26.8441253125       23.3628272986
  2        7.1209165603       26.6062262062       23.8575719982
  1        7.1437793827       26.3465556801       24.3418740818
  1       26.3300669679       14.8872370051       23.1827389439
  2       26.8077027119       14.6890953892       23.3700995486
  1       27.2797766752       14.4900331406       23.5701505253
  1       22.4455529998       20.2617739626        7.2810251453
  2       22.0485853685       19.8969705334        7.1722356342
  1       21.6523088766       19.5297594071        7.0691777395
  1       23.0922086678        4.0647399629       26.0412441343
  2       22.8899141066        4.0464926317       25.5301238496
  1       22.6887137268        4.0274934803       25.0185992281
  1       17.8221341381        1.1104536003       25.5668898618
  2       17.8083015388        0.6161262021       25.8076160185
  1       17.8064273093        0.1198218824       26.0446360777
  1        5.9609671762        6.7757077314       15.6688455409
  2        5.5871685256        7.1434619804       15.5029197107
  1        5.2144455548        7.5283123439       15.3785501652
  1       19.3428780330       10.3691932553        0.2996389761
  2       19.1323336078       10.3818344224        0.8075870502
  1       18.9038597078       10.4074498491        1.3072304489
  1       15.5268650559       22.1096017373       12.3497430893
  2       15.6889812752       21.5850485573       12.3171502548
  1       15.8650555579       21.0643127835       12.2989266491
  1       20.2618829690       26.6277545037        9.6078149170
  2       20.7008333544       26.3978065793        9.8464495985
  1       21.1429774541       26.1863240435       10.0960166859
  1       18.6187643286       13.1036767559        7.2033699455
  2       18.6013115647       12.5925800733        7.0009456829
  1       18.5804240315       12.0903355209        6.7777549135
  1        7.5896406186       25.3274504306       20.7376805474
  2        7.1061394063       25.3760309338       20.4800635596
  1        6.6224520521       25.4093109323       20.2203733902
  1        0.5887607308       22.1891925200       25.8835568650
  2        0.2887391941       22.0956744454       25.4321795868
  1       -0.0237603857       22.0234033605       24.9853900369
  1       21.2034719390       21.9691610903        0.2003347766
  2       20.6547161045       21.9325519236        0.2055119399
  1       20.1055711959       21.9019028156        0.2062194780
  1        3.4169540188       16.6262233099       23.4055030226
  2        3.1120063334       16.2075994089       23.2204059165
  1        2.8038857056       15.7945066850       23.0282703414
  1       20.0523193419       17.8459677695       24.1409987981
  2       20.2801594161       18.1467102745       23.7408202801
  1       20.5164977546       18.4393275027       23.3395481199
  1       15.0127211568        2.7754197288       18.1175132765
  2       15.5149850980        2.8915139357       17.9258023782
  1       16.0212210111        3.0013064384       17.7409489077
  1       14.5397881864       19.8940759388       26.5278827604
  2       14.6462712663       19.8467421557       27.0653963572
  1       14.7725709850       19.8002512819       27.5986758137
  1       12.1894253420        5.1733430776       20.6342673236
  2       11.7849344280        5.5323067391       20.5341065017
  1       11.3708426487        5.8847744025       20.4516774805
  1       21.5702240694       15.4672613501       27.5605545790
  2       21.2142611236       15.0661945661       27.4383424028
  1       20.8523254018       14.6620951128       27.3477545222
  1        0.5061389651       25.2188800546       23.3876715355
  2        0.4010008185       25.1981201887       22.8482134759
  1        0.3041168771       25.2015548591       22.3068247949
  1        2.8831414445        1.1874398363        6.1213697905
  2        2.7921389114        1.0286887793        6.6400379319
  1        2.6944851171        0.8850914799        7.1619033849
  1       12.8631165187        9.5219942118       19.1389873418
  2       12.6552902595        9.9710604431       18.8988878501
  1       12.4435983931       10.4281390879       18.6780583568
  1       12.9106024359        2.4501598822        1.0282615235
  2       12.7435904985        2.7052864789        1.4859922658
  1       12.5637204389        2.9594757370        1.9393514851
  1       23.6015611880        9.0613824130       26.5537905960
  2       23.3156415235        8.8635886114       26.9799684433
  1       22.9958952043        8.6785995195       27.3874501315
  1       17.7043189757       19.8354426449       15.9078653484
  2       17.2448297568       19.5905553722       15.7306652315
  1       16.7943718564       19.3248744996       15.5603673958
  1       24.9466883420       13.7465082628       16.0209968163
  2       25.1733896464       13.9714848260       15.5732334138
  1       25.3821558876       14.1955740908       15.1163957436
  1       17.1377639914       15.0853423286       16.0666877279
  2       17.4937773789       15.1713185971       15.6563676709
  1       17.8554490739       15.2430872982       15.2482710676
  1       24.9711612534       14.1436769841        4.9798697280
  2       24.8517669102       13.6068954244        4.9693555480
  1       24.7393550930       13.0686764136        4.9557953546
  1       13.4562262826       23.9035994377       20.1612555924
  2       13.6090435968       24.3650994019       19.9040306878
  1       13.7541216078       24.8230162216       19.6361416140
  1       26.5423940268       23.4391172687        2.0301873901
  2       26.2305249422       23.6250328798        1.6170614292
  1       25.9356757771       23.8159059121        1.1938221891
  1       19.4820175144        7.6246343200       13.1892624379
  2       19.5232032738        8.0781126135       13.4977444805
  1       19.5492824384        8.5223132889       13.8210177954
  1       21.9654546380        1.8671545875       10.0178368451
  2       22.4970638236        1.9591407528        9.9109246421
  1       23.0301408315        2.0381738437        9.8010034288
  1       13.0852337666       10.6658138905       23.6596116330
  2       13.3256471752       10.7828650700       23.1789866084
  1       13.5486964154       10.8781511280       22.6853575952
  1       13.0588086833       21.2337200157        2.8430313677
  2       13.4509388037       21.0138872906        3.1599028584
  1       13.8339608662       20.7858920203        3.4821019512
  1       14.5168976629       17.1364163295       18.5523303336
  2       15.0378227416       17.3081376650       18.5117243563
  1       15.5531269961       17.4954099725       18.4682432450
  1        8.0818350574       15.6701487104        2.6389951565
  2        7.6037559195       15.7915448142        2.8823124883
  1        7.1169189154       15.8919239033        3.1177137815
  1       27.4877844257       27.6873786188       12.9656391280
  2       27.3413081541       27.2366758713       13.2447658649
  1       27.1992897721       26.7786558086       13.5141139675
  1        1.2867691377        0.2555915640        2.7360723900
  2        1.1607246813        0.0930189741        3.2461537051
  1        1.0309932901       -0.0803523986        3.7517346899
  1       18.8150206114       27.7351736012       22.3670410033
  2       19.2900930550       27.4759291349       22.2690691704
  1       19.7590754050       27.2229717507       22.1328042956
  1        0.4744517317       10.1000497205       27.6834700415
  2        0.6325558748        9.9752145966       27.1716895497
  1        0.7606516473        9.8462729186       26.6525888699
  1        0.7863595205        4.4749850020       11.6092733742
  2        0.7402576585        4.0241831757       11.9209660622
  1        0.6759459364        3.5910375613       12.2537556024
  1        0.3937984837       17.5065042267       24.7235153273
  2        0.7124693544       17.6209735904       25.1569269572
  1        1.0466345214       17.7278393542       25.5804990865
  1       19.9028558201       17.3002802676       10.5404230046
  2       20.2239214587       17.4510219523       10.1200733880
  1       20.5466767660       17.6043701073        9.7019665189
  1       16.5977422360        5.5747220859       25.3779723490
  2       17.1415590730        5.6164754015       25.4488236616
  1       17.6820037174        5.6584711369       25.5418609846
  1        6.3304873554       24.5292740723       12.0652856637
  2        6.2091423138       24.8949428814       11.6727787173
  1        6.0673566452       25.2691928854       11.2955072532
  1       20.3715227722       11.9797195407       25.1124892677
  2       20.8299057103       11.7020534071       25.2361282598
  1       21.2915854743       11.4327851747       25.3659219942
  1       25.9497029381       16.3391379697        2.5528572556
  2       26.1391554176       16.7899009740        2.3010230402
  1       26.3256731096       17.2457911474        2.0563287426
  1       25.9714569697       18.1001806225       12.8460233431
  2       25.7869496931       18.4964954169       13.1797772173
  1       25.6223196213       18.9080256080       13.5054148077
  1       26.1270536194       15.6182329582       18.8466295978
  2       26.5562806688       15.4184658408       19.1265532282
  1       26.9938872742       15.2266048280       19.3989312920
  1        5.7336629525       10.4061220111        0.3358145778
  2        5.9295141496       10.9195014423        0.3599779428
  1        6.1451916507       11.4253938966        0.3674638747
  1       13.8574500674        2.4131389893       14.9339518547
  2       13.5718509457        2.2495728409       14.4932940999
  1       13.2921930926        2.1065955656       14.0417977180
  1       24.6593532613        8.2933039484       20.4114278904
  2       24.9124178635        8.2229291318       19.9282036233
  1       25.1706723351        8.1740882527       19.4450688642
  1        6.9742039567        9.2452842845       24.2121964497
  2        6.7709268324        8.7623515307       24.0450008576
  1        6.5601395157        8.2845130087       23.8725507110
  1       12.0391310808        2.0682161146       20.8079026059
  2       12.5036919872        1.7741599957       20.8225369213
  1       12.9617139560        1.4707056938       20.8476638344
  1       17.7627621066        5.1495152728       10.0765595364
  2       17.5223725025        4.7375268347        9.8027377602
  1       17.3044527150        4.3159932354        9.5246723185
  1       18.3884859595        5.7766496660        3.4889730698
  2       18.4533144214        5.2964168952        3.7491148704
  1       18.5170303848        4.8092589986        3.9963343250
  1       16.5503604372        8.1616530121       15.4549251520
  2       16.3538601781        8.5425908632       15.1102891095
  1       16.1509023405        8.9185500625       14.7639326521
  1       18.2652335506       15.4996807519        1.7331026067
  2       18.6217608208       15.4482768541        2.1487297773
  1       18.9722332149       15.3960553263        2.5693745348
  1        8.8322018791        0.0936416429        2.7616787406
  2        9.1048494911        0.4496935639        2.4432602908
  1        9.3957539858        0.7923086239        2.1262595106
  1       22.2091126702       24.2772468150       13.1363506486
  2       21.6643094585       24.3514350951       13.1499726730
  1       21.1211657926       24.4368270956       13.1642262135
  1        3.7434340255       22.5584075763       11.6092930965
  2        3.9470102793       22.0712743463       11.4551570361
  1        4.1464195888       21.5850992983       11.2927693857
  1       17.9629493591       18.2714595434       27.3059754934
  2       18.5020490244       18.3710463565       27.3501797637
  1       19.0371373117       18.4922287105       27.3888496612
  1       27.3016962542       12.7241617518        2.5662552162
  2       27.3411639026       12.9464272944        2.0647172483
  1       27.3936990063       13.1715068285        1.5656388324
  1       11.8884138559       16.6463933385       26.0732429305
  2       12.0914246531       17.1574977056       26.0809203100
  1       12.2982707470       17.6667568636       26.1001505572
  1       26.0552935254        4.7402948060        9.1318355836
  2       26.4218016889        4.7458339184        8.7217854838
  1       26.8032275919        4.7517296500        8.3255790732
  1       23.5982144079       22.8958613921        9.2623000501
  2       23.5520442853       23.4434989189        9.2837816474
  1       23.5120709507       23.9908672866        9.3196982385
  1       21.7542672694        0.6976302930        0.0368690070
  2       22.2510768637        0.8444006111        0.2216356185
  1       22.7427561147        1.0156122174        0.3989435398
  1       20.4065462253       13.5285365135       16.4991056404
  2       20.8715097180       13.7774131372       16.6552125801
  1       21.3291821083       14.0356848368       16.8174830681
  1       20.9677202866       16.3455674165       13.8576398424
  2       20.9542707597       15.8814078659       13.5628941522
  1       20.9281429636       15.4300398111       13.2497101546
  1        8.6843522654       14.8730579576       10.1460939571
  2        8.1740770049       14.9241872502        9.9473354253
  1        7.6600070092       14.9724443095        9.7578537779
  1        9.9141975371        9.4162671693        3.1986207629
  2        9.5616369903        9.2862531136        2.7970022795
  1        9.1967973736        9.1734780572        2.4011818156
  1        7.8536620701        8.1369468937        5.4375747326
  2        7.6296702722        7.7768928095        5.7878442444
  1        7.4174869481        7.4207271053        6.1492639825
  1        5.6530637129       26.7047174945        4.9317127558
  2        5.6428670842       27.1171886381        4.5680321481
  1        5.6381610393       27.5324325879        4.2074072539
  1       23.5722389094        9.0677282892       23.4172898843
  2       23.6755184725        9.6078714578       23.4084191868
  1       23.7693393262       10.1497809927       23.4027886957
  1       22.1126382382       19.9872827468       19.2714086397
  2       22.0594880172       19.9829902737       19.8188176537
  1       21.9948155271       19.9898826593       20.3649586273


Molecules in box 2
##############################################################################                                           
Moleculetype  1
Number-of-molecules: 0     
Atomtype         X                  Y                   Z


Number-of-fractionals:  1        
##############################################################################                                           
Fractional-type:      2
Box:                  1
Lambda:               0.599883
Reaction-Step         1 (only used if Type = 3 (RxMC))

Moleculetype  1
Atomtype         X                  Y                   Z
  1       16.0024166307       26.6180429098        0.9508384916
  2       15.5872352714       26.8689277204        0.6916450297
  1       15.1851750710       27.1434244278        0.4357170088

------------------------------------------------------------------------------                                           

