Compiled using GNU Fortran (Ubuntu 9.4.0-1ubuntu1~20.04.2) 9.4.0 with all optimizations
Last Brick update unknown
Compiled at 16:28:53 on Sep  3 2023
Starting at 16:14:21 on Jan 01 2025

Settings
OK                      

Forcefield
OK                      

Topology
OK                      

Configuration
OK                      Starting from random configuration.

 F
Monte Carlo Simulation initialized.

#########################################################################################################################
###########################################   ENERGY STARTING CONFIGURATION   ###########################################
#########################################################################################################################
                                               Box 1               Box 2
-------------------------------------------------------------------------------------------------------------------------
Lennard Jones        
 Intermolecular                          0.1231531395E+008   0.8280287837E+006
 Tailcorrection                         -0.3853923754E+004  -0.5786579903E+002
Total Intermolecular                     0.1231146003E+008   0.8279709179E+006

Electrostatic        
 Real                                    0.4160552224E+004   0.2453127131E+003
 Exclusion                               0.1043425830E+008   0.2037985693E+007
 Selfterm                               -0.1044989240E+008  -0.2038978394E+007
 Fourier                                 0.1535523797E+005   0.9151561579E+003
Total Intermolecular                     0.3881687257E+004   0.1677672591E+003

Intramolecular       
 Lennard Jones                           0.0000000000E+000   0.0000000000E+000
 Electrostatic                           0.0000000000E+000   0.0000000000E+000
 Bending                                 0.9343375086E+007   0.3104111324E+007
 Torsion                                 0.0000000000E+000   0.0000000000E+000

Total                                    0.2165871680E+008   0.3932250009E+007

#########################################################################################################################

Simulation is running...



#########################################################################################################################
###############################################   RELATIVE ENERGY DRIFTS   ##############################################
#########################################################################################################################
                                               Box 1               Box 2                                                 
-------------------------------------------------------------------------------------------------------------------------

Lennard Jones        
 Intermolecular                          0.7295014812E-014   0.0000000000E+000
 Tailcorrection                          0.0000000000E+000   0.0000000000E+000

Electrostatic        
 Real                                    0.8087972504E-014   0.0000000000E+000
 Exclusion                               0.1337506782E-015   0.1784253383E-015
 Selfterm                                0.0000000000E+000   0.0000000000E+000
 Fourier                                 0.4184380498E-015   0.0000000000E+000

Intramolecular       
 Lennard Jones                           0.0000000000E+000   0.0000000000E+000
 Electrostatic                           0.0000000000E+000   0.0000000000E+000
 Bending                                 0.1017064850E-014   0.0000000000E+000
 Torsion                                 0.0000000000E+000   0.0000000000E+000

Total                                    0.2931325946E-014   0.2948588919E-012

#########################################################################################################################
############################################   TRIAL MOVE ACCEPTANCE RATES   ############################################
#########################################################################################################################
                                               Box 1               Box 2
-------------------------------------------------------------------------------------------------------------------------
Translation
 N2                                           0.49888             0.97621
-------------------------------------------------------------------------------------------------------------------------
Rotation
 N2                                           0.48698             0.99768
-------------------------------------------------------------------------------------------------------------------------
Bond Bending
 N2                      
  Bending 1                                   0.32223             0.32534
-------------------------------------------------------------------------------------------------------------------------
Lambda Move
 N2                                           0.74447             0.98647
-------------------------------------------------------------------------------------------------------------------------
GE Swap Fractional
 N2                                           0.31991             0.29540
-------------------------------------------------------------------------------------------------------------------------
GE Identity Change
 N2                                           0.68308             0.84698
-------------------------------------------------------------------------------------------------------------------------
Volume                                        0.49515             0.49515

#########################################################################################################################
######################################################   AVERAGES   #####################################################
#########################################################################################################################
                                                       Boltzmann                                    Biased
                                               Box 1               Box 2                  Box 1               Box 2      
-------------------------------------------------------------------------------------------------------------------------
Density
 N2                                      0.8562788416E+003   0.8360458929E+000      0.8572815154E+003   0.8248170013E+000
 Total                                   0.8562788416E+003   0.8360458929E+000      0.8572815154E+003   0.8248170013E+000

Number of molecules
 N2                                      0.3976556073E+003   0.2344392700E+001      0.3976866430E+003   0.2313357000E+001
 Total                                   0.3976556073E+003   0.2344392700E+001      0.3976866430E+003   0.2313357000E+001

Mole fractions
 N2                                           1.00000             1.00000                 1.00000             1.00000

Volume                                   0.2160447625E+005   0.1303955237E+006      0.2158092393E+005   0.1304190761E+006

#########################################################################################################################
#######################################   PROPERTIES FROM THE CFC GIBBS ENSEMBLE   ######################################
#########################################################################################################################
                                                       Boltzmann                                    Biased
                                               Box 1               Box 2                  Box 1               Box 2      
Chemical Potentials (as an indication)
=========================================================================================================================

Total N2                                -0.8751891219E+003  -0.8754472737E+003     -0.8750954994E+003  -0.8765290306E+003
 Ideal gas                              -0.3195987557E+003  -0.8741321832E+003     -0.3195051332E+003  -0.8752139402E+003
 Excess                                 -0.5555903662E+003  -0.1315090432E+001     -0.5555903662E+003  -0.1315090432E+001

-------------------------------------------------------------------------------------------------------------------------

#########################################################################################################################
##################################################   AVERAGE ENERGIES   #################################################
#########################################################################################################################
                                                       Boltzmann                                    Biased
                                               Box 1               Box 2                  Box 1               Box 2      
-------------------------------------------------------------------------------------------------------------------------
Lennard Jones        
 Intermolecular                         -0.3118385607E+006  -0.3418980678E+001     -0.3113355387E+006  -0.4247726046E+001
 Tailcorrection                         -0.8448626301E+004  -0.4288174451E-001     -0.8435934132E+004  -0.5209144970E-001
Total Intermolecular                    -0.3202871870E+006  -0.3461862423E+001     -0.3197714729E+006  -0.4299817496E+001

Electrostatic        
 Real                                   -0.8259934019E+004  -0.8166071915E-001     -0.8258268146E+004  -0.9178893710E-001
 Exclusion                               0.1386128113E+008   0.4784724210E+005      0.1385386554E+008   0.4878035081E+005
 Selfterm                               -0.1386377756E+008  -0.4784828452E+005     -0.1385636011E+008  -0.4878144866E+005
 Fourier                                 0.1115354371E+004   0.1069019703E+001      0.1114887334E+004   0.1089747123E+001
Total Intermolecular                    -0.9641014199E+004  -0.5506388889E-001     -0.9637957708E+004  -0.9989757411E-001

Intramolecular       
 Lennard Jones                           0.0000000000E+000   0.0000000000E+000      0.0000000000E+000   0.0000000000E+000
 Electrostatic                           0.0000000000E+000   0.0000000000E+000      0.0000000000E+000   0.0000000000E+000
 Bending                                 0.3199162145E+005   0.1885556309E+003      0.3195925018E+005   0.2207336572E+003
 Torsion                                 0.0000000000E+000   0.0000000000E+000      0.0000000000E+000   0.0000000000E+000

Total                                   -0.2979365797E+006   0.1850387045E+003     -0.2974501804E+006   0.2163339422E+003

#########################################################################################################################

No errors found in bookkeeping.

Total simulation time :  2 days and  12 hours

Simulation finished.

