Simulation state at cycle:    1020000
##############################################################################                                           

Number-of-molecules: 401   

Box-size(s):    27.382895   50.847897

------------------------------------------------------------------------------                                           

Deltas
Translation per molecule type
Box 1    0.8151109422E+000
Box 2    0.2538398495E+002

Rotation per molecule type
Box 1    0.1800000000E+003
Box 2    0.1800000000E+003

Volume    Delta_Volume
Box 1   0.5525320562E+003
Box 2   0.2558018779E+004

------------------------------------------------------------------------------                                           

Molecules in box 1
##############################################################################                                           
Moleculetype  1
Number-of-molecules: 317   
Atomtype         X                  Y                   Z
  1        0.7780228903       22.5569764669       19.8457973781
  2        0.6025949527       22.3996218855       20.3427526823
  1        0.3979194820       22.2676782625       20.8359046173
  1       22.8977612024       17.0945691339        3.0253128501
  2       22.4159977446       16.8468800387        2.9301599053
  1       21.9330568990       16.5988751369        2.8420593533
  1        8.7713475388        2.6105502523        1.2194903486
  2        8.7233326620        3.0235313970        0.8594332063
  1        8.6499443893        3.4325521582        0.4991330850
  1       11.8934712113       10.1612292053       13.1001285594
  2       11.8866236153       10.5685653163       12.7306283522
  1       11.8488363773       10.9666378802       12.3529904866
  1       25.8314846637        7.1959762866        1.3417413487
  2       25.4720983248        7.4552713319        1.6674828702
  1       25.1092352575        7.7105963699        1.9925052054
  1        9.4774298760        5.7356520500        2.9602246351
  2        9.7684292709        5.3366177275        3.2022803345
  1       10.0842015505        4.9645956851        3.4560271894
  1        7.4333099715       14.1459447870       19.2042660453
  2        7.8219930160       14.0598161723       19.5837490523
  1        8.2219659371       13.9473100459       19.9441155780
  1       11.4598807500       18.4715983103        0.6460741784
  2       11.0775409653       18.7509552368        0.9258526562
  1       10.7117854276       19.0403067104        1.2173978677
  1       11.4193368343        2.6269474534        6.7251470199
  2       11.7688216040        2.8999971191        6.3998713279
  1       12.0943777398        3.1825208576        6.0582669681
  1       22.9428524067        4.2033597916       21.5943568611
  2       23.0914624074        4.0046368078       22.0851972052
  1       23.2406823817        3.8030817995       22.5746959048
  1        3.9742508677       12.6875619318       18.2836129169
  2        4.1682305727       12.5636053828       17.7841065125
  1        4.3581684240       12.4420672445       17.2824571403
  1       12.8329383318       22.6714960210        2.1063393655
  2       12.9527381488       22.8220670728        2.6215833487
  1       13.0486546820       22.9980539350        3.1337636314
  1        3.1143289861       17.1957182713       26.8017160583
  2        3.1822561579       16.9881354287       27.3064885445
  1        3.2353360699       16.7474074730       27.7981516133
  1        3.3351735589       14.4121635667       11.6185388219
  2        3.5085935335       14.8203516594       11.2932574155
  1        3.6623188831       15.2292834057       10.9591266885
  1        4.7496152566        4.7536634078        4.5541102066
  2        4.3322894540        5.0945774668        4.4440339652
  1        3.9103823081        5.4332576888        4.3450892010
  1       19.1525479081       13.6328089729       11.6742236862
  2       19.1366104988       13.2268124215       11.3035313619
  1       19.1142983367       12.8003914346       10.9568797958
  1       16.4923184855       21.4722467139       20.8233515145
  2       16.1110296010       21.6377195042       20.4631605343
  1       15.7230917554       21.7907771085       20.1045833506
  1       20.2625283000        9.1477176984       23.8318943343
  2       20.4460215066        9.6629925747       23.7742571495
  1       20.6028029975       10.1833152974       23.6894996882
  1       24.5022835093        9.7670361682        4.8321376881
  2       24.0102449718        9.5786414575        4.6743228896
  1       23.5231778069        9.3842624748        4.5085447639
  1        1.3425214801       10.5093298768       21.0556512050
  2        1.8882388331       10.4760087780       20.9957990960
  1        2.4327181422       10.4685868310       20.9184221245
  1        4.5354871382       15.6908466171       16.3567598940
  2        4.7499553423       15.7767268313       15.8576326775
  1        4.9470813843       15.8804084982       15.3547495554
  1        9.7326567114        4.9772694450       14.6927213707
  2        9.5054519679        5.4160724394       14.4512054567
  1        9.2898899574        5.8519925843       14.1942878710
  1       23.0685262693       25.6766195571       15.9366877653
  2       23.1818426084       25.6738300139       16.4748806915
  1       23.3065691316       25.6828524736       17.0104755837
  1       23.1611899462       19.4993022668       14.2752458731
  2       22.9886652482       19.9603857992       14.0300169907
  1       22.8113995197       20.4062578680       13.7611769664
  1        1.3732470423        7.7138502655        5.6920087467
  2        1.5281514146        8.2114771237        5.5163040357
  1        1.6580475735        8.7056663525        5.3128243242
  1       16.1892844503        1.7347149232        7.9837311541
  2       16.4749102838        2.1663521657        8.1697611896
  1       16.7671488140        2.5979536472        8.3453083387
  1        8.9479084424       15.1888439359       23.5577123451
  2        9.2658193154       14.7486393223       23.6451913429
  1        9.5892481042       14.3179388250       23.7565057586
  1       19.4801941786        4.2820752790       12.7928833152
  2       20.0005169365        4.3236234986       12.6195686500
  1       20.5235279984        4.3928648349       12.4641174827
  1        2.9543648228       19.2842074637       17.6436564654
  2        2.5789441533       19.5022363906       17.3059839793
  1        2.1945878889       19.7066196293       16.9698325957
  1       20.1427528768        1.3775259088       23.9837922282
  2       20.6376908257        1.2882114680       24.2064115388
  1       21.1269197308        1.1822178158       24.4342720731
  1       22.3032893734       13.0000961216        4.1352080441
  2       21.8947882870       13.1269631747        3.7894746016
  1       21.4700815995       13.2302110148        3.4556121867
  1        1.6477965390        8.6429150304       23.9736624127
  2        1.6296935917        8.1208137924       23.8016665389
  1        1.6190113558        7.6010638635       23.6220951042
  1       22.7291358356        4.3073684123        0.4632967751
  2       22.8054534370        3.8191404049        0.2218241338
  1       22.9008481072        3.3401642348       -0.0311218770
  1        0.0014884358       17.8686042172       24.2129141444
  2        0.1023984809       17.6425770804       24.7040647285
  1        0.2291027318       17.4350993301       25.1974195854
  1        7.7350462392        9.0157756280       10.3861102297
  2        8.1068757365        8.7722300165       10.7100367029
  1        8.4756501235        8.5158281311       11.0274694102
  1       13.1901469737        7.5274374083        2.8038047275
  2       12.9224612485        8.0001795722        2.8895905011
  1       12.6612721547        8.4774833196        2.9699732664
  1       20.3862348305       26.6928022275        4.0314538838
  2       20.1860928923       26.8423448075        3.5414740666
  1       19.9660260481       27.0235688836        3.0711248162
  1       22.7386993804        8.2138548225       11.6730555983
  2       23.0357964064        8.6756897849       11.6423664365
  1       23.3308098529        9.1393239058       11.6197729125
  1       11.4270913704       15.3716132638       17.1314212507
  2       11.3156979405       15.3342084796       16.5941202309
  1       11.2035035650       15.2976508359       16.0569275655
  1       14.7827941165       14.1883594937       10.4890029312
  2       14.8384970674       14.5592491105       10.0867119005
  1       14.8614422942       14.9273868513        9.6787313625
  1        5.3190750963       14.8102594823        3.8771380703
  2        4.9801756089       14.8251666379        3.4442120788
  1        4.6468214905       14.8541607909        3.0077096506
  1        0.5372818073        4.0360830974       11.3122369032
  2        1.0573301915        4.0690258813       11.4882040905
  1        1.5773482606        4.0917773862       11.6658654984
  1       27.7339740289        5.3769319051       21.5916328713
  2       27.3171745316        5.3088577403       21.9439737391
  1       26.8947190565        5.2583869073       22.2925193825
  1       19.4133041284       19.4845148578       25.9632756160
  2       19.9339790947       19.3417156053       25.8583663559
  1       20.4431020853       19.1819870978       25.7250225023
  1       16.6283661601        8.9503001279        1.0048381049
  2       16.5307142396        9.0483256096        1.5371492051
  1       16.4245742574        9.1572668553        2.0657001564
  1       25.4043217727       22.1329037327       13.0826409019
  2       25.5931801099       22.1062906681       12.5667685599
  1       25.7800067848       22.0781511006       12.0502378664
  1        4.3222697127       10.2488536392       25.3460877688
  2        4.4919498585       10.3493580099       25.8595149979
  1        4.6659330746       10.4530930749       26.3708552719
  1        1.3946465469        6.5385945394       15.1562895326
  2        1.2097407538        6.1991985194       14.7649837836
  1        1.0403471585        5.8478962417       14.3771790407
  1       25.8308066503       26.7154117922       18.8702055334
  2       26.0523973541       26.2259641988       18.9878431691
  1       26.3008673516       25.7560065041       19.1289191221
  1       10.1416183592        7.2223787373       23.9660472466
  2       10.6905293731        7.1981224278       23.9413828940
  1       11.2401760156        7.1784305228       23.9404905473
  1       13.7260294445        0.6580763574       10.7551246060
  2       13.9965293862        0.3214916974       10.4144773571
  1       14.2728020238       -0.0258306035       10.0896071552
  1       18.0096434712       13.7048448839       15.9411712746
  2       17.5055833962       13.8388208958       15.7666036111
  1       17.0072618014       13.9864265946       15.5866365452
  1       24.7381742983        0.1086297009       10.6771572843
  2       24.2866995333        0.1196899885       10.3632333977
  1       23.8476791674        0.1089516735       10.0321053169
  1        5.7005317040       18.5821338377       11.9380648638
  2        5.3261870390       18.3005869964       12.2263311434
  1        4.9808304347       18.0089702758       12.5396815913
  1       22.5986213303       18.1180198839       17.8485673586
  2       23.0094212879       18.0249559440       18.2022373996
  1       23.4105555861       17.9337872991       18.5673121208
  1        2.9067291096       23.5353218733       23.7510302683
  2        2.7992244428       23.9066696039       23.3598223829
  1        2.6824554840       24.2772628787       22.9705594462
  1       20.0431472219        1.2299075473       11.5009927316
  2       20.3150984367        1.3320352010       11.0339675940
  1       20.5569280090        1.4104351281       10.5462464562
  1       11.3236493795       12.5646445145        3.7865712132
  2       11.0595011154       12.2715230503        4.1697232742
  1       10.7975522075       11.9906554394        4.5634187832
  1       21.6924325014        6.6232087311        2.5088746838
  2       21.8215505220        6.6426802360        3.0431493297
  1       21.9549572239        6.6496578568        3.5766790511
  1        3.5769202181        3.0604636741       18.6350852496
  2        3.0414913242        2.9591014016       18.7095271011
  1        2.5053137888        2.8495946612       18.7644991245
  1       17.3649657966       18.7883614995       23.4519109494
  2       17.4427253280       18.2440035011       23.4632169138
  1       17.5036605844       17.6975369513       23.4505203188
  1       16.6402721833        2.4042097112        3.9376725060
  2       16.2126384498        2.2340024485        3.6365763790
  1       15.7865795096        2.0980863567        3.3164192387
  1       15.8721851484       17.5177625800        2.0870747737
  2       15.5558395175       17.2159237102        2.4207194027
  1       15.2253810184       16.9139931745        2.7403052768
  1        8.8001722867        1.2196691470       20.2183814463
  2        8.5187071744        0.8439791608       20.5049724874
  1        8.2257066695        0.4735114397       20.7867602990
  1        3.8995406305        4.4376237162       15.7136286704
  2        4.1736316578        3.9614951417       15.6876346463
  1        4.4269983223        3.4735373875       15.6734022025
  1       23.6956317859       23.5851026760       21.5725288255
  2       24.0998071793       23.9411791298       21.6836675246
  1       24.5084239010       24.2914046398       21.7971332280
  1        7.1988348704       24.7085396256        4.8438054638
  2        6.7936899389       24.9605634824        5.1173773193
  1        6.3824718373       25.2065342013        5.3873737587
  1       22.3654449637       20.3297473271        2.4999969236
  2       22.8180229786       20.5517827720        2.7199364644
  1       23.2651689433       20.7789333385        2.9456865594
  1        5.4662967712       20.1905087588       16.0408630002
  2        5.6879097585       20.5580103777       16.3848546338
  1        5.8984328355       20.9207640970       16.7406491984
  1        2.5495364055        9.3177190310       17.1204572081
  2        2.8466844907        8.9842538794       17.4413995832
  1        3.1736426346        8.6505228458       17.7316097972
  1       18.5004314983       17.0617332332        5.4329071571
  2       18.9143492151       16.7101876937        5.5200154650
  1       19.3330791484       16.3702645592        5.6277999938
  1       19.1657090457       18.7402778317        2.7049192051
  2       19.2429499559       19.0303460093        2.2440566507
  1       19.3169937490       19.3188099300        1.7816649529
  1        7.4837009731       20.7552148077        8.4247688166
  2        7.2088442817       20.3231747394        8.2240322268
  1        6.9656193580       19.8718865856        8.0248322326
  1       17.2083380248       11.2409311905       24.7035759222
  2       17.3808438880       11.7057253211       24.4654412054
  1       17.5654983744       12.1558460092       24.2089376269
  1       12.8882085809       10.2376800701       24.2526438077
  2       13.3564691737        9.9501067626       24.2757438073
  1       13.8262354267        9.6651488635       24.3006167311
  1       -0.1183393156       23.9970928637       16.5814819130
  2        0.4254257182       24.0761172318       16.6054555905
  1        0.9652389441       24.1612175328       16.6675814214
  1       20.5026085533        2.2610737564       15.8941936524
  2       20.6458252055        2.7909395784       15.9292821289
  1       20.8299878851        3.3085402971       15.9552359814
  1       11.0000997029       22.1336775786       26.7603782906
  2       10.8206405940       21.8956429692       26.2981727595
  1       10.6429783379       21.6464099113       25.8412055784
  1        6.6354500051        3.7214840768       18.6564098625
  2        6.6506679222        3.9631314175       18.1625728674
  1        6.6568403081        4.2052949428       17.6687928277
  1       25.0716459089        7.2572308354        7.3284929411
  2       25.4840179928        6.9534033586        7.5288379653
  1       25.8896234718        6.6408033447        7.7295004325
  1       17.2333807226        9.5362537380        9.2519106249
  2       16.8211776827        9.9003088057        9.2446606917
  1       16.4268318212       10.2837004434        9.2461414777
  1       13.4292550856       27.4600536343        5.8401257361
  2       13.6015054005       26.9749328415        6.0337430014
  1       13.7622555027       26.4886540677        6.2342233190
  1       25.3038801427       18.5427717442       21.2599402795
  2       25.5642757923       19.0229935062       21.3238242757
  1       25.8237373633       19.5037592664       21.3874165400
  1       21.0422517929        5.9340083279       18.3758043691
  2       21.4688276483        5.9678863003       18.7213261811
  1       21.9048445187        5.9988918907       19.0551344211
  1       17.6035978602        7.7421339188       20.7552633760
  2       18.0846276770        7.9959582108       20.8370163218
  1       18.5554953088        8.2641545559       20.9311141044
  1        9.7908089756        2.7489412689       11.6663862484
  2       10.0872983708        3.2057911310       11.5896904720
  1       10.3868084483        3.6640130043       11.5365263188
  1       16.1170280626       20.1543393134        4.3076370827
  2       15.9015295533       19.7796944358        4.6477864736
  1       15.6921119415       19.4034351949        4.9899461534
  1       21.8373983721       19.5102962171        6.0094231141
  2       21.4973488076       19.8339912481        6.2959328358
  1       21.1541277129       20.1321650171        6.6054351501
  1        3.3978207059        8.0837834034       10.2539658822
  2        3.2181494863        7.9797776149        9.7446515894
  1        3.0233023671        7.8974360791        9.2369563358
  1       17.1514285751       26.4230836020       23.5804553822
  2       17.5843019456       26.3886710520       23.2429106865
  1       18.0165968163       26.3368539498       22.9068509722
  1       23.0805009812       14.9732171528        8.2950139038
  2       22.9095603630       14.4751358925        8.1362865804
  1       22.7478214624       13.9661798708        8.0047407901
  1       18.3044929878       19.1879161809        8.6763158893
  2       18.2553872853       19.4801814738        8.2129913502
  1       18.2166274708       19.7736034239        7.7494169387
  1        0.7894412901       23.7617374234        9.1991283862
  2        1.1418913111       23.6885697098        9.6149714677
  1        1.5181208565       23.6801310138       10.0160701046
  1       10.6094579747        7.5115819309        6.9972067209
  2       10.6339187820        8.0484430894        6.8802376425
  1       10.6712069204        8.5881713041        6.7812272993
  1       11.1965448446       11.7783536642       17.6913893242
  2       11.4549844380       11.7618785371       17.2061702533
  1       11.6937281511       11.7920636087       16.7116095393
  1        6.1577094514        6.5580585559        8.6848875333
  2        6.0701983283        6.6724771555        8.1540860756
  1        5.9918000131        6.7933974991        7.6233017751
  1        1.6454915077        9.4600262761       12.9224504317
  2        2.1740524170        9.6051512981       12.8770401559
  1        2.7050536707        9.7292049510       12.8052880919
  1       18.1221609660       22.5147023096       17.9377315150
  2       18.4090180137       22.3243479550       17.5088046519
  1       18.6878746512       22.1489047018       17.0683972954
  1       23.7331097583        4.1632005352        5.7851939860
  2       23.4181719427        3.9109350065        6.1589268791
  1       23.1127856086        3.6765032077        6.5517129756
  1       25.8381371480       11.8072483371       14.8333303367
  2       26.1391398115       12.2645160108       14.8862800406
  1       26.4575529307       12.7115611078       14.9218295241
  1       11.8042453119       26.2645481341       25.7613072388
  2       12.0375462977       26.7124490227       25.5434645340
  1       12.2834244434       27.1586099903       25.3361379138
  1       26.7747134796        4.3664593580       18.6146094420
  2       26.7336745882        4.8901221338       18.4515355120
  1       26.6983305944        5.4165737972       18.2962955455
  1       27.3946582626       20.8883935920        2.5111838103
  2       27.1058975064       20.6898667492        2.0872683489
  1       26.8029144268       20.5105986456        1.6646997752
  1        5.8531116660       26.8976441174        1.8603363528
  2        5.5846884538       27.3664112918        1.7568650264
  1        5.3252058863       27.8417288117        1.6607294376
  1       14.4961866377       20.7799004805        8.2930912522
  2       14.4668141367       21.0393296458        8.7771715807
  1       14.4355385419       21.2944565235        9.2634144340
  1       21.1517041823       10.7772994219        8.8825744630
  2       21.5497609538       10.6596393286        8.5217325182
  1       21.9376439415       10.5262597328        8.1553219967
  1       13.5383435218       17.7984975870       10.4546040247
  2       13.7147995183       17.8937762071       10.9667419611
  1       13.8656639263       17.9969706025       11.4854816319
  1       11.6101507558       19.2134750237        6.4027019559
  2       11.2586070203       18.9701266253        6.7486767513
  1       10.8992197143       18.7277436382        7.0871900461
  1       13.0311834825       27.1596876719       15.5483250258
  2       13.2345683883       26.8554992324       15.1377108841
  1       13.4297058435       26.5485394458       14.7251614180
  1        8.7313646458        7.4523400529       27.2206922186
  2        8.2585097344        7.6889064367       27.0692175384
  1        7.8101523452        7.9705938751       26.9204632524
  1       16.0732585436        8.7751062885        6.1492215456
  2       16.4480271508        8.5980528949        5.7876961843
  1       16.8184227894        8.4314484524        5.4168188061
  1       26.8762747127       26.0180959351       24.7790864976
  2       26.5068747026       25.6406069635       24.6256403873
  1       26.1433185750       25.2622024992       24.4609072623
  1        4.3098752577       21.8313991892       12.0915190460
  2        4.4766290108       22.3477334535       12.1814752206
  1        4.6459700634       22.8664645648       12.2503347956
  1        8.7076484756       16.8174534631       11.1443949684
  2        8.4831110961       16.3544146880       10.9502866019
  1        8.2609374360       15.9037857439       10.7265179301
  1       22.8796103153       14.7617216238       20.1906244562
  2       23.2131340007       14.3603593318       20.0169285672
  1       23.5422133161       13.9511088357       19.8534634804
  1        4.5873100746       18.0936869201        6.5869741860
  2        4.3345794870       17.6612110005        6.8141125339
  1        4.1076684432       17.2298219137        7.0688964285
  1        7.0806018615       24.6854530802       26.7661147833
  2        6.8491368905       24.7605299520       26.2728730267
  1        6.6146965919       24.8328701482       25.7806285332
  1        1.8137942066       14.5799516428       24.2583713484
  2        1.8764462769       14.0943390510       24.5088810862
  1        1.9352384479       13.6180630342       24.7775902885
  1       17.9324947323       25.8126199506        7.7741209605
  2       17.4678454946       25.5218093453        7.8191795637
  1       17.0138369253       25.2151279364        7.8673742876
  1       18.3661767062        8.4184939300       12.8468320317
  2       18.7270748112        8.0888615376       13.0990126093
  1       19.0795005737        7.7472311455       13.3471753705
  1       15.2305042329       24.8064766518       25.6617702301
  2       15.3149719082       24.2798332530       25.7959788078
  1       15.4240528333       23.7579839749       25.9311626888
  1        8.0688076354       16.4696674776       15.0158227727
  2        7.7925895009       16.7697258206       14.6468125656
  1        7.4858830362       17.0484745574       14.2852461329
  1       11.1199120388       16.1568227674        4.5473737991
  2       10.8135805287       16.0532393399        4.1024788908
  1       10.4992825295       15.9767587186        3.6576559133
  1       14.7595295478       23.8547495610       15.4552451869
  2       14.6900521624       23.6805406882       15.9722791912
  1       14.6320519055       23.5204419066       16.4952556240
  1       19.7932915642       25.4114738365       15.7937210819
  2       19.6932432970       25.8269473947       15.4474956255
  1       19.5845860984       26.2339268304       15.0938554820
  1        0.5760205514       23.9978970153        4.6260777466
  2        0.1909196425       24.0813371035        5.0097899325
  1       -0.1833508622       24.1598970952        5.4050745338
  1       10.1091071691       22.3123949560        6.0606886935
  2       10.5450247873       22.6114447417        6.2124946741
  1       10.9748711950       22.9315103905        6.3361475966
  1       23.6589969353        1.4473243531       13.7047585347
  2       23.1431029403        1.5396015052       13.5379103610
  1       22.6293664987        1.6368078122       13.3672475312
  1        7.3453020116       18.3799927292        4.4589375253
  2        7.6980551693       18.7361494855        4.6852505266
  1        8.0428325513       19.0911230618        4.9252970137
  1        8.2290511799        4.7423691294       21.3255203574
  2        8.5108139569        5.2101005715       21.3913765302
  1        8.7808845562        5.6884181582       21.4192002012
  1       17.4994510939        6.2385596026        2.9518096501
  2       17.0407173935        5.9447972841        2.8758682757
  1       16.5599555844        5.6809923318        2.8337371827
  1       16.0664891629        3.1487974961       14.9176667619
  2       16.4463894856        2.7512135216       14.9075312781
  1       16.8164546965        2.3443367888       14.9057811544
  1        8.2133493989       21.5936003465       19.2696249145
  2        8.4827500667       21.8369490619       18.8564606821
  1        8.7761160715       22.0560543741       18.4460593561
  1       21.3992823470       11.1702088205       13.8590044300
  2       20.8849480202       11.2858337109       14.0158198791
  1       20.3784175252       11.4269217253       14.1771302283
  1       23.3590130532       10.2163911361       17.9074926555
  2       23.5114844332       10.6421293590       17.5944440270
  1       23.6523141908       11.0638702010       17.2707132121
  1       17.3819407819       16.5989724192       11.3297955988
  2       17.5849965743       16.7139543350       11.8278392758
  1       17.7936109356       16.7926402351       12.3306201191
  1       23.7431691060       27.3700833865       22.0018012288
  2       23.6382307216       27.3139413030       22.5387705034
  1       23.5481523147       27.2887055281       23.0807566981
  1        1.3458292642       15.2478311180        8.5481825935
  2        1.0751578991       15.7228291446        8.6082982062
  1        0.7817664861       16.1846411774        8.6644330802
  1        5.4121962720       12.2080525605       21.3377139062
  2        5.0876308025       12.5806780062       21.5791834349
  1        4.7515935830       12.9557481777       21.8003199370
  1       17.1575280395        6.1636220936        8.5700859906
  2       17.0157735423        5.9366855621        8.0895597445
  1       16.8538707549        5.6939103956        7.6233540979
  1       14.7122598645       12.8331707479        0.6179153541
  2       15.0337098491       12.6245074207        0.2234162752
  1       15.3579994609       12.4343912513       -0.1780710705
  1        9.7602795559        3.8384008834       24.1586988786
  2       10.0102820719        3.8764717961       24.6471140172
  1       10.2485222554        3.9135949591       25.1414453683
  1       26.2929191963       20.5097029125       16.2536914801
  2       26.3516219368       20.1626404035       15.8310786512
  1       26.3906992853       19.8247043276       15.3989071940
  1       14.6532191203        6.0053217570        5.4101532213
  2       14.3213141065        5.9909976519        5.8484840118
  1       13.9703865573        5.9801390993        6.2718419525
  1        1.5812744231       17.2206977704       13.9598507596
  2        1.8486988956       16.7671055072       14.1187161435
  1        2.1048552114       16.3178379103       14.3059127441
  1       21.9817675133       21.9725610423       16.9781745993
  2       22.3421094822       21.8398370606       17.3719232630
  1       22.6881222553       21.7158614478       17.7810750774
  1       13.1618409653       15.4269725863       13.4971488616
  2       13.3350263741       14.9103642437       13.5721330904
  1       13.5319874623       14.3992705146       13.6220282686
  1       10.2216271545        7.1233498221       18.7459399283
  2       10.1490603316        6.9552623239       18.2273064844
  1       10.0814719888        6.7797939790       17.7104480174
  1        2.9315958576       11.2115750686        8.1380024926
  2        2.5056260794       11.2296206093        7.7905487453
  1        2.0836136247       11.2399473738        7.4379883320
  1       11.6242990164       11.2799073016       21.3398739869
  2       11.5103297305       11.8173720797       21.3652238226
  1       11.4029301257       12.3546218749       21.4134729822
  1       10.9621449512       14.5478651307       27.7349593429
  2       11.2095677853       14.8616644662       27.3570547012
  1       11.4622044685       15.1669010825       26.9756031141
  1       20.9289974568        3.1993026883        3.8123204307
  2       20.6978119629        3.2651645024        3.3176331669
  1       20.4578674313        3.3171500517        2.8254704668
  1        0.8747628125        0.9621516098       14.8029478858
  2        0.5661781952        1.0785796772       14.3628114988
  1        0.2505548512        1.1756713393       13.9229761741
  1       24.3478741725       22.6308958987       -0.2907201394
  2       24.3968762705       22.7007508922        0.2526205219
  1       24.4484188945       22.7741695549        0.7952558109
  1        3.2808102051        4.3980876878        9.0597950646
  2        3.0203465186        3.9264737434        8.9491652519
  1        2.7657221478        3.4551407266        8.8246196133
  1       24.8139711042        7.8308441970       15.4930805751
  2       24.4756143151        8.1332333100       15.1823145737
  1       24.1433415290        8.4399977334       14.8692804173
  1       25.3872770837       15.9513096451       16.9286322791
  2       25.7220796021       15.5485528764       17.0965437406
  1       26.0614499790       15.1504057750       17.2662689064
  1        1.0820502825        5.1802769966        2.4384261572
  2        1.5100948351        5.0911149662        2.1047676592
  1        1.9380021343        5.0047974935        1.7701863743
  1       21.3127950471       17.2186331535       21.3455406688
  2       21.1949747048       17.2968095346       21.8770543755
  1       21.0800788241       17.3534279631       22.4119312671
  1       19.9611774446        7.9165112964       27.2588517232
  2       20.0705798881        7.5152852712       26.8989228663
  1       20.1687279825        7.1211327662       26.5280984424
  1       12.9792406742        8.4279245903        9.2388564317
  2       13.0177257174        8.9313063736        9.4570895219
  1       13.0380760088        9.4414191860        9.6617130377
  1        6.3620850412        1.8019874496       10.8633506619
  2        6.5863431067        2.2524517143       10.6413365492
  1        6.7950515150        2.7094379471       10.4174964672
  1       15.0036784268       12.3256943999        4.3345642282
  2       14.9310422107       11.8548732577        4.0596980204
  1       14.8547962588       11.3918927393        3.7727562261
  1        0.9373721712        1.5354490771       21.1503622437
  2        1.1115324314        1.0252520050       21.0414257878
  1        1.3201694079        0.5260227760       20.9427303578
  1       22.5657211343       14.1820049365       26.7784528986
  2       22.2052586739       14.2818760397       27.1816805978
  1       21.8525982088       14.3729831081       27.5937850717
  1        7.6644218172        9.2172777342        3.8927648747
  2        8.0384103151        9.0346753082        3.5331971378
  1        8.4192693900        8.8280224574        3.1944627827
  1        6.7929279572       18.1305774153       18.0542428445
  2        7.3256161643       18.2598163244       18.0090700823
  1        7.8583235411       18.3923282777       17.9749609643
  1        8.9159973870       25.5430758797       22.9525927074
  2        9.1744931543       25.8808409270       23.3012970393
  1        9.4389382164       26.2173909029       23.6466995896
  1       17.2215963739        3.9858622196       26.6592205585
  2       17.4674833298        4.4752017898       26.7100771211
  1       17.7014959396        4.9688773087       26.7735009297
  1       12.2004830070       25.1164756899        8.5998282742
  2       11.9359751394       24.8012447636        8.9647461432
  1       11.6475968056       24.4780636956        9.3037032685
  1        8.9447907254       27.1358391413        8.5016512287
  2        9.4429717803       27.3237248352        8.6395446749
  1        9.9476196406       27.5150394952        8.7455127688
  1       26.2152508452       14.5753863289       21.8314026375
  2       26.6191590994       14.2033153370       21.8010497262
  1       27.0165320375       13.8237824602       21.7776074057
  1       16.5743795200        0.6994772421       26.4980328880
  2       16.2621073913        0.6247248734       26.9445731449
  1       15.9694330467        0.5429655722       27.4030021401
  1        7.7782455195       24.1639075349       10.1859377374
  2        8.2178380896       24.1173473545        9.8586908553
  1        8.6413469025       24.0450723675        9.5153009739
  1       22.2438472252        1.6230001568       18.7072187599
  2       22.7298321222        1.8223014129       18.8703067399
  1       23.2104075019        2.0145595807       19.0562747487
  1        9.9140359866       18.3261869246       23.6193259584
  2       10.3038409297       18.4504836804       23.2517631436
  1       10.7039774848       18.5677596690       22.8931030276
  1       24.2225074894       23.7685011052        9.5291652842
  2       24.6254211414       24.1419980078        9.5548684506
  1       25.0216299155       24.5211285528        9.5970423303
  1       14.9095025732       21.7256351659       13.3141777524
  2       14.5584941445       21.3693419698       13.5429751331
  1       14.1995636493       21.0235736955       13.7755975720
  1       13.8948573452       18.3421579381       20.1205274924
  2       13.6597803586       18.7301316266       20.4315182115
  1       13.4401122798       19.1147790546       20.7575431957
  1        9.1897772078        2.5440791878       17.0683984442
  2        9.6511393517        2.2842541789       16.9196169367
  1       10.1148307016        2.0182209866       16.7903239684
  1       14.8486260587       14.0913911124       18.8207582299
  2       14.3578271264       13.8647184494       18.9219309130
  1       13.8602764244       13.6446196783       19.0025524296
  1        7.4554233963        0.7602474567       26.1424091553
  2        6.9841280409        0.9830920702       25.9671351806
  1        6.5158156634        1.2180784096       25.7999079809
  1       22.5583671212       15.0428100656       14.8535759520
  2       22.7314866866       14.5621232963       15.0572174160
  1       22.8931647434       14.0866184391       15.2813944348
  1       18.5495852953        1.4236253182       18.5429554523
  2       18.9259770405        1.0488679157       18.6857355049
  1       19.2831585262        0.6530158538       18.8207263580
  1       19.2297637922       11.2789488719       27.7471673064
  2       19.5769460588       11.3997137754       27.3380459163
  1       19.9512521939       11.5230099875       26.9543885687
  1       23.4151872212       10.2132418679       21.8663791890
  2       23.7277830602       10.6635364710       21.8214502246
  1       24.0432048714       11.1127177425       21.7861619080
  1       25.0228883722       17.0194809447        7.0123765841
  2       25.0977056626       16.5555932064        6.7265260301
  1       25.1847950304       16.0870725222        6.4519284890
  1       10.3628135317       26.9494273021        5.1343827871
  2       10.6180246198       26.4752914824        5.0223001169
  1       10.8400151104       25.9879058818        4.8970982902
  1       19.3907879076       23.1580791814        5.0426310320
  2       19.3602032119       22.6660373132        4.7987880983
  1       19.3280336497       22.1879739201        4.5287501188
  1       24.8186806572       11.8182810832        8.5550819281
  2       25.0527983419       11.7332725348        8.0647122141
  1       25.2692016443       11.6470157376        7.5664859857
  1        1.0176662134        5.2896342807       25.9963580295
  2        0.8718065844        5.8017461154       26.1340767187
  1        0.7499811088        6.3227310603       26.2614864505
  1       22.9782724356        7.1182394625       24.9180275484
  2       23.1389914200        6.6552357345       25.1676211299
  1       23.3119047542        6.2017501239       25.4263715480
  1        5.8080001229       24.8414937836       21.1028617803
  2        6.2193724883       24.6833903255       20.7738084814
  1        6.6113333724       24.5554665343       20.4098000090
  1       17.1096929790        7.1704241198       24.7194643088
  2       16.7445812072        7.0964971786       24.3148308926
  1       16.3807938705        7.0324699742       23.9073271629
  1       25.1581393356       16.8488752704       10.8563317898
  2       25.5108463429       16.8796484427       11.2772246252
  1       25.8805149721       16.8866110964       11.6844059424
  1        3.2796547033        8.0397686545        1.2026391350
  2        3.5456487970        7.7975896864        0.7865904725
  1        3.8006605929        7.5693866849        0.3560183264
  1        5.6932265978       15.4101176543       25.5607649985
  2        5.2906824637       15.0365418648       25.5907541569
  1        4.8911244512       14.6586540907       25.5981178382
  1       11.6350872479       23.1683685315       14.2782972371
  2       11.5904086125       22.9587164528       13.7717897590
  1       11.5308026075       22.7542405444       13.2647032515
  1       11.3811078441       22.2207527551       22.2644998286
  2       11.3095111339       22.2934287280       21.7240443595
  1       11.2091985362       22.3748031226       21.1894271230
  1        6.5142710645       27.3057152475       17.2569565673
  2        6.1849399632       27.0980770253       17.6454503181
  1        5.8752750909       26.9009373427       18.0550154673
  1        8.0905699496       11.9184894032        0.9633913745
  2        7.7527910190       12.2517852254        0.6853279124
  1        7.4252390810       12.6031593802        0.4174736046
  1       12.9227295044        4.6567862539        9.3526945849
  2       13.4233667909        4.4307262957        9.3251409512
  1       13.9173543211        4.1896762473        9.3058745776
  1       17.7514945757       16.3338215187       19.3969470418
  2       17.9448575042       16.6367434379       19.8132991629
  1       18.1421626030       16.9194444400       20.2418441902
  1       20.6779373772       19.9377386273       20.0330064976
  2       20.1591864504       19.9725963362       19.8536119156
  1       19.6368593138       20.0319262507       19.6918889345
  1        1.3312609677        1.6009787655       26.7795902323
  2        1.7401192299        1.4156393146       27.0973703597
  1        2.1594247534        1.2375579816       27.4055422529
  1       24.6318836770        4.8043223937       15.8331486558
  2       24.2620870306        4.4012923672       15.8907441250
  1       23.8902010304        4.0028099271       15.9643141377
  1       16.5723472421        3.3878585103       20.9722824511
  2       16.3957775076        3.9077682640       20.9403923765
  1       16.1762878188        4.4091627437       20.8862827540
  1       19.5148542071        4.6606118077       21.6765299477
  2       19.6864181919        4.8714480688       22.1546657758
  1       19.8669541607        5.0911554055       22.6254475184
  1       14.2651887407        3.3850858123       24.9871854717
  2       14.3804577446        3.6773567580       24.5357535820
  1       14.4807371979        3.9632808549       24.0767422084
  1        2.8563020550        1.2274340253        4.2497039759
  2        2.3437848750        1.3858323417        4.1283115811
  1        1.8322272691        1.5647113488        4.0344440382
  1       21.7518235086        0.4240207685        0.0585879555
  2       22.1466402316        0.0411301587        0.0547753307
  1       22.5389685328       -0.3443253247        0.0563795193
  1        2.0829450805       19.8127666007        9.3301023937
  2        1.5998875909       19.6250685357        9.5142895215
  1        1.1134448105       19.4430007647        9.6951893479
  1       23.2538741423       19.6846098945        9.5356786362
  2       23.6756307127       20.0326585232        9.4766570524
  1       24.0955669407       20.3847009218        9.4295432221
  1       17.2522073487       22.5702859799       10.4047008782
  2       17.7426206750       22.7799653085       10.2704274685
  1       18.2396421916       22.9744657229       10.1376148189
  1       22.9911326580       10.8604119481        0.7247742836
  2       23.0153571848       10.5001557762        0.3098903686
  1       23.0594116453       10.1225189532       -0.0875384092
  1       26.0126684241       11.5037067734       25.5081974322
  2       26.0795740874       11.1455036703       25.9201612280
  1       26.1323590071       10.7878151492       26.3346158976
  1       23.8543762343       13.4012041480       11.6740659276
  2       23.3115837009       13.3221152986       11.6338015572
  1       22.7673647690       13.2475803519       11.6060473708
  1       13.3541732951        1.3685038987       22.2170236116
  2       13.6479066719        0.9580030535       21.9985979734
  1       13.9237601101        0.5548204629       21.7459150133
  1       17.4268941343        5.7915191377       17.8272361289
  2       17.0261017388        5.4170823092       17.7864621528
  1       16.6326799332        5.0330709617       17.7705069992
  1        7.3742463139        1.5803295012        4.1145923353
  2        7.2875548243        1.8087789986        4.6073350804
  1        7.1982400741        2.0335035422        5.1013206610
  1       12.0842373547       20.9414338092       17.9944390290
  2       11.9850440901       21.1513767430       17.4958563771
  1       11.8608821157       21.3607677284       17.0026634956
  1        2.9508024416       25.7797741464       26.4296768947
  2        2.7440261301       25.5897960285       26.9025953567
  1        2.5356099843       25.3894278897       27.3704792292
  1        2.1750753791       15.5980602613       18.8643346986
  2        2.0961764025       15.3225996156       19.3337986313
  1        2.0306285803       15.0482318489       19.8059488305
  1        0.6992296270       12.6815088643       10.4706678520
  2        0.3838117707       13.0924656337       10.6554003876
  1        0.0667926070       13.5049373307       10.8339107458
  1       12.5496164157        5.9939821459       21.1442954437
  2       12.9285841392        6.1814562906       20.7925328680
  1       13.2989596035        6.3755633971       20.4352592394
  1        6.3426804927       21.6307066599       27.4183866138
  2        6.2165349957       21.6183243312       26.8831913303
  1        6.0925763239       21.6071155725       26.3474594847
  1       24.6362015013       21.4527793740        6.0490235389
  2       25.0396096480       21.0791201242        6.0608823841
  1       25.4487772529       20.7128420181        6.0912504442
  1       25.8959006776       26.1050590449        1.2851118225
  2       25.9578881301       26.2232875497        1.8186655464
  1       26.0510261630       26.3246075516        2.3511686573
  1       12.6089869116        6.1118510941       12.0873664577
  2       12.1243167233        6.2675553860       12.2955754440
  1       11.6393756495        6.4353782835       12.4934835770
  1       26.2594572343        7.6630731967       11.6723167699
  2       26.4618916166        7.2287554069       11.4023382924
  1       26.6873022625        6.7920836232       11.1553407356
  1        5.9922176748        6.4927889408       24.0775266297
  2        6.0129571262        5.9432048877       24.0827461730
  1        6.0549332275        5.3961377673       24.1208981283
  1        7.7823018572       12.9052099672       14.5596922033
  2        8.2293276199       12.9217834144       14.8796817161
  1        8.6587247669       12.9039661431       15.2229026857
  1        8.5872297134       12.2648461421        9.7519830740
  2        9.0977334799       12.1900127382        9.9424715671
  1        9.6091369832       12.0998364205       10.1236750094
  1       16.1094405508        5.1971703125       12.0638425322
  2       16.4469923986        4.9382536996       11.7152439986
  1       16.7783852859        4.6740325493       11.3647216213
  1       20.9040152352       24.6271266285       11.1003455998
  2       21.1845482836       25.0537813807       11.3047151942
  1       21.4697975276       25.4517845146       11.5551675314
  1        6.0187725937       12.3065214703       11.6033086070
  2        5.7929464592       11.8220940703       11.7330493144
  1        5.5511429104       11.3577864229       11.9017189658
  1       13.0996117151       17.0703654856       24.8654909528
  2       13.4635713385       17.3516196964       25.1670360762
  1       13.8234048487       17.6409293244       25.4659002311
  1        7.2751185822       15.1085566567        7.3173338930
  2        7.4388260312       15.4210219246        6.8953560174
  1        7.6164586878       15.7477695110        6.4901614307
  1       25.9604268077        2.7988109249        8.9099103098
  2       25.9930574413        3.1499054632        8.4878109532
  1       25.9820001306        3.5148152973        8.0764491321
  1        3.8895283180       24.1365335850        2.7901658119
  2        4.2854191374       23.7898597450        2.6302042297
  1        4.6617743488       23.4171731823        2.4820101684
  1       25.4780456370       14.8354361014        1.6713675298
  2       25.7112738734       15.2106375650        1.9989777425
  1       25.9417845787       15.6125131007        2.2953910815
  1        0.8526084715       13.2543958681        0.5664018890
  2        0.9001903529       12.7069327771        0.5435955625
  1        0.9446699754       12.1587349633        0.5427475505
  1        8.1763384964       22.4833881892       23.4106933125
  2        8.0964867708       21.9462865142       23.3232548046
  1        8.0610074093       21.4032840429       23.2433202683
  1       15.5088619675       20.7309740050       -0.3460037929
  2       15.8658129259       20.8429867472        0.0571576622
  1       16.2241338602       20.9449512597        0.4617677773
  1       17.5413217607       25.8071155189       11.8822461959
  2       17.4379749468       26.0753864555       12.3511279940
  1       17.3432667224       26.3668365510       12.8078414633
  1        1.9808494424       17.2788682087        3.9514353838
  2        1.5714261255       17.5785908921        3.7392117739
  1        1.1594873804       17.8776483404        3.5309544524
  1       17.6651508288       14.0867724133        3.2040644277
  2       17.8399901468       13.9926442431        2.6911598552
  1       18.0086695674       13.8751184893        2.1810275692
  1       15.1169025068       23.1977453390        5.7181271823
  2       15.4544310570       23.5381566323        5.4485077669
  1       15.7685270702       23.8905423752        5.1662525956
  1        7.9954033448       21.6549816216       13.5171154877
  2        8.2503424183       21.5528779242       13.9936455537
  1        8.4826337904       21.4367802130       14.4784775234
  1        7.2038196445       17.8124142040        1.0407360331
  2        7.4853850889       17.3421436703        0.9952769783
  1        7.7547241829       16.8643104188        0.9548809977
  1       25.9946910906        2.3398420359       24.9873788243
  2       26.2684367251        2.4777651584       24.5307164328
  1       26.5287588891        2.6275433372       24.0699574208
  1       13.7990147493       15.9875666828        5.9164688294
  2       14.0095057199       16.3699084019        6.2511453317
  1       14.2181676357       16.7394574127        6.6009934880
  1       20.7987150053       24.9768263338       20.7165770063
  2       20.6268584676       24.7410865504       20.2503237651
  1       20.4794331080       24.4914838200       19.7829221826
  1       27.1246390094        8.5119792936       19.0323078282
  2       26.6522862255        8.6639902078       18.7950831888
  1       26.1964208241        8.8356471694       18.5396999036
  1       25.1545057197        2.9142271929        2.9854394978
  2       25.6444590154        2.8869056850        2.7370460534
  1       26.1373096396        2.8671163026        2.4937219041
  1       20.0498022266       13.9666225791       22.8905848159
  2       20.5188548534       13.9258972471       23.1748928893
  1       20.9977242725       13.9081855914       23.4448380238
  1       19.0758900343       22.7120776983       -0.1704403891
  2       19.3223453024       22.5825279975        0.3038766735
  1       19.5817971956       22.4593197721        0.7729229903
  1       14.4045843046       23.8874809638       22.2310664840
  2       13.9830820274       24.1864364736       22.4193785483
  1       13.5508937131       24.4804130565       22.5905247684
  1       23.2589149701       16.2519398509       24.7084119528
  2       23.7830309358       16.3685967970       24.5892750084
  1       24.3094147624       16.4760788855       24.4715139507
  1        3.3691451437       21.3776834267        5.8632693998
  2        2.8278888839       21.3240263273        5.7816447900
  1        2.2847154282       21.2641695541        5.7193570488
  1       13.1170701123        3.2541472605       13.7721411375
  2       12.8273791821        3.5371701974       14.1442663612
  1       12.5277582527        3.8232773049       14.5060259785
  1       21.1016380547       25.1832166509       24.4160104946
  2       21.2749215572       24.7595517327       24.7209381333
  1       21.4306213592       24.3416094688       25.0427794523
  1        3.7558194179       24.2740887344       18.5418620311
  2        3.8032904430       23.7315823287       18.6188899587
  1        3.8588836036       23.1914681032       18.7065599245
  1        3.7222136551        7.2867226861       20.9750935439
  2        3.4637463653        6.9046598651       20.6755561324
  1        3.2109901135        6.5168102144       20.3785932986
  1        0.5828717364       12.7122421341        4.6249576960
  2        1.0317842340       13.0131257471        4.5227489834
  1        1.4947734518       13.2848602606        4.4031607843
  1        4.1018529596        2.8566346470       23.8412961493
  2        3.9156691902        2.3698225604       24.0169366808
  1        3.7145459255        1.8872053973       24.1876121191
  1        1.6774333315       18.9417380868       20.9877221284
  2        1.6944789927       18.4784496883       21.2836500001
  1        1.6875503580       18.0204906220       21.5881585986
  1       20.8671210859       16.7067625952       10.6685516952
  2       20.7232745101       16.8613811173       10.1607118826
  1       20.5642030442       17.0218579058        9.6592704921
  1        6.6304823094       11.4751472544        6.4235909424
  2        6.5988634680       11.0284422161        6.7428946498
  1        6.5402165079       10.5758035879        7.0497803050
  1       19.2142285523       18.5300006855       16.3581843806
  2       19.1629474618       18.0920630055       16.6869408835
  1       19.1064037140       17.6546123607       17.0154827179
  1       15.0877753547       14.4798754994       22.7164092450
  2       15.0707780440       14.7760881882       23.1795173689
  1       15.0382092978       15.0597795632       23.6495795770
  1       18.1743647932       16.3019901093       26.8199640925
  2       17.8974592668       15.8447112364       26.6906607212
  1       17.6316382557       15.3831258123       26.5536275671
  1        4.6636942016       16.6105654579       21.3914602026
  2        4.6668823744       16.4821854152       21.9262577346
  1        4.7047731695       16.3637117726       22.4620079400
  1       22.1251697048        6.8983638424        8.2414969259
  2       21.6473077341        6.9801304674        7.9817621457
  1       21.1589641167        7.0435294539        7.7368109692
  1        7.9795040731        9.5489592638       19.0549070165
  2        7.4756832067        9.4037268719       18.8888585689
  1        6.9741291630        9.2621659597       18.7130630958
  1        7.9013318944        9.4588288264       22.9927063260
  2        7.8206346703        9.2816473493       22.4783186491
  1        7.7541886698        9.0879038966       21.9678792281
  1        4.7379994504        5.4048374211       12.0844790599
  2        5.0965083126        5.5410260154       12.4787176456
  1        5.4373406311        5.6724906804       12.8898750018
  1       11.3754205192       18.7513872173       14.6092876021
  2       10.8550426447       18.8268801162       14.4480186036
  1       10.3397878018       18.9136046607       14.2762882939
  1        3.6229186445       20.5873661013        1.0412735191
  2        3.5288276709       20.4695321174        1.5701988833
  1        3.4409573635       20.3636748578        2.1027146565
  1       18.8348689023       22.7935068736       22.8096992086
  2       18.9385556829       22.2601801804       22.8952076286
  1       19.0443511172       21.7249177175       22.9644999144
  1        0.5447939645       12.3949927955       18.0344772241
  2        0.0187968566       12.2526634219       17.9598488651
  1       -0.5125369316       12.1248803767       17.8977529892
  1       15.3877832941        7.6415363601       14.5082987502
  2       14.8840018042        7.6551538576       14.2880289745
  1       14.3889831820        7.7073338676       14.0540763954
  1       10.5965379087       20.2819744462       11.2409051213
  2       10.2747132815       20.7137296894       11.1290287644
  1        9.9499491432       21.1417160755       11.0113176485
  1        4.2937519473       20.2272165928       22.4238582129
  2        4.4499297030       20.0813439491       22.9306418752
  1        4.6268171852       19.9560851640       23.4361327796
  1       16.9674960424       11.3496712731       21.0962680817
  2       16.4317031361       11.4736540556       21.0889039016
  1       15.8976566399       11.6010763793       21.0563786750
  1       20.9248580785       24.7899161248        7.5182281264
  2       21.1867968183       25.2587984832        7.6367077894
  1       21.4461546288       25.7280727464        7.7592442779
  1       26.1620883069        0.5523730144        6.3371610713
  2       25.7590598282        0.5567172935        5.9629296288
  1       25.3542870803        0.5453882795        5.5907325371
  1       11.7250150615       25.8677378887       19.0118457072
  2       11.5173024553       26.3712235232       19.0883812484
  1       11.3108834764       26.8751381143       19.1655906325
  1       13.9486178782        9.3651197051       18.4207178005
  2       14.2248174482        8.8912081126       18.3804487055
  1       14.5157754743        8.4260653728       18.3419044754
  1        6.0161555187        8.6735633860       13.9879020484
  2        5.5513609739        8.6723313955       14.2819505364
  1        5.0835818707        8.6798191907       14.5711332511
  1       18.2683680451        9.6331496411       17.5721331757
  2       17.8005455520        9.9137626007       17.5021440211
  1       17.3337138084       10.2007098437       17.4549274776
  1       13.8973739315       26.2880325362        1.6387707538
  2       13.4247081902       26.4036349972        1.8951360558
  1       12.9412099570       26.4949332047        2.1408881561
  1        8.1397294319        1.4366812709       13.9473305802
  2        8.0811485189        0.9630724810       13.6739023615
  1        8.0340052737        0.4807963630       13.4137346090
  1       19.7681405867        4.0059753831        8.7635913120
  2       19.7506177953        3.9420394335        8.2176012515
  1       19.7787441168        3.8758685977        7.6723212046
  1       16.5373769137       24.6599391955        2.2838053944
  2       16.9206976489       24.8926295000        1.9653396409
  1       17.3055267106       25.1176746560        1.6432196786
  1        8.9129789246       22.8987472163        2.2586631306
  2        8.7333434775       22.5253187718        2.6203014900
  1        8.5757015551       22.1632459945        3.0031230245
  1       23.5402045029        3.9964046908       10.8273506020
  2       23.9001904768        4.0997717407       11.2301226859
  1       24.2557255781        4.1774470690       11.6425076203
  1        8.5471196639        4.2016440970        7.7265957472
  2        8.4875733589        4.2971808661        7.1882399510
  1        8.4558507455        4.4110103970        6.6510840028
  1       10.6912130603       15.9607513399       20.4224198077
  2       11.2290875407       15.9152751627       20.5278852555
  1       11.7686250628       15.8725288713       20.6257219350
  1       13.1903895550        3.1465488809        0.8471529405
  2       12.9700991894        2.7333762059        1.1357018887
  1       12.7619925210        2.3243148750        1.4387867631
  1       17.9076043936       12.7709134369        6.7038005199
  2       17.8017258960       12.2965452709        6.4463814320
  1       17.7049762005       11.8127669139        6.2032806367
  1        5.2640364393        3.8956119596        0.1224763309
  2        4.7359848778        3.7468681280        0.0832740234
  1        4.2015218891        3.6244638647        0.0400709100
  1        4.5764602749       23.1891198569        8.6188666983
  2        4.6583428302       23.7277762010        8.6939971853
  1        4.7575963722       24.2631296188        8.7717496863
  1       13.6572975706       20.6264604781       24.4409967142
  2       13.9557246264       21.0539255720       24.2657400855
  1       14.2602483628       21.4709846719       24.0764598697
  1       14.9407615577       18.5156972357       16.9862578499
  2       14.9099169316       19.0535619907       17.0969380847
  1       14.9430675120       19.5928289969       17.1998561786
  1        9.6761470021       26.3855404401        1.1310442588
  2        9.3943751471       26.6779704270        1.5019746087
  1        9.1021447678       26.9716962636        1.8636741211
  1       24.8567207562       18.7374291595       -0.2308132301
  2       24.6336890085       18.3469826363        0.0859017080
  1       24.4171576926       17.9372073666        0.3820408924
  1       10.5263958256       10.1865544382        0.3674806673
  2       11.0507890803       10.1849383009        0.2016219851
  1       11.5594391406       10.2074351368       -0.0063900520
  1       20.4530947520        9.6933906943        4.1207006220
  2       20.0524228712        9.3642192723        3.9373751767
  1       19.6695819446        9.0216281539        3.7409976081
  1       10.8012702505       14.4375986335        7.7850666199
  2       11.3143650502       14.4016065527        7.9798441767
  1       11.8247029676       14.3765213959        8.1833778201
  1       12.6350921677        6.4826360828       26.6371673331
  2       13.0903406535        6.7466591640       26.7969816906
  1       13.5449596687        7.0122066345       26.9560605731
  1       20.7908631387       11.9875874169       19.8265333664
  2       20.5208028910       11.8737218942       19.3611280534
  1       20.2879942140       11.7575248457       18.8765680831
  1        0.3443405391       21.2339909438       25.6364462891
  2        0.0481430778       21.6709976170       25.4821989827
  1       -0.2474054483       22.0974551686       25.2997571444
  1       14.7038979497        1.4792812608       17.9315326059
  2       14.5495739894        1.8398901997       18.3170780746
  1       14.4309248337        2.1811168017       18.7317909668
  1        4.4404180475       26.3110482305       12.1842261378
  2        4.9898272951       26.2896821136       12.1703348590
  1        5.5381911174       26.2571849049       12.1431126467
  1       23.8954710615       20.3976308020       24.1480211474
  2       23.5038663170       20.7835788998       24.1617975700
  1       23.1162659547       21.1737204308       24.1692503538
  1       17.1719325694       25.5676536079       18.0541887580
  2       16.7189385091       25.6774519292       18.3461488750
  1       16.2528716276       25.7627862111       18.6254331770


Molecules in box 2
##############################################################################                                           
Moleculetype  1
Number-of-molecules: 83    
Atomtype         X                  Y                   Z
  1       49.2338370529       45.0864328523       36.3240208271
  2       48.9563174464       45.5507741539       36.4233688193
  1       48.6569210943       46.0053613297       36.5021871101
  1        7.8829561199       49.9476796850       46.5194370249
  2        8.1446590699       49.4725536400       46.4285150402
  1        8.4019717949       48.9979794452       46.3233033763
  1        0.9609135260       34.4821029938       42.4036334251
  2        1.2647766718       34.0486285983       42.2544116536
  1        1.5829037674       33.6178241747       42.1291012446
  1       14.9050994329       22.1062444220       17.6389211453
  2       14.9107586186       22.0794973444       17.0896010497
  1       14.8947499352       22.0623612081       16.5401012100
  1       25.3843813577       38.0424572882       12.0719240801
  2       25.4434770889       38.1124832393       11.5296104617
  1       25.4804908166       38.1864455950       10.9858646085
  1       20.8120678492        4.0819452560       22.9772340859
  2       20.2761864006        4.1251837596       23.0932578115
  1       19.7396413556        4.1567950401       23.2099631694
  1       35.2109055594       12.9257135241       22.8667180758
  2       34.8054443782       12.5562080718       22.8271333398
  1       34.3965448632       12.1899310022       22.7933355026
  1       48.1264382693       33.6885190486       14.1904176093
  2       47.7124274627       33.6926426035       14.5524646342
  1       47.2825687731       33.6918744011       14.8955694518
  1       39.4942950925       33.7973965745        7.1495685438
  2       39.1092550337       34.1285524466        7.3607081693
  1       38.7296459613       34.4592405036        7.5821632665
  1       41.6774679447        9.6382311122       22.2587567803
  2       41.2381294635        9.3393950803       22.4008086194
  1       40.7983080384        9.0405877653       22.5414190799
  1       14.1887611215       14.4864554144       24.3467400824
  2       14.5572060924       14.8940573502       24.3714173082
  1       14.8983425455       15.3254801424       24.3719591704
  1       44.0917470456       29.4744797474       18.6588770220
  2       44.4403886470       29.4733729598       19.0842566276
  1       44.7897712847       29.4588274388       19.5087801243
  1       46.5992675358       50.1678072922       12.4106193927
  2       47.1209224105       50.2954487585       12.2919440042
  1       47.6448544723       50.4043954738       12.1649565763
  1       29.0579215216       16.5088660876       20.9302469785
  2       29.3260496690       16.7796931637       20.5336867795
  1       29.5931139067       17.0500472117       20.1360872566
  1       42.2586513148        2.1706470235       18.5181367326
  2       42.5863267004        2.4760468597       18.8372915254
  1       42.8971148453        2.7813274787       19.1730212852
  1       33.7170596213       39.1215555170       49.1299610895
  2       33.2764399942       38.7989713695       49.1954882747
  1       32.8461469635       38.4623323297       49.2589080161
  1       20.7306725437       44.0558986757       13.2941124091
  2       20.9493059170       43.6213505566       13.5507588200
  1       21.1854288299       43.1933515320       13.8028754676
  1       11.2663246627       10.0530863900       47.3452097263
  2       10.8686477613       10.4000737065       47.1904425323
  1       10.4572818014       10.7265749631       47.0271177778
  1       46.1968924710       35.1438020806        8.7898104743
  2       45.7888936499       34.7939775477        8.9066854424
  1       45.3722568981       34.4622592642        9.0440782966
  1       28.3139974819        2.7484433701        7.2649644313
  2       28.5990051464        2.5061403834        6.8617772616
  1       28.8911441602        2.2425820467        6.4774703546
  1        7.7723570836        1.8021067843       40.5682106619
  2        7.3937763971        1.5310000486       40.8609183687
  1        7.0224596705        1.2821920582       41.1814155940
  1       27.6879392304       35.2839510787       42.0804050196
  2       28.0223524545       35.0209999622       42.4290086711
  1       28.3512895508       34.7558344424       42.7811274476
  1       50.7344277098       30.6030813465       17.0388889556
  2       50.7527983897       31.0728352240       16.7534177439
  1       50.7520245505       31.5367457650       16.4579750082
  1       43.3162748474       33.2826701298       18.4895894246
  2       43.1982495381       33.1889718766       19.0185418456
  1       43.0928488104       33.0945173899       19.5500200065
  1       23.8315338383       17.5836714019       25.3874865998
  2       24.2760768074       17.9019193688       25.3274884307
  1       24.7270173600       18.2081423392       25.2541392020
  1        2.3255157416       23.2383246657       44.4599859844
  2        2.2962144115       22.7653210733       44.7391078818
  1        2.2852853640       22.2943529680       45.0229557261
  1       35.1202220577        2.7111427440        3.8924713311
  2       34.5915962313        2.7145156266        3.7406709378
  1       34.0601116881        2.7138964197        3.5991654757
  1       15.4317538200       14.7881993768       29.2168058450
  2       15.0988737643       14.4147343128       28.9883004522
  1       14.7549763175       14.0548157581       28.7544347236
  1       35.4948365467       18.7020274204       21.8142360515
  2       35.2804686161       18.7907109826       22.3129159249
  1       35.0698099250       18.8542533842       22.8169846484
  1        6.5111223724       35.0545025591       50.5646221662
  2        6.7744260608       35.2662576188       50.1306510124
  1        7.0475976526       35.4726404397       49.7002054158
  1       40.8256653926       31.3051702154       16.2417973917
  2       40.7105303634       31.7052179829       16.6012493477
  1       40.6421321045       32.0926252161       16.9856154660
  1       26.7153480858       38.7609852413       43.1277692917
  2       26.3972210412       39.0473702296       42.7824016297
  1       26.0799683565       39.3272436493       42.4309452284
  1       22.8863866659       50.6412452394        2.7514616971
  2       22.4551069817       50.3890849120        2.9814899632
  1       22.0464374627       50.1218893973        3.2346614074
  1       21.3632315402       21.0294384365       24.9512104730
  2       21.1557457191       20.5376031827       24.8187426763
  1       20.9447282057       20.0468877995       24.6877082509
  1       28.1431458304       15.2035895673       51.0930916541
  2       28.1383171960       15.5731688971       50.6857983896
  1       28.1166735565       15.9287847834       50.2667889706
  1       18.0514825511        9.7650538946       21.4909010130
  2       17.5087892427        9.6983703956       21.4314259424
  1       16.9659463253        9.6750100006       21.3461273026
  1       45.0079168033       14.2066571196       18.9126274813
  2       45.1023340489       14.3153901887       18.3818144225
  1       45.1890822299       14.4246590217       17.8498040145
  1        1.6066585165       49.6179655964       18.1110932291
  2        2.0507635441       49.6280451855       18.4353911266
  1        2.4928587989       49.6377220400       18.7624356851
  1       41.7738600773       22.8304025663       46.7806161872
  2       41.2827256892       23.0256241379       46.9328513698
  1       40.7931837771       23.2132558530       47.0991133763
  1       26.0988849096       29.2212094688        7.3710787357
  2       26.3227496866       29.6631306659        7.6100143278
  1       26.5351695332       30.1138579631        7.8428720340
  1       14.7546365799        5.4789144022        0.8838583029
  2       14.7695667122        6.0226485667        0.8024319590
  1       14.7996589642        6.5645892183        0.7135793534
  1       48.1273285137        5.6733644046        8.4039378688
  2       47.7857955221        5.6676388112        8.8350091311
  1       47.4536048224        5.6245849328        9.2712380866
  1       47.0932845835       15.9884616226       40.7437370498
  2       47.3573761908       16.3206080639       41.0936432721
  1       47.6385788821       16.6160613653       41.4626045059
  1        0.6100401890        8.5553714169       17.4224501332
  2        0.5654292907        9.1035134073       17.4153630880
  1        0.4932374161        9.6485868524       17.4018253034
  1       33.1209109124        8.1459191527       21.0282125790
  2       33.0743388640        7.6415566084       20.8138543083
  1       33.0141142421        7.1331964156       20.6127500861
  1       37.1529547999        9.3527602138       44.0143314307
  2       36.7715265887        8.9743248120       44.1318012837
  1       36.4160706408        8.5684327081       44.2385845600
  1       10.3927760758       19.9400265270       38.0662391776
  2       10.2813626559       19.5250892350       37.7228529612
  1       10.1796997130       19.1008847088       37.3878676407
  1       23.3607847156        3.3510938658       32.7482696190
  2       22.9022715812        3.6447962687       32.8257589997
  1       22.4611850257        3.9553767494       32.9329150285
  1       24.3759636108       21.9269202310       22.9262029515
  2       24.8140221119       21.5947336893       22.9422295261
  1       25.2469663255       21.2571653546       22.9755000280
  1        0.7523025751       47.6054682307       41.6688345303
  2        0.7230464068       48.0527564610       41.3501225669
  1        0.7136701634       48.4996091190       41.0295998890
  1       28.1729305882       18.0251806051       16.1118643286
  2       28.2359315350       18.4924357981       16.3950664920
  1       28.2950293090       18.9512564632       16.6925409436
  1       30.1147778240        9.1927867850       27.6431981655
  2       30.5473920685        9.4172301054       27.3883058130
  1       30.9724565839        9.6574067876       27.1350562957
  1        1.6670640115       25.0531255490       40.0093569674
  2        1.1903240387       25.0370346220       39.7355685813
  1        0.7136300041       25.0131221610       39.4622720563
  1       30.4439488081       38.5935078147       27.4250673030
  2       30.8160367539       38.4012366937       27.0685811510
  1       31.2047680120       38.1987851606       26.7363141128
  1       35.7883941100       20.3597197867        2.2035794718
  2       35.4526350424       20.6771159881        1.9052080593
  1       35.1321551403       20.9988034045        1.5948697963
  1        1.7460247572       44.4809441827       45.9882337597
  2        1.2779025862       44.3207688376       45.7480140856
  1        0.8101460363       44.1548119081       45.5110286292
  1       35.3606665916       45.3731984625        1.4998479142
  2       35.1977106033       45.5966848339        1.9752416327
  1       35.0502893263       45.8261460944        2.4528549659
  1        9.7007216589       21.9609914488       47.8084622784
  2        9.1807964306       21.7901967300       47.8632976775
  1        8.6633550740       21.6100454007       47.9112553673
  1        7.1328073246       26.5736139194       44.4256478027
  2        7.0921437438       26.3871541341       43.9098191280
  1        7.0613976909       26.1938412915       43.3958299996
  1       45.2350281059       39.8887939179       42.4684659385
  2       45.3509864833       39.4698614829       42.1314952133
  1       45.4582715532       39.0533368359       41.7887166679
  1       36.8516893504       47.9978329519       49.6246631065
  2       36.5344832301       47.5729289891       49.4785915500
  1       36.2240654371       47.1466131672       49.3224006003
  1       37.9524750694       26.8263140632        6.5265717036
  2       38.0734952973       26.4958616782        6.9492480878
  1       38.1969865396       26.1850818979        7.3859010852
  1       30.8167041188       41.1126900022       18.9623763431
  2       30.7245313756       41.5945491812       18.7137482733
  1       30.6178200135       42.0826342791       18.4837795333
  1       13.9857366448       50.0024251137       36.7333203042
  2       14.4310473735       49.8802403898       36.4345407064
  1       14.8777010029       49.7409016098       36.1454295881
  1       39.9519783374       47.7243064256        6.4600871494
  2       40.1916314955       47.5069170144        6.9048434958
  1       40.4320054040       47.2767459415        7.3427266541
  1       38.6562678500       26.0545563157       49.7565428548
  2       38.5999773696       26.2648697621       50.2616167465
  1       38.5650135106       26.4437679707       50.7805319212
  1       33.7843600154       20.3545999704        4.8243232874
  2       33.4598163221       20.4277543438        5.2622956939
  1       33.1578953820       20.4827876993        5.7187111567
  1        3.6773191752       38.2124546521       49.2620007509
  2        3.7299634677       37.8478521332       48.8535970515
  1        3.7986742262       37.4549900209       48.4748647035
  1       29.5958238573        5.8112242442       11.6838241614
  2       29.4294931953        5.7232765614       12.2006406820
  1       29.2765174489        5.6433386492       12.7228555326
  1        5.0155998127        5.4187275014       35.6837037445
  2        4.4680910071        5.4416493635       35.6367069785
  1        3.9232370764        5.4928395907       35.5818093119
  1       13.0925334267       41.5720715813       20.5664123151
  2       13.2495655679       41.6633904548       20.0472767163
  1       13.4183837501       41.7812994465       19.5372787849
  1       25.1195465034       39.3703700577       17.8961016439
  2       25.4042829712       39.7673411174       17.6434375950
  1       25.6710298498       40.1668280070       17.3755638808
  1       31.7494441299       16.2545557541        4.8227050671
  2       31.8595129235       16.5132766247        5.2954083269
  1       31.9646994544       16.7657772446        5.7725657743
  1       42.0616389863        1.2130180167       12.2872721684
  2       42.5105558184        1.3861999464       12.5536960731
  1       42.9602382729        1.5518997734       12.8235650348
  1       44.9490091850       22.1569864632       50.4115089226
  2       45.0142221622       21.6194245934       50.5078131475
  1       45.0694848772       21.0795623100       50.5972264928
  1       39.0828332628        7.5164553415       25.3975832974
  2       39.0567998642        7.9737441361       25.7020651860
  1       39.0373001181        8.4384853511       25.9955534515
  1        1.6095719509       30.6921596066       20.8953632659
  2        1.8778447350       30.2121105192       20.9044510024
  1        2.1462979805       29.7329324036       20.9331073728
  1       15.2405904650        3.6778662850       47.8097910747
  2       14.9084434497        3.9497808726       48.1536526999
  1       14.5587963401        4.1986162303       48.4976408720
  1       38.3284461974       36.1654621278       11.0105059732
  2       38.8390985202       36.1238454745       11.2105116218
  1       39.3448466532       36.0767947782       11.4214738386
  1       29.6059839310       39.4621818260       41.0496898897
  2       29.7485231160       39.9871392748       40.9684356115
  1       29.9076925710       40.5050784359       40.8740740252
  1       15.1563335267        3.2673532287        5.6007711236
  2       15.4720587940        2.9184587173        5.3160077561
  1       15.7940245084        2.5738913843        5.0329681285
  1       36.3046475590        5.6015799070       28.4536227175
  2       36.1609895156        5.4642979658       27.9407718277
  1       36.0177581785        5.3332463355       27.4261746519
  1        0.2159424522       19.1315108731       42.1002748087
  2        0.2475323053       19.6073244469       41.8262245867
  1        0.2534861909       20.0669962002       41.5242867960


Number-of-fractionals:  1        
##############################################################################                                           
Fractional-type:      2
Box:                  2
Lambda:               0.297478
Reaction-Step         1 (only used if Type = 3 (RxMC))

Moleculetype  1
Atomtype         X                  Y                   Z
  1        5.7312325709       50.6973766624       28.1433998442
  2        6.2502129871       50.8459669136       28.2486626813
  1        6.7765893477       50.9830361725       28.3301485342

------------------------------------------------------------------------------                                           

