#   100 bins for weightfunction of N2                      
 0.0000000    0.7068359375E+001    0.5248437500E+001
 0.0101010    0.7056250000E+001    0.5221093750E+001
 0.0202020    0.7112109375E+001    0.5278515625E+001
 0.0303030    0.7252343750E+001    0.5274609375E+001
 0.0404040    0.7351953125E+001    0.5253906250E+001
 0.0505051    0.7516015625E+001    0.5227343750E+001
 0.0606061    0.7744531250E+001    0.5253515625E+001
 0.0707071    0.7938281250E+001    0.5230468750E+001
 0.0808081    0.8189453125E+001    0.5266796875E+001
 0.0909091    0.8421484375E+001    0.5246484375E+001
 0.1010101    0.8687890625E+001    0.5251171875E+001
 0.1111111    0.8791796875E+001    0.5250781250E+001
 0.1212121    0.8833203125E+001    0.5288281250E+001
 0.1313131    0.8832421875E+001    0.5280468750E+001
 0.1414141    0.8886328125E+001    0.5219531250E+001
 0.1515152    0.8925000000E+001    0.5219531250E+001
 0.1616162    0.8775781250E+001    0.5235546875E+001
 0.1717172    0.8710156250E+001    0.5221875000E+001
 0.1818182    0.8673437500E+001    0.5232812500E+001
 0.1919192    0.8471093750E+001    0.5262109375E+001
 0.2020202    0.8360156250E+001    0.5276953125E+001
 0.2121212    0.8247656250E+001    0.5258984375E+001
 0.2222222    0.7990234375E+001    0.5255468750E+001
 0.2323232    0.7753906250E+001    0.5271093750E+001
 0.2424242    0.7596875000E+001    0.5223828125E+001
 0.2525253    0.7330859375E+001    0.5274609375E+001
 0.2626263    0.7179296875E+001    0.5279687500E+001
 0.2727273    0.6895312500E+001    0.5303515625E+001
 0.2828283    0.6655859375E+001    0.5296875000E+001
 0.2929293    0.6430468750E+001    0.5275781250E+001
 0.3030303    0.6169531250E+001    0.5286328125E+001
 0.3131313    0.5943750000E+001    0.5262890625E+001
 0.3232323    0.5652734375E+001    0.5233984375E+001
 0.3333333    0.5411718750E+001    0.5286328125E+001
 0.3434343    0.5137500000E+001    0.5235546875E+001
 0.3535354    0.4785546875E+001    0.5249218750E+001
 0.3636364    0.4572265625E+001    0.5268359375E+001
 0.3737374    0.4259765625E+001    0.5252734375E+001
 0.3838384    0.3970312500E+001    0.5280468750E+001
 0.3939394    0.3643750000E+001    0.5265625000E+001
 0.4040404    0.3321484375E+001    0.5289453125E+001
 0.4141414    0.2980859375E+001    0.5272656250E+001
 0.4242424    0.2708984375E+001    0.5229296875E+001
 0.4343434    0.2416796875E+001    0.5292968750E+001
 0.4444444    0.2096093750E+001    0.5269140625E+001
 0.4545455    0.1759765625E+001    0.5238671875E+001
 0.4646465    0.1369140625E+001    0.5276562500E+001
 0.4747475    0.1080078125E+001    0.5239062500E+001
 0.4848485    0.7605468750E+000    0.5278906250E+001
 0.4949495    0.3730468750E+000    0.5246484375E+001
 0.5050505    0.2386718750E+000    0.5235937500E+001
 0.5151515    0.2160156250E+000    0.5283203125E+001
 0.5252525    0.2351562500E+000    0.5284375000E+001
 0.5353535    0.2371093750E+000    0.5298437500E+001
 0.5454545    0.2617187500E+000    0.5274609375E+001
 0.5555556    0.1980468750E+000    0.5205859375E+001
 0.5656566    0.2917968750E+000    0.5263671875E+001
 0.5757576    0.2085937500E+000    0.5276562500E+001
 0.5858586    0.2648437500E+000    0.5216796875E+001
 0.5959596    0.2183593750E+000    0.5259375000E+001
 0.6060606    0.2261718750E+000    0.5303906250E+001
 0.6161616    0.2265625000E+000    0.5271093750E+001
 0.6262626    0.2683593750E+000    0.5243359375E+001
 0.6363636    0.2000000000E+000    0.5285937500E+001
 0.6464646    0.2136718750E+000    0.5264062500E+001
 0.6565657    0.2246093750E+000    0.5264843750E+001
 0.6666667    0.1921875000E+000    0.5256250000E+001
 0.6767677    0.2195312500E+000    0.5287890625E+001
 0.6868687    0.1359375000E+000    0.5273828125E+001
 0.6969697    0.2179687500E+000    0.5270703125E+001
 0.7070707    0.1832031250E+000    0.5279296875E+001
 0.7171717    0.1796875000E+000    0.5289453125E+001
 0.7272727    0.1605468750E+000    0.5244921875E+001
 0.7373737    0.1875000000E+000    0.5274609375E+001
 0.7474747    0.1164062500E+000    0.5237500000E+001
 0.7575758    0.1722656250E+000    0.5289453125E+001
 0.7676768    0.1425781250E+000    0.5270312500E+001
 0.7777778    0.1355468750E+000    0.5263281250E+001
 0.7878788    0.1046875000E+000    0.5240234375E+001
 0.7979798    0.1097656250E+000    0.5272656250E+001
 0.8080808    0.1242187500E+000    0.5281250000E+001
 0.8181818    0.1210937500E+000    0.5293750000E+001
 0.8282828    0.9765625000E-001    0.5293359375E+001
 0.8383838    0.1457031250E+000    0.5310546875E+001
 0.8484848    0.1082031250E+000    0.5275390625E+001
 0.8585859    0.8164062500E-001    0.5251171875E+001
 0.8686869    0.7187500000E-001    0.5283203125E+001
 0.8787879    0.1191406250E+000    0.5327734375E+001
 0.8888889    0.7773437500E-001    0.5291406250E+001
 0.8989899    0.6289062500E-001    0.5292187500E+001
 0.9090909    0.8359375000E-001    0.5295703125E+001
 0.9191919    0.3125000000E-001    0.5268750000E+001
 0.9292929    0.9023437500E-001    0.5312890625E+001
 0.9393939    0.2695312500E-001    0.5288671875E+001
 0.9494949    0.4101562500E-001    0.5269921875E+001
 0.9595960    0.4257812500E-001    0.5255859375E+001
 0.9696970    0.3242187500E-001    0.5273046875E+001
 0.9797980    0.6914062500E-001    0.5342187500E+001
 0.9898990    0.2304687500E-001    0.5281640625E+001
 1.0000000    0.0000000000E+000    0.5274218750E+001


