 0.0000000   0.3074675211E-001   0.9903478704E+000   0.8809085135E+000   0.1002208045E+001
 0.0101010   0.3070859347E-001   0.1009489640E+001   0.8851443024E+000   0.1035250903E+001
 0.0202020   0.2995845296E-001   0.9792901651E+000   0.8804818464E+000   0.1008387595E+001
 0.0303030   0.2861194037E-001   0.9919239497E+000   0.8820695165E+000   0.1021248666E+001
 0.0404040   0.2684058983E-001   0.1028082542E+001   0.8837214383E+000   0.1036216001E+001
 0.0505051   0.2482884051E-001   0.9950938614E+000   0.8831104465E+000   0.1032478203E+001
 0.0606061   0.2250863115E-001   0.1024066400E+001   0.8838398355E+000   0.1012406396E+001
 0.0707071   0.2031554642E-001   0.1005632289E+001   0.8885674348E+000   0.1024898682E+001
 0.0808081   0.1803955545E-001   0.1014573925E+001   0.8805656769E+000   0.1024539986E+001
 0.0909091   0.1648190357E-001   0.9761730196E+000   0.8935577766E+000   0.9896188962E+000
 0.1010101   0.1502484766E-001   0.1010683041E+001   0.8879510947E+000   0.1005884295E+001
 0.1111111   0.1411558653E-001   0.9838758852E+000   0.8967868546E+000   0.1025163541E+001
 0.1212121   0.1344430475E-001   0.9771957944E+000   0.8966418329E+000   0.1020799162E+001
 0.1313131   0.1322130644E-001   0.9932396505E+000   0.8977638782E+000   0.1000973548E+001
 0.1414141   0.1330664832E-001   0.9942323437E+000   0.8993377434E+000   0.1021337457E+001
 0.1515152   0.1352927816E-001   0.9710778846E+000   0.9066102719E+000   0.1020953032E+001
 0.1616162   0.1411180394E-001   0.9879729024E+000   0.9057582045E+000   0.1026866209E+001
 0.1717172   0.1492559248E-001   0.1030122175E+001   0.9061480563E+000   0.1009601912E+001
 0.1818182   0.1594614798E-001   0.9924599942E+000   0.9098009257E+000   0.1013452212E+001
 0.1919192   0.1722006586E-001   0.9729621772E+000   0.9162452442E+000   0.1019793200E+001
 0.2020202   0.1881864017E-001   0.9853523500E+000   0.9198339303E+000   0.1005126040E+001
 0.2121212   0.2075473939E-001   0.9982997724E+000   0.9223255037E+000   0.1018724177E+001
 0.2222222   0.2315971009E-001   0.1018008654E+001   0.9279086916E+000   0.1005394431E+001
 0.2323232   0.2594064356E-001   0.9785460151E+000   0.9262239024E+000   0.1031640743E+001
 0.2424242   0.2902218548E-001   0.9944335453E+000   0.9289845413E+000   0.1013433546E+001
 0.2525253   0.3296111153E-001   0.9921680546E+000   0.9332152539E+000   0.9945795879E+000
 0.2626263   0.3737314264E-001   0.9994187098E+000   0.9424415391E+000   0.1013557652E+001
 0.2727273   0.4260750861E-001   0.9945785289E+000   0.9425160470E+000   0.9991462696E+000
 0.2828283   0.4898379216E-001   0.1013452029E+001   0.9466686870E+000   0.9971040770E+000
 0.2929293   0.5604534715E-001   0.9858321764E+000   0.9513006285E+000   0.1005651218E+001
 0.3030303   0.6522455903E-001   0.9810013651E+000   0.9553855375E+000   0.1026362724E+001
 0.3131313   0.7574986269E-001   0.9861946352E+000   0.9595828290E+000   0.1026232565E+001
 0.3232323   0.8696344997E-001   0.9942954658E+000   0.9667154315E+000   0.9968881535E+000
 0.3333333   0.1019350869E+000   0.9803045566E+000   0.9644754575E+000   0.1012640481E+001
 0.3434343   0.1191089771E+000   0.1036144908E+001   0.9757651132E+000   0.9902545590E+000
 0.3535354   0.1393065910E+000   0.9857897663E+000   0.9772772331E+000   0.9869627341E+000
 0.3636364   0.1630530935E+000   0.1005091313E+001   0.9800556945E+000   0.1003433462E+001
 0.3737374   0.1924426209E+000   0.1005973050E+001   0.9836669894E+000   0.9864824556E+000
 0.3838384   0.2260256819E+000   0.1014607459E+001   0.9878959836E+000   0.1015645753E+001
 0.3939394   0.2676550788E+000   0.1023681257E+001   0.9955016289E+000   0.9888540830E+000
 0.4040404   0.3149870332E+000   0.9778649871E+000   0.9980578156E+000   0.1001409431E+001
 0.4141414   0.3754257480E+000   0.1013690709E+001   0.1005382578E+001   0.9977064431E+000
 0.4242424   0.4445680623E+000   0.9859894884E+000   0.1013970049E+001   0.9935756444E+000
 0.4343434   0.5270152452E+000   0.1040103846E+001   0.1020593303E+001   0.1001407917E+001
 0.4444444   0.6246250028E+000   0.9999942056E+000   0.1015645483E+001   0.9997683110E+000
 0.4545455   0.7442133580E+000   0.1002024961E+001   0.1024549338E+001   0.9943283498E+000
 0.4646465   0.8942507998E+000   0.1006068719E+001   0.1033966395E+001   0.9925747279E+000
 0.4747475   0.1056880515E+001   0.9663782489E+000   0.1037042445E+001   0.9938990252E+000
 0.4848485   0.1265526127E+001   0.9706458929E+000   0.1042198834E+001   0.9902787747E+000
 0.4949495   0.1517639966E+001   0.9920556184E+000   0.1047196028E+001   0.9919663079E+000
 0.5050505   0.1670380029E+001   0.9790544437E+000   0.1050642458E+001   0.1014072236E+001
 0.5151515   0.1660831402E+001   0.9879112597E+000   0.1048552850E+001   0.1005884799E+001
 0.5252525   0.1667630783E+001   0.9782368155E+000   0.1051999925E+001   0.1002379069E+001
 0.5353535   0.1664717760E+001   0.9902290234E+000   0.1053174094E+001   0.9691243229E+000
 0.5454545   0.1670244069E+001   0.9895100235E+000   0.1059076850E+001   0.9862544243E+000
 0.5555556   0.1675136563E+001   0.1025008300E+001   0.1048437952E+001   0.9777007247E+000
 0.5656566   0.1666063333E+001   0.9978135352E+000   0.1049529443E+001   0.9688745982E+000
 0.5757576   0.1678641986E+001   0.9916122845E+000   0.1053571469E+001   0.9867261264E+000
 0.5858586   0.1681499742E+001   0.1027022782E+001   0.1053636286E+001   0.9790179591E+000
 0.5959596   0.1676714544E+001   0.1000378363E+001   0.1048729249E+001   0.1003740194E+001
 0.6060606   0.1681554128E+001   0.1010084368E+001   0.1052246293E+001   0.9988284383E+000
 0.6161616   0.1686500872E+001   0.9991563587E+000   0.1049573419E+001   0.9883314270E+000
 0.6262626   0.1698025514E+001   0.1016476464E+001   0.1054509900E+001   0.9714631581E+000
 0.6363636   0.1697558517E+001   0.1021593297E+001   0.1049848702E+001   0.1009991886E+001
 0.6464646   0.1701686620E+001   0.9984501805E+000   0.1055356575E+001   0.1004269408E+001
 0.6565657   0.1701460678E+001   0.9918992927E+000   0.1048781623E+001   0.1005333891E+001
 0.6666667   0.1702057712E+001   0.9668881569E+000   0.1057263578E+001   0.1001748955E+001
 0.6767677   0.1719388492E+001   0.9942589734E+000   0.1058284454E+001   0.1003248817E+001
 0.6868687   0.1733168402E+001   0.9924861307E+000   0.1055220052E+001   0.9466874468E+000
 0.6969697   0.1729757230E+001   0.9953128161E+000   0.1052745934E+001   0.9927341481E+000
 0.7070707   0.1742290820E+001   0.9931138995E+000   0.1055146585E+001   0.9632747124E+000
 0.7171717   0.1744865524E+001   0.1019706539E+001   0.1054741968E+001   0.1002573299E+001
 0.7272727   0.1759374901E+001   0.9942205083E+000   0.1059345044E+001   0.9830735882E+000
 0.7373737   0.1763113392E+001   0.1006233428E+001   0.1059559953E+001   0.9840790452E+000
 0.7474747   0.1773361104E+001   0.9887683392E+000   0.1059485187E+001   0.9831346320E+000
 0.7575758   0.1775644798E+001   0.9895583514E+000   0.1060841619E+001   0.9793428534E+000
 0.7676768   0.1784343360E+001   0.1004622829E+001   0.1054129782E+001   0.9880070372E+000
 0.7777778   0.1796857232E+001   0.9958365321E+000   0.1057484804E+001   0.9906889285E+000
 0.7878788   0.1804360486E+001   0.1008879624E+001   0.1057716541E+001   0.1005000421E+001
 0.7979798   0.1809149471E+001   0.9971305346E+000   0.1057062804E+001   0.9885392786E+000
 0.8080808   0.1827692407E+001   0.9973997897E+000   0.1059493079E+001   0.9869672746E+000
 0.8181818   0.1836114538E+001   0.1020588276E+001   0.1061755451E+001   0.1011121954E+001
 0.8282828   0.1854652543E+001   0.1021762445E+001   0.1060793397E+001   0.9944605273E+000
 0.8383838   0.1849427628E+001   0.1003104447E+001   0.1059995854E+001   0.9841865024E+000
 0.8484848   0.1860790758E+001   0.9961738407E+000   0.1056619820E+001   0.9923754527E+000
 0.8585859   0.1881090118E+001   0.1005640672E+001   0.1058633044E+001   0.9762442499E+000
 0.8686869   0.1886995888E+001   0.1000345815E+001   0.1060514788E+001   0.9877441957E+000
 0.8787879   0.1906561186E+001   0.1003325374E+001   0.1062613849E+001   0.1003260420E+001
 0.8888889   0.1911996869E+001   0.9998985362E+000   0.1060764016E+001   0.9877426822E+000
 0.8989899   0.1922030990E+001   0.1028848884E+001   0.1058914030E+001   0.1011737436E+001
 0.9090909   0.1928379351E+001   0.1024089085E+001   0.1059731384E+001   0.1002013310E+001
 0.9191919   0.1944080847E+001   0.1018781406E+001   0.1058321605E+001   0.9989838225E+000
 0.9292929   0.1956279052E+001   0.1006656050E+001   0.1059436192E+001   0.9954488315E+000
 0.9393939   0.1972454965E+001   0.1012640812E+001   0.1062387232E+001   0.9977084611E+000
 0.9494949   0.1975541318E+001   0.1021031116E+001   0.1059677743E+001   0.1003653421E+001
 0.9595960   0.1985964556E+001   0.1010173626E+001   0.1059775814E+001   0.9869264106E+000
 0.9696970   0.1999606681E+001   0.1013792297E+001   0.1059020349E+001   0.9973275680E+000
 0.9797980   0.2006586710E+001   0.1015325966E+001   0.1052986861E+001   0.1005086185E+001
 0.9898990   0.2021799825E+001   0.9965358063E+000   0.1056780401E+001   0.9857645604E+000
 1.0000000   0.2023424237E+001   0.9959465026E+000   0.1053735915E+001   0.9800133262E+000


