Compiled using GNU Fortran (Ubuntu 9.4.0-1ubuntu1~20.04.2) 9.4.0 with all optimizations
Last Brick update unknown
Compiled at 16:28:53 on Sep  3 2023
Starting at 18:37:47 on Dec 31 2024

Settings
OK                      

Forcefield
OK                      

Topology
OK                      

Configuration
OK                      Starting from random configuration.

 F
Monte Carlo Simulation initialized.

#########################################################################################################################
###########################################   ENERGY STARTING CONFIGURATION   ###########################################
#########################################################################################################################
                                               Box 1               Box 2
-------------------------------------------------------------------------------------------------------------------------
Lennard Jones        
 Intermolecular                          0.2097675528E+008   0.1474217523E+007
 Tailcorrection                         -0.4636799626E+004  -0.6962048891E+002
Total Intermolecular                     0.2097211848E+008   0.1474147903E+007

Electrostatic        
 Real                                   -0.5928069175E+004  -0.3185111280E+004
 Exclusion                               0.1043425830E+008   0.2037985693E+007
 Selfterm                               -0.1044989240E+008  -0.2038978394E+007
 Fourier                                 0.1558526705E+005   0.1007210485E+004
Total Intermolecular                    -0.5976905070E+004  -0.3170602407E+004

Intramolecular       
 Lennard Jones                           0.0000000000E+000   0.0000000000E+000
 Electrostatic                           0.0000000000E+000   0.0000000000E+000
 Bending                                 0.9343375086E+007   0.3104111324E+007
 Torsion                                 0.0000000000E+000   0.0000000000E+000

Total                                    0.3030951666E+008   0.4575088624E+007

#########################################################################################################################

Simulation is running...



#########################################################################################################################
###############################################   RELATIVE ENERGY DRIFTS   ##############################################
#########################################################################################################################
                                               Box 1               Box 2                                                 
-------------------------------------------------------------------------------------------------------------------------

Lennard Jones        
 Intermolecular                          0.1144521448E-013   0.0000000000E+000
 Tailcorrection                          0.0000000000E+000   0.0000000000E+000

Electrostatic        
 Real                                    0.9055176477E-014   0.0000000000E+000
 Exclusion                               0.2679981370E-015   0.3568509245E-015
 Selfterm                                0.0000000000E+000   0.0000000000E+000
 Fourier                                 0.1177823808E-015   0.1243117561E-015

Intramolecular       
 Lennard Jones                           0.0000000000E+000   0.0000000000E+000
 Electrostatic                           0.0000000000E+000   0.0000000000E+000
 Bending                                 0.6273140616E-014   0.0000000000E+000
 Torsion                                 0.0000000000E+000   0.0000000000E+000

Total                                    0.2576819999E-013   0.1424609121E-012

#########################################################################################################################
############################################   TRIAL MOVE ACCEPTANCE RATES   ############################################
#########################################################################################################################
                                               Box 1               Box 2
-------------------------------------------------------------------------------------------------------------------------
Translation
 N2                                           0.49669             0.99698
-------------------------------------------------------------------------------------------------------------------------
Rotation
 N2                                           0.50242             0.99979
-------------------------------------------------------------------------------------------------------------------------
Bond Bending
 N2                      
  Bending 1                                   0.32167             0.32527
-------------------------------------------------------------------------------------------------------------------------
Lambda Move
 N2                                           0.76752             0.98501
-------------------------------------------------------------------------------------------------------------------------
GE Swap Fractional
 N2                                           0.16702             0.28252
-------------------------------------------------------------------------------------------------------------------------
GE Identity Change
 N2                                           0.73678             0.92235
-------------------------------------------------------------------------------------------------------------------------
Volume                                        0.49625             0.49625

#########################################################################################################################
######################################################   AVERAGES   #####################################################
#########################################################################################################################
                                                       Boltzmann                                    Biased
                                               Box 1               Box 2                  Box 1               Box 2      
-------------------------------------------------------------------------------------------------------------------------
Density
 N2                                      0.9007883571E+003   0.8292555809E-001      0.9011785507E+003   0.7885211748E-001
 Total                                   0.9007883571E+003   0.8292555809E-001      0.9011785507E+003   0.7885211748E-001

Number of molecules
 N2                                      0.3997657709E+003   0.2342290994E+000      0.3997772600E+003   0.2227400000E+000
 Total                                   0.3997657709E+003   0.2342290994E+000      0.3997772600E+003   0.2227400000E+000

Mole fractions
 N2                                           1.00000             1.00000                 1.00000             1.00000

Volume                                   0.2064530083E+005   0.1313546992E+006      0.2063695837E+005   0.1313630416E+006

#########################################################################################################################
#######################################   PROPERTIES FROM THE CFC GIBBS ENSEMBLE   ######################################
#########################################################################################################################
                                                       Boltzmann                                    Biased
                                               Box 1               Box 2                  Box 1               Box 2      
Chemical Potentials (as an indication)
=========================================================================================================================

Total N2                                -0.1057260279E+004  -0.1058108367E+004     -0.1057225633E+004  -0.1062137899E+004
 Ideal gas                              -0.3155448149E+003  -0.1058991399E+004     -0.3155101689E+003  -0.1063020930E+004
 Excess                                 -0.7417154638E+003   0.8830313054E+000     -0.7417154638E+003   0.8830313054E+000

-------------------------------------------------------------------------------------------------------------------------

#########################################################################################################################
##################################################   AVERAGE ENERGIES   #################################################
#########################################################################################################################
                                                       Boltzmann                                    Biased
                                               Box 1               Box 2                  Box 1               Box 2      
-------------------------------------------------------------------------------------------------------------------------
Lennard Jones        
 Intermolecular                         -0.4041585298E+006  -0.4367225955E-001     -0.4037434060E+006  -0.8017013326E-001
 Tailcorrection                         -0.1075040883E+005  -0.1847345016E-002     -0.1074051369E+005  -0.2860843295E-002
Total Intermolecular                    -0.4149089387E+006  -0.4551960456E-001     -0.4144839197E+006  -0.8303097656E-001

Electrostatic        
 Real                                   -0.8988804423E+004  -0.1195036205E-002     -0.8982085454E+004  -0.1376511176E-002
 Exclusion                               0.1393512209E+008   0.4780629844E+004      0.1392929148E+008   0.5180327387E+004
 Selfterm                               -0.1393763190E+008  -0.4780733963E+004     -0.1393179985E+008  -0.5180454628E+004
 Fourier                                 0.1086619368E+004   0.1064725772E+000      0.1086782521E+004   0.1153624517E+000
Total Intermolecular                    -0.1041199527E+005   0.1158588713E-002     -0.1040367478E+005  -0.1325521378E-001

Intramolecular       
 Lennard Jones                           0.0000000000E+000   0.0000000000E+000      0.0000000000E+000   0.0000000000E+000
 Electrostatic                           0.0000000000E+000   0.0000000000E+000      0.0000000000E+000   0.0000000000E+000
 Bending                                 0.3220068642E+005   0.1872243801E+002      0.3217216391E+005   0.3223631049E+002
 Torsion                                 0.0000000000E+000   0.0000000000E+000      0.0000000000E+000   0.0000000000E+000

Total                                   -0.3931202475E+006   0.1867807700E+002     -0.3927154305E+006   0.3214002430E+002

#########################################################################################################################

No errors found in bookkeeping.

Total simulation time :  2 days and  15 hours

Simulation finished.

