Compiled using GNU Fortran (Ubuntu 9.4.0-1ubuntu1~20.04.2) 9.4.0 with all optimizations
Last Brick update unknown
Compiled at 16:28:53 on Sep  3 2023
Starting at 15:06:05 on Dec 31 2024

Settings
OK                      

Forcefield
OK                      

Topology
OK                      

Configuration
OK                      Starting from random configuration.

 F
Monte Carlo Simulation initialized.

#########################################################################################################################
###########################################   ENERGY STARTING CONFIGURATION   ###########################################
#########################################################################################################################
                                               Box 1               Box 2
-------------------------------------------------------------------------------------------------------------------------
Lennard Jones        
 Intermolecular                          0.1838753979E+008   0.8908104745E+006
 Tailcorrection                         -0.4551081903E+004  -0.6833345666E+002
Total Intermolecular                     0.1838298871E+008   0.8907421410E+006

Electrostatic        
 Real                                   -0.6660425504E+004  -0.3481976980E+004
 Exclusion                               0.1043425830E+008   0.2037985693E+007
 Selfterm                               -0.1044989240E+008  -0.2038978394E+007
 Fourier                                 0.1586722839E+005   0.8640196355E+003
Total Intermolecular                    -0.6427300058E+004  -0.3610658957E+004

Intramolecular       
 Lennard Jones                           0.0000000000E+000   0.0000000000E+000
 Electrostatic                           0.0000000000E+000   0.0000000000E+000
 Bending                                 0.9343375086E+007   0.3104111324E+007
 Torsion                                 0.0000000000E+000   0.0000000000E+000

Total                                    0.2771993649E+008   0.3991242806E+007

#########################################################################################################################

Simulation is running...



#########################################################################################################################
###############################################   RELATIVE ENERGY DRIFTS   ##############################################
#########################################################################################################################
                                               Box 1               Box 2                                                 
-------------------------------------------------------------------------------------------------------------------------

Lennard Jones        
 Intermolecular                          0.5231739486E-015   0.0000000000E+000
 Tailcorrection                          0.0000000000E+000   0.0000000000E+000

Electrostatic        
 Real                                    0.1772237141E-014   0.0000000000E+000
 Exclusion                               0.0000000000E+000   0.0000000000E+000
 Selfterm                                0.0000000000E+000   0.0000000000E+000
 Fourier                                 0.1790431339E-015   0.0000000000E+000

Intramolecular       
 Lennard Jones                           0.0000000000E+000   0.0000000000E+000
 Electrostatic                           0.0000000000E+000   0.0000000000E+000
 Bending                                 0.0000000000E+000   0.0000000000E+000
 Torsion                                 0.0000000000E+000   0.0000000000E+000

Total                                    0.6503349444E-014   0.1383949078E-013

#########################################################################################################################
############################################   TRIAL MOVE ACCEPTANCE RATES   ############################################
#########################################################################################################################
                                               Box 1               Box 2
-------------------------------------------------------------------------------------------------------------------------
Translation
 N2                                           0.49751             0.92135
-------------------------------------------------------------------------------------------------------------------------
Rotation
 N2                                           0.49438             0.99112
-------------------------------------------------------------------------------------------------------------------------
Bond Bending
 N2                      
  Bending 1                                   0.37526             0.37819
-------------------------------------------------------------------------------------------------------------------------
Lambda Move
 N2                                           0.73562             0.98744
-------------------------------------------------------------------------------------------------------------------------
GE Swap Fractional
 N2                                           0.30815             0.31063
-------------------------------------------------------------------------------------------------------------------------
GE Identity Change
 N2                                           0.86515             0.82461
-------------------------------------------------------------------------------------------------------------------------
Volume                                        0.48469             0.48469

#########################################################################################################################
######################################################   AVERAGES   #####################################################
#########################################################################################################################
                                                       Boltzmann                                    Biased
                                               Box 1               Box 2                  Box 1               Box 2      
-------------------------------------------------------------------------------------------------------------------------
Density
 N2                                      0.8087003266E+003   0.3652900295E+001      0.8098656554E+003   0.3674431344E+001
 Total                                   0.8087003266E+003   0.3652900295E+001      0.8098656554E+003   0.3674431344E+001

Number of molecules
 N2                                      0.3898196746E+003   0.1018032542E+002      0.3897566830E+003   0.1024331700E+002
 Total                                   0.3898196746E+003   0.1018032542E+002      0.3897566830E+003   0.1024331700E+002

Mole fractions
 N2                                           1.00000             1.00000                 1.00000             1.00000

Volume                                   0.2242608597E+005   0.1295739140E+006      0.2239021497E+005   0.1296097850E+006

#########################################################################################################################
#######################################   PROPERTIES FROM THE CFC GIBBS ENSEMBLE   ######################################
#########################################################################################################################
                                                       Boltzmann                                    Biased
                                               Box 1               Box 2                  Box 1               Box 2      
Chemical Potentials (as an indication)
=========================================================================================================================

Total N2                                -0.1046990300E+004  -0.1046569845E+004     -0.1046831905E+004  -0.1045923383E+004
 Ideal gas                              -0.4457367304E+003  -0.1039726497E+004     -0.4455783357E+003  -0.1039080035E+004
 Excess                                 -0.6012535698E+003  -0.6843348048E+001     -0.6012535698E+003  -0.6843348048E+001

-------------------------------------------------------------------------------------------------------------------------

#########################################################################################################################
##################################################   AVERAGE ENERGIES   #################################################
#########################################################################################################################
                                                       Boltzmann                                    Biased
                                               Box 1               Box 2                  Box 1               Box 2      
-------------------------------------------------------------------------------------------------------------------------
Lennard Jones        
 Intermolecular                         -0.3365024535E+006  -0.6829243297E+002     -0.3358982211E+006  -0.7372846292E+002
 Tailcorrection                         -0.9235928544E+004  -0.7623686198E+000     -0.9220274442E+004  -0.8214576290E+000
Total Intermolecular                    -0.3457383820E+006  -0.6905480159E+002     -0.3451184956E+006  -0.7454992055E+002

Electrostatic        
 Real                                   -0.5301796354E+004  -0.1066753786E+001     -0.5299702220E+004  -0.1094548824E+001
 Exclusion                               0.1358722055E+008   0.2077479252E+006      0.1357683491E+008   0.2106375158E+006
 Selfterm                               -0.1358968584E+008  -0.2077525483E+006     -0.1357929779E+008  -0.2106422396E+006
 Fourier                                 0.1216517257E+004   0.4767508117E+001      0.1215242327E+004   0.4835888981E+001
Total Intermolecular                    -0.6550564960E+004  -0.9224143728E+000     -0.6547348101E+004  -0.9824659337E+000

Intramolecular       
 Lennard Jones                           0.0000000000E+000   0.0000000000E+000      0.0000000000E+000   0.0000000000E+000
 Electrostatic                           0.0000000000E+000   0.0000000000E+000      0.0000000000E+000   0.0000000000E+000
 Bending                                 0.4312870339E+005   0.1122586124E+004      0.4307902637E+005   0.1179843950E+004
 Torsion                                 0.0000000000E+000   0.0000000000E+000      0.0000000000E+000   0.0000000000E+000

Total                                   -0.3091602436E+006   0.1052608908E+004     -0.3085868173E+006   0.1104311563E+004

#########################################################################################################################

No errors found in bookkeeping.

Total simulation time :  1 days and  18 hours

Simulation finished.

