#   100 bins for weightfunction of N2                      
 0.0000000    0.5430859375E+001    0.3648828125E+001
 0.0101010    0.5367968750E+001    0.3598828125E+001
 0.0202020    0.5442187500E+001    0.3644531250E+001
 0.0303030    0.5494921875E+001    0.3601562500E+001
 0.0404040    0.5596093750E+001    0.3617578125E+001
 0.0505051    0.5740625000E+001    0.3628125000E+001
 0.0606061    0.5889062500E+001    0.3641796875E+001
 0.0707071    0.6025781250E+001    0.3607031250E+001
 0.0808081    0.6193750000E+001    0.3616406250E+001
 0.0909091    0.6369921875E+001    0.3603906250E+001
 0.1010101    0.6534765625E+001    0.3613281250E+001
 0.1111111    0.6650390625E+001    0.3615234375E+001
 0.1212121    0.6842968750E+001    0.3589453125E+001
 0.1313131    0.6962890625E+001    0.3675000000E+001
 0.1414141    0.6857031250E+001    0.3610937500E+001
 0.1515152    0.6853906250E+001    0.3619921875E+001
 0.1616162    0.6882812500E+001    0.3636328125E+001
 0.1717172    0.6743750000E+001    0.3583984375E+001
 0.1818182    0.6696093750E+001    0.3628125000E+001
 0.1919192    0.6524609375E+001    0.3570703125E+001
 0.2020202    0.6426171875E+001    0.3584765625E+001
 0.2121212    0.6301171875E+001    0.3651171875E+001
 0.2222222    0.6162500000E+001    0.3634765625E+001
 0.2323232    0.6016015625E+001    0.3584765625E+001
 0.2424242    0.5853515625E+001    0.3629296875E+001
 0.2525253    0.5734375000E+001    0.3633593750E+001
 0.2626263    0.5553906250E+001    0.3640625000E+001
 0.2727273    0.5341015625E+001    0.3616796875E+001
 0.2828283    0.5182031250E+001    0.3611718750E+001
 0.2929293    0.5008984375E+001    0.3628515625E+001
 0.3030303    0.4872656250E+001    0.3613281250E+001
 0.3131313    0.4631640625E+001    0.3613281250E+001
 0.3232323    0.4402343750E+001    0.3600000000E+001
 0.3333333    0.4194921875E+001    0.3562500000E+001
 0.3434343    0.3985156250E+001    0.3601953125E+001
 0.3535354    0.3831640625E+001    0.3608593750E+001
 0.3636364    0.3523437500E+001    0.3616796875E+001
 0.3737374    0.3363281250E+001    0.3583593750E+001
 0.3838384    0.3116796875E+001    0.3608984375E+001
 0.3939394    0.2907031250E+001    0.3576171875E+001
 0.4040404    0.2697265625E+001    0.3556250000E+001
 0.4141414    0.2521875000E+001    0.3597265625E+001
 0.4242424    0.2135937500E+001    0.3627343750E+001
 0.4343434    0.1978125000E+001    0.3601171875E+001
 0.4444444    0.1715234375E+001    0.3608593750E+001
 0.4545455    0.1458984375E+001    0.3603906250E+001
 0.4646465    0.1226171875E+001    0.3621093750E+001
 0.4747475    0.9402343750E+000    0.3591406250E+001
 0.4848485    0.6281250000E+000    0.3547265625E+001
 0.4949495    0.4433593750E+000    0.3572656250E+001
 0.5050505    0.2570312500E+000    0.3614062500E+001
 0.5151515    0.3003906250E+000    0.3550781250E+001
 0.5252525    0.2625000000E+000    0.3579296875E+001
 0.5353535    0.2699218750E+000    0.3579296875E+001
 0.5454545    0.2875000000E+000    0.3577343750E+001
 0.5555556    0.2859375000E+000    0.3612500000E+001
 0.5656566    0.2589843750E+000    0.3567187500E+001
 0.5757576    0.2339843750E+000    0.3571484375E+001
 0.5858586    0.2988281250E+000    0.3578125000E+001
 0.5959596    0.2644531250E+000    0.3594531250E+001
 0.6060606    0.2273437500E+000    0.3538281250E+001
 0.6161616    0.2394531250E+000    0.3586718750E+001
 0.6262626    0.3011718750E+000    0.3545703125E+001
 0.6363636    0.2875000000E+000    0.3570312500E+001
 0.6464646    0.2316406250E+000    0.3569921875E+001
 0.6565657    0.2296875000E+000    0.3571484375E+001
 0.6666667    0.2601562500E+000    0.3553906250E+001
 0.6767677    0.2523437500E+000    0.3558203125E+001
 0.6868687    0.1917968750E+000    0.3614062500E+001
 0.6969697    0.2523437500E+000    0.3566406250E+001
 0.7070707    0.2199218750E+000    0.3584765625E+001
 0.7171717    0.2398437500E+000    0.3565625000E+001
 0.7272727    0.1878906250E+000    0.3555859375E+001
 0.7373737    0.2113281250E+000    0.3579687500E+001
 0.7474747    0.2140625000E+000    0.3545312500E+001
 0.7575758    0.2183593750E+000    0.3573046875E+001
 0.7676768    0.2003906250E+000    0.3569531250E+001
 0.7777778    0.1828125000E+000    0.3553515625E+001
 0.7878788    0.1835937500E+000    0.3571484375E+001
 0.7979798    0.1476562500E+000    0.3553906250E+001
 0.8080808    0.1312500000E+000    0.3548437500E+001
 0.8181818    0.1437500000E+000    0.3569921875E+001
 0.8282828    0.1433593750E+000    0.3550390625E+001
 0.8383838    0.1250000000E+000    0.3549609375E+001
 0.8484848    0.1605468750E+000    0.3609375000E+001
 0.8585859    0.1410156250E+000    0.3578515625E+001
 0.8686869    0.1140625000E+000    0.3547265625E+001
 0.8787879    0.9687500000E-001    0.3558203125E+001
 0.8888889    0.1183593750E+000    0.3581640625E+001
 0.8989899    0.1046875000E+000    0.3574609375E+001
 0.9090909    0.8398437500E-001    0.3588671875E+001
 0.9191919    0.7460937500E-001    0.3553125000E+001
 0.9292929    0.5468750000E-001    0.3594921875E+001
 0.9393939    0.5195312500E-001    0.3585937500E+001
 0.9494949    0.0000000000E+000    0.3521093750E+001
 0.9595960    0.3085937500E-001    0.3559375000E+001
 0.9696970    0.2343750000E-001    0.3596875000E+001
 0.9797980    0.2382812500E-001    0.3587109375E+001
 0.9898990    0.2929687500E-001    0.3572656250E+001
 1.0000000    0.4804687500E-001    0.3577343750E+001


