Simulation state at cycle:    1100000
##############################################################################                                           

Number-of-molecules: 401   

Box-size(s):    27.933343   50.684507

------------------------------------------------------------------------------                                           

Deltas
Translation per molecule type
Box 1    0.5577679383E+000
Box 2    0.2534989811E+002

Rotation per molecule type
Box 1    0.9061480424E+002
Box 2    0.1800000000E+003

Volume    Delta_Volume
Box 1   0.3632720691E+003
Box 2   0.1681815135E+004

------------------------------------------------------------------------------                                           

Molecules in box 1
##############################################################################                                           
Moleculetype  1
Number-of-molecules: 397   
Atomtype         X                  Y                   Z
  1       17.2865248639        8.9660100825        6.7458479508
  2       17.6141775890        9.4002211807        6.8271154963
  1       17.9291877319        9.8443953007        6.9044327643
  1        4.5510984163       26.4958303216        7.6478372439
  2        4.4400062047       26.7664642987        8.1135794160
  1        4.3504756347       27.0404105688        8.5820212130
  1       15.8686446041        3.6724259920       16.4442234140
  2       15.5688992711        4.0071647906       16.7614026569
  1       15.2704798934        4.3369679736       17.0849389523
  1       11.5630205789       24.1689588433        6.2078161886
  2       11.8740132789       23.7316182646        6.3283017013
  1       12.1860535762       23.2927860396        6.4403603031
  1       20.9460462643        2.0440584282       12.9198335660
  2       21.3785552454        2.1596058246       13.2393406559
  1       21.8047812239        2.2770827326       13.5664959559
  1        6.3662395103       14.8631363193        2.4096138699
  2        6.6993496985       15.2753832348        2.2626782268
  1        7.0341564369       15.6859233228        2.1148226113
  1       16.6863308400       17.0248423769        8.6201796103
  2       17.0703988029       16.6546040421        8.4863312808
  1       17.4544284771       16.2834986021        8.3547943632
  1       18.8505413273       24.8031262845        9.1333943073
  2       18.4100186341       25.0781506265        8.9522828277
  1       17.9603992562       25.3373721928        8.7702207679
  1       26.4909056505       12.1846466101       26.0857156182
  2       26.4547569234       12.5917900229       25.7177108479
  1       26.4015046735       13.0066196595       25.3605266245
  1       19.6192032217       18.7821810134        7.6816626485
  2       20.1690007713       18.7681830499        7.6764943341
  1       20.7166127512       18.7409104431        7.7198224238
  1       19.6503903427       22.6920254147       21.2429753775
  2       19.5319873217       22.6167436378       20.7111733667
  1       19.4166488202       22.5227275462       20.1816849310
  1       23.2648991758        7.7342809978       16.2908467256
  2       22.7743714178        7.4874663535       16.2597814722
  1       22.2914418444        7.2299446143       16.2053610714
  1       27.2344527618       20.7804870770       14.2120841655
  2       27.2775830814       20.3890978366       13.8280864598
  1       27.2821117006       19.9841536213       13.4559310177
  1        1.3326251528        1.4082673195       22.4081037559
  2        1.0651408206        0.9775131597       22.6211835200
  1        0.7995155250        0.5329912250       22.8065033810
  1       10.6814153340       17.5180961966       16.6883725040
  2       10.4211569892       17.2803421720       16.2661893473
  1       10.1693867804       17.0453512638       15.8373641685
  1       13.1600023312        5.0078386750       14.1777283862
  2       12.7804283104        4.7248674031       14.4576405545
  1       12.4148876515        4.4457756526       14.7592824290
  1       24.8207931116       18.7853071136       16.7410465871
  2       25.1946604237       18.7111553162       16.3445308322
  1       25.5600553705       18.6364117559       15.9403032577
  1       17.3543105703        4.3399150423       23.3423383406
  2       17.7651108551        4.2422732122       22.9899050858
  1       18.1841749203        4.1409531579       22.6484090319
  1        9.0390446804        3.6781871754       14.9942617123
  2        9.1670081476        3.1447087098       15.0333267573
  1        9.3129976141        2.6146396630       15.0479514072
  1        4.8639671768       26.6081013706       11.8310360951
  2        4.7953228337       27.0956665346       12.0761241712
  1        4.7404015842       27.6030329949       12.2812166633
  1       18.4620907068        7.7905704094        3.4602698426
  2       18.4801681416        8.2305229139        3.1307019434
  1       18.5120521588        8.6745696079        2.8077376390
  1       14.5137492888       12.9050582712        5.8330491746
  2       14.5786837108       13.2856308065        6.2247736520
  1       14.6496650655       13.6465555181        6.6336685026
  1        2.0961328044       19.9073739840        9.8028525938
  2        2.6326861118       19.9430528084        9.9183409904
  1        3.1666700021       19.9803313802       10.0447194377
  1       26.1280041761        1.7747774141        4.2726863567
  2       26.1844929113        1.2814612834        4.0361526003
  1       26.2275530582        0.7848412026        3.8037427938
  1        7.2648811471       16.5118255201       16.3169355655
  2        7.1466721068       16.6135224529       15.7895037152
  1        7.0298150494       16.7130780405       15.2613625295
  1        1.7796716450       21.5637644219       16.3792986925
  2        1.4741627702       21.9487413316       16.6261936225
  1        1.1749915584       22.3350052122       16.8787739058
  1        4.8591532706        7.8924944492       27.4548900976
  2        4.7473690473        8.4070343335       27.2959781884
  1        4.6529052895        8.9256899659       27.1392206289
  1       10.0063271894       23.2918990978       14.1477372257
  2       10.5056448393       23.1176190069       14.2987615097
  1       11.0113445858       22.9638817612       14.4508556406
  1        8.4282631985       12.1376052194        4.6293979404
  2        8.8016065176       12.4954838756        4.8165813626
  1        9.1631605334       12.8638720452        5.0064993691
  1       27.2030681431       25.9522863686       13.8054887533
  2       27.1262505930       25.4363107670       13.9797536167
  1       27.0402248626       24.9169799202       14.1391118427
  1       24.0885915266       24.1854287287        7.1050945577
  2       24.6068825922       24.0014396753        7.1098273788
  1       25.1242895375       23.8149595698        7.1059258098
  1       12.1767919119       21.5226872757       17.5220269963
  2       12.1722948235       21.0872153236       17.1861044530
  1       12.2077679523       20.6694965432       16.8300810316
  1        9.4646599388       16.8451484669        4.4918415498
  2        9.1140933619       16.9892034913        4.8904029944
  1        8.7491762979       17.1011227563        5.2863949306
  1       24.1206391886       18.8839237802       26.2946733470
  2       24.3102368272       18.7813753591       26.8006738971
  1       24.5104391393       18.7194825921       27.3091896969
  1       13.8569874893       20.4144177113        8.1675395063
  2       13.5847725846       20.8752448436        8.2941783618
  1       13.3122546718       21.3313203235        8.4364075530
  1       17.8957031982       11.5102797066        0.7357970356
  2       17.3598386962       11.4652700053        0.8512239054
  1       16.8225643975       11.4494286516        0.9677802371
  1        3.3787284485       25.9477864279       21.5912770976
  2        2.9907940208       26.0485091157       21.2146316145
  1        2.5826075630       26.1382837084       20.8571063187
  1       25.2625482993       26.7896215963       24.0583871489
  2       25.1710566134       26.9105593367       23.5297063999
  1       25.0654888889       27.0395860697       23.0055808837
  1        1.9432533071       15.7861978757       23.0531348900
  2        2.2387486072       16.0839457028       23.4088437022
  1        2.5367156297       16.3874000569       23.7576002182
  1       21.7050461637       21.8480267325        7.8650302661
  2       21.1910439155       22.0101941902        7.9745903155
  1       20.6786987065       22.1721499108        8.0919475922
  1       12.6440443497        8.6833749078       20.5218781583
  2       12.2008401455        9.0061765629       20.5651115346
  1       11.7737783209        9.3507531354       20.6023295771
  1        1.0234175351        8.2913243136        2.9207906035
  2        1.0677717218        8.6176698045        2.4803007322
  1        1.0864869957        8.9659131630        2.0550051870
  1        8.1373006710       11.2491146595        1.2472526152
  2        8.2541941913       10.7554571966        1.0347950565
  1        8.3549864271       10.2594993953        0.8194655800
  1        2.9572942803        0.4254364579        5.1104291818
  2        3.4124820027        0.4585212921        4.8034934702
  1        3.8608196697        0.4806342070        4.4856816479
  1        5.8919365611        8.9411801982        8.6136426325
  2        5.4954558110        8.5797014719        8.4926626951
  1        5.1155035714        8.2057954836        8.3572721250
  1        6.8215776169       24.8795676066       21.1769696843
  2        6.7434862192       25.3730506197       20.9470213218
  1        6.6517001390       25.8622929061       20.7131040295
  1       11.4251504471       12.5855560106        1.2250832097
  2       11.0800533832       12.6247881872        1.6515440553
  1       10.7319492635       12.6612512158        2.0758010156
  1        1.0456048469       17.2139763557       13.4542761224
  2        1.2839800086       17.3810888617       12.9876384764
  1        1.5443974282       17.5282124120       12.5260786997
  1       16.0191841523        8.9374990935       19.4550023900
  2       15.8319862144        8.7586609156       18.9697459237
  1       15.6427699239        8.6047070453       18.4768002875
  1        1.0072528760       11.2723790131       20.1797117929
  2        0.6597529536       11.5769822190       20.4779745811
  1        0.3133317212       11.8956025115       20.7625329020
  1       21.9747648520       15.3764010329       26.9639667372
  2       22.3501927722       15.7766164762       26.9267985285
  1       22.7123469751       16.1904191692       26.9162314312
  1       24.1513937695        6.6937611356        7.8069904281
  2       23.8556861453        6.7853713078        7.3523866695
  1       23.5965979532        6.8958476700        6.8799797674
  1        2.2296618915       27.5702298180       26.0563088309
  2        2.4364552107       27.0614401036       26.0268207042
  1        2.6516840983       26.5553499542       26.0338410809
  1        9.0879642367        9.1113271139       13.4086521293
  2        8.7858303165        9.1289665505       13.8678949241
  1        8.4727630945        9.1442594383       14.3198407627
  1       26.8051706548        8.6478444650        6.1204093467
  2       26.4237157859        8.9592254295        6.3654278724
  1       26.0562206044        9.2950416234        6.5992542491
  1        5.9700319968        7.5227663334       12.4724789325
  2        5.8472568403        7.2738872288       11.9976258475
  1        5.7155040100        7.0318086949       11.5216645317
  1        4.8899431872       24.3717598069       24.5633353233
  2        5.4297385910       24.4426121079       24.4852272351
  1        5.9651672132       24.5174530402       24.3841578313
  1       11.6086326749        2.4919377908       11.4341622922
  2       11.2738002941        2.1094937868       11.2241054889
  1       10.9463693488        1.7305527955       10.9967452017
  1       17.0389347293       21.1516747380        8.7974269588
  2       16.9744862372       21.1072795401        8.2530231947
  1       16.9580687357       21.0544672222        7.7058108742
  1       24.1010972358        7.8183815432       24.1354088533
  2       24.1723298708        8.2593644747       24.4562826071
  1       24.2478217347        8.6787099802       24.8040617388
  1       25.9702905223        3.1717701898       20.0635542932
  2       25.5179627728        2.9046780740       20.2265310053
  1       25.0873688204        2.6095165517       20.3996451956
  1       17.7762616346       12.6031117370        9.2992268905
  2       17.8276572851       12.6190710749        8.7518661442
  1       17.8914904650       12.6457079838        8.2062327515
  1        6.0899037898        5.9040223844       24.5787179865
  2        6.2129669534        6.4350219825       24.6521678646
  1        6.3202132617        6.9682471660       24.7338326182
  1       14.2302672319        4.3401737319       24.2601354525
  2       14.0151621479        3.8876942381       24.4870541835
  1       13.7853838036        3.4397333473       24.7084880377
  1        9.8383115241       12.9398889821       21.4114532456
  2       10.2378920429       13.0778417663       21.7633117944
  1       10.6593243322       13.2228587189       22.0855925850
  1       11.3687887549       22.8424118659        2.6830214401
  2       11.7057802432       23.0298636520        2.2908498389
  1       12.0418787605       23.2329465007        1.9057587559
  1       25.8427634112        8.9369843376       18.3339402123
  2       25.5961752406        9.3239063122       18.6372315897
  1       25.3359388144        9.7235679203       18.9111797609
  1       13.0561379453        7.5082496655       16.3956306207
  2       12.5590084495        7.4261598206       16.6161380396
  1       12.0559938544        7.3338527975       16.8185132595
  1       13.4609768852        6.3151849908       27.2212033403
  2       12.9798089077        6.5767118485       27.1703990078
  1       12.4941508750        6.8277239541       27.1101561901
  1       27.0114628837        7.7637038074       14.4922011936
  2       26.9814229093        8.2643274631       14.7179744323
  1       26.9582030803        8.7732874252       14.9251472962
  1       17.2342101727       16.3264528814        4.6214898966
  2       17.5486031540       16.5513107923        4.2302150913
  1       17.8575538427       16.7749062858        3.8339140363
  1       25.5115328497       18.7657570815        6.4185294601
  2       25.4366873814       19.2906813521        6.2724039458
  1       25.3788539856       19.8164617117        6.1217045402
  1       19.9889936802        4.7079663316       26.7263298731
  2       20.2809955389        4.2724980775       26.5601904313
  1       20.5441638712        3.8203692366       26.3904201775
  1        1.1784192761        8.6278671145       17.7142686913
  2        1.1954143885        8.1147369547       17.5170160481
  1        1.1886591246        7.5957442643       17.3350793758
  1       21.2741182558       22.1238314787       25.1240439880
  2       21.5232581583       22.5305253680       25.3979589189
  1       21.7923955166       22.9143161937       25.6856561268
  1       11.0089275336       27.0545584902       16.6888959429
  2       11.0018558603       26.5280377236       16.5300693903
  1       10.9995585553       26.0012653007       16.3719380024
  1        4.0607334337       10.7977979902       21.1310796676
  2        4.2794508016       10.7797347853       20.6267618773
  1        4.4790326057       10.7651983874       20.1144574799
  1       10.5339451072        4.4373154925        8.5993194825
  2       10.8513030361        4.7981159356        8.8669142980
  1       11.1888757702        5.1424402179        9.1314619058
  1        0.4499396734       19.7685687710       27.2171931565
  2        0.1844683430       19.4801525871       26.8313938854
  1       -0.0744533894       19.1816200099       26.4488525989
  1       18.7129826034       19.3787962265       17.6711021871
  2       18.4640666335       19.0911719532       18.0683591787
  1       18.2382238755       18.8153583803       18.4871931800
  1       22.4168796316        4.3477911829       23.3598988413
  2       22.9409623216        4.3696019931       23.5253123310
  1       23.4636689282        4.4009243621       23.6935285952
  1       17.6710259131       26.4550879012       20.0043023967
  2       17.9507161326       26.2025877401       20.4049481876
  1       18.2218060137       25.9623925913       20.8188522416
  1       14.4821319298       22.4325177415       27.5525231278
  2       14.5476700768       21.9724657351       27.8467286729
  1       14.6118204040       21.4975980170       28.1167016063
  1        8.2031755819       23.8419464571        6.8378971366
  2        8.0961646964       24.3636403363        6.7004774627
  1        7.9914881429       24.8871102788        6.5681066295
  1        8.7894798214       15.9261124676       11.8363550699
  2        8.7838624502       15.7811596250       12.3668803931
  1        8.7779525483       15.6485499970       12.9006216775
  1       24.5742751589        5.1309947894       27.1224603682
  2       24.0653123727        5.3393245912       27.1299152938
  1       23.5483160003        5.5249487978       27.1574544281
  1        6.7584263594       20.0482373997        1.3774214305
  2        6.4679804469       20.3571749858        1.0271376315
  1        6.1958771799       20.6591939901        0.6566726101
  1       17.5053462078       22.1789055198       11.9032646367
  2       17.4309309615       22.4872572459       12.3525769826
  1       17.3470969114       22.7885618566       12.8050008796
  1       19.2514978445        9.6844777968       17.4929993158
  2       19.2324537003        9.1361198748       17.5309586351
  1       19.2318433033        8.5872076898       17.5655279787
  1        4.2541131192       27.1347003945       17.3454906191
  2        4.2623847962       26.7338528409       17.7219913735
  1        4.2728344550       26.3125249739       18.0753660078
  1        9.3212146412       23.1769326989       18.3375357499
  2        9.3735962125       23.5612101205       18.7275191268
  1        9.4287704765       23.9389795126       19.1234308416
  1        6.9678780250       20.0158586177       18.9734645212
  2        7.2516927625       19.5748496106       19.1391758679
  1        7.5473604177       19.1455296339       19.3145753954
  1       23.6928553186       25.1565015518       14.2252221977
  2       23.3699064368       25.1201895987       14.6689399704
  1       23.0280830701       25.1017443257       15.0994240663
  1        4.7762808472       17.4133319879        3.8811817256
  2        4.7889256291       17.9483918134        4.0078746322
  1        4.7946208889       18.4786612547        4.1537577452
  1       10.0303639936       20.2055371451        1.7698924266
  2       10.1106246893       19.7964188927        2.1286130370
  1       10.1713015816       19.3844033889        2.4878643952
  1       23.6194352426       19.6460474624        9.4602372583
  2       23.7504094145       19.8778427780        9.9415029832
  1       23.8886833378       20.0840275743       10.4322861847
  1       21.2371954072        1.5566363476       21.5870122326
  2       21.3334133025        1.3970288086       21.0695496251
  1       21.4060049803        1.2389261682       20.5477891414
  1       22.8931291753        3.4052374666       16.9728014943
  2       23.2516517077        3.0069181725       16.8490948506
  1       23.6288347439        2.6294217115       16.7159431395
  1       17.1071402382        5.3271599875        5.4720453467
  2       17.2085343905        5.1152394313        4.9747437242
  1       17.2938391969        4.9138208718        4.4701115286
  1       25.6775138823       11.8048190419        8.8246861585
  2       25.7704337279       11.3250352324        9.0770220425
  1       25.8650541807       10.8642316489        9.3619905080
  1        8.5245201254       -0.1356298315       18.6630286543
  2        8.2794155507        0.3387289282       18.7949661948
  1        8.0367463885        0.8132473277       18.9307747559
  1       13.4330431168       18.8845481376        2.1200833844
  2       13.8156029055       18.4990882239        2.2070814475
  1       14.1947283862       18.1099256601        2.2926172168
  1        1.6701094000       22.9647290391       12.3540371167
  2        1.9887980065       22.5168133221       12.3364563722
  1        2.3079910793       22.0689262893       12.3328526037
  1       15.3872532481        1.2083758284       21.5521907563
  2       15.0314516158        1.6275176855       21.5371806868
  1       14.6685881936        2.0399182583       21.5096869905
  1        3.8916930684       11.0656175694        1.9684072529
  2        4.3821863712       11.2234009514        1.7759995499
  1        4.8808207094       11.3682612879        1.5946731076
  1       13.7735004738       24.2968524239       18.3510485006
  2       14.3115844871       24.3610260515       18.4451088013
  1       14.8476726547       24.4233969243       18.5510302332
  1       15.5805767346       27.6736929693       27.1803679811
  2       15.5282836687       27.8890038213       27.6837631264
  1       15.5005180519       28.1120269983       28.1857489150
  1       23.1358187565       20.2595619430       23.1289494712
  2       22.9054196617       20.6681815519       22.8418148819
  1       22.6569238947       21.0649989487       22.5532220782
  1        0.5578772499        0.4543256098        1.3143954856
  2        0.8154918959        0.5577985338        1.7891881226
  1        1.0718684332        0.6960362900        2.2557300745
  1       15.8112780472       21.4447655113        3.3396041865
  2       15.8240708906       21.0539761428        3.7264116483
  1       15.8485979159       20.6684416025        4.1178979728
  1       26.4303882360       16.4209943573       24.4822046141
  2       26.2270782471       16.7401117336       24.0830440592
  1       26.0389013756       17.0507352998       23.6700035477
  1       24.7748553946       13.0942162034        6.0187479719
  2       24.2914357680       13.3545479200        5.9866098024
  1       23.8247557296       13.6455452679        5.9811066863
  1       18.3707666956       22.4138040754        0.6755903487
  2       18.8387629391       22.3201371540        0.4022663215
  1       19.2909070370       22.2126848508        0.1081239813
  1        4.8572025987       11.1036171064        6.4126668728
  2        4.8342573321       11.1233902754        5.8635015639
  1        4.7979467766       11.1528939286        5.3154951068
  1       23.6904990418        9.1878367774        3.3274460208
  2       23.6747440373        9.6540217254        3.6188621735
  1       23.6627991071       10.1240129970        3.9042838303
  1       20.5821532826       26.6219544074        6.8629996952
  2       21.0341763606       26.4273832250        7.1085952814
  1       21.4935757513       26.2342620989        7.3413106213
  1        7.6571469185        1.9606196715        9.7207953638
  2        7.5159789070        2.4257545904        9.4634607573
  1        7.3625093055        2.8878148363        9.2076338439
  1       10.8563526156        6.1616327015        5.7208436875
  2       11.0928838608        6.1594604921        5.2243074335
  1       11.3088035434        6.1685001473        4.7185436800
  1       20.6363642499        7.6264711523        7.7671887658
  2       20.3975809796        7.1928364015        8.0068624037
  1       20.1701606693        6.7464161357        8.2337741657
  1        8.1074045504       26.9032486073       26.1487955289
  2        8.2746966275       27.4227660771       26.2167290215
  1        8.4503710122       27.9386831194       26.2906757260
  1       27.3798655147        3.8354639901        1.3592217752
  2       27.5747005696        4.1180385264        0.9294649454
  1       27.7625857267        4.4061697032        0.5003034470
  1        6.4601369519       13.1222539697       18.5459290976
  2        6.1307614218       13.2244107765       18.1174716937
  1        5.7969875308       13.3313587807       17.6936119137
  1       18.8315726399       26.9096386026        2.9229883190
  2       18.9919611987       26.4501554602        2.6667642919
  1       19.1514961478       25.9870785032        2.4165477240
  1       21.4405846776       10.8619569841        6.8828614652
  2       21.9150196404       10.8379632162        7.1600541152
  1       22.3706078344       10.8011105606        7.4659646875
  1        2.8082563417       24.0119857330        9.0820515911
  2        3.2798720999       23.7290066248        9.0808679590
  1        3.7369683765       23.4231276481        9.0818899563
  1       12.9908463838        5.2297153095       19.5818371805
  2       13.4855463665        5.0951492902       19.7809951920
  1       13.9715354730        4.9211606554       19.9708439272
  1        2.3445380881       12.1644068414       16.7576740794
  2        1.8075145494       12.1226643604       16.6464837732
  1        1.2721648370       12.0888433332       16.5250061107
  1       21.3957440009       13.4781018812        3.5875215306
  2       21.0213821904       13.4249851345        3.1881071517
  1       20.6596839157       13.3398613548        2.7826095571
  1        6.3571125608        4.5456889715       -0.0144426369
  2        6.7688096386        4.1858711279        0.0450269812
  1        7.1757608712        3.8185907949        0.0897019219
  1       18.7304961723        2.4380095863        3.3987654551
  2       18.9987887996        2.5594379053        2.9342504075
  1       19.2877024403        2.7186738747        2.4941676729
  1       22.8999156344       16.9658945425       22.5812957433
  2       22.8357629570       16.7929862916       23.0994532201
  1       22.7446235520       16.6611381739       23.6255802786
  1       24.6313178699        8.7015164584        0.3661015419
  2       25.0148313513        8.3076395517        0.3827866243
  1       25.3994003057        7.9145052096        0.3900051688
  1        7.7042682985        4.8157895517       21.9291168924
  2        7.6938763658        4.4284583273       21.5387753365
  1        7.6787001254        4.0537317209       21.1364699161
  1        5.2679100840       25.8707588690        3.8867861130
  2        5.0205782154       25.4868364165        4.1932669398
  1        4.7830598475       25.0902185540        4.4912254857
  1       24.7282085106        5.4122089262       13.8743523933
  2       24.1810350332        5.4544028791       13.8380088103
  1       23.6326649387        5.4830554545       13.8068757351
  1       16.1765351007        3.1275141862       27.6192451044
  2       16.4832321813        3.2004779993       27.1685643053
  1       16.7835728722        3.2489779624       26.7103686899
  1       11.0144434551       25.0755099691       24.4354472137
  2       10.8491635864       25.2842556319       23.9541907194
  1       10.7166223210       25.5254994791       23.4780245529
  1        1.3655045254       18.2956880869       16.3216572304
  2        1.0286287334       18.3108725170       16.7561501922
  1        0.6739009274       18.3192786470       17.1763852688
  1       17.5671738429       12.9748543513        4.1682189968
  2       17.7910728359       12.5611153856        4.4531563745
  1       18.0001352556       12.1386612339        4.7365737230
  1       27.4327050872       22.1200652606        9.8674464404
  2       27.0563229732       21.7325257692        9.7642493140
  1       26.6824389731       21.3404998851        9.6692416318
  1        8.9213858348        5.7404284145       12.1388971925
  2        8.8601665083        5.2742592228       11.8535229142
  1        8.8013803436        4.8017265332       11.5782829404
  1       12.1455932878        1.7568426146       28.0418430213
  2       12.1367779069        2.2042358717       27.7220594029
  1       12.1320487132        2.6415441427       27.3885341268
  1        4.6695257465       13.8103206096       27.2159095475
  2        4.7032865624       14.3536031593       27.1371423051
  1        4.7506609553       14.8944978158       27.0494574348
  1       26.7561608831        3.3042720717        8.4157459241
  2       26.5268115956        3.4734402731        7.9453407541
  1       26.3025517022        3.6595794645        7.4789078001
  1        8.8081877238       15.5661659828       23.7022837629
  2        9.0800160829       16.0363911309       23.6156947718
  1        9.3559341653       16.5032698660       23.5240789573
  1       10.8403502708       11.9210275948       11.2182561576
  2       10.3881870498       11.9050137357       11.5309732467
  1        9.9290742774       11.8704666249       11.8318419197
  1        9.5572628702       22.0613723038       10.6568513918
  2        9.5469951818       21.9214113411       10.1250567853
  1        9.5167873546       21.7621724633        9.5994804674
  1        3.0152908749        2.8487559569        9.2467544901
  2        3.4420564125        2.5069018038        9.3059736921
  1        3.8855068812        2.1892747456        9.3764345513
  1        1.8160178176       12.0791287117       27.6965837001
  2        1.5979851443       11.6460434540       27.4369706941
  1        1.3928607327       11.2222108638       27.1527350343
  1        9.7534469417       19.2600579378       25.8359956332
  2       10.0796460321       19.2283258093       25.3943088376
  1       10.4051783262       19.1869169662       24.9529314116
  1        1.4354795646        7.0028173731        8.7859192435
  2        1.3174612361        6.7694035739        8.3020910999
  1        1.1739044805        6.5432515407        7.8217300744
  1       17.8003999943       21.9201767580       25.1766453022
  2       17.5612179824       22.2623246774       24.8185576504
  1       17.3116142119       22.5978559600       24.4613228325
  1       19.6718155648        9.1046431580       27.5337446159
  2       20.1656868255        9.3361929175       27.6042845817
  1       20.6480564206        9.5895506913       27.6793139836
  1        4.1670063704        7.9109728034        4.1008775693
  2        3.8398621309        7.8724131229        4.5413202984
  1        3.5260873068        7.8325080416        4.9912680101
  1       10.1831152918       12.9626400776       17.9603160774
  2       10.4227832626       13.2000204425       17.5259086349
  1       10.6327849690       13.4396676839       17.0776135513
  1       12.9198017108        3.4561327259        6.1098843963
  2       13.2629120161        3.0488117839        6.2472342002
  1       13.6145882527        2.6510532971        6.3908030330
  1        3.8846470072       15.0812194461       15.9424229556
  2        3.6535520437       15.5402339494       15.7464617257
  1        3.4125849730       16.0014586714       15.5683981819
  1       17.4856413386       19.4495993079        1.4027839251
  2       17.4847557284       19.4022305397        0.8548282558
  1       17.4915379687       19.3482662814        0.3075240817
  1       12.1727395071       15.8318208051       25.2191834744
  2       12.5614957947       15.4763001688       25.0611530153
  1       12.9430985075       15.1097528621       24.9110782322
  1       12.3047909772       11.0215454471       14.1422154950
  2       11.9368001385       10.8522118909       14.5142489469
  1       11.5806470872       10.6647513933       14.8891003373
  1        0.4639094644        7.8936610176       25.9291463170
  2        0.6512333278        7.5963336198       26.3522375468
  1        0.8420156853        7.2961703761       26.7717659942
  1       15.0397051648        6.5067869168       11.3262180085
  2       15.0461995782        6.5235412788       10.7765116196
  1       15.0408748923        6.5133109741       10.2266325533
  1       26.4885344822       25.2915242479        3.0715697505
  2       25.9979462192       25.1066000172        2.9053584842
  1       25.5136991678       24.9110971036        2.7327797978
  1       11.7916496427        8.7297215094        2.5428127408
  2       11.3363736786        8.7392036948        2.2343749275
  1       10.8771673192        8.7923628801        1.9363755660
  1        7.2578204139        7.3729416402        1.7783236655
  2        7.6651867684        7.1599946831        2.0803273852
  1        8.0672265103        6.9580460018        2.3966828419
  1        1.7660187480        1.4884415578       18.6561178852
  2        1.2656284985        1.6939837342       18.7554255479
  1        0.7737531907        1.9073946705       18.8779590244
  1        2.9641811895        4.6275292495       23.3334105730
  2        3.2921216796        4.1904727184       23.2706680544
  1        3.6072989735        3.7495118783       23.1773041968
  1       25.6989647972        6.2103289307       10.6990324459
  2       25.9950164205        6.6658129960       10.6130807005
  1       26.2866209889        7.1219541168       10.5161165181
  1       18.0768861357        1.8298216519       19.7291135147
  2       18.0840744866        1.9791015712       19.1998084672
  1       18.0838099917        2.1203459566       18.6682541872
  1        5.6643068218        0.8611858705        1.2984538926
  2        5.2224023098        0.5341446517        1.2821921715
  1        4.7876146279        0.1974222285        1.2733785290
  1       19.0952822443       15.6199349243       23.2123789136
  2       19.3750488093       15.3663554941       23.6122890805
  1       19.6659496959       15.1048927570       23.9989593668
  1       25.4339238841        6.1370442443        4.1509494495
  2       25.7410637759        6.4124820898        3.7872200443
  1       26.0571668435        6.6724188244        3.4197806022
  1        6.0918953898        2.5276644858       16.5411625828
  2        5.7903880108        2.1623251240       16.2616622231
  1        5.4789582888        1.7957140467       15.9950016799
  1        9.8721222872       14.6610739078        7.6813427749
  2       10.2558426384       14.5281220703        8.0522639270
  1       10.6276413569       14.4263446170        8.4445738324
  1        1.5224731402        4.4114359512       11.5532868101
  2        1.0240714190        4.1797871271       11.5324410299
  1        0.5222436558        3.9547473340       11.5375387320
  1       21.6231671773        9.1219380145       21.1344129279
  2       21.6723154351        9.4094566606       20.6681324577
  1       21.7045838523        9.7081506577       20.2074366315
  1       18.7411028793        0.1509933485       11.2684943623
  2       18.7589445431        0.3754317992       10.7666885663
  1       18.7765291120        0.6233140952       10.2760306924
  1        0.4178076168       17.1803926455        9.2152616891
  2        0.0659604052       17.5681618803        9.0469210814
  1       -0.2922085598       17.9569979635        8.8951927323
  1       15.0916429558       20.5736873388       19.2424523320
  2       14.6598589106       20.2784136290       19.4123816544
  1       14.2112469846       20.0008216691       19.5679131388
  1        0.6765384405       15.5534537219       27.0492628274
  2        0.3156531715       15.3639737522       27.4185312442
  1       -0.0530275425       15.1782706684       27.7819716035
  1       10.0519100355       15.9335066271        0.9173009783
  2       10.3175709551       16.3593967156        0.6924857023
  1       10.5825822872       16.7857545463        0.4677903684
  1       11.8360086956       10.1288504951        7.3160886592
  2       12.0523500946       10.0381553464        6.8186242996
  1       12.2625743321        9.9360894450        6.3207404570
  1       18.6354280997       19.2468110798       14.1143137786
  2       18.1081370010       19.3252898671       14.2496104051
  1       17.5892150485       19.4054831193       14.4132840086
  1       19.2963460287        5.6362438662       11.6286959771
  2       19.4832307035        5.2152160529       11.9292116983
  1       19.6250677957        4.7735613056       12.2247168971
  1       20.1931057072        2.0937762490        7.0573837169
  2       19.7943184672        2.4230963203        6.8702553443
  1       19.3846463953        2.7448010769        6.6936913557
  1        5.6668581358       10.9307100660       24.7691031002
  2        6.0364563383       10.7065699790       24.4290172432
  1        6.3941467928       10.4782383658       24.0791283863
  1        9.7541187365        8.8190360202        9.6541442356
  2        9.2822166150        8.5386814211        9.6889247836
  1        8.8154962861        8.2500982862        9.7262330652
  1        9.1128750936       12.6048188859       26.0250097515
  2        9.5788568005       12.8547378711       25.8736771720
  1       10.0604287460       13.0701766448       25.7181953561
  1        2.4175485522        7.8414479374       12.1990904512
  2        2.3506348706        7.7845320224       12.7420298013
  1        2.2867989208        7.7280382542       13.2853836682
  1       15.6699540385       25.6627073756       14.5422877152
  2       15.6476440269       25.7678146751       14.0028855286
  1       15.5976464642       25.8687144401       13.4645366824
  1        5.5388133970        3.4213136185        3.8511598070
  2        5.7135170592        3.8438838882        3.5455244072
  1        5.9106398403        4.2636445995        3.2498158457
  1       22.3800755541       21.6546027075       15.8626066620
  2       22.0736373107       21.2459474119       16.0665587455
  1       21.7521186130       20.8509886041       16.2742442436
  1       14.5781849676        6.1473712901        2.9699970057
  2       14.8256739964        6.5014234528        2.6295616276
  1       15.0633748910        6.8375857195        2.2648792807
  1        8.6334986891        9.0649935262       21.7781194366
  2        8.5334150513        8.5601176580       21.9719843976
  1        8.4360041437        8.0711640031       22.2042244403
  1       12.3311103965       26.5121720706        3.3325448937
  2       12.6983497540       26.7869535835        3.6360747513
  1       13.0728460774       27.0491331452        3.9418759616
  1       21.7340550440       24.2529717199        4.0067419714
  2       21.7194839673       23.8848298318        4.4151036175
  1       21.6835385497       23.5052219166        4.8114693030
  1        5.9877700870        2.2241736768       25.0767567642
  2        5.7609752745        1.7234631755       25.0579656237
  1        5.5200204340        1.2290542772       25.0571877453
  1       14.9820849428        2.4487356465        3.0898827728
  2       14.5342865414        2.7115472598        2.9084808773
  1       14.0608571703        2.9348658195        2.7396808463
  1       10.2316014723       22.4449845913       26.6361567733
  2        9.8034345835       22.5476932255       26.9657384048
  1        9.3663783574       22.6414348023       27.2861980293
  1       21.6166467369       18.7505250652       19.6795118435
  2       21.8134111069       19.2496732145       19.5585370209
  1       22.0044520545       19.7500178919       19.4334028563
  1        3.0457719222       25.4560798065       14.2994802675
  2        3.3792670982       25.0665260796       14.4982989322
  1        3.7197762661       24.6810609746       14.6931582619
  1       14.5651743393       -0.4390367713       10.7129129612
  2       14.5950968925        0.0687812850       10.9220193038
  1       14.6495976170        0.5708948345       11.1397614757
  1       18.9212584013       21.3342350927        4.6079532574
  2       19.3355918254       21.0590846516        4.8427298500
  1       19.7790111248       20.8081148832        5.0498373082
  1       19.1248863663       19.4070607852       22.2428170805
  2       18.5885339576       19.2861089718       22.2287902314
  1       18.0504241716       19.1808784104       22.1856116927
  1       27.0098269999        9.2334151312       22.8736753057
  2       26.9542727308        9.7427322498       23.0736997940
  1       26.8999207821       10.2535687923       23.2701479843
  1        2.5844897173       21.3949052192        3.5716383295
  2        2.8935442712       21.2663972185        3.1352085225
  1        3.1925087707       21.1299069187        2.6941976099
  1        3.6175802406       18.0293540592       27.0861310891
  2        3.7851418801       17.9835997901       27.6079832174
  1        3.9809193088       17.9424698214       28.1203107719
  1        3.8563554379        4.0309896067       19.0390888546
  2        4.1904502770        4.1739712198       19.4519288925
  1        4.5142436744        4.3377031165       19.8652685842
  1       22.0502312615       11.6486771424       24.9240939531
  2       21.6936211539       11.4990106043       24.5330323740
  1       21.3389899418       11.3355002460       24.1457326644
  1        1.8254939776       11.6397564087        5.0213980988
  2        1.2927076099       11.6233449865        5.1569316801
  1        0.7538931026       11.5908588146        5.2624000369
  1       14.2922858215        9.8560765124        9.6092998393
  2       14.6667204558       10.1299954477        9.3138897489
  1       15.0460742561       10.4110919363        9.0317985274
  1        7.0705960303       24.9061316261       16.0784438412
  2        7.0967859363       24.7321970039       15.5573288481
  1        7.1007177840       24.5616288264       15.0344607612
  1        7.8558323784       26.1769250545        9.8679168912
  2        7.5610806589       25.7222865051        9.9623902381
  1        7.2734054289       25.2600161970       10.0401663476
  1       26.3353971503        2.1018317721       26.0456841507
  2       26.1565597144        1.6642218663       26.3267797605
  1       25.9618217866        1.2284126430       26.5999966328
  1       15.3148451692       23.2941113641       21.5891888911
  2       15.7733718946       23.0323825110       21.4350744869
  1       16.2404741043       22.7797781431       21.2918733767
  1        9.4863938447        9.2476619562       17.7928737208
  2        8.9457336298        9.1578214251       17.8388651436
  1        8.4087605569        9.0559183643       17.9003117403
  1        8.9621484621       26.3444723720        1.5307865206
  2        8.5542400775       26.5731745035        1.8202793268
  1        8.1356561223       26.7769513705        2.1131316102
  1       11.0883261045       18.8357961496       21.1001143415
  2       11.3739340331       18.3752598740       21.0061225863
  1       11.6995113600       17.9378154106       20.9344166268
  1        4.4551861158       22.3490930753       18.7279063046
  2        4.7139299258       22.4331143956       18.2498978753
  1        4.9700693993       22.5230893324       17.7715704981
  1        8.3589831537        1.1418028379       22.5517561050
  2        8.7090151226        0.8002488350       22.3001244617
  1        9.0403680325        0.4545861799       22.0295277564
  1       14.8403242275       14.2002516791        1.5157751640
  2       14.5658638554       14.4939943920        1.1404263625
  1       14.3119121711       14.7769108956        0.7429759970
  1       16.1570808463       12.1181038442       12.4863482132
  2       16.5540345420       12.4317224867       12.7021516204
  1       16.9544969813       12.7441996173       12.9130731142
  1        1.3594422663       27.5136826548       10.4892803340
  2        1.3679645904       27.0120943359       10.7147499071
  1        1.3640709640       26.5142396005       10.9484708970
  1       23.4511493153       27.3977439601        4.0407100998
  2       22.9902178116       27.6930303822        3.9873427149
  1       22.5230367918       27.9753636475        3.9200387695
  1        5.6732035043       22.1364399849       11.6872545011
  2        5.8515355572       22.5315253097       12.0257884951
  1        6.0143020481       22.9212827176       12.3780614452
  1       16.9335000581        7.2717641004       27.6331920402
  2       16.8414261952        7.0123009792       27.1570604486
  1       16.7492145810        6.7272549416       26.6958167239
  1       15.7009776019       14.9428127910       15.2932606018
  2       15.3905869141       14.5160601374       15.1382128878
  1       15.0784761891       14.1008779558       14.9573520285
  1       -0.0664044538       26.8958356526        6.2415903479
  2        0.2591021550       26.7664432596        6.6656222526
  1        0.6004782471       26.6420182594        7.0785154374
  1       10.7559684046       19.9575792132       13.7294446740
  2       10.7636838653       19.5423114151       13.3688990770
  1       10.7891789660       19.1412012595       12.9934518211
  1        4.9303365624       15.9110410849       10.3077096351
  2        4.8995042621       16.1185595357       10.8161242905
  1        4.8666671493       16.2909077913       11.3373898676
  1       17.5392602747       15.0900294137       19.6994872179
  2       18.0809853742       15.1727904999       19.7462260585
  1       18.6199799479       15.2671002517       19.8018184965
  1       10.5152365905        2.0685508583        3.8950750570
  2       10.3382976519        1.7579118738        3.4771085113
  1       10.1507253785        1.4607290811        3.0540257428
  1       19.7495737865        0.2121885109       27.5156012828
  2       19.5206538396        0.7061962141       27.5933961869
  1       19.2724435136        1.1861247115       27.6961593635
  1        1.0884401560       10.8504938511        9.5749610283
  2        1.6366331946       10.8798167565        9.5414265743
  1        2.1836105721       10.9276087322        9.5093068829
  1       27.9510835631       15.7074990627       19.9781800431
  2       27.5820994369       15.5840326766       20.3669045807
  1       27.1945000394       15.4829375621       20.7437951269
  1        7.4319892728        5.7978423558        7.4970484713
  2        7.0154949683        5.6264501661        7.1813631664
  1        6.6091384150        5.4358912526        6.8634612146
  1       12.8424036611        0.9995553131       14.1716587616
  2       13.2819717916        1.1909896098       14.4411634344
  1       13.7212140604        1.3684632767       14.7205723209
  1       22.1495349906       18.8517592468       13.3664731777
  2       22.5804438825       19.1693255504       13.4928423581
  1       23.0270423933       19.4624299429       13.6237605928
  1       25.8068505308       25.4712408313       10.4197742361
  2       26.1120729943       25.4532693013        9.9625912620
  1       26.4218063539       25.4425628416        9.5082228909
  1        7.3720244758       12.1768459992        9.0289821713
  2        7.1292655873       12.5427866796        9.3601249509
  1        6.8822290213       12.8863524147        9.7114588657
  1        1.7105131263        6.3207143627       20.4472841760
  2        1.1616589791        6.3359048087       20.4793524699
  1        0.6127612688        6.3574068571       20.5067196860
  1       22.1419353156        3.8819903834        4.6905679110
  2       22.6873416897        3.8689303348        4.7602910936
  1       23.2326429848        3.8594775780        4.8314046784
  1        8.2414750188        8.3774835260        5.7931800798
  2        8.5364367004        8.7413405132        5.5048994886
  1        8.8335253213        9.1036900842        5.2169044562
  1        5.5644513512       14.2547762439       23.1504836012
  2        5.5774474508       13.8509133222       22.7773538090
  1        5.5741744659       13.4541774477       22.3964470849
  1       21.3404490452        4.8897650367       19.9221051309
  2       21.7306502485        5.2462518854       19.7699205464
  1       22.1141819732        5.6158521122       19.6328107823
  1        0.7016759365       24.6588412374       23.4690591244
  2        0.5753701581       24.1243422816       23.4983459241
  1        0.4496629971       23.5901974193       23.5355880337
  1       17.5980565676        1.0245313093       24.1807870961
  2       18.0688119734        1.0085899831       23.8968236794
  1       18.5510329724        0.9701203741       23.6351311187
  1       13.3342999253       15.7840430650       17.9625209886
  2       13.2108780869       15.6460784938       18.4804329762
  1       13.1149519385       15.5134197406       19.0055042363
  1        5.3283607042       24.9157411512       -0.2703436184
  2        5.1877292365       24.9295028500        0.2611950970
  1        5.0555624108       24.9331498764        0.7950664563
  1        1.1767140551       14.0377323265       10.9863076720
  2        1.3674357790       14.1728956310       11.4841591611
  1        1.5552996548       14.3149495810       11.9811781128
  1       13.3044798758       14.4538096496       10.2881333458
  2       13.8437098760       14.5221327866       10.3721747397
  1       14.3787259546       14.6009804411       10.4723787418
  1       20.9810058002       18.1940832681        1.8466851673
  2       20.9428180127       18.7426933051        1.8383954075
  1       20.9036294471       19.2912953187        1.8381021454
  1       24.1467260405        2.3382227134        1.3619125534
  2       23.6972108353        2.2581444991        1.0552799396
  1       23.2554736609        2.2073430009        0.7315710033
  1       26.2372355576       16.8693892182       11.5916603428
  2       25.8464841564       17.1009386033       11.9018187294
  1       25.4507217981       17.3384007788       12.2009572759
  1       16.3069665048       13.8286806727       24.7441832832
  2       16.3606276984       13.7628589539       25.2875873480
  1       16.3770082769       13.7173161144       25.8354536870
  1       11.8305753880       22.3208431387       21.4036680389
  2       11.5483583112       22.1847313784       21.8556936027
  1       11.2445028519       22.0356181326       22.2892107289
  1       12.8275354571        0.3331857760       24.4525582858
  2       12.4615774984        0.2161951238       24.8461163625
  1       12.0898130736        0.1093791597       25.2371170803
  1        0.8742045909       19.7054113798       22.8231823478
  2        0.7740049778       19.1818433069       22.6877699757
  1        0.6895943455       18.6524649611       22.5647520456
  1       23.5519462441       15.6872039904       19.4314186629
  2       23.9033135608       15.7295057585       19.0104061106
  1       24.2582151791       15.7714731443       18.5923348502
  1        8.3560525833        0.2935884462       12.4527935126
  2        8.2099613215        0.0115936208       12.9018327778
  1        8.0662939448       -0.2723512880       13.3504249897
  1       15.0037093103       10.0386027082        3.5958332588
  2       14.6677150623       10.4483558625        3.4484893828
  1       14.3372845215       10.8558951460        3.2834821432
  1        6.8587049726       19.1229190582       11.4318017267
  2        7.3551437478       19.1385422671       11.6680313984
  1        7.8491924335       19.1200687096       11.9090181674
  1       25.3090534222       23.4326469396       21.8094562010
  2       25.2579834852       23.7098525449       21.3371756552
  1       25.2031326535       23.9893514531       20.8666740659
  1       18.0949340128       15.5619881826       11.7977452520
  2       18.0322650779       15.8741189488       12.2462393873
  1       17.9604881006       16.1841462480       12.6948273254
  1       14.3179500851        6.5222679224        6.5237253684
  2       14.4169948010        7.0629881937        6.5413813171
  1       14.5037713079        7.6059646434        6.5534813954
  1       23.3730189290       12.1570911161        1.0549342107
  2       23.4449565499       12.3666130508        0.5515203277
  1       23.5264608087       12.6053673297        0.0627939737
  1        6.1592673010       18.1485088487       22.9312386218
  2        6.0346331011       17.7638541812       23.3040751851
  1        5.9194340005       17.3802015592       23.6809569065
  1       26.7806516617       15.8813715466        4.9963041264
  2       27.2231530119       15.6328525723        5.2082731679
  1       27.6568017034       15.3810805868        5.4342370557
  1       15.7103679048        9.8676835495       15.1714523885
  2       15.7808026579       10.3257763410       15.4675772608
  1       15.8588363368       10.7899756072       15.7520588687
  1       22.1728732243       26.0004503637       28.0312392456
  2       22.3032460068       25.8361524491       27.5228013115
  1       22.4331871523       25.6764830895       27.0127807303
  1       17.0129631288       23.8264510437        5.4676354873
  2       17.4286478121       24.1781657398        5.5451146240
  1       17.8425322084       24.5274859261        5.6409014340
  1       14.2758398024       24.9517838957        8.4832441825
  2       14.1112711637       24.7113679119        8.9497388962
  1       13.9527397886       24.4609269121        9.4130391312
  1       27.6949992342       14.6007891939       15.1849129704
  2       27.1885749940       14.7145095742       15.0029729694
  1       26.6848360179       14.8161710855       14.8069832246
  1        4.8753647287        7.5346373432       19.9020613990
  2        4.9939324724        7.3001294951       20.3852257182
  1        5.1049387562        7.0892128621       20.8808987736
  1        3.4761379631        3.1191132040       26.6236167088
  2        2.9467533270        3.2338577924       26.5282983659
  1        2.4181028494        3.3565832322       26.4390395403
  1       15.3183689282       17.7683556631       25.7254461544
  2       15.7991982692       17.5275016317       25.8407391743
  1       16.2744597869       17.2822086631       25.9690273197
  1       15.2547055306       21.9173864413       15.5832820223
  2       14.9779599390       22.3837128423       15.6752144173
  1       14.7247740435       22.8574591260       15.7933726163
  1        2.9171584850       14.2540330976       19.7607096440
  2        3.2955039002       14.6243661673       19.6116856048
  1        3.6718955902       14.9964026451       19.4619586737
  1        8.1651133074       12.6369367739       14.6217249695
  2        7.8490398836       12.9082675553       14.9808589248
  1        7.5434918982       13.1960369780       15.3362870989
  1       23.3377848461       22.7072994200       12.4278586180
  2       23.8735782536       22.6217234193       12.3378465491
  1       24.4128093781       22.5548031711       12.2526909637
  1        5.5976369057        3.7345287127       12.7526237003
  2        5.9208768971        3.3078054349       12.8788106732
  1        6.2424503836        2.8796282731       13.0043288387
  1       26.5215089952       21.6687647563        1.3025198709
  2       26.5900847271       21.8450722819        1.8189625351
  1       26.6754875499       21.9909561117        2.3423402812
  1       16.1888801005       -0.1517217210        6.1437950590
  2       16.5875161535        0.2264221089        6.1193708669
  1       16.9773066182        0.6141281162        6.1036404966
  1        6.4367012069       14.5284746499        6.8088765857
  2        6.2887918137       14.7357082643        6.3213552626
  1        6.1497078332       14.9697903506        5.8434837085
  1       26.6200185957        0.6952164799       15.8592180351
  2       26.9566929313        1.1299861833       15.8704294943
  1       27.2977587031        1.5610830436       15.8522736309
  1        2.1479703790       19.0828384801        5.9421014280
  2        1.6082146134       19.1205074676        6.0408169835
  1        1.0658563327       19.1316403963        6.1315007872
  1       15.4301626854       12.5310435546       22.0111925738
  2       14.8883008448       12.6126393837       21.9639922946
  1       14.3526732368       12.7044280156       21.8792697379
  1       27.2119220589       25.6573066235       27.2177591752
  2       26.6953125138       25.5820367505       27.3908170388
  1       26.1907501454       25.4849093605       27.5869881005
  1       20.2220673080       15.2905581104        6.8794384972
  2       20.6554906447       15.2928026948        7.2180225682
  1       21.0954770266       15.3012780203        7.5479318762
  1        3.9187153633       21.3420012584       22.1354032469
  2        3.9471361074       21.8912010717       22.1269282011
  1        3.9661002313       22.4407733704       22.1164091931
  1        4.8623316150        1.1348365476       20.7776333340
  2        5.1600967644        1.1222494902       21.2398859509
  1        5.4454619285        1.1161435766       21.7100236328
  1        1.9242301708        1.2779766071       13.3873201968
  2        2.1283340138        1.0925671652       13.8632035439
  1        2.3213638154        0.9137271115       14.3461691016
  1       16.5748797648        3.3460369802       12.2690034869
  2       16.1756211835        3.3018235560       12.6446865427
  1       15.7633789527        3.2831220069       13.0082887899
  1       26.0840460182        1.4209982285       12.4053757325
  2       26.0967499457        1.5190691450       11.8643390373
  1       26.1179911888        1.6347213193       11.3270557013
  1       13.8419721330       11.9429075526       18.3551928679
  2       14.2787293219       12.2694254800       18.2835744273
  1       14.7274447988       12.5779438162       18.2063031128
  1        1.2062928600       21.9167297190       20.1496995064
  2        0.6878282568       22.0835060563       20.2263813722
  1        0.1787276184       22.2742466485       20.3096554100
  1       15.1384957666       18.1434876130       11.3293083129
  2       14.6449240023       18.3840250520       11.3613809489
  1       14.1541576648       18.6312880268       11.3839513328
  1        6.9395648284       17.7939419038        7.7284659279
  2        7.4069858967       17.9152008076        7.9917411131
  1        7.8796430254       18.0280546392        8.2493440058
  1       11.4210181203        2.9260043054       21.2726982464
  2       11.3789239490        2.7993387702       21.8062560436
  1       11.3521960926        2.6842450119       22.3434143512
  1        5.6236233533       22.0489023945        7.0113887658
  2        5.4108594522       22.0152505516        6.5053264417
  1        5.2073044015       21.9781221812        5.9957316768
  1       17.6268149238        7.2405326968       14.4803298246
  2       17.1836051075        6.9242408434       14.4027120293
  1       16.7410080044        6.6064285103       14.3278580097
  1        2.6197318660       14.5951604940        2.9866712831
  2        2.8652122860       14.9062943579        2.6053117648
  1        3.0979013323       15.2130457305        2.2125530576
  1        9.6830488441        6.2056964074       19.2575335768
  2        9.7667970794        5.9082981181       18.8025165545
  1        9.8382348357        5.6088363859       18.3467542075
  1        7.4912893939       23.0912118941        3.1855050385
  2        7.7644807324       22.6809315576        3.4295061410
  1        8.0224234524       22.2697003643        3.6880684309
  1       25.3076332263       15.5979978984        8.8383207332
  2       24.7898881072       15.6415761692        8.6579296969
  1       24.2630751529       15.7065607883        8.5138980705
  1       12.2725549709       14.8287173811        3.7672981816
  2       12.0637091119       14.8740176891        4.2740834313
  1       11.8567973259       14.8898587800        4.7834325960
  1       27.1172018195        4.3915063942       23.5306641555
  2       27.2589161924        4.8590730642       23.7832476973
  1       27.4186296284        5.3140624892       24.0477779234
  1        2.6467797967        5.8414351742        1.2620258532
  2        2.6586965455        5.4933680987        1.6877103632
  1        2.6539464554        5.1431102177        2.1117349526
  1        7.7810360976       20.2909694462       15.2362558222
  2        8.1074156323       20.3496372027       15.6750433491
  1        8.4070848158       20.3837907003       16.1349693410
  1        2.3895946010        8.5451894485       22.9677530290
  2        2.7746810124        8.5398013544       23.3604099075
  1        3.1659124045        8.5352947916       23.7469557492
  1        9.3261228298        8.3950638795       26.0545685462
  2        9.1863205354        8.0312301640       26.4426153809
  1        9.0387733199        7.6718472038       26.8319400604
  1       11.1258051421       17.7877540885        9.6498477828
  2       11.0695156488       18.3346963038        9.6362203841
  1       11.0032242458       18.8801839169        9.6127957643
  1       25.5731753511        5.4450037115       17.8264921929
  2       26.0920032795        5.6023167643       17.9190674821
  1       26.6139172786        5.7435128046       18.0199111963
  1        0.9531807965        4.2832057178        5.2716784853
  2        0.9189211643        3.9605847445        4.8275591487
  1        0.9096311344        3.6305869604        4.3876555720
  1       24.0921973189       20.3642053171        3.1078898746
  2       24.1651090630       19.8356739575        2.9743291035
  1       24.2548414331       19.3134401976        2.8269520336
  1        0.1905661039       18.4514302865        2.8032556510
  2        0.5590561246       18.0790468980        2.6357870969
  1        0.9508143910       17.7315300858        2.4676873497
  1       16.3533529283        4.1268252896        8.5098981302
  2       16.8632542920        4.0394387410        8.6966176802
  1       17.3713797823        3.9400411671        8.8821671548
  1       25.4043858423        7.0934518288       21.4450853426
  2       25.2603800921        6.5648724846       21.4937291584
  1       25.1188744732        6.0351146678       21.5365405395
  1       13.4370037049       22.0132629791       11.9225436628
  2       13.6615234580       22.4777974808       12.1130655175
  1       13.8796646927       22.9393020773       12.3178285713
  1       19.8993225808        4.8995532708       16.8960286260
  2       19.8932237995        4.8645317521       16.3471786483
  1       19.8872104384        4.8410377735       15.7977135707
  1       19.4975473234        9.1157455782       10.5484826444
  2       18.9795971995        9.0574241587       10.3729084974
  1       18.4731028738        9.0019558385       10.1658173036
  1       12.1683033465        8.4895712192       12.2784556320
  2       12.0757122074        7.9719522631       12.4396930259
  1       11.9637873061        7.4540229758       12.5870771120
  1       20.4073798061        9.4116472116       13.8498714789
  2       20.0309529705        9.8126326885       13.8535436461
  1       19.6630243329       10.2209383652       13.8331723179
  1        1.8558633757       24.1841548041        1.4348353195
  2        1.7561599321       24.7243819793        1.4081178636
  1        1.6743481479       25.2682557648        1.4109703155
  1       22.6403780977        7.8471037293       11.2246943809
  2       23.0066195388        8.1994639905       11.0144339396
  1       23.3563752737        8.5535435487       10.7803429502
  1       23.1669529842        1.4475385496       24.9225363023
  2       22.8130409270        1.0431846026       25.0397717120
  1       22.4460337760        0.6441210522       25.1322597266
  1       25.2208938522       18.5885597122       20.1596112709
  2       25.3109688249       19.0298779846       20.4752450488
  1       25.3822199995       19.4844945688       20.7764875266
  1        4.0308860367       18.2645891656       19.7387517527
  2        3.8557414733       18.7836408284       19.6896625146
  1        3.7158174953       19.3140488586       19.6498052582
  1        9.3290430471        4.3122871945       24.8979666060
  2        9.2683090553        3.7662646186       24.9238650393
  1        9.2200024083        3.2186248697       24.9399016327
  1       14.5391154948       18.5368129924       15.7288302804
  2       14.3959523565       18.1113143427       15.4110957765
  1       14.2543207970       17.6907650339       15.0861668933
  1       12.3960276769       10.5724433181       23.7686851157
  2       12.4978577498       10.2851300248       24.2264860634
  1       12.6312195808       10.0213875658       24.6903335991
  1       22.8645003497        4.0172958147       10.8188234777
  2       22.9468965340        4.1994597442       10.3064494233
  1       23.0449550311        4.3690049642        9.7925049239
  1       22.3453142062       16.5276053681       10.9744189741
  2       21.8262511537       16.3691789739       11.0637197307
  1       21.3072633997       16.2101743302       11.1524284310
  1        8.4677833894       15.6812322814       19.3658739737
  2        9.0095753894       15.7738095013       19.3461031071
  1        9.5526233538       15.8449633618       19.2957440424
  1        4.6256291836       19.1080069901       15.0729893856
  2        4.3758682580       19.0542433151       14.5859278420
  1        4.1251270576       19.0162418934       14.0978861006
  1        2.9122887318       15.7988331933        6.8526530209
  2        3.0283954733       15.2768102166        6.7241569650
  1        3.1437106341       14.7552678123        6.5930237000
  1        2.3879671348        4.5236226678       15.8557632981
  2        2.8693892193        4.7586933080       15.9801601255
  1        3.3562752290        4.9929621779       16.0829225176
  1       23.6518992020       11.2275655220       13.7453436013
  2       23.7954083761       10.7029741601       13.8272522087
  1       23.9389613293       10.1800210885       13.9189726180
  1       25.7189930622       21.9385089845       16.9848167344
  2       25.6527750833       22.4831858479       17.0227942767
  1       25.5849769451       23.0276037776       17.0616855263
  1       26.1112289524       21.7987870562       25.3906499318
  2       25.6318136656       22.0634705646       25.3396242209
  1       25.1695918684       22.3573999098       25.2900606338
  1       12.0464467119       27.4976913071       20.4243168806
  2       11.7519770917       27.0334039727       20.4093197496
  1       11.4475114231       26.5784979965       20.3558294850
  1       24.8477634669       13.4593413819       22.2884774182
  2       24.8352305697       12.9858671585       22.0088972219
  1       24.8085777118       12.5107992729       21.7330347050
  1       18.2214440289       12.7781355160       17.2659627895
  2       18.7097011670       12.9391796919       17.0705920125
  1       19.1914248549       13.1054195940       16.8636944958
  1       27.9513397382       10.7699944192       12.4914310220
  2       27.5444593232       11.1399339276       12.5010792368
  1       27.1075107882       11.4739494252       12.4979769710
  1       16.5860652825       10.0653055476       24.6690887893
  2       16.1664221506       10.3946845549       24.8029137176
  1       15.7389066793       10.7120953821       24.9406848597
  1       10.7937203856       25.6372650138       11.9538044738
  2       11.0662577973       25.8856894193       12.3618592176
  1       11.3342630599       26.1292426093       12.7758097241
  1       19.6064861451       25.4356113971       13.1804350489
  2       19.9392926603       25.3075187500       12.7617082918
  1       20.2619723315       25.1983895804       12.3298881288
  1       13.8811569284       20.1850091218       23.9909682583
  2       14.2791586846       20.3562237622       23.6521760668
  1       14.6777675348       20.5107562120       23.3061548168
  1       11.2441243220        2.5246462648       17.9096086276
  2       11.7695641638        2.3634364771       17.8890082129
  1       12.2942213704        2.2008197022       17.8608906203
  1       21.4388746453       25.3154336827       22.6056740168
  2       21.1328244650       25.4052483802       23.0537438856
  1       20.8247140060       25.5028214355       23.4987691016
  1       15.8926045384        7.0323781738       23.2787411000
  2       15.5577679425        7.3687180393       23.0007843607
  1       15.2164949002        7.7249568955       22.7576247691
  1       18.7520268287       11.1522139424       21.5052825514
  2       18.5073839973       11.2361418269       21.0198899317
  1       18.2769315416       11.3222746556       20.5279826229
  1       20.2735469657        7.5949741117       24.0700552017
  2       19.7856833432        7.3560309543       24.1560508606
  1       19.3097360278        7.1112357610       24.2827373451
  1       13.5052521825       17.2104004460        6.8118287460
  2       13.8126743976       17.4571667781        6.4282952285
  1       14.1468753043       17.6813506766        6.0533934646
  1       27.6212134787       26.5617133389       18.5212932398
  2       27.7531348255       26.0344423063       18.4371385230
  1       27.8715420315       25.5021593037       18.3653434139
  1       21.1400531953        6.2490649277        1.5518014973
  2       21.6249853638        6.3767673473        1.7777060877
  1       22.1037902740        6.4821991668        2.0269649660
  1       15.0222172409       27.5291663120       17.0941513888
  2       15.4258445302       27.8835399458       17.2124913183
  1       15.8197788219       28.2420245618       17.3496210121
  1        4.5128878689       11.1903510008       11.7954690097
  2        4.3667785421       11.7029427455       11.9311221258
  1        4.2340005451       12.2150568921       12.0814853635
  1       22.3362201116       28.0464511902       10.6782922488
  2       22.6573423464       27.6448650660       10.8735077585
  1       22.9780691307       27.2577470461       11.0966085596
  1       18.4137821659       22.8761594426       16.4250610232
  2       18.7865957687       23.1270033987       16.1079059707
  1       19.1493446742       23.3571104670       15.7644471411
  1       11.1121327696       19.4076599087        5.8007972140
  2       10.7393446511       19.5722136481        6.1701900747
  1       10.3573105217       19.7013544649        6.5441854924
  1        7.0241985293        0.5106688111        6.1538346500
  2        7.1894004978        0.6549864410        5.6494729431
  1        7.3380697844        0.7825765217        5.1355486165
  1        7.0210320090       17.4776825631       26.5697672061
  2        7.3223628463       17.0179440394       26.5513222528
  1        7.5953899689       16.5411620259       26.5261210441
  1       11.0939936560        5.0509779909        1.5092165080
  2       10.6343473168        4.8180124205        1.3169867344
  1       10.1738991851        4.5919759533        1.1185049152
  1       22.2791393487       11.2028878908       17.0193669686
  2       22.4319654668       11.5880422803       17.3810301737
  1       22.5884108282       11.9662700962       17.7484108580
  1       18.4877676096        6.9836993084       20.4528512462
  2       18.1114288737        6.5966987223       20.3474961219
  1       17.7258894542        6.2237883290       20.2258524061
  1       22.7569754399       22.4332386254        1.0124301376
  2       22.8857218468       22.1099681926        0.5864951778
  1       23.0053258478       21.7703335572        0.1707510300
  1       14.3456203497        9.5807902252       27.8798196824
  2       13.8623725866        9.8433204986       27.8868521132
  1       13.3770742533       10.1020802206       27.8922310396
  1       20.6133370093       18.6821061425       26.3498560758
  2       20.4703182086       18.5386934484       25.8385064676
  1       20.3197506121       18.3973303810       25.3287556647
  1       23.8677192387       27.6228043702       17.6014852747
  2       24.0489891868       27.4489461395       18.0907853069
  1       24.2305717911       27.2593840411       18.5741009053
  1       21.6200140399       24.3138437445       18.6868989188
  2       22.1144202988       24.0872269063       18.7687967809
  1       22.5957896009       23.8417353979       18.8713517088
  1       25.0494406246       16.2991509894        1.5451201752
  2       24.6585144669       16.0800009788        1.8639461656
  1       24.2690055276       15.8302575143        2.1612860168
  1       21.2634106626       13.3692462753       20.4554065147
  2       21.3913670654       13.5604484758       20.9549752062
  1       21.5195617799       13.7322952147       21.4614678641
  1       16.1796024213       25.2762610931        2.4483191819
  2       15.6939135637       25.1611335776        2.2173386875
  1       15.2056485250       25.0532614465        1.9882953417
  1       15.6488852377       16.8296264474       21.8220885608
  2       15.1893368688       17.0069435949       22.0667800519
  1       14.7287423232       17.1596764369       22.3256725828
  1       23.1270878911       14.5867467213       15.0500437149
  2       22.6598071004       14.3152037071       14.9479993418
  1       22.2010916452       14.0313443763       14.8407425917
  1       23.8795853571        0.4574338021        7.1730309654
  2       24.3597893883        0.2478275679        7.0057906742
  1       24.8318079891        0.0391631030        6.8156392067
  1       21.6312076229       17.3311107939       16.6895237604
  2       21.1859192485       17.0372468241       16.8231734175
  1       20.7461917432       16.7407118981       16.9687988196
  1       11.0891256110       27.9136893405        7.3430311487
  2       10.8947890624       27.7848096750        6.8449113462
  1       10.7002784419       27.6534734629        6.3475016390
  1       21.0151122959       12.3361204062       11.1877040112
  2       21.0546867785       12.4510070327       10.6512947240
  1       21.1239190203       12.5673030846       10.1182073728
  1        1.9559614305       23.1528706595       26.4256736878
  2        2.3272275501       22.7507681427       26.3711298119
  1        2.6906558360       22.3431643132       26.3057157603
  1       20.0653851181       20.3926852741       10.8736939402
  2       20.2813503253       20.7414417205       11.2400652960
  1       20.4905806489       21.1090133382       11.5916528051
  1       17.3644096617       25.1442469907       26.9265299731
  2       17.7952703476       25.2201296649       26.5932119731
  1       18.2235050466       25.2951350421       26.2563303397
  1       12.3019514416       15.9996057239       13.0214304634
  2       12.3273243865       15.5186347053       13.2869923074
  1       12.3253066241       15.0387769318       13.5557532510
  1       19.7776807306       27.5462145620       16.5990748558
  2       19.6652879098       27.1409294347       16.9534924337
  1       19.5474598037       26.7396794292       17.3107248082
  1        1.4857884002       23.5748833347        5.7867445497
  2        1.0512652784       23.2530464842        5.6861925816
  1        0.6252323644       22.9198742968        5.5862313457
  1       18.2430569455       15.3186246736        0.7748308139
  2       18.3813568153       15.7029785712        0.4065303560
  1       18.4978420813       16.0661355291        0.0102372753
  1       12.0822239892        6.3339460359       22.5146999372
  2       11.8831377203        6.5642071007       22.9727878104
  1       11.6632192461        6.7635143563       23.4358347644
  1        1.5283789530       12.3584481510       23.8691116992
  2        2.0691634257       12.2695919073       23.8226711770
  1        2.6085659958       12.1766483341       23.7687605233
  1       27.1149583898       12.5595130346        2.3028458423
  2       26.7102451940       12.8891612264        2.1295273528
  1       26.3003889741       13.2186168174        1.9683538699
  1        5.4540893354       10.2222603148       16.6285799924
  2        5.5303352750       10.2445482330       16.0843467654
  1        5.5707484402       10.2981652622       15.5384603401
  1       15.4548537235       25.6139967184       24.3082270283
  2       15.2946045150       25.8053486768       23.8181202857
  1       15.1398396231       25.9834782490       23.3213127951
  1        7.5554327839       21.4614362231       23.5985296002
  2        7.4603140724       21.7239653507       23.1246826967
  1        7.3623015934       21.9778035007       22.6467080672
  1       22.2118529375       17.7330255148        5.2092021355
  2       22.6317890205       17.3836665272        5.2732488678
  1       23.0406286151       17.0224436059        5.3430212552
  1       11.8324822534       25.7836892793       27.6867948021
  2       12.3662505695       25.6512450889       27.6938602924
  1       12.9002544081       25.5202483658       27.7072676753
  1       25.7866782377       12.8291277488       17.5901691236
  2       26.0389767619       12.8071681165       18.0783936920
  1       26.2968108493       12.7701881814       18.5628047435
  1       18.3593380661        1.6942793611       14.7779779003
  2       17.9771745868        1.3175991639       14.6573002131
  1       17.5925497346        0.9369990739       14.5587746149


Molecules in box 2
##############################################################################                                           
Moleculetype  1
Number-of-molecules: 3     
Atomtype         X                  Y                   Z
  1       33.8518412093       39.9676760333       49.0473749276
  2       34.2656215140       40.3294498024       49.0675144272
  1       34.6680834053       40.7010011905       49.1172536571
  1       12.5986392063       35.5815526150       13.7546907440
  2       12.7986398906       35.1462407060       14.0248819135
  1       12.9865021252       34.7155838010       14.3107882094
  1        5.5677617475        6.3238765633       39.5602606992
  2        5.9088185987        6.4133755749       39.1381586367
  1        6.2203307880        6.5152020893       38.6964669842


Number-of-fractionals:  1        
##############################################################################                                           
Fractional-type:      2
Box:                  2
Lambda:               0.753872
Reaction-Step         1 (only used if Type = 3 (RxMC))

Moleculetype  1
Atomtype         X                  Y                   Z
  1       28.6195316839       36.4638526453       25.0669628234
  2       28.6677715993       36.7942855476       25.5039834266
  1       28.7107083379       37.1009526524       25.9585290484

------------------------------------------------------------------------------                                           

