Compiled using GNU Fortran (Ubuntu 9.4.0-1ubuntu1~20.04.2) 9.4.0 with all optimizations
Last Brick update unknown
Compiled at 16:28:53 on Sep  3 2023
Starting at 15:04:09 on Dec 31 2024

Settings
OK                      

Forcefield
OK                      

Topology
OK                      

Configuration
OK                      Starting from random configuration.

 F
Monte Carlo Simulation initialized.

#########################################################################################################################
###########################################   ENERGY STARTING CONFIGURATION   ###########################################
#########################################################################################################################
                                               Box 1               Box 2
-------------------------------------------------------------------------------------------------------------------------
Lennard Jones        
 Intermolecular                          0.1296561926E+008   0.3594597644E+005
 Tailcorrection                         -0.4293920017E+004  -0.6447222903E+002
Total Intermolecular                     0.1296132534E+008   0.3588150421E+005

Electrostatic        
 Real                                   -0.9371427053E+003   0.1179275520E+004
 Exclusion                               0.1043425830E+008   0.2037985693E+007
 Selfterm                               -0.1044989240E+008  -0.2038978394E+007
 Fourier                                 0.1370484200E+005   0.1024030005E+004
Total Intermolecular                    -0.2866403646E+004   0.1210603914E+004

Intramolecular       
 Lennard Jones                           0.0000000000E+000   0.0000000000E+000
 Electrostatic                           0.0000000000E+000   0.0000000000E+000
 Bending                                 0.9343375086E+007   0.3104111324E+007
 Torsion                                 0.0000000000E+000   0.0000000000E+000

Total                                    0.2230183402E+008   0.3141203432E+007

#########################################################################################################################

Simulation is running...



#########################################################################################################################
###############################################   RELATIVE ENERGY DRIFTS   ##############################################
#########################################################################################################################
                                               Box 1               Box 2                                                 
-------------------------------------------------------------------------------------------------------------------------

Lennard Jones        
 Intermolecular                          0.1698676418E-013   0.0000000000E+000
 Tailcorrection                          0.0000000000E+000   0.0000000000E+000

Electrostatic        
 Real                                    0.1902312003E-014   0.0000000000E+000
 Exclusion                               0.1336292051E-015   0.0000000000E+000
 Selfterm                                0.0000000000E+000   0.0000000000E+000
 Fourier                                 0.6291609012E-015   0.0000000000E+000

Intramolecular       
 Lennard Jones                           0.0000000000E+000   0.0000000000E+000
 Electrostatic                           0.0000000000E+000   0.0000000000E+000
 Bending                                 0.8219106393E-015   0.0000000000E+000
 Torsion                                 0.0000000000E+000   0.0000000000E+000

Total                                    0.1885374271E-013   0.0000000000E+000

#########################################################################################################################
############################################   TRIAL MOVE ACCEPTANCE RATES   ############################################
#########################################################################################################################
                                               Box 1               Box 2
-------------------------------------------------------------------------------------------------------------------------
Translation
 N2                                           0.50940             0.99192
-------------------------------------------------------------------------------------------------------------------------
Rotation
 N2                                           0.51026             0.99928
-------------------------------------------------------------------------------------------------------------------------
Bond Bending
 N2                      
  Bending 1                                   0.32198             0.32520
-------------------------------------------------------------------------------------------------------------------------
Lambda Move
 N2                                           0.76322             0.98790
-------------------------------------------------------------------------------------------------------------------------
GE Swap Fractional
 N2                                           0.20946             0.29036
-------------------------------------------------------------------------------------------------------------------------
GE Identity Change
 N2                                           0.47562             0.96871
-------------------------------------------------------------------------------------------------------------------------
Volume                                        0.51178             0.51178

#########################################################################################################################
######################################################   AVERAGES   #####################################################
#########################################################################################################################
                                                       Boltzmann                                    Biased
                                               Box 1               Box 2                  Box 1               Box 2      
-------------------------------------------------------------------------------------------------------------------------
Density
 N2                                      0.8838119559E+003   0.2485300839E+000      0.8844009665E+003   0.2406046996E+000
 Total                                   0.8838119559E+003   0.2485300839E+000      0.8844009665E+003   0.2406046996E+000

Number of molecules
 N2                                      0.3992999542E+003   0.7000458372E+000      0.3993222220E+003   0.6777780000E+000
 Total                                   0.3992999542E+003   0.7000458372E+000      0.3993222220E+003   0.6777780000E+000

Mole fractions
 N2                                           1.00000             1.00000                 1.00000             1.00000

Volume                                   0.2101755036E+005   0.1309824496E+006      0.2100474998E+005   0.1309952500E+006

#########################################################################################################################
#######################################   PROPERTIES FROM THE CFC GIBBS ENSEMBLE   ######################################
#########################################################################################################################
                                                       Boltzmann                                    Biased
                                               Box 1               Box 2                  Box 1               Box 2      
Chemical Potentials (as an indication)
=========================================================================================================================

Total N2                                -0.9711729278E+003  -0.9707260313E+003     -0.9711196301E+003  -0.9733187164E+003
 Ideal gas                              -0.3170668959E+003  -0.9711817518E+003     -0.3170135981E+003  -0.9737744369E+003
 Excess                                 -0.6541060320E+003   0.4557204966E+000     -0.6541060320E+003   0.4557204966E+000

-------------------------------------------------------------------------------------------------------------------------

#########################################################################################################################
##################################################   AVERAGE ENERGIES   #################################################
#########################################################################################################################
                                                       Boltzmann                                    Biased
                                               Box 1               Box 2                  Box 1               Box 2      
-------------------------------------------------------------------------------------------------------------------------
Lennard Jones        
 Intermolecular                         -0.3642798056E+006  -0.3535712779E+000     -0.3638954973E+006  -0.5112056462E+000
 Tailcorrection                         -0.9756336361E+004  -0.7080191008E-002     -0.9746852891E+004  -0.9156076616E-002
Total Intermolecular                    -0.3740361419E+006  -0.3606514689E+000     -0.3736423502E+006  -0.5203617229E+000

Electrostatic        
 Real                                   -0.8714924105E+004  -0.1005001178E-001     -0.8708684087E+004  -0.8589290541E-002
 Exclusion                               0.1391879077E+008   0.1428773879E+005      0.1391283049E+008   0.1467649269E+005
 Selfterm                               -0.1392129764E+008  -0.1428805003E+005     -0.1391533590E+008  -0.1467683143E+005
 Fourier                                 0.1098766801E+004   0.3184970896E+000      0.1098589232E+004   0.3272537665E+000
Total Intermolecular                    -0.1012303124E+005  -0.2800697097E-002     -0.1011550099E+005  -0.2008207007E-001

Intramolecular       
 Lennard Jones                           0.0000000000E+000   0.0000000000E+000      0.0000000000E+000   0.0000000000E+000
 Electrostatic                           0.0000000000E+000   0.0000000000E+000      0.0000000000E+000   0.0000000000E+000
 Bending                                 0.3217088451E+005   0.5619029591E+002      0.3215795220E+005   0.7374295480E+002
 Torsion                                 0.0000000000E+000   0.0000000000E+000      0.0000000000E+000   0.0000000000E+000

Total                                   -0.3519882887E+006   0.5582684375E+002     -0.3515998990E+006   0.7320251101E+002

#########################################################################################################################

No errors found in bookkeeping.

Total simulation time :  1 days and  13 hours

Simulation finished.

