Simulation state at cycle:    1100000
##############################################################################                                           

Number-of-molecules: 401   

Box-size(s):    27.660739   50.766368

------------------------------------------------------------------------------                                           

Deltas
Translation per molecule type
Box 1    0.4733373566E+000
Box 2    0.2540919512E+002

Rotation per molecule type
Box 1    0.7306608284E+002
Box 2    0.1800000000E+003

Volume    Delta_Volume
Box 1   0.2952912141E+003
Box 2   0.1367088954E+004

------------------------------------------------------------------------------                                           

Molecules in box 1
##############################################################################                                           
Moleculetype  1
Number-of-molecules: 400   
Atomtype         X                  Y                   Z
  1       26.8160169817        7.9966231874        7.6147319375
  2       26.9832365539        7.7436702051        7.1558720423
  1       27.1592118223        7.5035566762        6.6934023707
  1        7.1561103816       10.9598786464       11.8737428958
  2        7.4963054953       11.1685311255       11.4952836146
  1        7.8459271224       11.3523688744       11.1125717139
  1       17.6930761308       15.9940947406       22.3026211466
  2       17.7755568830       16.5374683400       22.2815959958
  1       17.8561489506       17.0802092940       22.2436859124
  1        8.9950657659       22.6107799729       16.9946691468
  2        9.2419297027       22.5372551283       17.4806241797
  1        9.5167721692       22.4545983280       17.9498037518
  1        9.3124016402       11.2374958604       17.7755122927
  2        8.8830339630       11.3626962324       18.0956189384
  1        8.4513678038       11.4997651998       18.4076708959
  1        2.1583417061       12.1157898896       21.7341712129
  2        2.0342799763       12.6344055839       21.8688799686
  1        1.9027163588       13.1526100005       21.9979349807
  1       12.4085255555       18.6236500606       17.9296123416
  2       12.0877158619       18.2185096949       18.1178739271
  1       11.7774909766       17.8047390872       18.3051021400
  1       12.3529703766        4.5740257320       17.2007198343
  2       12.8757813797        4.4049637688       17.1764977858
  1       13.3990692979        4.2448322842       17.1214735983
  1        6.0838992571        2.3007333317       27.3279247888
  2        5.5830962937        2.2450313870       27.5483645429
  1        5.0849478165        2.1914956645       27.7752610392
  1       23.5706123296       13.9255442486       26.8439149560
  2       23.9650346293       13.9029052782       27.2265616945
  1       24.3656920724       13.8775125034       27.6024989489
  1        6.1396511667        8.3991254777       17.6308948926
  2        6.5832791274        8.1416435600       17.8293824097
  1        7.0344779147        7.8840448673       18.0098334193
  1       22.2640023910       12.8989748015       21.1679701750
  2       22.1947526463       13.2101494575       20.7197795835
  1       22.1040970676       13.5461069545       20.2938522127
  1       26.6234734948       27.3344429011       23.5334187160
  2       26.1590578499       27.3479408527       23.8277585096
  1       25.6987282784       27.3524714090       24.1287172422
  1        3.0066744238       19.3141127574        2.7530218018
  2        3.3629214542       19.6666449665        2.5265066924
  1        3.7142577252       20.0106127580        2.2800336064
  1       27.7341354747       24.4920114038        6.3812719772
  2       27.3631267095       24.7872853263        6.1025861202
  1       26.9895326337       25.0851048984        5.8301325133
  1       21.5120067947       17.0232059928       10.8907144592
  2       21.8936547016       17.0940015535       10.5010570921
  1       22.2675921091       17.1657621007       10.1041676387
  1       26.6789739429       22.0128975010       16.4887800049
  2       26.2635995656       22.3733988917       16.4904752659
  1       25.8511140792       22.7371911509       16.4871715234
  1       24.6079200682       10.3665422227       14.2158807531
  2       24.5204750298       10.4490098816       14.7525859334
  1       24.4466304858       10.5125899202       15.2938848905
  1       24.1787866891        4.7146747443       18.8256415755
  2       23.8429144371        4.8719706316       19.2317792790
  1       23.5277905375        5.0590361695       19.6419053711
  1       14.5343302385       15.6078714166       16.0280484783
  2       13.9992644720       15.6420349084       16.1506758871
  1       13.4646166129       15.6632655152       16.2779587496
  1        7.9652035761       11.5626070876        1.9605030815
  2        7.7402389982       11.2455037303        1.5714832884
  1        7.5062052745       10.9064158346        1.2071378285
  1       21.5202346603       26.5455213797       25.2310337013
  2       21.9052810141       26.9242942350       25.1272530215
  1       22.2839897195       27.3111575191       25.0302142928
  1       20.7349346053       18.8375183070       24.8295612702
  2       20.4789929863       19.3236107857       24.8561693470
  1       20.2457846919       19.8197211056       24.9007612854
  1       16.5100078316       19.3763124848       12.9169724973
  2       16.6004506807       19.8785571592       13.1220831456
  1       16.7106621571       20.3729675685       13.3363534811
  1       21.2710862749       24.3867400493        2.8543210247
  2       21.6447759165       24.0057330085        2.7213184436
  1       22.0324644861       23.6438999993        2.5754608231
  1       17.4708931506        1.6058041678        2.2818431500
  2       17.2543647349        1.2146611086        2.6021906994
  1       17.0616781596        0.8169157117        2.9295597296
  1        6.9772125950       19.3592472623        2.7492981541
  2        6.9958585977       19.8524862628        2.9919246469
  1        7.0149468181       20.3452043127        3.2355730865
  1       16.3314298672       19.4835271788        1.2069879812
  2       16.0947264724       19.3125944287        0.7408833815
  1       15.8473092484       19.1649632400        0.2723860513
  1        3.7319633098       11.3505816648       18.8105971815
  2        4.0400220183       11.2319488759       19.2505131889
  1        4.3469555683       11.0781118019       19.6801944074
  1       12.3876642839       24.4680646542        3.9818901260
  2       12.0495251535       24.5059878292        4.4140055751
  1       11.7207820067       24.5503821071        4.8527048918
  1       25.3476554064       19.0002254922       17.0135640727
  2       25.3737876142       18.5449757073       16.7060502664
  1       25.3979428637       18.1129537023       16.3665307381
  1       14.0320860223       10.1184169930        4.3422935048
  2       14.0925016883        9.5720746276        4.3233207070
  1       14.1366635295        9.0241438321        4.3053882192
  1        6.4486952690       26.1541804927       20.8323191168
  2        5.9809484015       25.9003544212       20.9711902562
  1        5.5084341386       25.6564337339       21.1116643415
  1        6.7289827321        1.3217663706       10.2637659341
  2        6.6899282366        1.2826272161       10.8109796702
  1        6.6384712502        1.2604870210       11.3581194963
  1        2.9439795517       10.3722659390       13.0073701288
  2        3.2783658418       10.7045930861       12.7240955688
  1        3.6123167509       11.0501849585       12.4566202484
  1       12.5481613618        9.4608143049       25.1217891894
  2       12.1362755355        9.2285439906       24.8408967417
  1       11.7090893505        8.9934942439       24.5864098483
  1       15.4784056456        5.8766128191        3.5482456356
  2       15.0443818816        5.6733645930        3.2784058113
  1       14.6233109429        5.4551472463        2.9998731325
  1       26.6776685302        7.5083462169       17.2334494201
  2       26.4397975684        7.9865052553       17.1019909111
  1       26.1902514899        8.4509292028       16.9453475245
  1        0.5838274388        3.6863949216        6.2198975778
  2        0.0599605456        3.8429274044        6.2795721951
  1       -0.4579864579        4.0113745705        6.3560996598
  1       21.5162925165       24.2890100852       10.5795907646
  2       21.9039524121       24.6787042515       10.5606629526
  1       22.2923602189       25.0654766766       10.5154250730
  1        8.2490022188       26.0628714697       23.8663766147
  2        8.2744918656       26.5196110644       24.1717275940
  1        8.2849171292       26.9738633713       24.4816407343
  1       15.1884647668        1.7865433797       27.1427347958
  2       15.2441424622        2.3334667174       27.1593136026
  1       15.2992670081        2.8804157465       27.1768647578
  1       16.3371659052       27.0654340915       20.1921781035
  2       16.0140406032       26.7706915771       20.5256700666
  1       15.7006891779       26.4570110520       20.8511165466
  1       24.9779481028        3.0510471056        9.6147333006
  2       24.6059069241        3.3575604507        9.3499032974
  1       24.2259261228        3.6282499458        9.0586271624
  1        0.1750993489       13.8318965432        1.8071791082
  2        0.0574270720       13.2985748545        1.8721499607
  1       -0.0609247140       12.7681269675        1.9565175662
  1        6.8113880557       15.8413878480       14.0949408753
  2        7.2137885394       15.4745129978       14.0176317881
  1        7.6209314006       15.1120782759       13.9443122004
  1       17.0757724794        5.5098796252       11.2272422181
  2       17.4405458586        5.9158428673       11.2953173820
  1       17.8157759356        6.3144013470       11.3487357918
  1        8.0618674271        3.7701539428        2.7455617833
  2        7.6620573881        3.8817597032        3.1063887320
  1        7.2728659039        3.9950101832        3.4781471433
  1       25.0025744469       11.7636938905       18.2042232571
  2       24.6793719700       11.5476956251       18.5933053927
  1       24.3473878504       11.3388272249       18.9788706074
  1       22.2747744056        8.0008757997       17.2169051905
  2       22.5401866297        8.2109462015       17.6504104126
  1       22.8040207232        8.4216908857       18.0845512287
  1        7.5147488911       25.8474387780       14.3797013770
  2        7.6753675696       25.8604061543       13.8538368628
  1        7.8399953438       25.8852803941       13.3296432277
  1       17.3487008340       24.5131603416       17.0813002116
  2       17.2928157586       24.1162266527       16.7047095785
  1       17.2299716840       23.7236229999       16.3246924827
  1       25.5112693629        3.4365653205       12.8627258933
  2       25.6210450060        2.9834726495       13.1545414851
  1       25.7380393293        2.5250733215       13.4350452879
  1       14.1580454070       17.0046400642       12.9911591000
  2       14.1774093116       16.8443831380       12.4653808608
  1       14.2083843274       16.7090236835       11.9331982178
  1        2.6601559848       21.6467601100       12.8935788400
  2        3.1273058131       21.9363590581       12.8734918506
  1        3.6017814648       22.2120017831       12.8361563026
  1        9.3515230408       19.7567494673       19.8446694158
  2        9.2174055484       19.3877006547       20.2297868942
  1        9.0745811318       19.0081077779       20.6012844486
  1        0.2294676174       20.6792522889       26.8039416264
  2        0.5632163000       20.5961854806       27.2331405572
  1        0.9103796537       20.5023696919       27.6492850064
  1        8.9365184220        9.5747119264        8.5749714569
  2        9.4346213007        9.3550177328        8.6532528950
  1        9.9417757211        9.1557358081        8.7279597046
  1       15.4764646943        0.9306923441       23.8003927335
  2       14.9946105236        0.8328001044       24.0468347502
  1       14.5172355212        0.7253111761       24.2979507322
  1       18.7279153258       20.8050333908       17.2112707975
  2       19.1515903290       21.1375537795       17.0997823103
  1       19.5709833246       21.4812638398       17.0077339068
  1       12.6416149085       10.0342784781       21.5670236008
  2       12.3735314573       10.2511036371       21.1385167588
  1       12.0963794661       10.4784278595       20.7213711360
  1       22.2374419263       10.7954658806        0.8291355410
  2       22.1576192854       10.3707773810        0.4888885362
  1       22.0507719531        9.9425951902        0.1606452453
  1        3.2552487000        9.2314972697       24.0104029762
  2        3.6413019339        8.8531582342       24.1120025570
  1        4.0424279502        8.5014971218       24.2459143940
  1       27.3427174805        6.4097572052        0.4473060380
  2       26.8369329754        6.4240732148        0.6628914881
  1       26.3281151902        6.4312240998        0.8715858228
  1        2.4600451146       19.9292207175       23.3085709775
  2        2.5279728404       19.7913401486       23.8366569296
  1        2.6130984860       19.6616205662       24.3643182352
  1       15.8258727006        4.9987370264       15.3179564678
  2       15.6653538505        5.4103445037       14.9903698633
  1       15.5123447185        5.8207683738       14.6577432688
  1       25.3914390440       24.2024620013        2.3792883587
  2       25.4006450637       23.7732090943        2.0355483536
  1       25.4170009694       23.3622508573        1.6703828969
  1       23.0704450471       15.6764084132       17.6266060896
  2       23.3161451701       15.7718779266       18.1093244563
  1       23.5667909647       15.8721458622       18.5885144247
  1       15.4189807647       25.6458101360        5.8986511800
  2       15.2372721296       26.0297078354        5.5492165962
  1       15.0755289100       26.4154261169        5.1920604158
  1        3.3578338650        5.4351079057        0.3126816186
  2        3.5125962582        5.4848434391        0.8381099947
  1        3.6838448979        5.5327307660        1.3585720070
  1        8.0591418357        6.4037291552       23.9918418280
  2        8.5787002655        6.2970845468       24.1373958232
  1        9.0979874835        6.2072577036       24.2947868091
  1        2.8369606023       19.9531831605        9.6973664394
  2        3.3697652416       20.0698645017        9.6266226695
  1        3.9042953984       20.1895659669        9.5771345929
  1       18.9741112308       20.5686030606        3.5990871623
  2       18.8682402832       21.0986828340        3.4975648676
  1       18.7995666763       21.6299307536        3.3728268115
  1       26.8495389173       14.2445975280        4.7785337460
  2       26.8814644025       14.5963201661        5.2001638555
  1       26.8903064321       14.9348109462        5.6335756797
  1       12.1846074152       18.9263189419        7.4973371952
  2       12.4845843826       19.0167166225        7.0452950751
  1       12.7820383071       19.0849859755        6.5877358361
  1       15.9212606368       17.3889364472        5.6017017721
  2       16.2934728686       17.6977693175        5.3398233408
  1       16.6839130339       17.9910215465        5.0867233479
  1        6.5147187699        8.1923039360       27.0370560149
  2        5.9729088701        8.2045643410       27.1308201600
  1        5.4282956755        8.2143484297       27.2069827416
  1        6.7175892594        9.8146073785       22.2237470155
  2        6.6516021986        9.2796106161       22.1145491580
  1        6.5791002043        8.7478186975       21.9943792155
  1       17.6877833297       25.0218126441        3.5188522342
  2       17.8120393560       25.0604641185        2.9844680059
  1       17.9463460700       25.0946306262        2.4522139732
  1        8.8824846225       12.3939315085       21.9974899194
  2        9.2952840443       12.2235492293       22.3185296620
  1        9.7023848516       12.0350149628       22.6366864819
  1        3.8462615840        7.6722120865       19.9220393693
  2        3.7094696870        7.6433355982       20.4539736936
  1        3.5585399032        7.6174064055       20.9822235174
  1        9.6105752388       19.5786660607       24.3420315139
  2        9.1474351006       19.5940807757       24.0457822962
  1        8.6745209476       19.6128832011       23.7656061522
  1       24.7197972017       22.2923845963        6.2191957663
  2       24.9926064254       21.8150340936        6.2337431048
  1       25.2555265252       21.3319477963        6.2329372559
  1        1.7723470248        9.7909007478       27.3705808791
  2        1.7111686678        9.2454345346       27.4055640033
  1        1.6432552067        8.7012807437       27.4478063108
  1       27.4159710659        8.6945493660       13.7563093116
  2       27.3793485754        8.9050942449       13.2495256820
  1       27.3400166583        9.1170031622       12.7435142098
  1       10.0373233109       10.7339530690       14.5135136123
  2        9.8075013189       11.2333991385       14.4981683938
  1        9.5767698387       11.7326082803       14.4908734828
  1       20.2150289932       13.1233812842        9.1022496281
  2       19.7147339760       13.1076383260        8.8743087256
  1       19.2246606070       13.0957904936        8.6249340659
  1       13.9983249779        1.8901994966        3.4141337115
  2       13.6977754460        1.5262077769        3.1318572391
  1       13.4011284343        1.1570705676        2.8521461916
  1       27.8846691501       27.9735978536        3.6084893441
  2       27.5843263540       27.5596122984        3.4062267305
  1       27.2725328474       27.1627579370        3.1876142329
  1       19.2052650082        9.8452115497       19.5558158402
  2       19.5588460757       10.2652644305       19.5236287925
  1       19.9357941754       10.6643812394       19.4902236722
  1       26.7731173123        3.0761445413        2.3992387203
  2       26.4747040735        2.9464119473        1.9558213176
  1       26.1772981977        2.8073689660        1.5145540592
  1       24.2919631022       17.8477480102        6.9256183777
  2       23.9254562601       18.2104871201        6.7343252185
  1       23.5416658161       18.5493282820        6.5333486997
  1        5.5025296789       18.4322978412       22.5544518549
  2        5.4578423135       18.4852947117       22.0088380985
  1        5.4013472306       18.5178771411       21.4627184323
  1        1.2021454110        1.3622847363        8.4529262787
  2        1.2119146297        1.7905402390        8.7978926346
  1        1.2394006450        2.2146924827        9.1469476333
  1       22.8832936238       21.4648495368       22.7362021764
  2       22.7670698607       21.9261139013       23.0122949559
  1       22.6668244554       22.3846311936       23.2990226149
  1       25.4014148565        4.2628829036       24.2522852347
  2       25.6317633053        4.5907565231       24.6290324733
  1       25.8410714212        4.9108352341       25.0243041904
  1       22.2209095587       26.9306883447       20.8496090358
  2       22.0878085070       27.0371867611       21.3725260439
  1       21.9349293384       27.1674219288       21.8845482699
  1       18.6070096859        3.4604913652       21.1419478825
  2       19.0996548143        3.3128135621       21.3368633616
  1       19.5880013359        3.1561785097       21.5355669955
  1        1.0105873322        5.7187471228       14.6595670217
  2        0.8445058668        5.3456214810       14.2912000819
  1        0.7077196886        4.9626644990       13.9208846889
  1        4.4326622488        0.1621345047       18.4469656540
  2        4.0230919323        0.4332512553       18.6944487108
  1        3.5990521705        0.6885844336       18.9342303770
  1       22.7762994655        3.9385180257        6.2374977159
  2       22.2556194421        4.0061161229        6.4012744253
  1       21.7333414382        4.0796883787        6.5572000767
  1        2.1977980735        3.8850663265       18.7614939188
  2        2.6491816632        4.1451781381       18.9378308133
  1        3.0995699186        4.4116715148       19.1070398514
  1       15.6193569004       19.2417993984       20.6720929258
  2       15.4288483619       18.8370462308       20.3521220362
  1       15.2461869732       18.4379618219       20.0206609516
  1        4.9036275664       24.5533602059       17.6106274687
  2        5.4227740914       24.3718139136       17.6159028170
  1        5.9415961897       24.1895896599       17.6050423081
  1        4.7056893376       12.1008906373       23.9785125876
  2        4.3499390388       12.2132997884       24.3826238441
  1        3.9982891433       12.3390805581       24.7863831139
  1        7.8589113033        8.4128474533       14.7220196906
  2        7.7025934650        8.2803148163       14.2116278474
  1        7.5600421870        8.1533073552       13.6958292075
  1        5.3203688787       21.3146868150       19.5069389891
  2        5.6300871373       21.3428708523       19.9605690811
  1        5.9119419105       21.4025512746       20.4290732252
  1       14.3621645588        3.0550383229        9.3807875755
  2       14.5834193183        3.0413985551        9.8841366473
  1       14.8378758586        3.0428365974       10.3717325867
  1        1.1838927537       18.3685771994       15.8229087497
  2        1.7288070257       18.3303578409       15.7588172779
  1        2.2726147266       18.2869034852       15.6889252012
  1       24.7420529588       17.3108153412       12.7771099271
  2       24.4359695279       17.7072099553       13.0044516155
  1       24.1413068022       18.1218547756       13.2136012034
  1        2.2919175013        8.5020509563       16.8661535562
  2        2.7597339980        8.5061558519       16.5769635231
  1        3.2275804233        8.4936770744       16.2880621533
  1       25.5380535238       23.5071709140       24.8823210857
  2       25.3462783972       23.7292920015       25.3474925845
  1       25.1705165765       23.9470340867       25.8209861597
  1       17.5362334779       15.3584368149       14.7204553597
  2       17.4535019013       15.9013277571       14.6900430084
  1       17.3647784456       16.4435160385       14.6643522539
  1        1.6828796769        2.6032625373       27.0487795388
  2        1.7076013949        2.5207199168       26.5055709670
  1        1.7351840063        2.4433875664       25.9617337615
  1       23.5310618614       20.5162674860       26.7732636234
  2       23.6578960489       20.8440260714       27.1963326469
  1       23.7638875263       21.1680874709       27.6278995768
  1       21.1256185861        4.6181188315       11.0412495344
  2       21.1744885562        4.9454663828       11.4805163174
  1       21.2369744116        5.2695932974       11.9204450163
  1       16.6156277847        2.1212362105        5.9459693886
  2       16.7380539821        1.7581178777        6.3405031674
  1       16.8520763678        1.4140684345        6.7541804270
  1       24.0067626049       25.1307119976       13.5078484246
  2       24.3277103850       24.6866930533       13.5562188646
  1       24.6364944633       24.2332591469       13.5955899773
  1       22.9763244593        2.8017571440       22.2632666643
  2       22.7381119701        3.0700555147       22.6801249067
  1       22.5042747888        3.3274086956       23.1062581158
  1        9.3260285348       16.5369974143        5.3082418928
  2        9.6880660960       16.7883751147        5.6372374185
  1       10.0459785193       17.0267980219        5.9800977598
  1       10.0760173390        4.3233404588        9.3475765838
  2       10.5612081697        4.1628235447        9.5508600758
  1       11.0593404011        4.0001614683        9.7179089545
  1       11.3190590330        8.7781105425       17.7450150152
  2       10.9442775531        8.4740073173       17.4812725826
  1       10.5508964877        8.1891586274       17.2231784909
  1        0.4496148470        9.3960603402       20.0414740917
  2        0.5522435699        9.1801985860       20.5368235121
  1        0.6529609116        8.9755725041       21.0373074606
  1       23.7235560628        6.7696131852        9.8359773602
  2       23.7530268284        6.9188838793        9.3074418988
  1       23.7770025992        7.0836877366        8.7832617294
  1       18.3833304613       23.2284025254       13.3622294897
  2       18.7872945124       23.0097571001       13.0597278806
  1       19.1858525314       22.7638030763       12.7713563795
  1       15.3524837700       12.4618746620        9.7025567972
  2       15.6199980442       12.6941549376       10.1232490679
  1       15.8762033238       12.9434235678       10.5412490723
  1       13.8602821742        7.2514542106       22.6880135286
  2       13.5537456233        7.0425535029       22.2819398440
  1       13.2531000993        6.8670600968       21.8561296371
  1       13.1532817709        8.0824603132        7.2915060631
  2       12.7988080450        7.6915500307        7.1364656532
  1       12.4463168133        7.3124634605        6.9506073662
  1       17.4617498180       10.5973929936       16.3314689884
  2       17.8363805073       10.3826196768       15.9908456347
  1       18.2137696100       10.1905097925       15.6398880069
  1        7.6562181114        2.1195681442       19.3439356197
  2        8.0815894778        1.7931686922       19.2213689098
  1        8.5028838071        1.4679513027       19.0826435097
  1        5.3759730789       13.8157509795       21.1032370059
  2        5.6732237389       14.0790104184       21.4838109317
  1        5.9667488320       14.3410010572       21.8681336137
  1       25.6672215803       20.2693265977       24.0353824967
  2       26.0813724002       20.1559288706       23.6916965152
  1       26.5004724221       20.0507662832       23.3514084007
  1        6.3525666168       18.4185185589        6.3016064992
  2        5.8990992257       18.7161684001        6.3925564702
  1        5.4624309644       19.0347493410        6.4941783808
  1        6.9821019341       16.2373911332       19.1259296256
  2        6.7952290863       15.7882058597       18.8693928274
  1        6.5965259787       15.3394425541       18.6211418062
  1       11.3148008508        5.4777738683        3.1419882522
  2       11.3178059859        6.0104480596        3.0050606252
  1       11.3531901806        6.5399139067        2.8604443243
  1       15.4445070523       13.0675584578       26.6992607016
  2       14.9384853393       12.8856676226       26.8148364344
  1       14.4295982702       12.7173868189       26.9381876444
  1        6.4063425618        4.6218356773        8.5773938267
  2        6.3475763571        4.5651812338        9.1213026492
  1        6.2929811770        4.5255324439        9.6671481757
  1        2.6756109787       26.9273820769        6.2174000345
  2        3.0118532224       26.5016531845        6.1268679197
  1        3.3657679684       26.0908474798        6.0347645837
  1       22.1605393281        6.6488503461       27.9563484780
  2       22.3512409638        6.4904369419       27.4653921871
  1       22.5335197463        6.3303900084       26.9717734846
  1       11.9317354252       12.0155748586        7.3789885424
  2       12.3233382229       12.2745668924        7.6654678178
  1       12.7136074373       12.5300520013        7.9568735459
  1       22.9434147496        0.4209526346       15.3072911138
  2       22.5524827393        0.6505176613       15.6186944886
  1       22.1721591622        0.8941538785       15.9325342079
  1       25.1660739405       17.7621062043       20.8471587083
  2       24.7863877010       18.1591692721       20.8732217037
  1       24.3916708591       18.5420105166       20.8846757520
  1       22.7964972571       20.9061839417       10.0597947293
  2       22.7408947338       20.9268991588       10.6065846699
  1       22.6738685731       20.9512963099       11.1519398494
  1       16.4987088232       10.0182625742       12.8144711486
  2       16.6345577367        9.4854550309       12.8017749101
  1       16.7895096456        8.9578544632       12.7904812913
  1       13.0838656858        0.4397848655       19.0811525880
  2       12.7532051163        0.6497213461       18.6950305064
  1       12.4368748422        0.8607043783       18.2976373550
  1        7.1316808087       26.4955427547        1.3129241339
  2        6.8665450343       26.5490190436        0.8340261201
  1        6.6351091598       26.6006640672        0.3377699095
  1       17.1127999552        6.7242699481       21.4968023705
  2       17.4156846748        7.1538230839       21.6588053031
  1       17.7143931821        7.5690616944       21.8609194368
  1        7.1862781671        7.5165165971        3.4232651396
  2        7.5543192834        7.4389930570        3.0219724316
  1        7.9022759355        7.3603153388        2.6033604586
  1        0.4385229343       15.5860382215       23.9983325320
  2        0.2051429545       16.0754992982       23.9063453625
  1       -0.0459053266       16.5599941216       23.8375011497
  1       21.4664850940       14.7941615992       24.3521234071
  2       20.9929565584       15.0639414032       24.4262151293
  1       20.5244381337       15.3392517966       24.5110365415
  1       14.8966368860        9.5179718061       -0.2582295126
  2       14.4898133120        9.4593968036        0.1072339585
  1       14.0847593766        9.4111988554        0.4761624966
  1        5.9608152876       18.8963987481       16.4125889847
  2        5.6569058054       19.3545707569       16.4273347329
  1        5.3576751945       19.8153335427       16.4529997997
  1       18.6965715884        7.0341036922       16.4129742707
  2       18.9007661315        6.8632625904       15.9317072903
  1       19.0983076553        6.7081095018       15.4424171264
  1       16.8086091271        9.4940355685        9.0735589988
  2       16.4326146355        9.0928960086        9.0882285546
  1       16.0718977359        8.6777187227        9.0848911019
  1        1.3679325994        2.4328298852       22.4141563201
  2        1.7871085369        2.7098718346       22.1904616807
  1        2.2151457787        2.9836923255       21.9799706894
  1       16.3254306473       18.6686758169        9.4252003627
  2       15.8803560467       18.8396693993        9.1510292580
  1       15.4424472748       18.9856856504        8.8520055785
  1       24.1022103278        6.7525731473       14.3580751633
  2       24.5571725792        6.4769742737       14.4979129646
  1       25.0154395206        6.2098620808       14.6433175234
  1       18.5245385015       16.5641862180       27.6635182881
  2       18.4775791566       16.8144416396       27.1760072176
  1       18.4300277579       17.0691397975       26.6908601143
  1        8.4665486234       16.7320968182        9.8210320254
  2        8.6667245717       17.2413225612        9.7651864129
  1        8.8769859985       17.7442621404        9.6920980350
  1        6.0414927560        4.9164011300       21.0787006067
  2        6.3984846190        5.1835452714       20.7566900207
  1        6.7407117541        5.4488228368       20.4175611362
  1       20.8382290817        0.1490176130        4.8111537800
  2       20.2959897423        0.1907026601        4.8932443137
  1       19.7532428215        0.2259152985        4.9750113545
  1        8.5122898864        2.6805093431       24.8637847261
  2        9.0596590077        2.6781212299       24.9174628594
  1        9.6089465525        2.6783032363       24.9454478379
  1       25.8688267180       14.9774614938       14.7218433629
  2       26.0366713832       14.9157765831       15.2419617534
  1       26.1884942781       14.8464033052       15.7660201050
  1       25.7345888741       26.8461410725        9.8817418204
  2       25.4123666358       26.9107197205        9.4407175270
  1       25.0852051922       26.9808047966        9.0041932196
  1       20.6855806443       15.7085892703       14.4688056841
  2       21.2345453724       15.7362078471       14.4494422772
  1       21.7822479153       15.7614119994       14.4060064148
  1       18.6262994850        1.7228008980       25.3801045756
  2       18.7361864992        1.7425486183       24.8415557184
  1       18.8583499357        1.7663690405       24.3058238066
  1       10.4545205321        1.9678616530       15.6583695757
  2       10.0295294248        1.6254781275       15.7266050521
  1        9.6003063235        1.2821069423       15.7456774772
  1       19.3415216566       25.2492721372        7.4225679330
  2       19.2487727741       24.7253472214        7.5618529912
  1       19.1714712511       24.2005889288        7.7072944154
  1       10.9232630333        0.0600572536       11.2714960841
  2       10.6718248301        0.4337297469       11.5871663200
  1       10.4043279095        0.8001888952       11.8980571192
  1       10.8502578265       23.9141226651       14.0750605376
  2       10.8720988685       23.4044949129       13.8693847660
  1       10.8851080112       22.9018854533       13.6464172967
  1        9.1325703508       25.7782616707       18.5452170045
  2        9.4224759964       25.8910760313       18.0916449190
  1        9.7053323054       25.9934553715       17.6311986375
  1       14.0094044069        6.6262007171       11.4021809044
  2       13.6579489891        6.5464528601       10.9867060332
  1       13.3271405398        6.4739125255       10.5533428267
  1       22.0090737704        0.3549200243       12.2017681725
  2       22.3819999089        0.6684976229       11.9466305922
  1       22.7694649353        0.9684207268       11.6967966794
  1       19.7261876340       17.4749000294        4.0972268232
  2       19.8197844109       17.2916275784        3.5871769707
  1       19.9076080128       17.1235415014        3.0709075791
  1       18.8952145769       14.1139615370        5.7067058581
  2       18.4560974552       14.2409378268        5.4008412225
  1       18.0044942667       14.3700214419        5.1146734755
  1       15.2746624221       20.5742373889       16.4771634121
  2       15.1954766877       20.6391981660       17.0175426464
  1       15.1313147762       20.7102608196       17.5591452196
  1       14.9757097837        4.1393558613       20.6346897836
  2       14.9153926878        3.7143819674       20.2908016659
  1       14.8449716580        3.2923518013       19.9452131584
  1       18.8518586782       17.3286416092        7.6402204496
  2       19.3046935352       17.0344469505        7.7445760679
  1       19.7643844528       16.7444315829        7.8286911426
  1        6.9998149048       26.1362505917        7.5922082489
  2        7.4770191795       26.4096492651        7.5976161718
  1        7.9433026755       26.7003590618        7.6214387326
  1        5.0079788992       16.9186733029        9.2849339689
  2        4.9150823895       16.4685020451        9.5869539635
  1        4.8333406212       16.0100812955        9.8796461202
  1       13.4831159956       24.1559463036       17.9017838893
  2       13.0995012145       24.1725264062       17.5080012082
  1       12.7364704483       24.1866196586       17.0950725921
  1        4.8535833590        5.2463971209        5.5716157045
  2        5.0966956076        5.7345028098        5.6433741259
  1        5.3454418108        6.2174707909        5.7292068394
  1       11.2364647424        4.5228183506       20.4486229977
  2       10.7537177270        4.4925827318       20.7104266005
  1       10.2625589018        4.4633132000       20.9562035359
  1        0.8438298725       12.5880600958       25.8983889739
  2        0.6467624720       12.3087627469       25.4675091409
  1        0.4354791160       12.0173386049       25.0516590334
  1       25.7824080997       19.6960542589        9.2672911175
  2       26.0585174478       19.2451035158        9.4186418861
  1       26.3374578642       18.7997633072        9.5810128865
  1       25.3851437577       23.6181892031        9.5630377833
  2       25.5676243617       23.3251140146        9.9911823419
  1       25.7511942023       23.0304675227       10.4177799947
  1       22.8536773623       21.5292099985       14.3529202181
  2       22.5751264474       21.8558394341       14.6967553524
  1       22.2726564006       22.1706424147       15.0312862974
  1        2.4468493633       12.7754563054        5.1791143115
  2        2.4764841278       12.4622874319        4.7279524365
  1        2.5227987705       12.1290435977        4.2928622162
  1       25.4561073338       10.9932470187       27.3177844268
  2       25.5024888433       10.4500302562       27.3903399541
  1       25.5116137722        9.9055601712       27.4675996535
  1       24.4526300270       17.4318289239       25.6558124823
  2       24.2463311315       17.4144990423       25.1462632296
  1       24.0613333818       17.3724372272       24.6300204231
  1       14.6377010542        7.5864072564       18.7192251630
  2       15.1625078087        7.6675134523       18.5760481556
  1       15.6916973227        7.7307727479       18.4401926485
  1       24.4804958414       12.6673177492        3.0837587792
  2       24.5767420240       12.1264720532        3.0568774580
  1       24.6509370036       11.5816300118        3.0449504303
  1       26.0118329690       12.9568429411       21.8686102254
  2       25.6122866389       12.9949035374       22.2446609149
  1       25.2136346284       13.0309455925       22.6218578712
  1        0.4901834231       11.8411912541       16.8569143216
  2        0.2768504558       11.6668596836       16.3808916871
  1        0.0681798579       11.4951121557       15.9018725151
  1       26.1897579376       26.8277972042       15.1963121508
  2       26.2701884589       27.2329532611       15.5594643239
  1       26.3291096642       27.6475755617       15.9159985276
  1       20.0556599840       12.6747688719       26.5987729378
  2       19.5803095282       12.9323021094       26.6998599087
  1       19.1147843821       13.2088117723       26.7964453305
  1        5.6433504820       14.3366666435        5.8104427734
  2        5.5299589486       14.8192942037        6.0485876837
  1        5.3802996401       15.3001297391        6.2697194955
  1        8.7041834453       23.7815026369        3.7974249671
  2        8.4584165800       23.8284111667        4.2872190439
  1        8.2043482030       23.8952703412        4.7704158047
  1        2.1489674482       23.2800759835       20.0140696617
  2        2.6021428954       23.2633351725       20.3252798147
  1        3.0658019056       23.2436893812       20.6204651194
  1        3.6645174182        9.5238142541        2.4553768347
  2        3.9631044798        9.4755128435        2.9147380654
  1        4.2483176598        9.4319901508        3.3829892974
  1       13.2215173946       20.3765898661       24.8405026611
  2       13.1089334166       20.0470642694       25.2662229084
  1       12.9988893582       19.7262311291       25.6991852628
  1       16.5819734923       23.3085239592       10.5079644232
  2       16.4447634098       22.7882288872       10.6218346620
  1       16.2913268142       22.2686488159       10.7166700966
  1       11.3030741480       27.7600551597       25.7410545946
  2       11.4032524684       27.2907367186       25.4723456349
  1       11.5027680427       26.8236541937       25.1995259795
  1       22.4454824451        3.1653046848        2.8323559999
  2       22.3619123042        3.4906643643        2.3968596044
  1       22.2823726758        3.7911425826        1.9431126630
  1       19.8859649378       11.1968495165        5.4559034702
  2       20.1507272214       10.7677394139        5.6755974689
  1       20.4096734136       10.3291639014        5.8831989822
  1       18.4800901565       12.7857951882       23.0278217309
  2       18.0872209645       12.8661899331       23.4042396941
  1       17.6837291049       12.9231122987       23.7736367196
  1       20.6106704030        0.5050660099        0.4049141393
  2       20.4588491377        0.2256844245        0.8536860559
  1       20.3162843302       -0.0490499666        1.3083246915
  1       26.8031406078       14.8673623557       19.4704482303
  2       27.2147214465       14.8760504102       19.1057213038
  1       27.6332446864       14.9262859500       18.7524300822
  1       19.3609977680        0.2334124179       17.7186832941
  2       19.7183015010        0.5330295821       18.0103399369
  1       20.0774920552        0.8332949378       18.2989969321
  1       12.4405880193       20.2241111395       14.7843105468
  2       12.8114721611       20.2636389232       14.3801045255
  1       13.2096589600       20.2881052086       14.0014903776
  1        2.3423225591       21.9311505603       16.0454695160
  2        2.6263053519       22.0468279546       16.5020574197
  1        2.8926828955       22.1613597424       16.9694175302
  1       16.3539668560       20.3196951956       23.6854174708
  2       16.7166034652       20.7175799493       23.5728012533
  1       17.0906992806       21.0987178868       23.4413242877
  1       12.5827528575       22.3001392642        1.1490071730
  2       12.8682427366       22.1439971206        0.7055940926
  1       13.1406059560       21.9804401504        0.2566315182
  1       16.6667318795       11.2764882444        2.5502742991
  2       16.9045784368       11.3342996095        2.0577432227
  1       17.1318120781       11.4094245005        1.5625451592
  1       17.9792259332        5.0212922787        0.6204965052
  2       18.4363896989        4.7403294374        0.4998268191
  1       18.8883474200        4.4503376121        0.3809194662
  1        4.8079543756       23.5770650666        3.3185082326
  2        5.0696904136       23.8001433535        2.8892876316
  1        5.3173728685       24.0280254318        2.4542897478
  1       22.0718057946        3.2598288204       26.3369583594
  2       22.5854577043        3.0636507949       26.3502210145
  1       23.1008226008        2.8720815715       26.3360698633
  1       22.4180869849        1.1255876311        8.2718229971
  2       22.0724564602        0.6977850832        8.2767748133
  1       21.7111867594        0.2832171011        8.2659309025
  1       -0.1713072106       13.2444216299       12.3127873898
  2        0.1139679844       12.7742883946       12.3224208832
  1        0.4103920446       12.3113142104       12.3393820229
  1       16.4002546121        5.7256022591       24.7717667520
  2       16.0649034672        6.0381344398       25.0756799726
  1       15.7293412408        6.3590713789       25.3704637448
  1        6.4327406205       22.3088177915       10.6296939759
  2        6.0894424673       22.7385218635       10.6305819294
  1        5.7431864632       23.1658469038       10.6302842190
  1        1.0843005459       17.6728346602       11.9038602251
  2        0.9024708049       17.3759307869       12.3296372034
  1        0.6983199471       17.0759098975       12.7429287375
  1        2.8061931444        5.7502272836        8.5944725441
  2        2.6122097787        5.9558639794        8.1226844527
  1        2.4133422631        6.1761128004        7.6596054453
  1       27.6340977905        5.6011146103       20.2180798150
  2       27.4861079153        5.2924346951       20.6485629236
  1       27.3314564701        4.9982318239       21.0867724627
  1        5.6970675356       18.5736556649       26.8489208366
  2        6.0102999148       18.4666975632       26.4096652833
  1        6.3561360707       18.3767055199       25.9915758379
  1       18.4946873428       13.0260991610       12.7073745715
  2       18.8676763535       12.8571121244       13.0745565147
  1       19.2431445176       12.6749929480       13.4328249369
  1        6.9726720889       22.8275399891       27.4724996185
  2        7.4153461540       22.5307490511       27.6083481047
  1        7.8695534800       22.2394679119       27.7148891856
  1       14.7244130122       25.3637853986        0.6739793437
  2       14.2798114375       25.6424241153        0.5090857254
  1       13.8392407047       25.9162193660        0.3262371839
  1       20.1467732475        6.0481424281       24.5530173578
  2       19.8900396166        5.6262893749       24.3108854840
  1       19.6365112721        5.1945493875       24.0832367177
  1       17.5637825758       13.2481029869       18.4619272280
  2       18.0081156449       13.3811945504       18.1663688422
  1       18.4602044019       13.5087896379       17.8803002343
  1        1.2756799606        6.3448388615       23.9981276726
  2        1.3580673258        6.2894117910       24.5390899281
  1        1.4509036186        6.1878912942       25.0716075432
  1        6.1643684827        1.6902284834       22.3690833027
  2        5.6470022807        1.5808066764       22.5202755021
  1        5.1290720741        1.4556528192       22.6566016260
  1       14.5905534198       24.5396301470       23.5777061517
  2       14.6004999466       24.7182665342       24.0977927866
  1       14.6232074319       24.9000255739       24.6163947733
  1        5.3086623362        5.2940307449       25.4578278462
  2        5.0440793863        5.1367233174       25.0020315805
  1        4.8066078605        4.9641235975       24.5369330854
  1       10.2664248504       20.3071686239        3.8882812726
  2       10.5683442619       20.7138288514        4.1026923925
  1       10.8639454532       21.1185954761        4.3291519124
  1       10.4530262264       17.1860935586       12.8244314162
  2       10.6407554545       16.9430711432       13.2807184339
  1       10.8236528281       16.7104642291       13.7443374297
  1        4.1438292078       22.7194584211        7.1381238898
  2        4.6447591293       22.8319401394        6.9408497739
  1        5.1435285201       22.9510227650        6.7419819233
  1        1.6440091186       18.0567633216        6.7687606682
  2        1.1591974040       17.8052861786        6.8336979295
  1        0.6796103970       17.5423626191        6.8917281243
  1       17.2080936787       22.3288937470       27.0078983355
  2       16.7175826830       22.5004837356       26.8277432942
  1       16.2153173346       22.6304628998       26.6451647203
  1        9.6215781805        7.9402223207       20.5302479446
  2        9.8711822273        7.9025845752       21.0189003977
  1       10.1036759186        7.8594240540       21.5154724991
  1       25.3939385774       27.0717750546       27.5248761011
  2       24.9770309977       27.4218383226       27.6032583593
  1       24.5708174974       27.7883726349       27.6593225110
  1        8.8982170012        5.1182185697       17.7648656611
  2        8.9784042326        5.2419670211       17.2350012174
  1        9.0714137274        5.3586463741       16.7056287951
  1        1.0625634830       24.7324358010        9.5962246248
  2        1.4534376626       24.4034080644        9.7998373067
  1        1.8468825372       24.0789268945       10.0057817167
  1        3.5199156228        3.3207057074       12.6251216320
  2        3.6142482378        3.1284412964       12.1185293363
  1        3.7018994967        2.9388049765       11.6097510723
  1        3.3938159239       14.5119947202       16.4429364901
  2        2.8903971302       14.6229995906       16.2512402804
  1        2.3890197627       14.7252704253       16.0495935328
  1       10.0119130583        0.8174849339       22.0212634494
  2       10.5362693419        0.6706606104       22.0986786023
  1       11.0638561534        0.5319064665       22.1686746228
  1       14.9151496336       14.8533622220       19.4855475068
  2       14.9168446685       14.7939106453       20.0323222657
  1       14.9063089225       14.7567873043       20.5809668269
  1       26.9261715716       20.2172586292       12.8886116937
  2       26.9336039622       20.7129645445       13.1267721545
  1       26.9487819485       21.2118935557       13.3577255469
  1       16.7337932114        9.7124634014       24.7105842535
  2       17.2318178893        9.4924998559       24.6325620846
  1       17.7340527538        9.2795268580       24.5625432156
  1        6.0898809441       27.6893724429        4.0399445499
  2        6.0633402526       27.1523212626        4.1555802771
  1        6.0366749086       26.6111774825        4.2501972295
  1       24.7038037091        6.3862074413        4.7943826211
  2       24.5167954086        6.1412657447        4.3388264106
  1       24.3338953845        5.8968534036        3.8813221072
  1       23.6455694547       10.4620273755        6.4971826647
  2       23.7635093709       10.0165284476        6.1969812633
  1       23.9026295468        9.5828084776        5.8887077431
  1       21.3275004276       11.8669416018       16.7897608087
  2       21.6136729431       12.1219397433       16.3953229312
  1       21.9174420493       12.3767173824       16.0141239232
  1        1.0348243855       21.0651269984        6.7357665439
  2        1.0388579674       21.3353614015        7.2147833469
  1        1.0288553426       21.6171548900        7.6870040330
  1        8.0765780914       21.0480384183        7.4883520568
  2        8.5652873269       20.7970720822        7.5144131630
  1        9.0592497489       20.5584944012        7.5541851986
  1       16.0256083711       22.7243650835       20.8597379439
  2       16.2127185013       22.8776623524       20.3657847614
  1       16.3968575233       23.0433124727       19.8747115925
  1        2.3952756636       17.0711289124       19.7767515810
  2        2.4624588654       17.4563489489       19.3899804072
  1        2.5280572650       17.8492632145       19.0107506236
  1        8.0398860176       10.6581778163       25.3086515238
  2        7.9558565239       11.2016772561       25.3155365125
  1        7.8892911229       11.7469984622       25.2891958872
  1        7.0967197492        9.8689961753        5.8685020471
  2        6.7158130176       10.2505967716        5.7599154607
  1        6.3200145922       10.6264129205        5.6920492130
  1       20.2267353035        7.2040449934        7.0159753821
  2       20.0620589537        6.9526874810        7.4766282891
  1       19.8902552429        6.7116787729        7.9401995205
  1        3.8529431404       13.0796426001        1.4888351805
  2        3.9828367801       12.6954612037        1.1173082002
  1        4.1130028450       12.3165239217        0.7405279847
  1       24.2926439463        0.2696917132        5.1023956152
  2       24.2727265259        0.2796368692        4.5528463542
  1       24.2687820872        0.3028804551        4.0033518810
  1       11.8608151560       25.1956143690       21.8172289813
  2       12.0590515993       25.2967335078       21.3142605605
  1       12.2464270418       25.3943770879       20.8064651551
  1       10.1054609745        8.6810718447        0.3382162548
  2       10.2720945490        9.1716641143        0.1536831227
  1       10.4400074625        9.6666919042       -0.0173512006
  1       20.6310544893       24.3717178872       27.2710920615
  2       20.8319851356       23.9560004096       26.9722512104
  1       21.0337989880       23.5426248066       26.6707685761
  1       21.3143985190        9.5417405670       14.0665514518
  2       20.9530079520        9.2993716863       13.7301674692
  1       20.5907717081        9.0708702535       13.3850993631
  1       21.4499956956        7.9750586427        3.9510208317
  2       21.6323974145        8.3484788539        3.5907612603
  1       21.8008842435        8.7218711727        3.2237594024
  1       15.3241733914       26.8749435912        8.9904072723
  2       15.8596046558       26.8886260322        9.1154118798
  1       16.3979954398       26.8848225989        9.2277546438
  1        5.7689842266       22.1203777236       24.2082451823
  2        5.9142014778       22.5981886202       23.9777919396
  1        6.0284721926       23.0806646674       23.7397602892
  1       12.5739541626        4.9178482330       27.6390244986
  2       12.8196717916        5.4083813152       27.6002928311
  1       13.0595457657        5.9012940753       27.5555995827
  1        5.7858982392       18.9320284594       12.4811125842
  2        5.2510968227       19.0117681795       12.5817556266
  1        4.7155985431       19.0939319667       12.6765749473
  1       18.7304032114       17.4149222056       17.4672905800
  2       18.2212168494       17.3567985473       17.6669174547
  1       17.7057824762       17.3142520529       17.8540462920
  1       16.5823216433       26.9965363533       12.8393317686
  2       17.0901343781       26.9048537208       13.0296486655
  1       17.5968060176       26.8109993624       13.2219380520
  1       11.0633182298       13.9210328576       11.8247996313
  2       10.5699092422       13.9202236835       11.5818039191
  1       10.0693059289       13.9367072070       11.3545934106
  1       11.4082710177       19.5974027443       10.6006275870
  2       11.7087672552       20.0361770832       10.7409097696
  1       12.0031327342       20.4793379368       10.8803996316
  1       19.1516005301       20.9308616503        9.8586064691
  2       19.2621771809       20.4622157827       10.1243955869
  1       19.3897910845       20.0015920575       10.3964993802
  1       20.6666525636       16.8284661620       20.9918292751
  2       21.0555956237       17.1172917829       21.2522194759
  1       21.4450631423       17.3885175205       21.5301612867
  1        0.0257464471       25.1976401641       18.1284795712
  2        0.4700034004       25.2549987596       17.8093467604
  1        0.9087924108       25.3203444197       17.4842403962
  1       12.8463123443       24.9996316068       11.4598932550
  2       13.0423518768       24.6183476077       11.1153776332
  1       13.2327381849       24.2393684296       10.7651950590
  1       12.2337719358       16.0874213292       26.7981384848
  2       11.8792279665       16.4757949185       26.6370033585
  1       11.5159733891       16.8480893437       26.4582773895
  1        3.8469721475        7.1073017652       13.0379744848
  2        4.2026924875        7.2283763481       12.6363478111
  1        4.5632222730        7.3497812036       12.2391335946
  1       18.6940341744       24.8312856864       23.9130501978
  2       18.5913219250       25.3112378149       23.6648644847
  1       18.5195629984       25.7963009859       23.4157372569
  1       25.0663877900       10.8268385805       10.6058521373
  2       24.8895030062       10.3085752768       10.5547158365
  1       24.7056016236        9.7933939828       10.4975449102
  1       26.9996999493       11.1406327423        7.0672171657
  2       27.0632475924       11.4004861140        7.5477771747
  1       27.1361856812       11.6597280669        8.0273328483
  1       10.9612186425       14.5086454396       20.8518975071
  2       10.9177852608       14.6804567544       20.3312302300
  1       10.8744383998       14.8522907630       19.8105632326
  1       27.8321073922        9.7672516364        2.8101888054
  2       27.4696133668        9.6887143772        3.2163045284
  1       27.1043186201        9.6274789037        3.6228878087
  1        7.7434538692       13.7777901692        8.2547801771
  2        8.2291273443       13.5227912724        8.2947406353
  1        8.7112685712       13.2603203688        8.3286354885
  1       24.0768885176       22.0632000091       19.5869422585
  2       23.5774826787       21.8505965815       19.6757881402
  1       23.0654058081       21.6644538620       19.7508092411
  1       12.1246259867       21.1408817168       21.1630405663
  2       12.4418570906       21.4237655158       21.5120981303
  1       12.7632665754       21.6981236921       21.8641258752
  1       20.5662093663       20.5926917803        0.7047892079
  2       20.1383635307       20.2876783787        0.5422630076
  1       19.7136945976       19.9735707306        0.3889897822
  1       20.3484827455       19.3496348521       13.5248493495
  2       20.0582488033       19.1200829299       13.9317524999
  1       19.7548797857       18.8891866010       14.3281791935
  1       17.3201847105       15.9290925092       11.3123977959
  2       17.7843805401       15.8622639518       11.0250718908
  1       18.2398974005       15.8100289040       10.7213024245
  1        9.8016344658       27.4281974906        3.7302223157
  2        9.8538361421       27.6579674969        4.2271938734
  1        9.9254482117       27.8824017338        4.7241858087
  1       17.4719500764        7.9785544652        5.4726416795
  2       17.5030948175        8.2115026568        4.9753840550
  1       17.5449989951        8.4554519637        4.4842295228
  1       22.6345675533       19.6449473246        3.0174466933
  2       23.0751442132       19.9137422794        3.2075558175
  1       23.5232495360       20.1771522486        3.3873245765
  1       13.3708322496        2.8911466214       13.8422063833
  2       13.1967108323        2.5857596441       13.4192163998
  1       13.0178128533        2.2781215744       12.9998665099
  1       13.6526501283       12.7693423490       23.4454040574
  2       13.7846400231       13.3032238140       23.4383862890
  1       13.9349222076       13.8322124481       23.4476754732
  1       20.8438548761        9.0784047080       22.8669371641
  2       20.7754366885        9.5919165562       23.0516654330
  1       20.7290855494       10.1090931685       23.2329936509
  1       20.0424861685        9.7969181468       10.0621963587
  2       20.5097504028        9.6681537971        9.8022273652
  1       20.9817035439        9.5210426510        9.5611494893
  1       19.8783962374       20.7452698674       21.5710360299
  2       19.5046491303       20.6006568036       21.1943396512
  1       19.1246626808       20.4608006793       20.8221158453
  1       12.2112411900       27.1387084954       14.8746087870
  2       12.7437185843       27.0403280780       14.9709888573
  1       13.2804549977       26.9503431334       15.0504667240
  1       25.8674789751        1.8881871906       21.0244943500
  2       25.5975641076        1.6888629824       20.5887010224
  1       25.3210326831        1.4746980066       20.1642440360
  1       11.8913130568       10.7114636953       11.7212318924
  2       11.8129802121       10.1691020572       11.6742444578
  1       11.7253694869        9.6280272801       11.6288303042
  1        9.4816189415       15.8190079135       16.6371701408
  2        9.6763857598       15.3063306737       16.5956017125
  1        9.8696073090       14.7934393093       16.5496900556
  1        9.7839949325       15.2724427074        1.6250440309
  2        9.6765112641       15.7736614176        1.8243605270
  1        9.5600461689       16.2727816839        2.0238970908
  1       11.5738349237       23.4323214695       25.0767669347
  2       11.1257237671       23.1551860091       24.9189939081
  1       10.6809247581       22.8633223209       24.7794610155
  1        4.0714376907       14.2859134152       13.0490044449
  2        3.7669721164       14.7030495207       12.8598003659
  1        3.4464401963       15.1094685741       12.6738357451
  1       24.1617210893       16.3401319285        3.5260419497
  2       23.6284608466       16.2750639355        3.4081450887
  1       23.0949168933       16.2406691504        3.2791185504
  1       10.8639107906       13.0973866889       26.8945602148
  2       10.9690993655       13.0719089323       26.3553142157
  1       11.0707972835       13.0294194090       25.8164708499
  1        1.0928765974       23.5898783483       23.6237116311
  2        1.5892409466       23.5281263325       23.8524235054
  1        2.0820361651       23.4734553730       24.0904654298
  1       24.0999116498       26.2949972171       18.1611974382
  2       23.7809263068       25.8482517665       18.1270382044
  1       23.4871296584       25.3855966648       18.0808452899
  1       14.4032426603       12.3791289173       13.6046160469
  2       14.4691530456       12.9230110134       13.5561589871
  1       14.4928769508       13.4702800175       13.5068253026
  1        4.3759950555       26.2485042279       25.0431160798
  2        4.0673181746       26.5864512261       25.3480921602
  1        3.7696062136       26.9372842100       25.6493956694
  1       21.8616958694       18.7712351103       18.6304127983
  2       21.8860634147       18.8970529587       18.0955519830
  1       21.9104929291       19.0372084470       17.5642708550
  1       19.0778865850        5.1073176132        4.0987559929
  2       18.8303729114        4.6205270883        4.1641162735
  1       18.5723291153        4.1362740336        4.2016978818
  1       10.2596805554       25.5645211469        0.4062647661
  2       10.1635683447       25.0349918636        0.5196719137
  1       10.0494213558       24.5088725970        0.6322284826
  1        2.6992495649        9.8505469420        6.5266949191
  2        2.4764145924        9.4841757724        6.1822871069
  1        2.2251804727        9.1298897199        5.8448514699
  1       13.4686078763        4.2026023710       24.3326876729
  2       13.1562503385        3.9688464254       23.9450139358
  1       12.8235024146        3.7129752447       23.5896145028
  1       14.1029124476        8.9891119612       15.8418117555
  2       13.9244121215        9.1642325296       15.3519439977
  1       13.7371043399        9.3625018855       14.8743405466
  1        1.0987173352       24.3734693791       14.2208632003
  2        0.8685362928       24.5050476261       13.7389878507
  1        0.6530504252       24.6543055941       13.2554716680
  1       19.5257129879       24.1513977070       19.3515821075
  2       19.4767662068       24.6064051039       19.6566599359
  1       19.4438679465       25.0593230852       19.9669549660
  1       18.6636688887        3.6015656329       17.2656550135
  2       18.1936995479        3.7016077778       17.5332748708
  1       17.7221035462        3.7953535035       17.8003122260
  1       16.2865394510       15.1664644473        7.9249597145
  2       15.7585023533       15.2554859282        8.0504666839
  1       15.2291961859       15.3218835320        8.1843559603
  1        6.2406830866       16.2291204346        1.8258735505
  2        6.1949475582       15.8588353781        2.2299740806
  1        6.1707194213       15.5135855016        2.6574264395
  1       16.8780347095        5.2519394089        7.1790745866
  2       16.3750099569        5.4493584283        7.2815042170
  1       15.8673197166        5.6435583467        7.3653911085
  1       15.8856607706       15.5835936360        2.6972504496
  2       16.1457477052       15.1852200593        2.4212916123
  1       16.4109361465       14.7915187751        2.1434888255
  1        0.9831950159       23.1888574964        2.7756929490
  2        1.2299235333       23.5252050451        3.1341554508
  1        1.4746456099       23.8560015038        3.4991003879
  1        0.5536403010       24.8874644585       27.8978448593
  2        0.4788138399       25.0694131848       27.3842344411
  1        0.4304772792       25.2592365724       26.8702980078
  1       27.5752902464        5.7076497410       10.7901335383
  2       27.3421274379        5.6072529981       10.3022241218
  1       27.1180781698        5.5005973010        9.8113814925
  1       10.0364666306       19.5683726756       -0.0984996146
  2       10.4021749002       19.4019822593        0.2770955011
  1       10.7683515945       19.2343580604        0.6516842829
  1       26.6273174731        3.3199915334       17.5059193246
  2       26.6504127123        3.4367521355       16.9689523129
  1       26.6601919641        3.5730075798       16.4361870558
  1        1.3642093778       26.2337949817       21.0297262393
  2        1.7499262950       26.5180066195       21.2998117902
  1        2.1286511086       26.8086964027       21.5728813133
  1       18.7598126691        8.5488588115        0.9882104934
  2       18.8276429819        8.5697126117        0.4428077361
  1       18.8924757891        8.5853964713       -0.1031324828
  1        4.8329651589        8.3514209219        8.6960822155
  2        5.3301446641        8.4590732620        8.9051838970
  1        5.8159903502        8.5811542510        9.1322305893
  1       -0.3126615379       20.7465114479       19.5897904666
  2        0.2063052762       20.5837550339       19.6715449500
  1        0.7247920457       20.4221457911       19.7584582487
  1        2.3961051703        2.2277737492       15.7170286866
  2        2.1163195616        1.7708298361       15.8412151328
  1        1.8261780425        1.3218422865       15.9705522047
  1       23.6362284168       13.9826619527        7.0603450753
  2       23.3581078398       13.9926697617        6.5859520016
  1       23.0633816240       13.9940652915        6.1215873720
  1        7.5524523028       22.4031542063       13.7903884431
  2        7.0789547893       22.2302809686       14.0104224140
  1        6.6124026776       22.0526452905       14.2412355244
  1        8.8882850061       16.2173470504       23.9323646532
  2        9.0992997662       15.7113161888       23.8887121825
  1        9.3166543355       15.2067597896       23.8626386290
  1        3.7828830790       23.7576869060       27.1945883738
  2        3.6213514947       23.2324152951       27.2168881974
  1        3.4560775356       22.7082457497       27.2376440404
  1       25.7584768514        9.2917474004       24.1080431683
  2       26.2661849737        9.0825883864       24.0766589473
  1       26.7781472798        8.8851111346       24.0392780541
  1       27.2949087631       19.4166209601        4.1440059997
  2       27.3911619071       19.7762201070        3.7391309748
  1       27.5279750940       20.1366331306        3.3468496939
  1        8.2845415905        4.4649073877       12.7910037438
  2        7.7385348409        4.4798938509       12.8554400326
  1        7.1944591645        4.5113414421       12.9295528274
  1        9.0686114708        3.0567269261        6.4504730083
  2        8.7285013741        2.7068638590        6.7042858456
  1        8.3912702212        2.3604726257        6.9665610102
  1        2.3971139276        3.1612534904        2.8825247321
  2        2.5870168996        2.7009910354        3.1161811761
  1        2.7690001959        2.2308206167        3.3360035048
  1        0.8436973403        0.7236677648       12.5420194918
  2        1.3770034722        0.6075834554       12.4741298544
  1        1.9125517561        0.5062781343       12.4004734460
  1        2.3697851470       16.3352384384        0.3815246176
  2        2.0316509421       16.1265590999        0.0012376298
  1        1.6765696268       15.9424202346       -0.3762675183
  1       10.7806132384        9.4652996704        5.2949260118
  2       10.5268745353        9.3528431980        4.8200889741
  1       10.2982813471        9.2327052865        4.3344841599
  1       22.3270419035       17.5404216710        0.3541403691
  2       22.0028491939       17.0964706150        0.3366318870
  1       21.6683075539       16.6603595430        0.3169082210
  1        3.9698349329       26.4846038421        9.9123337313
  2        4.3266674102       26.5493262535       10.3258329363
  1        4.6790754530       26.6260553809       10.7410692683
  1       22.4088603858       13.2361304779       12.5685055474
  2       22.3987818834       12.9501945746       12.0987832007
  1       22.3933957724       12.6717616566       11.6244983718
  1        4.5512482953       12.4845052741        8.4963493347
  2        4.6186431076       11.9851315033        8.7167666124
  1        4.6712263229       11.4786893974        8.9247363164
  1       22.6196273120        4.4246891371       15.8843585587
  2       22.5725617056        4.1908847421       15.3887575765
  1       22.5287146005        3.9579974237       14.8924301369
  1        1.9988589452        8.9888881516       10.2457175339
  2        1.8703018773        9.4585571387        9.9900143411
  1        1.7867272346        9.9221603739        9.7061352852
  1       25.0213510488        8.2975400316       20.5036528646
  2       24.5962102331        8.3153283361       20.8521336576
  1       24.1614981228        8.3259466109       21.1889015782
  1       18.8300070905        2.1445361947        9.9573079868
  2       18.7530655259        2.4674969779        9.5188147393
  1       18.6924607764        2.7890964967        9.0767730978
  1       16.5474425896       11.8161556847        6.4813948678
  2       16.0748765550       12.0798785035        6.3832540619
  1       15.6248951512       12.3645748311        6.2455415488
  1        9.0117389405        6.3255111735        6.0775101031
  2        8.6916569359        6.3843105805        6.5208949698
  1        8.3586838322        6.4328947543        6.9559449546
  1       12.1060893127       17.7101623204       21.5327021596
  2       11.9644032738       17.5634712204       22.0434925154
  1       11.8009862838       17.4130677328       22.5466561839
  1       16.1534649287       11.0843504045       21.3551617126
  2       15.9712154118       10.7615053578       20.9488906339
  1       15.7830963664       10.4299551676       20.5524241219
  1       26.2294292939       24.2931216682       20.9498827910
  2       25.8621517817       24.6802807968       21.0829806428
  1       25.5010770809       25.0683867860       21.2296053356
  1        3.5847613564       26.3891547185       15.0854937580
  2        3.8772024154       26.0053799047       14.8214954259
  1        4.1760273869       25.6100114795       14.5829845378
  1        8.8090944980       13.3328143014        4.7294721281
  2        8.9500182628       12.8752177981        5.0001119861
  1        9.0816305297       12.4020996727        5.2477759712
  1        6.8023636751       14.8759140249       26.5375496591
  2        6.2801794443       14.8672013129       26.3650743918
  1        5.7620164200       14.8946670457       26.1827211282
  1       22.5655266348       24.6976619642        7.1664834751
  2       22.5732731702       24.7516248245        6.6191919615
  1       22.5747597331       24.8313494287        6.0750028615
  1       13.3602444432       11.9428423801       17.5310255827
  2       13.7222588526       11.6910429164       17.8597239209
  1       14.0920096916       11.4275627691       18.1701470643
  1        9.4160027848       24.0840752125       10.7628723765
  2        9.3863984384       24.2229659841       10.2315222695
  1        9.3525784365       24.3386810262        9.6948974140
  1       12.3227429788       11.9513685682        1.7283589384
  2       11.8190532818       11.9616328419        1.9490200672
  1       11.3117445163       11.9399676211        2.1603691473
  1        9.1584888387        5.2979042233       27.3982185723
  2        8.6208039252        5.1961536325       27.4533706443
  1        8.0874338796        5.0742699414       27.5095912749
  1       25.1534374244       15.2412161387        9.9897726080
  2       25.6754148130       15.2765971396        9.8201029569
  1       26.1924114589       15.3013840065        9.6340919940
  1       12.9438260866        4.0311103484        6.3647477950
  2       12.7608014979        3.5155905652        6.4216806771
  1       12.5615026689        3.0056503430        6.4740347174
  1       11.5223613919       27.0275441080        7.1763161274
  2       11.7079254501       27.1890633772        7.6682282192
  1       11.8837518375       27.3656275115        8.1585446343
  1       20.6934011224       21.1361032575        6.6557247668
  2       20.6545245400       20.6293140827        6.4455977966
  1       20.6094296422       20.1199779034        6.2430068155
  1       26.2825512113       16.9482029812        0.9937195451
  2       26.3767496761       17.4858745242        0.9263700013
  1       26.4574997884       18.0267131217        0.8674375840
  1       19.3310483294        2.7293630359       13.4976138528
  2       18.8462533935        2.5063472012       13.6307972136
  1       18.3721598377        2.2601613843       13.7616705988
  1        5.3775839330        5.3464148803       15.9641793617
  2        4.8425651403        5.2833901486       15.8533516816
  1        4.3089152208        5.2096132985       15.7425602611
  1       16.9571919566       21.4852248224        6.7818995368
  2       16.5909615582       21.8172744297        7.0229770213
  1       16.2201243630       22.1554386509        7.2479764284
  1        6.4245458884        2.0289418222       15.5591548055
  2        6.2643395418        1.6522077194       15.1918601795
  1        6.0765138215        1.2815615551       14.8315229504
  1       12.8653760950       22.1885947175        7.9222843259
  2       12.4854924647       22.5851618631        7.9526640301
  1       12.0994117296       22.9744556391        7.9961613970
  1       12.0027927609       15.6576191149        9.4607191049
  2       11.9057106839       15.7051342620        8.9214442389
  1       11.7923651684       15.7458751881        8.3847944741
  1       14.6711919554       23.5544971130       14.5799627898
  2       14.9679348698       23.8522323089       14.2252835039
  1       15.2610744188       24.1641778360       13.8799442621
  1       10.6074810020        1.9916866089        1.2266081365
  2       10.1704302075        1.7392146056        1.0081030095
  1        9.7346616673        1.4959584539        0.7769488984
  1       21.0279989180       13.4366965138        2.9059583186
  2       20.5219096099       13.2924528113        2.7460603307
  1       20.0233758346       13.1200093412        2.5904090429
  1       20.2017895522        6.2741642532       19.7753777222
  2       20.3347438078        6.3791519951       20.2986374474
  1       20.4544945497        6.4809722795       20.8256975848
  1       14.8241714479       22.2314706536        3.4292201307
  2       15.1425473263       22.5192016223        3.0852031403
  1       15.4506278803       22.8089089008        2.7335554985
  1        1.7670529043        6.1911002061        4.1213811378
  2        1.2342625175        6.0900727846        4.0295777402
  1        0.7055857776        5.9778428762        3.9275711160
  1       11.1602010901        6.8283992809       14.0678427915
  2       11.0889405341        6.2836862145       14.0944812675
  1       10.9922305453        5.7423108581       14.1022208087
  1        8.7293610777       23.5094615816       21.6801698084
  2        8.9665378376       23.0297685269       21.5531195909
  1        9.2118070580       22.5529324242       21.4307662512
  1        2.5551426670       27.1528603684        1.1076698578
  2        3.0513538857       27.1315009934        1.3439286217
  1        3.5475988096       27.1087347192        1.5799851218
  1       15.3294161141       17.1177338703       24.8484411619
  2       15.0715817872       17.0351406518       24.3696929816
  1       14.7910816186       16.9697173519       23.9011426148
  1        3.5127966539       16.4758955905       24.4549120003
  2        3.5577576174       16.0675383401       24.0892306256
  1        3.6137011396       15.6755688916       23.7074842795
  1       20.8123226548       25.2668755368       15.6220568346
  2       20.8156162546       25.3354985559       15.0763645830
  1       20.8152240589       25.4026501641       14.5304795158
  1       16.1100161004        0.7727649387       16.8908317939
  2       15.8483878922        1.1372145084       16.5726695841
  1       15.5558717863        1.4811154432       16.2585573845
  1       17.5476849527       26.0706430493       26.6874281342
  2       17.4881863926       26.4883735095       27.0402187009
  1       17.4396055207       26.9046625392       27.3963694297
  1        5.1237647485       11.8422223845       15.5200715127
  2        5.5351143006       11.4806671449       15.5707603147
  1        5.9432037431       11.1148666195       15.6171605474
  1        9.2901084089       19.2684895706       16.0352485049
  2        9.1622157168       19.3945242794       15.5153843770
  1        9.0095215183       19.5341745539       15.0057940694
  1       13.3716925117       14.4001552556        5.2836165837
  2       12.9865011170       14.3242466054        4.8984342031
  1       12.5776890629       14.2595505461        4.5362365730
  1        5.3961769533        1.5197538560        6.8725365239
  2        4.9800306919        1.7440457613        7.1536333583
  1        4.5482870032        1.9517858261        7.4237101100
  1        1.5367080919       14.0839958321        8.9757239180
  2        1.6674191320       14.4354549112        8.5733669376
  1        1.8079957002       14.7839253968        8.1717370730
  1        3.1785812771       16.0093554799        3.8326463307
  2        2.6418774552       15.8956707934        3.7935976481
  1        2.0995057221       15.8058447685        3.7773438054


Molecules in box 2
##############################################################################                                           
Moleculetype  1
Number-of-molecules: 0     
Atomtype         X                  Y                   Z


Number-of-fractionals:  1        
##############################################################################                                           
Fractional-type:      2
Box:                  1
Lambda:               0.999968
Reaction-Step         1 (only used if Type = 3 (RxMC))

Moleculetype  1
Atomtype         X                  Y                   Z
  1       13.5214551511       17.9437886125        2.9795702104
  2       13.1557994709       17.5768957439        3.1644635485
  1       12.7936415353       17.2214926145        3.3766668573

------------------------------------------------------------------------------                                           

