Compiled using GNU Fortran (Ubuntu 9.4.0-1ubuntu1~20.04.2) 9.4.0 with all optimizations
Last Brick update unknown
Compiled at 16:28:53 on Sep  3 2023
Starting at 15:06:45 on Dec 31 2024

Settings
OK                      

Forcefield
OK                      

Topology
OK                      

Configuration
OK                      Starting from random configuration.

 F
Monte Carlo Simulation initialized.

#########################################################################################################################
###########################################   ENERGY STARTING CONFIGURATION   ###########################################
#########################################################################################################################
                                               Box 1               Box 2
-------------------------------------------------------------------------------------------------------------------------
Lennard Jones        
 Intermolecular                          0.2055017847E+008   0.2800726904E+005
 Tailcorrection                         -0.4636799626E+004  -0.6962048891E+002
Total Intermolecular                     0.2054554167E+008   0.2793764855E+005

Electrostatic        
 Real                                   -0.1702823683E+004  -0.6848416396E+003
 Exclusion                               0.1043425830E+008   0.2037985693E+007
 Selfterm                               -0.1044989240E+008  -0.2038978394E+007
 Fourier                                 0.1714084984E+005   0.1153578075E+004
Total Intermolecular                    -0.1960767824E+003  -0.5239651762E+003

Intramolecular       
 Lennard Jones                           0.0000000000E+000   0.0000000000E+000
 Electrostatic                           0.0000000000E+000   0.0000000000E+000
 Bending                                 0.9343375086E+007   0.3104111324E+007
 Torsion                                 0.0000000000E+000   0.0000000000E+000

Total                                    0.2988872068E+008   0.3131525008E+007

#########################################################################################################################

Simulation is running...



#########################################################################################################################
###############################################   RELATIVE ENERGY DRIFTS   ##############################################
#########################################################################################################################
                                               Box 1               Box 2                                                 
-------------------------------------------------------------------------------------------------------------------------

Lennard Jones        
 Intermolecular                          0.1047352374E-013   0.0000000000E+000
 Tailcorrection                          0.0000000000E+000   0.0000000000E+000

Electrostatic        
 Real                                    0.1195817988E-013   0.0000000000E+000
 Exclusion                               0.1337080530E-015   0.0000000000E+000
 Selfterm                                0.0000000000E+000   0.0000000000E+000
 Fourier                                 0.2227737397E-015   0.0000000000E+000

Intramolecular       
 Lennard Jones                           0.0000000000E+000   0.0000000000E+000
 Electrostatic                           0.0000000000E+000   0.0000000000E+000
 Bending                                 0.1543469557E-014   0.0000000000E+000
 Torsion                                 0.0000000000E+000   0.0000000000E+000

Total                                    0.1243177400E-013   0.0000000000E+000

#########################################################################################################################
############################################   TRIAL MOVE ACCEPTANCE RATES   ############################################
#########################################################################################################################
                                               Box 1               Box 2
-------------------------------------------------------------------------------------------------------------------------
Translation
 N2                                           0.50499             0.99889
-------------------------------------------------------------------------------------------------------------------------
Rotation
 N2                                           0.49453             0.99989
-------------------------------------------------------------------------------------------------------------------------
Bond Bending
 N2                      
  Bending 1                                   0.30096             0.30489
-------------------------------------------------------------------------------------------------------------------------
Lambda Move
 N2                                           0.78662             0.87042
-------------------------------------------------------------------------------------------------------------------------
GE Swap Fractional
 N2                                           0.28455             0.29005
-------------------------------------------------------------------------------------------------------------------------
GE Identity Change
 N2                                           0.04667             1.00000
-------------------------------------------------------------------------------------------------------------------------
Volume                                        0.50427             0.50427

#########################################################################################################################
######################################################   AVERAGES   #####################################################
#########################################################################################################################
                                                       Boltzmann                                    Biased
                                               Box 1               Box 2                  Box 1               Box 2      
-------------------------------------------------------------------------------------------------------------------------
Density
 N2                                      0.9265404962E+003   0.2200400748E-001      0.9266813545E+003   0.2175894891E-001
 Total                                   0.9265404962E+003   0.2200400748E-001      0.9266813545E+003   0.2175894891E-001

Number of molecules
 N2                                      0.3999375624E+003   0.6243757085E-001      0.3999382580E+003   0.6174200000E-001
 Total                                   0.3999375624E+003   0.6243757085E-001      0.3999382580E+003   0.6174200000E-001

Mole fractions
 N2                                           1.00000             1.00000                 1.00000             1.00000

Volume                                   0.2007982634E+005   0.1319201737E+006      0.2007681917E+005   0.1319231808E+006

#########################################################################################################################
#######################################   PROPERTIES FROM THE CFC GIBBS ENSEMBLE   ######################################
#########################################################################################################################
                                                       Boltzmann                                    Biased
                                               Box 1               Box 2                  Box 1               Box 2      
Chemical Potentials (as an indication)
=========================================================================================================================

Total N2                                -0.1019008577E+004  -0.1018790377E+004     -0.1018997936E+004  -0.1019574341E+004
 Ideal gas                              -0.2741285936E+003  -0.1019487784E+004     -0.2741179525E+003  -0.1020271748E+004
 Excess                                 -0.7448799833E+003   0.6974070791E+000     -0.7448799833E+003   0.6974070791E+000

-------------------------------------------------------------------------------------------------------------------------

#########################################################################################################################
##################################################   AVERAGE ENERGIES   #################################################
#########################################################################################################################
                                                       Boltzmann                                    Biased
                                               Box 1               Box 2                  Box 1               Box 2      
-------------------------------------------------------------------------------------------------------------------------
Lennard Jones        
 Intermolecular                         -0.4197434654E+006  -0.7482620710E-002     -0.4196753431E+006  -0.6958792409E-002
 Tailcorrection                         -0.1106256218E+005  -0.4334961316E-003     -0.1106080504E+005  -0.4664225629E-003
Total Intermolecular                    -0.4308060276E+006  -0.7916116842E-002     -0.4307361481E+006  -0.7425214972E-002

Electrostatic        
 Real                                   -0.1061787156E+005  -0.1326036315E-003     -0.1061629332E+005  -0.1138084409E-003
 Exclusion                               0.1394161024E+008   0.1274538875E+004      0.1393730518E+008   0.1274132556E+004
 Selfterm                               -0.1394411499E+008  -0.1274566451E+004     -0.1393980894E+008  -0.1274160426E+004
 Fourier                                 0.1033196582E+004   0.2819950593E-001      0.1032981546E+004   0.2818380072E-001
Total Intermolecular                    -0.1208941894E+005   0.4915516747E-003     -0.1208706801E+005   0.1998586128E-003

Intramolecular       
 Lennard Jones                           0.0000000000E+000   0.0000000000E+000      0.0000000000E+000   0.0000000000E+000
 Electrostatic                           0.0000000000E+000   0.0000000000E+000      0.0000000000E+000   0.0000000000E+000
 Bending                                 0.2818553267E+005   0.4411277497E+001      0.2818772740E+005   0.5481704857E+001
 Torsion                                 0.0000000000E+000   0.0000000000E+000      0.0000000000E+000   0.0000000000E+000

Total                                   -0.4147099139E+006   0.4403852931E+001     -0.4146354887E+006   0.5474479500E+001

#########################################################################################################################

No errors found in bookkeeping.

Total simulation time :  2 days and  16 hours

Simulation finished.

