Compiled using GNU Fortran (Ubuntu 9.4.0-1ubuntu1~20.04.2) 9.4.0 with all optimizations
Last Brick update unknown
Compiled at 16:28:53 on Sep  3 2023
Starting at 15:04:09 on Dec 31 2024

Settings
OK                      

Forcefield
OK                      

Topology
OK                      

Configuration
OK                      Starting from random configuration.

 F
Monte Carlo Simulation initialized.

#########################################################################################################################
###########################################   ENERGY STARTING CONFIGURATION   ###########################################
#########################################################################################################################
                                               Box 1               Box 2
-------------------------------------------------------------------------------------------------------------------------
Lennard Jones        
 Intermolecular                          0.2086934922E+008   0.8192925786E+006
 Tailcorrection                         -0.4293920017E+004  -0.6447222903E+002
Total Intermolecular                     0.2086505530E+008   0.8192281064E+006

Electrostatic        
 Real                                    0.1293482559E+005  -0.1403666734E+004
 Exclusion                               0.1043425830E+008   0.2037985693E+007
 Selfterm                               -0.1044989240E+008  -0.2038978394E+007
 Fourier                                 0.1494906982E+005   0.9013769623E+003
Total Intermolecular                     0.1224979247E+005  -0.1494991384E+004

Intramolecular       
 Lennard Jones                           0.0000000000E+000   0.0000000000E+000
 Electrostatic                           0.0000000000E+000   0.0000000000E+000
 Bending                                 0.9343375086E+007   0.3104111324E+007
 Torsion                                 0.0000000000E+000   0.0000000000E+000

Total                                    0.3022068018E+008   0.3921844439E+007

#########################################################################################################################

Simulation is running...



#########################################################################################################################
###############################################   RELATIVE ENERGY DRIFTS   ##############################################
#########################################################################################################################
                                               Box 1               Box 2                                                 
-------------------------------------------------------------------------------------------------------------------------

Lennard Jones        
 Intermolecular                          0.1752323429E-014   0.0000000000E+000
 Tailcorrection                          0.0000000000E+000   0.0000000000E+000

Electrostatic        
 Real                                    0.5149492507E-014   0.4790655040E-012
 Exclusion                               0.0000000000E+000   0.1602283341E-015
 Selfterm                                0.0000000000E+000   0.0000000000E+000
 Fourier                                 0.3651408463E-015   0.0000000000E+000

Intramolecular       
 Lennard Jones                           0.0000000000E+000   0.0000000000E+000
 Electrostatic                           0.0000000000E+000   0.0000000000E+000
 Bending                                 0.1613562683E-015   0.0000000000E+000
 Torsion                                 0.0000000000E+000   0.0000000000E+000

Total                                    0.2172849014E-014   0.4084057767E-013

#########################################################################################################################
############################################   TRIAL MOVE ACCEPTANCE RATES   ############################################
#########################################################################################################################
                                               Box 1               Box 2
-------------------------------------------------------------------------------------------------------------------------
Translation
 N2                                           0.50701             0.89387
-------------------------------------------------------------------------------------------------------------------------
Rotation
 N2                                           0.50216             0.98688
-------------------------------------------------------------------------------------------------------------------------
Bond Bending
 N2                      
  Bending 1                                   0.37549             0.37951
-------------------------------------------------------------------------------------------------------------------------
Lambda Move
 N2                                           0.74978             0.98550
-------------------------------------------------------------------------------------------------------------------------
GE Swap Fractional
 N2                                           0.32369             0.31882
-------------------------------------------------------------------------------------------------------------------------
GE Identity Change
 N2                                           0.85341             0.87294
-------------------------------------------------------------------------------------------------------------------------
Volume                                        0.49692             0.49692

#########################################################################################################################
######################################################   AVERAGES   #####################################################
#########################################################################################################################
                                                       Boltzmann                                    Biased
                                               Box 1               Box 2                  Box 1               Box 2      
-------------------------------------------------------------------------------------------------------------------------
Density
 N2                                      0.7895961727E+003   0.5561517516E+001      0.7906745028E+003   0.5601581262E+001
 Total                                   0.7895961727E+003   0.5561517516E+001      0.7906745028E+003   0.5601581262E+001

Number of molecules
 N2                                      0.3845271382E+003   0.1547286177E+002      0.3844112040E+003   0.1558879600E+002
 Total                                   0.3845271382E+003   0.1547286177E+002      0.3844112040E+003   0.1558879600E+002

Mole fractions
 N2                                           1.00000             1.00000                 1.00000             1.00000

Volume                                   0.2265752337E+005   0.1293424766E+006      0.2261985963E+005   0.1293801404E+006

#########################################################################################################################
#######################################   PROPERTIES FROM THE CFC GIBBS ENSEMBLE   ######################################
#########################################################################################################################
                                                       Boltzmann                                    Biased
                                               Box 1               Box 2                  Box 1               Box 2      
Chemical Potentials (as an indication)
=========================================================================================================================

Total N2                                -0.1004029740E+004  -0.1003900904E+004     -0.1003879619E+004  -0.1003111332E+004
 Ideal gas                              -0.4483664765E+003  -0.9934880464E+003     -0.4482163550E+003  -0.9926984752E+003
 Excess                                 -0.5556632636E+003  -0.1041285727E+002     -0.5556632636E+003  -0.1041285727E+002

-------------------------------------------------------------------------------------------------------------------------

#########################################################################################################################
##################################################   AVERAGE ENERGIES   #################################################
#########################################################################################################################
                                                       Boltzmann                                    Biased
                                               Box 1               Box 2                  Box 1               Box 2      
-------------------------------------------------------------------------------------------------------------------------
Lennard Jones        
 Intermolecular                         -0.3037791876E+006  -0.1421087857E+003     -0.3032128930E+006  -0.1497213891E+003
 Tailcorrection                         -0.8392132213E+004  -0.1620680916E+001     -0.8377325871E+004  -0.1705073155E+001
Total Intermolecular                    -0.3121713198E+006  -0.1437294666E+003     -0.3115902189E+006  -0.1514264622E+003

Electrostatic        
 Real                                   -0.5041511796E+004  -0.2377653471E+001     -0.5038735265E+004  -0.2412319268E+001
 Exclusion                               0.1340251368E+008   0.3157467038E+006      0.1339077024E+008   0.3195718033E+006
 Selfterm                               -0.1340494533E+008  -0.3157537318E+006     -0.1339319928E+008  -0.3195789493E+006
 Fourier                                 0.1216655503E+004   0.7270351054E+001      0.1215248002E+004   0.7361210213E+001
Total Intermolecular                    -0.6256510636E+004  -0.2135284042E+001     -0.6252525454E+004  -0.2197183729E+001

Intramolecular       
 Lennard Jones                           0.0000000000E+000   0.0000000000E+000      0.0000000000E+000   0.0000000000E+000
 Electrostatic                           0.0000000000E+000   0.0000000000E+000      0.0000000000E+000   0.0000000000E+000
 Bending                                 0.4247389188E+005   0.1710815300E+004      0.4242080035E+005   0.1770183094E+004
 Torsion                                 0.0000000000E+000   0.0000000000E+000      0.0000000000E+000   0.0000000000E+000

Total                                   -0.2759539386E+006   0.1564950549E+004     -0.2754219440E+006   0.1616559448E+004

#########################################################################################################################

No errors found in bookkeeping.

Total simulation time :  1 days and   9 hours

Simulation finished.

