 0.0000000   0.2156255335E-002   0.6208674010E+000   0.9857896258E+000   0.1120149538E+001
 0.0101010   0.2137989579E-002   0.5733616368E+000   0.9783151502E+000   0.1041452844E+001
 0.0202020   0.2076996183E-002   0.5913091875E+000   0.9871788313E+000   0.1055413815E+001
 0.0303030   0.1901906268E-002   0.5925927437E+000   0.9789465259E+000   0.1073107603E+001
 0.0404040   0.1705922303E-002   0.5776451414E+000   0.9807126641E+000   0.1049320159E+001
 0.0505051   0.1459907502E-002   0.5361837461E+000   0.9841541419E+000   0.1024999761E+001
 0.0606061   0.1214359417E-002   0.6055759069E+000   0.9821915208E+000   0.1083414949E+001
 0.0707071   0.1010537978E-002   0.5777636058E+000   0.9918576573E+000   0.1080908567E+001
 0.0808081   0.8112334389E-003   0.6049268446E+000   0.9884126535E+000   0.1063358183E+001
 0.0909091   0.6635901818E-003   0.5602791782E+000   0.9909746893E+000   0.1047537938E+001
 0.1010101   0.5554029829E-003   0.5420651785E+000   0.9836096847E+000   0.9971898339E+000
 0.1111111   0.4880234137E-003   0.5851774080E+000   0.9893538001E+000   0.1023995211E+001
 0.1212121   0.4478594489E-003   0.5958192696E+000   0.9831252413E+000   0.1068466551E+001
 0.1313131   0.4328045330E-003   0.5350213380E+000   0.9907500116E+000   0.1020644806E+001
 0.1414141   0.4327740366E-003   0.6100165972E+000   0.9866255336E+000   0.1111940476E+001
 0.1515152   0.4535240551E-003   0.6308306800E+000   0.9894311446E+000   0.1054521277E+001
 0.1616162   0.4883935363E-003   0.6421748938E+000   0.9872224130E+000   0.1021789195E+001
 0.1717172   0.5377073673E-003   0.6495553419E+000   0.9928144016E+000   0.1073531398E+001
 0.1818182   0.6069488485E-003   0.6422619211E+000   0.9877708584E+000   0.1039268232E+001
 0.1919192   0.6959012513E-003   0.6980172557E+000   0.9893747938E+000   0.1028024828E+001
 0.2020202   0.8089869583E-003   0.7169389749E+000   0.9875157547E+000   0.1013346832E+001
 0.2121212   0.9640762392E-003   0.7077543406E+000   0.9922177127E+000   0.1054191659E+001
 0.2222222   0.1145102989E-002   0.7026645879E+000   0.9896726496E+000   0.1035994881E+001
 0.2323232   0.1391913044E-002   0.7653234459E+000   0.9880217205E+000   0.1015054853E+001
 0.2424242   0.1702843026E-002   0.8243332933E+000   0.9848850365E+000   0.1001999263E+001
 0.2525253   0.2113519344E-002   0.7768440145E+000   0.9903564709E+000   0.9985539680E+000
 0.2626263   0.2621436274E-002   0.8361521315E+000   0.9920782563E+000   0.1046658243E+001
 0.2727273   0.3306626647E-002   0.9159860295E+000   0.9994042236E+000   0.1064734446E+001
 0.2828283   0.4166680457E-002   0.9435314981E+000   0.9925588824E+000   0.1032139348E+001
 0.2929293   0.5313273178E-002   0.9690458195E+000   0.9945925033E+000   0.1003608827E+001
 0.3030303   0.6822603159E-002   0.9736310441E+000   0.9921338383E+000   0.1005438850E+001
 0.3131313   0.8748452723E-002   0.1025353988E+001   0.9956233904E+000   0.1044261733E+001
 0.3232323   0.1137292631E-001   0.9733063212E+000   0.9962165316E+000   0.1035538267E+001
 0.3333333   0.1460503618E-001   0.9753367017E+000   0.9969480736E+000   0.1021827721E+001
 0.3434343   0.1903078432E-001   0.1105033001E+001   0.9992777496E+000   0.1012283064E+001
 0.3535354   0.2513088333E-001   0.1095055920E+001   0.9983391087E+000   0.1038961445E+001
 0.3636364   0.3290625441E-001   0.1162083393E+001   0.9962160269E+000   0.1016699377E+001
 0.3737374   0.4332791491E-001   0.1045902389E+001   0.9974358242E+000   0.1000207053E+001
 0.3838384   0.5719512719E-001   0.1162166586E+001   0.9980882826E+000   0.1043988479E+001
 0.3939394   0.7586482151E-001   0.1250314846E+001   0.1003465643E+001   0.9956965638E+000
 0.4040404   0.1007832922E+000   0.1148739086E+001   0.1001599423E+001   0.1015824675E+001
 0.4141414   0.1348182735E+000   0.1119871340E+001   0.9998217840E+000   0.9828236189E+000
 0.4242424   0.1812312140E+000   0.1145696582E+001   0.1001342364E+001   0.9667893362E+000
 0.4343434   0.2426062678E+000   0.1133971289E+001   0.1001175892E+001   0.9814673329E+000
 0.4444444   0.3267385444E+000   0.1120832090E+001   0.1007642371E+001   0.1006502617E+001
 0.4545455   0.4384009346E+000   0.1157573694E+001   0.1002956481E+001   0.1001039660E+001
 0.4646465   0.5964587012E+000   0.1238099210E+001   0.9985214705E+000   0.9723864239E+000
 0.4747475   0.8040015718E+000   0.1187599631E+001   0.1003312303E+001   0.9533006761E+000
 0.4848485   0.1087790757E+001   0.1118655642E+001   0.1004530419E+001   0.1034032868E+001
 0.4949495   0.1487238812E+001   0.1144154244E+001   0.1003541634E+001   0.9464678770E+000
 0.5050505   0.1715930346E+001   0.1202894959E+001   0.1014314628E+001   0.1001363570E+001
 0.5151515   0.1716882744E+001   0.1157454846E+001   0.1002611466E+001   0.9586073858E+000
 0.5252525   0.1720458469E+001   0.1155343573E+001   0.1008658549E+001   0.1022185165E+001
 0.5353535   0.1711601378E+001   0.1117955973E+001   0.1005986132E+001   0.9927535444E+000
 0.5454545   0.1722141311E+001   0.1112604372E+001   0.9994949659E+000   0.9699185684E+000
 0.5555556   0.1722960927E+001   0.1190492233E+001   0.9997661336E+000   0.9854598508E+000
 0.5656566   0.1722441166E+001   0.1185030218E+001   0.1002165024E+001   0.9638113574E+000
 0.5757576   0.1732845882E+001   0.1179220095E+001   0.1003584666E+001   0.9792277844E+000
 0.5858586   0.1740174137E+001   0.1237649505E+001   0.1005467119E+001   0.9757139977E+000
 0.5959596   0.1731630912E+001   0.1134578563E+001   0.1005245536E+001   0.9793169668E+000
 0.6060606   0.1742032605E+001   0.1141839779E+001   0.1007023652E+001   0.9871999778E+000
 0.6161616   0.1744107723E+001   0.1133860492E+001   0.1005473594E+001   0.9617194950E+000
 0.6262626   0.1747333896E+001   0.1227783604E+001   0.1012674790E+001   0.9811741012E+000
 0.6363636   0.1760489669E+001   0.1143616746E+001   0.1010894586E+001   0.9898340693E+000
 0.6464646   0.1760221032E+001   0.1189456340E+001   0.1004620120E+001   0.1004268063E+001
 0.6565657   0.1765702839E+001   0.1136744276E+001   0.1003242910E+001   0.9693813336E+000
 0.6666667   0.1778078522E+001   0.1175984751E+001   0.1009136342E+001   0.9808059562E+000
 0.6767677   0.1781014186E+001   0.1128825179E+001   0.1002425548E+001   0.9413616494E+000
 0.6868687   0.1782235396E+001   0.1138458751E+001   0.1006237183E+001   0.9632020632E+000
 0.6969697   0.1800333572E+001   0.1141515823E+001   0.1007685801E+001   0.9585788474E+000
 0.7070707   0.1801580853E+001   0.1158483838E+001   0.1007421835E+001   0.9658440028E+000
 0.7171717   0.1810330622E+001   0.1165930611E+001   0.1007044222E+001   0.9887638804E+000
 0.7272727   0.1816998566E+001   0.1154785755E+001   0.1003886497E+001   0.9822043363E+000
 0.7373737   0.1836990215E+001   0.1154791505E+001   0.1010127822E+001   0.9560346518E+000
 0.7474747   0.1840205169E+001   0.1151852515E+001   0.1007630445E+001   0.9577776327E+000
 0.7575758   0.1854873520E+001   0.1138132878E+001   0.1010910385E+001   0.9601448904E+000
 0.7676768   0.1859066042E+001   0.1154151644E+001   0.1009817545E+001   0.9895522529E+000
 0.7777778   0.1873995935E+001   0.1146726341E+001   0.1006346682E+001   0.9674549937E+000
 0.7878788   0.1888060740E+001   0.1144105172E+001   0.1007668068E+001   0.9649486114E+000
 0.7979798   0.1898990949E+001   0.1107077183E+001   0.1007879337E+001   0.9438987104E+000
 0.8080808   0.1912056276E+001   0.1154579496E+001   0.1012236307E+001   0.9731170061E+000
 0.8181818   0.1924081804E+001   0.1136257767E+001   0.1010153128E+001   0.9620526804E+000
 0.8282828   0.1932118067E+001   0.1113266853E+001   0.1009178596E+001   0.9440085831E+000
 0.8383838   0.1952834681E+001   0.1196837555E+001   0.1008779991E+001   0.9982364786E+000
 0.8484848   0.1963047461E+001   0.1153396769E+001   0.1011635023E+001   0.9878542199E+000
 0.8585859   0.1979388560E+001   0.1158011514E+001   0.1012107283E+001   0.9972347819E+000
 0.8686869   0.1990079026E+001   0.1139964285E+001   0.1009157297E+001   0.9614797727E+000
 0.8787879   0.2006977242E+001   0.1132704985E+001   0.1011446389E+001   0.9476094118E+000
 0.8888889   0.2016702701E+001   0.1147120839E+001   0.1011466195E+001   0.9792377728E+000
 0.8989899   0.2036002693E+001   0.1111559661E+001   0.1009894232E+001   0.9517153697E+000
 0.9090909   0.2054853225E+001   0.1169277902E+001   0.1012933141E+001   0.9996091742E+000
 0.9191919   0.2067052325E+001   0.1154370938E+001   0.1007307754E+001   0.9533656009E+000
 0.9292929   0.2067400560E+001   0.1126059092E+001   0.1001590277E+001   0.9509212895E+000
 0.9393939   0.2096728311E+001   0.1138469869E+001   0.1007546934E+001   0.9735400874E+000
 0.9494949   0.2106077612E+001   0.1167924187E+001   0.1003988540E+001   0.9773285559E+000
 0.9595960   0.2131614612E+001   0.1140358783E+001   0.1007822597E+001   0.9579602783E+000
 0.9696970   0.2135472942E+001   0.1159960234E+001   0.1006111481E+001   0.9975422828E+000
 0.9797980   0.2155171786E+001   0.1116615677E+001   0.1005918101E+001   0.9325425798E+000
 0.9898990   0.2168309457E+001   0.1074492568E+001   0.1003312584E+001   0.8858017254E+000
 1.0000000   0.2185435667E+001   0.1188027100E+001   0.1003869400E+001   0.1005479517E+001


