Compiled using GNU Fortran (Ubuntu 9.4.0-1ubuntu1~20.04.2) 9.4.0 with all optimizations
Last Brick update unknown
Compiled at 16:28:53 on Sep  3 2023
Starting at 15:05:01 on Dec 31 2024

Settings
OK                      

Forcefield
OK                      

Topology
OK                      

Configuration
OK                      Starting from random configuration.

 F
Monte Carlo Simulation initialized.

#########################################################################################################################
###########################################   ENERGY STARTING CONFIGURATION   ###########################################
#########################################################################################################################
                                               Box 1               Box 2
-------------------------------------------------------------------------------------------------------------------------
Lennard Jones        
 Intermolecular                          0.1700908272E+008   0.3762977048E+005
 Tailcorrection                         -0.4465362755E+004  -0.6704640302E+002
Total Intermolecular                     0.1700461735E+008   0.3756272407E+005

Electrostatic        
 Real                                    0.4127050016E+004   0.6017845424E+003
 Exclusion                               0.1043425830E+008   0.2037985693E+007
 Selfterm                               -0.1044989240E+008  -0.2038978394E+007
 Fourier                                 0.1313700048E+005   0.1077385657E+004
Total Intermolecular                     0.1629947551E+004   0.6864685874E+003

Intramolecular       
 Lennard Jones                           0.0000000000E+000   0.0000000000E+000
 Electrostatic                           0.0000000000E+000   0.0000000000E+000
 Bending                                 0.9343375086E+007   0.3104111324E+007
 Torsion                                 0.0000000000E+000   0.0000000000E+000

Total                                    0.2634962239E+008   0.3142360517E+007

#########################################################################################################################

Simulation is running...



#########################################################################################################################
###############################################   RELATIVE ENERGY DRIFTS   ##############################################
#########################################################################################################################
                                               Box 1               Box 2                                                 
-------------------------------------------------------------------------------------------------------------------------

Lennard Jones        
 Intermolecular                          0.1074748274E-013   0.5551115123E-012
 Tailcorrection                          0.0000000000E+000   0.0000000000E+000

Electrostatic        
 Real                                    0.5170702237E-014   0.1089325778E-010
 Exclusion                               0.1343800282E-015   0.1253356361E-015
 Selfterm                                0.0000000000E+000   0.0000000000E+000
 Fourier                                 0.0000000000E+000   0.0000000000E+000

Intramolecular       
 Lennard Jones                           0.0000000000E+000   0.0000000000E+000
 Electrostatic                           0.0000000000E+000   0.0000000000E+000
 Bending                                 0.8814623710E-015   0.0000000000E+000
 Torsion                                 0.0000000000E+000   0.0000000000E+000

Total                                    0.6511115382E-014   0.9641471369E-014

#########################################################################################################################
############################################   TRIAL MOVE ACCEPTANCE RATES   ############################################
#########################################################################################################################
                                               Box 1               Box 2
-------------------------------------------------------------------------------------------------------------------------
Translation
 N2                                           0.50640             0.98133
-------------------------------------------------------------------------------------------------------------------------
Rotation
 N2                                           0.50544             0.99834
-------------------------------------------------------------------------------------------------------------------------
Bond Bending
 N2                      
  Bending 1                                   0.34111             0.34474
-------------------------------------------------------------------------------------------------------------------------
Lambda Move
 N2                                           0.73674             0.98699
-------------------------------------------------------------------------------------------------------------------------
GE Swap Fractional
 N2                                           0.30675             0.28918
-------------------------------------------------------------------------------------------------------------------------
GE Identity Change
 N2                                           0.74557             0.79096
-------------------------------------------------------------------------------------------------------------------------
Volume                                        0.50767             0.50767

#########################################################################################################################
######################################################   AVERAGES   #####################################################
#########################################################################################################################
                                                       Boltzmann                                    Biased
                                               Box 1               Box 2                  Box 1               Box 2      
-------------------------------------------------------------------------------------------------------------------------
Density
 N2                                      0.8634481861E+003   0.6280278497E+000      0.8645717674E+003   0.6202177524E+000
 Total                                   0.8634481861E+003   0.6280278497E+000      0.8645717674E+003   0.6202177524E+000

Number of molecules
 N2                                      0.3982368569E+003   0.1763143147E+001      0.3982584470E+003   0.1741553000E+001
 Total                                   0.3982368569E+003   0.1763143147E+001      0.3982584470E+003   0.1741553000E+001

Mole fractions
 N2                                           1.00000             1.00000                 1.00000             1.00000

Volume                                   0.2145626799E+005   0.1305437320E+006      0.2142958472E+005   0.1305704153E+006

#########################################################################################################################
#######################################   PROPERTIES FROM THE CFC GIBBS ENSEMBLE   ######################################
#########################################################################################################################
                                                       Boltzmann                                    Biased
                                               Box 1               Box 2                  Box 1               Box 2      
Chemical Potentials (as an indication)
=========================================================================================================================

Total N2                                -0.1010677909E+004  -0.1010202176E+004     -0.1010560871E+004  -0.1011328425E+004
 Ideal gas                              -0.3587981965E+003  -0.1009147616E+004     -0.3586811581E+003  -0.1010273865E+004
 Excess                                 -0.6518797130E+003  -0.1054559838E+001     -0.6518797130E+003  -0.1054559838E+001

-------------------------------------------------------------------------------------------------------------------------

#########################################################################################################################
##################################################   AVERAGE ENERGIES   #################################################
#########################################################################################################################
                                                       Boltzmann                                    Biased
                                               Box 1               Box 2                  Box 1               Box 2      
-------------------------------------------------------------------------------------------------------------------------
Lennard Jones        
 Intermolecular                         -0.3666760719E+006  -0.2353668712E+001     -0.3660932338E+006  -0.3066920807E+001
 Tailcorrection                         -0.9885530417E+004  -0.3097432824E-001     -0.9870652120E+004  -0.3928972469E-001
Total Intermolecular                    -0.3765616023E+006  -0.2384643040E+001     -0.3759638860E+006  -0.3106210532E+001

Electrostatic        
 Real                                   -0.7437244057E+004  -0.4206982778E-001     -0.7438666154E+004  -0.4398177133E-001
 Exclusion                               0.1388136208E+008   0.3598341449E+005      0.1387358730E+008   0.3714157850E+005
 Selfterm                               -0.1388386837E+008  -0.3598420403E+005     -0.1387609166E+008  -0.3714242935E+005
 Fourier                                 0.1144505918E+004   0.8090649442E+000      0.1143418902E+004   0.8352501717E+000
Total Intermolecular                    -0.8799022193E+004  -0.2254602992E-001     -0.8799606230E+004  -0.5957998326E-001

Intramolecular       
 Lennard Jones                           0.0000000000E+000   0.0000000000E+000      0.0000000000E+000   0.0000000000E+000
 Electrostatic                           0.0000000000E+000   0.0000000000E+000      0.0000000000E+000   0.0000000000E+000
 Bending                                 0.3605922568E+005   0.1592885896E+003      0.3602847636E+005   0.1983110558E+003
 Torsion                                 0.0000000000E+000   0.0000000000E+000      0.0000000000E+000   0.0000000000E+000

Total                                   -0.3493013988E+006   0.1568814005E+003     -0.3487350158E+006   0.1951452653E+003

#########################################################################################################################

No errors found in bookkeeping.

Total simulation time :  1 days and  20 hours

Simulation finished.

