 0.0000000   0.5527667044E-004   0.1653949981E-001   0.9777158445E+000   0.1890032753E+001
 0.0101010   0.5734016754E-004   0.1803657937E-001   0.1004889470E+001   0.1994853098E+001
 0.0202020   0.5384394602E-004   0.1623716865E-001   0.1012131451E+001   0.1981172442E+001
 0.0303030   0.4880514733E-004   0.1659931262E-001   0.1007071257E+001   0.1952873213E+001
 0.0404040   0.4017635634E-004   0.1575238327E-001   0.9824653663E+000   0.1832172957E+001
 0.0505051   0.3244752218E-004   0.1539375770E-001   0.1020029305E+001   0.1996631907E+001
 0.0606061   0.2557923040E-004   0.1722081300E-001   0.9939616639E+000   0.1970079144E+001
 0.0707071   0.1899736496E-004   0.1614242314E-001   0.1014355720E+001   0.1960861681E+001
 0.0808081   0.1351695619E-004   0.1694813693E-001   0.9862986099E+000   0.1906624187E+001
 0.0909091   0.9679043294E-005   0.1436688728E-001   0.9807604488E+000   0.1803453282E+001
 0.1010101   0.7731376078E-005   0.1578404888E-001   0.9775641917E+000   0.1717941097E+001
 0.1111111   0.6445111147E-005   0.1438372534E-001   0.9992873466E+000   0.1803388598E+001
 0.1212121   0.6379108930E-005   0.1687977943E-001   0.1000877792E+001   0.1974509995E+001
 0.1313131   0.6280762044E-005   0.1563702999E-001   0.1015430579E+001   0.1826804189E+001
 0.1414141   0.7070164264E-005   0.1645857659E-001   0.1015259916E+001   0.2069692431E+001
 0.1515152   0.7836433242E-005   0.2173115159E-001   0.9974225737E+000   0.1937187354E+001
 0.1616162   0.9325955053E-005   0.2144012957E-001   0.1005636913E+001   0.2011994345E+001
 0.1717172   0.1174363543E-004   0.3007177214E-001   0.9840187252E+000   0.1784177464E+001
 0.1818182   0.1487906931E-004   0.3378167453E-001   0.9871647177E+000   0.1809565916E+001
 0.1919192   0.1861673314E-004   0.5293283303E-001   0.9959008059E+000   0.2011282822E+001
 0.2020202   0.2475777200E-004   0.6822782419E-001   0.9935683944E+000   0.1705618804E+001
 0.2121212   0.3218570007E-004   0.6663951751E-001   0.1000397522E+001   0.1897956537E+001
 0.2222222   0.4375331546E-004   0.8932490968E-001   0.1022102158E+001   0.1918040904E+001
 0.2323232   0.5856767917E-004   0.1128527075E+000   0.1013671796E+001   0.1723892020E+001
 0.2424242   0.7995943477E-004   0.1313735696E+000   0.1017746689E+001   0.1722727709E+001
 0.2525253   0.1112014528E-003   0.2063851220E+000   0.1011165310E+001   0.1741259662E+001
 0.2626263   0.1543075770E-003   0.2148302893E+000   0.1019562244E+001   0.1761214661E+001
 0.2727273   0.2126716656E-003   0.2556412261E+000   0.9722073534E+000   0.1526735333E+001
 0.2828283   0.3020437788E-003   0.3519001500E+000   0.9856892181E+000   0.1617131157E+001
 0.2929293   0.4306509127E-003   0.4365971059E+000   0.9848177343E+000   0.1625831148E+001
 0.3030303   0.6065536463E-003   0.4841736763E+000   0.9807247282E+000   0.1591483970E+001
 0.3131313   0.8714002988E-003   0.6999451378E+000   0.1020305764E+001   0.1614834876E+001
 0.3232323   0.1258001678E-002   0.6934074464E+000   0.1039083086E+001   0.1601445298E+001
 0.3333333   0.1826736692E-002   0.1051922190E+001   0.9945913807E+000   0.1371914292E+001
 0.3434343   0.2675631481E-002   0.9702256760E+000   0.9958365508E+000   0.1298498006E+001
 0.3535354   0.3926574786E-002   0.1233191459E+001   0.1025759003E+001   0.1364960768E+001
 0.3636364   0.5798418060E-002   0.1440583346E+001   0.1000281657E+001   0.1450505295E+001
 0.3737374   0.8628458500E-002   0.1225260983E+001   0.9914850096E+000   0.1276764198E+001
 0.3838384   0.1282573929E-001   0.1330399848E+001   0.9896501991E+000   0.1270425171E+001
 0.3939394   0.1927528437E-001   0.1564453675E+001   0.9867272228E+000   0.1098786303E+001
 0.4040404   0.2890450203E-001   0.1505252056E+001   0.9967424446E+000   0.1118644276E+001
 0.4141414   0.4333991987E-001   0.1470955439E+001   0.9925402626E+000   0.1012659620E+001
 0.4242424   0.6599014217E-001   0.1556252785E+001   0.1022901339E+001   0.9443210239E+000
 0.4343434   0.1006342461E+000   0.1656808430E+001   0.1010433502E+001   0.9097797932E+000
 0.4444444   0.1531720147E+000   0.1394832826E+001   0.9966435848E+000   0.7711620828E+000
 0.4545455   0.2348592254E+000   0.1502415723E+001   0.9519060884E+000   0.7634970344E+000
 0.4646465   0.3593293197E+000   0.1324142121E+001   0.9786801145E+000   0.6819952541E+000
 0.4747475   0.5542622694E+000   0.1520213805E+001   0.9546258640E+000   0.6268845265E+000
 0.4848485   0.8563544383E+000   0.1251333590E+001   0.9915767142E+000   0.5389790350E+000
 0.4949495   0.1330677763E+001   0.1409301495E+001   0.1009731421E+001   0.5237136221E+000
 0.5050505   0.1639962814E+001   0.1237405498E+001   0.9883162984E+000   0.4689263143E+000
 0.5151515   0.1633130340E+001   0.1342830107E+001   0.1077096830E+001   0.5062812969E+000
 0.5252525   0.1640620984E+001   0.1299338903E+001   0.9853626424E+000   0.4581240942E+000
 0.5353535   0.1643925550E+001   0.1443387512E+001   0.9697201721E+000   0.4295337872E+000
 0.5454545   0.1642839248E+001   0.1344496070E+001   0.1030308415E+001   0.4842887530E+000
 0.5555556   0.1641109493E+001   0.1541052790E+001   0.9988233542E+000   0.4578977004E+000
 0.5656566   0.1647539992E+001   0.1504185478E+001   0.1003636141E+001   0.4844504629E+000
 0.5757576   0.1652414708E+001   0.1254617766E+001   0.9994092270E+000   0.4675679513E+000
 0.5858586   0.1657846387E+001   0.1564083740E+001   0.1003830754E+001   0.4725809576E+000
 0.5959596   0.1666386956E+001   0.1385243676E+001   0.9842800905E+000   0.5065400327E+000
 0.6060606   0.1666437168E+001   0.1391794184E+001   0.1014041703E+001   0.4933121644E+000
 0.6161616   0.1676972684E+001   0.1438295129E+001   0.9790903643E+000   0.4391393541E+000
 0.6262626   0.1687842809E+001   0.1338827926E+001   0.9868326269E+000   0.4711579107E+000
 0.6363636   0.1697587022E+001   0.1406776791E+001   0.9980078991E+000   0.4817337369E+000
 0.6464646   0.1703155089E+001   0.1481438012E+001   0.1003440330E+001   0.4636222302E+000
 0.6565657   0.1711647229E+001   0.1488824643E+001   0.9608465594E+000   0.4551809744E+000
 0.6666667   0.1725695927E+001   0.1377435841E+001   0.1001941903E+001   0.4702199934E+000
 0.6767677   0.1738449702E+001   0.1438390126E+001   0.9844284740E+000   0.4279490303E+000
 0.6868687   0.1749954542E+001   0.1388096093E+001   0.1052995358E+001   0.4850002765E+000
 0.6969697   0.1763185406E+001   0.1431757689E+001   0.1001597909E+001   0.4737452688E+000
 0.7070707   0.1779884974E+001   0.1454379750E+001   0.1009846937E+001   0.4658538266E+000
 0.7171717   0.1793195273E+001   0.1467547114E+001   0.9915568755E+000   0.4545664768E+000
 0.7272727   0.1803314671E+001   0.1473524625E+001   0.9815680183E+000   0.4657244587E+000
 0.7373737   0.1821710747E+001   0.1483911950E+001   0.9887632409E+000   0.4625872870E+000
 0.7474747   0.1833065209E+001   0.1458571924E+001   0.9941519571E+000   0.4753947096E+000
 0.7575758   0.1853829565E+001   0.1587498195E+001   0.9981526337E+000   0.4855824321E+000
 0.7676768   0.1874873325E+001   0.1432447295E+001   0.9621669945E+000   0.4189256190E+000
 0.7777778   0.1893070557E+001   0.1462256695E+001   0.9908747774E+000   0.4599675869E+000
 0.7878788   0.1915666937E+001   0.1482024579E+001   0.1038983474E+001   0.4530787459E+000
 0.7979798   0.1933499554E+001   0.1472629946E+001   0.1017015783E+001   0.4497798643E+000
 0.8080808   0.1957873078E+001   0.1443058038E+001   0.9943766794E+000   0.4383954887E+000
 0.8181818   0.1978888760E+001   0.1493136192E+001   0.1011506938E+001   0.4732277972E+000
 0.8282828   0.2002092705E+001   0.1563475559E+001   0.1026435684E+001   0.4690880242E+000
 0.8383838   0.2020671084E+001   0.1524662320E+001   0.9891247619E+000   0.4671151636E+000
 0.8484848   0.2050813707E+001   0.1440089011E+001   0.1017665865E+001   0.4155943954E+000
 0.8585859   0.2080936231E+001   0.1514709518E+001   0.9892196790E+000   0.4409181628E+000
 0.8686869   0.2101109879E+001   0.1373083580E+001   0.9667248636E+000   0.4010081641E+000
 0.8787879   0.2127771018E+001   0.1423481656E+001   0.9859296351E+000   0.4367137059E+000
 0.8888889   0.2151257366E+001   0.1553710238E+001   0.9866390781E+000   0.4459958531E+000
 0.8989899   0.2175767723E+001   0.1485460549E+001   0.1018275545E+001   0.4510412014E+000
 0.9090909   0.2208186920E+001   0.1398660595E+001   0.1024031322E+001   0.4247795167E+000
 0.9191919   0.2243489851E+001   0.1505595352E+001   0.9919430601E+000   0.4186021992E+000
 0.9292929   0.2269415701E+001   0.1551819600E+001   0.1009148419E+001   0.4407564530E+000
 0.9393939   0.2305151676E+001   0.1487712577E+001   0.1021755610E+001   0.4511705693E+000
 0.9494949   0.2328531992E+001   0.1402955808E+001   0.1030294993E+001   0.4280460563E+000
 0.9595960   0.2361413770E+001   0.1454233233E+001   0.1032550151E+001   0.4323475391E+000
 0.9696970   0.2393856894E+001   0.1478826855E+001   0.1002737890E+001   0.4082204248E+000
 0.9797980   0.2433044505E+001   0.1405367923E+001   0.9862545605E+000   0.3915966490E+000
 0.9898990   0.2462365794E+001   0.1478962565E+001   0.9983706927E+000   0.4121984879E+000
 1.0000000   0.2471427775E+001   0.1526746973E+001   0.1010529777E+001   0.4575095967E+000


