#   100 bins for weightfunction of N2                      
 0.0000000    0.6930566406E+001    0.5122558594E+001
 0.0101010    0.6941601562E+001    0.5110449219E+001
 0.0202020    0.6962402344E+001    0.5121191406E+001
 0.0303030    0.7033886719E+001    0.5091796875E+001
 0.0404040    0.7162304687E+001    0.5098828125E+001
 0.0505051    0.7322460937E+001    0.5107324219E+001
 0.0606061    0.7517089844E+001    0.5131347656E+001
 0.0707071    0.7723730469E+001    0.5102734375E+001
 0.0808081    0.7923242187E+001    0.5082519531E+001
 0.0909091    0.8194238281E+001    0.5121972656E+001
 0.1010101    0.8388574219E+001    0.5122460937E+001
 0.1111111    0.8511328125E+001    0.5113867187E+001
 0.1212121    0.8637207031E+001    0.5102441406E+001
 0.1313131    0.8647265625E+001    0.5072753906E+001
 0.1414141    0.8660742187E+001    0.5095800781E+001
 0.1515152    0.8615332031E+001    0.5081445312E+001
 0.1616162    0.8559082031E+001    0.5087109375E+001
 0.1717172    0.8447949219E+001    0.5067675781E+001
 0.1818182    0.8404003906E+001    0.5082910156E+001
 0.1919192    0.8287695312E+001    0.5090039062E+001
 0.2020202    0.8149609375E+001    0.5076074219E+001
 0.2121212    0.7964160156E+001    0.5091406250E+001
 0.2222222    0.7783496094E+001    0.5097363281E+001
 0.2323232    0.7625195312E+001    0.5067968750E+001
 0.2424242    0.7456152344E+001    0.5095117187E+001
 0.2525253    0.7222753906E+001    0.5079394531E+001
 0.2626263    0.7018261719E+001    0.5072656250E+001
 0.2727273    0.6780273437E+001    0.5056347656E+001
 0.2828283    0.6594531250E+001    0.5047558594E+001
 0.2929293    0.6337695312E+001    0.5071386719E+001
 0.3030303    0.6062207031E+001    0.5051367187E+001
 0.3131313    0.5857128906E+001    0.5087207031E+001
 0.3232323    0.5562304687E+001    0.5064550781E+001
 0.3333333    0.5343457031E+001    0.5081445312E+001
 0.3434343    0.5005566406E+001    0.5082421875E+001
 0.3535354    0.4768261719E+001    0.5052343750E+001
 0.3636364    0.4495117187E+001    0.5088085937E+001
 0.3737374    0.4206933594E+001    0.5067382812E+001
 0.3838384    0.3909179687E+001    0.5058593750E+001
 0.3939394    0.3641406250E+001    0.5068457031E+001
 0.4040404    0.3324023437E+001    0.5062304687E+001
 0.4141414    0.3069628906E+001    0.5040820312E+001
 0.4242424    0.2718652344E+001    0.5072753906E+001
 0.4343434    0.2427441406E+001    0.5075878906E+001
 0.4444444    0.2157128906E+001    0.5048242187E+001
 0.4545455    0.1816992187E+001    0.5052050781E+001
 0.4646465    0.1501855469E+001    0.5073730469E+001
 0.4747475    0.1196484375E+001    0.5058886719E+001
 0.4848485    0.8691406250E+000    0.5063281250E+001
 0.4949495    0.5492187500E+000    0.5087109375E+001
 0.5050505    0.3979492187E+000    0.5071289062E+001
 0.5151515    0.3826171875E+000    0.5079785156E+001
 0.5252525    0.4154296875E+000    0.5038281250E+001
 0.5353535    0.3812500000E+000    0.5052343750E+001
 0.5454545    0.3825195312E+000    0.5074609375E+001
 0.5555556    0.3907226562E+000    0.5077734375E+001
 0.5656566    0.3865234375E+000    0.5055468750E+001
 0.5757576    0.3741210937E+000    0.5082812500E+001
 0.5858586    0.4124023437E+000    0.5047656250E+001
 0.5959596    0.4126953125E+000    0.5079394531E+001
 0.6060606    0.3826171875E+000    0.5084179687E+001
 0.6161616    0.3888671875E+000    0.5058886719E+001
 0.6262626    0.3654296875E+000    0.5052441406E+001
 0.6363636    0.3793945312E+000    0.5043359375E+001
 0.6464646    0.4031250000E+000    0.5082812500E+001
 0.6565657    0.3389648437E+000    0.5087792969E+001
 0.6666667    0.3123046875E+000    0.5048046875E+001
 0.6767677    0.3763671875E+000    0.5072753906E+001
 0.6868687    0.3250976562E+000    0.5043359375E+001
 0.6969697    0.3489257812E+000    0.5071484375E+001
 0.7070707    0.3049804687E+000    0.5068261719E+001
 0.7171717    0.3111328125E+000    0.5066699219E+001
 0.7272727    0.3159179687E+000    0.5085058594E+001
 0.7373737    0.3000976562E+000    0.5060058594E+001
 0.7474747    0.3090820312E+000    0.5080175781E+001
 0.7575758    0.3025390625E+000    0.5092382812E+001
 0.7676768    0.2900390625E+000    0.5070410156E+001
 0.7777778    0.2745117187E+000    0.5066601562E+001
 0.7878788    0.2594726562E+000    0.5068261719E+001
 0.7979798    0.2554687500E+000    0.5059960937E+001
 0.8080808    0.2379882812E+000    0.5071679687E+001
 0.8181818    0.2418945312E+000    0.5074023437E+001
 0.8282828    0.2255859375E+000    0.5071386719E+001
 0.8383838    0.2303710937E+000    0.5082617187E+001
 0.8484848    0.2019531250E+000    0.5072167969E+001
 0.8585859    0.1803710937E+000    0.5069042969E+001
 0.8686869    0.1846679687E+000    0.5091503906E+001
 0.8787879    0.1818359375E+000    0.5085937500E+001
 0.8888889    0.1477539062E+000    0.5072851562E+001
 0.8989899    0.1419921875E+000    0.5072753906E+001
 0.9090909    0.1402343750E+000    0.5083984375E+001
 0.9191919    0.1076171875E+000    0.5059765625E+001
 0.9292929    0.1227539062E+000    0.5090625000E+001
 0.9393939    0.6962890625E-001    0.5053710937E+001
 0.9494949    0.8525390625E-001    0.5079296875E+001
 0.9595960    0.3730468750E-001    0.5039160156E+001
 0.9696970    0.1003906250E+000    0.5094335937E+001
 0.9797980    0.2050781250E-001    0.5071582031E+001
 0.9898990    0.0000000000E+000    0.5038574219E+001
 1.0000000    0.1093750000E-001    0.5073535156E+001


