 0.0000000   0.8717443096E-002   0.1088108120E+001   0.9619034723E+000   0.1009257971E+001
 0.0101010   0.8573602516E-002   0.1043018550E+001   0.9533318068E+000   0.9905436577E+000
 0.0202020   0.8362742769E-002   0.1112893636E+001   0.9596212013E+000   0.1050454272E+001
 0.0303030   0.7845719812E-002   0.1069580244E+001   0.9587658168E+000   0.1019813736E+001
 0.0404040   0.7187118301E-002   0.1066365788E+001   0.9601076279E+000   0.9950542474E+000
 0.0505051   0.6409075357E-002   0.1058971662E+001   0.9610432372E+000   0.9968997081E+000
 0.0606061   0.5554032654E-002   0.1039679250E+001   0.9608683259E+000   0.9980819036E+000
 0.0707071   0.4758385211E-002   0.1068263715E+001   0.9633867112E+000   0.9975755242E+000
 0.0808081   0.4049094707E-002   0.1068588205E+001   0.9603795526E+000   0.9929090141E+000
 0.0909091   0.3477256185E-002   0.1056238007E+001   0.9625460333E+000   0.1020640162E+001
 0.1010101   0.3040239648E-002   0.1087713987E+001   0.9624040190E+000   0.1038586459E+001
 0.1111111   0.2755184856E-002   0.1059186784E+001   0.9592754791E+000   0.1002185073E+001
 0.1212121   0.2577764444E-002   0.1063582093E+001   0.9606097022E+000   0.9874411791E+000
 0.1313131   0.2506098771E-002   0.1025064850E+001   0.9619651083E+000   0.1007451611E+001
 0.1414141   0.2507316579E-002   0.1013515816E+001   0.9613027773E+000   0.9749260304E+000
 0.1515152   0.2598773081E-002   0.1041394040E+001   0.9657941953E+000   0.1007813655E+001
 0.1616162   0.2736599624E-002   0.1095875229E+001   0.9665927549E+000   0.9891379602E+000
 0.1717172   0.2941587645E-002   0.1089756877E+001   0.9663101903E+000   0.1027637755E+001
 0.1818182   0.3185815033E-002   0.1035974191E+001   0.9692332631E+000   0.9910654843E+000
 0.1919192   0.3571891779E-002   0.1033178114E+001   0.9682773987E+000   0.1011984889E+001
 0.2020202   0.4037844421E-002   0.1079339170E+001   0.9755680037E+000   0.1014440032E+001
 0.2121212   0.4580168151E-002   0.1016274233E+001   0.9748960136E+000   0.1004478020E+001
 0.2222222   0.5275794246E-002   0.1045555654E+001   0.9735547384E+000   0.1007513883E+001
 0.2323232   0.6156507252E-002   0.1038215179E+001   0.9749798010E+000   0.1002800065E+001
 0.2424242   0.7256705882E-002   0.1060205134E+001   0.9732090285E+000   0.9949364624E+000
 0.2525253   0.8484503605E-002   0.1017865211E+001   0.9758314558E+000   0.9965463528E+000
 0.2626263   0.1010734895E-001   0.1035432000E+001   0.9823278109E+000   0.1010949925E+001
 0.2727273   0.1211793266E-001   0.1031070739E+001   0.9812715838E+000   0.1003668972E+001
 0.2828283   0.1454773078E-001   0.1032919658E+001   0.9760211557E+000   0.9897563319E+000
 0.2929293   0.1771642283E-001   0.1058640466E+001   0.9816921649E+000   0.1009309623E+001
 0.3030303   0.2152465970E-001   0.1019258606E+001   0.9839820324E+000   0.1012454581E+001
 0.3131313   0.2612934433E-001   0.1051523368E+001   0.9864992810E+000   0.1017923382E+001
 0.3232323   0.3194212905E-001   0.1018064857E+001   0.9918843307E+000   0.1004762828E+001
 0.3333333   0.3917861627E-001   0.1015191914E+001   0.9880824729E+000   0.1017070888E+001
 0.3434343   0.4849388376E-001   0.1019489721E+001   0.9902864123E+000   0.9966993769E+000
 0.3535354   0.6011340382E-001   0.1021333481E+001   0.9925241523E+000   0.9912745045E+000
 0.3636364   0.7429493859E-001   0.1016352131E+001   0.9951853351E+000   0.9917992275E+000
 0.3737374   0.9268929535E-001   0.1011321773E+001   0.9922924582E+000   0.9934655969E+000
 0.3838384   0.1153975561E+000   0.9941749112E+000   0.9971522774E+000   0.9930803817E+000
 0.3939394   0.1456580521E+000   0.1022900212E+001   0.1001086993E+001   0.1004622355E+001
 0.4040404   0.1818487549E+000   0.9918544772E+000   0.9998369367E+000   0.9818492836E+000
 0.4141414   0.2284549869E+000   0.1027685527E+001   0.1005691031E+001   0.9889492144E+000
 0.4242424   0.2873374572E+000   0.9745353113E+000   0.9994507409E+000   0.9929423221E+000
 0.4343434   0.3659456667E+000   0.9629290145E+000   0.1005290439E+001   0.1010023574E+001
 0.4444444   0.4625511778E+000   0.9802873874E+000   0.1010481270E+001   0.1032032491E+001
 0.4545455   0.5840364332E+000   0.9714276425E+000   0.1007315391E+001   0.9919985932E+000
 0.4646465   0.7461916391E+000   0.9807687047E+000   0.1012366880E+001   0.1012772215E+001
 0.4747475   0.9479481129E+000   0.9651493675E+000   0.1017045311E+001   0.1001776204E+001
 0.4848485   0.1207221927E+001   0.9552846859E+000   0.1016911407E+001   0.1013055575E+001
 0.4949495   0.1551829672E+001   0.9716933214E+000   0.1013493861E+001   0.9943861550E+000
 0.5050505   0.1749060059E+001   0.9680140562E+000   0.1020592259E+001   0.1005859099E+001
 0.5151515   0.1747729951E+001   0.9488470036E+000   0.1023449474E+001   0.1014999029E+001
 0.5252525   0.1746629023E+001   0.9792102274E+000   0.1019238162E+001   0.9985583539E+000
 0.5353535   0.1750502794E+001   0.9692857035E+000   0.1021826212E+001   0.9905909648E+000
 0.5454545   0.1745268099E+001   0.9650668265E+000   0.1019489115E+001   0.1001734690E+001
 0.5555556   0.1751181452E+001   0.9697561872E+000   0.1019460609E+001   0.1009464578E+001
 0.5656566   0.1747904601E+001   0.9652984572E+000   0.1023574600E+001   0.9825468223E+000
 0.5757576   0.1746832523E+001   0.9782728711E+000   0.1017056069E+001   0.9887628823E+000
 0.5858586   0.1752794001E+001   0.9624373797E+000   0.1019050231E+001   0.9991545203E+000
 0.5959596   0.1750530558E+001   0.9786221227E+000   0.1021023562E+001   0.1010814762E+001
 0.6060606   0.1765945606E+001   0.9655011985E+000   0.1020834883E+001   0.9876989546E+000
 0.6161616   0.1749532939E+001   0.9601778197E+000   0.1020967076E+001   0.1005344513E+001
 0.6262626   0.1766594963E+001   0.9766689962E+000   0.1018974662E+001   0.1008786348E+001
 0.6363636   0.1767624070E+001   0.9611481924E+000   0.1019156698E+001   0.9941974092E+000
 0.6464646   0.1777580511E+001   0.9821667429E+000   0.1016740051E+001   0.9898079836E+000
 0.6565657   0.1778828220E+001   0.9608386636E+000   0.1020683841E+001   0.9866852305E+000
 0.6666667   0.1783737023E+001   0.9811509727E+000   0.1015968452E+001   0.1003259620E+001
 0.6767677   0.1786104340E+001   0.9803446503E+000   0.1021436181E+001   0.9987591678E+000
 0.6868687   0.1794009846E+001   0.9612162887E+000   0.1020939153E+001   0.1006495814E+001
 0.6969697   0.1802752536E+001   0.9401224196E+000   0.1018199059E+001   0.1000174037E+001
 0.7070707   0.1805781923E+001   0.9800763920E+000   0.1020833195E+001   0.1007177906E+001
 0.7171717   0.1804592049E+001   0.9694389203E+000   0.1017874005E+001   0.1009272453E+001
 0.7272727   0.1819471962E+001   0.9782919587E+000   0.1021464190E+001   0.1016101574E+001
 0.7373737   0.1824325385E+001   0.9649399197E+000   0.1019858880E+001   0.9847330874E+000
 0.7474747   0.1822847220E+001   0.9614314112E+000   0.1020407708E+001   0.9965849709E+000
 0.7575758   0.1838065046E+001   0.9676606775E+000   0.1020876964E+001   0.9904442162E+000
 0.7676768   0.1841769070E+001   0.9796997987E+000   0.1023191478E+001   0.1001844268E+001
 0.7777778   0.1845716348E+001   0.9710247393E+000   0.1021403970E+001   0.9842045027E+000
 0.7878788   0.1856335027E+001   0.9467489144E+000   0.1023202195E+001   0.9827650144E+000
 0.7979798   0.1861456372E+001   0.9803580632E+000   0.1018451013E+001   0.1002573184E+001
 0.8080808   0.1875419579E+001   0.9815580030E+000   0.1022397783E+001   0.1002143076E+001
 0.8181818   0.1876300508E+001   0.9760912092E+000   0.1020806877E+001   0.9965854536E+000
 0.8282828   0.1894665849E+001   0.9654490945E+000   0.1023072441E+001   0.1001140937E+001
 0.8383838   0.1888423275E+001   0.9715215329E+000   0.1018687563E+001   0.9938368130E+000
 0.8484848   0.1905904925E+001   0.9673898399E+000   0.1020331168E+001   0.9824029701E+000
 0.8585859   0.1912710971E+001   0.9610341826E+000   0.1018387505E+001   0.9847538446E+000
 0.8686869   0.1916074706E+001   0.9949348043E+000   0.1018401582E+001   0.1012263904E+001
 0.8787879   0.1929176622E+001   0.9792019733E+000   0.1020283847E+001   0.9965613173E+000
 0.8888889   0.1936346618E+001   0.9790095495E+000   0.1016764372E+001   0.1002380094E+001
 0.8989899   0.1941835481E+001   0.9594163790E+000   0.1017472040E+001   0.9893604968E+000
 0.9090909   0.1966159532E+001   0.9499509895E+000   0.1023892592E+001   0.9946318624E+000
 0.9191919   0.1962333889E+001   0.9562854956E+000   0.1014684610E+001   0.9858795612E+000
 0.9292929   0.1973394696E+001   0.9601742086E+000   0.1018350268E+001   0.9782003594E+000
 0.9393939   0.1982320582E+001   0.9571047150E+000   0.1019174736E+001   0.9959641856E+000
 0.9494949   0.1984425956E+001   0.9586827958E+000   0.1016770102E+001   0.9851120272E+000
 0.9595960   0.2001105970E+001   0.9634423164E+000   0.1019572072E+001   0.9991781738E+000
 0.9696970   0.2001442166E+001   0.9681316771E+000   0.1014968886E+001   0.9881802323E+000
 0.9797980   0.2005755468E+001   0.9508021936E+000   0.1013649241E+001   0.9961910667E+000
 0.9898990   0.2028113725E+001   0.9757780693E+000   0.1018692486E+001   0.9879388694E+000
 1.0000000   0.2034161556E+001   0.9665303817E+000   0.1017486439E+001   0.9811000932E+000


