#   100 bins for weightfunction of N2                      
 0.0000000    0.6372656250E+001    0.4600781250E+001
 0.0101010    0.6322656250E+001    0.4544140625E+001
 0.0202020    0.6407812500E+001    0.4585546875E+001
 0.0303030    0.6416015625E+001    0.4557812500E+001
 0.0404040    0.6469921875E+001    0.4465625000E+001
 0.0505051    0.6737109375E+001    0.4574609375E+001
 0.0606061    0.6860546875E+001    0.4544140625E+001
 0.0707071    0.7051953125E+001    0.4514453125E+001
 0.0808081    0.7243750000E+001    0.4546875000E+001
 0.0909091    0.7355078125E+001    0.4501171875E+001
 0.1010101    0.7565234375E+001    0.4527343750E+001
 0.1111111    0.7699218750E+001    0.4572265625E+001
 0.1212121    0.7752734375E+001    0.4558203125E+001
 0.1313131    0.7728125000E+001    0.4540625000E+001
 0.1414141    0.7859375000E+001    0.4538671875E+001
 0.1515152    0.7721484375E+001    0.4564062500E+001
 0.1616162    0.7710156250E+001    0.4537109375E+001
 0.1717172    0.7548828125E+001    0.4507421875E+001
 0.1818182    0.7405468750E+001    0.4541406250E+001
 0.1919192    0.7242968750E+001    0.4540234375E+001
 0.2020202    0.7087109375E+001    0.4583593750E+001
 0.2121212    0.6917578125E+001    0.4540625000E+001
 0.2222222    0.6838671875E+001    0.4554687500E+001
 0.2323232    0.6562500000E+001    0.4558593750E+001
 0.2424242    0.6257421875E+001    0.4544531250E+001
 0.2525253    0.6161718750E+001    0.4522656250E+001
 0.2626263    0.6023437500E+001    0.4576171875E+001
 0.2727273    0.5721093750E+001    0.4557421875E+001
 0.2828283    0.5437500000E+001    0.4559765625E+001
 0.2929293    0.5351562500E+001    0.4554296875E+001
 0.3030303    0.5130859375E+001    0.4557421875E+001
 0.3131313    0.4869531250E+001    0.4524218750E+001
 0.3232323    0.4664843750E+001    0.4505859375E+001
 0.3333333    0.4413671875E+001    0.4519140625E+001
 0.3434343    0.4225390625E+001    0.4623437500E+001
 0.3535354    0.3992968750E+001    0.4484375000E+001
 0.3636364    0.3761328125E+001    0.4528125000E+001
 0.3737374    0.3524609375E+001    0.4574218750E+001
 0.3838384    0.3217187500E+001    0.4522656250E+001
 0.3939394    0.3059765625E+001    0.4534375000E+001
 0.4040404    0.2767187500E+001    0.4520312500E+001
 0.4141414    0.2618359375E+001    0.4471875000E+001
 0.4242424    0.2313281250E+001    0.4493750000E+001
 0.4343434    0.2116796875E+001    0.4528125000E+001
 0.4444444    0.1842187500E+001    0.4566406250E+001
 0.4545455    0.1542578125E+001    0.4527343750E+001
 0.4646465    0.1246484375E+001    0.4468359375E+001
 0.4747475    0.1007812500E+001    0.4558593750E+001
 0.4848485    0.7679687500E+000    0.4506640625E+001
 0.4949495    0.4531250000E+000    0.4479687500E+001
 0.5050505    0.2886718750E+000    0.4521875000E+001
 0.5151515    0.3070312500E+000    0.4493359375E+001
 0.5252525    0.3625000000E+000    0.4520312500E+001
 0.5353535    0.3570312500E+000    0.4519140625E+001
 0.5454545    0.3304687500E+000    0.4525390625E+001
 0.5555556    0.3332031250E+000    0.4539062500E+001
 0.5656566    0.3070312500E+000    0.4485156250E+001
 0.5757576    0.3363281250E+000    0.4538671875E+001
 0.5858586    0.3414062500E+000    0.4503906250E+001
 0.5959596    0.3875000000E+000    0.4517968750E+001
 0.6060606    0.2910156250E+000    0.4498437500E+001
 0.6161616    0.2925781250E+000    0.4532031250E+001
 0.6262626    0.3308593750E+000    0.4550000000E+001
 0.6363636    0.3250000000E+000    0.4540625000E+001
 0.6464646    0.2507812500E+000    0.4493750000E+001
 0.6565657    0.2957031250E+000    0.4470703125E+001
 0.6666667    0.3097656250E+000    0.4502734375E+001
 0.6767677    0.2664062500E+000    0.4512109375E+001
 0.6868687    0.2285156250E+000    0.4511718750E+001
 0.6969697    0.2566406250E+000    0.4523828125E+001
 0.7070707    0.2394531250E+000    0.4494921875E+001
 0.7171717    0.2738281250E+000    0.4540234375E+001
 0.7272727    0.2371093750E+000    0.4505078125E+001
 0.7373737    0.2511718750E+000    0.4515625000E+001
 0.7474747    0.2320312500E+000    0.4562500000E+001
 0.7575758    0.2156250000E+000    0.4507421875E+001
 0.7676768    0.2312500000E+000    0.4501562500E+001
 0.7777778    0.2167968750E+000    0.4541796875E+001
 0.7878788    0.2089843750E+000    0.4520703125E+001
 0.7979798    0.1820312500E+000    0.4530078125E+001
 0.8080808    0.1726562500E+000    0.4514062500E+001
 0.8181818    0.1664062500E+000    0.4528906250E+001
 0.8282828    0.1398437500E+000    0.4509765625E+001
 0.8383838    0.1355468750E+000    0.4515625000E+001
 0.8484848    0.1328125000E+000    0.4504296875E+001
 0.8585859    0.1589843750E+000    0.4505468750E+001
 0.8686869    0.1246093750E+000    0.4526953125E+001
 0.8787879    0.8242187500E-001    0.4548828125E+001
 0.8888889    0.1480468750E+000    0.4608203125E+001
 0.8989899    0.7851562500E-001    0.4528515625E+001
 0.9090909    0.3906250000E-002    0.4467968750E+001
 0.9191919    0.7812500000E-001    0.4562500000E+001
 0.9292929    0.5000000000E-001    0.4489843750E+001
 0.9393939    0.2695312500E-001    0.4558203125E+001
 0.9494949    0.6210937500E-001    0.4600000000E+001
 0.9595960    0.3789062500E-001    0.4575000000E+001
 0.9696970    0.2812500000E-001    0.4554296875E+001
 0.9797980    0.2031250000E-001    0.4577343750E+001
 0.9898990    0.3359375000E-001    0.4585156250E+001
 1.0000000    0.0000000000E+000    0.4521875000E+001


