Simulation state at cycle:     670000
##############################################################################                                           

Number-of-molecules: 401   

Box-size(s):    28.496769   50.509294

------------------------------------------------------------------------------                                           

Deltas
Translation per molecule type
Box 1    0.6439392711E+000
Box 2    0.2530295568E+002

Rotation per molecule type
Box 1    0.1081182555E+003
Box 2    0.1800000000E+003

Volume    Delta_Volume
Box 1   0.4188682636E+003
Box 2   0.1939204924E+004

------------------------------------------------------------------------------                                           

Molecules in box 1
##############################################################################                                           
Moleculetype  1
Number-of-molecules: 376   
Atomtype         X                  Y                   Z
  1        8.3686349638        7.0318799274        8.0212195243
  2        8.4319132137        7.2542735658        7.5221835209
  1        8.5188955053        7.4636739808        7.0210991507
  1       22.7573859095       26.6439840393       27.8584173204
  2       23.2154334195       26.8171990507       28.1087951118
  1       23.6748956153       27.0170244572       28.3356525484
  1        5.0274778235        1.4694865553       23.3801366740
  2        5.1601254523        1.3659090140       23.9037551415
  1        5.2999835645        1.2801476058       24.4287167480
  1        9.3565817664       15.4191564150        2.8909395526
  2        9.6373388327       15.7907058668        2.5983195352
  1        9.9240465738       16.1568773263        2.3046919949
  1       11.2376149500        1.1641972261       22.5544281825
  2       10.8344709385        1.3401153749       22.2242347378
  1       10.4320160648        1.5059454108       21.8880346890
  1       10.4969452486       14.5516413267       10.7173237910
  2       10.0906866032       14.6544467243       11.0735329477
  1        9.6798377074       14.7415915263       11.4286511917
  1       23.3412925159       14.6774110771        1.9280840785
  2       23.7792592789       14.3802613387        2.0777074306
  1       24.2103526255       14.0649277196        2.2089447506
  1       13.6290140565       23.9749730921       11.7557754984
  2       13.9014746943       24.0984482152       12.2173154152
  1       14.1702719421       24.2177983473       12.6820772731
  1        5.9731361552        1.2781972673       19.7327466203
  2        6.1409468111        1.7923048424       19.8329114093
  1        6.3128053953        2.3038897082       19.9389564522
  1       25.0873484298       18.8834305714       19.5969054902
  2       25.0190241455       19.4031852340       19.4305117316
  1       24.9237645689       19.9147156055       19.2522919486
  1        8.0501967796       25.9880586412        2.0516313194
  2        7.9931887850       26.4852854082        1.8235619643
  1        7.9261106063       26.9807505312        1.5944008227
  1       16.2790075931       16.2429461512        4.4920537300
  2       16.0855573605       15.7420397423        4.3730168579
  1       15.8798847538       15.2460876686        4.2537259591
  1       26.8446836611        7.2206010342        8.6002663861
  2       27.1596606847        7.1909309073        9.0501654394
  1       27.4669856266        7.1322136003        9.5024967968
  1       12.7984074773        7.6230802871        9.5352501007
  2       12.7549993728        7.9908944292        9.9418561672
  1       12.7162965092        8.3615824570       10.3463218312
  1       22.2658915366       19.7043987271       16.1555411179
  2       22.6543195677       19.3150927209       16.1475100357
  1       23.0531272734       18.9367176816       16.1643843478
  1       20.5257801891       26.3332146819       24.1147252752
  2       21.0096620132       26.5828961744       24.1922980321
  1       21.4947952556       26.8286510284       24.2744581675
  1        5.1011314924       15.8109204731        8.1117278239
  2        5.0815821505       15.3227881248        8.3644027807
  1        5.0723794401       14.8446908821        8.6361348834
  1       21.5141875897        4.2954225393        2.5757107316
  2       21.9575509400        4.0878394051        2.8263861830
  1       22.3930991505        3.8807625176        3.0908042573
  1       17.5899287107       22.6388378721        8.2953092888
  2       17.9119307554       22.3845939647        7.9290106145
  1       18.2626555137       22.1487216943        7.5770782133
  1        4.8927456371        8.2597410853       22.5456784226
  2        4.7819411784        8.6631387480       22.9027396186
  1        4.6437495478        9.0625672112       23.2546770775
  1       11.0223711354       10.5520648612       23.7937798761
  2       10.8816712303       10.7717397744       23.3095831504
  1       10.7890916882       10.9760584392       22.8074049842
  1       17.8097151921       24.3010326260       23.6065566980
  2       17.6715206030       24.4912550650       24.1037665925
  1       17.5250888199       24.6856092423       24.5970050598
  1        9.9563050165        5.4375059983       10.5023806845
  2        9.4742395691        5.6521090151       10.6574885489
  1        9.0028706442        5.8751908907       10.8322621521
  1       12.7706784762        3.8175978571       17.5767795050
  2       12.6944912343        3.5367720326       17.1100543606
  1       12.6387453105        3.2880489660       16.6226846579
  1        9.5081245386       20.3369898095        5.0535306406
  2        9.1915439758       20.4559338982        5.4872690998
  1        8.8755000827       20.5840723917        5.9187743525
  1       22.0586731937       22.1482195332       18.3904993035
  2       22.2656284012       22.3342963427       18.8648883454
  1       22.4783357248       22.5048719502       19.3425488478
  1        6.6473428363       16.5736723812        0.1914069429
  2        6.1001532291       16.5209821561        0.2089361731
  1        5.5520144683       16.4772649860        0.2204560247
  1        0.8242904174        8.2625542329       19.6220855317
  2        0.2991405096        8.3002846233       19.7811263818
  1       -0.2260300930        8.3524605408       19.9359601984
  1        0.0128540380        1.8088736849        3.1055556493
  2        0.2486424847        2.0843255365        2.6919978107
  1        0.4616565082        2.3659569250        2.2703240200
  1        3.8709527036       20.7337461729        0.4550368565
  2        3.9737711810       20.3345422668        0.0909426352
  1        4.0688167226       19.9247784419       -0.2634017620
  1       21.7991931098       19.2962562609        1.1806642383
  2       22.0428291842       19.0124312461        1.5838823236
  1       22.2765685548       18.7216693242        1.9880152353
  1       21.7108939012        2.2697138239       25.7786679771
  2       21.5765072923        1.7366022530       25.7634268383
  1       21.4580209632        1.1995385457       25.7585726454
  1       18.2350493190        9.9293091816        3.3700660879
  2       18.5033617333       10.3903734197        3.5039623786
  1       18.7625837494       10.8580378965        3.6327796231
  1        9.6769339394        7.1861817058        3.4937342623
  2       10.1216055648        7.1347771912        3.8133038502
  1       10.5809809099        7.0851530993        4.1116522049
  1        1.5564279753       16.6272667112       21.5825331071
  2        1.6906015008       16.1303736476       21.3886394547
  1        1.8290740639       15.6301945984       21.2065782919
  1        7.8487549074        1.0438828934       26.8079878925
  2        7.4120651239        1.2042930219       27.1013658461
  1        6.9910252954        1.3784797755       27.4093990208
  1       21.6233984183       26.7465430673        7.4607332983
  2       21.2753441590       26.9998099278        7.8030987900
  1       20.9586413541       27.2797904669        8.1549655689
  1       26.9256589881       11.4218059176       19.4175503447
  2       26.5412425502       11.5680573300       19.7827003503
  1       26.1630219489       11.7354769141       20.1452191202
  1        8.7980097926        1.3585322031       17.3440891494
  2        8.9179027374        1.8342998215       17.5926265814
  1        9.0303898669        2.3077018850       17.8490191145
  1        4.7053445820        0.4630672672        1.7209454744
  2        4.3451961243        0.2844451596        1.3455959958
  1        3.9786130099        0.0865950469        0.9864690653
  1       25.9473310705       14.4957369449       17.3386524422
  2       26.4345234617       14.2616835640       17.4404492441
  1       26.9239650373       14.0430269672       17.5634786543
  1       26.1778274318       25.6928694989       10.7667643655
  2       26.1654060233       25.5818515770       10.2282286381
  1       26.1682438995       25.4537453321        9.6933634818
  1       15.0181808779       17.8047552650       17.2932482666
  2       14.6305325079       17.4384773660       17.4276701472
  1       14.2359844764       17.0801015381       17.5633116444
  1       22.9915565163       14.3192867885       12.8122188274
  2       23.2252048944       14.0446061976       12.3969369854
  1       23.4543227010       13.7694273885       11.9794664442
  1       21.9062918802       23.5476795558       15.0545189755
  2       22.2952580996       23.6642100573       14.6835392963
  1       22.6678936741       23.7844076239       14.2972812575
  1        5.6341775856       26.6170197027       13.4195203377
  2        5.5985704147       27.1270342037       13.6222944440
  1        5.5538431746       27.6328236172       13.8336627059
  1       25.9802668752       11.0343918581        8.7898652976
  2       25.5591527209       10.7175729466        8.6324211920
  1       25.1399620556       10.3915111754        8.4893725762
  1        1.5734010504       13.4221849809       19.0807551605
  2        1.6948434847       13.7368825745       18.6463392772
  1        1.8176605566       14.0238742007       18.1935128509
  1       16.1678368249       26.5375076913       19.6586224393
  2       16.2315185358       27.0481950774       19.8526405659
  1       16.3059984458       27.5616793517       20.0350868376
  1       11.9581974158       13.8817248734        3.4154372483
  2       12.3989638974       13.6931717591        3.6850158672
  1       12.8300645057       13.4991134770        3.9660739531
  1        2.0719477402        2.5783040394       27.9491041578
  2        2.5372048973        2.6170260484       28.2398555702
  1        3.0128615999        2.6664880379       28.5115248763
  1        7.8910597179        8.7119517131       20.1274793968
  2        7.7512980076        8.9358651208       20.6100034378
  1        7.6043433113        9.1523837050       21.0937637286
  1       19.5527641102       20.5952384346       27.3545574818
  2       19.0354138617       20.4228101252       27.2830228848
  1       18.5218709294       20.2338621051       27.2275945411
  1       25.2062169064       13.6318670056        5.2430034494
  2       25.0347698853       13.2614670182        5.6116628697
  1       24.8516668147       12.9127042898        5.9955089637
  1       12.0494702607        2.1479772706       13.7082607662
  2       11.8497417989        1.6500355950       13.5871714219
  1       11.6552977400        1.1475191191       13.4768595986
  1       11.6374929992       27.9740552687       25.5071278453
  2       11.6765368775       27.4267763859       25.4688995842
  1       11.6937504553       26.8785447690       25.4283312954
  1       16.0119274115        5.4310127384       18.0353209849
  2       15.8998560310        5.7748103514       18.4497401049
  1       15.7840250204        6.1204875567       18.8615537104
  1       18.0621900151       28.2960434526       24.0911635369
  2       17.5754946211       28.0405734354       24.0721198031
  1       17.0893947512       27.7832753273       24.0699752787
  1       18.1858449401       28.1577559212        7.4247504331
  2       17.6947929414       28.3549762224        7.2748435042
  1       17.1960395492       28.5445645791        7.1414219625
  1        9.9149568055        2.0114501779        8.7089590620
  2       10.3474831607        1.9935004061        9.0482211403
  1       10.7704074384        1.9783699658        9.3995132183
  1       19.6283875811        9.6013022332        7.3440018220
  2       19.7571266018        9.2758916655        7.7683062256
  1       19.8719614384        8.9487092122        8.1952308110
  1       23.4691479115       25.8094693371       21.5250669894
  2       23.5098938868       26.3572447489       21.4971051632
  1       23.5455557753       26.9044274996       21.4544523075
  1       19.7102361809       18.4737501435       12.6082064841
  2       19.2793723293       18.6535969005       12.8989150760
  1       18.8411154922       18.8133014161       13.1903347242
  1       16.0969340001       16.5936294183       10.2453438445
  2       15.7660622144       16.1806600630       10.3952777398
  1       15.4417907430       15.7611563345       10.5414441984
  1       20.6659907956        1.8054479533        5.1901648449
  2       20.8488444965        1.4975904484        5.6076433243
  1       21.0305957092        1.2177126446        6.0448331121
  1        5.5625900853        8.5657876641        4.4803759270
  2        5.5761179149        9.0119766342        4.1590779332
  1        5.5757469858        9.4580269077        3.8373031442
  1       22.6612911286        2.2562065638       18.9604386276
  2       22.9484627840        1.8346395586       18.7547356854
  1       23.2319165367        1.4009439402       18.5701765359
  1        3.7423487643       24.5451232404       10.3823153548
  2        4.0396708855       24.7521620904        9.9685104843
  1        4.3182474855       24.9615286256        9.5429981685
  1        5.2595494480       22.2867811388       23.7017076932
  2        5.0965282735       22.7519799921       23.9456628603
  1        4.9372274750       23.2087595501       24.2073414609
  1       14.3636907216       24.1696176372       25.6471235551
  2       14.4752101668       23.6851718909       25.8824440434
  1       14.5882672790       23.2091803434       26.1337409496
  1       21.9694884445       14.9310644111       16.1333498399
  2       21.7257201784       15.2630640379       15.7688594007
  1       21.4762266481       15.6046273090       15.4173092490
  1       12.6901710739        7.9835397887       20.3577481345
  2       13.0449989786        8.4008462079       20.4072709631
  1       13.3868468559        8.8271311076       20.4698905452
  1       28.5727501617       20.5488635948       19.7037088937
  2       28.2125289655       20.4769685672       20.1130642342
  1       27.8571450552       20.3925701938       20.5242566342
  1       11.0231058271        5.2956424180       21.2630192307
  2       10.5074249657        5.4788859696       21.2082921804
  1        9.9908395100        5.6582546455       21.1494165141
  1        7.7946616436       24.6864685021       12.0798808251
  2        7.8798132364       24.5301490971       12.6002782212
  1        7.9617284592       24.3568634010       13.1157992806
  1       23.8494062857        2.4430929908       28.6041232731
  2       24.0638886288        2.0459339518       28.2898590177
  1       24.2784739620        1.6471976375       27.9776691950
  1        1.8627803641       10.6493444579       21.5786800422
  2        2.1624871135       11.1104963413       21.5748323428
  1        2.4852453771       11.5555994641       21.5603301946
  1        9.6604281413       27.1430975916        4.8454691557
  2        9.8431377596       27.6598701704        4.8908926872
  1       10.0448705188       28.1697951102        4.9330880492
  1        1.0132696967       24.2415866016        8.1886505001
  2        0.6188527038       23.9136377611        7.9901944754
  1        0.2079332358       23.6020503198        7.7989918180
  1       23.0423269560       15.8648410415       25.8631567519
  2       23.0237144885       15.6302348924       26.3602619026
  1       23.0197455597       15.4029828330       26.8611019450
  1       13.0697440331       17.2730552877        5.2727659475
  2       12.6734543211       17.1789095596        4.9031836887
  1       12.2765618695       17.0893437805        4.5331102473
  1        4.9924161648        7.1254022335       10.6281711263
  2        5.4445823810        7.4151109074       10.5093662563
  1        5.8971043178        7.6987415836       10.3779222178
  1       14.0248359965       11.9946939430        0.3444029922
  2       14.0459089321       11.9120194660        0.8877452989
  1       14.0660813649       11.8354936735        1.4320217682
  1        4.7508882023       13.5429412859        5.3859239945
  2        4.3817621709       13.5629179661        4.9786809403
  1        4.0144145974       13.5825064043        4.5698141500
  1       23.8052497907       25.2300061995       18.0399311684
  2       23.5600542959       25.4489882395       17.5989934908
  1       23.3088819619       25.6538956541       17.1546676992
  1        5.4418334875       25.1692022450       19.9206342111
  2        5.0825162530       24.7882215896       19.7525721237
  1        4.7173807157       24.4159643358       19.5776419223
  1       20.8075039767       23.2721811445        5.0891920428
  2       20.4167795419       23.5891109023        4.8669535567
  1       20.0181710333       23.8880321796        4.6340215369
  1       25.0008093461        1.3184553402        2.8428057576
  2       24.6255759476        1.3532913682        3.2434132311
  1       24.2348285575        1.3797325058        3.6295703783
  1        5.4395494961       14.0546061024       20.5184165098
  2        5.4472268055       13.9042269349       21.0474034330
  1        5.4563785186       13.7565827001       21.5771367858
  1       15.1902584759       11.5828828399       22.9745952648
  2       14.6861417667       11.6365325747       23.1878745406
  1       14.1774241590       11.6961444992       23.3882562090
  1        1.4818219409        9.8181062190        4.9206349893
  2        2.0266116064        9.7988469872        4.9936644516
  1        2.5729006088        9.7669640693        5.0489075903
  1       25.5337358141        3.5340692291       25.1479771095
  2       25.0663000942        3.8239028392       25.1474059805
  1       24.6022941238        4.1191938931       25.1486912495
  1        0.2656367118       23.1565771798       23.3335348838
  2        0.5764617776       23.4183185738       23.7041819141
  1        0.8708657067       23.6748412737       24.0915092046
  1        7.3568435274       22.6491211798       21.1437011260
  2        7.3255090981       22.1000673388       21.1513190796
  1        7.2763988401       21.5522867108       21.1463627632
  1       13.6987938375       22.0328837413       16.5766024603
  2       14.0191396529       22.4776559803       16.6219479560
  1       14.3425442750       22.9218732270       16.6460412563
  1       13.5362131798       13.5044578060        7.3072833059
  2       13.8990626660       13.9151690356        7.2608447852
  1       14.2757623346       14.3119610645        7.2046892474
  1       17.6211075540       15.9587452468        0.9123432090
  2       17.7455954845       16.4780273875        0.7806283144
  1       17.8558755474       17.0016814119        0.6536449712
  1       12.6140364440        2.7504653421        4.1421721697
  2       12.3086022493        2.6396308280        4.5859352407
  1       11.9995670829        2.5116286334        5.0225273880
  1       18.6009989830       14.0229845750       12.5508097354
  2       19.0937083470       13.8417095591       12.3868681260
  1       19.5876931561       13.6715481856       12.2150423003
  1       21.1468399728       18.9585760224       24.7154047044
  2       21.1618767154       19.1914342849       24.2173575922
  1       21.1911961138       19.4115011892       23.7141569071
  1       16.8496842571        3.7374825951       12.9692045922
  2       17.2111652091        3.4891137235       13.3010847287
  1       17.5649772260        3.2436438870       13.6432274111
  1        2.4097038252        9.8087484743       26.1548411147
  2        2.1785896571        9.9537664013       25.6772889792
  1        1.9698279207       10.1007168897       25.1901297749
  1       -0.0060589127        7.6147535551       22.8889500780
  2        0.2170866574        7.3908591615       23.3390360200
  1        0.4259360325        7.2036944981       23.8121653112
  1       13.3227974423        4.3327262364       10.9182680344
  2       13.6256570031        4.0318883081       11.2650714764
  1       13.9263020463        3.7453510031       11.6256389872
  1        5.4050914635        0.6570295973        8.8335725487
  2        5.7234580496        0.7186437901        9.2778094316
  1        6.0579641207        0.7785299431        9.7102667544
  1       27.0433684781        8.8100696800        1.8235906048
  2       27.3811640336        8.5729465218        2.1871380853
  1       27.7194213039        8.3503194281        2.5593197549
  1        1.6052232246       12.5665950675        7.4296471755
  2        1.0665699148       12.6643185629        7.3767063560
  1        0.5248618217       12.7516311391        7.3389061589
  1        5.4456724182       17.8183281764       21.7464360388
  2        5.7241511130       18.1039810647       22.1250546384
  1        6.0254017765       18.3569768089       22.5094258003
  1       14.4720496134        2.3778656714       21.4364114496
  2       14.3160550173        2.0718512812       21.0068525142
  1       14.1510274404        1.7682981901       20.5789256294
  1        6.6933204901       10.8766641408       26.2931065073
  2        6.1884312083       10.6587698364       26.3035413111
  1        5.6897286629       10.4276466960       26.3229800399
  1       20.6865679534        9.5134285834       28.3382948471
  2       20.1429813477        9.5630262142       28.2708139081
  1       19.5984213827        9.6025395431       28.2045331391
  1       26.2251246086       14.8234034864       21.7152849343
  2       26.6815059051       15.0187303527       21.4785075548
  1       27.1392613225       15.2194543410       21.2490084101
  1       19.3477866393       12.8117006575       17.3002893770
  2       19.6964208762       12.4257827137       17.4792349260
  1       20.0683357636       12.0502921252       17.6315048622
  1        4.2584910556       15.7893597287       15.8261166399
  2        3.7812097004       16.0323788204       15.7010397472
  1        3.2916697347       16.2526065526       15.5812467303
  1       11.4772670521       21.6958194145       27.9444320210
  2       11.1129709467       21.7117229933       27.5326852253
  1       10.7458317180       21.7262242687       27.1234194208
  1        2.5972709025       11.5782545557        0.5709916718
  2        3.0493382269       11.4686632586        0.8644620823
  1        3.4868916212       11.3766046468        1.1847310912
  1       16.8246736537        2.2150476431        4.5774480483
  2       17.1043198306        2.4172857776        4.1491984101
  1       17.3880365204        2.5932376790        3.7121105844
  1       28.0685624945       11.4015337827       27.9730640294
  2       27.8714656648       11.9031307560       27.8632764340
  1       27.6829200978       12.4074804521       27.7511071326
  1        4.5975378506       19.4731536023       14.9947421489
  2        4.2323143577       19.8280883252       15.2024273497
  1        3.8822029132       20.1890883362       15.4251400964
  1       18.3803504301        4.9516526731        1.2789905527
  2       18.2692680097        5.4694304705        1.1304414081
  1       18.1879652731        5.9948079335        0.9894861478
  1        7.4767068524       16.3276980754       14.3007799908
  2        7.4547981783       15.7791306740       14.3338528815
  1        7.4449449231       15.2304991142       14.3713538675
  1        9.8825421134       23.7359550485       16.0406233272
  2       10.1089218982       23.2363656411       16.0813985279
  1       10.3383622345       22.7380429408       16.1205344128
  1        1.5299155568        2.5012027117       17.5236388361
  2        1.4279349154        1.9643580728       17.5860710585
  1        1.3393774334        1.4271681988       17.6640749728
  1       24.0505703827       24.8372948878       24.7240364446
  2       24.3831401507       24.5041142266       25.0084445956
  1       24.7064295631       24.1673891107       25.2993056470
  1       18.6639736024       17.7984880956       21.8842446202
  2       18.2930451964       17.8807664472       22.2819158292
  1       17.9251847290       17.9842644301       22.6774747289
  1        2.3173972982        0.1531572262       13.8408371053
  2        2.4335522978        0.5444837852       14.2094446748
  1        2.5265885190        0.9388799787       14.5813262461
  1        0.6386112026       13.8055051154       24.6860677742
  2        0.8988832350       13.7168530277       24.2097283191
  1        1.1643787850       13.6110946949       23.7398056798
  1       20.5527796243        1.6810478979        0.8972844051
  2       20.2851194941        1.4809956441        1.3341335214
  1       20.0224796745        1.2813160390        1.7741884946
  1       18.7850495513       20.3746155871       17.1514568514
  2       19.1663857012       20.2067458936       17.5104868038
  1       19.5357996195       20.0440947977       17.8840881649
  1        4.4463635698       21.9434412703        7.9250735127
  2        4.8224316134       22.1026090366        7.5566465203
  1        5.1909206105       22.2703213574        7.1843718428
  1       19.3084786885        0.1725416674       16.0022914297
  2       19.4024327169        0.0932969755       16.5383818319
  1       19.5092734254        0.0109315431       17.0715806668
  1        2.1216833060        7.9136800287       15.9946102267
  2        2.5701929197        7.7250725956       16.2510597590
  1        3.0185224137        7.5363613550       16.5077477631
  1       23.9216596337        5.3717124077       11.2383834604
  2       23.6504799733        4.9285614788       11.4188795714
  1       23.3464095843        4.5097647168       11.6050259374
  1       14.7735605496        0.8119293244       10.8017412088
  2       14.3227840359        0.7297086898       10.4975368336
  1       13.8678902356        0.6188484691       10.2089512468
  1        0.0820365581        9.9460043259       11.0419836272
  2        0.2754468721       10.2919028877       10.6606089618
  1        0.4661385706       10.6397423508       10.2796307695
  1       23.4994979890       10.0621031205       11.5509746718
  2       23.8351164251        9.6970885186       11.7889339241
  1       24.1882621459        9.3487958900       12.0265898597
  1        4.6643248415       16.8296464073       11.6559936421
  2        4.1310497713       16.8630877022       11.7863753101
  1        3.5989163228       16.8835397345       11.9239096924
  1       27.5729972712       15.8586836775        8.1521127732
  2       27.5936402277       16.2860992765        8.4976410268
  1       27.6205736663       16.7107529975        8.8461289120
  1       17.2028811429       26.9143870342       11.0303575389
  2       17.6301009385       27.2597890842       11.0042678840
  1       18.0591941736       27.6022336341       10.9709403451
  1       10.9768177992       27.5051432237       10.3399309175
  2       11.2496045811       27.3481873792       10.7909877149
  1       11.5490939534       27.1986012033       11.2273706784
  1       13.8795036595       19.9720724005        0.5017789806
  2       14.4201346704       20.0726112924        0.4912889270
  1       14.9620400933       20.1612613414        0.4599890788
  1        2.8190469856        1.7363428703        6.6001465404
  2        2.5296512397        1.3646871266        6.3162062115
  1        2.2418446102        0.9923197383        6.0315838808
  1       16.7328629882       11.7481109944       15.1133905504
  2       16.7195425985       11.5144688919       14.6156617737
  1       16.6870386910       11.2850713654       14.1168428989
  1       11.3812033765       24.3721199893        7.2935272265
  2       11.2157862391       24.1478438729        6.8193570099
  1       11.0627903757       23.9403200768        6.3335317957
  1       23.2645273909       17.0995219654       22.5797795166
  2       23.6560506699       17.3462105678       22.2825350794
  1       24.0478471834       17.5969064014       21.9890268342
  1       26.6443407654       21.1261441596       10.4073735722
  2       26.4415814578       21.6180762469       10.5466268835
  1       26.2498494793       22.1121239323       10.6937857496
  1       22.5854734991       13.7751950715       19.3744887246
  2       23.1043544337       13.8405685219       19.5447499581
  1       23.6228182176       13.9159232744       19.7121326487
  1       25.7423532024       20.1580225300       23.7096511462
  2       25.9086367922       20.6384131020       23.9195908189
  1       26.0760822712       21.1150381562       24.1370547657
  1        8.1544524263       23.0638487174        9.0248792876
  2        8.6591753681       22.8455572992        9.0350581261
  1        9.1653344850       22.6314995563        9.0570178629
  1       15.3607052322       25.0535890185        5.2580185977
  2       15.7152697136       25.3588557924        5.5471487159
  1       16.0781260348       25.6623618130        5.8277184660
  1        4.6687748627        4.6577729622       13.2946015608
  2        4.4370245509        4.8083412928       13.7701233488
  1        4.1910701145        4.9760572411       14.2325925638
  1       25.0211470043        2.9965222391       16.5968908006
  2       25.2841539633        3.3780299424       16.8931663680
  1       25.5378665313        3.7690659511       17.1850923375
  1       16.4366312343       21.0049259404       22.8270446374
  2       15.9510794022       21.0324136526       23.0839178435
  1       15.4595041293       21.0710621084       23.3275570170
  1        9.6638196244       22.9835827309        2.4554964542
  2        9.3913799717       22.8166071831        2.0078405572
  1        9.1245498005       22.6442260284        1.5588568201
  1       25.5782213517       16.5988951580        0.2744962428
  2       25.8042003100       17.0985151762        0.2319128215
  1       26.0377331169       17.5960689953        0.2118473236
  1       13.5430596665        8.3057074396       16.2730727382
  2       13.9721307922        8.5981654001       16.0917820588
  1       14.3906001912        8.9128068627       15.9233062117
  1        0.2765572829       19.2795989424       26.4909363320
  2        0.6900160829       19.3171449231       26.8516884908
  1        1.1142679398       19.3454009216       27.2005609022
  1       17.0436805762       10.8360086549       25.6228247065
  2       16.9732594642       10.9889681108       26.1464125901
  1       16.8931290355       11.1703934737       26.6594076691
  1        7.5631510324       16.1556064562       17.9506625558
  2        7.0890812692       16.2045809825       18.2251791407
  1        6.6082873393       16.2224916352       18.4916681732
  1       11.2456194508        5.5771333519        7.2034436539
  2       11.5405994083        5.1477807902        7.3799180217
  1       11.8372479339        4.7151841810        7.5453260774
  1       19.8934333424        6.5824323992        5.4060546169
  2       19.6427838029        6.1058180927        5.5179188706
  1       19.3877075517        5.6317074613        5.6304142673
  1       26.6006307914       13.5409672673       10.7007151671
  2       26.4766478789       13.1469381476       11.0638532817
  1       26.3815058488       12.7556869771       11.4385138143
  1        2.5266709413       20.4762573193       23.1974026937
  2        2.0707955643       20.1776907376       23.2718045544
  1        1.6002221048       19.9012027494       23.3397384235
  1       13.8079144851        8.0731872004        2.1520604632
  2       13.6494866334        7.8432075151        1.6782356430
  1       13.5060355104        7.6008748559        1.2057987091
  1       27.7442358924       22.9267368695        2.3464317253
  2       27.6393269166       22.4362258435        2.5720265838
  1       27.5293827368       21.9591423265        2.8226330363
  1        1.6000776268       28.4033087900        9.4318651267
  2        1.9365422674       27.9794429558        9.5299941249
  1        2.2747375513       27.5576711608        9.6311499548
  1       13.6367862814       27.9332488743        3.1525348767
  2       13.1543315854       27.9052738616        2.8899422930
  1       12.6711933932       27.8755150395        2.6288065071
  1       15.2367962977       20.1596324308       20.0006143057
  2       15.2235524473       19.6206247367       20.1092205034
  1       15.2094807854       19.0833409635       20.2259601041
  1       12.4215472796        8.0243401182       25.8340289544
  2       12.8480474531        8.3588846501       25.7408755425
  1       13.2827532080        8.6830263713       25.6488807048
  1        3.3024069177       18.5299533419        7.3263043255
  2        2.9423047043       18.6062425389        7.7349684349
  1        2.5769059836       18.6804199788        8.1392968674
  1        6.9878562946        4.9172038029       23.5958628333
  2        6.6344008440        4.7149633481       23.2261764217
  1        6.2637675164        4.5326922638       22.8629847543
  1        9.6009825721        4.3940352266       26.6703195913
  2        9.7916629745        4.4711627818       26.1602290852
  1        9.9699924562        4.5395451720       25.6444554492
  1       16.6512284298        7.9827904137       22.7331329624
  2       16.2476240318        8.1417241444       23.0712802072
  1       15.8449181882        8.3031699095       23.4093087082
  1        7.6648004480       19.7280984340       25.7908060362
  2        7.6859247184       19.8550150984       25.2560669171
  1        7.7079409238       19.9800654067       24.7209242202
  1        5.2191949768       17.7388252212        4.0716549514
  2        5.1264984786       17.3212889025        3.7258648679
  1        5.0378480703       16.8919823304        3.3936947741
  1       14.3329711022        5.5882754060       26.7452227163
  2       14.7603577327        5.3172783317       26.9606322189
  1       15.1922833462        5.0379395755       27.1553374387
  1       14.4733645075        1.0804947434       24.5018411827
  2       14.4637976502        1.3543463385       24.9787203908
  1       14.4451712680        1.6439437847       25.4459316663
  1       25.1075574350       18.0661735735       11.2076849818
  2       25.4371172462       17.6855549496       11.4290891236
  1       25.7622553022       17.3166740667       11.6754874550
  1       17.6913805391       22.9889805132       19.9364291130
  2       18.1674314902       22.7198153321       19.9949577149
  1       18.6417185157       22.4471189326       20.0514244322
  1        0.6606210685       19.4025168692       15.5203277373
  2        0.1388928408       19.5052369857       15.3797993271
  1       -0.3835388005       19.5941106664       15.2326033761
  1        2.7882282343       23.2079689557       27.1571453653
  2        2.3805593836       23.5614844496       27.2636014775
  1        1.9645335284       23.9016193919       27.3807795801
  1       17.0632971487       27.2397138681        2.8838099907
  2       17.4320826992       27.3718137591        3.2698758354
  1       17.7996587898       27.4800948250        3.6644173762
  1       12.5053723975       14.6905177937       25.1923481043
  2       12.5532475355       14.6680221995       24.6448977235
  1       12.5989716470       14.6259798013       24.0984164875
  1        6.6176816089       28.5414910515        5.4967132887
  2        6.2778470796       28.2379551685        5.1886898148
  1        5.9132487799       27.9505504629        4.8937887907
  1        6.0342817103        4.1804273817        7.5452237637
  2        6.5406534458        3.9701625790        7.5019065816
  1        7.0509605088        3.7702868724        7.4556853488
  1       25.9782128210        5.1075746572        2.9628804253
  2       26.1403988766        5.4344185708        3.3744247601
  1       26.3242213163        5.7498741516        3.7857604942
  1       14.9156003641       19.3536083000       13.6238684722
  2       15.1251205259       19.7597854745       13.9298446229
  1       15.3421048840       20.1819408993       14.2076981537
  1       21.8807818957       10.9289367042        5.2930723398
  2       21.7077841221       11.4475531069        5.2329990743
  1       21.5508673412       11.9724889013        5.1848375274
  1       17.3427367711       23.9861414619       -0.1634818474
  2       17.7520097525       24.2838729417        0.0518123526
  1       18.1428052693       24.6215656766        0.2408691692
  1        7.0316861934       19.1329647917        9.2870959371
  2        7.1851404386       18.7084497505        9.6013232026
  1        7.3460400290       18.2864860985        9.9152626827
  1       10.3876491658        1.0251005555        0.8384903637
  2       10.8289753104        1.2474414446        0.5970452082
  1       11.2633174357        1.4933541493        0.3660173769
  1       20.9761179545       23.7578466967       26.4962311332
  2       21.1819598915       23.8138497357       27.0031756633
  1       21.3841483714       23.8730572306       27.5112251591
  1       20.3638235730       18.6279782904        5.8557445420
  2       20.2245612262       19.0396425406        5.5186413771
  1       20.0592373862       19.4364029404        5.1754953264
  1       13.1034123792        4.4636303389       23.6412447717
  2       13.4012252229        4.8786351674       23.4373366983
  1       13.7055731773        5.2783556464       23.2135156529
  1       11.2311122250       26.6746229237       14.9715189026
  2       10.7137522479       26.6896404439       14.7854728650
  1       10.1913411154       26.7086444605       14.6145183243
  1       17.2444022911       10.3770728892       18.6945131877
  2       17.0436855478        9.8898030728       18.5370936370
  1       16.8216630847        9.4103943175       18.3842104456
  1       21.4998632155       21.1935786437       11.7845899955
  2       21.3216225911       21.2717829666       11.2701831879
  1       21.1232478122       21.3349765952       10.7611114725
  1        8.4554192927        0.5416337759       12.4971907377
  2        8.0740915824        0.9374309673       12.5180176581
  1        7.7032412433        1.3428481594       12.5426535131
  1       24.5289122075        6.6444229380       14.6912941108
  2       24.2389439290        7.0878847397       14.8388069168
  1       23.9589179288        7.5367670031       14.9891071223
  1       17.9076584504       15.2452377240       25.5836338102
  2       17.5974153429       14.7998025128       25.6721588742
  1       17.2822436250       14.3564861432       25.7536290139
  1        5.5608885629        7.1677031774       27.4255466224
  2        5.6947129668        7.0163303470       26.9140025919
  1        5.8396190556        6.8337275454       26.4158475545
  1       10.5591566115       25.4893418272       28.2506105343
  2       10.8059712383       25.9554024847       28.4067194820
  1       11.0395655453       26.4272761953       28.5656814271
  1       14.0307345943       16.2793497566       27.8083746111
  2       13.7719223929       15.9396364696       28.1549451336
  1       13.5020585631       15.6001867344       28.4932458721
  1       14.2099783480       13.0452116371       11.7880078145
  2       14.1361041980       12.9879868584       11.2460041847
  1       14.0469184691       12.9330253465       10.7060735068
  1        5.8734239867       23.5451275405       15.8246689279
  2        5.7701513060       23.4171195602       15.2998368496
  1        5.6853101797       23.2351446714       14.7877947399
  1       21.8307192746       23.0047537982       23.2202157415
  2       21.5039129199       23.2233116334       22.8355989462
  1       21.1836678147       23.4496300288       22.4499526634
  1       26.2074738759       19.9441319964        7.1698742142
  2       26.6440219252       20.2657556950        7.0777655977
  1       27.0802821192       20.5876003611        6.9850668762
  1       -0.1386478385        3.1237814228       23.3603063112
  2        0.2076401596        2.7204655165       23.5014477370
  1        0.5467684261        2.3145517038       23.6521991699
  1        9.0991814569        7.5442847051       24.1967561048
  2        8.7867708222        7.9031439461       24.4726539854
  1        8.4730207703        8.2502898560       24.7617052286
  1       10.6356360413       24.8582064216       21.2797420398
  2       10.3459102387       24.7903606109       20.8171883615
  1       10.0495098220       24.7275088323       20.3581715362
  1        1.4818408264        5.5685298257        3.7856781085
  2        1.2975367493        5.7671925119        4.2642856139
  1        1.1178134010        5.9712088602        4.7423827240
  1       19.8048421896        9.9233157294       12.8906930111
  2       19.8890541993        9.6463357175       12.4230495460
  1       19.9732411262        9.3617363861       11.9599990295
  1       16.0739199285       13.9377208817       18.3241014666
  2       16.1534385548       14.1005765670       17.8048184861
  1       16.2297221704       14.2496026283       17.2809176920
  1        7.6101221018       19.8888394277       15.8637704877
  2        7.8798979426       19.9237297854       15.3857499247
  1        8.1481018163       19.9515976843       14.9063856985
  1       11.2721933429       10.2484006710        2.4776311440
  2       10.8187509544       10.5525270937        2.5439419226
  1       10.3655738251       10.8583148793        2.6041442366
  1       27.0635623894       16.2954694676       25.3846639883
  2       27.2978635860       16.4543266906       24.9131055805
  1       27.5110635988       16.6089888725       24.4302750067
  1        8.7999272892       15.9750505546        7.3190548709
  2        9.2643199407       15.6872874850        7.2555577769
  1        9.7181971601       15.3822295199        7.1969479935
  1       11.7571349959       20.7437792595       20.2640256739
  2       11.2970343262       21.0245367273       20.1545605290
  1       10.8454040950       21.3138433523       20.0327746102
  1        5.6209163030       10.0572173221        7.5629011232
  2        5.1663212162       10.0822718125        7.8714713414
  1        4.7111781567       10.1105595303        8.1789523967
  1       22.0381681801        8.1528660066        2.6233535779
  2       22.5261319429        8.0739596471        2.8645281051
  1       23.0133640951        7.9937846599        3.1067610514
  1       14.3089302506        2.9138675453        1.1645108018
  2       14.5252063800        2.4126184698        1.0976228347
  1       14.7141684952        1.8974524989        1.0602418174
  1       12.8672567056       24.3594045649        3.1171221649
  2       13.1526908664       24.0431996486        2.7692115575
  1       13.4359709964       23.7350740009        2.4124049542
  1       25.8764553385        1.7269502587       21.9728166174
  2       25.9341143233        1.5669065131       21.4497856040
  1       25.9723514508        1.4125767523       20.9232685141
  1        7.9276051521       27.5063117013       21.9204171323
  2        7.7227207089       27.6242980853       22.4170070820
  1        7.5183837867       27.7272938914       22.9171453480
  1       16.5173253398        7.7201155793        8.0338097293
  2       16.2177148916        8.1534874116        7.8759413213
  1       15.9182795038        8.5748503958        7.6880805136
  1       23.9470783934       17.4908355430        6.9359393295
  2       24.1532824385       17.4422739346        7.4435037707
  1       24.3384984311       17.3895284555        7.9586862136
  1       26.2345395972       16.9884235349       15.1614103578
  2       25.8022193213       16.6828080891       15.0124191554
  1       25.3638465513       16.3821689405       14.8711909154
  1       26.8311613292       26.5460447068        2.5080581619
  2       27.3253313379       26.4759612066        2.7391086011
  1       27.8159113157       26.4196473859        2.9813069453
  1       20.0236940600        2.0464431264        9.9311098334
  2       20.3962972999        1.9568143572       10.3256139643
  1       20.7655682469        1.8792576311       10.7257688355
  1       21.4543117157        2.1115751973       14.4902033512
  2       21.1983709769        2.5401155820       14.7211740787
  1       20.9478741682        2.9710070274       14.9537335551
  1       12.1833208156       21.8245649601       23.8580557275
  2       12.3044112047       21.9735316503       23.3426471101
  1       12.4407226612       22.0939344526       22.8235880085
  1       12.4390286077       16.9770520504       14.1373922192
  2       12.3973578619       16.4636325809       14.3301718791
  1       12.3652994925       15.9598229312       14.5484563192
  1       17.6595579426       23.3596005397       12.4862036189
  2       17.3495892904       22.9583148090       12.6992510243
  1       17.0472398359       22.5468309049       12.9036178587
  1       26.9202256712       22.6885147815       26.9708718303
  2       27.0089032462       22.3055522392       27.3555482903
  1       27.1040807324       21.9106695793       27.7263702558
  1        1.3791217720       28.6643658842       20.6773138955
  2        1.5444559801       28.1405149442       20.7046047784
  1        1.7148707759       27.6175889265       20.7072836480
  1       22.4021151833        6.6880139724       27.2052431901
  2       22.7695688272        6.5903176325       27.6026513491
  1       23.1252946114        6.4972517392       28.0116720147
  1        2.1110428218       15.8156106030        0.4137001786
  2        2.4266145698       15.3653127424        0.4016043719
  1        2.7483573767       14.9203099474        0.3707162246
  1        2.8085048327       25.3572083662        5.5003744840
  2        3.1331210135       25.6241063742        5.8551839942
  1        3.4715308078       25.8883512769        6.1989185452
  1        9.5997944660       11.1106639834       10.7846567704
  2        9.5089140552       10.6402783895       10.5145120980
  1        9.4088379801       10.1705427115       10.2464949884
  1       11.5266396828       18.9896896121       17.6029359054
  2       11.1559086395       18.8412703687       17.2247425399
  1       10.7776560507       18.6840204395       16.8577310444
  1       10.6467759842       11.5057513943       27.1719852480
  2       10.4478847123       11.9488712997       26.9139406562
  1       10.2431093432       12.3809571530       26.6421523883
  1       22.4528995458       26.6184360242        3.4971257473
  2       22.0063550072       26.6885117600        3.1837771136
  1       21.5714764759       26.7720132206        2.8575744647
  1       15.2161668614       17.8150060753       24.2606570885
  2       15.2818830149       17.9881180470       24.7785505451
  1       15.3673978973       18.1668242945       25.2916307347
  1        2.6805547216       16.4718777211       25.3799790732
  2        3.0643147784       16.7389042032       25.0902808222
  1        3.4448313906       17.0174319109       24.8072094126
  1        0.5615697741       26.1444383845       12.8084014238
  2        0.9009454075       25.8349312627       13.1109398860
  1        1.2540649108       25.5290033210       13.4011375941
  1       20.2736143165       26.0026788351       20.4144888336
  2       20.5847560010       25.9473571680       19.9643440066
  1       20.8990458882       25.8805287624       19.5179631938
  1       17.3823231745       11.5296411796        9.6093364981
  2       17.5555695842       11.0713047317        9.8591632021
  1       17.7488851458       10.6156923656       10.0990516439
  1       22.4201973375       11.3019579429       14.7161589909
  2       22.7404256965       11.5252326372       15.1035892543
  1       23.0514583308       11.7608455006       15.4912041121
  1       22.6680197163       27.1162782910       13.4070723748
  2       22.3582154273       27.2093634805       13.8518829525
  1       22.0428011283       27.2857050524       14.2959390113
  1       20.5331203152       15.3192031885       23.5587667501
  2       20.8753458435       14.9009094046       23.4567275512
  1       21.2204860502       14.4820676949       23.3675655697
  1       23.0972211987       21.9968961643        7.4583366526
  2       22.8207266418       21.5293719888        7.5447768361
  1       22.5723184818       21.0452923132        7.6251525331
  1       23.1095776955        7.2636280983        6.9343483652
  2       23.4888264180        7.6618915293        6.9268220136
  1       23.8769659606        8.0515401842        6.9221722646
  1       21.9808835853       17.5837537101       18.9785111284
  2       21.4484758686       17.4584921758       19.0364038852
  1       20.9153274887       17.3317703244       19.0832480560
  1       10.2568516197        6.3775419066       17.7438696061
  2       10.3000473350        6.9227309395       17.8022052600
  1       10.3248827626        7.4686379403       17.8644045127
  1       17.2859957406        2.5812484728       28.0525169963
  2       17.5019935927        2.5354498464       27.5487835214
  1       17.7254994948        2.4634488591       27.0514295543
  1        2.4425171135       21.0436991642        4.1097686414
  2        2.5334468077       21.2394120942        4.6156621477
  1        2.6390211664       21.4183380689        5.1249160621
  1        3.0218528554       26.8576641132       17.1206232371
  2        3.2327327373       26.7288632703       16.6292577741
  1        3.4581900988       26.6100301775       16.1418691476
  1       15.3180746962        4.1578154977        7.7675594214
  2       15.3406940386        3.6639933742        8.0086570690
  1       15.3693804714        3.1600172408        8.2270263537
  1       27.0224316214       27.0441304995       26.3219968169
  2       26.8982433307       27.5512170153       26.4950301490
  1       26.7782960510       28.0594252253       26.6677642347
  1       25.8913914003       23.6221800693       20.7353164447
  2       25.6138944896       23.2802026050       21.0647809775
  1       25.3231378817       22.9451969443       21.3899452457
  1       26.7078008223       26.9545593897       18.1145819999
  2       26.5549873349       26.7341919203       18.5947759363
  1       26.4044542585       26.4852072553       19.0615161514
  1       23.0292754103       24.2137884339       10.0220601058
  2       22.6168638124       24.5750456364        9.9783576163
  1       22.1951014670       24.9270788816        9.9521065743
  1       18.5343683264       16.3785913557       16.3361755479
  2       18.2998935364       16.6608585447       16.7458666595
  1       18.0610311637       16.9736877321       17.1300315530
  1       26.5733495630       16.8630659506        4.7862931452
  2       26.5972409260       16.5197571149        4.3572613910
  1       26.6185753327       16.1873536841        3.9195939359
  1        9.7672616485       19.1487595019        0.5870906976
  2        9.2466258715       19.2819515270        0.7041303153
  1        8.7236110009       19.4042431505        0.8224527685
  1       23.4010283052       10.9961052428        1.5847481159
  2       23.3946853569       11.1409974771        1.0542144154
  1       23.3558135733       11.2854081565        0.5249370409
  1       20.4160914555       16.4196669501        9.3253606423
  2       20.9584945472       16.4733712245        9.3989455395
  1       21.4980533760       16.5239092811        9.4928719686
  1        2.2042765074       23.0376328251       16.2762717121
  2        1.7504716506       22.7881917080       16.0909604036
  1        1.3044777820       22.5165957574       15.9182609311
  1        3.2547136807        6.1095811728       24.9230734322
  2        3.3563519268        5.6132062541       24.7091070634
  1        3.4504253839        5.1166812567       24.4920515162
  1       20.7265972664        8.7263383304       16.8377596204
  2       21.1663253848        8.9301870073       17.0977305780
  1       21.6042034672        9.1418890202       17.3545282449
  1        4.4304667874        5.5062164326        2.7862811893
  2        4.4650022374        5.0772208329        2.4438339990
  1        4.4952468656        4.6463053971        2.1033972961
  1        2.1738592107       27.6478236220       25.1594116932
  2        1.9513548903       27.5204453478       25.6459983788
  1        1.7360691064       27.4033056958       26.1383705269
  1       22.6784757037        3.8433466504        7.5260769928
  2       23.0540047880        3.4991554400        7.3186877031
  1       23.4175768727        3.1442162631        7.1081324396
  1       13.6225749803       10.6976131855        5.2562009043
  2       14.1709808979       10.7009091046        5.2144865615
  1       14.7208935953       10.6952894435        5.2225142419
  1        8.0208147804        4.0756011469        1.6759714081
  2        7.8633373552        4.5988564367        1.6134833114
  1        7.7319040309        5.1249730550        1.5216868836
  1        9.1398596359       15.8175925782       26.4668208839
  2        9.5840127575       15.8650117190       26.7877249655
  1       10.0092281527       15.9259454959       27.1312055932
  1        1.8995300442        3.6344523484       10.9827907521
  2        2.3208739364        3.7158607067       10.6387820259
  1        2.7520083695        3.8259519809       10.3155127713
  1        6.5810693299       22.4230229868       27.3964300873
  2        6.5030279190       22.8361222003       27.7510546465
  1        6.4445964042       23.2512693607       28.1070582873
  1       -0.3337015287        4.1737853268       13.8792703823
  2        0.1540678286        3.9561278466       14.0104430757
  1        0.6295503171        3.7223575113       14.1579823328
  1       18.7208377283       14.6684127970       19.8709241382
  2       18.7311934950       14.6890935778       20.4204376170
  1       18.7337927195       14.6997483284       20.9703282600
  1       16.5172218135       20.2693197807       10.2745074210
  2       15.9784684267       20.3796115106       10.2655339881
  1       15.4383299101       20.4831193152       10.2594911178
  1       14.7249318927       23.5803714495       20.7113368977
  2       14.3198708626       23.7775625520       20.3958353430
  1       13.9110101651       23.9822839976       20.0901851202
  1        5.8403473979       20.7460371274       12.1266435743
  2        5.9255165932       21.2422703637       11.9052868862
  1        6.0258973659       21.7479250156       11.7136177117
  1       -0.1616474831       17.3760647058       18.6462332332
  2        0.3881734448       17.3807020574       18.6329877731
  1        0.9369730751       17.3694363592       18.5984617131
  1       18.0817682483        8.2269236264       14.9496401591
  2       17.6059888138        7.9527113793       14.9189550940
  1       17.1275214565        7.6815550476       14.9123800804
  1       11.2401880720        8.4165556926       13.7051525771
  2       10.9879289088        8.8628901493       13.5060273218
  1       10.7413434985        9.3145503410       13.3118657765
  1       14.3869972622       15.4156168590       20.7714499440
  2       14.5695295304       15.0531455517       21.1426594838
  1       14.7786602827       14.7053001213       21.5138304471
  1       25.3123466406       22.3414815308       16.8703617643
  2       25.8173674137       22.1254586908       16.8984357971
  1       26.3273333972       21.9223505329       16.9328126914
  1       16.1506657118       20.2738852712        3.7479021659
  2       16.4775206194       20.6346436241        4.0038695079
  1       16.8057376580       21.0007649714        4.2503015139
  1        6.2897438444       20.9203406833        3.0870518796
  2        6.1499127022       21.3813343890        3.3524422619
  1        6.0134335047       21.8376910121        3.6274187338
  1        2.0890886275        6.9733256829       12.0986267308
  2        1.7139787426        6.8425450287       12.4790067969
  1        1.3394273540        6.7159113273       12.8613354016
  1        8.2770552599       26.5471327751       17.1516740930
  2        7.7307894004       26.4969034320       17.1913051897
  1        7.1842292727       26.4432631304       17.2212174582
  1        4.0681943829        9.4386109329       13.7622291909
  2        3.6989040150        9.6420056310       13.4090221397
  1        3.3225665753        9.8654299387       13.0759279951
  1       26.1122853400       11.4654153077       14.3445981340
  2       26.0420222132       11.0615268502       14.7112549312
  1       25.9747806536       10.6602544909       15.0813347405
  1        1.0183748361       12.5626628191       15.0900227999
  2        0.8957282266       12.4770629488       14.5607492682
  1        0.7712587757       12.3863200561       14.0327596071
  1        5.7983983396       26.3313529668       25.8961644751
  2        6.2096577634       26.4477908995       26.2422972446
  1        6.6218267929       26.5760964604       26.5831115242
  1        1.9534293296        7.2184887878       27.9415984879
  2        1.9325890530        7.0136852249       28.4516192556
  1        1.9298958748        6.8262266417       28.9686802050
  1       20.1556040903        5.7053818488        9.5358007564
  2       20.6162892727        5.9820060083        9.4185478796
  1       21.0811307746        6.2486373021        9.2947329763
  1        4.4307851995       10.2932685540       18.0450330649
  2        4.2350869419       10.1651522616       18.5428165596
  1        4.0297218911       10.0520310934       19.0403392186
  1       11.8771229010       21.6425019257       12.7001656810
  2       11.3715665529       21.8551088404       12.7415308683
  1       10.8734518851       22.0857342451       12.7760808246
  1       14.8274454585       27.2361735985       28.7439863658
  2       14.8425199770       27.4349839307       28.2313976313
  1       14.8521871762       27.6350326765       27.7191603391
  1        3.6515737668       24.7289369991        2.2698101522
  2        3.4002491712       24.2418188930        2.3151080366
  1        3.1430168428       23.7566232723        2.3453857168
  1       12.8180711943       20.9866643310        4.0434478679
  2       12.5167892657       20.9773407970        3.5834019232
  1       12.2104707518       20.9784835799        3.1266003678
  1       21.0164071146        6.4073321070       13.3836736933
  2       20.6154434666        6.0445383181       13.4842163194
  1       20.2037006493        5.6853449207       13.5470490714
  1        5.7224622147        2.0298563311       15.8958599428
  2        5.2743722735        2.2674212282       16.1086469826
  1        4.8266531571        2.5086849299       16.3180256300
  1       15.5246690069       14.8378623334       14.2774777349
  2       15.7404287364       15.3435410391       14.2928655784
  1       15.9414925932       15.8547487858       14.3200678621
  1        7.7031611688       26.3376093086        8.9931404480
  2        8.0127441910       26.5211277862        8.5772326208
  1        8.3095950731       26.7107939254        8.1548509114
  1        6.7482816578        8.0754916472       14.2229402155
  2        6.6127616541        8.0473907913       14.7552415122
  1        6.4710901593        8.0028815952       15.2848150369
  1       22.6880600265        9.5549669005       25.4722098382
  2       23.2085923167        9.4244505656       25.5926740285
  1       23.7306983227        9.3015486101       25.7143310336
  1        1.6746631343       15.9117929567        6.1414330114
  2        1.5081434343       16.1729845274        5.6869551209
  1        1.3280372417       16.4289235828        5.2346753863
  1        3.6274944302       20.5308055287       20.0500080394
  2        3.7000306637       20.7073565805       19.5341900279
  1        3.7785733884       20.8991494621       19.0247329346
  1       10.5666539683       10.2207828790        6.9959476577
  2       10.9711314227       10.0045601609        7.2995028011
  1       11.3691695267        9.7847804689        7.6089580543
  1       25.2446572359       12.4302752909       24.4891980363
  2       25.5308807449       12.0865648964       24.1691366866
  1       25.8305973251       11.7422080000       23.8623985272
  1       27.3776077977        2.9563299598        7.5343969942
  2       27.0968770419        3.2215514843        7.1428005365
  1       26.8074444907        3.5028643384        6.7691805753
  1       17.9946129123       13.4615718184        6.0807303651
  2       18.4060202054       13.6332164080        6.4028827733
  1       18.8149778024       13.8201064934        6.7196252220
  1       16.9701184063        3.3184486805       23.9232457103
  2       16.9185989312        3.8637466564       23.9732043047
  1       16.8995609897        4.4105297876       24.0294694197
  1        7.0692254121       12.2452653716       12.2220513644
  2        6.6368499357       12.3176470646       12.5541843768
  1        6.2009916668       12.3877904990       12.8822201477
  1       18.6844771646       12.2588351922       23.3188483664
  2       18.6487457374       11.9889594098       22.8409463606
  1       18.6015681799       11.7142660234       22.3667967845
  1       25.3312564834       24.9776631944        5.3264677875
  2       25.5503386293       24.4752951770        5.2803224903
  1       25.7741399900       23.9742172959        5.2437997989
  1       15.2274019340        0.4824240142       15.5575205907
  2       14.8557009566        0.2357485823       15.2358225728
  1       14.4914242260       -0.0436360156       14.9329253808
  1       20.0762379731       13.9336107757        2.4558219339
  2       20.0090682791       13.7283736303        1.9499899990
  1       19.9118028839       13.5367757282        1.4436998789
  1       25.6881563810        8.0933676610       17.5764086815
  2       25.2761877602        8.1757889234       17.9313573975
  1       24.8524952614        8.2660911396       18.2702234111
  1       22.0631608302       12.9996575078        9.0506184291
  2       21.7468805626       12.5515073162        9.0102674921
  1       21.4351997249       12.1012806512        8.9587795858
  1        8.4927788911       15.6270192388       21.7236823237
  2        8.4580872538       15.5601864782       22.2685032781
  1        8.4223803841       15.5052389004       22.8145854900
  1       19.5354395826        6.7003211156       25.9744359030
  2       19.1161032460        6.9824967430       25.7575627786
  1       18.7086503864        7.2728992436       25.5292022001
  1        6.1153993817       12.9559770399       16.9707268634
  2        5.9894888836       12.7917337679       16.4611479254
  1        5.8497635976       12.6172435019       15.9586243036
  1       17.0232735629       25.6298507255       15.8090336752
  2       16.7127194588       25.5018298675       15.3735261456
  1       16.4099184037       25.3771503275       14.9316364169
  1        9.0747127072       24.5026644735       24.5621731440
  2        8.8575857402       24.0465326852       24.7796580215
  1        8.6417614855       23.5900018449       24.9976017800
  1       19.2170082202       27.3923006963       27.4145026594
  2       18.7536377540       27.4889250834       27.6945946780
  1       18.2889181896       27.5910922701       27.9704525969
  1       25.1667749212        6.9524722073       22.1180610154
  2       24.6439958634        6.8531304839       22.2571051762
  1       24.1227893197        6.7343909515       22.3865063404
  1        6.8643182147       13.1138579445        1.0281351752
  2        7.2029368812       12.6982207193        1.1509484306
  1        7.5292375342       12.2683777197        1.2570751407
  1       13.3452830384       21.8362789279        7.5167543577
  2       13.8654351067       21.7718606479        7.3500446969
  1       14.3864097327       21.7161817230        7.1827566358
  1        2.4966386664        7.3288724602        8.4096509029
  2        2.2678018611        7.8018590656        8.2471166366
  1        2.0237609423        8.2667642859        8.0833876990
  1       13.6704490816       27.4026511934        7.1251712629
  2       13.4273543946       27.8913910555        7.1925383202
  1       13.1801501906       28.3813292189        7.2292898714
  1       28.0845079901        4.3303305034       27.3558852261
  2       27.8627127929        4.2963551482       27.8580331782
  1       27.6508555456        4.2241734028       28.3604337170
  1        8.7158328741       13.0207865330       19.0534310322
  2        8.4314899409       12.6552419382       19.3501232052
  1        8.1215543883       12.3117306652       19.6475117684
  1       25.8865964903       25.8254687043       14.5611038573
  2       26.0626749613       25.3046932964       14.5440936683
  1       26.2409079180       24.7847366536       14.5246488310
  1       23.8477047334        0.6160157594       10.1421326927
  2       23.7582525542        0.1748556052        9.8261010076
  1       23.6911070831       -0.2700419176        9.5097820564
  1       10.8188080491       19.7748906353        9.6634316793
  2       11.3291691607       19.9746639841        9.7094984226
  1       11.8359232055       20.1865754410        9.7376741498
  1        0.4941890998       15.6485481448       13.9519758746
  2        0.2800876707       15.5699079577       13.4514998022
  1        0.0616737541       15.5044324994       12.9509917360
  1       26.7543351889        7.8411726846       26.4130299641
  2       27.1899156296        7.8923908876       26.7449130390
  1       27.6207640832        7.9373891458       27.0838005804
  1       13.6917980850        5.6699336622       14.5394987810
  2       14.1046466101        5.3098030601       14.5880996525
  1       14.5085144770        4.9420281627       14.6523831648
  1       20.2907789469        8.3001332990       21.9772251617
  2       20.6794058440        8.0740141119       22.2939888719
  1       21.0699198818        7.8399174114       22.6025298255
  1       19.2358761606        1.1037059723       20.9903259784
  2       19.5761267422        1.1131063077       21.4223458569
  1       19.9111062122        1.1305191413       21.8582191720
  1        8.7055925122       12.8884085341        5.5063947616
  2        8.2492254155       12.9598920769        5.2078664110
  1        7.7879723305       13.0373163969        4.9184686479
  1        2.3098064835       20.8142100527       10.8539614455
  2        1.8450416792       21.1068385940       10.8833249188
  1        1.3960386468       21.4233420466       10.9101920050
  1       25.2474467982       20.6537618868       13.7880031857
  2       24.8180219432       20.9960222731       13.8188596580
  1       24.3915572363       21.3405512930       13.8627641818
  1        1.6749851841       14.0255721574       10.3813813767
  2        2.1594597719       13.7654668300       10.3927652427
  1        2.6391502458       13.4982150580       10.4239668226
  1       18.1685084034        2.9132938656       17.7746622377
  2       17.6949039939        2.6695499750       17.6375937183
  1       17.2304904472        2.4265727340       17.4709140343
  1       16.8368565725        6.8412461096       11.3177296395
  2       17.2681754180        7.1352185763       11.4910623900
  1       17.7153672182        7.4000598707       11.6710028847
  1       20.1816558226        5.5066800876       18.8016529395
  2       20.5995011633        5.5643575855       18.4486960334
  1       21.0024178750        5.6389920056       18.0818338988
  1        0.8363110846       24.8182612290       18.9916976637
  2        1.0145159572       24.5059842616       19.4079020834
  1        1.2053485814       24.1958968881       19.8201262085
  1       11.0100020277       15.3440113175       19.9577600065
  2       10.9589605744       15.8072502048       19.6656906597
  1       10.8863988147       16.2759164759       19.3871467378
  1       20.4202255747       13.2181582285       26.7101119427
  2       20.7546555971       12.8282140375       26.9065809938
  1       21.0994280906       12.4365250647       27.0803960544
  1        0.1737824401       12.8379169709        3.3758943628
  2        0.2592262866       13.3685421115        3.2591197539
  1        0.3384257234       13.9025002489        3.1536865728
  1       21.9822467102       15.6164708663        5.1225108564
  2       21.6126167302       15.5126612685        5.5163347323
  1       21.2588075993       15.3959751729        5.9209375660
  1       11.2493840370       18.1248777885       22.1844270015
  2       11.2189005737       17.9289715431       22.6974489323
  1       11.1843842131       17.7317400471       23.2097070282
  1        4.9168465999       13.9324259884       25.0561155929
  2        5.3810289379       14.2250861163       25.0189026027
  1        5.8517152156       14.5080471267       24.9891117732
  1       23.2517589973       21.4375155784       26.7890688991
  2       23.2436385358       20.8877539737       26.8030773306
  1       23.2307086768       20.3379561832       26.7956471698
  1       13.6939485357       27.1424460198       21.9386567249
  2       13.6718194518       26.8301578816       22.3908584745
  1       13.6326512011       26.5167775832       22.8411457558
  1       24.2230881981       23.6548618287        1.0189347049
  2       24.3162817087       23.9034278246        1.5006295412
  1       24.4272792582       24.1638382848        1.9721864679
  1        7.2398799207        5.7513258809       18.7979209624
  2        7.1059415185        5.7246957992       18.2651439517
  1        6.9645068022        5.7126264154       17.7337772704
  1       27.1079420058        1.0710600251       13.6441032268
  2       27.1651606357        0.9821626628       14.1838469506
  1       27.2105798515        0.8867097578       14.7235930360
  1       27.7122973049       27.0228796156        7.0685504486
  2       27.4485015238       27.4268243911        6.8044663631
  1       27.1807595757       27.8253306193        6.5361250986
  1        9.9831985698        7.4255031779       28.0455829073
  2        9.5252785320        7.7108196790       28.1523711711
  1        9.0623653778        7.9810763233       28.2755489160
  1        9.3397865556        4.2820939030       14.4561665651
  2        9.2624519246        4.8140285928       14.5726347612
  1        9.1774001720        5.3460504992       14.6831738469
  1       24.8140762903       20.1385140285        4.3110362614
  2       24.3859667961       20.4642504037        4.1965020969
  1       23.9516635401       20.7872915639        4.0989055312
  1        8.2499822769       19.0265968667       19.2709936647
  2        8.3122017253       18.8872515958       19.7993984676
  1        8.3742990188       18.7398190036       20.3256185318
  1        7.2439313676       24.8069981344        4.8806636884
  2        7.5898203995       24.4607893393        5.1316621900
  1        7.9247865000       24.1022139445        5.3801001033
  1        3.0453957830        5.3551727937       19.5408769363
  2        3.0128104064        5.1357345854       20.0441512809
  1        2.9700244115        4.9186295322       20.5476736275
  1       11.9567538449       27.6182455609       19.0846743356
  2       12.3779567965       27.5302129496       18.7421275024
  1       12.7918887603       27.4445815345       18.3902360573
  1       22.2633685761       11.3645965228       21.4565715103
  2       22.6344591171       10.9850085369       21.3126799840
  1       23.0198386046       10.6260727531       21.1540995542
  1       27.6961434275        5.3499399134       19.7552564601
  2       27.2322950246        5.1617176096       19.9831095344
  1       26.7663193297        4.9557635136       20.1903522932
  1       26.8636321734       27.1461129925       22.4964581835
  2       26.8380949926       26.6100953411       22.6170107852
  1       26.8083197591       26.0744114232       22.7380734737
  1       22.7102767004        3.3849369449       22.9101194695
  2       22.9859451570        3.4761015248       22.4430050066
  1       23.2974495428        3.5577873510       21.9971435457
  1       14.5660634670        5.5000759634        3.7359553245
  2       15.0679850975        5.6959869296        3.8463798245
  1       15.5676843535        5.9035015005        3.9450629303


Molecules in box 2
##############################################################################                                           
Moleculetype  1
Number-of-molecules: 24    
Atomtype         X                  Y                   Z
  1       21.7672802838       41.5407134529        3.0373501661
  2       21.3089425063       41.7696819890        2.8373504381
  1       20.8502943520       41.9832154610        2.6216067802
  1       38.8375753999        3.4121793958       32.0447625006
  2       38.5182042994        3.5883188181       32.4564383489
  1       38.2003520783        3.7703538162       32.8667226698
  1       39.1784176279       42.5214757785       14.6897666753
  2       39.4719703782       42.5200083481       15.1548737914
  1       39.7673497592       42.5113896121       15.6187452582
  1       29.9375655639       25.2557203755        6.4932342198
  2       29.5445987860       25.0760991870        6.8335478105
  1       29.1351373446       24.8879103539        7.1488671567
  1       18.9076130838       49.9541370348       27.6406514453
  2       19.0905530518       50.1401593321       27.1564730969
  1       19.2772634236       50.3155918633       26.6697877129
  1       47.6195342918        2.2692492280       20.8722889733
  2       47.6128508246        2.5934127030       21.3165562046
  1       47.6241792022        2.9046185917       21.7699021670
  1       43.0487552373       28.6225175566       20.8604929922
  2       42.8293768594       28.9742499281       21.2219587114
  1       42.6538748868       29.3334868559       21.5996462626
  1       22.0469696381        2.3603685018       46.9763084000
  2       21.8501313916        2.7835786769       46.6853653602
  1       21.6527053041        3.2066456949       46.3946124802
  1       16.3999247893       21.5758680140       48.0824256853
  2       16.2516315820       21.8303650534       47.6179470727
  1       16.1071014178       22.0926131196       47.1566044859
  1       47.7634189625       30.8042431264        6.4504930288
  2       47.2867727958       31.0747602871        6.4966330069
  1       46.8142721957       31.3485324051        6.5621464346
  1        3.5005189683       46.4965354794       34.1760023277
  2        3.3711859829       46.8479654121       33.7731748444
  1        3.2459252647       47.1952899304       33.3655286370
  1       33.5414522769       35.1072865128       42.5034918041
  2       33.4131569167       35.5532115921       42.7987732363
  1       33.2818595665       35.9998014849       43.0917211370
  1       26.9479622967        2.0694684356       22.8127459441
  2       26.9484576863        1.5194726403       22.8148387410
  1       26.9551499901        0.9697819935       22.7976513955
  1       33.6113596895       11.2200439151       30.8679430300
  2       33.6482961045       11.5365992793       31.3161934094
  1       33.6776044569       11.8665220862       31.7552742231
  1       38.0793253015        6.4062586676       35.3857052523
  2       38.2045759771        5.9120160037       35.5919489371
  1       38.3258388482        5.4180568854       35.8012327263
  1       42.2173661695       45.6534258360       12.6912890439
  2       42.0474100788       45.1325337899       12.7391053960
  1       41.8865196834       44.6095326056       12.7946395382
  1       21.8553271451       39.5854704240       49.9573672742
  2       21.3856733137       39.5959016008       50.2434030571
  1       20.9140854301       39.6072651489       50.5262028747
  1       17.2076716436       33.0294137088        5.9231328937
  2       17.4847663818       33.3702192635        5.5921191781
  1       17.7455688272       33.7297592189        5.2677534832
  1       46.8546044751       36.0212780477        6.7185273273
  2       47.2398962252       36.0626461252        7.1088335526
  1       47.6277500538       36.1184241561        7.4947846089
  1       23.8212525034        8.8411639375        9.4594531909
  2       23.7466885078        8.9814948783        8.9329102794
  1       23.6537407047        9.1156132307        8.4076741683
  1       23.3056550198       14.2343504927       29.3315995352
  2       22.9056355218       14.2699411112       28.9558100873
  1       22.5208789177       14.3154323733       28.5654347556
  1       44.5707343608       14.0033552072        4.1662040532
  2       44.9445418704       13.8284156640        3.8026602429
  1       45.3234013864       13.6673392406        3.4379413759
  1       45.7861364205       15.4469171271       49.9953017679
  2       45.8632588720       15.6462473011       50.5020754937
  1       45.9470740805       15.8352389538       51.0117392702
  1       18.1724494248       33.0708454671       45.6653749487
  2       17.6770397929       32.9837317885       45.4429328134
  1       17.1860837439       32.9064867127       45.2073582918


Number-of-fractionals:  1        
##############################################################################                                           
Fractional-type:      2
Box:                  1
Lambda:               0.502013
Reaction-Step         1 (only used if Type = 3 (RxMC))

Moleculetype  1
Atomtype         X                  Y                   Z
  1       12.3502103865       11.4395841547       18.7294965098
  2       12.7765846308       11.3704687744       18.3890143987
  1       13.1931464716       11.3067403835       18.0355813442

------------------------------------------------------------------------------                                           

