Simulation state at cycle:    1100000
##############################################################################                                           

Number-of-molecules: 401   

Box-size(s):    27.704928   50.753225

------------------------------------------------------------------------------                                           

Deltas
Translation per molecule type
Box 1    0.4725694555E+000
Box 2    0.2538679323E+002

Rotation per molecule type
Box 1    0.7480645609E+002
Box 2    0.1800000000E+003

Volume    Delta_Volume
Box 1   0.3061462204E+003
Box 2   0.1417343613E+004

------------------------------------------------------------------------------                                           

Molecules in box 1
##############################################################################                                           
Moleculetype  1
Number-of-molecules: 399   
Atomtype         X                  Y                   Z
  1        3.4350034808       19.4217304222        6.2727353303
  2        3.7208393841       19.7313185824        6.6262222571
  1        4.0067180524       20.0315803913        6.9876309346
  1        5.2412077614        4.3055832807        8.0947051006
  2        4.8003506163        4.4077343750        8.4072912992
  1        4.3555224628        4.5048214821        8.7158395230
  1       20.1694982541       15.3321325047        9.5499210907
  2       20.1578345077       15.1971861234       10.0829815293
  1       20.1519231636       15.0474346864       10.6121691728
  1       26.0384457704        5.0400464835       14.6769996559
  2       26.5583976709        5.2180819379       14.6982928030
  1       27.0715643808        5.4159589436       14.6961439617
  1        3.5989078288        1.4634095271       26.8119280786
  2        4.0231645926        1.5294417204       27.1556517290
  1        4.4575231023        1.5895523701       27.4876447919
  1       12.7108977124        4.2178165264       16.0944419538
  2       12.4197240986        3.8578220323       16.3912952691
  1       12.1069279160        3.5221950627       16.6946318552
  1        4.1678873244       23.2785224094        0.9085131059
  2        4.4076505195       23.2182337599        1.3998163615
  1        4.6455155377       23.1494971362        1.8909329553
  1        3.1085517774       25.9154516983        3.2607269948
  2        3.2821526413       26.2650620238        2.8732539501
  1        3.4564189400       26.6188652872        2.4899074920
  1        0.5381056890       15.6123250708       13.1492870338
  2        0.4451990739       15.6555197147       13.6896596678
  1        0.3610106370       15.6966001022       14.2316234192
  1        6.1071854780       26.1385815117       24.4103166261
  2        6.4952369450       26.2870634011       24.7706903035
  1        6.9044940625       26.4250518213       25.1112307662
  1       10.9007181931       17.2348213358        7.9068688823
  2       11.3077415311       17.5666245173        8.0703884562
  1       11.7279916452       17.8832590076        8.2304897998
  1       21.5638041303       17.6770928768       12.0819354965
  2       21.2545097641       17.7091676518       12.5355963872
  1       20.9655442113       17.7587200539       13.0009386996
  1        9.6051544335       16.8973587794       26.1985700447
  2        9.7287470168       16.9134156451       25.6628769886
  1        9.8789265102       16.9200133002       25.1338187784
  1       11.0834795436       12.8941139928       12.7376944049
  2       10.5341686702       12.9193512911       12.7486781682
  1        9.9843446481       12.9314430107       12.7555581425
  1       20.7268517001        8.9849484430       10.7423120216
  2       21.2575908040        8.9243296770       10.6113869713
  1       21.7856369338        8.8849730123       10.4626646235
  1        8.0649438805       25.9475891567       14.8534812429
  2        7.9683193180       26.4357348462       15.0877406711
  1        7.8716944179       26.9177534005       15.3343613130
  1        6.2335575622       19.3637391833       26.2645148920
  2        5.9567641278       19.3339366212       25.7901761923
  1        5.6828942050       19.3022538528       25.3142649963
  1       16.0096744522        8.4422262265       19.3932307006
  2       16.1775191824        8.9542954774       19.5032908152
  1       16.3649916920        9.4588545416       19.6163138564
  1       19.3204056568       20.6784920097       25.5188843161
  2       19.3235740245       21.0995245769       25.8727508712
  1       19.3175441912       21.5270799737       26.2186699698
  1       16.7450656720        8.4427351840        4.8590099925
  2       16.6386302932        8.0530059700        4.4858040844
  1       16.5457243499        7.6517092434        4.1213463750
  1       16.6832988287        4.7283606265       26.4216361090
  2       17.2023701034        4.7362699156       26.6033018871
  1       17.7304564385        4.7717370652       26.7528575724
  1       19.6113199994       20.0343129969       21.3871732678
  2       19.7321037473       20.1686639418       21.9066548458
  1       19.8445205016       20.2934824943       22.4303750013
  1       16.8487993917       23.2963794854       20.7004586503
  2       17.3696092843       23.1266452253       20.7499292152
  1       17.8899839833       22.9586582460       20.8090100615
  1       15.4247003463        5.3448837012       17.5510626631
  2       15.7556730797        5.4673056955       17.1291978683
  1       16.1007653820        5.5809693614       16.7162912531
  1       12.0759850773        0.4383465168       19.6172977469
  2       12.3646911457        0.9057494916       19.5911584040
  1       12.6434214855        1.3789301534       19.5610011831
  1        4.9204019283       18.3542848800       20.7561618326
  2        5.2934449550       18.6662792272       20.4992602415
  1        5.6783699888       18.9731702616       20.2540040278
  1        1.5340926588       15.0855169799        4.1134030618
  2        0.9934302574       15.1852577525        4.0980425288
  1        0.4549942792       15.2972369383        4.1049242663
  1       21.4648027119       18.6904126447        2.8411987993
  2       21.0040269672       18.3991552031        2.7680221922
  1       20.5446538681       18.1023563233        2.7098261463
  1       10.2376321222       27.5651083475       26.6619821164
  2       10.1551638517       27.1063930105       26.3699560492
  1       10.0567723191       26.6432591861       26.0900879267
  1        8.1172129509       23.4370057175       16.8010358279
  2        8.3275254716       23.0122411481       16.5220309817
  1        8.5523959656       22.5923940415       16.2469643226
  1        0.4051142841       12.9242217654       20.0849980416
  2        0.1519706034       12.5355323086       20.3805293987
  1       -0.1234277289       12.1668531355       20.6817459734
  1       11.0204420265       14.7239831482       18.9859358345
  2       10.5457074334       14.6674780386       19.2578443461
  1       10.0828065544       14.6190513846       19.5508932062
  1       12.4592731691       17.1512369974       23.3256435244
  2       12.4146688447       17.3504159872       22.8149203271
  1       12.3782573637       17.5317010310       22.2969339026
  1       12.7502520064       11.1272566331        9.9783776943
  2       12.6524509521       10.7858528961        9.5584033592
  1       12.5482086666       10.4293102524        9.1528039409
  1        6.1692418904       22.7099985522       23.2404426272
  2        5.7550865486       22.4836221751       22.9580792287
  1        5.3464257269       22.2583847992       22.6669358683
  1        2.3147842269        5.7791945237       20.5074457374
  2        1.8717110963        5.8552815334       20.1905909318
  1        1.4255584584        5.9218023734       19.8759120470
  1       22.0916489543        3.4990950279       16.9573242515
  2       22.3989949960        3.5839408795       16.5091729466
  1       22.6912622469        3.6594759554       16.0494183323
  1       11.7042354586        5.3071595058        5.8687548091
  2       11.1982930724        5.2021123232        5.6803738355
  1       10.6924130356        5.1004904098        5.4899575176
  1        4.8045425016        8.0756923769        3.1379663281
  2        4.9469746309        8.4462267153        2.7572861570
  1        5.0994079338        8.7993538913        2.3641382400
  1       20.8814006200       16.0531624663       19.8471585700
  2       20.5925237828       16.1743883960       20.2992143706
  1       20.3185393109       16.3011207935       20.7589658334
  1        5.5721911843        7.0079540102       24.0348241274
  2        5.1980917698        6.6152006874       23.9437502256
  1        4.8253200051        6.2224421908       23.8474072251
  1       10.0666445822       17.1069893054       15.6574466846
  2        9.8353649304       16.8010956488       16.0517039528
  1        9.6096451681       16.5110173722       16.4608557355
  1       24.1315465780        7.9020543932       12.5825216146
  2       24.0812951467        8.4016568187       12.8069591561
  1       23.9988290529        8.8908106933       13.0445045820
  1       20.0894983262       25.6012998112        6.7515646916
  2       19.9320972765       25.5147048516        6.2317318122
  1       19.7475628356       25.4353904770        5.7197198308
  1        7.3762221594       15.0792590440        9.8739650751
  2        7.8621421060       14.8699424283       10.0241927685
  1        8.3435431114       14.6551317767       10.1810667782
  1       19.2304995227        2.9668772497        9.0043258749
  2       19.0020620633        2.5976974448        8.6666535503
  1       18.7349201884        2.2659702571        8.3186703746
  1       15.7246508123        0.6371421235       26.6484120820
  2       16.1206236080        0.8620804791       26.3400157764
  1       16.5077428955        1.0650605985       26.0061928783
  1       11.7210780237       22.1557917064        0.9095007637
  2       11.8147208783       22.2426638275        1.4444626786
  1       11.8951529048       22.3350270952        1.9806526774
  1       18.5646956614        2.6441361193        4.8163227583
  2       18.6123976823        2.1138966489        4.6782263383
  1       18.6475797988        1.5873449544        4.5232891551
  1       17.1336665795       17.9100196751       19.3012869983
  2       17.0025363935       18.1614130610       19.7725684851
  1       16.8654028580       18.4256972776       20.2350057731
  1       25.6239360133        1.8858437057       17.8018469542
  2       25.1292141090        1.9096439691       18.0409782672
  1       24.6368844838        1.9389065145       18.2844022647
  1        7.1493577173        4.3010898459       11.0468472437
  2        7.0996179448        3.7577931999       10.9771714986
  1        7.0409473636        3.2143623459       10.9160104913
  1       26.5837044709        5.8202622124       22.3547184236
  2       26.5093528584        6.2076888049       21.9714789773
  1       26.4428032308        6.6131900329       21.6059110628
  1        1.6015195585        1.3075684458       20.0382959604
  2        1.6767313241        1.7664671544       19.7446036631
  1        1.7638439582        2.2177482173       19.4425162746
  1        8.6055076646       13.0275657041       16.6727605340
  2        8.7542206946       12.5750862320       16.9478000985
  1        8.8961718672       12.1364990230       17.2477853042
  1        0.3606043743       16.7338202140       24.7188868429
  2        0.0668988281       16.2688098663       24.7173284517
  1       -0.2224440194       15.8010930278       24.7219840525
  1       23.8118655686       25.7370146843        6.9087166022
  2       24.3565597627       25.7986389198        6.8638758997
  1       24.8993277148       25.8679173505        6.8081672999
  1       25.1607606291        5.4596132765       10.1725328434
  2       25.2385185559        5.8932604773        9.8432855048
  1       25.3385200884        6.3192540453        9.5100751020
  1        4.5948862248       19.9202056675       14.0254628706
  2        4.5319310839       20.1039111400       14.5400393466
  1        4.4563377625       20.3061864089       15.0458756485
  1        8.8401857116        2.5542883277       14.0058877683
  2        9.3571864072        2.7085723985       13.8990855855
  1        9.8697992637        2.8770009445       13.7925028327
  1       10.7332484612        9.7358926031        6.5334012783
  2       10.6798396521        9.1936965684        6.6087070491
  1       10.6464053390        8.6468405476        6.6569837323
  1        1.7165856441       27.6371465735       13.4198865234
  2        1.2922051505       27.5941211700       13.7670896502
  1        0.8628319563       27.5603141659       14.1091360587
  1       25.4174910465       22.3475995166        5.3649696494
  2       25.8858166594       22.0714112038        5.2819567817
  1       26.3565709299       21.7945460224        5.2168715518
  1       20.3728067643        5.3441468460        5.2116121595
  2       19.9318528517        5.6707598006        5.1744150513
  1       19.4928528566        6.0012572691        5.1509538795
  1        5.6794461796       19.0861240689        3.0844100370
  2        5.5625954655       19.6039503309        3.2282914917
  1        5.4355126128       20.1158123824        3.3843273458
  1       26.5128919156       16.3220483267       21.1539316658
  2       26.2518776588       16.0051694826       20.7879270812
  1       25.9827975405       15.6939049631       20.4229472356
  1       13.2250284793       19.0414290391       14.1908787172
  2       13.5392196666       19.0886829537       14.6398229959
  1       13.8602787202       19.1442835792       15.0829140176
  1       21.3253762773        5.3327544619       13.2349405130
  2       21.8054110252        5.3524579878       12.9672122705
  1       22.2973265600        5.3770082123       12.7224340197
  1       21.0882732814       10.7395956846       14.4737758695
  2       20.8246988740       11.1818123481       14.2801965465
  1       20.5528027335       11.6156883233       14.0793878667
  1       16.7760310866       14.1632236580        8.8563279087
  2       16.3573192173       14.2768914626        8.5183042398
  1       15.9352000822       14.3972843145        8.1869117293
  1        5.9080316473       10.6298856557       15.8817916297
  2        5.8120484460       11.1465169711       16.0442087133
  1        5.7201489022       11.6666329469       16.1976161594
  1        4.6216852620        7.9395061290        9.7936367150
  2        4.3814051967        7.8561196513       10.2812966227
  1        4.1377613704        7.7787446471       10.7682779300
  1       15.6229421811       22.8550406327        8.5751540400
  2       15.7583964698       22.3339257556        8.4629425410
  1       15.8753352199       21.8103785819        8.3416013500
  1       24.2198731908       17.8696009778       26.9116544880
  2       24.2245394161       17.5645047245       26.4540580473
  1       24.2150056048       17.2548072849       25.9996390762
  1       13.5055447549       13.2183440107       21.0074862818
  2       13.9152645820       13.5048567599       21.2367025723
  1       14.3169765780       13.7989680755       21.4704246408
  1        2.2023827871        3.5662063516       16.3710346790
  2        2.1417714933        3.0556115493       16.1757932415
  1        2.0844071966        2.5477754929       15.9725400094
  1        6.3623657164       10.7944547007       23.7166963626
  2        5.9514454229       11.1600249772       23.7149977435
  1        5.5463468702       11.5315528558       23.7340292164
  1        1.1045896194       25.6949708945        9.9963294863
  2        0.7956443947       25.4117294947        9.6402014790
  1        0.4760890278       25.1299899303        9.2923406098
  1       16.5275435210        9.2879329021       10.5337683857
  2       16.0224789068        9.1364128636       10.6901378630
  1       15.5361226441        8.9584786929       10.8753323975
  1       24.8743690726        4.0460330658        6.0457916759
  2       25.0934525416        3.7445348883        6.4502682297
  1       25.3276777458        3.4501144582        6.8514604069
  1       11.6217119505       26.7040297230       16.1851561765
  2       11.8126682890       27.0996920625       15.8542679931
  1       12.0130636936       27.4969744291       15.5309904003
  1        7.3426752757       15.1328328018       13.6688265607
  2        7.1653707506       15.1160362017       14.1891927583
  1        7.0119625088       15.0786234846       14.7160382755
  1       18.4976572740       23.9000609293       11.4732076596
  2       18.5140566820       24.2944009512       11.0901580459
  1       18.5219420903       24.7151677002       10.7360490764
  1       25.2789068000       17.7155055670       12.5828800886
  2       25.3331358282       17.2083708470       12.3770316291
  1       25.3837084225       16.6948202693       12.1867470637
  1        3.1069528898       14.6802306701       18.7286426041
  2        2.9259796935       14.6053288550       18.2146986186
  1        2.7539223342       14.5455903606       17.6957308196
  1        7.6934183346       17.0752336388        4.7971288687
  2        8.1234693452       16.9833271637        4.4668118572
  1        8.5480323978       16.8838105540        4.1316362946
  1       17.4408435919       23.4503054993       15.5096686153
  2       17.5901426771       22.9510857720       15.6857068128
  1       17.7778252106       22.4643147119       15.8598596212
  1       12.2709423146       21.7698038759       25.1208225708
  2       12.7427475862       22.0426703107       25.1946039670
  1       13.2252047712       22.2962464770       25.2683209365
  1        0.2211734509        3.7458162021       -0.0071379812
  2        0.7639621499        3.8169890923        0.0459171588
  1        1.3077249023        3.8931229887        0.0779436781
  1       20.2156624882       21.6056027499        2.0881433189
  2       20.1200756807       22.1469195081        2.1065642184
  1       20.0294368785       22.6893909230        2.1035030946
  1       24.0085205955       18.8461243097       19.2756518299
  2       23.6339792584       19.1388308439       19.5523134856
  1       23.2737747860       19.4375258377       19.8413360413
  1       12.5474776377       14.5155337283        9.0723670832
  2       12.4507422594       14.1766647616        8.6500992890
  1       12.3498263640       13.8327801904        8.2328950432
  1        8.8519713505       13.0451100986        2.9420885825
  2        9.2971578673       13.1413398541        2.6337887295
  1        9.7180693625       13.2278697858        2.2905015565
  1        1.8749819036       11.5974714689        2.8119255977
  2        2.2593052451       11.2289020057        2.9495922964
  1        2.6471632421       10.8596671732        3.0750188155
  1       18.6535317655        8.4405159650        7.9617465387
  2       18.9261062741        8.7471042991        7.5954041706
  1       19.2171220268        9.0486543027        7.2392055940
  1        9.1364869959       11.4773737124        9.3268111901
  2        8.7740139949       11.5914923153        8.9292055211
  1        8.4191605139       11.6929597710        8.5214269519
  1       19.5737438777        2.3958746011       25.1001127563
  2       19.4926365613        2.4857067961       24.5635945553
  1       19.4177705469        2.5498271201       24.0224996811
  1       11.1732865103        3.6371152988       26.5185181403
  2       11.5573148874        3.2433867338       26.5186689425
  1       11.9278292639        2.8369155042       26.5181839114
  1       21.4984493115       26.8922299097        9.8122332083
  2       21.0660908124       27.1559900314        9.5977647342
  1       20.6315490083       27.4089802503        9.3748984769
  1       14.5676829538        3.5835084909       24.1510243934
  2       14.5915375500        3.2270380011       23.7328620468
  1       14.6286172198        2.8838774892       23.3046495293
  1        2.3999628376       15.9996504974        7.1577965616
  2        2.0784502980       16.2278211578        7.5412908075
  1        1.7509769049       16.4487642867        7.9239725416
  1        1.3087633344        3.2636403019       23.0880448521
  2        1.7933919421        3.1522730112       23.3230606796
  1        2.2880142606        3.0497699838       23.5406425960
  1       19.5060771135        1.7246755636        1.1333989513
  2       18.9631449271        1.7574285411        1.0518398715
  1       18.4169190389        1.7963160899        1.0006047608
  1       25.1121450037       25.4299275347       15.6820793907
  2       25.2193599333       25.9455563190       15.5235489025
  1       25.3195568033       26.4613712508       15.3610818524
  1       13.2948007840       25.4227274199       26.7915279363
  2       13.3501709441       25.1608574705       27.2720050689
  1       13.4249587036       24.8969973418       27.7487488392
  1       23.7290198531       21.3393185984       -0.4432359532
  2       23.4245169283       21.3106777068        0.0138829242
  1       23.1276834983       21.2969845793        0.4767029887
  1       17.3469827598        5.7517297153       10.1061612314
  2       17.8203418982        5.8369017198       10.3729511407
  1       18.2998675262        5.9206614101       10.6289579479
  1        0.3344519739        7.4064888169       24.9049080076
  2        0.5884137388        7.0273685751       25.2119442664
  1        0.8395564455        6.6377659632       25.5079799815
  1        1.3350886187        5.7181350507        8.0765609186
  2        0.9231557998        5.3537218762        8.0803544645
  1        0.5167571001        4.9832457460        8.0709985727
  1       12.2678685622       12.8513840669        4.2288475262
  2       12.5460211930       12.4021243704        4.3814805471
  1       12.8468158362       11.9656495814        4.5281514037
  1       10.8407857860       22.4159159515        6.3783620228
  2       10.4150722292       22.7450194438        6.2645250389
  1        9.9972520980       23.0868308060        6.1592096569
  1        2.3116797520        7.3121342137        1.3005111860
  2        1.7675968765        7.2353990300        1.3247090407
  1        1.2215809183        7.1752439575        1.3520575264
  1       25.8100137680       15.8701755784        6.0287973504
  2       25.8171907316       15.4113695401        6.3320225314
  1       25.8293971818       14.9652574016        6.6534800891
  1        6.2141530317       10.7195417892        4.9731669309
  2        6.2749852156       11.2640106811        4.9246584661
  1        6.3186055043       11.8096400738        4.8709384963
  1       20.1325676520       14.7920553578        2.3122249797
  2       19.6629987735       14.9808195806        2.0968807518
  1       19.2055494713       15.1657704298        1.8539130208
  1       11.2868580726       13.6759818997       24.1545979004
  2       11.7275754889       13.3504403164       24.1067352155
  1       12.1559568559       13.0114319584       24.0429956157
  1       17.5049644793        3.0901749710       12.3064066307
  2       17.8085019029        2.6536970887       12.1655091830
  1       18.1201133169        2.2229738724       12.0245274943
  1       11.0150883493        0.9070349397        5.8215132553
  2       10.9960646436        0.4969322957        5.4555160968
  1       10.9642737773        0.0801540374        5.0980455062
  1        3.6102437470        9.1175673223       19.0211361725
  2        3.5314713181        9.1527109080       18.4779420702
  1        3.4612157150        9.1908791445       17.9337846160
  1        6.6627343088       26.6247899660        0.9070271444
  2        6.8447126789       26.6419745098        1.4257646158
  1        7.0304113566       26.6758773238        1.9423559430
  1       20.5560412692       18.0719317291       27.3435822579
  2       20.6171859629       17.7334846908       26.9143795916
  1       20.6805505414       17.4078132459       26.4757190860
  1       14.7723891479        5.8322991331       12.3275319972
  2       14.8996410277        5.5730543647       12.7956122351
  1       15.0259307353        5.3018812442       13.2571488507
  1        0.7943656753        6.7283914860       11.3866975057
  2        0.6534973753        7.0293317472       11.8249794711
  1        0.5297321232        7.3270343908       12.2705749125
  1        4.3473007973       12.4214727002        7.6380872545
  2        4.7016238982       12.5605309804        8.0350985073
  1        5.0653145148       12.7046304849        8.4217048539
  1        6.9645381410       15.3751853471       22.3646674929
  2        7.2703026869       15.0281228403       22.6622505214
  1        7.5706798397       14.6900457427       22.9752640054
  1       18.5325523355       19.7923128707        4.7326927645
  2       18.0633427643       19.5152496254        4.6580045033
  1       17.5882538691       19.2406009995        4.6211443228
  1       17.8103376561       17.4922733531       11.1464808388
  2       17.8522211523       17.7962536212       10.6900361331
  1       17.8844714434       18.0938427180       10.2286245520
  1       15.6179478953        2.2857263646        2.1851344726
  2       15.6816760870        2.8291342163        2.1290396935
  1       15.7402874209        3.3707466325        2.0534043766
  1       12.4148662871        6.7386043469       24.8328336910
  2       12.2513030544        6.3870912376       24.4427239591
  1       12.0578008104        6.0465518354       24.0566024807
  1       24.5563032805        1.7085429134       10.2505857498
  2       24.1298022547        1.9576537050       10.0086339189
  1       23.7256075490        2.2170312140        9.7405855153
  1       19.5671966174       16.2088326323       15.9641325116
  2       20.1166750400       16.1861659938       15.9564068003
  1       20.6658484330       16.1570934886       15.9484460906
  1       15.3288141215        4.5288558480        5.2044358823
  2       15.5338383979        4.4694419828        5.7113234820
  1       15.7601387148        4.3965915638        6.2072881804
  1       23.6830394700       16.4248069152        9.4098957107
  2       23.5516612951       15.9038430310        9.5275239664
  1       23.4414740452       15.3760308170        9.6360275867
  1       22.8384845012        7.9465907951        6.3541812613
  2       23.3569238064        7.9756227588        6.5355037142
  1       23.8731852776        8.0211386660        6.7196297433
  1        6.4134792971        4.4798946202       16.4382700663
  2        5.9781259562        4.8150903831       16.4629939240
  1        5.5385031551        5.1437919202       16.4974481148
  1        3.1807029531        1.1106108535       10.3042931063
  2        3.7122283224        1.2427043849       10.2539733220
  1        4.2474397186        1.3550853471       10.1954987146
  1       21.7984844245       21.7559465846        5.3356940831
  2       22.1134256451       21.8868084589        5.7671882283
  1       22.4395550279       22.0250281537        6.1879434311
  1       12.8589153280       27.8682230462        1.4364272548
  2       13.0533083664       27.6706793773        1.9114934033
  1       13.2649723824       27.4781754876        2.3812173603
  1       14.0252021111       25.1542263813       21.6238439395
  2       13.9146001308       24.6445272810       21.7984120612
  1       13.7825822797       24.1394309447       21.9714697888
  1       26.4315334689        9.9709994916       23.5872954645
  2       26.2770168353        9.8293179304       23.0788164136
  1       26.1266886858        9.6907554573       22.5682266688
  1       22.0746819317        5.7758710977        8.6120611144
  2       21.5273140770        5.8142280402        8.6497065201
  1       20.9787191983        5.8421208752        8.6773768615
  1       24.2009355548       19.3437732629        5.4037166623
  2       24.3549179641       19.2184818986        5.9166411126
  1       24.5061894419       19.1182501574        6.4358429395
  1       24.1026106832       21.6112268939       13.0662413231
  2       24.4979314635       21.2881764332       12.8616444499
  1       24.8877993265       20.9735003572       12.6347479634
  1       27.7519150671        8.8764896965       18.8003777153
  2       27.2519836342        8.9739555671       19.0079083552
  1       26.7481953393        9.0556853103       19.2128903104
  1       11.1598096313        2.8554776486        8.3509094650
  2       10.8839485607        2.4915978353        8.6574908590
  1       10.6309346188        2.1285682033        8.9841304624
  1       10.3484334255       11.4766685207       20.6366706575
  2       10.5780331627       11.1045383358       20.3030494859
  1       10.7975094638       10.7354440727       19.9593932956
  1        1.2053226699        1.9478015829        4.6588445827
  2        1.5817560281        1.5638988688        4.5430143925
  1        1.9528884950        1.1713037111        4.4399137954
  1        3.9170717182        9.9715904638       26.1463041393
  2        3.6698771236        9.4803327614       26.1540953028
  1        3.4257658127        8.9877075749       26.1692641037
  1       25.6190927070        6.1605156685       27.5110715854
  2       25.1804990950        5.8411895583       27.6014401579
  1       24.7332145042        5.5278864696       27.6668440453
  1       25.7913984450       22.6366126511        9.7957536677
  2       25.8133526673       22.4258582749        9.2882099701
  1       25.8340888651       22.2069580814        8.7840743590
  1       19.0082873602       21.0283332609        9.4359434388
  2       19.1188810819       20.9908438765        8.8984831382
  1       19.2349510146       20.9867386921        8.3608857822
  1       18.9098304979        4.9656517222        2.1184202192
  2       19.0739616867        5.3881192746        1.8068401812
  1       19.2453434936        5.8127871111        1.5022330509
  1       12.0908993041        7.1338870313        0.7169375878
  2       11.5832462512        6.9695439009        0.5835969964
  1       11.0715444018        6.8027400211        0.4702935013
  1        9.5185083070        1.5152349453        2.2755212087
  2        9.2730870551        1.6595169908        1.8049352969
  1        9.0158847049        1.8280821838        1.3489388871
  1       14.2068391280       12.5730216065       13.4163114553
  2       14.5035314383       12.2848103345       13.0538091303
  1       14.7985337986       11.9855142956       12.6989915892
  1       16.3684929131        7.1972305025       23.4218594556
  2       15.9707056749        7.1774687707       23.8011677564
  1       15.5572557712        7.1607040988       24.1634909850
  1       22.2051242174       23.3335426725       16.1853270309
  2       21.7047243581       23.4676303303       16.3700443307
  1       21.2063626628       23.6011423544       16.5605965782
  1       18.0289153189       13.8886589962       20.3456875671
  2       17.9070695011       13.3575427541       20.2710609360
  1       17.7868165574       12.8259277014       20.1974086155
  1        8.9543642087        7.0149173378       24.5274103985
  2        8.8022606070        6.5592715058       24.7952748606
  1        8.6497207870        6.1041201004       25.0637311895
  1        9.5363117370        9.9819379435       25.0227452555
  2        9.7009104252       10.1951184004       24.5432023851
  1        9.8524150253       10.4257837737       24.0674505162
  1        4.3104124884       25.8598231220       18.1074439704
  2        3.8195350327       26.0339144448       17.9307195102
  1        3.3366666639       26.2229861884       17.7474437257
  1       22.8677502698       14.4889489200        4.8879577679
  2       22.6417094038       14.9499563794        5.0851319276
  1       22.4292539937       15.4266321300        5.2587491113
  1       15.6672778782        1.8950103191       18.1700106760
  2       15.5390588253        1.4815086646       17.8307817620
  1       15.3808567898        1.0749518879       17.4958434060
  1        9.3965062064       24.1055036298       23.5853053882
  2        9.7704321826       23.8875387172       23.2459373562
  1       10.1154320170       23.6663657846       22.8791163547
  1        0.1102125913       12.2720458202        7.1257446499
  2        0.2006261956       12.2924757255        6.5836118256
  1        0.3089461727       12.3151077810        6.0448590330
  1        5.3247546421       24.0195973661        6.0709830461
  2        4.8734309595       23.8856678609        5.7866068496
  1        4.4216285922       23.7553116651        5.5013317507
  1       10.7047566420       16.3642703119       12.0105785282
  2       10.7011866369       16.7799437042       11.6504356592
  1       10.6759659095       17.1823205746       11.2763276961
  1        3.7650992721       14.9202367802       21.8631870262
  2        3.3659083816       15.2945027797       21.9186089941
  1        2.9721632397       15.6721989404       21.9879658426
  1        4.5096999874       24.3942069600       14.8619345288
  2        4.1760892524       24.3364222590       14.4285007901
  1        3.8473209896       24.2995317179       13.9891256471
  1       26.7208053012        4.2072959782        3.1358895490
  2       26.9200317303        4.4976411703        3.5583922110
  1       27.1278641950        4.7904092915        3.9750365351
  1        9.1179300596        5.0010542305        2.8189563896
  2        8.5680764766        5.0042881268        2.8066853164
  1        8.0181360958        5.0035049658        2.8147452922
  1       23.0787861528       26.8493248456       21.0177399577
  2       23.1409357729       26.7465226166       21.5544606732
  1       23.1951451811       26.6434817398       22.0919957109
  1       23.5747276773       12.5154775633       20.3582735529
  2       23.5831894081       11.9659527662       20.3795078758
  1       23.5936785869       11.4162090837       20.3926174000
  1        5.3596464374        5.4756011010       27.8639980875
  2        4.8977113120        5.3632536830       27.5874226048
  1        4.4421447588        5.2386463188       27.3055855608
  1       23.5323909696       14.9883106885        1.0604160553
  2       23.3620848111       15.4393893004        1.3250363462
  1       23.2023774886       15.8947087248        1.5890018587
  1        8.1745163990        1.2329376084       21.3070900843
  2        8.1856435676        0.8069375096       21.6547970039
  1        8.2051137261        0.3854675923       22.0076199350
  1       24.1786384260       24.1866043229        2.5017404768
  2       23.8269649041       24.1949690641        2.9245356578
  1       23.4957835390       24.2192654200        3.3629744671
  1       25.8764590726        1.5480576912       22.1159692340
  2       26.0735660082        1.8483581752       21.6994737657
  1       26.2604029844        2.1595765696       21.2862727803
  1        0.1202082766        0.0819025517        0.7817773355
  2        0.4609308813        0.3800910021        1.0940140321
  1        0.7941570776        0.6745237953        1.4176954053
  1        0.0622890111       25.8293926944       22.7283865859
  2        0.4362980876       26.2213952109       22.6337756046
  1        0.8128810145       26.6049641090       22.5173273388
  1       22.1707662624       10.0683907503       23.9915603696
  2       22.6859291993        9.8968296678       24.0791614162
  1       23.1901979584        9.7083921146       24.1918747966
  1        6.4781719212       15.9606010570        1.5087608222
  2        6.3507492341       16.2116900316        1.0363015270
  1        6.2056854072       16.4572148072        0.5660100539
  1        9.5078451140       13.8486649887        6.0123809154
  2        9.4151914941       14.1512393968        6.4622298170
  1        9.3156931794       14.4778262677        6.8934386993
  1       26.4362218092       22.9381231108       26.2904973253
  2       26.7715452728       23.3713935876       26.3388178045
  1       27.1060845141       23.8052260194       26.3875303913
  1       19.3622197736        6.5950399000       19.5656970038
  2       19.7303750145        6.2231010523       19.7348809634
  1       20.0892532725        5.8461739384       19.9127358080
  1       18.0476716579       15.5120229324        5.9354669625
  2       17.8454714300       15.4445172565        5.4284580360
  1       17.6565869737       15.3813002869        4.9157921839
  1       23.5528514955       15.7845957890       17.9818521486
  2       23.4727578168       15.2409365712       17.9590561503
  1       23.3888496881       14.6975597057       17.9448784564
  1        3.6391588808       15.5671614083       14.6019314064
  2        3.8072285395       16.0784234863       14.7153495593
  1        3.9777688373       16.5857346969       14.8420434479
  1        1.5108074873       14.8419580261        0.5139305341
  2        1.6330759081       14.3068186630        0.4796333720
  1        1.7722618521       13.7750320192        0.4614609338
  1        5.6799883338       12.0944824932       19.4852752710
  2        5.9164572110       12.1351474807       19.9801781190
  1        6.1684593722       12.1303381749       20.4690255188
  1        1.9756931975       22.8897844082       16.4651930949
  2        1.5965864154       23.2627411947       16.6054830919
  1        1.2063007140       23.6237543811       16.7463608740
  1        2.4869073549       18.3628009236        1.7125773541
  2        2.7468521552       18.2000467272        1.2560253063
  1        3.0237541993       18.0373341539        0.8095391638
  1        7.7928230287        3.5932504953        6.0256093240
  2        8.0196951199        3.6814612090        6.5188110314
  1        8.2380569476        3.7695211498        7.0158659157
  1       12.8413742104       19.4508586498       10.9514891898
  2       13.2404264948       19.1114551721       10.7839703741
  1       13.6420668663       18.7757638020       10.6151618582
  1        7.8076728646        3.1153604237       26.1376429624
  2        8.0818385419        2.8852437956       25.7200552245
  1        8.3634469571        2.6608472252       25.3043114588
  1       27.3072137627       20.0155257975       20.1235026262
  2       27.6486571390       19.8918254537       19.7104473688
  1       27.9866749430       19.7687868830       19.2943879099
  1       20.8878893040       18.0539857546        6.4194687723
  2       20.5836843632       17.8799608686        6.8433492897
  1       20.2981459702       17.7086406160        7.2810903047
  1       27.6358064118       26.8870676347       18.0036867811
  2       27.5098195980       26.8391291700       18.5369120865
  1       27.3810779129       26.8130366771       19.0709951880
  1       17.6525007245       11.6584113368        2.8527904683
  2       17.1663416739       11.4173813214        2.7630468936
  1       16.6847635522       11.1656248988        2.6781869183
  1        6.1538369456       18.0239860536       11.6765102217
  2        6.6450524428       18.1906660116       11.8593356217
  1        7.1312065312       18.3423488155       12.0670530458
  1       24.4269323557       10.5404040375       16.8305024200
  2       24.0617755408       10.9379047239       16.7248913182
  1       23.6855160957       11.3273680715       16.6287293205
  1       26.5048712010       12.9585964720        2.0350289598
  2       26.4342481951       12.6095330975        2.4541556133
  1       26.3832478339       12.2625825896        2.8778587018
  1       11.5571345774       24.6620825941       19.2805277757
  2       11.4459178027       24.2520919781       18.9311876495
  1       11.3378998295       23.8428468948       18.5799746397
  1       25.4663006107        9.7158682986        9.8483600106
  2       26.0024719235        9.7083998454        9.7260303516
  1       26.5324622859        9.6955985782        9.5795846538
  1        7.7404450390       25.8939855339       19.4806230290
  2        8.0105176581       26.1006787514       19.0483746117
  1        8.2724318842       26.3117425123       18.6132274803
  1        5.0916539281       22.5706171602       18.8946904139
  2        5.1675988394       22.5359885948       18.3510607303
  1        5.2437403713       22.4763776656       17.8096283677
  1       12.2405237591        7.9810567131       12.4489538329
  2       12.0783295814        8.4914088172       12.3235194731
  1       11.9337374055        9.0026835460       12.1814235431
  1       25.0688018679        5.6637473852       18.7613151800
  2       25.4934010741        5.8083067426       18.4430101278
  1       25.9239849786        5.9166093715       18.1184056904
  1       16.8332235420       25.2576938182       24.6556133783
  2       16.5575608473       24.8236201889       24.4604463650
  1       16.2645071636       24.3936458599       24.2822846020
  1       16.4473625034       15.5869233264       17.0992914367
  2       16.2914370537       15.8317373084       16.6321154866
  1       16.1164972932       16.1051186517       16.1880899014
  1       13.1487858225       12.1890717609       17.4388618342
  2       13.0197860916       11.6557785882       17.4006851219
  1       12.9030490459       11.1193420743       17.3673935658
  1       23.6852747519       11.5782145006        7.9190725430
  2       23.9158768779       11.8507930180        7.5007143098
  1       24.1346489203       12.1304476980        7.0806761539
  1       25.5835571978       23.4081931866       22.4741535347
  2       26.0271133365       23.1863244542       22.2363884882
  1       26.4718860553       22.9444042394       22.0215587013
  1       21.1440583250       23.3823086563       21.3237109637
  2       21.3947807519       23.3012506156       20.8409399427
  1       21.6546703576       23.2337345333       20.3609410151
  1       18.5549862702       26.8789182226       14.9826673979
  2       18.0068073459       26.8539363822       15.0197588330
  1       17.4580159738       26.8210341839       15.0354264533
  1       13.8989379007        9.6828710387       21.7866297999
  2       13.4941730691        9.6008659081       22.1498660723
  1       13.0785760357        9.5147187642       22.4996628339
  1       23.6830112698       18.1367783549       15.2393080552
  2       23.3085561519       18.5016963757       15.4099486213
  1       22.9264687320       18.8579954326       15.5818793763
  1       21.5142151284        1.6572529362       12.5919865933
  2       21.3737346342        1.5458896081       13.1119514381
  1       21.2376849015        1.4433294943       13.6348968390
  1       13.1817573866        8.1474400209        4.1378572296
  2       13.0592683951        8.5738252141        3.8127539936
  1       12.9313031946        8.9897347427        3.4763848951
  1       16.2139113430       26.0767605954        8.6202735091
  2       16.0411736617       26.5219535209        8.8931561809
  1       15.8877626739       26.9705681561        9.1719212735
  1       16.5570099651       11.5035364546       16.0719717978
  2       16.8885653584       11.8933552628       16.2734967788
  1       17.2254915694       12.2814528549       16.4693563875
  1        5.9294554631       17.8280015057        8.3853513904
  2        5.7514117953       17.3947612125        8.0970749594
  1        5.5862313569       16.9595824433        7.8040990891
  1        4.4159629533       16.2054937224        4.6206061420
  2        4.5251197105       15.6679670440        4.6612247618
  1        4.6372218020       15.1324495744        4.7173866691
  1        9.1184123539        9.9026156364       14.3441586232
  2        9.6070125735        9.9877375510       14.5819065676
  1       10.0908144633       10.0753449912       14.8284033563
  1        6.7272816111       15.3045274444       18.9077854773
  2        6.4068235674       15.6914061406       18.6838847925
  1        6.0966960060       16.0830665306       18.4538347252
  1       14.3297942833       13.8366154256       26.6951801878
  2       14.1575022270       13.5568109466       27.1362299592
  1       13.9649848159       13.2657918197       27.5613710101
  1       13.7044863882       24.5281726815        3.6153784054
  2       13.7571376968       24.4850965129        4.1611551760
  1       13.8212188656       24.4322757878        4.7048495514
  1       15.3270660994       16.0923029204        1.5194488842
  2       15.5402782348       15.6282170128        1.7235685933
  1       15.7364461685       15.1562923033        1.9268054240
  1       22.4620190411        0.3394122007       24.9276521136
  2       22.5246994631        0.8422198413       24.7137464305
  1       22.6118277210        1.3374596554       24.4909321755
  1       19.1015874317       26.6843888254       27.1620161960
  2       19.3914435745       26.2882203635       26.9139557874
  1       19.6853962992       25.9196707686       26.6306485500
  1       16.9466718512       23.1366946563        5.3715754449
  2       17.0095774422       23.0473058890        4.8325461925
  1       17.0711139054       22.9631079538        4.2925239982
  1       17.5158419079        4.0680334083       21.6439429138
  2       17.3533045157        3.9726857146       21.1272317629
  1       17.2029671150        3.9021938592       20.6028945019
  1       23.5528735701        5.2735109551       24.1565097151
  2       23.7684738677        5.7788697037       24.1815905221
  1       23.9856543403        6.2830662599       24.2150341173
  1       20.4505008605        9.4931775692       18.3036429941
  2       19.9579926687        9.5316330844       18.0618644707
  1       19.4653991388        9.5827737845       17.8226234999
  1       25.4642512218        0.4782307174        4.2634471996
  2       25.2348820318        0.1014685965        3.9349048448
  1       25.0274864224       -0.2707470943        3.5871369053
  1       13.3560125999        6.0675151003       21.0236545670
  2       13.8284793217        5.7927743417       21.0852395675
  1       14.2965315497        5.5121511672       21.1536336082
  1        5.5453720065       12.1895398593        1.7105048255
  2        5.2611625303       12.6357379043        1.5600645442
  1        4.9760073351       13.0844131548        1.4190786114
  1       26.8043551164       18.9658434907        8.8477919125
  2       26.9320965686       18.9733632673        9.3826989832
  1       27.0675604482       18.9614854043        9.9156234175
  1        8.5568365398       21.9494979725       20.4734582555
  2        8.4660059208       21.5647939670       20.8558881535
  1        8.3945099811       21.1832140932       21.2454842642
  1       15.4526106278       17.6737484821        7.6076698131
  2       15.8853074020       17.9914066259        7.4878082047
  1       16.3287425470       18.2981290715        7.3792420379
  1       19.0908476529       25.8972923958       22.5623595630
  2       19.5805655200       26.1217487832       22.6732457245
  1       20.0509571653       26.3722195082       22.8092461471
  1       13.0289554655        7.7618802577       17.9401133305
  2       12.5231941051        7.5581225551       17.8680838577
  1       12.0147710825        7.3608059581       17.7968645515
  1        4.2448170469        5.2162176333       12.9562589522
  2        3.9897999604        4.8823344828       12.6013106075
  1        3.7252583314        4.5482608607       12.2535858017
  1       21.8016720539        8.6125014766       27.9663505765
  2       22.1322859735        8.4047568491       27.5790049868
  1       22.4708518250        8.2066397211       27.1934887527
  1       12.1626849961       26.0698123905        8.0006004670
  2       12.1736254217       25.5365551582        8.1348280024
  1       12.1817079173       25.0069636113        8.2830422586
  1        5.0789452162        1.3966235894       13.4395728051
  2        5.0657459870        0.9447116354       13.7527841814
  1        5.0596077681        0.4886169131       14.0600949776
  1        1.9602645956       12.5739185352       23.4510343438
  2        2.1256513095       12.6542636703       23.9693893324
  1        2.3025427625       12.7492029093       24.4814400659
  1        3.0456943216       26.9071734788        7.4024645644
  2        3.3114539961       26.9563798066        6.9234546138
  1        3.5920096186       26.9997424458        6.4523832570
  1       25.5787772303       19.3026000282       23.0556831430
  2       26.0217618490       19.5217323036       23.2970245475
  1       26.4728513392       19.7388341849       23.5248074352
  1       20.5404240234        6.5980154868       23.5885254368
  2       20.1546929378        6.2192004278       23.6895733493
  1       19.7662894597        5.8419139877       23.7859978240
  1       20.4797654970       12.7577125959       22.8111490714
  2       20.3946949690       12.9161894312       23.3309068014
  1       20.3000230507       13.0723432994       23.8497065666
  1        6.1016665746       21.4098878728        9.3762456982
  2        5.7911163923       21.7943091256        9.1348354980
  1        5.4997489222       22.2025378760        8.9091049424
  1       22.4475880822       19.8062831099       24.5868361434
  2       22.6053803686       20.2720272427       24.3404949224
  1       22.7528826683       20.7428656321       24.0974840551
  1       23.4778594760       11.0104973710        3.7697804874
  2       23.4541018008       10.5249328476        4.0270015334
  1       23.4418329670       10.0345906363        4.2758267541
  1       13.6085823529       20.2383475138        6.2456718994
  2       13.7740352822       20.7278842316        6.0573128536
  1       13.9447925881       21.2186194316        5.8769773194
  1       11.4035741599       20.2141736219       17.2585954386
  2       10.9224223226       20.2455275768       17.5231891629
  1       10.4467921327       20.2792255660       17.7973065958
  1       15.3080201571        0.4430599830       21.2757204608
  2       15.7925920768        0.2090630381       21.3894547317
  1       16.2746797044       -0.0307941375       21.5015263770
  1       15.7553881480       22.2053167264       12.5953695079
  2       15.5951709452       21.6792350755       12.5870903453
  1       15.4500031763       21.1490684943       12.5683897040
  1       26.6300286118       16.6880593424        1.5496764687
  2       26.8003797512       16.8930822962        1.0685880384
  1       26.9672184660       17.0993242045        0.5867902411
  1       18.5645552874        7.1546806429       14.4784594499
  2       18.3795209635        7.2993321725       13.9811283389
  1       18.1986707426        7.4416641797       13.4815937592
  1       27.0540487317       23.8576273052       13.5927278949
  2       27.5995302648       23.8607629841       13.6630134875
  1       28.1461058656       23.8702882893       13.7235476116
  1       21.1350849230        5.0409128723       26.8486959452
  2       21.4216847036        4.6173247165       27.0510165820
  1       21.7075689650        4.1959827192       27.2589615492
  1       19.0017835581        3.6977213308       15.4912372873
  2       18.6623231261        3.2702717828       15.5587169066
  1       18.3330993651        2.8360035543       15.6330325842
  1       18.2118290636       19.2786963013       14.4610067621
  2       17.8962202279       19.1228305297       14.8836140550
  1       17.5800641777       18.9434230250       15.2963588893
  1        8.1557868270       21.9112314889        3.5557858455
  2        8.3697493329       22.3214582427        3.2584072039
  1        8.5674297754       22.7284470109        2.9457051344
  1        9.8375865280        3.6933675383       22.6199168604
  2       10.3476124208        3.4924569448       22.6647333990
  1       10.8532615096        3.2830667049       22.7192744417
  1        1.8477494760       21.6810440985        4.4267707784
  2        1.8495124805       22.1297217371        4.1086744590
  1        1.8832115749       22.5559742481        3.7627363622
  1        6.9836264387        6.8750346741       13.6912056836
  2        6.7928258435        7.3035354419       13.4040084954
  1        6.5930398681        7.7288599270       13.1182032377
  1       15.6901930785       11.2611063543        6.2857874730
  2       15.5055660022       11.2504854009        6.8037643432
  1       15.3068162782       11.2377484330        7.3164399871
  1       15.4073494052        8.5514389621       14.4861305058
  2       14.9305905065        8.5996645151       14.7560846659
  1       14.4700174682        8.6605057839       15.0504837410
  1        2.3173435536       23.9367504873       23.7573903606
  2        2.0800556277       23.5133554959       24.0161008580
  1        1.8423803401       23.0902745784       24.2749695388
  1       18.3870820838        9.7792407205       22.4355168679
  2       18.7937965614        9.8427251230       22.0707524722
  1       19.2010374491        9.9075959764       21.7068202934
  1        8.1396427375        8.7969674042       17.3350934744
  2        8.0106227353        8.2957910346       17.5213086339
  1        7.8731072989        7.7932020047       17.6973591118
  1       11.5996620501       15.5245361376        1.1500791564
  2       11.3140681356       15.9793626044        1.2686919767
  1       11.0228264126       16.4366831061        1.3610836237
  1        5.8085146324        2.2736837051        3.6542599785
  2        5.3643618563        2.4785509726        3.4027491156
  1        4.9191913224        2.6945921263        3.1626461905
  1        9.4412452363        9.4834426375        3.3278775535
  2        9.6561759092        8.9771801193        3.3296292890
  1        9.8493184051        8.4626003367        3.3497196498
  1        9.6271534921       18.0161683559       20.3798750952
  2        9.4038071133       17.7673935320       20.8165986715
  1        9.1573051404       17.5176580520       21.2401184070
  1       26.7044113402        0.8698258261       25.3898910056
  2       26.5085768591        1.3828571625       25.4206758039
  1       26.3245715292        1.8997403147       25.4590664876
  1       11.9806500814       27.8351966120       11.6120372271
  2       12.4318817944       27.6671531401       11.3462340430
  1       12.8861250992       27.5042741502       11.0823525286
  1        6.7057682698        8.9489995909       20.5881383400
  2        6.5848480222        8.5001110273       20.8820385804
  1        6.4632130180        8.0403478280       21.1583042591
  1       11.2304055164       11.0228222659       27.8491196833
  2       11.1420546293       11.4526064289       27.5174878182
  1       11.0481759311       11.8871378220       27.1936525863
  1       11.9193942403       14.5950505484       15.4426823270
  2       12.4305676456       14.7195070418       15.6030329771
  1       12.9396174611       14.8726636375       15.7441405302
  1        9.2959819498       20.1099335395       24.3315925438
  2        9.2684897650       20.5950103123       24.5893612468
  1        9.2360895726       21.0773294566       24.8516939926
  1       11.0720930748       19.2739368896        4.2295415236
  2       11.1855412792       18.7822832265        4.4484163293
  1       11.2798713522       18.2905918165        4.6761033812
  1        0.1441129093        3.5015179547       11.4428026739
  2        0.5114666543        3.1437128399       11.6416159677
  1        0.9019488366        2.8255235890       11.8624762514
  1        2.9124724184        9.4454442268        7.2430884079
  2        2.4247010120        9.2569584525        7.0726414424
  1        1.9373626283        9.0627456584        6.9074667187
  1       20.1815789163       12.3311498386        6.8765757578
  2       19.6357519863       12.2926178173        6.9321477454
  1       19.0944307965       12.2374162243        7.0122985566
  1        1.4504862836       20.1046195752       26.1223508822
  2        0.9497076190       20.0148462270       26.3313041666
  1        0.4446707266       19.9390344199       26.5354862084
  1        6.5084870253        4.6493742585       19.8766970882
  2        6.7280929543        4.5182119808       20.3635951195
  1        6.9520181038        4.3808693049       20.8468078219
  1       16.4723102473       22.3453087580       -0.1293180888
  2       16.3460209297       22.7264830579        0.2465238479
  1       16.2167963874       23.1157026498        0.6130059428
  1       20.6998429164       12.9531712682       18.2707181517
  2       20.6036951541       12.9717529871       17.7295062453
  1       20.5210441996       12.9749551762       17.1857613008
  1       13.3336944927       18.3805063818       18.8801964441
  2       13.3481545426       17.8809999636       19.1099446652
  1       13.4067186961       17.3836686562       19.3373909436
  1       17.4667876869       18.8818225384       27.9719063813
  2       17.3691221248       18.5910233635       27.5154008744
  1       17.2848272129       18.2877973631       27.0643483725
  1       16.3818919251       12.8187663227       23.9400676253
  2       16.1299486090       12.3381124232       24.0294901866
  1       15.8830264631       11.8570484257       24.1300231816
  1        9.2760505229        2.7080139613       18.5239577524
  2        9.0694532257        2.5570506857       18.0371029011
  1        8.8385999983        2.4537112164       17.5487098827
  1       20.7206414872       26.1047487211        2.6201038128
  2       20.8398498919       26.6313770324        2.7247555114
  1       20.9594179083       27.1550734881        2.8428466231
  1        6.1433376045        6.9841286450        5.8697565859
  2        6.6084379984        7.2485504808        5.7422312301
  1        7.0732630565        7.5190428978        5.6270291613
  1        3.1962051120       18.1616396945       17.8427996268
  2        3.1738861007       18.7111386006       17.8355323036
  1        3.1573969810       19.2608115184       17.8261626006
  1        9.3778831682       19.9962092408       13.8110657739
  2        9.8936610336       20.1023452804       13.6522944458
  1       10.4139920384       20.1977830400       13.5018043185
  1       25.6971520692       12.6339192409       26.5295512680
  2       26.1568566913       12.8875064008       26.3656451583
  1       26.6135726735       13.1401784141       26.1922457229
  1        7.8212099407       23.8208821122       27.2229131804
  2        7.5382909489       23.3865973552       27.0389197187
  1        7.2673384758       22.9415595680       26.8627773780
  1       26.6965757936       21.0603935004        2.2690715879
  2       26.3229528456       20.7107621842        2.0674188282
  1       25.9290658977       20.3698718967        1.8909340324
  1       12.4688904018        4.1848022884        2.0025728858
  2       12.4928837516        3.9800320979        2.5124684517
  1       12.4967824643        3.8016675422        3.0327288522
  1       19.9252812424       19.3455771856       17.6420841689
  2       19.9782130516       19.8929295783       17.6522616833
  1       20.0466546021       20.4385346533       17.6637008829
  1       22.8562693354        7.1410579054       16.1543360297
  2       22.5062173761        7.4536196393       15.8675106677
  1       22.1445636590        7.7517074531       15.5796734860
  1        9.4660651886       19.6919827824        0.2441688676
  2        9.1845372249       19.6710991774        0.7161920458
  1        8.9017595650       19.6593316659        1.1877833092
  1        1.9427276666       10.7138516977       10.0557055299
  2        1.8023111510       10.7760432908       10.5838299546
  1        1.6557851408       10.8547259813       11.1080810028
  1        6.5933848039        0.2473920626        8.1232235550
  2        7.0989463506        0.4601028566        8.0824603290
  1        7.6057065486        0.6738337951        8.0788289932
  1        0.5290702966       18.5682446178        3.9432037446
  2        0.0504017335       18.5485398770        4.2133668988
  1       -0.4278520853       18.5456332821        4.4849637240
  1        1.9449942661        8.9136008131       22.2158289267
  2        2.3336410451        9.1825790570       22.4970839453
  1        2.7303982112        9.4474134211       22.7708475471
  1       21.5713433335       27.6162093326       17.0836522609
  2       21.9709940349       27.4910740716       16.7271126652
  1       22.3654619239       27.3437956796       16.3732706682
  1        3.1582295708        7.7206538609       14.6130665863
  2        2.9884500093        8.2437480136       14.6061812432
  1        2.8315318452        8.7708478205       14.6126990846
  1        5.7389882588        1.3587460436       18.3308185699
  2        5.2984620786        1.5980099053       18.1045676272
  1        4.8468805315        1.8366555165       17.9005519965
  1        4.9692032332       27.1382984815       21.2150043196
  2        4.5311874406       27.0068021980       21.5205381030
  1        4.0863401369       26.8515884712       21.8042978155
  1       13.4942804030       15.5922788845        5.6446565605
  2       13.7126550657       15.9213185071        5.2618440301
  1       13.9258773067       16.2519616855        4.8775116693
  1       24.9566339286       13.3471784383       23.0264161632
  2       24.5037805850       13.2586198922       23.3257174046
  1       24.0476401277       13.1646807005       23.6183115098
  1       24.7683442318       26.3194455317       26.9294692685
  2       24.4571651378       26.3571395319       27.3814059166
  1       24.1559711363       26.3986946136       27.8397238713
  1       18.2175883760       11.8748333763       27.1577285967
  2       17.9259782201       12.3411610342       27.1563029235
  1       17.6508781227       12.8174019099       27.1601191602
  1       22.7697274681        7.8931114595       20.0016112712
  2       22.7369811877        7.7974815173       20.5422429344
  1       22.7090306147        7.6979538376       21.0824401256
  1       11.8362046542       21.0244077440       21.3251846360
  2       12.3593241878       20.9866378153       21.1595966351
  1       12.8873297232       20.9369555179       21.0138508877
  1       25.7586327189       23.3719144223       18.8602396093
  2       25.4443437968       23.8070856138       18.9800248655
  1       25.1538044911       24.2558679910       19.1091809287
  1       22.3587599590       23.5671822960        9.2328906539
  2       21.8350057054       23.5724029900        9.0650984425
  1       21.3076370406       23.5579192407        8.9096233275
  1       25.8568685542       11.9482338964       13.8889924957
  2       26.1893113067       11.9817423314       13.4521183707
  1       26.5325346478       11.9852055733       13.0223675789
  1        2.6861461558       12.4375251668       14.7031804838
  2        2.4428715962       12.4077734659       14.2108063121
  1        2.1892724122       12.3730272240       13.7240002403
  1       24.9447473351        2.2212576163        1.1778282977
  2       24.6315284297        2.1368188988        0.7336841541
  1       24.3112694351        2.0548526595        0.2941210631
  1       18.9271197986       25.9007540023       18.1674737903
  2       19.0681310263       25.5107774004       18.5287687995
  1       19.1874073721       25.1286951296       18.9059773500
  1       13.4551964113       27.6006126563       23.8887440708
  2       12.9158524543       27.6484065878       23.7921840578
  1       12.3764725171       27.6685644512       23.6865292289
  1       13.1899634375       17.6273719459       26.6288984464
  2       13.1656842912       18.1699896967       26.5424316921
  1       13.1793401560       18.7098582759       26.4382422802
  1       14.4462689052        0.2459611020        5.4630730844
  2       14.9163370681        0.4766381549        5.6313704982
  1       15.3840812391        0.7101042792        5.8022767835
  1       14.6658756251       24.9357479285       18.1627654971
  2       15.2031362931       24.9891695572       18.0578984183
  1       15.7410236186       25.0196674777       17.9472317980
  1       17.3179067207       14.4156534572       13.6351152397
  2       17.8505982942       14.4317609901       13.4991732119
  1       18.3874227256       14.4654337638       13.3843443254
  1       24.0327183880        6.8336480382        3.0249348574
  2       23.5864524070        6.7333085464        3.3303504115
  1       23.1317140279        6.6233615298        3.6195296968
  1       26.6986611382        9.4179164791        4.6895778794
  2       26.9277866341        8.9653231701        4.4770671648
  1       27.1552268963        8.5126900343        4.2628379174
  1       18.8437667335        8.5069313566       25.9561520413
  2       18.7246565442        8.3533624575       26.4706706085
  1       18.6199048872        8.2170580737       26.9931150594
  1       27.3052748139       17.0420637965       17.3761858571
  2       26.8027882636       17.0512354127       17.1527509713
  1       26.2923824669       17.0594594364       16.9480114120
  1        5.6696589388       25.9982824130       10.8461872915
  2        5.2468086830       25.8176408479       10.5444153808
  1        4.8209645111       25.6453947523       10.2419455098
  1       22.1152930565        1.3969227387        6.8168650247
  2       21.9392843422        1.9054895455        6.7033716966
  1       21.7671039749        2.4180810715        6.6028537996
  1       19.2486189999        1.5782167167       19.7097142824
  2       19.4595227428        1.7998460934       19.2526584536
  1       19.6726761800        2.0251329267       18.7984432470
  1        8.4258615336       24.1262568332        9.0023594290
  2        8.3328422919       24.5157335661        8.6253245563
  1        8.2518113406       24.9109492298        8.2515083407
  1        6.3862323023       22.9763826672       12.0508904056
  2        6.6559674809       22.7115666987       12.4504094117
  1        6.9242813318       22.4366845717       12.8440431154
  1        0.8850077676       20.2698344554       14.2200441963
  2        0.5020995121       19.8852114877       14.3091870061
  1        0.1325160947       19.4897675431       14.4068199067
  1        5.4656121626        2.1571806243       23.8353508033
  2        5.3972616973        2.3532724481       23.3260608952
  1        5.3181824969        2.5343008611       22.8127625485
  1       22.4374232304       12.0579450158       11.1630566687
  2       22.9514574129       12.2043144335       11.2928443907
  1       23.4559918798       12.3521710093       11.4543479624
  1       10.0683021446       26.1328078960        1.8719623565
  2       10.3213764730       25.6876523471        2.0726858518
  1       10.5395145069       25.2248701286        2.2745482192
  1        7.9768710737       27.8438591535       12.0661018555
  2        8.2581693453       27.6726269415       11.6255898671
  1        8.5439877546       27.4923174559       11.1916586222
  1        3.6768644757        4.6651604785        5.2725925816
  2        3.3920554853        4.9938600942        4.9359319191
  1        3.1128464619        5.3356028483        4.6076725548
  1        8.3378837744       25.5366325954        4.8290432625
  2        8.0699668507       25.9868870317        4.9963497614
  1        7.8168670105       26.4428270981        5.1711614480
  1       20.6493435883       21.5343091998       13.6016542871
  2       20.6933843019       21.4542133530       13.0593028596
  1       20.7385789271       21.3366679520       12.5239146607
  1        8.2370938876        8.9621444707       27.9151582518
  2        7.7870827481        9.0133888448       27.6031262207
  1        7.3408305631        9.0439528409       27.2830874285
  1       16.2900379826       20.7259931945       23.1767831690
  2       15.9064198082       20.4301438997       22.9163790772
  1       15.5120878212       20.1664902499       22.6380105516
  1        0.2675546877       25.8779352815        5.0868372763
  2        0.3563366177       25.4017516246        5.3473500280
  1        0.4657682878       24.9168605746        5.5827334985
  1       24.9804990498        1.6315922911       13.7872799216
  2       25.4189840935        1.3872626948       13.5624824240
  1       25.8540142208        1.1514929544       13.3223545065
  1       14.2932378628        1.5971653503       13.5853868452
  2       14.5111015744        1.8133764139       14.0417728432
  1       14.7391279755        2.0065663034       14.5034888013
  1        8.4566566608        7.3645536644       10.5850747296
  2        8.5697160004        7.4234410512       10.0500514952
  1        8.6900280771        7.4627489163        9.5148133286
  1       27.0789015585       24.4261344337        2.2458023332
  2       27.4240485994       24.5662188906        1.8411421485
  1       27.7727476288       24.7216165910        1.4452121792
  1       21.9938678911       24.2991505559       24.7272685165
  2       22.1020910551       23.9576469710       25.1445969822
  1       22.1918414232       23.6217096337       25.5707319090
  1        7.2499351159       19.0165677817       16.4889909936
  2        7.1448804615       19.3389663619       16.9220298776
  1        7.0409920272       19.6532795812       17.3612500871
  1        4.0710210393       14.6129898625       10.6233701931
  2        4.2853407490       14.4076981302       11.0864278209
  1        4.4825208841       14.2024782109       11.5570707620
  1        2.0827383033       24.0530789303       20.0995030003
  2        2.0178967475       23.5120164679       20.1739810807
  1        1.9603573645       22.9705847164       20.2517041584
  1       26.7618556648       14.0137642051       10.4535148423
  2       27.2361575502       14.1232654520       10.1974929713
  1       27.7149748581       14.2131592578        9.9422419412
  1       12.4533936301       22.7255694423       15.0491759329
  2       12.8793712464       22.9545604609       15.3111037546
  1       13.3108460023       23.1884979805       15.5593028096
  1        6.5162988816       11.6578274951       12.0098467882
  2        6.1505778413       11.3206429312       11.7752094284
  1        5.7871592627       10.9848625214       11.5350460422
  1       10.5533005966        6.3360291393       14.5909716062
  2       10.1597499075        6.0022644766       14.7812845195
  1        9.7925019052        5.6547506808       14.9977633072
  1       10.0602339215        7.8179148779       21.1661380031
  2       10.0043396383        7.3265515905       20.9254349726
  1        9.9156041901        6.8349359098       20.6953479419
  1       27.4624831659       12.6141524750       16.6526409376
  2       27.1132868624       12.9828147376       16.8639465878
  1       26.7657939489       13.3590906060       17.0643590250
  1       13.3139622296        9.9428025805       25.4744650382
  2       13.6798965342        9.7869656842       25.8543425797
  1       14.0347098914        9.6374204363       26.2470812960
  1       15.3542562853        8.4125407857        1.2147534480
  2       15.3877800506        7.8763675166        1.0968790119
  1       15.4306249260        7.3406169405        0.9801072867
  1       14.3823902764       19.3572881905        2.2004113246
  2       14.6193287046       19.6138310116        2.6253183287
  1       14.8429855578       19.8947936945        3.0418967509
  1        8.0731077129       12.8468230020       26.3367000011
  2        8.1836452701       13.3802690485       26.2610907164
  1        8.2779734594       13.9151320551       26.1743511298
  1       23.3126340004       14.4469670046       14.2316324547
  2       22.9389989644       14.5790223607       13.8502425719
  1       22.5667217765       14.7239304616       13.4722064140
  1        7.4438879431       19.8342441102        6.2022022854
  2        7.9477666335       19.9241793075        6.4034929350
  1        8.4421148447       20.0183552727        6.6254179958
  1       18.0100328677       16.1651363129       24.0887718769
  2       17.9721287534       15.8144279025       24.5107516027
  1       17.9430447714       15.4756323355       24.9430381798
  1        2.2904859258       26.4614228000       25.9882667121
  2        2.6582368403       26.1802716096       26.2852739056
  1        3.0457943608       25.9069492108       26.5638309618
  1       21.6253204635       11.8453729185        0.4067612652
  2       22.0797422713       11.9558012084        0.1172678916
  1       22.5227545964       12.0599669456       -0.1915841410
  1       11.2538692791       23.7504144006       11.9095429021
  2       10.7173585735       23.6582402618       11.8310560188
  1       10.1786193002       23.5758034224       11.7571360488
  1        9.7665585425       20.7753678605        9.3021600529
  2        9.5708903801       20.5638926958        9.7706600261
  1        9.3680188421       20.3461800273       10.2332011941
  1       25.8263589991       21.8612824085       16.1448363837
  2       25.7006037985       21.3647420848       16.3451694473
  1       25.5677402527       20.8683901230       16.5413377609
  1       26.9826902810        0.7346103623        8.1720163055
  2       27.4774284498        0.7076664410        7.9332524694
  1       27.9644060743        0.6823648716        7.6788657110
  1        5.0354453709       15.0735907646       25.2073886878
  2        4.5546441905       15.0806501319       25.4743725642
  1        4.0640994264       15.0890112220       25.7229604271
  1       14.6946381791       25.5122072369       13.3616651070
  2       15.0169368645       25.5102055023       12.9159975734
  1       15.3408327571       25.5052856580       12.4715122026
  1       24.2829599260       25.8484079467       11.6040238064
  2       24.6724909517       25.8677742327       11.2162216313
  1       25.0581881270       25.8824128771       10.8244010117
  1       14.1181638480        7.6562099015        8.0156348425
  2       13.7701488518        7.3789852292        8.3389489985
  1       13.4091599677        7.0923167609        8.6389626880
  1       14.5268116648       21.8973254080       18.4810988663
  2       14.9992950617       21.6695123765       18.3156882790
  1       15.4769300587       21.4532886816       18.1495193218
  1        1.4814603381       21.9997169375        8.1947083248
  2        1.7981108714       22.4264129044        8.0527118754
  1        2.1119745532       22.8528989891        7.9040538527
  1       16.1443357381       26.1059411207        1.8659399627
  2       16.6389400675       26.0138755404        2.0881796673
  1       17.1278224072       25.9433245012        2.3300817296
  1        2.7783674428       18.0732985139       10.2693162331
  2        2.7134098719       18.1142674951       10.8139280734
  1        2.6471175980       18.1341665879       11.3595555649
  1       20.1720403377        9.8308901578        3.8294666367
  2       20.2447624974        9.3659087019        3.5448550889
  1       20.3122730044        8.8970675129        3.2653371646
  1       11.5604857235        4.8391991606       11.6741860373
  2       11.2768305947        5.1311612679       11.3043240418
  1       10.9881190946        5.3955884912       10.9180289314
  1       25.4692226766        9.1546259836        0.7907674477
  2       25.9136768289        9.3390354440        0.5243961702
  1       26.3528041592        9.5396717519        0.2609341071
  1        2.4130104231       20.1909425194       22.6469239990
  2        2.4462933507       19.7062769524       22.9047835246
  1        2.4621011282       19.2093389593       23.1399488795
  1        2.1261818684       22.0265263537       11.5755181213
  2        2.5713924972       21.8474100732       11.8442277305
  1        3.0222779123       21.6701697073       12.1045893907
  1       21.8173758441        2.6062108807        3.4336615471
  2       21.6924104933        3.0335976187        3.1108237592
  1       21.5835376322        3.4727634652        2.7981257286
  1       18.5033372870       11.7796447332       11.4856851402
  2       18.7285228446       11.7149923336       10.9880793406
  1       18.9739164346       11.6419298898       10.5013105410
  1       26.8186949354        8.8133599067       14.7894144196
  2       27.0384451649        8.8783751831       15.2893972698
  1       27.2656555859        8.9776137050       15.7803424188
  1       15.1891613855        2.5146071017       10.0190966998
  2       14.7743249792        2.6021686301        9.6687486804
  1       14.3518266918        2.7041031024        9.3316959256
  1       22.3148496218        3.9411901984       21.4603066196
  2       22.4442815757        3.6014811959       21.0475776977
  1       22.5701097503        3.2524771915       20.6415438637
  1       23.2114618539       16.2961863002       22.9055175273
  2       23.2510796052       16.5854144909       22.4393871942
  1       23.2839097964       16.8510940359       21.9589326626
  1       14.8392102131       15.3630338854       11.4993574096
  2       14.4638653315       15.6063675757       11.8193651205
  1       14.0924993157       15.8301544114       12.1577535562
  1       21.9019523874       19.7393686270        9.8625725151
  2       22.4492998560       19.7918782780        9.8749614266
  1       22.9976947154       19.8337947161        9.8724937581


Molecules in box 2
##############################################################################                                           
Moleculetype  1
Number-of-molecules: 1     
Atomtype         X                  Y                   Z
  1       11.3687456039       17.9556129507       14.0737111536
  2       11.1769846881       17.4970314195       14.3091484709
  1       10.9718679686       17.0481140305       14.5518423278


Number-of-fractionals:  1        
##############################################################################                                           
Fractional-type:      2
Box:                  1
Lambda:               0.562484
Reaction-Step         1 (only used if Type = 3 (RxMC))

Moleculetype  1
Atomtype         X                  Y                   Z
  1       21.5777594223       25.8592106907       13.4660141170
  2       21.5792531672       25.4160363865       13.1402929098
  1       21.5910461920       24.9608559165       12.8317938606

------------------------------------------------------------------------------                                           

