Simulation state at cycle:    1100000
##############################################################################                                           

Number-of-molecules: 401   

Box-size(s):    27.236090   50.890209

------------------------------------------------------------------------------                                           

Deltas
Translation per molecule type
Box 1    0.4126337728E+000
Box 2    0.2545950534E+002

Rotation per molecule type
Box 1    0.6374554153E+002
Box 2    0.1800000000E+003

Volume    Delta_Volume
Box 1   0.2585099815E+003
Box 2   0.1196805470E+004

------------------------------------------------------------------------------                                           

Molecules in box 1
##############################################################################                                           
Moleculetype  1
Number-of-molecules: 400   
Atomtype         X                  Y                   Z
  1       15.6701257975       18.5126490586        3.4923092619
  2       15.5268125111       18.8663459379        3.8883645857
  1       15.3893451579       19.2202717683        4.2862832110
  1        9.2924823559       16.3799781373        8.7312297625
  2        9.3238380476       16.8400107187        9.0310411110
  1        9.3913707302       17.2917720277        9.3373923073
  1        2.6747230937       21.4234541997       19.4724758382
  2        2.3250359265       21.7816591511       19.7003093255
  1        1.9680460569       22.1211782900       19.9448190109
  1       20.2827501840       10.1449658118       19.3001192758
  2       20.7055487064        9.8494904940       19.4910007731
  1       21.1180902642        9.5493909533       19.6965481589
  1        8.0096099909       17.8054589797       23.9020189324
  2        8.3210362157       17.3899199579       23.7207979957
  1        8.6186118667       16.9542045242       23.5655536987
  1        2.6601974671        2.2382081909       20.1431376989
  2        2.8663142537        1.7282994718       20.1401429638
  1        3.0943397878        1.2280781695       20.1233202559
  1       17.9872220166       20.8238264490       24.0502582465
  2       17.9079066738       20.6897419849       24.5777337748
  1       17.8245746852       20.5592830691       25.1054991108
  1       19.2871753565       21.4900130681       12.4006817804
  2       19.0012766321       21.3888421927       12.8595133109
  1       18.7195339145       21.2774568886       13.3185496429
  1        9.1145771141       25.0333704603       14.8419764475
  2        9.4485918714       25.2395863327       15.2272155367
  1        9.7993013652       25.4353417594       15.6029583515
  1        5.8100688115       18.6331110508       21.2052754165
  2        5.3986200648       18.9313993669       21.4155942443
  1        4.9913827439       19.2449831240       21.6113568320
  1        4.0835206436       17.7699890874       17.9884132677
  2        4.5387564019       18.0786295687       17.9872059233
  1        4.9838129833       18.4016900019       17.9796829705
  1       22.5018565385       22.6873425140       19.1979497363
  2       22.5975097519       23.2271638551       19.2420335492
  1       22.6980981911       23.7642977263       19.3042361958
  1        0.8864010527       18.6158035162       19.2950419998
  2        0.3971611737       18.8497614454       19.2033466988
  1       -0.0886412545       19.0934604023       19.1190447524
  1        8.5262679324       26.0742632602       22.6196195786
  2        8.2558076506       25.6030440405       22.7050811668
  1        7.9866428899       25.1289214919       22.7775941967
  1       24.5353111221       21.7758056539        7.7237742313
  2       24.4252370795       21.5785954820        7.2222845970
  1       24.3132277617       21.3814081657        6.7212146678
  1       26.5440521526        0.1350975336       14.8263601400
  2       26.3599739558        0.2428899273       14.3194123938
  1       26.1540036678        0.3809575460       13.8284810625
  1        7.5209382670        2.8131506052       22.1430664662
  2        7.2543363419        2.4423720106       21.8365592929
  1        6.9968902078        2.0701270404       21.5240610222
  1       25.3906282321        7.5585412461       16.9496936398
  2       25.9153109952        7.4092249678       17.0197839187
  1       26.4384069040        7.2502079047       17.0796524643
  1       14.6944938495        7.2574637609       17.3837769334
  2       14.9884416494        7.5676180724       17.0375125923
  1       15.2683970662        7.8941585914       16.6947353277
  1       11.1376492732       10.2432144476       16.4771691288
  2       10.7058002564       10.5355596102       16.3024100588
  1       10.2789533712       10.8328864587       16.1238086009
  1       16.5028058498        0.8063494181       17.6345897960
  2       16.1595195888        0.5192798562       17.3148311220
  1       15.8252726718        0.2085280718       17.0078908574
  1       24.6041259035       22.4718661321        3.3003515202
  2       25.0594529675       22.1703708415        3.3657568296
  1       25.5096766743       21.8623661474        3.4359830444
  1        9.4331611622        9.7335535217       25.9003170365
  2        9.7249975242        9.6399404816       26.3570096427
  1       10.0184081281        9.5431733878       26.8120330994
  1        8.2996169773       12.1204811677       23.4055701077
  2        8.8170303903       12.2983401887       23.4616907696
  1        9.3361360562       12.4696284357       23.5224332015
  1       19.5274524408       26.0434986124       11.6302979476
  2       19.6836571839       25.5585681486       11.8375237267
  1       19.8444954492       25.0798963274       12.0554786281
  1       11.4380088018       17.9823316936        6.2752452093
  2       11.6675532029       17.6562672433        5.8964426985
  1       11.9174067544       17.3311183443        5.5299029390
  1        1.3329970499       21.2178606264       16.4636047355
  2        1.5634036877       20.7323984644       16.3463901011
  1        1.7974207691       20.2509865968       16.2199835414
  1       17.0502199991       19.4703794204       17.2440399511
  2       17.1002757023       19.4850991604       16.6965203115
  1       17.1596697407       19.4912229146       16.1497709659
  1       24.3034004452        3.6433994740       24.4485365032
  2       23.9480890911        3.8635150670       24.0910410944
  1       23.6008291001        4.0912569798       23.7304247903
  1        4.0952754269        1.5452762884        0.0748201995
  2        4.4320642256        1.8436259850        0.3911440265
  1        4.7735657557        2.1448267520        0.6996157462
  1       21.4102328574        1.4034174511       22.6127936467
  2       21.6611874701        1.0272432469       22.9258667219
  1       21.8941831717        0.6407140849       23.2402044526
  1       23.4923632011       26.4739527001       12.3764731877
  2       23.2060733980       26.4761746928       12.8460828250
  1       22.9182340531       26.4748507265       13.3147476921
  1        7.7006916834       21.1999056992       14.5958447719
  2        7.7074002388       21.5956062066       14.9777820754
  1        7.7345734749       21.9971017357       15.3526993387
  1        5.4869424416       14.7108670102       24.3919368171
  2        4.9772607384       14.9130181280       24.4350585873
  1        4.4660388051       15.1124289593       24.4723071334
  1       20.0118760758       27.0478452765       19.6103678405
  2       20.0188430016       26.5115513724       19.4885470279
  1       20.0373600113       25.9769248158       19.3607520191
  1        2.6815140660       14.3916891602        0.2074884547
  2        2.7615161461       13.8517833376        0.2753218530
  1        2.8498280745       13.3115456049        0.3286528419
  1       12.6933514840       17.6013469574        2.3954638878
  2       12.7340488577       17.1361809074        2.1048365153
  1       12.7504114096       16.6644295553        1.8225548693
  1        3.2510300412       13.0524480688       18.4251191430
  2        3.4654512369       13.5362893602       18.2753821885
  1        3.6744430176       14.0215849518       18.1227040191
  1       17.2444307100       23.3350476735       10.4707252908
  2       16.9878629073       23.7240798152       10.1786175105
  1       16.7310611040       24.1117775149        9.8849453694
  1       12.4509986944       21.0554164267        5.6234960066
  2       12.0582127851       21.3903594962        5.4336740646
  1       11.6608488194       21.7184678372        5.2414585752
  1        9.4187818715       20.2862391796        3.2168747770
  2        9.6459091402       19.9230453124        2.8719060558
  1        9.8742486794       19.5640513990        2.5233598982
  1        2.6168070803        4.6356446088        3.9151291688
  2        2.8715572342        5.0522429146        3.6620516893
  1        3.1219248990        5.4747565398        3.4144668191
  1       14.2414898957       18.0875485364       18.7517604712
  2       13.9142616575       18.5269990098       18.7037504563
  1       13.5879064230       18.9674927238       18.6595062718
  1        3.2828498087       24.9511856484       26.8077490022
  2        3.0572717345       25.3209924699       27.1466552537
  1        2.8239779529       25.6798363193       27.4920609603
  1       18.1800778113       17.0280808510       13.5396096650
  2       18.0824149728       16.6868151693       13.9597283441
  1       17.9911441114       16.3497178396       14.3846224710
  1       23.8250639827        3.2670034125       12.7676316653
  2       23.8790993458        2.9566356763       12.3167968310
  1       23.9275708253        2.6573746762       11.8578923001
  1       16.5830422874       21.8521236482        1.2145382675
  2       16.5949112890       22.2361304096        0.8209675191
  1       16.6066131929       22.6182605015        0.4255694193
  1       17.1277737890       24.2535342927       14.8726872132
  2       16.9090271353       24.1653224981       14.3758285001
  1       16.7004412603       24.0568716107       13.8786058771
  1       26.9403110161       15.3555707206        6.6075173967
  2       27.2107013086       15.2101323757        6.1511877159
  1       27.4721057831       15.0789375894        5.6854027572
  1        9.0456862679       24.6384304878       19.1531548530
  2        8.9918559087       24.1690211193       19.4346812943
  1        8.9472528245       23.7058393300       19.7278931528
  1       12.1792282956        2.8501443228        4.7895416516
  2       11.7189879433        3.1356129280        4.6936954542
  1       11.2659695112        3.4300604893        4.5908609621
  1       26.5540441598       15.0920408436       19.0835085122
  2       27.0008938197       15.0556141967       18.7649202501
  1       27.4500533285       15.0170737818       18.4498482408
  1       24.9203900007        7.0668621463       12.3992398591
  2       24.9105722739        6.8782619300       12.9157992174
  1       24.8874188239        6.7022632492       13.4363646610
  1        6.8805426817        4.4980632314       12.4418256838
  2        6.7092583144        4.7313502964       12.9095208953
  1        6.5375488354        4.9438808034       13.3868537324
  1        5.1422361498       25.8755337110       15.5429486447
  2        5.6577736282       25.8244508732       15.7276420446
  1        6.1718345702       25.7565733891       15.9110377755
  1       24.3182080625       15.4471823524       26.1269033672
  2       24.2662441625       15.9336762371       25.8756595549
  1       24.2247751312       16.4219459294       25.6259136320
  1       21.4248833129        5.3794776427       11.0812073976
  2       21.7171280076        5.8011307325       11.2794539874
  1       21.9995926377        6.2180496798       11.5005700725
  1        5.5240195755       18.3748656069        1.8677102980
  2        5.3916758934       18.9061984044        1.8160323711
  1        5.2286222118       19.4306801541        1.7871811979
  1       24.5284282301       11.0416718669        9.5866362653
  2       24.5605657881       11.1328754443       10.1280687032
  1       24.5982512648       11.2303760685       10.6680441028
  1        7.9991890443       20.5576402912       27.1081219267
  2        8.2208716347       20.6289207316       26.6098489815
  1        8.4613779931       20.7023298464       26.1206989100
  1       18.9266127401        2.3858784124        6.1764952429
  2       18.4322645972        2.4795846278        6.3986192146
  1       17.9419717599        2.5886846247        6.6226953698
  1       10.3589141754        1.7715551553       19.7813169057
  2        9.9766710934        1.3761073142       19.7779656210
  1        9.5885464825        0.9867504580       19.7618248655
  1       16.0707828643       26.7102007146        1.3071548895
  2       16.3458242103       26.9765564556        0.9123044403
  1       16.6009387637       27.2346557834        0.4990233004
  1       23.2026058380        3.3752530183        4.6261265001
  2       23.0651630031        2.9825705915        4.9858624850
  1       22.9314713586        2.6044697603        5.3622483303
  1       15.7869548024        7.2260839226        7.6569190779
  2       15.8081134654        7.1812192275        8.2046776653
  1       15.8159392564        7.1391736738        8.7530123509
  1        7.6897968384        1.7957181119       26.0661086274
  2        7.4336170518        1.5771546909       25.6312500895
  1        7.1886443338        1.3489450523       25.1948916047
  1       22.9777675968        4.5021138964       15.6993082104
  2       23.1985184826        4.4652904003       16.2017154919
  1       23.4393419553        4.4188486910       16.6940032347
  1       18.2238452328        0.4737031590       23.9215643806
  2       18.2640035444        0.8766422494       24.2937570719
  1       18.3241458558        1.2648362902       24.6787093910
  1       18.4857138237       17.0116758397       25.1546433697
  2       18.1596042909       16.7172361531       24.8237992319
  1       17.8212789649       16.4277787412       24.5009209583
  1        9.9684649206        7.2172027207        2.8094735213
  2        9.9599671153        6.6782163152        2.7002881651
  1        9.9326415875        6.1433482261        2.5751105243
  1        4.4783323034        7.5041577309       12.6100326104
  2        4.5893139269        7.3106656427       12.1072962073
  1        4.7009014387        7.1246506637       11.6018789007
  1       14.3653673701       17.7393692998       12.2653483900
  2       14.5342471462       17.5276322318       12.7440414391
  1       14.7048324223       17.3203415696       13.2240739837
  1       18.6313462385       13.1257383984       13.8303058654
  2       18.2295561596       13.0700499898       14.2017402925
  1       17.8126248294       13.0390056656       14.5590979772
  1        6.8080355802        8.5085852691        1.5535266803
  2        7.1897351237        8.3059617527        1.2133073848
  1        7.5682843125        8.1029221928        0.8698318430
  1        9.0397692695       11.0716596330        2.1983329262
  2        9.2098294978       11.3206826840        2.6582970974
  1        9.3918247434       11.5549266045        3.1214466577
  1       24.2167672177       18.6209179712       20.2336258966
  2       23.8273899881       19.0003918423       20.1506502724
  1       23.4426190013       19.3813916700       20.0542634577
  1       27.2541564541       19.4580786976        5.6413700267
  2       27.0126083343       18.9698984474        5.5649858068
  1       26.7627846209       18.4887273598        5.4724520527
  1        1.3277791916        8.3144146177       19.4798692022
  2        0.8100696918        8.3252517530       19.6652321712
  1        0.2955404189        8.3605431606       19.8563189130
  1       27.0258554347        6.9193087227        1.8302198489
  2       27.2071818136        6.9719620650        2.3467935318
  1       27.3993989045        7.0108280291        2.8606437296
  1        0.1951539962       12.8271733439       13.9310034774
  2        0.6969886659       13.0520913264       13.9224089714
  1        1.2058869606       13.2599734655       13.9399458132
  1       21.5738720946       12.6633011256        8.1442149207
  2       21.2137713470       12.5715622592        7.7387381247
  1       20.8612378808       12.4683086256        7.3293986063
  1       10.1200785443       27.0796906452       26.3138394341
  2       10.6355060768       26.9407374178       26.1814518994
  1       11.1476042597       26.8147237283       26.0253237462
  1        1.7217681680        4.3260691827       17.6790151378
  2        1.4377293083        4.6299689876       18.0388301386
  1        1.1407003177        4.9141358211       18.4042381140
  1       13.5902118960        2.2463177807       11.0775583144
  2       13.5369963284        2.7326647941       11.3288244798
  1       13.4982874171        3.2242647626       11.5724042208
  1       10.0030443216       13.9165787346       16.0706570444
  2        9.8470863142       14.0677009104       15.5653460630
  1        9.7136615904       14.2149706557       15.0525015795
  1        1.3708619705        5.2972782561       21.7353566946
  2        1.3523099633        5.0681769298       22.2350249899
  1        1.3155125113        4.8082021241       22.7183044607
  1       18.3252230184       25.0851131865        7.0122904815
  2       18.2569036940       24.5558272470        6.8792909921
  1       18.1884944505       24.0244311626        6.7550397311
  1       15.5184332676       10.4889695762       26.5173686740
  2       15.9955489563       10.5631476952       26.7807281740
  1       16.4659059213       10.6316722243       27.0574386968
  1        1.2071436803        6.1195906949       10.4550922140
  2        0.8912453502        6.0966887101       10.9047406812
  1        0.5843424651        6.0657145779       11.3600990250
  1       14.5417645972       23.5336916362        3.9470951089
  2       14.9550390575       23.1998281603        4.0893603539
  1       15.3856902222       22.8898911539        4.2342003533
  1       13.1071444360        6.2062315705        1.6376594220
  2       13.6008417311        5.9638221990        1.6368363669
  1       14.1008055007        5.7348389298        1.6266928738
  1       12.1321063734        5.1419333340       22.4529368463
  2       11.9702038630        5.0333473685       21.9386444535
  1       11.8168278575        4.9027937172       21.4268519721
  1       21.6223925023       16.4021568594       14.9076802518
  2       21.6212304667       16.8426165545       14.5782961194
  1       21.6065649927       17.2828552839       14.2489410163
  1       23.9030006007        6.5744103471        5.1021127706
  2       24.4251769723        6.4585015594        4.9740620387
  1       24.9456923676        6.3209436899        4.8616273702
  1       24.0441904219       13.2156215638        5.4827362153
  2       24.4690807590       12.9821727166        5.7424857816
  1       24.8699693764       12.7373693151        6.0285969664
  1       24.7831513991        6.8790879704       20.0106128099
  2       24.4357767115        6.7101806881       20.4021497256
  1       24.0903140981        6.5504759137       20.7992013177
  1       21.1657949617       12.6186107895       16.3463379556
  2       21.5414029365       12.2436147888       16.4905483877
  1       21.9201762114       11.8669992623       16.6216649403
  1        3.9029282903        2.8841978058        9.2143752611
  2        3.7941514483        3.1898135269        9.6585223422
  1        3.6778699960        3.5096248171       10.0906095573
  1       21.3697918723        1.9412710596       26.4614206364
  2       21.2182241146        2.3753083590       26.7633127322
  1       21.0666837050        2.7967078898       27.0826212643
  1        9.3547956062       16.2616617486        3.5591621838
  2        9.2235590533       15.7275599567        3.5556631789
  1        9.0909724412       15.1938174409        3.5619652489
  1       13.2050661872       13.8845092498        9.0780199280
  2       13.4706246603       13.9833856742        8.6066366974
  1       13.7437987571       14.0748993830        8.1381271959
  1        6.8155865928       25.5239305365       26.8162523641
  2        7.2387315917       25.2109167810       26.9758477863
  1        7.6659335252       24.8963437754       27.1209075364
  1        6.1846542648        0.8721279762       13.3356206786
  2        5.7262441358        0.8953725998       13.0326027895
  1        5.2629093110        0.9173842293       12.7370755873
  1       24.8146186251       21.7333939118       16.4626632873
  2       25.0697396005       21.4986493460       16.8896390205
  1       25.3357289331       21.2657950019       17.3109803648
  1       21.3379776877       15.9532406138        1.5726612035
  2       21.8317875818       16.1876218349        1.5116920985
  1       22.3248794942       16.4254756013        1.4589099929
  1       22.8257001741        3.3413328957       19.9762018378
  2       23.3745228084        3.3663600719       20.0020350820
  1       23.9232484493        3.3748965825       20.0384671833
  1        2.2207789333       25.2193912984       17.0080863766
  2        2.0249806557       25.5309470318       16.5993125278
  1        1.8216283816       25.8620503208       16.2100588013
  1        9.0705765876        1.2362935033       14.9561656977
  2        9.1847801822        1.6937838266       15.2392913642
  1        9.3106522095        2.1541865527       15.5125779564
  1       14.4126990767       14.5398810008        4.0402138521
  2       14.7208738833       14.8260810908        4.3946398629
  1       15.0191946058       15.1095866527        4.7595088008
  1       16.7049130939        5.3706695388        4.4627691765
  2       17.0847967369        5.4485251117        4.8528036975
  1       17.4828756786        5.5095897713        5.2273758033
  1       22.1382964657       24.1528441824       15.9822590199
  2       21.9352776004       23.7877429086       15.6245099455
  1       21.7210537812       23.4185526292       15.2776573949
  1       22.0058207928        7.9985247450       23.3624484970
  2       22.1796592472        8.3850356329       23.0118924739
  1       22.3830295075        8.7671905864       22.6726313242
  1       19.7541203760       16.8335902090       18.2585314554
  2       19.4678127465       16.7215471844       17.8024894596
  1       19.1722875857       16.5922205808       17.3570239638
  1        8.0939087295       18.2255158167       16.1706021450
  2        7.9932015927       17.6976555449       16.2877414044
  1        7.8911099339       17.1688688195       16.3993742453
  1        8.5771514834        0.4202538057        2.1480218399
  2        8.9635481891        0.3817611150        2.5375290909
  1        9.3424015716        0.3433387815        2.9343840239
  1       18.6153107758       12.8277137071       18.1817410581
  2       18.4059298719       13.1394000676       18.5836256805
  1       18.1996773258       13.4588648807       18.9809946770
  1        6.8635632263       17.1434762335        5.6243676252
  2        7.3138703711       17.4123964313        5.7899133968
  1        7.7760410201       17.6524166141        5.9667992414
  1       26.9869128312       25.1231375673        1.6780417088
  2       27.1317856950       24.8240992518        1.2397633278
  1       27.3009163613       24.5244402225        0.8106954044
  1       21.5272998296       14.4901052123       11.9896727628
  2       21.6719889561       13.9682884536       12.0859656860
  1       21.8217404086       13.4473782471       12.1793844108
  1        7.2200412403       12.8783157214       12.9711670246
  2        6.7943271046       13.2265491342       12.9701847343
  1        6.3581111072       13.5615319294       12.9716439975
  1       14.1121718109       22.5727252090       11.6441403941
  2       14.1646331557       22.0327558726       11.7345888494
  1       14.2143998248       21.4930547646       11.8281088563
  1       12.4971848557       14.8224490762       18.3948307476
  2       12.5173794970       14.2732777737       18.3724018158
  1       12.5381884826       13.7237101468       18.3658896355
  1       17.4014793082       12.5097753553       24.0585140095
  2       17.0010218571       12.1978967005       23.8466991505
  1       16.5963000846       11.8701263650       23.6698746809
  1       22.7214732091        8.0671817529        8.8543004277
  2       22.4569849827        8.1787029024        8.3851426596
  1       22.1875700614        8.2768098746        7.9157913827
  1       18.5753179705        7.8890015903       11.0853414786
  2       18.3915805462        7.3710018992       11.1057590928
  1       18.2218944535        6.8488011635       11.1375870757
  1       22.8881356924        1.0280393564       16.5955912808
  2       22.7913859187        0.5303829618       16.8088460444
  1       22.7067107744        0.0335046907       17.0289417112
  1       10.0362553828       17.0252546603       20.1348666002
  2       10.5413184519       17.2154407809       20.2408879929
  1       11.0431312930       17.4100088841       20.3541448900
  1        6.3432757333       26.3676051426       20.0478825030
  2        6.0031095657       26.4808600556       19.6307970165
  1        5.6494543944       26.5881684410       19.2234729082
  1        2.8856959219       16.8257245768       21.6989088887
  2        2.8142721512       16.4137820008       21.3415547799
  1        2.7667001765       16.0043317603       20.9774292428
  1       12.6341369796       26.6228164959        3.7531337095
  2       12.7085569804       26.8548915407        3.2600791111
  1       12.7885493354       27.0786917265        2.7640804226
  1       15.7364559057        6.4959428895       20.3194067759
  2       16.2258192417        6.2652173011       20.2204662468
  1       16.7045504042        6.0216241089       20.1022341457
  1       15.1423340828       13.6862787172       20.2180872776
  2       15.4285003044       13.6961026185       20.6876747397
  1       15.7164691421       13.6998295544       21.1562471007
  1       17.5755369969       19.9223927893       10.3051473592
  2       17.6132462101       19.3948523063       10.1542200456
  1       17.6617739380       18.8621549834       10.0262410596
  1       20.8414085985       20.2685179995       16.6787892186
  2       21.3626140378       20.1189640769       16.7708680668
  1       21.8811351447       19.9597541995       16.8619069354
  1       19.7849880719       12.0166724055       21.8389058185
  2       20.2291718924       12.3396152429       21.8690497632
  1       20.6817734414       12.6516857226       21.8852933005
  1       19.9493702326       25.4180087708       26.2010915279
  2       20.4518126862       25.4200974693       25.9773791721
  1       20.9479909985       25.4166152326       25.7401135921
  1        9.8057187060       12.9258990472        8.5333534506
  2        9.7362208066       12.5091170782        8.8854370093
  1        9.6702569674       12.1028324483        9.2502404774
  1        2.0397021217        4.9715041090        7.2434941895
  2        2.3734134652        5.3944383020        7.1327539186
  1        2.7025710873        5.8166478158        7.0066809821
  1        0.0841715640        2.5550279400       10.9660144623
  2        0.3261571552        2.7474968253       10.5111532728
  1        0.5611791003        2.9416097852       10.0533489006
  1       14.1678349174        8.5067786396       22.3551505571
  2       14.6318318036        8.4095681341       22.6339999918
  1       15.0915023468        8.3295129367       22.9251943531
  1       26.6293545755       13.5409831931       24.6847250939
  2       26.9466472295       13.3924606561       25.1087138057
  1       27.2614562586       13.2662008376       25.5416730791
  1        1.2129959323        0.7186646401        2.8503696561
  2        1.5754730234        0.3203559585        2.9619965017
  1        1.9229193798       -0.0913254732        3.0728992844
  1        3.8255555731       26.5555154587       23.8403900883
  2        4.2947340167       26.6993455083       23.5920264337
  1        4.7526295367       26.8677779608       23.3381323601
  1       11.7352850399       21.1299073402       20.7056354678
  2       11.6785699660       20.7800566931       21.1262159299
  1       11.6265800981       20.4175518904       21.5365661713
  1       14.8062757477       21.1473368344        8.2587443731
  2       15.3220825418       21.2548002800        8.1009630085
  1       15.8334027854       21.3761933037        7.9387429688
  1        5.4137183446        2.2575587214        5.0169043233
  2        5.0515793850        2.2876774925        5.4297580910
  1        4.6927110255        2.2915803778        5.8465293317
  1       15.0914927436        2.6531951795        2.5409441101
  2       15.2625643651        2.5880022977        3.0595811590
  1       15.4426691896        2.5179894525        3.5745184879
  1       11.6143634829        7.4253490203       18.4581818918
  2       11.1983763660        7.6896847924       18.7022747392
  1       10.7914200665        7.9612681574       18.9535296798
  1        7.6209762534       24.2292876271        5.0460440841
  2        7.9988411241       24.5068961467        4.7585520853
  1        8.3854498439       24.7813498961        4.4797890386
  1        8.6988551222        7.5456260474       11.4487396779
  2        9.2058015002        7.3413620466       11.3872450619
  1        9.7099577540        7.1309468580       11.3235903749
  1        5.3662932973       26.1813676851        2.3009782770
  2        5.4700191511       26.2941183850        2.8292095018
  1        5.5818332316       26.4047429593        3.3562387362
  1        5.3538611195       23.0039965345       21.0169082911
  2        5.1330775457       23.3063990264       21.4197821504
  1        4.9175435633       23.6134253465       21.8220009219
  1       11.7958716683       20.8812656044        9.7367842620
  2       11.6969913494       21.3280164378        9.4316017341
  1       11.6072937951       21.7829292176        9.1357830217
  1       20.6374452284       26.8538132913        5.7916500588
  2       21.0620608773       27.0924567474        6.0470925212
  1       21.4781908808       27.3368902195        6.3108880800
  1       20.5113639232       13.3916187373        3.9341623205
  2       20.6919234637       13.8655567942        4.1469555782
  1       20.8665804018       14.3422684752        4.3584760884
  1        1.9635024996       25.3057201853       20.8448037325
  2        1.5217355444       25.5672164336       20.6474166271
  1        1.0813407264       25.8222489281       20.4388241297
  1        1.7409602398        7.0875224448       26.1231305238
  2        1.8770344121        7.2953010024       25.6324046425
  1        2.0016778998        7.5038922578       25.1389943789
  1       12.5361521939       24.9202815202       21.8270599154
  2       12.0633228264       25.0875822728       21.6013546932
  1       11.5911803206       25.2275563502       21.3564287638
  1       21.2027129893       18.4264471708        7.5610234589
  2       21.6662858136       18.7203211617        7.5258337733
  1       22.1268118642       19.0205183769        7.5085888386
  1        5.3981484291       15.1041802107        3.4305616679
  2        4.8715774888       15.2451927394        3.5036267865
  1        4.3378488626       15.3587093472        3.5725305768
  1       11.5063744185        3.5716219046        1.2251763036
  2       11.6071099570        3.0521590496        1.0751406625
  1       11.7169169005        2.5354221654        0.9220869900
  1       21.7661619319        8.6961152280       16.2941854070
  2       22.0644374822        8.2370450067       16.2414006743
  1       22.3709219192        7.7839272588       16.1843779127
  1       10.2510740444        8.1699600069        8.2651797737
  2       10.6057027272        8.5108061143        8.5112741223
  1       10.9677201955        8.8430316650        8.7583966326
  1       20.8620086599       11.3462274591        1.2321955810
  2       20.4313089884       11.6497221808        1.0744339036
  1       20.0019828358       11.9664474191        0.9407769652
  1       17.8401222655        4.1758165487        1.0762242743
  2       17.9180948392        4.0883148536        0.5388568664
  1       17.9956714856        3.9998439738        0.0015908556
  1       24.4610823465       10.6454849301       18.5945836041
  2       24.8736104561       10.8675029297       18.8827303839
  1       25.2649005522       11.1029701962       19.1892385013
  1       17.2451233535       13.6663340495        7.1427129453
  2       17.4412712618       13.6170383052        6.6312484523
  1       17.6630508271       13.5527100816        6.1320734298
  1       20.2058850098        5.8974624865       19.4550649020
  2       20.6101363126        6.1056582046       19.1456534817
  1       21.0201296757        6.3196238121       18.8479553795
  1       16.6754141336       10.0780500798       13.1615058692
  2       16.3032371708        9.6857045276       13.2617519465
  1       15.9181715208        9.3054951637       13.3600641214
  1       26.1289049428        9.2564300145       22.8060978927
  2       26.3967301664        9.6513997700       23.0795362621
  1       26.6326678584       10.0489999584       23.3774414393
  1       11.2472034119       19.0047699598       13.1373073041
  2       10.7766205287       18.7202520553       13.1473726939
  1       10.3177734094       18.4176566151       13.1672553408
  1        7.3209750905        2.2981508848        9.2881237454
  2        7.7282006220        2.6087974456        9.4885385175
  1        8.1114252910        2.9260196300        9.7230783601
  1        0.4329638543        9.6461079110       11.7106861222
  2        0.7851095319       10.0607676550       11.6297496133
  1        1.1388166514       10.4729316338       11.5430770848
  1       19.2790347493       23.3405935170       21.6241153086
  2       19.6040090221       23.5428174936       22.0190800985
  1       19.9135018558       23.7647244084       22.4159068946
  1        8.8564706258       21.0791789282        6.4551720321
  2        8.8766891178       20.9237490415        6.9823653201
  1        8.8779546633       20.7831922657        7.5141003952
  1       25.6219696022       10.1470769378       14.6035845817
  2       25.0836895362       10.0404193980       14.6407159658
  1       24.5479869871        9.9309273817       14.7001657450
  1       12.3641978262        8.5908832098       13.7787949673
  2       12.3887036567        8.1262699492       14.0721104670
  1       12.4122766214        7.6520933691       14.3497809285
  1       22.9620611220       22.7862721961       22.8869669700
  2       22.6720607607       22.5363910906       23.2818836999
  1       22.3998502518       22.2967446787       23.6953701387
  1       19.0860376879       25.1428740740        3.0640821517
  2       18.8816095890       24.6793241910        2.8500011897
  1       18.6796864644       24.2130041404        2.6395904932
  1       25.2921446199       26.4521517257        4.9911190750
  2       24.7540466971       26.3611963101        5.0595130644
  1       24.2139765630       26.2769036744        5.1204966753
  1        1.8575288771       -0.0045188766        7.7386896493
  2        1.5016810476        0.1302834190        7.3415742211
  1        1.1371136580        0.2535722361        6.9486486747
  1       27.2941755584       10.1267392570       26.6921209741
  2       27.0207893586        9.9641282518       27.1408053251
  1       26.7410584542        9.7839886078       27.5787554693
  1       16.2235221697       21.0170720989       21.3448820410
  2       16.3701232726       20.8063158336       20.8584769493
  1       16.5134307739       20.5972919751       20.3703458341
  1        9.5963383980        5.9029794654       26.4272127904
  2        9.6016812549        5.3950151236       26.2163960894
  1        9.6184197834        4.8872105957       26.0057912887
  1        0.9068936821        0.4614044234       25.9733078440
  2        0.9612007084        0.6692193764       25.4669841410
  1        1.0215540636        0.8692605796       24.9582199633
  1       13.1226896737        6.5366384498        5.3346131906
  2       12.9936247313        6.3772469930        5.8449430879
  1       12.8328241566        6.2423651198        6.3533229208
  1       10.8818251967       20.7163501676       16.7907608911
  2       10.7729985523       21.2079783394       17.0120265734
  1       10.6614254404       21.7002832805       17.2304007583
  1       14.4334340369        1.8737432431       20.2918573034
  2       14.3325754863        2.4142179229       20.3065090343
  1       14.2207959957        2.9517056014       20.2731572727
  1       12.9210635833        8.3685788893       25.6971214442
  2       13.0542850512        7.8596181426       25.8574679403
  1       13.2005492179        7.3536256140       26.0158294049
  1        9.2998031784        0.4448551220        6.4660910903
  2        8.7571835302        0.3551577036        6.4618143507
  1        8.2123509684        0.2815466541        6.4772704820
  1        7.2687565417       17.4310170993       12.5317073869
  2        7.4463796038       16.9116423873       12.4970670009
  1        7.6283894602       16.3933928473       12.4689631676
  1       20.2549170063       22.7187058292        9.2831463251
  2       20.6158498660       22.4453682660        8.9708739324
  1       20.9738589504       22.1735730674        8.6539246233
  1       13.3304068786       11.3080887127       24.0315289547
  2       12.9813265774       11.5691472207       24.3669263290
  1       12.6361061017       11.8397753395       24.6987142786
  1       12.8395957626       20.9476627437        0.6272232220
  2       13.0687125954       21.0157624285        1.1225694745
  1       13.3115859150       21.0936585465        1.6098524974
  1       13.0822147891       10.7268108442       20.2301129534
  2       13.2184430995       10.5260507189       19.7365167424
  1       13.3585451079       10.3292556076       19.2424083430
  1       16.9876996869       10.4131628449       20.3446480500
  2       16.9088275723        9.9952238207       19.9959272999
  1       16.8178543513        9.5721923097       19.6564155729
  1        7.9995479774        8.5402062320       14.5614329884
  2        7.5050754748        8.7591121444       14.4610480010
  1        7.0045765030        8.9690961610       14.3721239265
  1        7.1932144793        4.2318512125        2.4891969029
  2        7.4660104229        3.9655712631        2.0927409006
  1        7.7319934644        3.7012346098        1.6903988144
  1       12.6397860512       14.3640142604       22.5296430567
  2       12.2970790759       14.7880709053       22.6019472127
  1       11.9294229444       15.1962460539       22.6288175692
  1        0.9676074234       16.4491655531       15.0731085902
  2        1.4127270474       16.7207920919       15.2480015394
  1        1.8566444715       16.9992574885       15.4150175343
  1       12.3178977313        0.7496110942       14.4264468551
  2       12.8060866638        1.0028593482       14.4325204010
  1       13.2862904573        1.2708717426       14.4239371507
  1        5.2529735186        5.8459935960       19.6751739530
  2        5.2223576355        5.5598553859       20.1438823831
  1        5.1866072417        5.2703867994       20.6101761164
  1       22.0069551582       19.2320447897       26.5981849491
  2       21.8682971018       19.1724664263       26.0692952044
  1       21.7284678494       19.1034265678       25.5418662736
  1        6.7737716991       13.7081637946        9.8014605794
  2        6.5053754850       14.1812540272        9.7199185405
  1        6.2321060082       14.6505419682        9.6327828969
  1        3.4622190572       12.9597002066       10.9236632368
  2        3.5654962249       12.4816079456       10.6721446160
  1        3.6575490742       12.0027428021       10.4177542737
  1       16.4573968112        1.5659040231       13.9891625108
  2       16.6763629113        1.1161271398       13.7605698552
  1       16.9072288003        0.6739014810       13.5289723444
  1       13.5654212446       21.0162569511       24.2652242555
  2       13.8906662802       21.4575204002       24.3099705987
  1       14.2176921431       21.8953691876       24.3719586893
  1       26.5993499869        8.4871065561        8.3302702149
  2       26.3405135947        8.6500138132        7.8731433752
  1       26.0957766504        8.8212731144        7.4113273091
  1       21.7974401211        6.0313354508       26.6033191555
  2       21.3305475671        6.2813858176       26.4550418579
  1       20.8619286920        6.5287345760       26.3076819560
  1       14.4647650899        0.0717485242       23.9224879437
  2       14.6716259721        0.5716393043       23.8234032155
  1       14.8943413323        1.0636651013       23.7194393640
  1        1.4373526892       16.8323361356       25.5447778679
  2        0.9130605548       16.9904154485       25.5960486066
  1        0.3857980867       17.1422484627       25.6340094351
  1       16.9247601334       24.8025293702       24.5898420006
  2       16.7179843352       24.6100254708       24.1179458066
  1       16.5126166077       24.4341194908       23.6390082514
  1       12.4755160962       17.4707352037       15.7079165270
  2       12.0372993218       17.3983124261       16.0322943929
  1       11.5895480367       17.3148935970       16.3406125479
  1       20.9960905072        5.2199103905        2.9078340423
  2       20.8011646965        5.1882452297        3.4211577666
  1       20.6064912756        5.1616498978        3.9348648295
  1       19.8589888367        2.5446234468       12.9340436971
  2       20.0705642772        2.7670972785       13.3903782533
  1       20.2655221384        2.9946460181       13.8515864519
  1       10.9987811212       23.1834390774       12.4431394877
  2       10.8422648323       22.8361920051       12.8399040553
  1       10.6684966170       22.4959299223       13.2355381304
  1        6.2488992358        5.7865896760        9.1437784437
  2        6.4380778941        6.2998969991        9.0869715139
  1        6.6430737349        6.8092735294        9.0551555638
  1       16.6712200434        3.9962784101       16.5317600624
  2       16.1476801697        4.0603277176       16.6876564599
  1       15.6270878121        4.1279842888       16.8516875075
  1        1.8390488206       21.9491577990        2.8991362493
  2        2.2028459504       21.7653531061        3.2684159309
  1        2.5658139831       21.5847626257        3.6400895573
  1       14.5672445869        3.4662147111       26.5575595740
  2       14.6850254034        2.9316117991       26.6107329300
  1       14.8196756072        2.4001891916       26.6549972929
  1       20.9691963195       22.6360384632        0.6437918614
  2       20.4833391241       22.4101168593        0.5196862021
  1       19.9958919249       22.1966120259        0.3807224910
  1       24.7252386369       19.8797188646       23.7730916631
  2       25.2697943625       19.8736072168       23.8500443073
  1       25.8124019546       19.8708574047       23.9398743605
  1       11.0184118730       18.4233771177       26.1391165883
  2       11.1281113248       18.6837673831       25.6672448474
  1       11.2375380752       18.9295937758       25.1875624838
  1       13.6961066214       24.3605324777       27.5733506295
  2       13.8096722118       24.6761395450       27.1374664295
  1       13.9292904968       25.0081352561       26.7156011517
  1       25.7964841923       25.0404571087       10.4366474626
  2       26.2062739202       25.4057838316       10.4699455772
  1       26.6081243321       25.7787695607       10.5135103722
  1       11.6359776590       15.6111901736       11.8526896540
  2       11.2407233734       15.3172975065       11.6079425398
  1       10.8424915504       15.0223139789       11.3694134376
  1        5.1289102748       22.6635643436       25.2350139984
  2        5.2212555502       22.4097021751       25.7141030815
  1        5.3003118678       22.1525449497       26.1938115962
  1       16.1417274304       14.8754168611       11.1468964664
  2       16.2175455022       14.3578840270       10.9768629824
  1       16.2953381399       13.8462936183       10.7905203995
  1       16.8252188678        0.3715848642       10.2085328560
  2       16.5832150725        0.4766776814        9.7259464255
  1       16.3316889697        0.5731348494        9.2464355984
  1       24.8470706865       16.0570219507       12.4028411133
  2       24.8406903245       16.3398389685       12.8745124241
  1       24.8393882992       16.6428447106       13.3335176789
  1       25.0042358396       25.5977167362       21.0610023137
  2       24.6253840516       25.9963458742       21.0691345322
  1       24.2373817515       26.3860961505       21.0621390851
  1        3.6043255903        1.4620346847       16.4068231884
  2        3.4011005779        1.5714951738       15.9076058052
  1        3.2105960777        1.7024189895       15.4085396885
  1       16.3770711025        4.1711157015       23.7358700320
  2       16.0917571887        4.3296237573       23.2931837244
  1       15.7840647897        4.5000302596       22.8703515940
  1        3.7428845884        9.2697881927       22.0430199286
  2        3.6788063604        8.7261721413       22.0966442646
  1        3.5816268101        8.1866664783       22.1412511421
  1       17.8490060512       17.6399372955       21.3700080776
  2       17.6435482559       17.5147410720       20.8754244144
  1       17.4362998302       17.3900648163       20.3814568848
  1        7.1682755949        9.4866004946       20.3061962144
  2        7.4064685796        9.1391889921       19.9525447617
  1        7.6174862086        8.7838600607       19.5896220293
  1        8.6718663553       20.5208509917       11.1273627161
  2        8.2016432471       20.7530295776       11.2931436944
  1        7.7269627927       20.9790563734       11.4546687786
  1        4.2652397603       10.9166989645       14.2916839213
  2        3.7755186489       10.6712307842       14.2425046015
  1        3.2888437664       10.4225200064       14.1809375103
  1        6.6206564956       15.6845498395       19.2763007948
  2        6.9891564733       15.5415912983       19.6587542193
  1        7.3473878202       15.3793874077       20.0432801599
  1       19.5207481028        8.2884234191        2.1807498674
  2       18.9885140348        8.1803677954        2.0938540732
  1       18.4541394801        8.0924883981        1.9978277968
  1       19.1535258252       18.8882178336        1.5021272856
  2       18.9453562050       18.6848200231        1.0354424457
  1       18.7112329521       18.5087946340        0.5699305083
  1       25.3409695793       25.6062523204       17.7611863144
  2       25.4520494760       25.2169391829       17.3889007553
  1       25.5559421230       24.8180636690       17.0247515534
  1        6.3748152923       24.4842056618       12.0705869181
  2        6.7256582260       24.8113377500       11.8015258977
  1        7.0731320823       25.1298205805       11.5180993554
  1        8.3038555917        6.3611725987       23.4180132857
  2        7.7542803193        6.3476262826       23.4011753151
  1        7.2052092756        6.3385734388       23.3705316534
  1       15.2516104776       11.1939677764        6.1416284965
  2       15.0673486498       11.0277415410        6.6324608686
  1       14.8873689454       10.8582883081        7.1237783900
  1        4.6266107780       12.5275793469       21.6158919659
  2        5.0703323163       12.5074164150       21.2915392988
  1        5.5252969070       12.5000160860       20.9825854911
  1       13.8387034438       17.6224363190       23.4690155207
  2       13.8731605530       17.7121321008       22.9274738562
  1       13.9120793050       17.8013267430       22.3861517289
  1        9.3899004713       24.4230070946        8.2799238529
  2        9.3476457282       24.3925032403        8.8274492418
  1        9.2820437631       24.3228198438        9.3690585156
  1        1.3933729852        3.8549456401        0.8546055005
  2        0.8857145278        3.7965579453        0.6512000735
  1        0.3771834000        3.7328171382        0.4516175078
  1       20.0409472764        1.7126833110        2.9362539112
  2       19.5299485055        1.5318682711        2.8430542467
  1       19.0243166711        1.3452962764        2.7333850270
  1        9.9905114051       23.6099576174       24.7252980882
  2       10.4694905254       23.3820055575       24.8706145041
  1       10.9396664100       23.1327816644       25.0096184162
  1       15.3819012118       18.9274938148       26.8599135849
  2       15.2084908978       18.4441247035       27.0568480035
  1       15.0308784859       17.9637991495       27.2574500780
  1       23.4381630146       22.7390936651       11.8989919590
  2       23.3763027839       22.3413483814       11.5241960130
  1       23.3328993757       21.9436676337       11.1467491080
  1       10.4819705443        2.3738705620       23.7344240143
  2       10.8569752723        2.1116105516       23.4293156058
  1       11.2456798417        1.8643483962       23.1288656380
  1       24.2418349509       15.0948089093        9.1710942350
  2       24.0633417574       15.5289952141        8.8845241169
  1       23.8768695043       15.9470967626        8.5796976204
  1       19.0191205124       15.7190627688        9.4918966014
  2       19.2968951860       15.5570089858        9.0457130045
  1       19.5868237274       15.3780586835        8.6139512309
  1       19.5252213658       10.2328618581       24.7748324830
  2       19.5637134032        9.8722943222       25.1883653295
  1       19.6274463146        9.5366782056       25.6194104979
  1       10.3668849210        4.3954984091       13.0019211837
  2       10.7883406349        4.4482075995       13.3513447411
  1       11.2183874469        4.5157180595       13.6875025556
  1        8.2876258859       20.5250717664       19.5854439306
  2        7.9162432928       20.6641539104       19.2043519118
  1        7.5291076623       20.7972927933       18.8370645033
  1        4.8745217652       18.5109928177       25.7805031416
  2        4.4309776650       18.8343510108       25.7457452642
  1        3.9893147478       19.1590156007       25.7007255946
  1       16.8232929043       11.8642841804        2.8100518358
  2       17.2012076816       11.5398892590        3.0433935510
  1       17.5782266294       11.2168955449        3.2801038647
  1       23.6628950806       12.8890247499        2.0811854868
  2       23.7859841125       12.9161145061        1.5458209051
  1       23.9129479410       12.9523486516        1.0119039902
  1       13.6774591781       22.6835397442       18.8423819644
  2       14.1277838341       22.4329404540       18.6502681963
  1       14.5700982507       22.1721228031       18.4532095530
  1       10.6564306204        4.7050157186        8.4437968548
  2       11.1262861237        4.4239272612        8.4959992027
  1       11.6001656419        4.1518955509        8.5587443212
  1        2.2126575175       12.9164873666        4.3002557274
  2        1.7346641895       12.7773566018        4.0664502342
  1        1.2537236134       12.6429844892        3.8359284422
  1       10.6460045617        9.3719743023       22.8959307621
  2       10.5578674845        9.0790417719       22.4388504757
  1       10.4758170198        8.7778751198       21.9860079336
  1        5.8039749677        7.1199242837        5.2426408683
  2        5.4020301985        7.4945085396        5.2676815885
  1        4.9993234801        7.8691101099        5.2686621673
  1       17.6700381616        2.6200442059       19.9825285650
  2       17.9742662321        2.6764198295       20.4372450373
  1       18.2830991456        2.7197735507       20.8902822162
  1        8.0939512636        4.3271858418        5.8967586814
  2        8.4137922145        4.7708928375        5.8390883408
  1        8.7043573485        5.2307881076        5.7580436472
  1        1.1888053524       17.9247851061        8.4312508674
  2        1.5948090189       17.9788843157        8.7983125765
  1        1.9959286614       18.0280454085        9.1713892688
  1       27.3028873419        4.6101210266       14.4276006872
  2       26.9198684054        4.2250455187       14.5142802546
  1       26.5399518498        3.8402453531       14.6147404079
  1       -0.0365203102       14.5902367664       10.7016426138
  2        0.1840495923       14.4849466126       10.2089328598
  1        0.3958518455       14.3752961004        9.7133356749
  1       13.6572256018       12.0677622055        1.5913758754
  2       13.1137483067       12.0035853075        1.6462735572
  1       12.5705649903       11.9307693471        1.6926386271
  1       22.0041693934       25.4603166071        1.9299012358
  2       22.5240901947       25.3803199791        2.0904717805
  1       23.0405083219       25.3078520750        2.2652880263
  1       17.9335111223        3.7926793956        9.8329468301
  2       17.4620144188        3.9279999945       10.0817021197
  1       16.9806632782        4.0677493295       10.3081335704
  1        7.5623501994       13.0707983580        5.6516559929
  2        7.3742554866       13.4806915773        5.9664701091
  1        7.1870955878       13.9056034946        6.2612938426
  1        7.1260707902       10.3815943418        9.7426195014
  2        7.0308027561       10.4263717093       10.2824518727
  1        6.9296184685       10.4574569879       10.8221698031
  1        6.2616798991        9.2602742053       24.3029720638
  2        5.8483749216        9.1452533410       24.6471365540
  1        5.4398523656        9.0148872697       24.9915403978
  1        5.0558049382        6.1791880713       15.9464734322
  2        5.0789634877        5.6589852986       16.1235405293
  1        5.1176095901        5.1394917565       16.2999858113
  1       16.1621052890       17.6346855971        7.5769300806
  2       16.0770074260       17.1311254545        7.7811004421
  1       15.9907068883       16.6265609972        7.9822643667
  1        1.6249994259       18.4199580726        1.2145680685
  2        1.9526871596       18.0514131048        1.4580744460
  1        2.2866808207       17.6984594948        1.7157020503
  1       11.8708382558       12.7646200261        5.4009453757
  2       11.6211258942       13.2383240612        5.5264373023
  1       11.3911559678       13.7226655284        5.6490226811
  1        3.2158026066       20.3423189411       11.0751705164
  2        3.7110642458       20.5407420985       10.9415884840
  1        4.2074422583       20.7403422122       10.8140398176
  1        8.7628648896        4.7437205754       19.7276026481
  2        8.6841455152        5.1994980780       20.0252099872
  1        8.6087655139        5.6577803678       20.3198202335
  1        6.8643726726       11.5410516382       16.5037786898
  2        6.6168115662       11.9495348267       16.7764597918
  1        6.3658678384       12.3640363316       17.0366822868
  1       15.9806224868        6.0878808744       13.6566497786
  2       15.5772326288        5.7156569128       13.6216362834
  1       15.1682215865        5.3497759425       13.5850154986
  1        3.6024685508       23.0657140944       13.1976905536
  2        3.4478647901       22.7174985969       13.5943562119
  1        3.2916934316       22.3589283683       13.9810575138
  1       15.2978942947       15.5890328369       16.3899360127
  2       15.6398155610       15.5708956339       16.8203554472
  1       15.9810394884       15.5782499249       17.2516467000
  1       24.0943109046       13.9234059012       15.0080646391
  2       24.4118393243       13.7107656115       15.4036146485
  1       24.7151819494       13.5010348174       15.8116541622
  1       26.4419043719        3.4401924206        5.5555831416
  2       26.6091623997        3.4312558364        5.0317082619
  1       26.7758446930        3.4251098129        4.5076097611
  1        1.2772738441       11.0701817879       16.6222616976
  2        0.9178438371       10.9950387999       17.0317291584
  1        0.5569501242       10.9429002974       17.4434782367
  1       25.1645414088       18.5262694259       10.3733444812
  2       24.8889682015       18.7753570850        9.9677403077
  1       24.6012792447       19.0043751983        9.5587344803
  1       25.8665970205       16.5073018246       22.6426776159
  2       26.2950019524       16.7288924278       22.3783542933
  1       26.7312054113       16.9289187640       22.1096239335
  1       13.9523724154       13.3417965561       13.3042241832
  2       13.7948749514       13.4917404867       13.8094086708
  1       13.6357324591       13.6625831995       14.3073910336
  1        2.4217661546       27.4659920800       11.2905712848
  2        2.3044149130       27.1133853332       11.6960304914
  1        2.1771356115       26.7670452338       12.1038889398
  1        2.6812770873       24.2716930327        9.4896742111
  2        2.4265678570       23.9997579630        9.8942412957
  1        2.1650059575       23.7333487870       10.2981119713
  1       26.1614034093       24.1700386919       13.7001400350
  2       26.6338963391       23.8889844447       13.7162316907
  1       27.1092206605       23.6142041882       13.7488292225
  1        3.8196459084       16.8011001779       11.4355981552
  2        3.4568281044       16.4845016901       11.7013586461
  1        3.1063799104       16.1519682763       11.9642418730
  1       21.3535654829       17.0147569128       21.6184680865
  2       21.4932294691       16.8081377908       22.1086746852
  1       21.6233881391       16.6069696169       22.6037404237
  1        6.0922952399       18.2568364694        9.5080300011
  2        5.8076695775       18.0768062031        9.0731997635
  1        5.5256875700       17.8874503224        8.6406139374
  1       10.5383620119       24.0142393614        1.4035160693
  2       10.3900350264       23.4956300075        1.2960756511
  1       10.2861441071       22.9672042888        1.1843933533
  1        9.3372047920       12.4866016537       19.3334179833
  2        9.6181845063       12.4900007664       19.8062169323
  1        9.8832862266       12.4922977426       20.2881046794
  1       12.0934776410       27.5453102310       17.5786705704
  2       12.3517891742       27.1334910078       17.8359254619
  1       12.6222880511       26.7360590594       18.1030924564
  1       14.9167951842       11.3952439251       16.2520833899
  2       14.9982183517       11.7480232527       16.6661087681
  1       15.0777839604       12.0896389168       17.0897454649
  1        1.0425920789       12.5615249043       20.9894192897
  2        0.9943988956       12.0141768225       20.9651810066
  1        0.9652959963       11.4658054050       20.9344921034
  1       12.6629353925       17.3725008010        9.2340861225
  2       13.0719093150       17.7391991946        9.2618821450
  1       13.4823348061       18.1035788721        9.2976363877
  1       21.1688014668       18.8438171357       10.8196130228
  2       21.2942999110       18.3093143138       10.7871034263
  1       21.4236855284       17.7761825308       10.7479899627
  1        5.2503402137       26.5674345739        9.3426025205
  2        5.1329597998       26.6887367264        8.8191451428
  1        5.0152852466       26.8311194191        8.3010912197
  1       19.2175513442       23.1783072928       18.2150147259
  2       18.7225006200       22.9458918591       18.2733914899
  1       18.2248738559       22.7172914578       18.3244743554
  1       21.1828647886       23.2049726218        4.6124604200
  2       21.4493452893       23.5117731151        4.9830836788
  1       21.7223444992       23.8240094483        5.3443036985
  1       27.5340644135       24.7942948552       23.9227730395
  2       27.2029221806       24.3554057712       23.9079004625
  1       26.8791442162       23.9109064380       23.8985104912
  1       23.5328018878       20.0331452211       13.9563270169
  2       24.0694264486       20.0495220296       13.8368871538
  1       24.6020960050       20.0648036643       13.7007636278
  1        4.2604117041       14.6171522433       15.0918036950
  2        4.6719512183       14.9581663669       15.2215904267
  1        5.0882733395       15.2797234744       15.3821423407
  1       24.7695008565       19.0664912737        1.4783314786
  2       25.1324117780       18.6836533543        1.3226690536
  1       25.5031901422       18.3093287041        1.1648575842
  1        0.5395875480       18.5402872616       12.3990264221
  2        0.5290839510       18.9442526379       12.7721237944
  1        0.5380041770       19.3462475302       13.1473844173
  1       24.9494660629        0.9242269542        8.2530729233
  2       24.6346014320        1.3749397951        8.2383013538
  1       24.3336261051        1.8324806471        8.1876040131
  1       18.8926444171       11.5353029156       10.5730650606
  2       18.8954969322       11.9312133435       10.1912970731
  1       18.9049038087       12.3176858330        9.8000803499
  1       19.2954612293        5.8769300465       15.1446521419
  2       19.3764816995        6.1614211610       14.6809706896
  1       19.4743928623        6.4518870631       14.2243056451
  1       20.3672088692       20.3420747122       21.4265101402
  2       20.1876682938       20.2094627154       20.9238380402
  1       20.0064469166       20.0654395075       20.4249230905
  1        7.8142237059       16.9794171794       -0.1733177062
  2        7.7596165283       16.5958388364        0.2170484181
  1        7.7218040923       16.2100987082        0.6072724206
  1       18.2123801346        9.5335470881        6.5749464708
  2       18.3288168989        9.1604017262        6.1880291427
  1       18.4316531969        8.7683117042        5.8162898396
  1       20.2121418472        4.3055208367       23.8121631837
  2       20.3195882950        4.5517284849       23.3322287561
  1       20.4043100059        4.7902296869       22.8439261784
  1        0.7946767838       11.9797888787        7.4132925551
  2        0.8562282756       11.6849605914        7.8734965260
  1        0.9276913673       11.4071066562        8.3427408293
  1       12.3303543840        3.4117906690       17.0418592219
  2       12.3309827829        3.8774195256       17.3345866940
  1       12.3269980952        4.3307326556       17.6460210008
  1        5.4411407729       21.3412953495        5.8583329327
  2        5.6815764115       21.2672042024        5.3692509298
  1        5.9237455786       21.2047041224        4.8794062263
  1        4.3463284222       19.0583090227       13.9949148023
  2        4.7353884773       19.1863580147       14.3619784605
  1        5.1128572308       19.3104547776       14.7422643169
  1       24.1306983359        5.3287962542        1.6932795989
  2       24.1497314466        4.8290839528        1.4643137573
  1       24.1601041743        4.3325602250        1.2279737625
  1       26.1040208313       21.7325468263       20.9815375323
  2       25.8818278657       22.1699391787       20.7329048390
  1       25.6722240296       22.6147445432       20.4865018792
  1       13.2442263781       24.7435576833       15.2699542222
  2       13.6728481883       24.7531696286       15.6144697579
  1       14.0995968043       24.7491909609       15.9614132518
  1        5.1558921163       10.9124450439        6.7278394755
  2        4.7824518810       11.2613394915        6.9311005271
  1        4.4045116788       11.6038901818        7.1368193331
  1       19.4280890168       26.4804281169       16.1467445191
  2       19.5419045378       26.5682055875       15.6158573909
  1       19.6609461735       26.6636666756       15.0874482042
  1        1.9200784420       20.9083727848       22.9189350052
  2        1.9912532937       20.3685645515       22.8412097726
  1        2.0522175969       19.8269402805       22.7675449798
  1        4.7304441914        9.0179854281       18.2250601163
  2        4.5020681168        9.2054292202       17.7611536674
  1        4.2831250754        9.4137676186       17.3016332050
  1       14.6083556466        3.6268447937        6.9211683871
  2       14.7481721672        3.5448108978        7.4467364421
  1       14.8709836935        3.4418954880        7.9728787674
  1       14.6962046039       14.4575913436       26.1001376113
  2       14.2031951288       14.6431265136       25.9419656855
  1       13.7119922928       14.8400526588       25.7921662655
  1       22.3550207609       10.5809458278        4.8332590837
  2       21.8741714294       10.3208067306        4.7731627396
  1       21.3982497777       10.0583483103        4.6888172717
  1        5.0770479620        6.2423518120       26.5992638887
  2        5.3300679271        5.7576768834       26.6590226607
  1        5.5829447307        5.2707352649       26.6969855563
  1       22.2057340341       20.2205654443        4.1308464813
  2       22.0420632413       20.1759216929        3.6076650529
  1       21.8730270120       20.1300836918        3.0862960571
  1       10.4220247139       11.5417037828       12.4297935109
  2       10.2094175074       11.0368091546       12.3810124674
  1        9.9883295608       10.5369102183       12.3200110548
  1       22.7672847405       25.2524679746        9.2736708193
  2       22.8828240165       25.1454590407        8.7466985584
  1       23.0028972944       25.0366621836        8.2211077947
  1        3.5015835016       24.8260080935        5.9721675416
  2        3.9193822174       24.5450982238        5.7507315955
  1        4.3532121942       24.2852595357        5.5344553684
  1       19.0232297435        8.0476431847       21.9908811301
  2       18.8078092068        7.7706702818       22.4144138956
  1       18.5716392498        7.4975218526       22.8292797607
  1        5.9527642636       23.3869561410        8.6617363689
  2        6.1307714788       22.8767023800        8.7639837687
  1        6.3170595080       22.3687281852        8.8627713517
  1       26.2309713288        9.9040909146        4.0131620593
  2       25.9464656237       10.3059586151        3.7680929769
  1       25.6370525934       10.6888932728        3.5228897478
  1       17.2240154650       15.4623036791        1.8863862906
  2       17.2507487007       15.3446848081        1.3497755049
  1       17.2809988808       15.2122441629        0.8168173442
  1       24.8327813653       23.0095239660       26.6116104776
  2       24.8185748251       22.4622829024       26.6647648994
  1       24.8307851588       21.9154112280       26.7220560718
  1       26.4621663981       15.4149750943        2.5338699423
  2       26.8865289950       15.3606103213        2.1882388415
  1       27.3169681128       15.3015767522        1.8509893751
  1       18.6406605186       16.7798001417        5.2954123570
  2       19.0438709422       17.0484468944        5.0351235241
  1       19.4492091323       17.3214919094        4.7828392194
  1       17.8698448998        9.8853862527       16.5196794301
  2       18.2266256933        9.5589399450       16.2576865417
  1       18.5578690958        9.2085929614       15.9930456560
  1        1.4041173985        7.5479949032       14.5133479529
  2        1.6590671917        7.5581816462       15.0005818117
  1        1.8900949535        7.5934222767       15.4984615866
  1       13.0408987092       24.9088960516        6.8131427674
  2       13.2836555969       24.6531422390        7.2352317163
  1       13.5292302634       24.3951365063        7.6543094228
  1       23.4269361602        8.7220553153        2.0135274823
  2       23.2384625584        8.7129258727        1.4969092919
  1       23.0456930378        8.7253008844        0.9819464097
  1       20.2472735447        5.1468999417        7.5370171674
  2       20.7618394819        4.9592950372        7.4867548943
  1       21.2738853116        4.7663980373        7.4310789146
  1        2.7757471056       18.2726085657        4.9296648166
  2        3.3141157956       18.3434309698        5.0170910181
  1        3.8528715452       18.4213802926        5.0956158191
  1       23.4612518509       17.0814106000        4.4299218148
  2       23.5329657043       16.6431896223        4.7544514713
  1       23.6018698384       16.2010758859        5.0742758973
  1       11.5650581455        9.2736597750        5.0928030758
  2       11.8238857435        9.3074158727        4.6086865605
  1       12.0699966070        9.3685102290        4.1206323407
  1       13.1407221952        6.3119717632       10.2119158216
  2       13.2535381636        6.8097745126       10.4167693788
  1       13.3677999964        7.2996433640       10.6391940649
  1       27.1296525933        1.4662677157       17.9925355696
  2       26.6859079851        1.7455989712       17.8265091488
  1       26.2563416886        2.0404290814       17.6503047166
  1       14.0703711642       20.3815197510       15.0676404520
  2       13.8399805661       20.8806872201       15.0517656266
  1       13.6112444597       21.3804416324       15.0311423385
  1       22.7771805407       15.1535661711       19.0102177629
  2       22.4478776309       14.7147389920       19.0488221738
  1       22.1370209888       14.2626097319       19.0868652969
  1       16.6819260844        7.0699938091       25.5278112196
  2       16.5696279971        6.9280803139       26.0471855542
  1       16.4533882549        6.7839479311       26.5650795371
  1        3.6904460344        8.9839492798        0.9128378562
  2        3.2159070223        8.9241849677        1.1843907111
  1        2.7291921066        8.8844842476        1.4374370363
  1        9.9340668089        0.8787294020       11.6620444928
  2        9.9420919784        0.3507863433       11.8160306070
  1        9.9414954979       -0.1764474130       11.9726326805
  1       27.1301886817       21.3654255370        9.9548510333
  2       26.9368267886       21.4026967209       10.4683897730
  1       26.7452006058       21.4426581701       10.9823766285
  1        2.7341704593       10.9827141025       24.9996211460
  2        2.6983453984       11.4031122331       24.6468011114
  1        2.6690203186       11.8237682816       24.2936884841
  1        6.8341605424        2.2586334669       17.9582175530
  2        6.4586185991        2.5953734932       18.1774763124
  1        6.0828240957        2.9164669245       18.4186764338
  1       15.9508128759       25.3753607451       19.7181012966
  2       16.0729986684       25.7771126808       20.0732998528
  1       16.1875714829       26.1874124154       20.4211894860
  1        3.1599270064       15.3614344267        7.4999663875
  2        3.5933000325       15.3279534167        7.1629695889
  1        4.0151120108       15.2968535989        6.8113910695
  1       16.2542841213       26.8203256604        4.8334440576
  2       15.8737804894       26.8865500831        5.2250194807
  1       15.5117742212       26.9430203651        5.6352176865
  1       24.8710132920        5.1161127257        8.3593925968
  2       24.9406314412        5.1066826424        8.9048872227
  1       25.0109174497        5.0770987740        9.4495749045
  1        6.8625052290       12.5149507890       26.9565013411
  2        6.3631607799       12.2870473791       26.9913604413
  1        5.8573718660       12.0741930606       27.0283822269
  1       21.0174033855       10.3030312683       12.9524919510
  2       21.3466449649       10.1284175962       12.5480045620
  1       21.6862375759        9.9419534959       12.1576098939
  1       13.3741817273       10.6730144931       11.2304265003
  2       13.3517503869       10.5385178349       10.6975968053
  1       13.3215564609       10.4040142370       10.1651523406
  1       24.5559699742       26.3577628894       24.6061560827
  2       24.6524392502       26.8491984727       24.8334988774
  1       24.7467528429       27.3456643255       25.0505855010
  1       22.7744878435       11.0965593391       25.6302565408
  2       23.2101205408       10.8433963238       25.4097284458
  1       23.6292917841       10.5772993476       25.1731108915
  1        4.7158253956       21.9303252998       16.9134312246
  2        4.9745138902       22.3968074843       17.0475007376
  1        5.2194878092       22.8719102526       17.1769809969
  1       21.5580752024        1.3294404817       10.1340860477
  2       21.0890386407        1.4391897842        9.8686434091
  1       20.6251746666        1.5518229576        9.5954329027
  1        8.5073723523       21.4723206831       22.7070571444
  2        7.9859073438       21.3649638280       22.8450743556
  1        7.4638978256       21.2654554964       22.9868634728
  1       19.6698279624        2.1862840719       17.0791155561
  2       19.8913265469        2.5236682946       17.4527601242
  1       20.1037757498        2.8694259643       17.8239972035
  1       25.7499056684        6.9088560339       25.3304664902
  2       25.2715133000        7.1023222235       25.5207598830
  1       24.7853726865        7.2866300761       25.7001976670
  1       21.0177221780       14.7218509288       25.8833855496
  2       20.9227335394       14.3062408338       25.5359011507
  1       20.8226262813       13.9012208196       25.1775196166
  1       26.6566931434        1.6484424116       21.4755282572
  2       26.2553693763        1.7288595100       21.8429140547
  1       25.8751327456        1.8342030556       22.2260887422
  1        2.6628922108        3.4385898725       13.0216337372
  2        2.9472042363        3.8833098787       13.1762001898
  1        3.2348794828        4.3234861120       13.3374076188
  1        2.0737755157       21.5984281660        7.0648832180
  2        2.3212040457       21.1364456450        7.2317702242
  1        2.5732010562       20.6768028161        7.3982814115
  1       26.7570389214       24.7064691286        7.2864009292
  2       27.0408512471       24.4164396889        6.9151416022
  1       27.3203803641       24.1228406850        6.5434386339
  1       24.0025171326       12.7209652728       22.7371968349
  2       23.9443741176       13.2678232089       22.7453077895
  1       23.8573862072       13.8108982554       22.7469190750
  1        1.6086169891        8.8062902556        5.8016510801
  2        1.7527173705        9.1037660671        5.3620566969
  1        1.8963356634        9.4114808753        4.9294074375
  1       18.2393433981       20.9559794350        5.4536273549
  2       18.5601241232       20.8900475381        5.0117532649
  1       18.8590369154       20.8151433423        4.5561871302
  1       25.0394761722       17.7497503546       16.7168872668
  2       24.8610755097       17.2471830492       16.8514209323
  1       24.6986496056       16.7334520923       16.9618669763
  1        5.6878934857       22.7256242312        2.1366526559
  2        6.2332627573       22.7182937826        2.2074948898
  1        6.7793251210       22.7202726392        2.2731605438
  1        9.5466632351        5.6540008077       16.1553244117
  2        9.0444463373        5.7206013502       16.3694331582
  1        8.5412311509        5.7893857424       16.5804857170
  1        7.8044119611        9.6594461933        5.2181825381
  2        7.9553251471        9.6238231274        5.7458720372
  1        8.1138640432        9.5797393630        6.2706787056
  1        4.8271343018       10.7730093578        3.0911067979
  2        5.0938513339       11.2527162672        3.0558462562
  1        5.3615494998       11.7311785866        3.0121255532
  1       10.7306452230       14.1863969463       27.5241591460
  2       10.4308033035       13.9073463000       27.1571093400
  1       10.1352918782       13.6343458663       26.7820843279
  1       25.0485346345        1.3572294947        2.1570436717
  2       25.2560539353        1.2048134329        1.6710343262
  1       25.4629783344        1.0415276119        1.1883128406
  1       12.7260088219        0.7614406003        8.3878533409
  2       12.2474817708        0.7288878505        8.6570227667
  1       11.7680999709        0.6779071648        8.9217755922
  1       15.0171543837        8.7955039722        2.4752855293
  2       15.2923894144        8.7658603324        2.9505401268
  1       15.5676852273        8.7507372498        3.4264429601
  1        3.0484993118        8.2781089356        9.2704914715
  2        3.4351330394        8.5639906924        9.0034971236
  1        3.8166994259        8.8482821371        8.7276611829
  1       14.2410793306       25.9344978824       11.8068679217
  2       13.9366762263       25.8614501173       11.3546480923
  1       13.6447977962       25.7922998405       10.8936435150
  1        4.4041716826        3.3067424747       23.2162415078
  2        4.3072614141        3.2872301859       23.7572846396
  1        4.2141060044        3.2628548294       24.2987898664


Molecules in box 2
##############################################################################                                           
Moleculetype  1
Number-of-molecules: 0     
Atomtype         X                  Y                   Z


Number-of-fractionals:  1        
##############################################################################                                           
Fractional-type:      2
Box:                  1
Lambda:               0.718640
Reaction-Step         1 (only used if Type = 3 (RxMC))

Moleculetype  1
Atomtype         X                  Y                   Z
  1        1.2463803308       21.6677793862       26.0140222473
  2        1.0086901011       21.2004078670       26.1800560323
  1        0.7749544470       20.7294419453       26.3414832406

------------------------------------------------------------------------------                                           

