Simulation state at cycle:    1100000
##############################################################################                                           

Number-of-molecules: 401   

Box-size(s):    27.890637   50.697455

------------------------------------------------------------------------------                                           

Deltas
Translation per molecule type
Box 1    0.5606556251E+000
Box 2    0.2533442538E+002

Rotation per molecule type
Box 1    0.8770450989E+002
Box 2    0.1800000000E+003

Volume    Delta_Volume
Box 1   0.3609058682E+003
Box 2   0.1670860501E+004

------------------------------------------------------------------------------                                           

Molecules in box 1
##############################################################################                                           
Moleculetype  1
Number-of-molecules: 396   
Atomtype         X                  Y                   Z
  1       27.2490382819       20.3142924766       24.8301593332
  2       27.6144958329       20.0233438558       25.1204861809
  1       27.9795100876       19.7249515681       25.4037292487
  1       13.1393597835       26.4351052225       20.2226234571
  2       13.0660258942       25.9521062218       20.4752775803
  1       13.0132219483       25.4598098645       20.7147687886
  1       21.1908279306       17.1061139878       22.0525602995
  2       21.4407602704       17.1456741533       21.5642276067
  1       21.6944301329       17.1920528947       21.0784286645
  1       17.4940938503       18.3811132018       23.6882028786
  2       17.3214789331       17.9814042940       23.3521420517
  1       17.1793229778       17.5826188724       23.0010553518
  1       26.5485719774       18.5741911040        2.5556556827
  2       26.9101604476       18.9178738878        2.3240613772
  1       27.2716443333       19.2655760620        2.0983788625
  1        1.8612528628        5.6556030539       12.8285904789
  2        1.4324267981        5.9789921325       12.7101518447
  1        0.9995067601        6.2965227982       12.5907595668
  1       25.9834842872       23.6050869318       21.2268813782
  2       26.3681647321       23.9339139781       21.4422734135
  1       26.7802820447       24.2368026236       21.6445548710
  1        2.8230898527       16.7066914199       15.1087108016
  2        3.3202070864       16.6094046543       15.3229763871
  1        3.8189202917       16.5283607114       15.5402711574
  1       12.2373801964        6.9329257658       19.4792847593
  2       12.5705529900        7.3685715513       19.4379490699
  1       12.9161774996        7.7933607933       19.3869804795
  1       28.0658600916       13.9581345464       15.8461309708
  2       27.7978903581       14.2530570848       16.2252258380
  1       27.5399584693       14.5423297220       16.6154725305
  1       26.0616587334       17.8877916960       12.1589193624
  2       26.4651667705       17.8254645299       11.7904134759
  1       26.8484627058       17.7288986012       11.4079749235
  1        7.0299928255        3.6319834683        8.1725660640
  2        7.1873109832        3.1260588799        8.3201848572
  1        7.3415548743        2.6227125984        8.4794059045
  1       22.6370682080       19.9877014451       18.9402232363
  2       22.6176546616       20.3579961373       19.3464312559
  1       22.6004468029       20.7347042964       19.7467996505
  1       23.6279035571        6.8038197244        4.1641764771
  2       24.0991584239        6.8025683873        4.4477558922
  1       24.5728373661        6.8042641605        4.7272650747
  1        4.4630299136        6.5726232698       20.1437149174
  2        4.2150486744        7.0579035966       20.2179329032
  1        3.9771963251        7.5488931657       20.2876143347
  1       18.1164043261       14.4344016589       23.0711293581
  2       18.0416903528       14.3524273444       22.5324290388
  1       17.9642517687       14.2536854466       21.9969355260
  1       23.3770945904       13.3982129021       24.6154525072
  2       23.4033108685       12.8498540437       24.6488481519
  1       23.4386867483       12.3027038714       24.6921521372
  1       24.1340287049       26.8930114063       23.6202237738
  2       24.0289852326       27.3717419891       23.8697891922
  1       23.9250268412       27.8510448784       24.1187096456
  1       21.2361339632       24.0645384455       24.8616384698
  2       21.5529851202       24.1103634124       25.3088581214
  1       21.8720382401       24.1481082928       25.7552664879
  1        9.3412072500        9.3819853789        4.9549186765
  2        8.8321600948        9.2062344568        5.0666442649
  1        8.3224095122        9.0403600064        5.1896890099
  1       16.9664228545       27.9151795787       14.6483193709
  2       17.0411707347       27.3791041443       14.5506675248
  1       17.1253800390       26.8429824995       14.4613233919
  1        5.3875004477       17.5273701188       23.8839867684
  2        5.4347986097       17.9482437280       23.5330903607
  1        5.4745082285       18.3625196478       23.1735092052
  1        0.2307705102       27.0817732696       18.9160505809
  2        0.4063866449       26.5637733751       18.8583004073
  1        0.5866825481       26.0485118214       18.7912264365
  1       23.4602184365        8.1117986040       17.1785241728
  2       23.8900814700        8.3361831117       17.4380802652
  1       24.3268562765        8.5736255899       17.6733436005
  1        7.4324112075       20.5755352350       27.0255113699
  2        7.2067581687       20.2655022020       27.4197958161
  1        6.9896764114       19.9690154399       27.8290281579
  1       11.7366324741       27.6307049019       17.1201439547
  2       11.3981856061       27.8624999305       16.7537769499
  1       11.0606012760       28.1066883797       16.3947382050
  1       11.4539264154       11.5225144853       19.4010950715
  2       11.2715325071       11.5731127309       19.9174982859
  1       11.1000077427       11.6211302943       20.4378573617
  1        3.7691641764       27.3936711452       21.6942146900
  2        3.9198427053       27.5548785303       22.1980084573
  1        4.0429174710       27.6932295434       22.7158999500
  1       15.5669801640        5.8485433173        7.1491280996
  2       15.9376838425        6.2348296331        7.2750712015
  1       16.3009567175        6.6254930784        7.4089177176
  1        4.9664551165       25.3023429821       12.9736145910
  2        4.5173217045       25.5676909150       13.1478835003
  1        4.0638092108       25.8230132744       13.3257511753
  1        0.7232717258        6.6450543619        9.1978209162
  2        0.2900985916        6.3070678420        9.1727979641
  1       -0.1339393848        5.9575390951        9.1499627131
  1       16.9522590640       19.7351851707       16.0575215938
  2       16.8963174978       19.8896680295       16.5824078553
  1       16.8470630452       20.0338783990       17.1108748526
  1       20.5758890544       20.1822761847       25.7202471404
  2       21.0241327041       19.8945438074       25.5831788745
  1       21.4757806115       19.6072117753       25.4568678691
  1       15.5520432195        9.5311733231       10.8410454839
  2       15.4664735709        9.0864171449       10.5290041769
  1       15.3792917001        8.6486353829       10.2076843218
  1        6.7783365990        9.8000092525       25.4695971923
  2        7.1814254770        9.8656300386       25.8379900110
  1        7.5788723149        9.9340544370       26.2119607474
  1        2.0427196324       23.6984663521       20.9786072885
  2        2.5703787745       23.8313196657       21.0587685437
  1        3.0917132127       23.9797637041       21.1519069889
  1        9.3498486938        5.5249243725        7.4762270010
  2        9.3663240948        6.0741897728        7.4993804283
  1        9.3885034455        6.6235662036        7.5132949073
  1       24.4331078553       22.2923129671       13.6685290909
  2       24.9606033945       22.1370976233       13.6810452042
  1       25.4855199168       21.9729219003       13.6780492622
  1       24.8432358829        1.4929297724        6.4882251417
  2       25.1208042385        1.7338485673        6.8973876305
  1       25.3987648032        1.9643588666        7.3122405266
  1        9.3894562975        0.7147073891       10.3518281030
  2        9.5800603860        0.3750058219        9.9635332064
  1        9.7737945295        0.0276957085        9.5836085221
  1       20.4225651814        5.7286232311       17.9402213890
  2       20.3623552127        5.1824411897       17.9638843841
  1       20.2959124695        4.6372515316       17.9931007761
  1       15.5685702524        6.1947191363       25.8195964519
  2       15.1923868744        5.8393733498       26.0059172454
  1       14.8052719254        5.4894558811       26.1796980855
  1       12.1831341563       15.8916023189        3.9129913602
  2       11.8687713189       15.6012283771        3.5675076698
  1       11.5685125851       15.3419316718        3.1865747223
  1        1.6174489474       20.0451797263        4.7249643048
  2        1.2309299398       20.3922788116        4.9055890033
  1        0.8491635894       20.7353178918        5.1032721897
  1       23.1935162227       16.3182365536       18.0754421491
  2       23.1148610621       15.8282646405       17.8382905307
  1       23.0190426731       15.3512562076       17.5818109210
  1        9.9434453235       12.1522511701       23.6729191460
  2       10.1833234066       12.5447708698       23.9743935074
  1       10.4186473156       12.9269243288       24.2923265044
  1       16.6708784838        7.3971895629        1.3384431684
  2       17.1276999140        7.3393982833        1.0376536259
  1       17.5820678150        7.2940774298        0.7310662326
  1       18.6627616605        7.6322885007       10.1494591105
  2       18.5475102358        7.0968523581       10.1997109393
  1       18.4494938822        6.5576331644       10.2459219183
  1       19.8144230634        5.7084718889       26.8060954555
  2       19.8509596492        6.0855807931       26.4074051594
  1       19.9021851447        6.4738169113       26.0212074586
  1        5.5478819196       15.5487033092        9.1617412524
  2        5.8371266732       15.4142536096        9.6098045859
  1        6.1391386069       15.2832361659       10.0503987532
  1       22.1932225579        3.4700989546       14.5168298426
  2       22.3892668949        3.0049682947       14.2983805643
  1       22.6080099285        2.5430501678       14.0951980644
  1       13.2535661240       13.2200896416       11.7053569187
  2       13.0378409383       12.7143005684       11.6935223248
  1       12.8034978449       12.2174096898       11.6673924879
  1        3.6704789538        1.0810127930        6.9347529246
  2        4.0531744081        0.6889142633        6.9827418007
  1        4.4505585651        0.3118511269        7.0318256264
  1       22.9759825261        0.0356524158       16.0517030567
  2       22.8409354763        0.2345311093       16.5463843274
  1       22.6911867651        0.4429316993       17.0328455454
  1       15.6116220494       12.6542463310        9.4300703328
  2       16.0222507384       12.9228985603        9.6784854279
  1       16.4343675059       13.1968816089        9.9184709651
  1       17.5496604013        8.1570937291       14.0069306200
  2       17.0558038228        8.0259911622       13.8034169920
  1       16.5646426333        7.8563290668       13.6232075075
  1       14.9677533614        4.8297188475       12.1617487822
  2       15.2490803753        4.8243649355       12.6343230588
  1       15.5349858712        4.8357776478       13.1040333912
  1       16.8439118528       23.8661979298       14.6031508770
  2       17.2510291732       23.5394661111       14.7763611712
  1       17.6612609158       23.2054455880       14.9268278006
  1        2.3890538922       26.8393276512        2.0153816396
  2        2.3647952774       27.0103732741        1.4932179540
  1        2.3318800010       27.1718810918        0.9684972584
  1       12.1236628966        0.6011600379       12.7410716057
  2       12.1319726615        0.9934379302       12.3556510523
  1       12.1517026891        1.3893241737       11.9743574552
  1       17.5744391142       11.7437260973        1.8672270227
  2       18.1000103228       11.9057855887        1.8638173485
  1       18.6240515403       12.0694237949        1.8306008039
  1       18.0323391130       23.3355403491       24.7988797805
  2       18.1188554215       22.8028481773       24.6927950107
  1       18.2105409563       22.2735319686       24.5748199586
  1       19.3060145879        2.0521637632       11.4061023125
  2       18.7906116490        2.2420998937       11.3781009393
  1       18.2872662953        2.4536716707       11.3119130473
  1       20.2151046835        1.9883177073       26.5930139613
  2       20.6451865499        2.1353129866       26.9027266929
  1       21.0756988266        2.2750055806       27.2152089448
  1       16.6220722843       20.1861370357        8.7226731157
  2       17.1426685355       20.1779678965        8.8999097046
  1       17.6654724319       20.1598667678        9.0697579724
  1        8.9156000659       25.7450271729       18.1781112263
  2        9.0538990321       25.4645753641       18.6305713670
  1        9.2191633678       25.1857417304       19.0749130182
  1       22.9565382564       15.8895920237        1.1387937930
  2       23.3113637691       15.8622572085        0.7194470827
  1       23.6769019460       15.8327335543        0.3095566168
  1       23.7166141036       24.8300505594       18.1507423990
  2       23.2368102190       24.9470382341       17.9086636593
  1       22.7542102503       25.0577664624       17.6692131870
  1       12.7316478727        9.0374361562       24.5007359488
  2       13.0011193643        9.4836116596       24.3252009512
  1       13.2586330181        9.9335267994       24.1414536138
  1       23.1732967298       26.3146175673       -0.2841953040
  2       22.9087994733       26.7003836158        0.0051587303
  1       22.6514359049       27.0943704691        0.2898310894
  1       25.5535021512       27.6412682695        2.3694347842
  2       25.4909961004       27.2052611259        2.6988141465
  1       25.4227579500       26.7855070389        3.0475978335
  1        0.3364435434        1.5285783582        1.5098088926
  2        0.3247549034        1.7755056562        1.0184940392
  1        0.3098153099        2.0385896395        0.5357274028
  1       23.1865124802       21.0466109359       23.0218731929
  2       23.6659169668       20.8067234270       23.1448582379
  1       24.1414846237       20.5609427264       23.2710614467
  1        5.7081954650       27.2345092270        3.5842443345
  2        5.8036661820       27.7316021454        3.7993814366
  1        5.9069353787       28.2144717816        4.0416052720
  1       18.0499190920       11.1666907366       12.0492018597
  2       18.5201354040       10.9671052347       12.2530700704
  1       18.9929654468       10.7776088196       12.4604895929
  1       12.6834904838        4.2801050712        1.3164365101
  2       12.9544720526        3.8031573375        1.2765636045
  1       13.2288580706        3.3282350047        1.2358071332
  1        1.1483566935       22.4769799642       17.6272467982
  2        1.4808912537       22.2403387626       17.2585711848
  1        1.8143960655       21.9927402567       16.8980583287
  1       19.6192574868       22.1696838701       17.6223412315
  2       19.3986179256       22.0782767506       18.1177833800
  1       19.1951139146       21.9985505192       18.6224910622
  1       14.0027084046       13.8925056879        6.4677481737
  2       13.4933100309       13.9648273317        6.6621263534
  1       12.9876454614       14.0317494153        6.8678562173
  1       20.9367400985       26.8703561092       13.1932864965
  2       20.7186308298       27.2096571787       13.5671890656
  1       20.5121400293       27.5718355191       13.9259207174
  1       27.0504964518       12.1951521995        5.4003696779
  2       27.5758677134       12.3231011145        5.5009386227
  1       28.1036863370       12.4419483534        5.5998468294
  1       13.5104835749       10.4266364644       16.1724733985
  2       13.5031662814       10.8146741235       15.7827642346
  1       13.5027837460       11.1892765029       15.3800572568
  1        0.9506988598       -0.2523225991        5.1286768894
  2        0.5959433642        0.0825038265        4.8746300373
  1        0.2443420480        0.4262732794        4.6282582112
  1       22.5299918142        7.0599009446        0.1136081475
  2       22.4209584930        7.2188878619        0.6287148306
  1       22.3176261894        7.3579877053        1.1507049336
  1       13.3779745604       11.9753402865       27.3473581660
  2       13.1536333312       12.4752165300       27.3952617574
  1       12.9189029377       12.9709936876       27.4353448138
  1        3.5645766924       20.5349949736        7.5398598121
  2        4.0056965620       20.8394952738        7.6631190016
  1        4.4543991366       21.1296793470        7.7933465031
  1        3.7880803351       12.1812334131       10.5095540162
  2        4.1155707305       11.8693588727       10.1965295572
  1        4.4394909333       11.5502521439        9.8871000873
  1       12.7196205964        4.0641358403        5.0517354004
  2       12.1825187341        4.1670191431        5.1103580535
  1       11.6484306380        4.2851583973        5.1677429056
  1        2.5657083761       16.4173889814       25.4290088435
  2        2.3268707325       16.6082435024       24.9718096180
  1        2.0927382646       16.7897382196       24.5084073585
  1        5.2149351688       10.1373973757       13.2892050529
  2        5.6841803784        9.9286395946       13.4860022128
  1        6.1620018061        9.7315495262       13.6739973911
  1       21.0132117841       23.3253092832       13.5948100587
  2       20.9976234306       23.6769037031       14.0174663815
  1       21.0063263395       24.0164316549       14.4500690031
  1       26.9988410780        7.1305071750       19.4996552765
  2       27.3335394012        7.4407823445       19.1927247442
  1       27.6692790334        7.7533238388       18.8892503422
  1       11.8009483889       22.9829708425       15.7987946748
  2       11.5630898456       23.3858322671       16.0879762545
  1       11.3292406038       23.7906448781       16.3777024718
  1       20.7751108072        7.2178852718        7.3886027957
  2       20.7055326585        6.7185173919        7.1688515687
  1       20.6142608454        6.2174514826        6.9612403704
  1       21.0307050776       18.9526983991        1.6382341665
  2       20.7475308859       19.3449085715        1.3765405329
  1       20.4351185628       19.7342098687        1.1455794122
  1       15.0520363661       23.5420518459       17.3337017829
  2       14.7645219054       23.9791937776       17.5032375207
  1       14.4860886916       24.4127113144       17.6956887867
  1        4.0684386100       20.2063578691        2.4676512098
  2        4.4688129606       19.8373523962        2.3899637569
  1        4.8702615593       19.4651113043        2.3372798781
  1       16.6965253400       10.9155888024       15.3015658492
  2       16.8490825279       11.2244611169       15.7303130915
  1       16.9843314706       11.5691718948       16.1369851979
  1       13.2868094032        8.7666546996        1.6017832410
  2       13.3949048842        8.2399124891        1.4862063805
  1       13.5331193635        7.7218874538        1.3635409023
  1       19.2695003967        9.8022323564       27.6438714954
  2       19.7924179579        9.6622241421       27.5466350612
  1       20.3250766802        9.5404668199       27.4837873166
  1        2.9440900058       13.9153487964       22.3039810302
  2        3.4690146525       14.0772296038       22.3313437697
  1        3.9912741008       14.2433368153       22.3777491778
  1       11.5460089103        5.7387709282       26.3148911034
  2       11.1613579351        6.0813163172       26.5077804077
  1       10.7734344848        6.4220430876       26.6973078823
  1        9.6638601951        3.4557406639       17.8962800270
  2        9.8586571429        3.5746424380       18.3966963710
  1       10.0503439447        3.6927267046       18.8985053734
  1       24.1769013269       19.0058037054       15.6376149853
  2       24.4653804707       18.5956367780       15.4116882819
  1       24.7541216850       18.1886679978       15.1803769722
  1       12.4937128520       16.2273082817       25.3474856412
  2       12.3339935055       16.6962460618       25.5864146865
  1       12.1694483603       17.1698771226       25.8124644872
  1       21.7108362211       21.3155597355        8.7979975760
  2       21.3114915481       21.2860508066        8.4209656738
  1       20.9215655210       21.2582763663        8.0340725712
  1        0.5091318382        2.0481996546        8.4921776537
  2        0.7741963669        2.5290811583        8.4606534561
  1        1.0427908932        3.0078818090        8.4273831037
  1       20.6888558335        2.5273203151       20.6252394759
  2       21.2127046458        2.6376960429       20.7513331732
  1       21.7395508152        2.7449107372       20.8672560877
  1       24.6896051800       17.3076541793       24.8334707156
  2       24.5725132669       16.9565156823       24.4266645704
  1       24.4825181529       16.6133367579       24.0063919157
  1        3.5462393037       17.4101752270        6.7486303429
  2        3.6645847254       17.5432400652        6.2282572940
  1        3.7868868471       17.6955147721        5.7141030334
  1       17.6277481441        2.4353873781       16.9946630749
  2       18.1308998983        2.2585474157       16.8602534771
  1       18.6288747800        2.0722594131       16.7194777822
  1        8.2734373280       12.9939519990       18.0333608220
  2        8.4399748413       13.5133448453       17.9626761145
  1        8.6358328815       14.0247614428       17.9117576415
  1       -0.0147505086        4.3550584487       15.6423719838
  2        0.3861066356        4.0697270429       15.3966088077
  1        0.7835971074        3.7813779065       15.1489071739
  1        1.9717806547       15.3474880136       11.3251771194
  2        2.1409602217       15.8519574419       11.4644210421
  1        2.3118631069       16.3564845842       11.6013318361
  1       24.8893594993       28.0789519429       19.8566906764
  2       24.8687621949       27.5334786189       19.9240301432
  1       24.8596008627       26.9886942903       19.9990375050
  1       21.4909948071       16.3876699836       14.4189903544
  2       21.0605220578       16.6727416069       14.6085355513
  1       20.6366261716       16.9571649621       14.8132686254
  1       10.9679598379        0.8313171547       20.2719957141
  2       11.2182738355        1.1890287818       20.6064883067
  1       11.4662543313        1.5545940998       20.9341583709
  1       13.3363189883       27.6700848062        0.6691855661
  2       13.7423848867       27.8441267190        0.3415884068
  1       14.1305864003       28.0510981692        0.0114938709
  1       19.1927576584       11.3540692767       18.7797264605
  2       19.1821651790       10.9262802339       19.1252468422
  1       19.1525828528       10.4860806584       19.4536508902
  1       14.6958932397       10.8839361593       19.6938934223
  2       15.2339295799       10.8481465137       19.8022262327
  1       15.7736966711       10.8116596720       19.9013231380
  1       17.7672135339        1.1294118384       20.1701582311
  2       17.7464184514        1.1857840448       20.7168663240
  1       17.6922915580        1.2317143119       21.2622658922
  1        3.9424774995       20.9719616900       13.8884968118
  2        3.9898506206       21.5114892536       13.9842349729
  1        4.0528227424       22.0502279416       14.0753126151
  1       18.3289978982       23.3915416973        7.2538241278
  2       18.1230006412       22.9543516084        6.9912789769
  1       17.9149677014       22.5182975029        6.7284499222
  1       16.7697703133        2.5486098578       27.3157833657
  2       16.9587954887        2.8360754011       27.7448906302
  1       17.1459736078        3.1302428420       28.1702491466
  1        2.4628226080        2.4857528372       21.6576878885
  2        2.1836202917        2.9596153165       21.6570419091
  1        1.9042682002        3.4326863807       21.6312315195
  1       17.0420572465        8.1587213228       18.0001181860
  2       17.4217054086        7.7849888062       18.1368342389
  1       17.7989763466        7.4133409929       18.2853082809
  1        3.9315717453        9.4223175020       27.6447414746
  2        3.8739629983        9.9692824244       27.6414847930
  1        3.8297350767       10.5173858391       27.6302359374
  1       26.1762376286        3.7195359239       20.8210905372
  2       26.0492286833        3.2961053170       21.1483140831
  1       25.9224886153        2.8638260609       21.4638637604
  1       11.9826384561        5.9283605672       22.9196713820
  2       12.4248460623        5.7397666457       22.6524921054
  1       12.8523703032        5.5363085190       22.3726210404
  1        0.9646393066       21.5710279388       11.5942674318
  2        1.2221984317       21.9312244697       11.2680439560
  1        1.4792931110       22.3069187708       10.9594080589
  1       17.9911767124        9.9371592338        8.0954377885
  2       18.2282873286        9.7106523059        7.6538801282
  1       18.4537260941        9.4941966921        7.2013049088
  1        5.1390361949        9.9728873614       17.9139548182
  2        4.9140265060       10.4303012847       18.1204569795
  1        4.6917577729       10.8893927401       18.3262035344
  1       12.2653389949        7.7799398940        5.6649380772
  2       12.6553101438        7.6722929158        5.2923328825
  1       13.0458769777        7.5617626506        4.9211986646
  1       25.6506958066       21.5022113245       17.5178782908
  2       25.7339218658       21.8663983043       17.1142184504
  1       25.8075170239       22.2260131039       16.7046321376
  1       22.3864908692       24.7870419414       10.2951877249
  2       21.9637188551       25.1366812927       10.3341254715
  1       21.5534630661       25.5025900799       10.3514732660
  1       15.4682879506       14.1894214553       14.2190687566
  2       15.9803155393       14.3735690291       14.1389599590
  1       16.4875337744       14.5636379158       14.0435478046
  1       11.6919309366       23.2926713702       11.7150855171
  2       11.6309160126       22.8014662763       11.4753049199
  1       11.5763045958       22.3125789927       11.2293235871
  1       24.8821369613       25.6761242497        7.2432517495
  2       25.3206528198       25.9117711706        7.4770772625
  1       25.7468499999       26.1414797156        7.7380177672
  1        7.8284916900       17.7111147640       17.7081260846
  2        7.4201795701       17.3677105192       17.5745044643
  1        7.0274310731       17.0149014270       17.4203150954
  1       19.9395769999        9.2129194123        3.2972443890
  2       20.0556730101        9.2915601747        3.8290689342
  1       20.1468113059        9.3729664120        4.3653215188
  1       16.2979941498        9.7047381186       26.2344158519
  2       16.4444506354       10.0777634220       25.8577162092
  1       16.5999342457       10.4536687473       25.4875540390
  1       11.1183812362       20.7300882035       25.7332095173
  2       10.9960541960       20.9061139904       25.2267008623
  1       10.8765677465       21.0714003485       24.7159138155
  1        1.8489173294        4.8854775056       26.0902907943
  2        1.5788742830        4.9893205462       26.5580443363
  1        1.3241498229        5.0958004130       27.0337306682
  1       19.7716955012        4.8759044205        2.6085462211
  2       20.1553513443        4.9138041150        3.0008111918
  1       20.5211429014        4.9627666762        3.4086091851
  1        1.6454274370       14.7152757821        7.5640964142
  2        2.0331756555       14.3634512928        7.7325328941
  1        2.4151428766       14.0137240754        7.9177136555
  1       10.0721227446        8.7099909500       22.0990046367
  2        9.7018380029        8.7639653911       22.5020877172
  1        9.3277537733        8.7883089148       22.9045406722
  1       12.8509091732       21.6644361941        3.4624142696
  2       13.1629733011       21.7662152803        3.0211014580
  1       13.4558684744       21.8637861144        2.5659175954
  1        3.0568212869        0.0103088947       16.2009319918
  2        2.5133500035        0.0224245498       16.1173127659
  1        1.9693602985        0.0167404618       16.0364246272
  1       20.7638571763       13.1676336256       15.5118072008
  2       21.2863312658       13.0461542844       15.6333127379
  1       21.8108732567       12.9203550698       15.7406917691
  1        8.1733449965       25.1135619646        3.3136164238
  2        8.1308454200       24.9098725678        2.8044952049
  1        8.1011350647       24.7081093441        2.2937027858
  1        5.4182496918       18.2485305014       11.5352767075
  2        5.1493799191       18.4413657153       11.0959321666
  1        4.8933830316       18.6254834864       10.6453034514
  1       14.6328939180       23.2647736349       10.3177486418
  2       15.0504354547       23.1350431244        9.9840885457
  1       15.4717006403       23.0101402676        9.6532790556
  1       14.5162063656       13.4549152615       23.2302966789
  2       14.3776017343       13.0466536052       22.8888128928
  1       14.2344055140       12.6305088627       22.5589365602
  1        6.4126635571        3.1760049952       22.7949102354
  2        5.9967675536        3.2115026402       22.4367616190
  1        5.5830941965        3.2673470068       22.0786334863
  1       17.5988830345       15.6335135120        8.2261955354
  2       17.5491478131       16.1520769026        8.4025996673
  1       17.4957417275       16.6718494140        8.5743096710
  1       14.8635944026        5.7012032739       17.4679668965
  2       14.8565682926        5.8496206091       16.9384171554
  1       14.8494512027        6.0126972295       16.4131978089
  1       10.8352267080       23.7890299904        5.2006402148
  2       10.4966826828       24.0745961303        5.5267382410
  1       10.1439504864       24.3856881992        5.8118728080
  1       23.8879211967       20.2737982425       27.3243238076
  2       24.4364413697       20.2968133337       27.2912190444
  1       24.9836401957       20.3247990909       27.2433625789
  1       14.7193295253       17.2286884714       15.2571960357
  2       14.2383772074       17.4954670033       15.2609487457
  1       13.7577105587       17.7627832986       15.2596957208
  1        7.5125067381       11.7818081377       11.6443609963
  2        7.6037128281       11.8845611745       11.1117980774
  1        7.6917437402       11.9814012864       10.5775953535
  1       24.0907725011       14.3101103201        5.2570554968
  2       24.2171020329       14.1905976440        4.7352724292
  1       24.3188504499       14.0874658475        4.2046962413
  1       21.5273792462        2.6680726154        5.8618626579
  2       21.5738515086        2.3132800808        5.4441754708
  1       21.6308066182        1.9443362999        5.0402737488
  1        1.9147364422       17.3434180957        2.1325040980
  2        2.3529206488       17.3089496382        1.8018887225
  1        2.8003493339       17.2710601802        1.4842852595
  1        9.5927579926       14.3484594938       27.3695983705
  2        9.3537182336       13.8612471978       27.2802441745
  1        9.1251077586       13.3695381111       27.1882690491
  1       19.9798862823        8.3305948204       15.9266501395
  2       20.2415142414        8.7455934652       16.1753003674
  1       20.5121096111        9.1564156679       16.4212744771
  1       19.5314835589       26.5998591700        7.0802440852
  2       19.3352459484       27.1002159708        7.1970082581
  1       19.1407172466       27.6014126334        7.3130276039
  1       23.4148893604       10.0321778616        5.8864392560
  2       22.9901072218       10.3708625468        5.9721878349
  1       22.5651585245       10.7046683098        6.0746198425
  1       13.2951329945       19.9308468158       10.1649524807
  2       13.6698734709       19.5310401809       10.2121142244
  1       14.0543739004       19.1411106520       10.2632452441
  1       19.1662426692       12.8108849597       25.5217722089
  2       19.1622777585       13.0635534324       26.0102831324
  1       19.1595227865       13.2825105706       26.5148127953
  1       12.0839644210       11.2282863350        3.3037973006
  2       12.4317840482       11.6536901981        3.2802800674
  1       12.7770223400       12.0804588002        3.2459423165
  1        7.7869105215        8.8221671578        1.6416696309
  2        7.5567299380        9.3215703899        1.6310248793
  1        7.3388702643        9.8265799229        1.6326164555
  1        4.8111920826       24.8344861592        9.4912055270
  2        4.5258348725       24.4047856304        9.6820686143
  1        4.2458312616       23.9628113685        9.8516467049
  1       23.3546795917        7.1858658110       13.6422397415
  2       22.9634274129        7.5715300236       13.6684093364
  1       22.5496242864        7.9336697944       13.6794437303
  1       19.5427900389        9.7454144196       23.6024586267
  2       19.7630596663       10.0619663256       23.2103155635
  1       19.9880969245       10.3873853315       22.8282675272
  1       20.2599297727       12.8532045129        7.6954700539
  2       20.5583220333       12.7912567545        8.1533177732
  1       20.8702818019       12.7363374083        8.6029453604
  1        3.0714322895       20.1405512250       26.4766854966
  2        3.3337032664       19.6845469439       26.3161425732
  1        3.6125668509       19.2378213967       26.1574876465
  1        2.5269887143       19.3776311186       22.1730756600
  2        2.7019471530       19.7286628767       21.7875030345
  1        2.8714138096       20.0940036338       21.4129270309
  1       27.3525029158       11.3240240676       20.7301309330
  2       27.3856361043       10.7814820567       20.8140973440
  1       27.4056112231       10.2376473124       20.8937513744
  1       16.5450918411       20.5939190707        3.0445984195
  2       16.8691554256       20.9410633125        3.3220397080
  1       17.1857393006       21.2971390879        3.5967844828
  1       27.3796183907       18.6499415194       20.7326077900
  2       26.8586255887       18.6952565978       20.9029399478
  1       26.3316666557       18.7464230956       21.0519240791
  1        0.6114323970       17.8741647454        8.3259183636
  2        0.8925079181       18.2069281213        8.6617234963
  1        1.1774228309       18.5367630695        8.9971819861
  1       19.3512746435       16.0543620884        1.2166810779
  2       18.8312317910       15.9931479286        1.0484304961
  1       18.3141276150       15.9344924084        0.8704900563
  1       10.3841237703       18.3706906428        0.9122256537
  2       10.0596920049       18.2810010837        0.4772546057
  1        9.7110559644       18.1693193035        0.0667913428
  1        8.2457216475       23.5603989121       25.3579392855
  2        7.7690780257       23.5594072095       25.6323657316
  1        7.2902570343       23.5725205618       25.9026590857
  1        7.3332245351       23.7476449374       14.7987554556
  2        7.1298620706       23.9797076315       15.2540472456
  1        6.9310042479       24.2015293099       15.7163790618
  1       13.8315702195       17.2222724710       22.2594602855
  2       13.5159303137       17.6726764747       22.2566884045
  1       13.1887952895       18.1148106998       22.2566448958
  1       15.1685823075        2.0871551466       23.8504695518
  2       14.6529584162        2.0135990483       23.6737734761
  1       14.1423875298        1.9402990557       23.4828691020
  1        6.8498961893       18.9567053972       14.7504935034
  2        7.0264602201       19.2768413862       14.3395943776
  1        7.2131681094       19.6099210379       13.9437432582
  1       11.8468153261       21.6474217109       20.8593267729
  2       11.8690387706       21.9391655991       20.3936105264
  1       11.9158177872       22.2307598540       19.9296229047
  1       23.7828129894        3.9380479285       18.0378647657
  2       24.2220788114        3.9016467804       17.7088959313
  1       24.6537765636        3.8638662997       17.3702077487
  1       24.2543660476       22.1570988651        5.5529357051
  2       24.4565773514       21.6476265346        5.5981964279
  1       24.6549238621       21.1369260306        5.6466077473
  1        9.2289974559       11.3210934646        7.9194006352
  2        9.7447396595       11.4870960764        8.0140215228
  1       10.2605940591       11.6504708818        8.1125248744
  1       17.3614847240       20.6684341409       27.1525414145
  2       17.5850291855       20.1755790043       27.0544512110
  1       17.7965894547       19.6741924738       26.9747404932
  1        9.9937786874        0.6711740470        3.4445474864
  2       10.3340575613        0.9014346537        3.0789105887
  1       10.6827670151        1.1204884097        2.7143325205
  1        5.6996724474       20.1283387468       20.4070309338
  2        5.8992082625       20.6213487948       20.2669361405
  1        6.1020139208       21.1185462708       20.1479212939
  1        6.4597895471        0.5677664090       15.9329730589
  2        6.4902332660        0.0452034756       15.7641501913
  1        6.5140027689       -0.4819659195       15.6091423250
  1        9.7189969757       24.9944261659       22.4372572379
  2        9.9214458670       24.4905927864       22.3496994163
  1       10.0794949016       23.9693538283       22.2733420318
  1       14.0672457853       23.4630518114        6.9479048138
  2       14.4593640503       23.4069247948        6.5663382741
  1       14.8483067467       23.3702957505        6.1791924475
  1        4.2473303182        6.8892849900       16.3412959379
  2        3.9615953551        7.0701155515       15.9075265995
  1        3.6914432378        7.2514337095       15.4640837530
  1       16.9138675023       25.2850614576       20.9593827026
  2       16.5610552438       24.9051783938       20.7757734214
  1       16.2054829020       24.5403298621       20.5685202968
  1        8.0422389217        6.5428304724       25.2914667777
  2        8.2201051644        6.4081974780       24.7887366747
  1        8.3911246274        6.2675468717       24.2852788818
  1       14.2992293107       25.4398687589       13.3348052159
  2       13.9786912847       25.4840420571       13.7795569372
  1       13.6586213278       25.5178769430       14.2255506840
  1       13.0841806409        3.8853451352        9.3682455144
  2       12.9186924234        4.3330826787        9.6414574140
  1       12.7682718569        4.7887689637        9.9102020173
  1       27.3387207221       15.9376239704        5.1562256494
  2       27.5113497938       16.4513689627        5.2498487578
  1       27.6655532141       16.9735151097        5.3278532788
  1        1.1488563188       10.8594754803        2.7853460065
  2        1.0751919317       11.0614507560        2.2791054055
  1        1.0239810704       11.2497523549        1.7648875971
  1       15.5081613029        4.1064706331        3.6178592831
  2       15.9776287873        4.2911667362        3.8369200752
  1       16.4460395524        4.4872347061        4.0482224777
  1       10.2822697683       22.2146272841        1.2024670269
  2       10.0107350032       21.8090956011        1.4560669587
  1        9.7403921750       21.3891888238        1.6864862560
  1       25.5119770603       11.6138995001       18.0170109639
  2       25.1849806177       12.0319024544       18.1613953704
  1       24.8548870108       12.4551770398       18.2812988104
  1        0.8915989337       22.7088161897        7.7644028760
  2        0.4918223233       23.0441675065        7.9382365786
  1        0.0852400052       23.3728603814        8.1089755945
  1       26.9001562052        1.0770545440       15.7557320992
  2       26.7830347899        1.1755662503       16.2840104518
  1       26.6404556982        1.2734522335       16.8061115300
  1        0.7398563826        8.4366511048       27.2686022825
  2        0.3851036162        8.5215777228       27.6802306881
  1        0.0141409798        8.6262584314       28.0725681329
  1       15.5066897179        0.6760417902       10.0914513743
  2       15.3254021237        1.0914843088       10.4029675407
  1       15.1363083143        1.5037524881       10.7140599363
  1       23.5472781447       10.2412135266       20.8445341932
  2       23.4422432826       10.6430244561       21.2051110292
  1       23.3505576812       11.0474045827       21.5664563802
  1        7.3879774343        5.4448200839       16.6004784788
  2        7.1485170159        4.9677059037       16.4681124440
  1        6.8919974419        4.4930274532       16.3614443808
  1       13.5263136913        3.0949945427       15.5443120279
  2       13.7858588606        2.9275654587       15.9993986208
  1       14.0160712982        2.7347407538       16.4601815043
  1        7.1180847059       15.7264069795       20.9310172633
  2        7.3327720683       15.4737399523       21.3698437777
  1        7.5408558268       15.2362642234       21.8201841231
  1        4.9433683247        6.9499002018        7.4428072724
  2        4.7722317188        6.6588007778        7.8769424904
  1        4.6015221031        6.3805360299        8.3195788605
  1       12.9610546055       26.3656272917        9.8493349470
  2       12.9393249484       26.0825874244        9.3782550647
  1       12.9185188146       25.7771111030        8.9213619472
  1        7.8231852043        6.5565083740       20.5676961787
  2        7.9569221434        6.0440800456       20.4192655910
  1        8.1060754664        5.5333276708       20.2800344997
  1       16.5052917597        3.9884350803       19.9619754988
  2       16.8571361169        4.3972736219       19.8544738930
  1       17.1961948989        4.8081586551       19.7176797744
  1        6.9427474737       25.4979643619        6.7055816440
  2        7.0479948280       25.9079669757        7.0567523306
  1        7.1462291225       26.3263721022        7.3999536891
  1       18.7972369562        4.6031249496       14.5502189639
  2       18.5771687801        4.8548030868       14.9869432627
  1       18.3745167935        5.1103993812       15.4297781140
  1        8.0076175779       15.0890298294       13.3404463401
  2        8.1523534486       15.5872225327       13.5230813810
  1        8.3242501841       16.0758046562       13.7081192686
  1       19.4454220827       17.7176478112       17.9434045675
  2       19.6605800881       18.2232329725       17.9191007110
  1       19.8543702766       18.7371303551       17.8898630299
  1       24.9447199244       23.8138543466       24.4161258064
  2       25.3185989984       24.0133857249       24.7666991469
  1       25.6792233286       24.2208868231       25.1264120682
  1       23.6479035603       17.9557324134        4.5238246005
  2       23.5076937079       18.2498634656        4.0807353076
  1       23.3766620560       18.5217292239        3.6209313117
  1       25.9414050156        3.1581552957        3.5970757240
  2       26.1313621698        3.5478622014        3.9355204126
  1       26.3263859755        3.9230038590        4.2872794933
  1        7.4350595106        8.3829152946       10.1332777191
  2        7.5672484397        7.8687616316        9.9894997725
  1        7.6958601251        7.3508523964        9.8563492658
  1        4.5734661092       27.8002825464       10.3533627204
  2        5.1105901431       27.8483242035       10.4614819667
  1        5.6432558563       27.8876116788       10.5927211805
  1       26.0626789493        4.7004040857       12.3381878441
  2       25.6050674610        4.3953309589       12.3428902998
  1       25.1472209366        4.0913227069       12.3642337266
  1       14.4481561476       21.6112913407       14.4104112267
  2       14.2472349606       21.2695997854       14.0291271363
  1       14.0443111356       20.9318557713       13.6453942850
  1        6.6548646135       21.4761382355        5.2650617348
  2        7.1355882311       21.6235831781        5.4879177251
  1        7.6156317081       21.7773709256        5.7079349695
  1        0.7362769551       11.0783027433       14.2842885881
  2        1.2045715379       10.8673735838       14.0875423725
  1        1.6781418941       10.6564541238       13.9038467055
  1       15.5353014966       14.6727397186        2.6203836918
  2       15.1202992213       14.6420260023        2.2607591945
  1       14.6877810353       14.6102050860        1.9225056696
  1        5.2336449513       13.7777604180       14.0668433361
  2        4.7085339847       13.6845267570       13.9324336742
  1        4.1876880710       13.5780037188       13.7914642608
  1       10.9889549538       15.0914197822       21.3032370975
  2       10.9497461727       15.0590754228       20.7555907573
  1       10.9227558614       15.0528755453       20.2062883965
  1       23.0683664351        8.8309014584       25.5262911385
  2       23.2344645457        8.4845974277       25.1326098766
  1       23.3971783346        8.1252353979       24.7493564964
  1        9.5817290042        6.4766463254        2.9436928948
  2       10.0960112377        6.6305653274        2.8240153062
  1       10.6095957156        6.7889160870        2.7071563315
  1       15.5371388522       17.6549140976        4.5546471497
  2       15.5464211463       17.7878917442        5.0882488594
  1       15.5429419828       17.9211096729        5.6218600267
  1       23.8397059273       23.0030533240        1.7203537711
  2       24.2245527384       23.2673718665        1.4296156757
  1       24.6144631586       23.5060448765        1.1238297089
  1       25.6763400776       10.1555882210        3.5439605789
  2       25.4027277983        9.8697508189        3.1619484061
  1       25.1643989815        9.5956324613        2.7489611181
  1       21.5596009321       19.0321122441       11.3737775879
  2       22.0843284509       19.1965064603       11.3854211540
  1       22.6137940024       19.3444997510       11.4016758367
  1        1.1976686893        7.1338105579       22.2034695986
  2        1.2510151883        7.5041780840       22.6065602170
  1        1.3203172886        7.8575709289       23.0222652988
  1       25.5409023536        9.6104789406       11.6830710037
  2       25.6576622430        9.0771483214       11.7495960281
  1       25.7896361411        8.5463709836       11.8075469283
  1        5.6027827935       21.3605350919       24.0338422884
  2        5.1260246207       21.6012822842       23.9025318392
  1        4.6548326496       21.8466959630       23.7602284604
  1       22.3085911365       11.7343295953        1.9639785349
  2       22.1597725040       12.2584101901        1.8885295802
  1       22.0395339228       12.7891339718        1.8086862948
  1       16.1521282266       17.0926946770       18.4517582438
  2       16.1029334312       16.9099650259       18.9681783700
  1       16.0799636026       16.7226120189       19.4847741856
  1        6.4554032868       24.4049377238       21.6588650916
  2        6.3788642852       24.8353103320       21.3250669499
  1        6.3236789503       25.2645190678       20.9856049654
  1       17.5338343816       24.9135958499        3.9378522969
  2       17.3213684727       25.3752678856        4.1481310855
  1       17.1172097775       25.8381323188        4.3639452245
  1       19.2081708938       25.6228479359       17.2167673738
  2       18.6649442928       25.6762752754       17.2842238738
  1       18.1213899076       25.7106099657       17.3608382220
  1        3.7123408136        8.8772428343        4.2339941787
  2        3.9483680369        9.0627100983        3.7731329807
  1        4.2008156221        9.2402313299        3.3178787352
  1       21.0283634130       13.0349230329       20.4503622447
  2       20.9209241003       13.5200028282       20.6862740636
  1       20.8284928668       13.9999735317       20.9384339133
  1       16.3257348022        8.9581269807        4.0946641863
  2       15.8579893192        9.2459441485        4.0650763341
  1       15.3952153911        9.5389736843        4.0153371978
  1        9.7438308917        3.3522516388       22.7972152934
  2       10.0006034612        3.3635138629       23.2834672958
  1       10.2163304982        3.3871363857       23.7888422268
  1       10.1333204626       15.0021956924        9.4575012300
  2       10.1884568530       15.0315379919       10.0039433659
  1       10.2479857678       15.0583168012       10.5500561772
  1        3.6867638626        7.9225753459       11.3351536815
  2        3.3820734821        8.1727542095       10.9516509979
  1        3.0572298054        8.4244183793       10.5860805802
  1       24.8618103964       14.9792489187       21.1038244604
  2       24.4827983099       14.6384252138       21.3104377236
  1       24.1077015507       14.2963485953       21.5220647711
  1       27.3084655846       23.9297300216        3.9741314296
  2       27.4447222710       24.4202916818        4.1821779940
  1       27.5896882118       24.9094309757        4.3876716099
  1        0.6134346782       14.7675561807       19.6604460357
  2        0.6499472597       15.2027676463       19.9947480124
  1        0.6770414961       15.6302522304       20.3397448699
  1       17.6826854464       18.6844492772       13.1408844407
  2       17.2534697752       18.8437111156       12.8360737217
  1       16.8256024786       18.9888479318       12.5224419629
  1       17.8857136860       14.7998252605       17.6090380705
  2       18.3798028536       14.5714928045       17.6880329052
  1       18.8771703489       14.3464677320       17.7550350719
  1        1.6808912457       10.1301582530       17.3812069428
  2        1.2805259979       10.4954484476       17.4748591830
  1        0.8834971355       10.8681913277       17.5518710440
  1        8.5129523654       27.6851558972        0.0973754999
  2        8.1151697399       27.8359310922        0.4459953837
  1        7.7167182449       27.9883798603        0.7931204018
  1       13.9347187824       18.9278526800        0.8437388226
  2       13.7738987075       19.2432139086        0.4228062876
  1       13.5981111907       19.5335432574       -0.0099842127
  1       11.7239502646       14.7146495242       14.3722397104
  2       11.3451521435       14.3165144482       14.3498690889
  1       10.9650660089       13.9189802180       14.3509011421
  1       20.7350642450        0.7279165045       23.6881805780
  2       20.4860324297        0.2933621675       23.9154374442
  1       20.2529084764       -0.1522811541       24.1380475322
  1       27.2518025993        7.9242972337       15.3709157358
  2       26.7493070266        8.0693017590       15.2007044348
  1       26.2509156217        8.2173726167       15.0213137226
  1        2.2191123060        1.3089277598       25.5080694674
  2        2.7133726989        1.5415302340       25.4440167314
  1        3.2024674901        1.7859302742       25.3843937109
  1        6.0022007017        2.5530034119       26.4110431021
  2        6.4077856601        2.8349189037       26.1691247336
  1        6.8093620402        3.1197061736       25.9239051977
  1       21.8784505078        1.3471270126        8.9492749334
  2       22.3505200672        1.4619692316        9.2070763993
  1       22.8226061335        1.5896901378        9.4587152578
  1        2.0681176847       23.8158966459       24.8295344161
  2        2.4845533566       24.1066026750       24.6184151705
  1        2.9065957690       24.3869345063       24.4044192233
  1       27.9133093994        7.5092073125        4.1349482583
  2       27.8385062441        7.6656710949        4.6568903746
  1       27.7463004490        7.7816796178        5.1865507497
  1        1.2411114307       24.4197630405       14.6470745268
  2        1.1750460286       24.2212787948       14.1384102300
  1        1.1381767182       23.9762545345       13.6473870484
  1       26.8867233111        2.2816750921       24.6264885139
  2       26.9744519301        2.7041597456       24.9675316298
  1       27.0687938443        3.1198175368       25.3151351437
  1       15.5120204857       20.5359748560       21.1823639864
  2       15.7969204310       20.7449464811       20.7608632378
  1       16.0762465405       20.9459949883       20.3318452647
  1        0.1903711953       12.5130347855       10.2639074809
  2        0.3775675835       12.0071195996       10.3711797370
  1        0.5750982816       11.5038482622       10.4721727230
  1        9.1995064012       19.5700359618       11.0278562277
  2        9.0821375221       19.0343283617       10.9861199913
  1        8.9718220558       18.4961549785       10.9596642460
  1       20.7618322508       15.2162572544        4.3514233117
  2       20.2626261939       14.9859644342        4.3353444496
  1       19.7644556234       14.7531390809        4.3244615930
  1        4.6393051435        1.1263343207       18.8371201504
  2        4.3690290145        1.6052342903       18.8268423478
  1        4.0905583489        2.0794150117       18.8371734083
  1       15.3823312346       -0.0545506861       18.1719416896
  2       15.0255921758        0.2686616052       18.4379699940
  1       14.6539740768        0.5704853470       18.7087141838
  1        5.8899100214        5.7721007387       13.1169050807
  2        6.1420718008        6.2608489465       13.1232000344
  1        6.4095743212        6.7414070620       13.1257096398
  1       21.0647279394       16.4581080911        8.5269930420
  2       21.0871117912       17.0076167719        8.5207342141
  1       21.1077549170       17.5572129327        8.5249674486
  1        6.6506377851       16.0320078035        3.5919997104
  2        6.8475771358       16.5232752630        3.7415696789
  1        7.0652625629       17.0095596821        3.8780999596
  1       20.3898456978       18.5372458521        5.4568045006
  2       19.8959220325       18.7728029450        5.4015571588
  1       19.4009957803       19.0062376918        5.3462740430
  1       23.2445571032        4.0492147428       24.4692670894
  2       22.7071387983        4.1395502603       24.5435709237
  1       22.1687082473        4.2352199725       24.6022211321
  1        8.8650100806       26.4090870768       12.7934477004
  2        9.3247906132       26.3078062867       13.0777786051
  1        9.7784057359       26.1973501511       13.3685237883
  1       14.0062158835       25.4632579048        3.6655294303
  2       13.5674738279       25.6860459479        3.4198245331
  1       13.1186592001       25.8882492531        3.1745099346
  1        3.4394727460       17.2903808964       18.8205372615
  2        3.3846140767       17.6906097619       18.4472982207
  1        3.3352849278       18.0901216135       18.0725224017
  1        4.4979166168        2.8953747541        2.3604039119
  2        4.8993336559        3.2467435426        2.2265968301
  1        5.3087845375        3.5942734760        2.1079674915
  1       11.9805308096        1.8551695315       26.1916358444
  2       11.5692006158        2.0417775945       26.5054588878
  1       11.1524571723        2.2122664907       26.8213044791
  1        8.7620627392       13.1497667951        3.0065624933
  2        8.8392959265       12.8741451113        3.4762088732
  1        8.9166034620       12.5815760733        3.9354766622
  1       27.8919425072       17.9167087675       17.5258219416
  2       27.3763596482       18.0774183270       17.4216741960
  1       26.8540432287       18.2155254220       17.3186596957
  1        5.3002580725       13.2214260500        0.7656901142
  2        5.1479416605       13.0194693210        1.2540682364
  1        5.0125705570       12.8190024999        1.7480193645
  1       13.3157109518       20.4324221092       17.7615611818
  2       13.3695527861       19.9600534774       18.0380913475
  1       13.4241548741       19.4813288198       18.3033107154
  1       25.0224377065       21.7599896064       10.0212380690
  2       25.4682619857       21.4733904674        9.8742630861
  1       25.9096702917       21.1870494079        9.7140522750
  1       25.5124355009       13.8637416427       12.1528703876
  2       25.9625773108       14.1777460245       12.1171828658
  1       26.3967236146       14.5150671461       12.1019694913
  1        8.9196255692       17.3079315868       24.3283304540
  2        8.9957821098       16.8226795917       24.5757787974
  1        9.0401353637       16.3284851940       24.8130648802
  1       27.2219504087       26.1019520682       27.2600965824
  2       27.0739995182       26.5568271878       26.9886206911
  1       26.9128670495       27.0172411033       26.7345432365
  1        8.8289851300        8.8561552232       17.4279990767
  2        8.4401202808        9.1784497369       17.2102598392
  1        8.0549441352        9.5030363828       16.9893914506
  1        7.4014981587       10.8976983867       21.2978676743
  2        7.0428292505       11.0077355185       20.8956880578
  1        6.6889785959       11.1430055179       20.4969503740
  1       11.2447974496        8.8400329797        9.6880494921
  2       11.6864021046        8.5430387872        9.5491978508
  1       12.1277891405        8.2440790428        9.4139183077
  1       16.9331580941       26.9912505457       25.0028682483
  2       16.8265201809       26.8491666036       24.4823487877
  1       16.7259815838       26.7025797252       23.9618641323
  1       14.9526920656       20.6904572898       24.7084468430
  2       14.8090154165       20.1623485365       24.7628358606
  1       14.6479014878       19.6374493002       24.7948216808
  1       26.3226088501        6.1854907172        1.7706133555
  2       26.1079856167        6.1397386447        1.2662884449
  1       25.8808043550        6.0871474367        0.7681691437
  1        8.6037404191       28.0917076334       24.1377832527
  2        8.3101692307       27.8513003685       23.7396371686
  1        8.0234532233       27.5902242658       23.3495946085
  1        3.0507771852        4.2089950794        5.9747739435
  2        2.5653055944        4.4354615597        5.8501534486
  1        2.0862208116        4.6801233612        5.7356179833
  1       18.6454900335       15.9830882152       11.6057352020
  2       19.1891106682       15.8995674254       11.6066749941
  1       19.7338398694       15.8252574236       11.5909231717
  1        4.1225127092       10.2484846809       23.1802431896
  2        3.6401968960       10.5124159861       23.1656925063
  1        3.1599802339       10.7800633627       23.1496663310
  1       26.6929675868       14.0088335138        2.0182068064
  2       26.7598821420       14.5546674857        2.0088410500
  1       26.8492523778       15.0973497232        2.0118325494
  1        4.3002153866        7.2527775785       24.6289039697
  2        4.6649751007        7.1570991221       24.2285341607
  1        5.0276987585        7.0578748178       23.8271788512
  1       24.8192475259       25.0751284518       14.9273147930
  2       25.0863046584       25.5423229719       14.8136936314
  1       25.3435289442       26.0201375833       14.7240897091
  1       18.6448079622        3.7490407375        7.8951080051
  2       18.5837475712        3.5292931963        7.3946255910
  1       18.5140555151        3.3189578305        6.8912350367
  1       21.3397438499       26.0560565794       20.2720244699
  2       21.1136349036       26.1287321677       20.7681020880
  1       20.8950705058       26.2046799618       21.2670625430
  1       20.1668198079       22.8720196574        0.5025691418
  2       19.9341190206       23.3606857727        0.4048155157
  1       19.6936560696       23.8413902874        0.2881933151
  1       10.3841647661       18.4310655604       14.5635766332
  2       10.6147841763       18.9217807881       14.4713093425
  1       10.8429597934       19.4124653563       14.3730009437
  1       10.3047002475       19.5537264814        4.2955907167
  2       10.3594126370       19.5554567205        4.8428599016
  1       10.4054121558       19.5486602424        5.3908907868
  1       12.3477950498       27.1415896366       23.6407510147
  2       12.2239486951       26.9738867731       24.1497086063
  1       12.1205793443       26.8030329400       24.6621768921
  1        2.2285140809        5.1780014561        2.3944298953
  2        1.7775185788        4.8631959787        2.3936759501
  1        1.3237802326        4.5524566227        2.4015857455
  1       17.5873739754       26.8239927035        0.5595338669
  2       18.0710567779       26.9993331271        0.3650944612
  1       18.5549578745       27.1676390715        0.1650623719
  1        1.9236554632       13.2543758034       27.4235493857
  2        1.9422388885       13.1326615248       26.8875080714
  1        1.9430510594       13.0086634158       26.3516687220
  1       24.8442252167        0.2570150529       11.8255667784
  2       25.2849374468        0.5280259340       12.0121835851
  1       25.7254894609        0.8038924393       12.1919378427
  1        6.4830914596       22.5021863710       11.6917683200
  2        6.6303801560       22.1832715862       11.2685669496
  1        6.7911187719       21.8782288445       10.8400672155
  1       14.8468519003       16.1454729682       10.9349689437
  2       14.4360294777       16.0355687018       10.5861910928
  1       14.0219133903       15.9337777805       10.2388490805
  1        9.6514733311        9.6717062092       12.9839999892
  2        9.5318124699        9.1870984890       13.2149472470
  1        9.4046045664        8.6992543890       13.4347796429
  1        5.3629019421        6.7944548049        0.8099874724
  2        5.3648245479        6.6071743356        0.2928585432
  1        5.3603354884        6.4187115356       -0.2238247450
  1       18.3069874457        2.0219829645        3.5523580326
  2       18.3411188666        1.4732751485        3.5683198222
  1       18.3669050317        0.9241832665        3.5865729804
  1       26.1133393402        5.8805837026       24.2485517381
  2       26.3192746789        6.1089774293       24.7045418059
  1       26.5016591526        6.3428585851       25.1677215849
  1       25.8268947117        9.2359083910        7.9086079785
  2       26.1234710379        9.6962700295        7.9596926587
  1       26.4057525310       10.1645519002        8.0191001263
  1        9.9923037477        5.8333280974       11.1817595898
  2        9.6814766614        5.3864533909       11.2604330865
  1        9.3746483462        4.9344109721       11.3237895043
  1       17.7219264947       22.3728048955       11.7648512094
  2       18.2462241779       22.3145504436       11.6092287232
  1       18.7652270297       22.2342050529       11.4458865760
  1        8.8930380132       21.5214652087       17.4307042451
  2        9.3148841498       21.1698523567       17.4004678543
  1        9.7402849341       20.8229768417       17.3656605445
  1       10.8047154897        1.6381573506        6.5424302369
  2       10.9146177836        1.8764261932        7.0258032238
  1       11.0417915401        2.1255988944        7.4993428732
  1        3.9652203574       13.9483862709       18.3377167450
  2        4.5087735655       14.0226083933       18.2984613441
  1        5.0479306918       14.1223960274       18.2554262395
  1        2.8948193804       23.1115743644        4.1297666882
  2        3.1151988049       23.0804379108        3.6268119879
  1        3.3617057924       23.0716570537        3.1352255757
  1       21.9945511376       25.6388021186        3.4082001926
  2       21.8606116526       25.8459063358        3.8997976475
  1       21.7171376731       26.0627235923        4.3844681474
  1       17.9632635634        4.1236482088       23.2400637029
  2       18.1928844475        3.7009481351       23.5067074677
  1       18.4295779125        3.2760066417       23.7634192318
  1       25.6090328403       11.4485252978       27.5721844347
  2       25.3843271776       11.9505105925       27.5764422639
  1       25.1460473462       12.4461062534       27.5868182824
  1        2.4867605270       10.3037862439        7.3575957868
  2        2.1657417778        9.8612741316        7.4178452120
  1        1.8625259952        9.4045179407        7.4618221406
  1        1.0157492003       19.1199124796       14.1496418209
  2        0.6851694321       19.4721429978       14.4126069876
  1        0.3502768735       19.8251201378       14.6690326335
  1        6.5850350045       16.1802327702       27.8826246123
  2        6.1221546549       16.3758543401       27.6590759971
  1        5.6514188024       16.5587496647       27.4412295916
  1       27.7213139872       14.5036206418       23.5089459452
  2       27.3361837448       14.1349833024       23.3737379262
  1       26.9431378738       13.7795238171       23.2265526807
  1       19.3967088985       20.1334175162       21.3076284739
  2       19.6623439687       20.3609177105       21.7321065900
  1       19.9381914384       20.5764342154       22.1563244687
  1        8.3040165749        4.4954438312        0.4983265573
  2        8.8099876078        4.2904856783        0.5653002047
  1        9.3081555884        4.0765821585        0.6578958107
  1        0.5217376003       27.2192470965       22.7266181141
  2        0.0185678940       27.1401462902       22.9341351234
  1       -0.4765683526       27.0344192554       23.1489883067
  1        3.7143945812        3.0940254986       10.2124009316
  2        4.2023883242        3.3388309760       10.1458247711
  1        4.6862174923        3.5914686456       10.0781229031
  1        7.2876433721       18.4459582859        6.9049402804
  2        7.6584937605       18.3125548654        7.2885722874
  1        8.0087389644       18.1927313180        7.6953530804
  1       24.8822333665       11.7906482860       14.1004171631
  2       24.7374917610       11.5107105960       14.5511773625
  1       24.6081287903       11.2371442765       15.0104449203
  1       23.8759465694        6.2194547879       21.3366176723
  2       23.6577023457        6.4740891496       20.9006924486
  1       23.4487923968        6.7114351261       20.4506663164
  1       21.9631159292        9.5518660967        9.1298150676
  2       22.2826983673        9.2181629162        9.4281592523
  1       22.6130776797        8.8818346842        9.7114132536
  1       10.1231677330        5.7006196564       15.1247316349
  2       10.6081796152        5.6639664608       15.3814805733
  1       11.0978506473        5.6381210406       15.6305875656
  1       23.9555340989        5.2862612746        7.5384171034
  2       24.2849027844        5.6482114167        7.7894317716
  1       24.6055483787        6.0179907308        8.0403294812
  1       12.4803913965       17.3755678066        7.0603885566
  2       12.2725186137       17.6780912833        7.4699840304
  1       12.0591957488       17.9961508630        7.8647389646
  1       20.3556076827        5.7642236082       21.7980533370
  2       20.4298772686        6.1049967763       22.2233269859
  1       20.5265428953        6.4474700076       22.6426929853
  1       22.6522958615       11.9199968009       11.2526503887
  2       22.2665293875       12.1838914570       11.5425535415
  1       21.8852593019       12.4473441574       11.8387389488
  1       25.6208731453       13.5028247217        8.1051014408
  2       25.5973503775       14.0218960434        8.2854112918
  1       25.5874988563       14.5400263763        8.4696500085
  1        1.6506687647       26.6786124123        8.9307668368
  2        1.4068263988       26.5872579591        9.4152204099
  1        1.1658794602       26.4998142419        9.9018395301
  1       27.2054669951       15.7340563818       26.6661937705
  2       27.4760928993       16.1809764316       26.8380195226
  1       27.7358292845       16.6376351457       27.0008072003
  1       14.8185009390       23.6519887322       23.8594050922
  2       14.2887832061       23.7472544923       23.7461639406
  1       13.7538168520       23.8249113216       23.6447715550
  1       24.6640812906        2.0110783155       -0.1516188284
  2       24.5107582960        2.5137344991        0.0106427520
  1       24.3818834248        3.0244054619        0.1690928523
  1       14.4021139405        0.6136355985        5.0718692067
  2       14.5335228671        0.5280939009        5.5990449952
  1       14.6878811114        0.4255098939        6.1168770654
  1       20.1143890446       20.3568621303       14.5911945060
  2       20.6286059055       20.4625007634       14.7552722288
  1       21.1442410082       20.5725607837       14.9118200868
  1        8.2172026433        3.1899911268       13.5245083573
  2        8.3407285502        2.7104422374       13.2851880426
  1        8.4645281129        2.2174526686       13.0751048395
  1       24.2000209074       18.4260580270        8.0488547195
  2       24.7418232514       18.3461375019        8.0994801054
  1       25.2835247903       18.2780805692        8.1660210379
  1        2.3196493122       14.0721345729        3.6958939150
  2        2.6606071679       14.4281122860        3.9398767184
  1        2.9933488278       14.8012874404        4.1690563226
  1       11.1758511393       21.4395204873        7.7894155011
  2       10.7339807659       21.3189480974        8.0939033858
  1       10.2932619380       21.2152925409        8.4061892153
  1       27.3842193452       10.5293814173       24.6667011739
  2       26.9798378196       10.3117148835       24.3640514392
  1       26.5782032477       10.0930038867       24.0585106571
  1       21.5630220714        5.4399205603       10.6976037032
  2       21.4887687606        4.9183853753       10.5395293643
  1       21.3975622460        4.4012448587       10.3759840897
  1       14.7385410897       23.4382818383       27.1674135432
  2       14.9567169594       23.9173239196       27.0079833885
  1       15.1346858228       24.4212485737       26.8780332996
  1        7.6394825814        0.5044439658       19.8316957066
  2        7.6917989028        1.0454953528       19.7478720874
  1        7.7529061075        1.5872032787       19.6749445100
  1       26.1710600785       24.8955758482       10.7511783382
  2       26.1303633586       24.7869812956       11.2888129726
  1       26.0999777707       24.6647190768       11.8241900966
  1       10.7737938040       10.6086726542       27.5610008188
  2       10.7303310697       10.0608246804       27.5827629032
  1       10.6736615452        9.5142065757       27.6050611443
  1        7.8263273244        3.8142175177        4.6195034610
  2        8.1731700774        3.7058842582        4.2066305877
  1        8.5076760490        3.5888573659        3.7860233357
  1       11.7520050104       24.9100429298       27.5550620929
  2       11.2546257010       24.8412492464       27.3306044093
  1       10.7558234164       24.7664045830       27.1112996984
  1        8.8472095031       19.1899100499       20.8078618654
  2        9.1698426730       18.7454555949       20.8373249797
  1        9.4964577373       18.3029908412       20.8442199384
  1        5.4618241707       13.1955617306       25.3727667243
  2        5.6805752195       13.6915686142       25.2798950383
  1        5.9202423715       14.1739559786       25.1687101206
  1       12.8456654112        8.0347898903       12.6118576035
  2       12.8884426448        7.5272369787       12.8193670013
  1       12.9431580859        7.0196629934       13.0240005003
  1        5.1951190818       26.5328091467       26.7266510334
  2        5.2306759144       26.6268496607       26.1859181110
  1        5.2871292975       26.7340137387       25.6494212565
  1       20.7674195508       21.8666949164        4.4724513225
  2       20.6230592345       22.3876364425        4.3710608620
  1       20.4912318458       22.9083195747        4.2526944209
  1        5.6217518936       10.7534645498        6.2624661346
  2        5.4217223751       11.2495208946        6.3905922229
  1        5.2252513342       11.7425154931        6.5350064014
  1        1.9241438869        4.7507730967       18.5885810891
  2        1.5354853570        4.3681148799       18.5177486373
  1        1.1248482616        4.0088897092       18.4482184163
  1        5.4023867267        6.1794851141        4.2464227544
  2        5.8684056334        6.4699700040        4.2156834090
  1        6.3213066794        6.7817940241        4.2035829143
  1        3.7108967827       23.7835803166       28.0083081307
  2        4.1276049144       23.4513320242       27.8724206584
  1        4.5430993660       23.1196368024       27.7315567542
  1        8.7188706328       24.6791669207       10.0867306743
  2        9.0755223963       24.5394833747        9.6920307546
  1        9.4268921584       24.4191125882        9.2863829233
  1       14.2993454320       10.1605080714        7.4047109243
  2       13.8506216317       10.4538254766        7.2817806558
  1       13.4160707889       10.7704434949        7.1659419989
  1        0.4085516224       22.6203585014        0.8372383707
  2        0.0846250192       22.5673255782        0.3959232171
  1       -0.2397426701       22.4901063531       -0.0414813924
  1       18.1679890354       26.2996475332       11.0190332160
  2       17.8419082720       25.9774841044       10.7150890421
  1       17.5255495548       25.6570714435       10.3992522365
  1        3.9290270930       24.6342154157       16.8414671551
  2        4.0936033083       24.4501642601       17.3329341850
  1        4.2317365062       24.2445846469       17.8240107994
  1       16.2699693767       14.5009751985       26.1082969592
  2       16.0750101995       14.9838301370       26.2853337564
  1       15.8890057778       15.4654090739       26.4750284627
  1        9.3651365672       14.9316949645        6.3132133897
  2        9.5350509647       15.4455274625        6.2152069534
  1        9.7137329306       15.9563001394        6.1167995017
  1       21.2121847106       16.3961389742       25.4067705581
  2       20.6720773300       16.3253807796       25.3307620365
  1       20.1328761381       16.2659302801       25.2400553018
  1        1.2371679416        1.8594282225       11.9712575473
  2        1.5535594730        1.6045214076       12.3419581200
  1        1.8706802792        1.3503118561       12.7125143197
  1       23.1447129747       16.0952671618       11.9304868499
  2       23.3180471680       16.1268682349       11.4094718505
  1       23.4864104412       16.1760506829       10.8881898788
  1       16.5608933622        7.9376745867       22.0378161851
  2       16.2445324057        8.2064172183       22.3986390546
  1       15.9329768620        8.4677870276       22.7689348350
  1        4.5093153673        2.7108850833       14.3586400595
  2        4.3614289734        3.1457885308       14.6611108942
  1        4.2335219369        3.5620246717       14.9970978940
  1       13.7469774039       14.1645359542       18.6136687308
  2       13.7082138586       13.8994582951       18.1333238316
  1       13.6637112766       13.6275856980       17.6572935698
  1       11.3730699025       16.6120164795       17.3224958880
  2       11.2632665764       17.0613019265       17.6201295834
  1       11.1612995188       17.5063797486       17.9267375586


Molecules in box 2
##############################################################################                                           
Moleculetype  1
Number-of-molecules: 4     
Atomtype         X                  Y                   Z
  1       23.7827815926       10.0644700232       40.7075192794
  2       23.8570568541        9.7216646665       40.2838830286
  1       23.9469934584        9.3388658485       39.8993359300
  1       24.2005721943       35.7268120141       11.5070327718
  2       24.2200111523       36.2272467785       11.2796846389
  1       24.2227797038       36.7344563761       11.0670093979
  1        9.0497760678       32.9711678155       15.7629319872
  2        8.8421122818       32.5070745301       15.9726774866
  1        8.6384331278       32.0378281505       16.1747236112
  1        2.0820033412       10.1686836476       49.7564048562
  2        1.7937654585       10.1336401619       49.2892957928
  1        1.4948177399       10.1149325801       48.8280146562


Number-of-fractionals:  1        
##############################################################################                                           
Fractional-type:      2
Box:                  1
Lambda:               0.029311
Reaction-Step         1 (only used if Type = 3 (RxMC))

Moleculetype  1
Atomtype         X                  Y                   Z
  1       27.5269289710        8.9082912694        2.4269269299
  2       27.5574102028        8.4728583518        2.0923091350
  1       27.5984387084        8.0244604236        1.7764674678

------------------------------------------------------------------------------                                           

