#   100 bins for weightfunction of N2                      
 0.0000000    0.6212207031E+001    0.4441210937E+001
 0.0101010    0.6233886719E+001    0.4454589844E+001
 0.0202020    0.6245019531E+001    0.4437011719E+001
 0.0303030    0.6324511719E+001    0.4445605469E+001
 0.0404040    0.6445703125E+001    0.4443750000E+001
 0.0505051    0.6575878906E+001    0.4451660156E+001
 0.0606061    0.6686035156E+001    0.4421679687E+001
 0.0707071    0.6913671875E+001    0.4405273437E+001
 0.0808081    0.7079101562E+001    0.4448535156E+001
 0.0909091    0.7260058594E+001    0.4435253906E+001
 0.1010101    0.7437402344E+001    0.4452441406E+001
 0.1111111    0.7524414062E+001    0.4418261719E+001
 0.1212121    0.7618261719E+001    0.4443652344E+001
 0.1313131    0.7595898437E+001    0.4435156250E+001
 0.1414141    0.7642382812E+001    0.4416601562E+001
 0.1515152    0.7579785156E+001    0.4426367187E+001
 0.1616162    0.7512597656E+001    0.4435546875E+001
 0.1717172    0.7452734375E+001    0.4423730469E+001
 0.1818182    0.7338867187E+001    0.4407226562E+001
 0.1919192    0.7247656250E+001    0.4425683594E+001
 0.2020202    0.7122753906E+001    0.4398242187E+001
 0.2121212    0.6957617187E+001    0.4417285156E+001
 0.2222222    0.6849218750E+001    0.4407421875E+001
 0.2323232    0.6701660156E+001    0.4412402344E+001
 0.2424242    0.6519042969E+001    0.4388476562E+001
 0.2525253    0.6336718750E+001    0.4391308594E+001
 0.2626263    0.6074707031E+001    0.4401953125E+001
 0.2727273    0.5913085937E+001    0.4389746094E+001
 0.2828283    0.5750390625E+001    0.4398242187E+001
 0.2929293    0.5483593750E+001    0.4406542969E+001
 0.3030303    0.5283300781E+001    0.4417968750E+001
 0.3131313    0.5030273437E+001    0.4404589844E+001
 0.3232323    0.4849707031E+001    0.4393652344E+001
 0.3333333    0.4519726562E+001    0.4353222656E+001
 0.3434343    0.4264062500E+001    0.4390820312E+001
 0.3535354    0.4091015625E+001    0.4402246094E+001
 0.3636364    0.3799218750E+001    0.4380078125E+001
 0.3737374    0.3566210937E+001    0.4371093750E+001
 0.3838384    0.3329785156E+001    0.4405468750E+001
 0.3939394    0.3042285156E+001    0.4391308594E+001
 0.4040404    0.2780175781E+001    0.4392187500E+001
 0.4141414    0.2523437500E+001    0.4361230469E+001
 0.4242424    0.2270117187E+001    0.4388867187E+001
 0.4343434    0.2012890625E+001    0.4374707031E+001
 0.4444444    0.1739648437E+001    0.4381542969E+001
 0.4545455    0.1456347656E+001    0.4370800781E+001
 0.4646465    0.1204003906E+001    0.4376171875E+001
 0.4747475    0.8962890625E+000    0.4365625000E+001
 0.4848485    0.6083984375E+000    0.4393066406E+001
 0.4949495    0.3649414062E+000    0.4373828125E+001
 0.5050505    0.2410156250E+000    0.4384277344E+001
 0.5151515    0.2248046875E+000    0.4370117187E+001
 0.5252525    0.2055664062E+000    0.4363964844E+001
 0.5353535    0.2270507812E+000    0.4368847656E+001
 0.5454545    0.2104492187E+000    0.4393847656E+001
 0.5555556    0.2003906250E+000    0.4371484375E+001
 0.5656566    0.1844726562E+000    0.4377636719E+001
 0.5757576    0.2085937500E+000    0.4359472656E+001
 0.5858586    0.2125976562E+000    0.4343652344E+001
 0.5959596    0.2045898437E+000    0.4390625000E+001
 0.6060606    0.1966796875E+000    0.4349218750E+001
 0.6161616    0.2083984375E+000    0.4369531250E+001
 0.6262626    0.1925781250E+000    0.4347753906E+001
 0.6363636    0.1782226562E+000    0.4370410156E+001
 0.6464646    0.1576171875E+000    0.4386035156E+001
 0.6565657    0.2194335937E+000    0.4371191406E+001
 0.6666667    0.1855468750E+000    0.4358105469E+001
 0.6767677    0.1854492187E+000    0.4373828125E+001
 0.6868687    0.1785156250E+000    0.4364941406E+001
 0.6969697    0.1587890625E+000    0.4380371094E+001
 0.7070707    0.1588867187E+000    0.4362988281E+001
 0.7171717    0.1565429687E+000    0.4346679687E+001
 0.7272727    0.1536132812E+000    0.4373242187E+001
 0.7373737    0.1463867187E+000    0.4356542969E+001
 0.7474747    0.1613281250E+000    0.4374804687E+001
 0.7575758    0.1500000000E+000    0.4363378906E+001
 0.7676768    0.1561523437E+000    0.4372363281E+001
 0.7777778    0.1179687500E+000    0.4353417969E+001
 0.7878788    0.1321289062E+000    0.4360644531E+001
 0.7979798    0.1305664062E+000    0.4366796875E+001
 0.8080808    0.1084960937E+000    0.4355273437E+001
 0.8181818    0.1105468750E+000    0.4336230469E+001
 0.8282828    0.1050781250E+000    0.4346679687E+001
 0.8383838    0.1052734375E+000    0.4370800781E+001
 0.8484848    0.1041015625E+000    0.4383789062E+001
 0.8585859    0.1015625000E+000    0.4359570312E+001
 0.8686869    0.1013671875E+000    0.4373437500E+001
 0.8787879    0.7246093750E-001    0.4350878906E+001
 0.8888889    0.1038085937E+000    0.4379101562E+001
 0.8989899    0.8310546875E-001    0.4373242187E+001
 0.9090909    0.7919921875E-001    0.4375878906E+001
 0.9191919    0.7724609375E-001    0.4373730469E+001
 0.9292929    0.5419921875E-001    0.4367382812E+001
 0.9393939    0.4521484375E-001    0.4372949219E+001
 0.9494949    0.3691406250E-001    0.4370703125E+001
 0.9595960    0.4990234375E-001    0.4376757812E+001
 0.9696970    0.3017578125E-001    0.4376953125E+001
 0.9797980    0.3623046875E-001    0.4383398437E+001
 0.9898990    0.2138671875E-001    0.4370507812E+001
 1.0000000    0.0000000000E+000    0.4342578125E+001


