Compiled using GNU Fortran (Ubuntu 9.4.0-1ubuntu1~20.04.2) 9.4.0 with all optimizations
Last Brick update unknown
Compiled at 16:28:53 on Sep  3 2023
Starting at 15:00:12 on Jan 06 2025

Settings
OK                      

Forcefield
OK                      

Topology
OK                      

Configuration
OK                      Starting from random configuration.

 F
Monte Carlo Simulation initialized.

#########################################################################################################################
###########################################   ENERGY STARTING CONFIGURATION   ###########################################
#########################################################################################################################
                                               Box 1               Box 2
-------------------------------------------------------------------------------------------------------------------------
Lennard Jones        
 Intermolecular                          0.1472250744E+008   0.8748498409E+004
 Tailcorrection                         -0.3083459226E+004  -0.4629744689E+002
Total Intermolecular                     0.1471942398E+008   0.8702200962E+004

Electrostatic        
 Real                                    0.3321609770E+004  -0.2309280071E+003
 Exclusion                               0.1043425830E+008   0.2037985693E+007
 Selfterm                               -0.1044989240E+008  -0.2038978394E+007
 Fourier                                 0.1737577524E+005   0.9575825867E+003
Total Intermolecular                     0.5063282071E+004  -0.2660470323E+003

Intramolecular       
 Lennard Jones                           0.0000000000E+000   0.0000000000E+000
 Electrostatic                           0.0000000000E+000   0.0000000000E+000
 Bending                                 0.9343375086E+007   0.3104111324E+007
 Torsion                                 0.0000000000E+000   0.0000000000E+000

Total                                    0.2406786235E+008   0.3112547478E+007

#########################################################################################################################

Simulation is running...



#########################################################################################################################
###############################################   RELATIVE ENERGY DRIFTS   ##############################################
#########################################################################################################################
                                               Box 1               Box 2                                                 
-------------------------------------------------------------------------------------------------------------------------

Lennard Jones        
 Intermolecular                          0.7069357529E-014   0.0000000000E+000
 Tailcorrection                          0.0000000000E+000   0.0000000000E+000

Electrostatic        
 Real                                    0.3148480693E-014   0.4972679789E-014
 Exclusion                               0.1364367820E-015   0.0000000000E+000
 Selfterm                                0.0000000000E+000   0.0000000000E+000
 Fourier                                 0.2098947404E-015   0.1156614083E-015

Intramolecular       
 Lennard Jones                           0.0000000000E+000   0.0000000000E+000
 Electrostatic                           0.0000000000E+000   0.0000000000E+000
 Bending                                 0.9369933753E-015   0.0000000000E+000
 Torsion                                 0.0000000000E+000   0.0000000000E+000

Total                                    0.2058682472E-013   0.2048656013E-013

#########################################################################################################################
############################################   TRIAL MOVE ACCEPTANCE RATES   ############################################
#########################################################################################################################
                                               Box 1               Box 2
-------------------------------------------------------------------------------------------------------------------------
Translation
 N2                                           0.48803             0.95785
-------------------------------------------------------------------------------------------------------------------------
Rotation
 N2                                           0.49233             0.99516
-------------------------------------------------------------------------------------------------------------------------
Bond Bending
 N2                      
  Bending 1                                   0.30229             0.30456
-------------------------------------------------------------------------------------------------------------------------
Lambda Move
 N2                                           0.72559             0.99163
-------------------------------------------------------------------------------------------------------------------------
GE Swap Fractional
 N2                                           0.29594             0.30702
-------------------------------------------------------------------------------------------------------------------------
GE Identity Change
 N2                                           0.75629             0.83157
-------------------------------------------------------------------------------------------------------------------------
Volume                                        0.49419             0.49419

#########################################################################################################################
######################################################   AVERAGES   #####################################################
#########################################################################################################################
                                                       Boltzmann                                    Biased
                                               Box 1               Box 2                  Box 1               Box 2      
-------------------------------------------------------------------------------------------------------------------------
Density
 N2                                      0.8345152011E+003   0.1743203476E+001      0.8356469568E+003   0.1728950131E+001
 Total                                   0.8345152011E+003   0.1743203476E+001      0.8356469568E+003   0.1728950131E+001

Number of molecules
 N2                                      0.3951274376E+003   0.4872562425E+001      0.3951662150E+003   0.4833785000E+001
 Total                                   0.3951274376E+003   0.4872562425E+001      0.3951662150E+003   0.4833785000E+001

Mole fractions
 N2                                           1.00000             1.00000                 1.00000             1.00000

Volume                                   0.2202748579E+005   0.1299725142E+006      0.2199985317E+005   0.1300001468E+006

#########################################################################################################################
#######################################   PROPERTIES FROM THE CFC GIBBS ENSEMBLE   ######################################
#########################################################################################################################
                                                       Boltzmann                                    Biased
                                               Box 1               Box 2                  Box 1               Box 2      
Chemical Potentials (as an indication)
=========================================================================================================================

Total N2                                -0.7157196067E+003  -0.7157502320E+003     -0.7156247382E+003  -0.7163249414E+003
 Ideal gas                              -0.2814510692E+003  -0.7134299214E+003     -0.2813562007E+003  -0.7140046309E+003
 Excess                                 -0.4342685375E+003  -0.2320310567E+001     -0.4342685375E+003  -0.2320310567E+001

-------------------------------------------------------------------------------------------------------------------------

#########################################################################################################################
##################################################   AVERAGE ENERGIES   #################################################
#########################################################################################################################
                                                       Boltzmann                                    Biased
                                               Box 1               Box 2                  Box 1               Box 2      
-------------------------------------------------------------------------------------------------------------------------
Lennard Jones        
 Intermolecular                         -0.2390477354E+006  -0.1095300363E+002     -0.2386758720E+006  -0.1214414637E+002
 Tailcorrection                         -0.6545581667E+004  -0.1269241492E+000     -0.6536039773E+004  -0.1411188606E+000
Total Intermolecular                    -0.2455933171E+006  -0.1107992778E+002     -0.2452119118E+006  -0.1228526523E+002

Electrostatic        
 Real                                   -0.9032048331E+004  -0.4040075338E+000     -0.9034437117E+004  -0.4012027128E+000
 Exclusion                               0.1377319007E+008   0.9944902315E+005      0.1376553874E+008   0.1002606193E+006
 Selfterm                               -0.1377566450E+008  -0.9945117402E+005     -0.1376801126E+008  -0.1002628238E+006
 Fourier                                 0.1090750708E+004   0.2210764734E+001      0.1089652194E+004   0.2229009240E+001
Total Intermolecular                    -0.1041572870E+005  -0.3441147794E+000     -0.1041731005E+005  -0.3766860121E+000

Intramolecular       
 Lennard Jones                           0.0000000000E+000   0.0000000000E+000      0.0000000000E+000   0.0000000000E+000
 Electrostatic                           0.0000000000E+000   0.0000000000E+000      0.0000000000E+000   0.0000000000E+000
 Bending                                 0.2783481998E+005   0.3425231128E+003      0.2781471489E+005   0.3718263612E+003
 Torsion                                 0.0000000000E+000   0.0000000000E+000      0.0000000000E+000   0.0000000000E+000

Total                                   -0.2281742258E+006   0.3310990703E+003     -0.2278145069E+006   0.3591644099E+003

#########################################################################################################################

No errors found in bookkeeping.

Total simulation time :  1 days and  11 hours

Simulation finished.

