#   100 bins for weightfunction of N2                      
 0.0000000    0.6263964844E+001    0.4488085937E+001
 0.0101010    0.6241601562E+001    0.4464550781E+001
 0.0202020    0.6272265625E+001    0.4464062500E+001
 0.0303030    0.6334570312E+001    0.4445312500E+001
 0.0404040    0.6420703125E+001    0.4457617187E+001
 0.0505051    0.6600097656E+001    0.4469140625E+001
 0.0606061    0.6748828125E+001    0.4460058594E+001
 0.0707071    0.6906933594E+001    0.4443066406E+001
 0.0808081    0.7085253906E+001    0.4452929687E+001
 0.0909091    0.7282128906E+001    0.4468261719E+001
 0.1010101    0.7429687500E+001    0.4463085937E+001
 0.1111111    0.7579394531E+001    0.4476074219E+001
 0.1212121    0.7650390625E+001    0.4468164062E+001
 0.1313131    0.7678222656E+001    0.4459570312E+001
 0.1414141    0.7667187500E+001    0.4472656250E+001
 0.1515152    0.7668652344E+001    0.4486425781E+001
 0.1616162    0.7585351562E+001    0.4481738281E+001
 0.1717172    0.7495019531E+001    0.4488574219E+001
 0.1818182    0.7379199219E+001    0.4470117187E+001
 0.1919192    0.7254199219E+001    0.4468750000E+001
 0.2020202    0.7130566406E+001    0.4510742187E+001
 0.2121212    0.6939648437E+001    0.4471386719E+001
 0.2222222    0.6749707031E+001    0.4459765625E+001
 0.2323232    0.6613964844E+001    0.4455566406E+001
 0.2424242    0.6454785156E+001    0.4470019531E+001
 0.2525253    0.6274316406E+001    0.4461132812E+001
 0.2626263    0.6071972656E+001    0.4452343750E+001
 0.2727273    0.5856738281E+001    0.4483398437E+001
 0.2828283    0.5661425781E+001    0.4468066406E+001
 0.2929293    0.5468847656E+001    0.4470996094E+001
 0.3030303    0.5230175781E+001    0.4467578125E+001
 0.3131313    0.5009179687E+001    0.4478125000E+001
 0.3232323    0.4784570312E+001    0.4488867187E+001
 0.3333333    0.4538378906E+001    0.4466699219E+001
 0.3434343    0.4341699219E+001    0.4455273437E+001
 0.3535354    0.4106542969E+001    0.4458691406E+001
 0.3636364    0.3871777344E+001    0.4488769531E+001
 0.3737374    0.3654199219E+001    0.4456738281E+001
 0.3838384    0.3376562500E+001    0.4455859375E+001
 0.3939394    0.3138964844E+001    0.4467480469E+001
 0.4040404    0.2904492187E+001    0.4452246094E+001
 0.4141414    0.2634960937E+001    0.4476757812E+001
 0.4242424    0.2393359375E+001    0.4458496094E+001
 0.4343434    0.2112304687E+001    0.4459179687E+001
 0.4444444    0.1867968750E+001    0.4453222656E+001
 0.4545455    0.1614746094E+001    0.4450292969E+001
 0.4646465    0.1354394531E+001    0.4456347656E+001
 0.4747475    0.1051074219E+001    0.4475781250E+001
 0.4848485    0.7940429687E+000    0.4441992187E+001
 0.4949495    0.5471679687E+000    0.4465917969E+001
 0.5050505    0.4023437500E+000    0.4439941406E+001
 0.5151515    0.3820312500E+000    0.4469042969E+001
 0.5252525    0.4070312500E+000    0.4468750000E+001
 0.5353535    0.4110351562E+000    0.4458300781E+001
 0.5454545    0.4104492187E+000    0.4453027344E+001
 0.5555556    0.4261718750E+000    0.4456640625E+001
 0.5656566    0.4006835937E+000    0.4467480469E+001
 0.5757576    0.3891601562E+000    0.4445410156E+001
 0.5858586    0.3752929687E+000    0.4457617187E+001
 0.5959596    0.3883789062E+000    0.4456152344E+001
 0.6060606    0.3967773437E+000    0.4459863281E+001
 0.6161616    0.3822265625E+000    0.4467480469E+001
 0.6262626    0.3683593750E+000    0.4450000000E+001
 0.6363636    0.3642578125E+000    0.4463574219E+001
 0.6464646    0.3875976562E+000    0.4444921875E+001
 0.6565657    0.3501953125E+000    0.4442773437E+001
 0.6666667    0.3552734375E+000    0.4468261719E+001
 0.6767677    0.3409179687E+000    0.4432324219E+001
 0.6868687    0.3243164062E+000    0.4466992187E+001
 0.6969697    0.3228515625E+000    0.4427246094E+001
 0.7070707    0.3165039062E+000    0.4431640625E+001
 0.7171717    0.3210937500E+000    0.4461816406E+001
 0.7272727    0.2991210937E+000    0.4438476562E+001
 0.7373737    0.3012695312E+000    0.4441796875E+001
 0.7474747    0.2839843750E+000    0.4442871094E+001
 0.7575758    0.2668945312E+000    0.4437988281E+001
 0.7676768    0.2409179687E+000    0.4436425781E+001
 0.7777778    0.2632812500E+000    0.4442773437E+001
 0.7878788    0.2522460937E+000    0.4429101562E+001
 0.7979798    0.2517578125E+000    0.4459179687E+001
 0.8080808    0.2302734375E+000    0.4450390625E+001
 0.8181818    0.2068359375E+000    0.4439160156E+001
 0.8282828    0.1999023437E+000    0.4431347656E+001
 0.8383838    0.2267578125E+000    0.4466113281E+001
 0.8484848    0.1879882812E+000    0.4453222656E+001
 0.8585859    0.1871093750E+000    0.4435156250E+001
 0.8686869    0.1771484375E+000    0.4443359375E+001
 0.8787879    0.1463867187E+000    0.4440234375E+001
 0.8888889    0.1513671875E+000    0.4448437500E+001
 0.8989899    0.1258789062E+000    0.4453515625E+001
 0.9090909    0.1181640625E+000    0.4438281250E+001
 0.9191919    0.1077148437E+000    0.4433203125E+001
 0.9292929    0.1005859375E+000    0.4442578125E+001
 0.9393939    0.1028320312E+000    0.4463183594E+001
 0.9494949    0.5712890625E-001    0.4433007812E+001
 0.9595960    0.6347656250E-001    0.4439843750E+001
 0.9696970    0.6601562500E-001    0.4452050781E+001
 0.9797980    0.1416015625E-001    0.4415527344E+001
 0.9898990    0.2597656250E-001    0.4457031250E+001
 1.0000000    0.0000000000E+000    0.4438671875E+001


