#   100 bins for weightfunction of N2                      
 0.0000000    0.5069433594E+001    0.3326025391E+001
 0.0101010    0.5060473633E+001    0.3316259766E+001
 0.0202020    0.5092944336E+001    0.3321044922E+001
 0.0303030    0.5136450195E+001    0.3324389648E+001
 0.0404040    0.5224316406E+001    0.3318041992E+001
 0.0505051    0.5341479492E+001    0.3321875000E+001
 0.0606061    0.5498852539E+001    0.3340356445E+001
 0.0707071    0.5610278320E+001    0.3314526367E+001
 0.0808081    0.5729785156E+001    0.3299975586E+001
 0.0909091    0.5873217773E+001    0.3329101562E+001
 0.1010101    0.5986914063E+001    0.3310302734E+001
 0.1111111    0.6074829102E+001    0.3301025391E+001
 0.1212121    0.6126782227E+001    0.3301708984E+001
 0.1313131    0.6164160156E+001    0.3314672852E+001
 0.1414141    0.6176000977E+001    0.3336914062E+001
 0.1515152    0.6084155273E+001    0.3312255859E+001
 0.1616162    0.6096166992E+001    0.3318310547E+001
 0.1717172    0.5986499023E+001    0.3294091797E+001
 0.1818182    0.5927905273E+001    0.3308203125E+001
 0.1919192    0.5827563477E+001    0.3302758789E+001
 0.2020202    0.5714794922E+001    0.3292187500E+001
 0.2121212    0.5597436523E+001    0.3287207031E+001
 0.2222222    0.5482543945E+001    0.3303198242E+001
 0.2323232    0.5320703125E+001    0.3311450195E+001
 0.2424242    0.5166699219E+001    0.3301855469E+001
 0.2525253    0.5003027344E+001    0.3293041992E+001
 0.2626263    0.4836816406E+001    0.3295947266E+001
 0.2727273    0.4667065430E+001    0.3297949219E+001
 0.2828283    0.4527636719E+001    0.3299731445E+001
 0.2929293    0.4321459961E+001    0.3282958984E+001
 0.3030303    0.4184570312E+001    0.3295336914E+001
 0.3131313    0.3989477539E+001    0.3268701172E+001
 0.3232323    0.3776049805E+001    0.3268334961E+001
 0.3333333    0.3594311523E+001    0.3288964844E+001
 0.3434343    0.3406372070E+001    0.3287890625E+001
 0.3535354    0.3194458008E+001    0.3263037109E+001
 0.3636364    0.3012890625E+001    0.3280957031E+001
 0.3737374    0.2806152344E+001    0.3278027344E+001
 0.3838384    0.2609960937E+001    0.3256640625E+001
 0.3939394    0.2391918945E+001    0.3259130859E+001
 0.4040404    0.2178320312E+001    0.3258178711E+001
 0.4141414    0.1986450195E+001    0.3288671875E+001
 0.4242424    0.1735595703E+001    0.3256396484E+001
 0.4343434    0.1565502930E+001    0.3252319336E+001
 0.4444444    0.1354443359E+001    0.3241235352E+001
 0.4545455    0.1129443359E+001    0.3250927734E+001
 0.4646465    0.9025390625E+000    0.3235717773E+001
 0.4747475    0.6897216797E+000    0.3236645508E+001
 0.4848485    0.4837158203E+000    0.3228881836E+001
 0.4949495    0.2550292969E+000    0.3213696289E+001
 0.5050505    0.1461425781E+000    0.3216552734E+001
 0.5151515    0.1463134766E+000    0.3235937500E+001
 0.5252525    0.1478271484E+000    0.3248095703E+001
 0.5353535    0.1392089844E+000    0.3226000977E+001
 0.5454545    0.1462890625E+000    0.3227954102E+001
 0.5555556    0.1421142578E+000    0.3211718750E+001
 0.5656566    0.1292724609E+000    0.3233251953E+001
 0.5757576    0.1150390625E+000    0.3224609375E+001
 0.5858586    0.1249267578E+000    0.3219018555E+001
 0.5959596    0.1449218750E+000    0.3235302734E+001
 0.6060606    0.1268310547E+000    0.3242333984E+001
 0.6161616    0.1188964844E+000    0.3227001953E+001
 0.6262626    0.1190429687E+000    0.3205395508E+001
 0.6363636    0.1131103516E+000    0.3241137695E+001
 0.6464646    0.1273437500E+000    0.3227807617E+001
 0.6565657    0.1248535156E+000    0.3223071289E+001
 0.6666667    0.1000976562E+000    0.3219189453E+001
 0.6767677    0.1125244141E+000    0.3234545898E+001
 0.6868687    0.1209472656E+000    0.3210058594E+001
 0.6969697    0.1013916016E+000    0.3217968750E+001
 0.7070707    0.1226562500E+000    0.3235937500E+001
 0.7171717    0.9184570312E-001    0.3218774414E+001
 0.7272727    0.1191894531E+000    0.3227294922E+001
 0.7373737    0.9042968750E-001    0.3231103516E+001
 0.7474747    0.8156738281E-001    0.3216113281E+001
 0.7575758    0.9123535156E-001    0.3240258789E+001
 0.7676768    0.8417968750E-001    0.3222583008E+001
 0.7777778    0.9218750000E-001    0.3225244141E+001
 0.7878788    0.9055175781E-001    0.3232250977E+001
 0.7979798    0.8049316406E-001    0.3228002930E+001
 0.8080808    0.6972656250E-001    0.3218115234E+001
 0.8181818    0.7609863281E-001    0.3228955078E+001
 0.8282828    0.7106933594E-001    0.3226025391E+001
 0.8383838    0.5395507812E-001    0.3221264648E+001
 0.8484848    0.4948730469E-001    0.3220166016E+001
 0.8585859    0.5451660156E-001    0.3224731445E+001
 0.8686869    0.4931640625E-001    0.3225024414E+001
 0.8787879    0.4125976562E-001    0.3220678711E+001
 0.8888889    0.2644042969E-001    0.3217675781E+001
 0.8989899    0.2780761719E-001    0.3219848633E+001
 0.9090909    0.2709960937E-001    0.3221899414E+001
 0.9191919    0.2006835937E-001    0.3222192383E+001
 0.9292929    0.2221679687E-001    0.3221972656E+001
 0.9393939    0.1433105469E-001    0.3219287109E+001
 0.9494949    0.6933593750E-002    0.3222729492E+001
 0.9595960    0.6982421875E-002    0.3231347656E+001
 0.9696970    0.1015625000E-001    0.3233300781E+001
 0.9797980    0.1391601562E-002    0.3232006836E+001
 0.9898990    0.6689453125E-002    0.3235156250E+001
 1.0000000    0.0000000000E+000    0.3221435547E+001


