Compiled using GNU Fortran (Ubuntu 9.4.0-1ubuntu1~20.04.2) 9.4.0 with all optimizations
Last Brick update unknown
Compiled at 16:28:53 on Sep  3 2023
Starting at 15:04:09 on Dec 31 2024

Settings
OK                      

Forcefield
OK                      

Topology
OK                      

Configuration
OK                      Starting from random configuration.

 F
Monte Carlo Simulation initialized.

#########################################################################################################################
###########################################   ENERGY STARTING CONFIGURATION   ###########################################
#########################################################################################################################
                                               Box 1               Box 2
-------------------------------------------------------------------------------------------------------------------------
Lennard Jones        
 Intermolecular                          0.1227764588E+008   0.1424174157E+006
 Tailcorrection                         -0.4293920017E+004  -0.6447222903E+002
Total Intermolecular                     0.1227335196E+008   0.1423529434E+006

Electrostatic        
 Real                                    0.1200725953E+005  -0.4753026676E+003
 Exclusion                               0.1043425830E+008   0.2037985693E+007
 Selfterm                               -0.1044989240E+008  -0.2038978394E+007
 Fourier                                 0.1731901883E+005   0.1035301344E+004
Total Intermolecular                     0.1369217542E+005  -0.4327029357E+003

Intramolecular       
 Lennard Jones                           0.0000000000E+000   0.0000000000E+000
 Electrostatic                           0.0000000000E+000   0.0000000000E+000
 Bending                                 0.9343375086E+007   0.3104111324E+007
 Torsion                                 0.0000000000E+000   0.0000000000E+000

Total                                    0.2163041922E+008   0.3246031565E+007

#########################################################################################################################

Simulation is running...



#########################################################################################################################
###############################################   RELATIVE ENERGY DRIFTS   ##############################################
#########################################################################################################################
                                               Box 1               Box 2                                                 
-------------------------------------------------------------------------------------------------------------------------

Lennard Jones        
 Intermolecular                          0.1568761069E-014   0.4245439031E-015
 Tailcorrection                          0.0000000000E+000   0.0000000000E+000

Electrostatic        
 Real                                    0.7743269687E-014   0.7736677140E-013
 Exclusion                               0.1403761988E-015   0.1502531452E-015
 Selfterm                                0.0000000000E+000   0.0000000000E+000
 Fourier                                 0.0000000000E+000   0.4196861735E-015

Intramolecular       
 Lennard Jones                           0.0000000000E+000   0.0000000000E+000
 Electrostatic                           0.0000000000E+000   0.0000000000E+000
 Bending                                 0.5071366491E-014   0.1443131042E-013
 Torsion                                 0.0000000000E+000   0.0000000000E+000

Total                                    0.2823065729E-014   0.3478092210E-013

#########################################################################################################################
############################################   TRIAL MOVE ACCEPTANCE RATES   ############################################
#########################################################################################################################
                                               Box 1               Box 2
-------------------------------------------------------------------------------------------------------------------------
Translation
 N2                                           0.48911             0.89249
-------------------------------------------------------------------------------------------------------------------------
Rotation
 N2                                           0.49733             0.98660
-------------------------------------------------------------------------------------------------------------------------
Bond Bending
 N2                      
  Bending 1                                   0.37534             0.37857
-------------------------------------------------------------------------------------------------------------------------
Lambda Move
 N2                                           0.75570             0.98604
-------------------------------------------------------------------------------------------------------------------------
GE Swap Fractional
 N2                                           0.30959             0.32187
-------------------------------------------------------------------------------------------------------------------------
GE Identity Change
 N2                                           0.80730             0.92408
-------------------------------------------------------------------------------------------------------------------------
Volume                                        0.49958             0.49958

#########################################################################################################################
######################################################   AVERAGES   #####################################################
#########################################################################################################################
                                                       Boltzmann                                    Biased
                                               Box 1               Box 2                  Box 1               Box 2      
-------------------------------------------------------------------------------------------------------------------------
Density
 N2                                      0.7895283243E+003   0.5752227247E+001      0.7904558076E+003   0.5761951877E+001
 Total                                   0.7895283243E+003   0.5752227247E+001      0.7904558076E+003   0.5761951877E+001

Number of molecules
 N2                                      0.3839945077E+003   0.1600549231E+002      0.3839639630E+003   0.1603603700E+002
 Total                                   0.3839945077E+003   0.1600549231E+002      0.3839639630E+003   0.1603603700E+002

Mole fractions
 N2                                           1.00000             1.00000                 1.00000             1.00000

Volume                                   0.2262804439E+005   0.1293719556E+006      0.2259972491E+005   0.1294002751E+006

#########################################################################################################################
#######################################   PROPERTIES FROM THE CFC GIBBS ENSEMBLE   ######################################
#########################################################################################################################
                                                       Boltzmann                                    Biased
                                               Box 1               Box 2                  Box 1               Box 2      
Chemical Potentials (as an indication)
=========================================================================================================================

Total N2                                -0.1000752881E+004  -0.1000604155E+004     -0.1000623737E+004  -0.1000418348E+004
 Ideal gas                              -0.4483759290E+003  -0.9897792731E+003     -0.4482467845E+003  -0.9895934657E+003
 Excess                                 -0.5523769522E+003  -0.1082488222E+002     -0.5523769522E+003  -0.1082488222E+002

-------------------------------------------------------------------------------------------------------------------------

#########################################################################################################################
##################################################   AVERAGE ENERGIES   #################################################
#########################################################################################################################
                                                       Boltzmann                                    Biased
                                               Box 1               Box 2                  Box 1               Box 2      
-------------------------------------------------------------------------------------------------------------------------
Lennard Jones        
 Intermolecular                         -0.3033340344E+006  -0.1496171463E+003     -0.3028200487E+006  -0.1550632006E+003
 Tailcorrection                         -0.8379800611E+004  -0.1713351792E+001     -0.8366463805E+004  -0.1779331303E+001
Total Intermolecular                    -0.3117138351E+006  -0.1513304981E+003     -0.3111865125E+006  -0.1568425319E+003

Electrostatic        
 Real                                   -0.5022493035E+004  -0.2470751494E+001     -0.5022817742E+004  -0.2533846903E+001
 Exclusion                               0.1338395626E+008   0.3266143206E+006      0.1337547272E+008   0.3286430359E+006
 Selfterm                               -0.1338638455E+008  -0.3266215905E+006     -0.1337789899E+008  -0.3286503827E+006
 Fourier                                 0.1215598892E+004   0.7522656988E+001      0.1214611989E+004   0.7570462801E+001
Total Intermolecular                    -0.6235183102E+004  -0.2218006216E+001     -0.6234482408E+004  -0.2310229724E+001

Intramolecular       
 Lennard Jones                           0.0000000000E+000   0.0000000000E+000      0.0000000000E+000   0.0000000000E+000
 Electrostatic                           0.0000000000E+000   0.0000000000E+000      0.0000000000E+000   0.0000000000E+000
 Bending                                 0.4241601104E+005   0.1769883882E+004      0.4237114014E+005   0.1817735512E+004
 Torsion                                 0.0000000000E+000   0.0000000000E+000      0.0000000000E+000   0.0000000000E+000

Total                                   -0.2755330071E+006   0.1616335377E+004     -0.2750498548E+006   0.1658582751E+004

#########################################################################################################################

No errors found in bookkeeping.

Total simulation time :  1 days and  17 hours

Simulation finished.

