Compiled using GNU Fortran (Ubuntu 9.4.0-1ubuntu1~20.04.2) 9.4.0 with all optimizations
Last Brick update unknown
Compiled at 16:28:53 on Sep  3 2023
Starting at 15:06:05 on Dec 31 2024

Settings
OK                      

Forcefield
OK                      

Topology
OK                      

Configuration
OK                      Starting from random configuration.

 F
Monte Carlo Simulation initialized.

#########################################################################################################################
###########################################   ENERGY STARTING CONFIGURATION   ###########################################
#########################################################################################################################
                                               Box 1               Box 2
-------------------------------------------------------------------------------------------------------------------------
Lennard Jones        
 Intermolecular                          0.1748549689E+008   0.1950748914E+005
 Tailcorrection                         -0.4551081903E+004  -0.6833345666E+002
Total Intermolecular                     0.1748094581E+008   0.1943915568E+005

Electrostatic        
 Real                                    0.3739971169E+004  -0.1044916490E+004
 Exclusion                               0.1043425830E+008   0.2037985693E+007
 Selfterm                               -0.1044989240E+008  -0.2038978394E+007
 Fourier                                 0.1574503622E+005   0.9884267505E+003
Total Intermolecular                     0.3850904445E+004  -0.1049191351E+004

Intramolecular       
 Lennard Jones                           0.0000000000E+000   0.0000000000E+000
 Electrostatic                           0.0000000000E+000   0.0000000000E+000
 Bending                                 0.9343375086E+007   0.3104111324E+007
 Torsion                                 0.0000000000E+000   0.0000000000E+000

Total                                    0.2682817180E+008   0.3122501289E+007

#########################################################################################################################

Simulation is running...



#########################################################################################################################
###############################################   RELATIVE ENERGY DRIFTS   ##############################################
#########################################################################################################################
                                               Box 1               Box 2                                                 
-------------------------------------------------------------------------------------------------------------------------

Lennard Jones        
 Intermolecular                          0.0000000000E+000   0.0000000000E+000
 Tailcorrection                          0.0000000000E+000   0.0000000000E+000

Electrostatic        
 Real                                    0.1751631910E-013   0.8296363386E-012
 Exclusion                               0.2721797707E-015   0.0000000000E+000
 Selfterm                                0.0000000000E+000   0.0000000000E+000
 Fourier                                 0.0000000000E+000   0.1437999540E-015

Intramolecular       
 Lennard Jones                           0.0000000000E+000   0.0000000000E+000
 Electrostatic                           0.0000000000E+000   0.0000000000E+000
 Bending                                 0.4375680247E-014   0.1079026336E-013
 Torsion                                 0.0000000000E+000   0.0000000000E+000

Total                                    0.1331510095E-013   0.2768339315E-013

#########################################################################################################################
############################################   TRIAL MOVE ACCEPTANCE RATES   ############################################
#########################################################################################################################
                                               Box 1               Box 2
-------------------------------------------------------------------------------------------------------------------------
Translation
 N2                                           0.50864             0.92555
-------------------------------------------------------------------------------------------------------------------------
Rotation
 N2                                           0.49913             0.99122
-------------------------------------------------------------------------------------------------------------------------
Bond Bending
 N2                      
  Bending 1                                   0.37516             0.37845
-------------------------------------------------------------------------------------------------------------------------
Lambda Move
 N2                                           0.77324             0.98243
-------------------------------------------------------------------------------------------------------------------------
GE Swap Fractional
 N2                                           0.28125             0.32390
-------------------------------------------------------------------------------------------------------------------------
GE Identity Change
 N2                                           0.48964             0.99615
-------------------------------------------------------------------------------------------------------------------------
Volume                                        0.49910             0.49910

#########################################################################################################################
######################################################   AVERAGES   #####################################################
#########################################################################################################################
                                                       Boltzmann                                    Biased
                                               Box 1               Box 2                  Box 1               Box 2      
-------------------------------------------------------------------------------------------------------------------------
Density
 N2                                      0.8092616403E+003   0.3563551335E+001      0.8099818825E+003   0.3567386606E+001
 Total                                   0.8092616403E+003   0.3563551335E+001      0.8099818825E+003   0.3567386606E+001

Number of molecules
 N2                                      0.3900694779E+003   0.9930522097E+001      0.3900572290E+003   0.9942771000E+001
 Total                                   0.3900694779E+003   0.9930522097E+001      0.3900572290E+003   0.9942771000E+001

Mole fractions
 N2                                           1.00000             1.00000                 1.00000             1.00000

Volume                                   0.2242455900E+005   0.1295754410E+006      0.2240396569E+005   0.1295960343E+006

#########################################################################################################################
#######################################   PROPERTIES FROM THE CFC GIBBS ENSEMBLE   ######################################
#########################################################################################################################
                                                       Boltzmann                                    Biased
                                               Box 1               Box 2                  Box 1               Box 2      
Chemical Potentials (as an indication)
=========================================================================================================================

Total N2                                -0.1049232746E+004  -0.1048727055E+004     -0.1049134890E+004  -0.1048608731E+004
 Ideal gas                              -0.4456604066E+003  -0.1042450520E+004     -0.4455625502E+003  -0.1042332196E+004
 Excess                                 -0.6035723393E+003  -0.6276535392E+001     -0.6035723393E+003  -0.6276535392E+001

-------------------------------------------------------------------------------------------------------------------------

#########################################################################################################################
##################################################   AVERAGE ENERGIES   #################################################
#########################################################################################################################
                                                       Boltzmann                                    Biased
                                               Box 1               Box 2                  Box 1               Box 2      
-------------------------------------------------------------------------------------------------------------------------
Lennard Jones        
 Intermolecular                         -0.3370177503E+006  -0.6372173905E+002     -0.3365184817E+006  -0.6658252443E+002
 Tailcorrection                         -0.9248359383E+004  -0.7216894906E+000     -0.9235704174E+004  -0.7546259365E+000
Total Intermolecular                    -0.3462661097E+006  -0.6444342854E+002     -0.3457541859E+006  -0.6733715036E+002

Electrostatic        
 Real                                   -0.5312821507E+004  -0.9613088884E+000     -0.5309290253E+004  -0.9839377042E+000
 Exclusion                               0.1359592285E+008   0.2026516961E+006      0.1358875628E+008   0.2039930365E+006
 Selfterm                               -0.1359838974E+008  -0.2026562070E+006     -0.1359122144E+008  -0.2039976020E+006
 Fourier                                 0.1217140529E+004   0.4650377770E+001      0.1216571881E+004   0.4681631864E+001
Total Intermolecular                    -0.6562572449E+004  -0.8218052435E+000     -0.6557881797E+004  -0.8677539276E+000

Intramolecular       
 Lennard Jones                           0.0000000000E+000   0.0000000000E+000      0.0000000000E+000   0.0000000000E+000
 Electrostatic                           0.0000000000E+000   0.0000000000E+000      0.0000000000E+000   0.0000000000E+000
 Bending                                 0.4317305428E+005   0.1098501562E+004      0.4313663993E+005   0.1135545551E+004
 Torsion                                 0.0000000000E+000   0.0000000000E+000      0.0000000000E+000   0.0000000000E+000

Total                                   -0.3096556279E+006   0.1033236328E+004     -0.3091754278E+006   0.1067340646E+004

#########################################################################################################################

No errors found in bookkeeping.

Total simulation time :  1 days and  20 hours

Simulation finished.

