#   100 bins for weightfunction of N2                      
 0.0000000    0.6364843750E+001    0.4532031250E+001
 0.0101010    0.6293750000E+001    0.4466796875E+001
 0.0202020    0.6353515625E+001    0.4471093750E+001
 0.0303030    0.6443750000E+001    0.4496093750E+001
 0.0404040    0.6526953125E+001    0.4471875000E+001
 0.0505051    0.6608203125E+001    0.4444921875E+001
 0.0606061    0.6914062500E+001    0.4502343750E+001
 0.0707071    0.7050781250E+001    0.4490234375E+001
 0.0808081    0.7316406250E+001    0.4477343750E+001
 0.0909091    0.7440625000E+001    0.4459765625E+001
 0.1010101    0.7585546875E+001    0.4417968750E+001
 0.1111111    0.7791406250E+001    0.4438671875E+001
 0.1212121    0.7895312500E+001    0.4487500000E+001
 0.1313131    0.7821875000E+001    0.4433984375E+001
 0.1414141    0.7953125000E+001    0.4523828125E+001
 0.1515152    0.7939843750E+001    0.4467968750E+001
 0.1616162    0.7883593750E+001    0.4438671875E+001
 0.1717172    0.7798828125E+001    0.4482421875E+001
 0.1818182    0.7666406250E+001    0.4455078125E+001
 0.1919192    0.7612890625E+001    0.4442578125E+001
 0.2020202    0.7489062500E+001    0.4430078125E+001
 0.2121212    0.7300781250E+001    0.4464843750E+001
 0.2222222    0.7121484375E+001    0.4450000000E+001
 0.2323232    0.7011718750E+001    0.4431250000E+001
 0.2424242    0.6884375000E+001    0.4421484375E+001
 0.2525253    0.6608984375E+001    0.4412500000E+001
 0.2626263    0.6467187500E+001    0.4457812500E+001
 0.2727273    0.6326171875E+001    0.4467578125E+001
 0.2828283    0.6124609375E+001    0.4443359375E+001
 0.2929293    0.5908203125E+001    0.4413281250E+001
 0.3030303    0.5662890625E+001    0.4417578125E+001
 0.3131313    0.5466015625E+001    0.4451953125E+001
 0.3232323    0.5151562500E+001    0.4442968750E+001
 0.3333333    0.4903515625E+001    0.4428906250E+001
 0.3434343    0.4763671875E+001    0.4417187500E+001
 0.3535354    0.4476562500E+001    0.4444140625E+001
 0.3636364    0.4266406250E+001    0.4424609375E+001
 0.3737374    0.3885937500E+001    0.4407031250E+001
 0.3838384    0.3713671875E+001    0.4449218750E+001
 0.3939394    0.3504296875E+001    0.4396484375E+001
 0.4040404    0.3135546875E+001    0.4418359375E+001
 0.4141414    0.2819140625E+001    0.4387109375E+001
 0.4242424    0.2546093750E+001    0.4369140625E+001
 0.4343434    0.2244140625E+001    0.4384375000E+001
 0.4444444    0.1934765625E+001    0.4403125000E+001
 0.4545455    0.1673046875E+001    0.4402343750E+001
 0.4646465    0.1432421875E+001    0.4377734375E+001
 0.4747475    0.1092187500E+001    0.4353125000E+001
 0.4848485    0.7300781250E+000    0.4433203125E+001
 0.4949495    0.4398437500E+000    0.4345703125E+001
 0.5050505    0.3468750000E+000    0.4391406250E+001
 0.5151515    0.3078125000E+000    0.4359375000E+001
 0.5252525    0.3039062500E+000    0.4417578125E+001
 0.5353535    0.2761718750E+000    0.4391015625E+001
 0.5454545    0.2652343750E+000    0.4374218750E+001
 0.5555556    0.3324218750E+000    0.4389843750E+001
 0.5656566    0.3281250000E+000    0.4365234375E+001
 0.5757576    0.3171875000E+000    0.4379687500E+001
 0.5858586    0.3613281250E+000    0.4374218750E+001
 0.5959596    0.2792968750E+000    0.4378125000E+001
 0.6060606    0.2796875000E+000    0.4384375000E+001
 0.6161616    0.2714843750E+000    0.4359765625E+001
 0.6262626    0.3492187500E+000    0.4372656250E+001
 0.6363636    0.2707031250E+000    0.4383203125E+001
 0.6464646    0.3101562500E+000    0.4403906250E+001
 0.6565657    0.2617187500E+000    0.4369921875E+001
 0.6666667    0.2886718750E+000    0.4375781250E+001
 0.6767677    0.2460937500E+000    0.4341406250E+001
 0.6868687    0.2539062500E+000    0.4360546875E+001
 0.6969697    0.2464843750E+000    0.4354296875E+001
 0.7070707    0.2605468750E+000    0.4362109375E+001
 0.7171717    0.2621093750E+000    0.4385937500E+001
 0.7272727    0.2488281250E+000    0.4382421875E+001
 0.7373737    0.2378906250E+000    0.4349218750E+001
 0.7474747    0.2335937500E+000    0.4353515625E+001
 0.7575758    0.2136718750E+000    0.4352734375E+001
 0.7676768    0.2253906250E+000    0.4383984375E+001
 0.7777778    0.2109375000E+000    0.4364843750E+001
 0.7878788    0.2011718750E+000    0.4360937500E+001
 0.7979798    0.1625000000E+000    0.4338671875E+001
 0.8080808    0.1976562500E+000    0.4364843750E+001
 0.8181818    0.1753906250E+000    0.4355468750E+001
 0.8282828    0.1507812500E+000    0.4337500000E+001
 0.8383838    0.2125000000E+000    0.4393750000E+001
 0.8484848    0.1703125000E+000    0.4380468750E+001
 0.8585859    0.1660156250E+000    0.4389453125E+001
 0.8686869    0.1449218750E+000    0.4355859375E+001
 0.8787879    0.1300781250E+000    0.4339062500E+001
 0.8888889    0.1378906250E+000    0.4371875000E+001
 0.8989899    0.9687500000E-001    0.4344921875E+001
 0.9090909    0.1382812500E+000    0.4391015625E+001
 0.9191919    0.1195312500E+000    0.4349218750E+001
 0.9292929    0.9453125000E-001    0.4352343750E+001
 0.9393939    0.9140625000E-001    0.4369921875E+001
 0.9494949    0.1125000000E+000    0.4377343750E+001
 0.9595960    0.7656250000E-001    0.4353515625E+001
 0.9696970    0.9179687500E-001    0.4395703125E+001
 0.9797980    0.4453125000E-001    0.4328515625E+001
 0.9898990    0.0000000000E+000    0.4279687500E+001
 1.0000000    0.9257812500E-001    0.4405859375E+001


