#   100 bins for weightfunction of N2                      
 0.0000000    0.4302929687E+001    0.2617675781E+001
 0.0101010    0.4292968750E+001    0.2579003906E+001
 0.0202020    0.4348730469E+001    0.2615039062E+001
 0.0303030    0.4411621094E+001    0.2620898437E+001
 0.0404040    0.4463671875E+001    0.2631835937E+001
 0.0505051    0.4452050781E+001    0.2538671875E+001
 0.0606061    0.4627441406E+001    0.2606347656E+001
 0.0707071    0.4718261719E+001    0.2561132812E+001
 0.0808081    0.4862402344E+001    0.2601171875E+001
 0.0909091    0.4976269531E+001    0.2619238281E+001
 0.1010101    0.5026074219E+001    0.2607519531E+001
 0.1111111    0.5129980469E+001    0.2595019531E+001
 0.1212121    0.5163867187E+001    0.2607226562E+001
 0.1313131    0.5126757812E+001    0.2578320312E+001
 0.1414141    0.5143261719E+001    0.2553027344E+001
 0.1515152    0.5128027344E+001    0.2593554687E+001
 0.1616162    0.5049902344E+001    0.2586914062E+001
 0.1717172    0.4978027344E+001    0.2572070312E+001
 0.1818182    0.4876562500E+001    0.2586230469E+001
 0.1919192    0.4793164062E+001    0.2585449219E+001
 0.2020202    0.4696289062E+001    0.2567675781E+001
 0.2121212    0.4603515625E+001    0.2562890625E+001
 0.2222222    0.4467968750E+001    0.2550195312E+001
 0.2323232    0.4362695312E+001    0.2537402344E+001
 0.2424242    0.4252246094E+001    0.2568457031E+001
 0.2525253    0.4086425781E+001    0.2561621094E+001
 0.2626263    0.3954003906E+001    0.2537500000E+001
 0.2727273    0.3816308594E+001    0.2522851562E+001
 0.2828283    0.3650292969E+001    0.2575585937E+001
 0.2929293    0.3536132812E+001    0.2503613281E+001
 0.3030303    0.3387304687E+001    0.2496191406E+001
 0.3131313    0.3233691406E+001    0.2519238281E+001
 0.3232323    0.3063378906E+001    0.2521484375E+001
 0.3333333    0.2914746094E+001    0.2498242187E+001
 0.3434343    0.2748144531E+001    0.2490039062E+001
 0.3535354    0.2604492187E+001    0.2466308594E+001
 0.3636364    0.2455859375E+001    0.2496191406E+001
 0.3737374    0.2282910156E+001    0.2510449219E+001
 0.3838384    0.2170800781E+001    0.2499609375E+001
 0.3939394    0.1978808594E+001    0.2494531250E+001
 0.4040404    0.1826562500E+001    0.2474707031E+001
 0.4141414    0.1599023437E+001    0.2501855469E+001
 0.4242424    0.1473632812E+001    0.2482714844E+001
 0.4343434    0.1315917969E+001    0.2508886719E+001
 0.4444444    0.1123046875E+001    0.2477539062E+001
 0.4545455    0.9491210937E+000    0.2468750000E+001
 0.4646465    0.7879882812E+000    0.2445117187E+001
 0.4747475    0.6274414062E+000    0.2427148437E+001
 0.4848485    0.4360351562E+000    0.2503710937E+001
 0.4949495    0.2664062500E+000    0.2474609375E+001
 0.5050505    0.1617187500E+000    0.2442578125E+001
 0.5151515    0.1534179687E+000    0.2450097656E+001
 0.5252525    0.1980468750E+000    0.2496679687E+001
 0.5353535    0.1473632812E+000    0.2419335937E+001
 0.5454545    0.1528320312E+000    0.2464257812E+001
 0.5555556    0.1798828125E+000    0.2469335937E+001
 0.5656566    0.1329101562E+000    0.2452148437E+001
 0.5757576    0.1487304687E+000    0.2445605469E+001
 0.5858586    0.1748046875E+000    0.2455761719E+001
 0.5959596    0.1429687500E+000    0.2434863281E+001
 0.6060606    0.1551757812E+000    0.2465234375E+001
 0.6161616    0.1388671875E+000    0.2454687500E+001
 0.6262626    0.1592773437E+000    0.2449511719E+001
 0.6363636    0.1495117187E+000    0.2466113281E+001
 0.6464646    0.1679687500E+000    0.2452636719E+001
 0.6565657    0.1598632812E+000    0.2497851562E+001
 0.6666667    0.1688476562E+000    0.2492382812E+001
 0.6767677    0.1298828125E+000    0.2487988281E+001
 0.6868687    0.1196289062E+000    0.2478417969E+001
 0.6969697    0.1401367187E+000    0.2475585937E+001
 0.7070707    0.1483398437E+000    0.2463476562E+001
 0.7171717    0.1455078125E+000    0.2460839844E+001
 0.7272727    0.1312500000E+000    0.2450878906E+001
 0.7373737    0.1500000000E+000    0.2459082031E+001
 0.7474747    0.1299804687E+000    0.2456250000E+001
 0.7575758    0.1310546875E+000    0.2474023437E+001
 0.7676768    0.1046875000E+000    0.2432128906E+001
 0.7777778    0.1345703125E+000    0.2464160156E+001
 0.7878788    0.1051757812E+000    0.2447949219E+001
 0.7979798    0.1304687500E+000    0.2471289062E+001
 0.8080808    0.1296875000E+000    0.2470019531E+001
 0.8181818    0.1160156250E+000    0.2469824219E+001
 0.8282828    0.1187500000E+000    0.2468652344E+001
 0.8383838    0.8359375000E-001    0.2469433594E+001
 0.8484848    0.1010742187E+000    0.2452636719E+001
 0.8585859    0.8642578125E-001    0.2474121094E+001
 0.8686869    0.8359375000E-001    0.2465625000E+001
 0.8787879    0.6972656250E-001    0.2466113281E+001
 0.8888889    0.9472656250E-001    0.2485839844E+001
 0.8989899    0.8525390625E-001    0.2445898437E+001
 0.9090909    0.6777343750E-001    0.2449804687E+001
 0.9191919    0.5830078125E-001    0.2462988281E+001
 0.9292929    0.5439453125E-001    0.2476660156E+001
 0.9393939    0.6484375000E-001    0.2470703125E+001
 0.9494949    0.7246093750E-001    0.2472949219E+001
 0.9595960    0.2949218750E-001    0.2477929687E+001
 0.9696970    0.2441406250E-001    0.2444140625E+001
 0.9797980    0.2626953125E-001    0.2477636719E+001
 0.9898990    0.0000000000E+000    0.2434179687E+001
 1.0000000    0.2568359375E-001    0.2455566406E+001


