Simulation state at cycle:    1100000
##############################################################################                                           

Number-of-molecules: 401   

Box-size(s):    27.592848   50.786466

------------------------------------------------------------------------------                                           

Deltas
Translation per molecule type
Box 1    0.5077850301E+000
Box 2    0.2537900738E+002

Rotation per molecule type
Box 1    0.8049709755E+002
Box 2    0.1800000000E+003

Volume    Delta_Volume
Box 1   0.3236639188E+003
Box 2   0.1498444068E+004

------------------------------------------------------------------------------                                           

Molecules in box 1
##############################################################################                                           
Moleculetype  1
Number-of-molecules: 398   
Atomtype         X                  Y                   Z
  1       16.5100612169        2.1050848538       22.2851277046
  2       16.8505108972        1.8098590181       21.9697934040
  1       17.1863287308        1.5118314957       21.6521363915
  1       10.4141787495        8.4475071980        9.9563967736
  2       10.8107126282        8.8285638235        9.9639287859
  1       11.1832911013        9.2320312720        9.9939170894
  1       14.0825726227        1.1797941922       27.3749823393
  2       13.5989265394        0.9494307412       27.2504064726
  1       13.1179016760        0.7138874202       27.1253687836
  1        4.5160069431       19.6720361035        7.9873648775
  2        4.6478707356       19.3017454216        8.3720683362
  1        4.7947713625       18.9574504111        8.7750337821
  1       -0.0296553790       26.9200077526        4.7575625289
  2        0.1194578199       27.1119525549        4.2641839250
  1        0.2768060211       27.3115198521        3.7764191903
  1        1.9680366596        6.6928234927       19.8723320340
  2        1.4254201698        6.7675169457       19.8224498423
  1        0.8806733866        6.8260597221       19.7742452304
  1        5.1141989128       26.7587567641        5.7236911782
  2        4.6606822409       26.5412451594        5.5011797626
  1        4.2083756178       26.3190051544        5.2808888235
  1       24.7536984839        5.8857782410        9.2811425584
  2       24.2329266656        5.8889405339        9.1042620533
  1       23.7073934596        5.8743902143        8.9426974019
  1        7.0322633764        0.4388336614       25.9195141610
  2        7.5160197873        0.3669299160       25.6679001982
  1        7.9908593994        0.2837148229       25.4031312612
  1        2.5207209763       20.0647457032        4.5974798379
  2        2.6900108369       19.5690908324        4.4296489940
  1        2.8664371744       19.0731478866        4.2702302344
  1        9.0615794788       13.5024044991       15.5550461229
  2        8.8251134905       13.1073239822       15.2542218861
  1        8.5833209373       12.7130999302       14.9565244607
  1        5.3334285606        2.4815095533       16.5758308508
  2        5.5047589608        1.9591358971       16.5923128789
  1        5.6723825309        1.4353253281       16.5972953995
  1        6.3616593159        4.2635179413        0.1850629745
  2        6.3231140479        3.8846773154        0.5819181653
  1        6.2891559058        3.4932916505        0.9668390726
  1        2.2078448242        4.3340723543       11.9580420084
  2        2.5050967035        3.8815106579       11.8614540627
  1        2.7916206722        3.4253995409       11.7502485628
  1       24.2355083056        9.8374169932        6.6997868962
  2       24.3479534823        9.6260890759        6.2046135996
  1       24.4537915823        9.4056427270        5.7119659539
  1        5.3337087500       20.9962831486       18.7959413240
  2        5.4153672899       20.6458252640       18.3799952290
  1        5.4948578520       20.2669952189       17.9892663633
  1       17.2685670994       26.5460231057       15.4087133183
  2       17.0265420116       26.7215537234       14.9470718349
  1       16.8191260248       26.8944861595       14.4679340886
  1       14.0212174282       12.0518269990        4.1627150402
  2       14.0866749019       12.2116154963        3.6405245048
  1       14.1061776353       12.3591338711        3.1110360994
  1       18.6134566108        9.0458139163       15.8793189414
  2       19.0520406447        9.2227278101       15.5985244982
  1       19.5027142143        9.3544319534       15.3120854099
  1       23.5187378509        7.1917947183       13.0230003412
  2       23.1985951069        7.5839541494       13.2379877922
  1       22.8734694634        7.9606027918       13.4723574043
  1        3.7370341147       13.5942011619       23.9041335761
  2        3.5366654247       13.2763020246       24.3057459845
  1        3.3224857887       12.9797331118       24.7164453423
  1        3.7762875185        7.5218909867       25.5794416578
  2        3.6226164842        7.0618456302       25.8387551423
  1        3.4483045749        6.6041352712       26.0889882027
  1       11.3360093458        6.1841356135        5.1544515167
  2       11.5028016063        5.6789070745        5.0150798365
  1       11.6689646686        5.1730349672        4.8773001326
  1       23.9949463359        5.4364934109        2.2075964009
  2       24.2458196581        5.7335219033        1.8185762845
  1       24.4953604374        6.0106820737        1.4143342303
  1       19.2305893965       24.0964161755        4.4702670580
  2       18.9703812964       24.5094229013        4.2168559513
  1       18.7176191604       24.9399419320        3.9860645611
  1       14.2270629513        5.0300861921        2.0415803316
  2       14.2666525035        4.4816458172        2.0536560299
  1       14.3179160293        3.9344395149        2.0745680509
  1       17.4667018184       16.7336823182       10.3437212468
  2       17.9549003157       16.7106602354       10.5959755053
  1       18.4498291294       16.6727540729       10.8328480263
  1       27.2846357932        6.8023136553       24.6788338082
  2       27.4216344638        6.5231703046       24.2251705476
  1       27.5697807819        6.2695389689       23.7601718240
  1        4.6888338164       25.0079975269       -0.1228527997
  2        4.2706779409       24.9299046044        0.2257833419
  1        3.8395806246       24.8636385615        0.5608414181
  1       22.3328607316       17.4595951739       20.2963931439
  2       21.8744810385       17.7635132601       20.3010679411
  1       21.4077264578       18.0541263064       20.3146406226
  1       22.5792938094        4.4527348318       15.9028519056
  2       22.8920342818        4.2223645353       16.2922397886
  1       23.2235765961        3.9778505889       16.6566470098
  1        9.3399154487        1.1974151863        0.8217836300
  2        9.7049853422        0.7860717498        0.8263168596
  1       10.0601565745        0.3661462716        0.8223184266
  1       22.8116124714       10.4096790829       16.0491826770
  2       22.4411113834       10.8031039881       15.9469780402
  1       22.0765259235       11.2070986022       15.8671921195
  1        1.2815536895       24.4175226653       20.5653228620
  2        1.5533498788       24.6917256267       20.9570364914
  1        1.8265470739       24.9796996781       21.3377387861
  1       22.1675103970       26.7317262687       13.9117211961
  2       21.6204482630       26.7185486178       13.9669423068
  1       21.0719875568       26.6960993513       14.0013934772
  1        2.5815638902        3.7938177098        2.7792446504
  2        2.9785076858        4.1414757164        2.6241010601
  1        3.3689498881        4.4948050627        2.4653142260
  1       12.5472399153        7.8340117920       12.8228455664
  2       12.1111164671        7.5535661689       13.0062756360
  1       11.6744750421        7.2677048280       13.1798485567
  1        0.1374143218       16.5867093316       15.5001979071
  2        0.6774650802       16.6662103525       15.5674642875
  1        1.2171487073       16.7581879179       15.6202061981
  1       12.2452192790        4.7328420851       23.1535098797
  2       12.7263803045        4.5976932791       22.9239039829
  1       13.2097464891        4.4634725852       22.6984224187
  1       24.6597811718       21.0057234722       14.3709944331
  2       24.7776260929       20.6782903547       14.7969053723
  1       24.8881643973       20.3803362540       15.2457980500
  1        7.7942162608       15.5608817130        7.8622882169
  2        7.5344208702       16.0453642759        7.8454655770
  1        7.2826466078       16.5323803237        7.8015897411
  1        3.9052436770       15.3557300087        9.7428479106
  2        3.9991231588       15.0595294153       10.1966670942
  1        4.0514445128       14.7632860500       10.6571042163
  1        9.8825051467       22.4663996379       12.8963451072
  2        9.9607700721       23.0028118887       12.8034123427
  1       10.0369189759       23.5377631179       12.7008037381
  1       17.0372080342       25.0213688029        7.5727664551
  2       17.5780860018       25.1148557136        7.5379638448
  1       18.1184728006       25.2138428638        7.5118171287
  1       14.9023478111        8.8534780112        4.5633220949
  2       14.4471174693        8.7251241582        4.8440187718
  1       13.9948511694        8.5945860508        5.1284743843
  1       14.4156958845       21.9940403079        7.2642986006
  2       14.0791911531       22.3149597274        6.9705720408
  1       13.7131463525       22.6231569129        6.6994158168
  1       17.0309872009       15.4467714746       24.5026169091
  2       17.4223938964       15.6126645377       24.1536465804
  1       17.8163551233       15.7851893889       23.8108204926
  1       20.5210302168       26.8320158778       21.1762910424
  2       20.5860830060       27.3334277188       21.3927495844
  1       20.6459011786       27.8349559027       21.6104449356
  1       27.2841337602        6.4068037874       12.8918123113
  2       27.0735141699        6.3215594140       12.3909402868
  1       26.8558170393        6.2207823772       11.8960140831
  1       23.3732376784       13.5438519886       25.3968168452
  2       23.7055447442       13.1618922038       25.1819244608
  1       24.0267411463       12.7801051826       24.9504691937
  1       17.3767512316        0.3168241547        4.6631253090
  2       17.4852905420        0.6125884686        4.2123008545
  1       17.5901701345        0.9065912964        3.7594624647
  1       15.3502642590        9.0794232198       13.9744841160
  2       15.6538619882        8.6264080959       14.0459384116
  1       15.9478890605        8.1691081787       14.1291541876
  1       16.1128447230        3.7972171810        5.9247681558
  2       15.6153377077        3.7609182221        5.6931021133
  1       15.1185971695        3.7372647097        5.4581779807
  1        8.5385282895        5.6439800638       21.0609250566
  2        9.0095996060        5.7400428391       21.3280650162
  1        9.4585292278        5.8563320368       21.6237659059
  1        6.2053734497       15.0522677881       13.6360038960
  2        5.6946588122       14.9328636163       13.8015732251
  1        5.1821371342       14.8180812927       13.9648109252
  1        6.1371901120       25.7673699139       15.7769901900
  2        6.4433857133       25.6837523762       16.2261587120
  1        6.7448068048       25.5943114420       16.6774298542
  1       18.2888922868        9.4590749587       24.1168415693
  2       17.8625335110        9.5584066351       24.4497851266
  1       17.4341425221        9.6558233662       24.7806795813
  1       15.3249263988        3.7953254312       25.2312044574
  2       15.7815795781        3.7486089944       25.5341655909
  1       16.2398839299        3.7110317131       25.8359023438
  1        1.8470121659       10.0561593323       24.9560534534
  2        1.4079054699       10.1306621012       24.6333544497
  1        0.9673641922       10.2006414732       24.3115994666
  1       17.5473205689        4.7977239028        2.6217089420
  2       17.9096271994        4.4773392880        2.3598165900
  1       18.2815046611        4.1579043424        2.1104805356
  1        1.7538240364        8.9980673507       13.8313165674
  2        1.6096241290        9.2470250409       14.3000664529
  1        1.4507892606        9.5078229285       14.7575114719
  1       18.8611285345       19.9280701095       18.4615970384
  2       19.1217220003       20.2818577955       18.7923920184
  1       19.3793109000       20.6339568004       19.1273162614
  1        2.9453229475       23.0159410926       25.1015692552
  2        2.7830329971       22.5589568928       24.8420939903
  1        2.6135202212       22.0940953629       24.6019499172
  1       20.8866748058       18.3852908168        8.2652422341
  2       21.4329480159       18.3244312686        8.2457052083
  1       21.9799114788       18.2668683063        8.2415249494
  1        1.7485214564       20.9959092145       20.4438059031
  2        1.3324680870       20.8878015265       20.7868981962
  1        0.9356634351       20.7791875392       21.1519311659
  1       12.2643085254       10.0933531792       15.4469845835
  2       12.4183599089        9.6124776146       15.6649911491
  1       12.5632706229        9.1239846664       15.8720552057
  1       23.3474438955       21.1403717882        2.2463803716
  2       23.0519494329       20.6859433118        2.1532257558
  1       22.7479916919       20.2350231218        2.0708809148
  1        6.0598849271        2.5012324030       21.9244308470
  2        6.0936031298        2.5454965494       21.3772528429
  1        6.1386704321        2.5705003466       20.8296729425
  1        2.4885612665       13.9314069928       16.5158664276
  2        3.0016257549       13.7374623449       16.5564903657
  1        3.5067206814       13.5216995380       16.5852223224
  1       19.1719069156       17.2806645394        5.6197615991
  2       18.6270327564       17.2087279227        5.6406726921
  1       18.0795636752       17.1560256600        5.6409475893
  1       18.6333429048       24.2464293823       10.9952278698
  2       18.8680619334       24.3650328298       11.4782808688
  1       19.0993149206       24.4825296202       11.9632721668
  1        2.2298694493       21.1257773919        0.2431921258
  2        1.7781954132       21.0499720605        0.5477313135
  1        1.3270895654       20.9662335484        0.8510321124
  1        6.5406033727        2.9400135626        9.9426441977
  2        6.4751496328        2.5017272144        9.6168821911
  1        6.4230585130        2.0767306258        9.2716802012
  1       24.8844782434        0.3155294605       11.4104136968
  2       24.3949248318        0.0934231473       11.2941973351
  1       23.8984006629       -0.1116075700       11.1761882098
  1        2.8310506280        1.8790517999        8.2690651848
  2        3.0413036183        2.3798820872        8.3554521247
  1        3.2309503697        2.8906402015        8.4306868071
  1        2.3776806873       10.4666477407       10.4066477187
  2        1.8988183047       10.3919427177       10.6666669065
  1        1.4172304015       10.3328976654       10.9256780497
  1       10.4051586057        3.1665107623       19.7898173464
  2       10.6719699926        3.5155344747       19.4589183709
  1       10.9329255811        3.8741218731       19.1336227244
  1       26.2579477921       23.2426310778        6.7000355631
  2       26.4030851294       23.4469365815        6.2104496008
  1       26.5491780408       23.6536058148        5.7221416158
  1        3.1950823223        2.5500452336       18.7949256140
  2        3.1539483009        2.7674421537       19.2984596956
  1        3.1398815358        2.9940864495       19.7993933123
  1        8.8079203533       23.7531765714        4.1913201748
  2        8.8560305513       23.2140497841        4.2889301951
  1        8.8979647947       22.6800804855        4.4139034175
  1       15.7472412270       22.2925197048       10.6507329145
  2       15.8165673854       21.7832894026       10.8466369295
  1       15.8841796559       21.2792977972       11.0562104046
  1        5.9103859974       15.6020325822       21.5276820678
  2        5.9479967870       15.8508693774       21.0386363871
  1        5.9806346756       16.1146543890       20.5571260187
  1        0.3200219791       19.8779675358       13.5428526819
  2        0.5358809823       20.3825613396       13.5069363370
  1        0.7386479744       20.8929283689       13.4767528756
  1       22.8247515377       14.1116592462       17.7138943129
  2       23.1428638399       14.3426412667       18.0985394342
  1       23.4706102047       14.5634419031       18.4810696923
  1       11.1469849524        1.4737198385        8.1181920502
  2       11.4948352071        1.7726858213        7.8146800383
  1       11.8072407123        2.0934034400        7.4952383247
  1       11.8278657982       18.4844024728       20.4543790262
  2       11.6372215794       18.9466791371       20.2253483131
  1       11.4532566763       19.4203187333       20.0148193452
  1       27.2706159183       19.6481691867       23.9287524548
  2       27.4448115175       19.8171016483       24.4223289095
  1       27.6353008706       19.9656808996       24.9164321492
  1       15.6165682735       14.3898918524        6.2628541490
  2       15.1685196912       14.6111227721        6.0330513027
  1       14.7241147025       14.8484047326        5.8123671932
  1       25.0574814188        6.7968268428       20.6655900145
  2       24.9377047441        6.5726714172       20.1778319870
  1       24.8351389963        6.3515619507       19.6847895241
  1       19.7725818833        6.6990695484       26.0230292349
  2       19.5031200317        6.3219119192       26.3190738823
  1       19.2201278127        5.9652947349       26.6276829989
  1       22.8441605294       22.9543181602       25.7425427978
  2       23.3705827579       22.8278646383       25.8394403940
  1       23.8913983563       22.6771358549       25.9318089243
  1       15.0112159267       23.3459418264        1.0393693415
  2       15.4340126741       22.9969234413        1.0832906034
  1       15.8718847528       22.6646935069        1.1030722217
  1        3.0231798412       22.7262321530        6.8749960423
  2        2.7919534333       23.0308310086        6.4797064200
  1        2.5589709506       23.3259823753        6.0783277553
  1       26.9132122869       11.8247887632       16.4147759348
  2       26.3863173812       11.8636371700       16.5676568024
  1       25.8564566573       11.9027509313       16.7098458526
  1       16.5500616995       25.6439110132       23.9944432083
  2       16.8447460946       26.0028099967       23.6997355109
  1       17.1330745699       26.3444597026       23.3793573470
  1       16.6360258499       16.2764813495        2.7068942365
  2       16.2593001680       16.2495625466        2.3070778553
  1       15.8866310939       16.2506180310        1.9025823100
  1        4.2764907337        8.0707565514        3.0079524866
  2        3.9118121991        7.9864555693        2.6049600414
  1        3.5321339345        7.9128182436        2.2139076681
  1       22.0447023538       14.8700758624        6.8710574927
  2       22.2317690342       14.4015595344        6.6519718759
  1       22.4239114634       13.9436210682        6.4155958047
  1       26.5196339023       14.1453075637       19.1400899088
  2       26.7812644830       14.5057845408       18.8174356228
  1       27.0484008781       14.8649423749       18.4978361929
  1        6.6040296442       10.6394250266       16.7749651784
  2        6.3506860775       10.8664657076       16.3427967317
  1        6.0857692643       11.0933836623       15.9175587714
  1        0.7907172785       13.2670115303        9.3733646763
  2        0.8710314912       13.7742648438        9.5701988786
  1        0.9639109930       14.2863966289        9.7479471047
  1       12.1698797780        1.5565652027       15.9628559814
  2       11.8526327491        1.3814982762       16.3766263210
  1       11.5380433434        1.2223335372       16.7987638468
  1        2.5981198101        5.3935379668        6.0154589975
  2        2.6642452486        5.6733697694        5.5466076472
  1        2.7179083975        5.9790125667        5.0925121221
  1       13.6060679273       16.1190652353       26.5167064717
  2       13.3153587239       15.6760274042       26.6640348099
  1       13.0241410194       15.2274110022       26.7922361025
  1        8.9628966845       -0.3950648039       18.4541582792
  2        8.8262238362        0.0417937812       18.7590764801
  1        8.6843948547        0.4776189932       19.0631174699
  1       26.2989796747        8.6414389633        9.3647353939
  2       25.9989801085        8.7587703995        9.8105308564
  1       25.7045818289        8.8973450255       10.2539569775
  1       13.6846577044       27.4541318834       23.9687969284
  2       13.2918087066       27.0783543151       24.0522288416
  1       12.9134229820       26.6839163568       24.1134084083
  1       19.3540183548       22.8860877681       14.8961390494
  2       19.8139797144       23.0188768624       15.1668835860
  1       20.2796863771       23.1373735786       15.4344201846
  1       20.2095236542       16.5965814836       16.5732275845
  2       19.7031681089       16.8108463505       16.5592766524
  1       19.1994457966       17.0301775596       16.5336319282
  1       17.3737444001        5.4182794784       23.2034829691
  2       17.2969163817        5.8760339007       23.4985394797
  1       17.2300200335        6.3429688689       23.7813762047
  1        4.2282604767       18.8297047425       26.0881569985
  2        3.9370249810       18.4197315320       25.8654377746
  1        3.6590909361       18.0232234967       25.6046044110
  1       24.0402988507       20.7428655994        7.3606801210
  2       24.2964068924       20.4584810889        6.9656685754
  1       24.5520418919       20.1606926457        6.5803469057
  1        2.1941115063        6.0542937022       16.2460744738
  2        2.3201454690        5.5424582381       16.4030454836
  1        2.4505174794        5.0292321602       16.5517133375
  1       15.5296681074       15.4985105944       15.6272900227
  2       15.6091891131       15.7541779408       15.1468624864
  1       15.7019212349       16.0190557125       14.6738503105
  1       13.5396060422       25.0288464487        8.9757207562
  2       13.2379189374       24.6834019146        9.2792878240
  1       12.9408903113       24.3329456794        9.5817021449
  1       23.8088280818       14.0751022143       13.7122810355
  2       24.2377060132       14.0589563958       14.0562331143
  1       24.6378606396       14.0410286984       14.4331347879
  1        9.4266500182       19.4731006120       17.3636439616
  2        9.5734604304       19.8197352484       16.9626562664
  1        9.7143892046       20.1745846174       16.5667762279
  1       25.2989820196       21.0765349989       11.1347727136
  2       24.9291434589       20.6722729204       11.1826434871
  1       24.5909525415       20.2419093792       11.2366261211
  1       25.8420367123        9.1318706450       27.0889514312
  2       25.7059341032        9.5734366703       26.7906302535
  1       25.5506702639       10.0095243751       26.4936106364
  1        0.9656473042       22.6513124892       10.4669273801
  2        1.1381458410       23.1723678350       10.5022201754
  1        1.3159166757       23.6927442257       10.5125129539
  1        4.0660463998       25.7321231321        9.6677042630
  2        4.3832359190       26.0546097263        9.3548253639
  1        4.6985326221       26.3867158862        9.0502051306
  1       22.1407134867        0.3606140018       17.0655652705
  2       21.9866359038        0.5027761751       17.5740434066
  1       21.8481961075        0.6720939694       18.0786877431
  1       18.0415136747        8.7028964450       12.0614521228
  2       18.0400437717        9.0504682260       11.6351990331
  1       18.0453344446        9.4062922089       11.2158408319
  1        5.5613295407        5.5930510254       18.3738523200
  2        5.3666523815        6.0614129488       18.5865443801
  1        5.1841963997        6.5360714791       18.7960893472
  1        1.8444480282       16.7677564372       23.1461059673
  2        2.2358268516       16.7425542337       22.7605058304
  1        2.6203697892       16.6869808461       22.3712265904
  1        8.5078550950       19.3775580021       24.6443059533
  2        8.7485281624       18.9045675375       24.4998881741
  1        8.9656986619       18.4172059899       24.3664127268
  1       14.4259623790       18.5145113630        4.3059555624
  2       14.1897430191       18.8665012918        4.6563888714
  1       13.9512884549       19.2377004303        4.9847950518
  1       25.0794178832       21.9357236477       19.7929275401
  2       25.0012703251       21.9551618152       19.2488548274
  1       24.9393885438       21.9875766299       18.7033092986
  1       21.9431261420       11.6012366899       11.3335876232
  2       22.0146527231       11.5561094093       11.8770464319
  1       22.1003192415       11.5078886867       12.4181896740
  1       19.7610964434        6.9119266968        3.6822736634
  2       19.6685114241        7.3857278738        3.4187580874
  1       19.5674640459        7.8491530729        3.1403222577
  1        0.9724709017       13.4326467932       13.4372558568
  2        0.4775607192       13.5258369784       13.2161687683
  1       -0.0175582544       13.6208114415       12.9963118778
  1        7.1111292521       17.0280546028       17.2207905198
  2        6.6629046770       16.7104497864       17.2476589190
  1        6.2203568849       16.3855419329       17.2806185521
  1        4.1937139722       13.8603997186        0.1965934070
  2        3.7049944244       14.1081956516        0.2440315678
  1        3.2182649560       14.3592743595        0.2945677531
  1       21.0154028094        2.8614534198        4.2648759145
  2       21.0617896357        3.2686426065        3.8980718407
  1       21.1185773582        3.6478380423        3.5037547411
  1       12.2307789068       22.7412507142       19.0800271406
  2       12.3882069585       22.5014010289       18.6107846266
  1       12.5558089496       22.2683594222       18.1416352035
  1        8.4203205341        4.0090940080       16.3771663634
  2        8.5652893435        3.4968515791       16.5153392204
  1        8.7145421370        2.9811877034       16.6349818961
  1       17.1452762142       12.0937538780       21.0888466220
  2       16.8868371801       12.5582537606       21.2300879923
  1       16.6006722557       13.0106963714       21.3562042835
  1       16.0031170663       19.9767549118       24.9320638627
  2       16.1826125870       19.5175464460       25.1758033610
  1       16.3709513220       19.0510121645       25.3980066105
  1       25.8633260057        6.0010731536        5.1272064767
  2       26.2559644532        6.1691849275        5.4737226827
  1       26.6513716755        6.3495585520        5.8107960919
  1       17.0165851285        7.0110479317        7.0750827254
  2       17.4124909662        7.3620317882        6.9248532337
  1       17.8009688805        7.7023013395        6.7356402808
  1       21.8286800588       19.2674174853       16.7472067593
  2       21.8678349116       19.8050843336       16.6382055765
  1       21.9177253791       20.3388298339       16.5152150032
  1       23.1577143992        3.6039250367       26.9299476731
  2       22.7695952219        3.3238772347       26.6589555464
  1       22.3877252392        3.0298510387       26.3939576004
  1       13.6099995280       19.5037390003        0.7944007710
  2       13.2553952421       19.0839318775        0.8171555520
  1       12.8973294541       18.6679801174        0.8528350099
  1        4.5496779497       21.3668055436       11.4400494032
  2        4.5348481256       21.8776241933       11.2367162199
  1        4.5063696843       22.3854336815       11.0273875285
  1       21.9967579874        8.5501171432       10.0369647104
  2       21.4851479596        8.5971347680        9.8406371210
  1       20.9667498197        8.6381840447        9.6615328931
  1       24.8900712419       24.3302350502        9.3282418595
  2       25.3097443340       24.6050551187        9.5537378145
  1       25.7285722026       24.8691965839        9.7931381106
  1        6.9957229070       12.8627537875       19.2452571881
  2        7.3458805094       13.2064539112       18.9967418396
  1        7.6813909619       13.5559701514       18.7364129455
  1        9.8914782966       14.0391650175       23.8433693797
  2       10.3850356960       14.0304533710       24.0859084501
  1       10.8854427211       14.0189882983       24.3138587964
  1       23.5982612093        6.8571142054       25.7307071423
  2       23.8721661909        6.5468245122       25.3684967513
  1       24.1798355201        6.2599163788       25.0142040674
  1       23.3923076443        2.7330811408        7.2702842278
  2       23.2578214794        2.6765876872        7.8005878778
  1       23.1174871025        2.6264346582        8.3300129766
  1       17.1228114956        0.9460168827        0.0517835762
  2       17.4874070748        1.2117939149        0.3663191589
  1       17.8585578608        1.4725798313        0.6773461656
  1        5.6239612176       26.5908661640       19.7662922669
  2        5.1129900846       26.6571665781       19.9586792632
  1        4.5986251858       26.7269087597       20.1405164923
  1       27.7245725250       12.9451414521       22.1979085863
  2       27.5215940748       13.1887624068       22.6472954789
  1       27.3299500614       13.4371253716       23.0990569301
  1        5.4612968547       11.3024897458       12.4712213863
  2        4.9561787553       11.4570394274       12.6244209346
  1        4.4510126813       11.6245199958       12.7631923148
  1       14.7713494187        9.4926737948       21.2367863967
  2       14.8583339609        9.5342067758       21.7782738859
  1       14.9325995946        9.5798281455       22.3213238884
  1       18.9863613811       13.6368946695        5.4794632343
  2       18.8449292576       13.6084812846        6.0102076493
  1       18.6908478193       13.5916156226        6.5379144417
  1       21.8683214505       13.1267018127        2.2186096973
  2       21.6777214918       13.3456975968        2.6857419080
  1       21.4549641393       13.5667176078        3.1374379514
  1       22.1673464857       22.6999758171       11.9300347184
  2       22.3647556448       23.1722856149       12.1311642258
  1       22.5856301056       23.6332220364       12.3342703235
  1       18.2461893441       12.2318480514        2.5102571926
  2       17.9033825859       12.6515070663        2.6044370087
  1       17.5826032356       13.0837406598        2.7174623511
  1       22.2013457494        0.9969370939        1.6457156129
  2       21.6923914255        0.7940960966        1.6938926405
  1       21.1870133991        0.5806062722        1.7328174955
  1       13.5368843637       25.9095412141       13.8384488441
  2       13.0894948831       25.8736547609       14.1563400442
  1       12.6495009526       25.8324537477       14.4837660919
  1       26.1363847267       10.1456518939       13.2543020253
  2       25.6417790202       10.3770663807       13.3199718848
  1       25.1545698945       10.6156549356       13.4105410204
  1       21.9199487675        7.3948940014       22.4039758536
  2       21.9446005325        7.9375565639       22.3178966241
  1       21.9552209292        8.4792796272       22.2234332507
  1       23.9873060489       23.8438433686       15.8348204119
  2       23.6926716536       24.2181652383       16.1097271434
  1       23.4260282845       24.6023944875       16.3991562310
  1        8.8414575219        1.8118790069        4.5740946110
  2        9.1795713832        1.3793105949        4.5414819473
  1        9.5129168630        0.9443057072        4.4950972762
  1        1.4390281890        0.0142263665       27.9946463359
  2        1.2021119774        0.0640527389       27.5007961144
  1        0.9794485342        0.1376756114       27.0033017298
  1        0.5297069285        0.0990924743       11.9816929677
  2        0.7618067416        0.1717360102       12.4750007758
  1        1.0050040653        0.2340406838       12.9643607540
  1       21.0423591306       16.9042092068       23.9124413462
  2       21.3122878378       16.4517155629       23.7546820509
  1       21.5871382262       16.0021726163       23.5969848660
  1        4.2150747057       23.8271121583       17.8958219315
  2        3.7196855119       23.6345979351       17.7543022490
  1        3.2240141637       23.4381739094       17.6192929319
  1        8.3941095085       23.6034707568       19.1477101244
  2        8.1378768845       23.1296208848       19.0367545426
  1        7.8895917531       22.6516928882       18.9252228314
  1        1.1930061254       17.0582107583        6.6252956466
  2        0.9112859241       16.7150262425        6.3007064966
  1        0.6470502851       16.3885658119        5.9455964949
  1        7.7614565592       12.0880775766       22.2154880638
  2        7.2421235381       12.0101487661       22.3789515571
  1        6.7309705926       11.9228087180       22.5622392580
  1        9.4600270890        5.1289821141        7.6975616104
  2        9.4624794190        4.6485367482        7.4298561070
  1        9.4500315802        4.1683055740        7.1620444761
  1       21.6689508177        9.8632323745       25.4752091115
  2       21.6456336003       10.2101623809       25.9013497902
  1       21.6319271823       10.5719352467       26.3153939021
  1       11.8566394279        8.0297564157       19.4252237347
  2       12.1851282677        7.7977802694       19.8004332091
  1       12.4945724501        7.5711060622       20.1945944715
  1       20.7290850143        9.5239408997        6.1030342109
  2       20.2921740139        9.8272302469        6.2431211468
  1       19.8536460329       10.1370207067        6.3623817015
  1        9.0537240030       10.4515463094       12.4539802078
  2        8.7879483104       10.0890635881       12.7709495407
  1        8.5235011303        9.7236962321       13.0857103754
  1       12.5856145175       19.5557595449       23.7616342619
  2       12.4065370838       19.6930851856       24.2632047366
  1       12.2386064870       19.7951591404       24.7768974672
  1       12.1473103944       20.9718391781       10.1383373095
  2       12.3169825872       21.2266520709       10.5952637113
  1       12.4812835932       21.4925946438       11.0477896513
  1       22.5492671332       24.5471732626        1.1855476599
  2       22.1136633257       24.2808013555        1.3899867217
  1       21.6732093843       24.0193178785        1.5903032606
  1        2.1965111922       17.7764472765       10.4516289450
  2        1.7619041614       18.0875233368       10.5814303836
  1        1.3333194137       18.4172772311       10.6818170470
  1       11.0245034113        4.1799423874        1.7526560830
  2       10.5074060523        4.2823496997        1.9095734617
  1        9.9905669331        4.4173856152        2.0405033108
  1       10.3920514348        6.7449223790       26.2577976587
  2       10.7400704354        6.8718462365       26.6643356146
  1       11.0820065369        6.9956866318       27.0769410653
  1       18.3052550637       21.6458002303        7.8454847187
  2       18.0624958527       21.1547473431        7.7961387208
  1       17.8308936932       20.6593123054        7.7377900956
  1       11.5374671909       15.3126144098        2.8684478632
  2       12.0323944778       15.4364819911        2.6630122213
  1       12.5303484908       15.5529155943        2.4605646579
  1        8.2097419388       14.5643609905       10.8269568866
  2        7.8168423797       14.1939530095       10.7224204620
  1        7.4344203847       13.8123040344       10.6194764164
  1        5.6546282598        5.5292728463        7.8986629597
  2        5.3164228368        5.8585503956        8.1809631322
  1        4.9634076602        6.1737539834        8.4611897945
  1       10.0938373151       15.2350328815       20.6024833670
  2        9.8017187116       15.6239126355       20.8592697734
  1        9.5075184696       16.0084653219       21.1201633302
  1       25.4036321440        2.8770831958       13.7362063211
  2       25.5900728371        3.2790739759       14.0620027003
  1       25.7798447357        3.6752096240       14.3930059840
  1       26.4210007684        0.3084808226       16.2823018059
  2       25.8777660286        0.2378566270       16.2332279792
  1       25.3380575800        0.1476827695       16.1776990235
  1       15.2579759603        0.4024932688        7.2196036006
  2       14.7952511283        0.3201942141        6.9339244179
  1       14.3387026107        0.2215405360        6.6435265842
  1       20.6307879400       10.7980963861       19.3779915701
  2       20.2253377966       10.8596598075       19.0114944673
  1       19.8165729810       10.9644714429       18.6587539883
  1       20.0079689098       20.5822221775        4.8091441045
  2       20.5528460736       20.6564996756        4.7995665435
  1       21.0944718830       20.7512203445        4.8125848543
  1       14.4905255611        7.8444285330        8.4817117385
  2       14.5852071108        7.7433227184        9.0139833030
  1       14.6235043085        7.6549797632        9.5554893933
  1       14.8437402041       19.6574401223       21.3436524545
  2       14.6778167498       20.1238444078       21.1039934263
  1       14.4939471079       20.5913095219       20.8800105679
  1       16.8639132932       21.6043195067        4.5330964972
  2       16.8280416390       21.1545367667        4.2185989436
  1       16.7886834318       20.7119133953        3.8945071640
  1        1.2105080001        6.6469535123        8.7783062978
  2        1.0034966357        6.1387550886        8.7411491020
  1        0.8234318267        5.6193828194        8.7230077246
  1        0.3270090949       10.4029337582       19.9446824850
  2        0.1370070516       10.0468163938       20.3182860802
  1       -0.0417431710        9.7005370042       20.7064084079
  1        8.8590406877        9.0933187246        2.6035556988
  2        8.6810706755        8.9537190148        3.1048925076
  1        8.5104413247        8.8010599146        3.6049733238
  1       10.1803334036       21.5867548564        0.7591226818
  2       10.4128907899       21.5573853786        0.2615741958
  1       10.6427372494       21.5469346687       -0.2379869983
  1        7.1812131217       19.3455235181        5.1345773180
  2        7.0190936147       19.6312014246        4.6934362984
  1        6.8492798467       19.9021534310        4.2459451886
  1       14.6917432146       23.0974200533       24.5726273613
  2       14.2244684108       23.0835793818       24.8623905294
  1       13.7625015067       23.0557840658       25.1595672427
  1       21.5453355008        5.7842819698        6.3057142324
  2       21.9792819388        6.0719768810        6.1284513568
  1       22.4101743715        6.3722004736        5.9650576458
  1       15.6688089094       23.2954631428       14.7151909827
  2       15.8589577695       23.4449846141       14.2212408429
  1       16.0276566723       23.5994492005       13.7210595050
  1        0.6901139781        5.1300239925        0.4965137702
  2        0.5413847841        5.6595321922        0.4956811253
  1        0.3893257125        6.1875902079        0.5187629318
  1        3.4503155658        3.0581313949       26.1939184448
  2        3.5198558788        2.8746534387       26.7077277328
  1        3.5812193252        2.6941730227       27.2236360055
  1        4.9831375953       17.7499077112        1.9491617688
  2        4.9804729060       17.2002862700        1.9289337974
  1        4.9901749101       16.6510039501        1.9552929155
  1       17.5023442450       13.5778708065       17.6146916152
  2       17.5853126710       13.5353035873       17.0726544650
  1       17.6619275103       13.4964744669       16.5294027142
  1       16.1747222327       12.3526528849       26.1784909982
  2       16.2154464360       12.5811327577       26.6771276265
  1       16.2294254115       12.7970976817       27.1827596456
  1        6.9106033659       24.7330570586       24.9598673455
  2        6.6253333029       24.3193533710       24.7363270807
  1        6.3341636115       23.8969336251       24.5381307941
  1       -0.0836856199       19.9934245292       17.5918627552
  2        0.3768196063       19.8659403563       17.3194977017
  1        0.8528610398       19.7533429214       17.0680889306
  1        6.6986873798       24.7713169711       11.3548243541
  2        6.6637592885       24.7750542424       11.9037014453
  1        6.6343114943       24.7604970586       12.4527195824
  1       26.8323923688       13.3249369402        6.0076230194
  2       26.3238401097       13.1626805520        6.1400898614
  1       25.8179901433       12.9961497431        6.2775063820
  1        1.7155357775       11.5978505206        0.4514310057
  2        1.1889206296       11.6180443913        0.6088117338
  1        0.6551270256       11.6354706503        0.7401917658
  1       14.4225586239       26.1335153939       17.1705452672
  2       14.1218507603       25.9529600360       17.5941896269
  1       13.8286007620       25.7880800538       18.0292976927
  1       12.7028130084       10.5905383892        7.0560373776
  2       13.0779262295       10.9641049194        7.2051618854
  1       13.4547444343       11.3400872835        7.3435284328
  1        5.8922081700       21.5974613804       26.6147685798
  2        6.1122271213       21.3108177422       27.0294094917
  1        6.3081276569       21.0134824720       27.4485928838
  1        7.0593649800       15.3178062668       24.9862790088
  2        6.6718883150       15.7042189529       24.9310787360
  1        6.2787869718       16.0879241214       24.9038449960
  1       24.5354370654       26.7769910519       26.5603962321
  2       24.8637070975       26.5606646930       26.9450281243
  1       25.1841439994       26.3403499072       27.3339774603
  1       15.7110097255        5.1090261091       12.2821917380
  2       15.2536726108        5.2406740710       12.5578937105
  1       14.7995794785        5.3847104790       12.8327626601
  1        4.9234234515       18.5730561635       14.9977597962
  2        4.5668097879       18.9888339922       14.9482068738
  1        4.2222878998       19.4151703721       14.9030188355
  1       12.1805818736       10.9852655753       26.7255664354
  2       12.3816913320       11.4252378420       26.9872521060
  1       12.5755279194       11.8508356553       27.2767238279
  1       14.0858323479        0.6907030283        3.0606015899
  2       13.5560929145        0.8347289071        3.0269462934
  1       13.0235682554        0.9717073076        3.0145203437
  1       11.9973851029       22.1163925439        3.3316978631
  2       12.5457842017       22.1509031169        3.3555190464
  1       13.0941079721       22.1901037795        3.3729646718
  1        6.9899143148        8.1106980078       23.4481961336
  2        7.0039789752        8.4614528650       23.8716028123
  1        7.0190617047        8.8099315649       24.2968499239
  1       23.5366715900       17.2864963336        4.4311597766
  2       23.1406438782       17.6253500250        4.6067736350
  1       22.7183590708       17.9446718465        4.7558008633
  1       11.2392077084       15.9011746414        6.1442139661
  2       11.2152372500       15.4699036239        6.4846999814
  1       11.2104587866       15.0409783611        6.8289386837
  1        8.2885437618       27.2151298388        7.4241084577
  2        8.0531991994       26.7884235324        7.6791274081
  1        7.8394117013       26.3505875627        7.9342637800
  1        7.1470856245       12.7006954802        6.7368355296
  2        7.5353934610       12.5281964320        6.3876062317
  1        7.9379567210       12.3759635175        6.0451621335
  1       24.6873736581       17.5138430082       16.5506520835
  2       24.4329354060       17.2083863200       16.1705765812
  1       24.1753005691       16.9177536635       15.7811450098
  1        1.8268008320       26.6373130058       16.6398932142
  2        2.1972217963       27.0393692784       16.7002178600
  1        2.5891634519       27.4209500214       16.7574705818
  1       25.4908411522       19.5557141191       -0.0396883027
  2       25.7910281954       19.1066282651        0.0637990632
  1       26.0749877843       18.6434921082        0.1496585472
  1       20.8693714130       26.1539482337       24.9131890745
  2       21.1284331319       26.1657365777       25.3982128479
  1       21.3557052846       26.1575826422       25.8989931200
  1       22.4588152938       20.3055714939       23.1163937411
  2       22.8344732095       20.1178018342       22.7612547749
  1       23.2103239981       19.9287080812       22.4070235845
  1       18.1689657534       18.9650255257       22.7667850220
  2       18.6106532749       19.2616298264       22.6273647145
  1       19.0534826003       19.5562255418       22.4873091826
  1       14.2040414271       13.1594552935       23.7867780454
  2       13.9600106329       12.6746559006       23.8757641122
  1       13.7119520177       12.1942357518       23.9765778169
  1        9.3221145241        1.8736962404       22.7278949697
  2        9.7816599113        1.5761725332       22.6750018628
  1       10.2450329608        1.2838039523       22.6269807334
  1        6.4559496826       23.2551679025        7.7720022786
  2        6.3699297795       23.2938407308        7.2301489879
  1        6.2869379338       23.3237145292        6.6872678695
  1        9.3053879495       16.8874201766       14.1787526818
  2        9.8306577268       16.9875125176       14.0500158018
  1       10.3610865457       17.0683054003       13.9291118018
  1        9.2172000058        8.2609613758       16.3273534020
  2        9.2690457440        8.0346676013       15.8287522116
  1        9.3246205277        7.8121519603       15.3288539900
  1        6.1001445404        0.1083453146        2.1584312538
  2        5.7907251491        0.1479899503        1.7054544960
  1        5.4899425134        0.1938640986        1.2472783644
  1        9.2904056619       24.0577486313       15.8812964923
  2        9.7706969631       23.9888062508       16.1402698774
  1       10.2523425201       23.8987140742       16.3900717110
  1        9.0595308100       22.2641029573       22.2891008351
  2        9.4497022820       22.1703975572       22.6652464458
  1        9.8340125244       22.0731614457       23.0464954132
  1       14.8729793057       17.9619034238       11.7923542693
  2       14.4318939331       17.9830625736       12.1202200718
  1       14.0025641489       18.0072859508       12.4631328353
  1       18.8696295747       23.5965343697       25.2447497628
  2       18.7129674473       23.0849228663       25.3720708033
  1       18.5621470547       22.5679082704       25.4836464092
  1       15.0481846865       25.0307413195        4.6090422936
  2       15.2485728377       25.0558445751        4.0974619819
  1       15.4446939086       25.0724174471        3.5838844663
  1        8.5518201249       11.2716185498       26.2784735397
  2        8.6289735009       10.7918805175       26.5361531411
  1        8.6717571695       10.3251563973       26.8239693190
  1        4.7033416667        7.7827044021       11.3162843208
  2        4.3135921414        7.4403006951       11.4989178582
  1        3.9377439845        7.0880772151       11.6917306742
  1        9.6824987610       23.4571203458        9.1427380044
  2        9.7944573520       23.4214759647        8.6054347828
  1        9.9066939083       23.3812114676        8.0685160509
  1       22.4090708472       15.4257590211       10.3792571440
  2       21.9964516094       15.1316209268       10.5930985480
  1       21.5795298202       14.8397549001       10.8016421720
  1       11.2562396455       26.0004566742       20.7076986429
  2       11.0565378974       25.5569979265       20.9645323457
  1       10.8519133130       25.1095720961       21.2103755981
  1       20.0332362828        2.2869069644       14.7929525574
  2       19.5729579297        2.5856692792       14.8301670297
  1       19.1074261246        2.8783903500       14.8398887620
  1       22.4688545274       24.2779933927       22.3687437887
  2       22.5276628333       23.8137967103       22.0796710934
  1       22.5890676608       23.3470051620       21.7953559573
  1        0.4462048892       24.1983846834       26.7271844819
  2        0.0102830315       23.9046878378       26.5652761840
  1       -0.4156108338       23.6050729785       26.3882300022
  1        0.7888128086       20.5468995118        7.3427803556
  2        0.4532073920       20.2758935564        7.6839911065
  1        0.1076942826       20.0033441422        8.0138964067
  1       26.6544174177        3.1968182324       25.9940691871
  2       26.4300568161        2.7618843296       25.7430814968
  1       26.2009662406        2.3223392623       25.5047169841
  1       15.5028870851       17.5739751525        7.6221696429
  2       15.0700475993       17.6841578562        7.9431209654
  1       14.6352018821       17.7795921949        8.2660783746
  1       25.0800921958       12.0106495586        9.7054035025
  2       24.8034010801       12.4171966653        9.4591079959
  1       24.5246465340       12.8175827309        9.2051652849
  1        8.6838690919        0.6944238733       14.0738781159
  2        8.9765004412        0.2297066625       14.0437981004
  1        9.2762798386       -0.2288990724       13.9957034871
  1       -0.3298000914       27.1796225815       23.5047444501
  2        0.0191949347       26.8021149622       23.7001682693
  1        0.3820097954       26.4468565418       23.9114898976
  1        5.0965890298       10.7704857941       27.8416111300
  2        4.9791486013       10.7170332117       27.3069611817
  1        4.8467205651       10.6736086504       26.7749112577
  1       22.9206800919       16.8246387565        0.0528888730
  2       22.9005223678       16.3085089152        0.2418429761
  1       22.8866121427       15.7938610257        0.4353476388
  1        3.3758300058        5.2225655506       23.1377950216
  2        3.8366120427        5.3177230271       22.8529705683
  1        4.2711753483        5.4203189185       22.5318338133
  1       21.2828718566       11.9997150155       22.6581253652
  2       20.8544287720       12.1840811584       22.9495797331
  1       20.4154563139       12.3572691402       23.2320847825
  1       16.6286370569       11.0990550106        7.7481843163
  2       16.7055371333       10.9701459974        7.2190634940
  1       16.7593517745       10.8379255294        6.6879121679
  1       17.2517703004       20.0267837584       14.4102485794
  2       17.6383094016       19.8791742466       14.7726005564
  1       18.0406985630       19.7559312475       15.1267108852
  1       10.4531851441       11.2601767913       18.9107213192
  2       10.3006214661       11.1273859071       18.3992617360
  1       10.1570127670       10.9787371882       17.8895754611
  1        7.4963892454        7.1876367070       -0.1596019509
  2        7.0344407616        7.3336045849        0.1007765754
  1        6.5728447231        7.4891643429        0.3561787248
  1       24.1803542704       10.8361877934       19.3547731830
  2       24.0032766416       10.3210864044       19.4310232478
  1       23.8124095356        9.8098393878       19.4995523285
  1        0.9750720614       26.6619328121        8.1766170601
  2        1.1382129697       26.2182453461        7.8955005779
  1        1.2882355374       25.7696445302        7.6148753185
  1       20.0084506771       24.7625353911       18.5256920536
  2       20.5394792080       24.8877355033       18.5952163745
  1       21.0729290674       24.9994291984       18.6690795250
  1        7.4379349245        5.5343651143        3.6425526887
  2        7.5875445187        5.4997648517        4.1706812632
  1        7.7576290382        5.4567714790        4.6919516586
  1       20.7081066577       27.5735167755       10.6442898690
  2       20.7896023473       27.2799513367       10.1863839991
  1       20.8660573606       26.9775856183        9.7333612599
  1        6.3059486504       10.4919098156        9.4074216294
  2        6.7111735897       10.1515734420        9.5573012523
  1        7.1243701422        9.8191952216        9.7032235831
  1       14.0011347133       10.9392484635       11.7573669471
  2       14.2147647063       10.9621732900       11.2510699212
  1       14.4198598587       11.0011056127       10.7422278517
  1       18.4526318654        1.0292827852        7.9075217899
  2       18.6564218459        1.5205785108        7.7675283834
  1       18.8449868700        2.0212475073        7.6399596309
  1       14.3899672850       24.5624636743       21.3542701978
  2       14.7708402230       24.2093129353       21.1733824961
  1       15.1395593095       23.8509954605       20.9780499041
  1       13.1281953515       20.9283469294       14.5191862077
  2       12.8845958151       21.4078949489       14.6340468315
  1       12.6355677103       21.8802306846       14.7658950579
  1        8.7038804755       15.3209793687        4.3662137457
  2        8.5753413287       15.4270511440        3.8420701907
  1        8.4125594654       15.5695450337        3.3364047327
  1       25.7000525788       16.9021049420       12.2772800799
  2       25.7358415048       16.5890542958       11.8264825138
  1       25.7722941799       16.2716573694       11.3787879833
  1       19.7622661183        2.2520712133       23.9628157976
  2       19.6007354191        1.9157291820       24.3668973132
  1       19.4247459148        1.5871884800       24.7713583131
  1       19.2784884866       21.4073888145        1.6558762002
  2       18.9244619424       21.1942008355        1.2929490841
  1       18.5720261529       20.9939435868        0.9212152444
  1       24.9091595360       17.4903722531        8.4347759821
  2       24.9023328016       17.1706014520        7.9873388016
  1       24.9096824146       16.8455168498        7.5437556825
  1        5.4308857827       23.8565000281        3.1693335415
  2        5.2135917462       23.3859980322        3.3534834089
  1        4.9800563014       22.9217740099        3.5336423721
  1       14.9437529949       14.4055643968       10.2944131524
  2       14.5101096918       14.7425533926       10.2645484162
  1       14.0628508644       15.0570578923       10.2049962542
  1       20.8126459095        5.0165110967       20.4611333440
  2       21.1014400064        4.5610424178       20.3532155410
  1       21.3936242555        4.1091036132       20.2397268614
  1       27.2920767783       17.4041042511       20.9258602490
  2       26.9886222396       17.7957270343       20.6870152392
  1       26.6801303369       18.1827445208       20.4471189907
  1       26.9848736801        3.1556420733       21.6974268714
  2       27.4689507276        3.4164337875       21.7099605818
  1       27.9634248404        3.6571069411       21.7184331197
  1        3.5590796975        9.9437488109       22.1453858868
  2        3.8357402162        9.5041781405       21.9644533493
  1        4.1104423126        9.0568153982       21.8004248943
  1        1.0460034577        9.4367907939        6.2474337948
  2        0.6567187307        9.6475972533        6.5738048077
  1        0.2686040348        9.8419937189        6.9115576699
  1        7.6310638433        5.0457274521       24.2552990619
  2        7.3873712116        4.5702796708       24.3859256614
  1        7.1595317623        4.0844176642       24.5064548897
  1       16.3466415465       26.6272469562       11.1319278785
  2       16.3246437443       26.9752269480       10.7065738823
  1       16.2977116840       27.3190157486       10.2781069365
  1        7.7186442413       24.0888793676        0.7417645189
  2        7.9523081638       24.5792670849        0.8279100822
  1        8.1917369739       25.0718226526        0.8785347460
  1       10.9902788196       10.0960122663       22.4895858682
  2       10.9934050273        9.5812368350       22.6832259523
  1       11.0059513058        9.0538988385       22.8389732710
  1        8.8655813464       14.2959162245        0.3928987076
  2        8.3370456447       14.1438341889        0.3974885264
  1        7.8095259942       13.9881978647        0.3980817240
  1       16.4247635382       22.1820062523       18.2037979221
  2       16.3057101796       22.6957246512       18.0475298691
  1       16.2068762420       23.2046657030       17.8639247015
  1       23.0278142073        1.2867744698       23.5382129508
  2       23.4461662058        0.9331767959       23.5877133584
  1       23.8757311285        0.5938327004       23.6408128976
  1       18.8744689240        7.8382630794       20.3364093879
  2       18.3874157878        7.8830199085       20.5879567369
  1       17.9090100467        7.9287391141       20.8554220620
  1       13.8323880444        1.2939401735       12.6825019111
  2       13.5185353729        1.6638546644       12.4233498902
  1       13.2108824709        2.0389903095       12.1642689401
  1       11.3458063849        3.5132360378       26.1422752795
  2       10.9027944378        3.3877238569       25.8414645298
  1       10.4561490170        3.2624022465       25.5459948002
  1       27.6961011100        9.3790187678        2.6640761021
  2       27.2743079243        9.6083599724        2.9323914397
  1       26.8749755119        9.8583355016        3.2161974617
  1       25.8445176128       23.2701977034       23.1965449351
  2       26.1578351103       23.6520074078       22.9545666396
  1       26.4442850209       24.0408718014       22.6914489264
  1       19.1648140767       21.2330082989       11.6446945266
  2       19.4231290544       20.7599275714       11.5352961829
  1       19.6619888556       20.2713764314       11.4530539923
  1       27.0278992916       24.9185192034       17.5513348707
  2       27.2282375515       24.4790091709       17.2882844707
  1       27.4151406517       24.0417892895       17.0118681083
  1       10.4119518963       24.7975824803       24.7906479325
  2       10.3406797437       24.6623710978       25.3189832070
  1       10.2603878986       24.5277320548       25.8461696509
  1       26.0325940362       13.1042135183        2.6866160844
  2       25.6808156730       13.3318245597        2.3303223895
  1       25.3220691866       13.5709723738        1.9888413791
  1        7.9727702000       17.8703037102        0.2426554710
  2        8.2111262682       18.2426953930        0.5697805531
  1        8.4327142854       18.6204993930        0.9024408711
  1        9.9637583791       26.7337024886       10.9310832111
  2       10.5083739729       26.7167343212       10.8562104104
  1       11.0548900712       26.7124987352       10.7945483221
  1       22.0448337574        6.9884416959       18.2226595984
  2       21.6517805892        7.2834336783       17.9757002145
  1       21.2726934303        7.6049034897       17.7402217967
  1       21.1152204739       22.6894040406        8.6129879156
  2       21.2390903275       23.0543802951        8.2206250823
  1       21.3659620009       23.4217467779        7.8314651604
  1        7.8085223496       20.3797660950        8.9501495453
  2        8.2083969252       20.4593525300        9.3192922319
  1        8.6129134657       20.5704280633        9.6750008112
  1        6.1980407921        3.9665809207       13.3945109883
  2        5.7948448766        4.3340924487       13.4642844110
  1        5.3962319755        4.7058120776       13.5379883561
  1       17.5389063054        8.8936515144        0.4553525014
  2       17.2586923510        8.4361271396        0.3343087647
  1       16.9549415295        7.9914002618        0.2227137753
  1       17.8417834090        5.8489567082       16.9629112513
  2       17.9704145457        5.8651452412       16.4284096497
  1       18.0987065353        5.8714916045       15.8936191412
  1       12.3927642427       25.5752368325        1.8760819347
  2       12.1169738881       25.1828960115        1.6068081697
  1       11.8470856338       24.7776849943        1.3509481285
  1       11.0736703985       20.7292576259        6.8764760355
  2       11.0433374906       20.2050266982        7.0400665279
  1       10.9957521048       19.6820242731        7.2034803992
  1       13.5237629624        8.4178428067        1.4976512999
  2       13.1019670897        8.6887211828        1.7239545194
  1       12.6981173658        8.9501945859        1.9904823022
  1       24.7601870227       27.5327521314        7.4571013028
  2       24.9994381228       27.0896421603        7.2359396771
  1       25.2592803375       26.6545433316        7.0222318586
  1       18.5922409786       25.7245593254        1.1135926754
  2       18.2663466304       25.6325231890        0.6802080617
  1       17.9397623165       25.5180594252        0.2527262121
  1       10.1822061215       18.2587389042        3.4919480840
  2       10.5177384007       18.6944558327        3.5002455434
  1       10.8627096068       19.1225853229        3.4861032082
  1        3.2904185042       12.5695264627        7.3121695378
  2        3.6818360847       12.5816460410        7.6983630042
  1        4.0902180128       12.5884586739        8.0667076633
  1       23.3195646600        9.4604375074        2.1461947929
  2       23.6535070950        9.8922082892        2.0786933701
  1       23.9726128187       10.3336291754        2.0024100995
  1       11.8049660896       14.4201338014       17.6979294819
  2       11.9832321501       14.9380547971       17.6481393841
  1       12.1589944672       15.4573701108       17.6043305740
  1        1.7432566023       13.9752346181        3.2302988188
  2        1.8756712728       13.4760019879        3.4193309220
  1        1.9867223493       12.9868533663        3.6449440495
  1       17.1606435523        2.0757675317       12.3238919465
  2       17.6115872457        2.2317640665       12.0503688826
  1       18.0661430902        2.3572276604       11.7672825534
  1       11.8084008620       25.7945231736        5.3885492869
  2       11.6865944477       25.7230816523        5.9201123654
  1       11.6017466414       25.6767489450        6.4615494615
  1       16.9033358369       12.0060992438       13.1312671704
  2       16.9319746230       12.5534730770       13.0858611505
  1       16.9842733724       13.1000959162       13.0547434470
  1       14.0733431820        0.7769947558       19.9919449124
  2       13.6588169945        1.1156265548       20.1184223594
  1       13.2493460793        1.4664810842       20.2267490310
  1        4.3828574162       19.4206821176       22.2729157638
  2        4.8495655612       19.7113421183       22.2587640356
  1        5.3209849769       19.9944570762       22.2482924505
  1       11.4090061989       17.1319719235       10.6778367295
  2       11.1244662261       17.0535331415       10.2137415224
  1       10.8351475817       16.9666647686        9.7541236302
  1        5.1168917716        3.2819687639        4.9519961942
  2        5.0358708404        2.9009421169        5.3402671086
  1        4.9506781613        2.5117693014        5.7194593107
  1       13.9386822003        8.3268731457       25.1893413717
  2       14.0440469396        7.8307514415       25.4020889366
  1       14.1645691091        7.3401508719       25.6195411996
  1       20.2455359309       19.1665775215       26.1315330459
  2       20.0374974350       18.7394882179       26.4086877157
  1       19.8054877452       18.3020372147       26.6480788656
  1       12.2229630826        5.3058232905       15.9567652079
  2       12.6535317350        5.4508368316       16.2667357040
  1       13.0788578960        5.5868360142       16.5878305157
  1        3.2613564563       24.1127067168       14.4720909902
  2        3.3075486656       24.4095936637       14.0114127721
  1        3.3445486027       24.6881240356       13.5386000866
  1        7.0454256004        9.5696764265       19.8695832192
  2        7.5770301550        9.4522257703       19.7914682987
  1        8.1102437388        9.3466622886       19.7075658294
  1       10.7682923685       12.1529632648        3.9111332105
  2       10.6735343432       12.0341186398        3.3825531581
  1       10.5885740068       11.9328760405        2.8486695787
  1        5.9373260669       11.5890653818        3.4571961619
  2        5.6734885584       12.0699806136        3.4973248170
  1        5.3998611048       12.5464881245        3.5211703126
  1       27.6274482284        3.6535555274       18.3976673312
  2       27.3692901512        4.1076303315       18.2254161210
  1       27.1075695166        4.5640162169       18.0650595429
  1       15.2981159845        5.8721194794       20.5165531428
  2       15.1508078313        5.4866055731       20.1529883809
  1       15.0404305515        5.0820666761       19.7970879231
  1       25.6236504945       17.1099378475       24.8876360924
  2       25.0912741946       17.2214705744       24.8061748982
  1       24.5566119149       17.3324796260       24.7404996657
  1       20.8200767206       27.2103175084        5.7521130382
  2       21.1372540425       27.3365723806        6.1833418101
  1       21.4525701914       27.4595576338        6.6168742226
  1       24.4090914769       14.5453806877       21.7602372252
  2       24.4566251459       15.0928749297       21.7823868360
  1       24.5093758433       15.6387538461       21.8240230168
  1       18.3367176414        3.3397411431       19.3061816314
  2       18.6833452200        3.0493629694       18.9930844613
  1       19.0552572935        2.7762395376       18.6937769278
  1       13.6205788379       13.2920695170       19.8200999320
  2       13.4293868214       12.8643187397       20.1081535473
  1       13.2275839291       12.4447257804       20.4009287857
  1       26.8412085039       20.7837466979        4.2685752449
  2       26.6003225249       20.6839846665        3.7843010641
  1       26.3603238631       20.5514958691        3.3074915005
  1        5.9605700113        7.7383273594       14.9149974841
  2        5.4305078374        7.7671531910       15.0588834224
  1        4.8995293659        7.7842379176       15.2012560811
  1        3.4452295764       13.2048537746       20.5812327960
  2        3.0009585465       13.4531296329       20.3727085763
  1        2.5564467096       13.7082979613       20.1732133384
  1        7.8307801472       17.6095667390       11.1873021472
  2        7.2868764639       17.6539806862       11.2558308607
  1        6.7432737657       17.6598741805       11.3392656985
  1       25.0109099469       10.2093525618       22.4872719901
  2       24.9301846021        9.8126443846       22.8595703125
  1       24.8633870273        9.4238720583       23.2428380536
  1        0.0422578102       14.6783884622       26.5430356163
  2        0.3891806284       15.0868457181       26.4193132321
  1        0.7378884845       15.4999512337       26.3180874300
  1       24.2922639836        1.6032569979        4.5475309081
  2       24.4797468621        1.0904287015        4.4815209946
  1       24.6752254350        0.5809505067        4.4128180430
  1       22.9280192756       24.2792030112        4.7448209987
  2       23.1598546721       23.8083018854        4.9091513936
  1       23.4070996812       23.3455941031        5.0742919778
  1       20.0314577135       14.5887497202       26.7234461509
  2       19.8222618266       14.0893547566       26.8200988861
  1       19.6118043505       13.5911844574       26.9202687552
  1       15.0469896627        8.5676470676       17.9198665881
  2       15.5682845914        8.7004731108       18.0343604290
  1       16.0916470001        8.8308003533       18.1420943509
  1        9.8351411121        8.9958940032        6.4871230415
  2        9.3144871699        9.0166653946        6.6631571909
  1        8.8002141233        9.0512053954        6.8550692043
  1       21.7166988550       17.6105976666       12.9369410880
  2       21.7507435858       18.1544540199       13.0115146978
  1       21.7581421655       18.7003990772       13.0777661463
  1        3.6381234817        9.7103427697       17.8174762556
  2        3.2755272183       10.1201369301       17.7618642438
  1        2.9030978466       10.5220009615       17.7138885999
  1        8.1271794189        6.5540020118       11.7363437069
  2        7.9688981553        6.1976686542       11.3484344651
  1        7.8092020180        5.8424976678       10.9600394174
  1       15.0651387267       11.5552635996       15.7610666742
  2       14.7928472823       11.8053968882       16.1682407245
  1       14.5128056965       12.0577921502       16.5687071287
  1       13.6440808672       15.9442593154       21.8407438247
  2       13.8014722873       16.1158217640       22.3390351724
  1       13.9491301828       16.2898540652       22.8394449075
  1       17.5135918802       17.4228004384       19.6691002151
  2       17.2918859818       17.0429498557       19.3388578353
  1       17.0782680312       16.6623511894       19.0041758587
  1        0.6390178044       27.6718853961       19.9491770589
  2        0.1157991336       27.5093013511       19.9011286372
  1       -0.4094960700       27.3521540097       19.8578890596
  1       26.3335441286        2.4754563357        2.0087478693
  2       25.9711241984        2.3083879532        1.6302773292
  1       25.5829937940        2.1561088233        1.2715770995
  1       15.7330434916        3.3083472908        9.4706443236
  2       15.2544192736        3.1004423169        9.2968790225
  1       14.7849173917        2.8795596352        9.1144541813
  1        5.2304143600       23.5955536349       21.4536506520
  2        4.8117799099       23.2746295920       21.2979170464
  1        4.3902832210       22.9687134262       21.1211238348
  1        3.3064776109       17.8106978493       19.0799595904
  2        3.2709574167       17.3097747638       18.8556509230
  1        3.2699726402       16.8011081679       18.6464684109
  1       19.6462770047       12.7053547141        9.2829934070
  2       19.2645154602       12.6977600335        9.6788474760
  1       18.8660567650       12.6686320393       10.0568451310
  1       20.5256113098       13.6651184757       14.1510296660
  2       20.5650864836       14.2089328571       14.0788657603
  1       20.6546914769       14.7466977292       14.0062029332
  1       27.2126539442        2.1612123129        6.1120469918
  2       27.3431904327        2.6084910092        5.8198107980
  1       27.4663625748        3.0423405490        5.5050041919
  1       11.3153049499       13.7205253904       13.1765544952
  2       11.7326624513       13.8214225948       12.8328504506
  1       12.1628024047       13.9473918506       12.5140850729
  1       10.3512226654        3.8337050265       12.5132102627
  2        9.9896217981        3.6833767644       12.8994048074
  1        9.6398744399        3.5416506086       13.2995178929
  1       24.7033417015        2.5287269952       19.4451068043
  2       24.3738524706        2.2996551305       19.8212223815
  1       24.0471482597        2.0740918059       20.2018607193
  1       25.7033890358       24.1560266369        2.1234578461
  2       25.5265174994       24.5745276512        2.4334148764
  1       25.3684065792       24.9968258619        2.7483198734
  1       24.6686504336       25.6084299216       19.9971479032
  2       24.4279502469       26.0093976531       20.2866099878
  1       24.1772745818       26.3999861903       20.5817409833
  1       20.4345950597       17.7751924518        2.2465842456
  2       20.2541819813       17.2608165882        2.3198549224
  1       20.0727474088       16.7489009381        2.4065951214
  1       15.5395337637        3.1162531600       15.3723371981
  2       15.2698134270        2.7211786806       15.6437540281
  1       15.0308613168        2.3261861455       15.9427235672
  1       19.9619331166        4.9790410134        9.5122444105
  2       19.5273202639        5.1332219543        9.2125113530
  1       19.0961758185        5.2984310938        8.9136461553
  1       19.1684028041       23.0520280033       21.3957173976
  2       18.6812164782       23.0716111675       21.6502090154
  1       18.2005675752       23.0814299608       21.9173797892
  1       10.2252144868       12.5401290895        9.0796790680
  2       10.7622244835       12.5765579431        9.1927861061
  1       11.2985933956       12.6068977338        9.3106329826
  1        1.3129215851       24.5014960830        2.8563132064
  2        1.2614413804       23.9695255293        2.9861481730
  1        1.2163526336       23.4344041658        3.1049426602
  1       26.4709813386       24.5708809777       12.9825401996
  2       26.2255797399       25.0031179974       13.2180167678
  1       25.9782026068       25.4420006833       13.4386670364
  1       26.4147951379        7.5673591257       16.2640596179
  2       26.3209467526        7.9128589349       16.6815789138
  1       26.2187044368        8.2501344697       17.1038249576
  1       12.6905079576        4.9798985372       10.4584773522
  2       12.2885109578        5.1813075385       10.1417237788
  1       11.8922382407        5.3888306904        9.8217205380
  1       20.1097902631        6.1734049001       13.2690344695
  2       19.6292661510        5.9633121943       13.1033310218
  1       19.1462206991        5.7668884966       12.9284458555
  1        8.3402281577       19.1517985147       21.2199777179
  2        8.0821320664       19.0828917748       20.7392093029
  1        7.8177851791       19.0068175895       20.2629389590
  1        4.8105947641       16.3822088602        5.4831771471
  2        4.4131968631       16.0153809973        5.5832382648
  1        3.9992726644       15.6698700669        5.6918152129
  1       26.6006837185        3.0929059145       10.1048982817
  2       26.7512471323        2.6296718822        9.8494674891
  1       26.8971872534        2.1682539144        9.5881344850
  1        1.1484787012       17.0308887579        2.1495873690
  2        0.6271354648       16.8642355957        2.2036979350
  1        0.1034008505       16.7033825528        2.2519509282
  1       20.4963742813       14.6606943354       20.1105389922
  2       19.9612509103       14.5348461601       20.1280093823
  1       19.4259118825       14.4088651272       20.1344049774
  1        5.4915537737        8.7977385132        5.9164883261
  2        5.2361002820        9.2692403254        6.0386748830
  1        4.9951989334        9.7535516636        6.1382191795
  1        7.9944180247       25.6688276816       22.3408853259
  2        7.8470765922       26.1976818403       22.3741085275
  1        7.6786532297       26.7194559693       22.4175288941
  1        4.9392795521        0.3288688484       13.2518776788
  2        4.7841766611        0.4409522403       12.7362417545
  1        4.6356165521        0.5868289970       12.2271741118
  1        7.0208744740       21.6386417120       14.7360503072
  2        6.7491384197       21.9705512396       15.0802821800
  1        6.4946164861       22.3169540678       15.4233910037
  1       22.7108982592        2.9295821676       12.0197966550
  2       22.2372075624        3.1392321679       12.2046317197
  1       21.7659255473        3.3350569392       12.4096827381
  1       15.1222965116       18.7428622117       17.2671133372
  2       14.7131630752       18.7290795024       17.6344277368
  1       14.2962068204       18.7191623433       17.9929652251
  1       16.9993884320       26.7411079655       19.1345511571
  2       17.1903539268       26.4769095884       19.5775312890
  1       17.3735402798       26.2099904822       20.0221625405
  1        4.4651671387       26.9607817384       24.0776870625
  2        4.2339700116       27.4581618098       24.0369322708
  1        3.9730540129       27.9371992252       23.9666045008


Molecules in box 2
##############################################################################                                           
Moleculetype  1
Number-of-molecules: 2     
Atomtype         X                  Y                   Z
  1       11.2780704924       13.9689343610       28.4610103125
  2       11.1856193958       13.6045676956       28.8624947181
  1       11.0899840719       13.2366022198       29.2599306153
  1       28.9387513022        4.8081935074       32.0488835777
  2       29.4268493158        4.6885137149       31.8254175257
  1       29.9072668002        4.5315171872       31.6085048015


Number-of-fractionals:  1        
##############################################################################                                           
Fractional-type:      2
Box:                  1
Lambda:               0.665009
Reaction-Step         1 (only used if Type = 3 (RxMC))

Moleculetype  1
Atomtype         X                  Y                   Z
  1        1.2160993485        2.4670801554       15.1655958832
  2        1.7355341680        2.3507839189       15.0271666458
  1        2.2531644543        2.2518532022       14.8697766877

------------------------------------------------------------------------------                                           

