#   100 bins for weightfunction of N2                      
 0.0000000    0.6987109375E+001    0.5175000000E+001
 0.0101010    0.6955859375E+001    0.5152343750E+001
 0.0202020    0.6999218750E+001    0.5130859375E+001
 0.0303030    0.7091796875E+001    0.5163671875E+001
 0.0404040    0.7251171875E+001    0.5169140625E+001
 0.0505051    0.7458984375E+001    0.5206250000E+001
 0.0606061    0.7614843750E+001    0.5169531250E+001
 0.0707071    0.7836328125E+001    0.5209765625E+001
 0.0808081    0.8122265625E+001    0.5196484375E+001
 0.0909091    0.8354687500E+001    0.5216796875E+001
 0.1010101    0.8507421875E+001    0.5215625000E+001
 0.1111111    0.8636718750E+001    0.5135546875E+001
 0.1212121    0.8793750000E+001    0.5142968750E+001
 0.1313131    0.8805468750E+001    0.5172265625E+001
 0.1414141    0.8835546875E+001    0.5176562500E+001
 0.1515152    0.8796093750E+001    0.5164843750E+001
 0.1616162    0.8741406250E+001    0.5131640625E+001
 0.1717172    0.8687890625E+001    0.5163671875E+001
 0.1818182    0.8587890625E+001    0.5151953125E+001
 0.1919192    0.8433203125E+001    0.5132031250E+001
 0.2020202    0.8468359375E+001    0.5116796875E+001
 0.2121212    0.8285937500E+001    0.5186328125E+001
 0.2222222    0.8160546875E+001    0.5182421875E+001
 0.2323232    0.7951953125E+001    0.5160937500E+001
 0.2424242    0.7844921875E+001    0.5161718750E+001
 0.2525253    0.7513281250E+001    0.5164453125E+001
 0.2626263    0.7298828125E+001    0.5169140625E+001
 0.2727273    0.7130859375E+001    0.5131640625E+001
 0.2828283    0.6886718750E+001    0.5091406250E+001
 0.2929293    0.6560546875E+001    0.5130468750E+001
 0.3030303    0.6328906250E+001    0.5155468750E+001
 0.3131313    0.6077343750E+001    0.5092578125E+001
 0.3232323    0.5692968750E+001    0.5171875000E+001
 0.3333333    0.5468359375E+001    0.5137890625E+001
 0.3434343    0.5155859375E+001    0.5144140625E+001
 0.3535354    0.4891796875E+001    0.5147265625E+001
 0.3636364    0.4537109375E+001    0.5147265625E+001
 0.3737374    0.4272656250E+001    0.5139453125E+001
 0.3838384    0.4025781250E+001    0.5178515625E+001
 0.3939394    0.3706640625E+001    0.5105078125E+001
 0.4040404    0.3357421875E+001    0.5117968750E+001
 0.4141414    0.3023437500E+001    0.5176562500E+001
 0.4242424    0.2726953125E+001    0.5126562500E+001
 0.4343434    0.2392578125E+001    0.5142187500E+001
 0.4444444    0.2047265625E+001    0.5113281250E+001
 0.4545455    0.1755859375E+001    0.5145703125E+001
 0.4646465    0.1403515625E+001    0.5148828125E+001
 0.4747475    0.1069140625E+001    0.5115234375E+001
 0.4848485    0.7574218750E+000    0.5157812500E+001
 0.4949495    0.4109375000E+000    0.5109765625E+001
 0.5050505    0.2808593750E+000    0.5151953125E+001
 0.5151515    0.2988281250E+000    0.5136328125E+001
 0.5252525    0.2890625000E+000    0.5131640625E+001
 0.5353535    0.2574218750E+000    0.5156250000E+001
 0.5454545    0.2710937500E+000    0.5160937500E+001
 0.5555556    0.2921875000E+000    0.5142968750E+001
 0.5656566    0.2632812500E+000    0.5139843750E+001
 0.5757576    0.2605468750E+000    0.5138671875E+001
 0.5858586    0.2566406250E+000    0.5140234375E+001
 0.5959596    0.2355468750E+000    0.5135546875E+001
 0.6060606    0.1812500000E+000    0.5159375000E+001
 0.6161616    0.2500000000E+000    0.5119531250E+001
 0.6262626    0.2257812500E+000    0.5118750000E+001
 0.6363636    0.2726562500E+000    0.5157421875E+001
 0.6464646    0.2152343750E+000    0.5114453125E+001
 0.6565657    0.2109375000E+000    0.5157031250E+001
 0.6666667    0.2390625000E+000    0.5148046875E+001
 0.6767677    0.2699218750E+000    0.5135937500E+001
 0.6868687    0.2523437500E+000    0.5104296875E+001
 0.6969697    0.2113281250E+000    0.5091406250E+001
 0.7070707    0.2199218750E+000    0.5097656250E+001
 0.7171717    0.2074218750E+000    0.5147656250E+001
 0.7272727    0.2300781250E+000    0.5161718750E+001
 0.7373737    0.2007812500E+000    0.5118359375E+001
 0.7474747    0.2171875000E+000    0.5160937500E+001
 0.7575758    0.1757812500E+000    0.5118359375E+001
 0.7676768    0.1773437500E+000    0.5102343750E+001
 0.7777778    0.2144531250E+000    0.5133593750E+001
 0.7878788    0.1863281250E+000    0.5105468750E+001
 0.7979798    0.1625000000E+000    0.5120312500E+001
 0.8080808    0.1527343750E+000    0.5083984375E+001
 0.8181818    0.1500000000E+000    0.5109765625E+001
 0.8282828    0.1328125000E+000    0.5097656250E+001
 0.8383838    0.1109375000E+000    0.5075781250E+001
 0.8484848    0.1246093750E+000    0.5107812500E+001
 0.8585859    0.9570312500E-001    0.5119140625E+001
 0.8686869    0.1535156250E+000    0.5132812500E+001
 0.8787879    0.8437500000E-001    0.5078125000E+001
 0.8888889    0.1046875000E+000    0.5160546875E+001
 0.8989899    0.1019531250E+000    0.5127734375E+001
 0.9090909    0.9414062500E-001    0.5105468750E+001
 0.9191919    0.1031250000E+000    0.5137109375E+001
 0.9292929    0.5234375000E-001    0.5121484375E+001
 0.9393939    0.3203125000E-001    0.5089843750E+001
 0.9494949    0.5390625000E-001    0.5120703125E+001
 0.9595960    0.9296875000E-001    0.5143750000E+001
 0.9696970    0.2773437500E-001    0.5075781250E+001
 0.9797980    0.4296875000E-001    0.5136328125E+001
 0.9898990    0.0000000000E+000    0.5125000000E+001
 1.0000000    0.9375000000E-002    0.5147265625E+001


