Compiled using GNU Fortran (Ubuntu 9.4.0-1ubuntu1~20.04.2) 9.4.0 with all optimizations
Last Brick update unknown
Compiled at 16:28:53 on Sep  3 2023
Starting at 16:14:21 on Jan 01 2025

Settings
OK                      

Forcefield
OK                      

Topology
OK                      

Configuration
OK                      Starting from random configuration.

 F
Monte Carlo Simulation initialized.

#########################################################################################################################
###########################################   ENERGY STARTING CONFIGURATION   ###########################################
#########################################################################################################################
                                               Box 1               Box 2
-------------------------------------------------------------------------------------------------------------------------
Lennard Jones        
 Intermolecular                          0.1732379500E+008   0.2669785841E+006
 Tailcorrection                         -0.3853923754E+004  -0.5786579903E+002
Total Intermolecular                     0.1731994107E+008   0.2669207183E+006

Electrostatic        
 Real                                    0.1482125464E+004   0.3256556610E+004
 Exclusion                               0.1043425830E+008   0.2037985693E+007
 Selfterm                               -0.1044989240E+008  -0.2038978394E+007
 Fourier                                 0.1518695920E+005   0.9500063492E+003
Total Intermolecular                     0.1034981725E+004   0.3213861348E+004

Intramolecular       
 Lennard Jones                           0.0000000000E+000   0.0000000000E+000
 Electrostatic                           0.0000000000E+000   0.0000000000E+000
 Bending                                 0.9343375086E+007   0.3104111324E+007
 Torsion                                 0.0000000000E+000   0.0000000000E+000

Total                                    0.2666435114E+008   0.3374245904E+007

#########################################################################################################################

Simulation is running...



#########################################################################################################################
###############################################   RELATIVE ENERGY DRIFTS   ##############################################
#########################################################################################################################
                                               Box 1               Box 2                                                 
-------------------------------------------------------------------------------------------------------------------------

Lennard Jones        
 Intermolecular                          0.1590261303E-014   0.1516906506E-014
 Tailcorrection                          0.0000000000E+000   0.0000000000E+000

Electrostatic        
 Real                                    0.1526732145E-013   0.7010624043E-013
 Exclusion                               0.0000000000E+000   0.1189504774E-015
 Selfterm                                0.0000000000E+000   0.0000000000E+000
 Fourier                                 0.0000000000E+000   0.1541191230E-015

Intramolecular       
 Lennard Jones                           0.0000000000E+000   0.0000000000E+000
 Electrostatic                           0.0000000000E+000   0.0000000000E+000
 Bending                                 0.2715593314E-014   0.1480735865E-012
 Torsion                                 0.0000000000E+000   0.0000000000E+000

Total                                    0.1704121232E-014   0.1619984938E-012

#########################################################################################################################
############################################   TRIAL MOVE ACCEPTANCE RATES   ############################################
#########################################################################################################################
                                               Box 1               Box 2
-------------------------------------------------------------------------------------------------------------------------
Translation
 N2                                           0.49586             0.94215
-------------------------------------------------------------------------------------------------------------------------
Rotation
 N2                                           0.48997             0.99353
-------------------------------------------------------------------------------------------------------------------------
Bond Bending
 N2                      
  Bending 1                                   0.34163             0.34406
-------------------------------------------------------------------------------------------------------------------------
Lambda Move
 N2                                           0.73729             0.98897
-------------------------------------------------------------------------------------------------------------------------
GE Swap Fractional
 N2                                           0.30745             0.30511
-------------------------------------------------------------------------------------------------------------------------
GE Identity Change
 N2                                           0.79864             0.83928
-------------------------------------------------------------------------------------------------------------------------
Volume                                        0.49432             0.49432

#########################################################################################################################
######################################################   AVERAGES   #####################################################
#########################################################################################################################
                                                       Boltzmann                                    Biased
                                               Box 1               Box 2                  Box 1               Box 2      
-------------------------------------------------------------------------------------------------------------------------
Density
 N2                                      0.8212185313E+003   0.2500370316E+001      0.8222593510E+003   0.2511888346E+001
 Total                                   0.8212185313E+003   0.2500370316E+001      0.8222593510E+003   0.2511888346E+001

Number of molecules
 N2                                      0.3930234724E+003   0.6976527601E+001      0.3929897070E+003   0.7010293000E+001
 Total                                   0.3930234724E+003   0.6976527601E+001      0.3929897070E+003   0.7010293000E+001

Mole fractions
 N2                                           1.00000             1.00000                 1.00000             1.00000

Volume                                   0.2226524047E+005   0.1297347595E+006      0.2223516089E+005   0.1297648391E+006

#########################################################################################################################
#######################################   PROPERTIES FROM THE CFC GIBBS ENSEMBLE   ######################################
#########################################################################################################################
                                                       Boltzmann                                    Biased
                                               Box 1               Box 2                  Box 1               Box 2      
Chemical Potentials (as an indication)
=========================================================================================================================

Total N2                                -0.8903248460E+003  -0.8898325281E+003     -0.8902108514E+003  -0.8894188924E+003
 Ideal gas                              -0.3633112141E+003  -0.8848027504E+003     -0.3631972195E+003  -0.8843891147E+003
 Excess                                 -0.5270136319E+003  -0.5029777671E+001     -0.5270136319E+003  -0.5029777671E+001

-------------------------------------------------------------------------------------------------------------------------

#########################################################################################################################
##################################################   AVERAGE ENERGIES   #################################################
#########################################################################################################################
                                                       Boltzmann                                    Biased
                                               Box 1               Box 2                  Box 1               Box 2      
-------------------------------------------------------------------------------------------------------------------------
Lennard Jones        
 Intermolecular                         -0.2921818149E+006  -0.2764594115E+002     -0.2916387336E+006  -0.3051026491E+002
 Tailcorrection                         -0.8007766240E+004  -0.3148467728E+000     -0.7993798430E+004  -0.3465840485E+000
Total Intermolecular                    -0.3001895812E+006  -0.2796078792E+002     -0.2996325320E+006  -0.3085684896E+002

Electrostatic        
 Real                                   -0.6781824240E+004  -0.6188519044E+000     -0.6778527679E+004  -0.6491737094E+000
 Exclusion                               0.1369927754E+008   0.1423764804E+006      0.1368964506E+008   0.1446738327E+006
 Selfterm                               -0.1370175089E+008  -0.1423796049E+006     -0.1369211613E+008  -0.1446770440E+006
 Fourier                                 0.1164470382E+004   0.3215609266E+001      0.1163424247E+004   0.3268277600E+001
Total Intermolecular                    -0.8090699248E+004  -0.5277233179E+000     -0.8086174799E+004  -0.5921812955E+000

Intramolecular       
 Lennard Jones                           0.0000000000E+000   0.0000000000E+000      0.0000000000E+000   0.0000000000E+000
 Electrostatic                           0.0000000000E+000   0.0000000000E+000      0.0000000000E+000   0.0000000000E+000
 Bending                                 0.3555843755E+005   0.6320151826E+003      0.3551217320E+005   0.6764132204E+003
 Torsion                                 0.0000000000E+000   0.0000000000E+000      0.0000000000E+000   0.0000000000E+000

Total                                   -0.2727218429E+006   0.6035266714E+003     -0.2722065336E+006   0.6449641901E+003

#########################################################################################################################

No errors found in bookkeeping.

Total simulation time :  2 days and  11 hours

Simulation finished.

