#   100 bins for weightfunction of N2                      
 0.0000000    0.5198828125E+001    0.3458245850E+001
 0.0101010    0.5190209961E+001    0.3440283203E+001
 0.0202020    0.5242901611E+001    0.3482415771E+001
 0.0303030    0.5304040527E+001    0.3465496826E+001
 0.0404040    0.5385467529E+001    0.3479608154E+001
 0.0505051    0.5498034668E+001    0.3467883301E+001
 0.0606061    0.5641149902E+001    0.3454119873E+001
 0.0707071    0.5772613525E+001    0.3459191895E+001
 0.0808081    0.5957733154E+001    0.3469378662E+001
 0.0909091    0.6050775146E+001    0.3466339111E+001
 0.1010101    0.6172534180E+001    0.3446948242E+001
 0.1111111    0.6285034180E+001    0.3458959961E+001
 0.1212121    0.6341137695E+001    0.3455279541E+001
 0.1313131    0.6338336182E+001    0.3466625977E+001
 0.1414141    0.6389227295E+001    0.3443280029E+001
 0.1515152    0.6364807129E+001    0.3462854004E+001
 0.1616162    0.6314434814E+001    0.3461468506E+001
 0.1717172    0.6250842285E+001    0.3461108398E+001
 0.1818182    0.6193170166E+001    0.3457916260E+001
 0.1919192    0.6065667725E+001    0.3457061768E+001
 0.2020202    0.5973974609E+001    0.3426538086E+001
 0.2121212    0.5891998291E+001    0.3452868652E+001
 0.2222222    0.5758428955E+001    0.3444104004E+001
 0.2323232    0.5580377197E+001    0.3441271973E+001
 0.2424242    0.5449731445E+001    0.3415631104E+001
 0.2525253    0.5312158203E+001    0.3444958496E+001
 0.2626263    0.5109716797E+001    0.3439971924E+001
 0.2727273    0.4946539307E+001    0.3435333252E+001
 0.2828283    0.4770794678E+001    0.3447967529E+001
 0.2929293    0.4585681152E+001    0.3439617920E+001
 0.3030303    0.4376116943E+001    0.3436254883E+001
 0.3131313    0.4159667969E+001    0.3432427979E+001
 0.3232323    0.3955316162E+001    0.3437670898E+001
 0.3333333    0.3806188965E+001    0.3412011719E+001
 0.3434343    0.3565393066E+001    0.3431054687E+001
 0.3535354    0.3365258789E+001    0.3445544434E+001
 0.3636364    0.3171356201E+001    0.3404699707E+001
 0.3737374    0.2964508057E+001    0.3428216553E+001
 0.3838384    0.2745996094E+001    0.3436614990E+001
 0.3939394    0.2532183838E+001    0.3417590332E+001
 0.4040404    0.2319586182E+001    0.3432501221E+001
 0.4141414    0.2110516357E+001    0.3422363281E+001
 0.4242424    0.1871081543E+001    0.3433245850E+001
 0.4343434    0.1653021240E+001    0.3420312500E+001
 0.4444444    0.1432452393E+001    0.3420825195E+001
 0.4545455    0.1186560059E+001    0.3400787354E+001
 0.4646465    0.9681030273E+000    0.3408441162E+001
 0.4747475    0.7320861816E+000    0.3402703857E+001
 0.4848485    0.5026123047E+000    0.3400518799E+001
 0.4949495    0.2921752930E+000    0.3389508057E+001
 0.5050505    0.1932373047E+000    0.3395672607E+001
 0.5151515    0.1930847168E+000    0.3390698242E+001
 0.5252525    0.1718017578E+000    0.3388763428E+001
 0.5353535    0.1781921387E+000    0.3411859131E+001
 0.5454545    0.1704772949E+000    0.3406256104E+001
 0.5555556    0.1569580078E+000    0.3417218018E+001
 0.5656566    0.1649475098E+000    0.3395129395E+001
 0.5757576    0.1594726562E+000    0.3416662598E+001
 0.5858586    0.1589050293E+000    0.3422058105E+001
 0.5959596    0.1826721191E+000    0.3392761230E+001
 0.6060606    0.1438293457E+000    0.3375543213E+001
 0.6161616    0.1442138672E+000    0.3409643555E+001
 0.6262626    0.1274230957E+000    0.3395458984E+001
 0.6363636    0.1689208984E+000    0.3403045654E+001
 0.6464646    0.1603759766E+000    0.3405395508E+001
 0.6565657    0.1475708008E+000    0.3403240967E+001
 0.6666667    0.1543273926E+000    0.3387994385E+001
 0.6767677    0.1118896484E+000    0.3399658203E+001
 0.6868687    0.1286804199E+000    0.3422143555E+001
 0.6969697    0.1387084961E+000    0.3393432617E+001
 0.7070707    0.1452758789E+000    0.3420471191E+001
 0.7171717    0.1245788574E+000    0.3402172852E+001
 0.7272727    0.1172119141E+000    0.3406958008E+001
 0.7373737    0.1254150391E+000    0.3400451660E+001
 0.7474747    0.1152648926E+000    0.3404589844E+001
 0.7575758    0.1117553711E+000    0.3403332520E+001
 0.7676768    0.8825683594E-001    0.3392053223E+001
 0.7777778    0.9520874023E-001    0.3402368164E+001
 0.7878788    0.1122802734E+000    0.3423413086E+001
 0.7979798    0.7454833984E-001    0.3386590576E+001
 0.8080808    0.6946411133E-001    0.3389398193E+001
 0.8181818    0.9309082031E-001    0.3412426758E+001
 0.8282828    0.6950073242E-001    0.3390057373E+001
 0.8383838    0.7514038086E-001    0.3401770020E+001
 0.8484848    0.8240966797E-001    0.3420379639E+001
 0.8585859    0.7230224609E-001    0.3412786865E+001
 0.8686869    0.6917724609E-001    0.3408746338E+001
 0.8787879    0.5820922852E-001    0.3394610596E+001
 0.8888889    0.4380493164E-001    0.3387561035E+001
 0.8989899    0.4760742187E-001    0.3410418701E+001
 0.9090909    0.3124389648E-001    0.3390722656E+001
 0.9191919    0.2505493164E-001    0.3413189697E+001
 0.9292929    0.3853759766E-001    0.3421710205E+001
 0.9393939    0.2221679687E-001    0.3398187256E+001
 0.9494949    0.4919433594E-001    0.3426770020E+001
 0.9595960    0.1624145508E-001    0.3420855713E+001
 0.9696970    0.3242187500E-001    0.3408087158E+001
 0.9797980    0.0000000000E+000    0.3393389893E+001
 0.9898990    0.4937744141E-002    0.3401776123E+001
 1.0000000    0.7159423828E-002    0.3421929932E+001


