Compiled using GNU Fortran (Ubuntu 9.4.0-1ubuntu1~20.04.2) 9.4.0 with all optimizations
Last Brick update unknown
Compiled at 16:28:53 on Sep  3 2023
Starting at 15:05:01 on Dec 31 2024

Settings
OK                      

Forcefield
OK                      

Topology
OK                      

Configuration
OK                      Starting from random configuration.

 F
Monte Carlo Simulation initialized.

#########################################################################################################################
###########################################   ENERGY STARTING CONFIGURATION   ###########################################
#########################################################################################################################
                                               Box 1               Box 2
-------------------------------------------------------------------------------------------------------------------------
Lennard Jones        
 Intermolecular                          0.1790301392E+008   0.2174540587E+006
 Tailcorrection                         -0.4465362755E+004  -0.6704640302E+002
Total Intermolecular                     0.1789854856E+008   0.2173870123E+006

Electrostatic        
 Real                                    0.1219279377E+003   0.1997024610E+004
 Exclusion                               0.1043425830E+008   0.2037985693E+007
 Selfterm                               -0.1044989240E+008  -0.2038978394E+007
 Fourier                                 0.1446860288E+005   0.8916791018E+003
Total Intermolecular                    -0.1043572119E+004   0.1896002100E+004

Intramolecular       
 Lennard Jones                           0.0000000000E+000   0.0000000000E+000
 Electrostatic                           0.0000000000E+000   0.0000000000E+000
 Bending                                 0.9343375086E+007   0.3104111324E+007
 Torsion                                 0.0000000000E+000   0.0000000000E+000

Total                                    0.2724088007E+008   0.3323394339E+007

#########################################################################################################################

Simulation is running...



#########################################################################################################################
###############################################   RELATIVE ENERGY DRIFTS   ##############################################
#########################################################################################################################
                                               Box 1               Box 2                                                 
-------------------------------------------------------------------------------------------------------------------------

Lennard Jones        
 Intermolecular                          0.2460816385E-014   0.0000000000E+000
 Tailcorrection                          0.0000000000E+000   0.0000000000E+000

Electrostatic        
 Real                                    0.5559146390E-014   0.0000000000E+000
 Exclusion                               0.1337080205E-015   0.0000000000E+000
 Selfterm                                0.0000000000E+000   0.0000000000E+000
 Fourier                                 0.6718627631E-015   0.0000000000E+000

Intramolecular       
 Lennard Jones                           0.0000000000E+000   0.0000000000E+000
 Electrostatic                           0.0000000000E+000   0.0000000000E+000
 Bending                                 0.6354588895E-014   0.0000000000E+000
 Torsion                                 0.0000000000E+000   0.0000000000E+000

Total                                    0.1257070460E-013   0.0000000000E+000

#########################################################################################################################
############################################   TRIAL MOVE ACCEPTANCE RATES   ############################################
#########################################################################################################################
                                               Box 1               Box 2
-------------------------------------------------------------------------------------------------------------------------
Translation
 N2                                           0.49230             1.00000
-------------------------------------------------------------------------------------------------------------------------
Rotation
 N2                                           0.50423             1.00000
-------------------------------------------------------------------------------------------------------------------------
Bond Bending
 N2                      
  Bending 1                                   0.30124             0.30610
-------------------------------------------------------------------------------------------------------------------------
Lambda Move
 N2                                           0.78226             0.89239
-------------------------------------------------------------------------------------------------------------------------
GE Swap Fractional
 N2                                           0.06094             0.29806
-------------------------------------------------------------------------------------------------------------------------
GE Identity Change
 N2                                           0.03704             1.00000
-------------------------------------------------------------------------------------------------------------------------
Volume                                        0.50430             0.50430

#########################################################################################################################
######################################################   AVERAGES   #####################################################
#########################################################################################################################
                                                       Boltzmann                                    Biased
                                               Box 1               Box 2                  Box 1               Box 2      
-------------------------------------------------------------------------------------------------------------------------
Density
 N2                                      0.9203994995E+003   0.2207655543E-001      0.9204484196E+003   0.2159339539E-001
 Total                                   0.9203994995E+003   0.2207655543E-001      0.9204484196E+003   0.2159339539E-001

Number of molecules
 N2                                      0.3999374338E+003   0.6256624515E-001      0.3999388030E+003   0.6119700000E-001
 Total                                   0.3999374338E+003   0.6256624515E-001      0.3999388030E+003   0.6119700000E-001

Mole fractions
 N2                                           1.00000             1.00000                 1.00000             1.00000

Volume                                   0.2021386092E+005   0.1317861391E+006      0.2021285994E+005   0.1317871401E+006

#########################################################################################################################
#######################################   PROPERTIES FROM THE CFC GIBBS ENSEMBLE   ######################################
#########################################################################################################################
                                                       Boltzmann                                    Biased
                                               Box 1               Box 2                  Box 1               Box 2      
Chemical Potentials (as an indication)
=========================================================================================================================

Total N2                                -0.1019225332E+004  -0.1019623184E+004     -0.1019221611E+004  -0.1021172194E+004
 Ideal gas                              -0.2745940893E+003  -0.1019257371E+004     -0.2745903688E+003  -0.1020806381E+004
 Excess                                 -0.7446312425E+003  -0.3658125911E+000     -0.7446312425E+003  -0.3658125911E+000

-------------------------------------------------------------------------------------------------------------------------

#########################################################################################################################
##################################################   AVERAGE ENERGIES   #################################################
#########################################################################################################################
                                                       Boltzmann                                    Biased
                                               Box 1               Box 2                  Box 1               Box 2      
-------------------------------------------------------------------------------------------------------------------------
Lennard Jones        
 Intermolecular                         -0.4004724114E+006   0.0000000000E+000     -0.4003474243E+006   0.0000000000E+000
 Tailcorrection                         -0.1058292684E+005  -0.3994017901E-003     -0.1058005739E+005  -0.4110000519E-003
Total Intermolecular                    -0.4110553383E+006  -0.3994017901E-003     -0.4109274817E+006  -0.4110000519E-003

Electrostatic        
 Real                                   -0.1052872428E+005   0.0000000000E+000     -0.1052454715E+005   0.0000000000E+000
 Exclusion                               0.1394159475E+008   0.1277040793E+004      0.1393727577E+008   0.1259105292E+004
 Selfterm                               -0.1394409949E+008  -0.1277068499E+004     -0.1393977950E+008  -0.1259132845E+004
 Fourier                                 0.1034847340E+004   0.2832106001E-001      0.1034932795E+004   0.2791918447E-001
Total Intermolecular                    -0.1199860948E+005   0.6148286064E-003     -0.1199335170E+005   0.3664444276E-003

Intramolecular       
 Lennard Jones                           0.0000000000E+000   0.0000000000E+000      0.0000000000E+000   0.0000000000E+000
 Electrostatic                           0.0000000000E+000   0.0000000000E+000      0.0000000000E+000   0.0000000000E+000
 Bending                                 0.2818074807E+005   0.4663575344E+001      0.2818351093E+005   0.5190473579E+001
 Torsion                                 0.0000000000E+000   0.0000000000E+000      0.0000000000E+000   0.0000000000E+000

Total                                   -0.3948731997E+006   0.4663790770E+001     -0.3947373225E+006   0.5190429023E+001

#########################################################################################################################

No errors found in bookkeeping.

Total simulation time :  1 days and  22 hours

Simulation finished.

