#   100 bins for weightfunction of N2                      
 0.0000000    0.7583203125E+001    0.5745703125E+001
 0.0101010    0.7571093750E+001    0.5713671875E+001
 0.0202020    0.7673828125E+001    0.5750781250E+001
 0.0303030    0.7766406250E+001    0.5741796875E+001
 0.0404040    0.7856250000E+001    0.5692578125E+001
 0.0505051    0.8101171875E+001    0.5743359375E+001
 0.0606061    0.8356640625E+001    0.5744921875E+001
 0.0707071    0.8612109375E+001    0.5730859375E+001
 0.0808081    0.8888671875E+001    0.5692968750E+001
 0.0909091    0.9135937500E+001    0.5708984375E+001
 0.1010101    0.9447656250E+001    0.5760546875E+001
 0.1111111    0.9610156250E+001    0.5730078125E+001
 0.1212121    0.9756640625E+001    0.5712500000E+001
 0.1313131    0.9774218750E+001    0.5689843750E+001
 0.1414141    0.9854687500E+001    0.5680859375E+001
 0.1515152    0.9818750000E+001    0.5775781250E+001
 0.1616162    0.9753125000E+001    0.5729687500E+001
 0.1717172    0.9673046875E+001    0.5719140625E+001
 0.1818182    0.9602734375E+001    0.5734375000E+001
 0.1919192    0.9503906250E+001    0.5701562500E+001
 0.2020202    0.9435156250E+001    0.5716015625E+001
 0.2121212    0.9406250000E+001    0.5721093750E+001
 0.2222222    0.9272656250E+001    0.5685546875E+001
 0.2323232    0.9067187500E+001    0.5720312500E+001
 0.2424242    0.8806640625E+001    0.5720312500E+001
 0.2525253    0.8634375000E+001    0.5738671875E+001
 0.2626263    0.8459375000E+001    0.5686718750E+001
 0.2727273    0.8153515625E+001    0.5739453125E+001
 0.2828283    0.7897656250E+001    0.5703515625E+001
 0.2929293    0.7641796875E+001    0.5758203125E+001
 0.3030303    0.7354687500E+001    0.5731640625E+001
 0.3131313    0.7042968750E+001    0.5721484375E+001
 0.3232323    0.6693359375E+001    0.5717968750E+001
 0.3333333    0.6417968750E+001    0.5701562500E+001
 0.3434343    0.6093359375E+001    0.5743359375E+001
 0.3535354    0.5739453125E+001    0.5708203125E+001
 0.3636364    0.5426953125E+001    0.5688671875E+001
 0.3737374    0.5049609375E+001    0.5680859375E+001
 0.3838384    0.4796875000E+001    0.5695703125E+001
 0.3939394    0.4380859375E+001    0.5685546875E+001
 0.4040404    0.4062890625E+001    0.5731640625E+001
 0.4141414    0.3690625000E+001    0.5715234375E+001
 0.4242424    0.3271484375E+001    0.5773046875E+001
 0.4343434    0.2912109375E+001    0.5693359375E+001
 0.4444444    0.2573437500E+001    0.5736328125E+001
 0.4545455    0.2160937500E+001    0.5768359375E+001
 0.4646465    0.1682031250E+001    0.5725000000E+001
 0.4747475    0.1329687500E+001    0.5761718750E+001
 0.4848485    0.9648437500E+000    0.5701562500E+001
 0.4949495    0.5226562500E+000    0.5685937500E+001
 0.5050505    0.3242187500E+000    0.5743750000E+001
 0.5151515    0.3550781250E+000    0.5716406250E+001
 0.5252525    0.3437500000E+000    0.5746484375E+001
 0.5353535    0.3519531250E+000    0.5669531250E+001
 0.5454545    0.3730468750E+000    0.5719921875E+001
 0.5555556    0.3382812500E+000    0.5705859375E+001
 0.5656566    0.3589843750E+000    0.5692187500E+001
 0.5757576    0.4074218750E+000    0.5706640625E+001
 0.5858586    0.3296875000E+000    0.5701562500E+001
 0.5959596    0.3695312500E+000    0.5752343750E+001
 0.6060606    0.2996093750E+000    0.5696093750E+001
 0.6161616    0.3125000000E+000    0.5721093750E+001
 0.6262626    0.3324218750E+000    0.5772656250E+001
 0.6363636    0.3500000000E+000    0.5682812500E+001
 0.6464646    0.3394531250E+000    0.5769531250E+001
 0.6565657    0.2707031250E+000    0.5721875000E+001
 0.6666667    0.3246093750E+000    0.5722656250E+001
 0.6767677    0.2773437500E+000    0.5729687500E+001
 0.6868687    0.3085937500E+000    0.5661328125E+001
 0.6969697    0.3062500000E+000    0.5665234375E+001
 0.7070707    0.2949218750E+000    0.5702734375E+001
 0.7171717    0.2816406250E+000    0.5691796875E+001
 0.7272727    0.2828125000E+000    0.5729296875E+001
 0.7373737    0.2656250000E+000    0.5700000000E+001
 0.7474747    0.2406250000E+000    0.5696875000E+001
 0.7575758    0.2296875000E+000    0.5669140625E+001
 0.7676768    0.2492187500E+000    0.5683203125E+001
 0.7777778    0.2535156250E+000    0.5715625000E+001
 0.7878788    0.2246093750E+000    0.5698437500E+001
 0.7979798    0.2156250000E+000    0.5722656250E+001
 0.8080808    0.2187500000E+000    0.5699218750E+001
 0.8181818    0.1902343750E+000    0.5670703125E+001
 0.8282828    0.2074218750E+000    0.5703515625E+001
 0.8383838    0.2140625000E+000    0.5732812500E+001
 0.8484848    0.1707031250E+000    0.5698828125E+001
 0.8585859    0.1816406250E+000    0.5700000000E+001
 0.8686869    0.1765625000E+000    0.5710546875E+001
 0.8787879    0.1046875000E+000    0.5637890625E+001
 0.8888889    0.1175781250E+000    0.5698828125E+001
 0.8989899    0.1152343750E+000    0.5736328125E+001
 0.9090909    0.9882812500E-001    0.5670703125E+001
 0.9191919    0.8164062500E-001    0.5751171875E+001
 0.9292929    0.1136718750E+000    0.5693750000E+001
 0.9393939    0.6523437500E-001    0.5658203125E+001
 0.9494949    0.7382812500E-001    0.5699218750E+001
 0.9595960    0.5781250000E-001    0.5694921875E+001
 0.9696970    0.4960937500E-001    0.5687500000E+001
 0.9797980    0.5664062500E-001    0.5701953125E+001
 0.9898990    0.3203125000E-001    0.5661328125E+001
 1.0000000    0.0000000000E+000    0.5671875000E+001


