#   100 bins for weightfunction of N2                      
 0.0000000    0.7172656250E+001    0.5378906250E+001
 0.0101010    0.7203515625E+001    0.5374609375E+001
 0.0202020    0.7186718750E+001    0.5357421875E+001
 0.0303030    0.7289843750E+001    0.5377734375E+001
 0.0404040    0.7453515625E+001    0.5409375000E+001
 0.0505051    0.7503125000E+001    0.5368359375E+001
 0.0606061    0.7749609375E+001    0.5392968750E+001
 0.0707071    0.8009765625E+001    0.5424609375E+001
 0.0808081    0.8204296875E+001    0.5378906250E+001
 0.0909091    0.8355078125E+001    0.5359765625E+001
 0.1010101    0.8568750000E+001    0.5388281250E+001
 0.1111111    0.8658593750E+001    0.5387890625E+001
 0.1212121    0.8735156250E+001    0.5373046875E+001
 0.1313131    0.8774609375E+001    0.5385546875E+001
 0.1414141    0.8755859375E+001    0.5350390625E+001
 0.1515152    0.8693359375E+001    0.5363671875E+001
 0.1616162    0.8595312500E+001    0.5328125000E+001
 0.1717172    0.8473828125E+001    0.5333593750E+001
 0.1818182    0.8368750000E+001    0.5400390625E+001
 0.1919192    0.8180859375E+001    0.5390625000E+001
 0.2020202    0.7983203125E+001    0.5364453125E+001
 0.2121212    0.7816796875E+001    0.5384375000E+001
 0.2222222    0.7683984375E+001    0.5356640625E+001
 0.2323232    0.7500781250E+001    0.5355078125E+001
 0.2424242    0.7269140625E+001    0.5354687500E+001
 0.2525253    0.7047265625E+001    0.5354296875E+001
 0.2626263    0.6888281250E+001    0.5332812500E+001
 0.2727273    0.6696093750E+001    0.5403906250E+001
 0.2828283    0.6399218750E+001    0.5355468750E+001
 0.2929293    0.6251171875E+001    0.5359765625E+001
 0.3030303    0.5932812500E+001    0.5330859375E+001
 0.3131313    0.5589062500E+001    0.5357812500E+001
 0.3232323    0.5457812500E+001    0.5380468750E+001
 0.3333333    0.5206640625E+001    0.5361718750E+001
 0.3434343    0.4921484375E+001    0.5378906250E+001
 0.3535354    0.4664843750E+001    0.5335156250E+001
 0.3636364    0.4414843750E+001    0.5330859375E+001
 0.3737374    0.4091015625E+001    0.5326953125E+001
 0.3838384    0.3819140625E+001    0.5356640625E+001
 0.3939394    0.3474218750E+001    0.5357031250E+001
 0.4040404    0.3227734375E+001    0.5344921875E+001
 0.4141414    0.2908203125E+001    0.5364843750E+001
 0.4242424    0.2623437500E+001    0.5335156250E+001
 0.4343434    0.2338671875E+001    0.5287500000E+001
 0.4444444    0.2013671875E+001    0.5352343750E+001
 0.4545455    0.1722656250E+001    0.5385546875E+001
 0.4646465    0.1376562500E+001    0.5290625000E+001
 0.4747475    0.1093359375E+001    0.5356640625E+001
 0.4848485    0.7812500000E+000    0.5346875000E+001
 0.4949495    0.4640625000E+000    0.5317968750E+001
 0.5050505    0.3511718750E+000    0.5331640625E+001
 0.5151515    0.2964843750E+000    0.5366406250E+001
 0.5252525    0.3015625000E+000    0.5326171875E+001
 0.5353535    0.3000000000E+000    0.5333593750E+001
 0.5454545    0.3125000000E+000    0.5297656250E+001
 0.5555556    0.2820312500E+000    0.5314843750E+001
 0.5656566    0.2910156250E+000    0.5346093750E+001
 0.5757576    0.2921875000E+000    0.5332812500E+001
 0.5858586    0.3460937500E+000    0.5357812500E+001
 0.5959596    0.2859375000E+000    0.5371093750E+001
 0.6060606    0.2597656250E+000    0.5344531250E+001
 0.6161616    0.3015625000E+000    0.5358203125E+001
 0.6262626    0.2820312500E+000    0.5355078125E+001
 0.6363636    0.2597656250E+000    0.5316406250E+001
 0.6464646    0.3015625000E+000    0.5292187500E+001
 0.6565657    0.2742187500E+000    0.5259765625E+001
 0.6666667    0.3007812500E+000    0.5336718750E+001
 0.6767677    0.2515625000E+000    0.5294531250E+001
 0.6868687    0.2652343750E+000    0.5284765625E+001
 0.6969697    0.2265625000E+000    0.5319921875E+001
 0.7070707    0.2074218750E+000    0.5327734375E+001
 0.7171717    0.2652343750E+000    0.5304687500E+001
 0.7272727    0.2214843750E+000    0.5305078125E+001
 0.7373737    0.2484375000E+000    0.5282031250E+001
 0.7474747    0.2246093750E+000    0.5288281250E+001
 0.7575758    0.2121093750E+000    0.5297265625E+001
 0.7676768    0.2207031250E+000    0.5314453125E+001
 0.7777778    0.1945312500E+000    0.5249609375E+001
 0.7878788    0.2250000000E+000    0.5320703125E+001
 0.7979798    0.2039062500E+000    0.5310546875E+001
 0.8080808    0.1820312500E+000    0.5291015625E+001
 0.8181818    0.1347656250E+000    0.5271875000E+001
 0.8282828    0.1726562500E+000    0.5311718750E+001
 0.8383838    0.1855468750E+000    0.5353906250E+001
 0.8484848    0.1406250000E+000    0.5274609375E+001
 0.8585859    0.1296875000E+000    0.5283593750E+001
 0.8686869    0.1183593750E+000    0.5264843750E+001
 0.8787879    0.1214843750E+000    0.5272265625E+001
 0.8888889    0.9687500000E-001    0.5280078125E+001
 0.8989899    0.1035156250E+000    0.5241406250E+001
 0.9090909    0.1078125000E+000    0.5304687500E+001
 0.9191919    0.1019531250E+000    0.5314062500E+001
 0.9292929    0.9765625000E-001    0.5280859375E+001
 0.9393939    0.6132812500E-001    0.5303906250E+001
 0.9494949    0.5039062500E-001    0.5238671875E+001
 0.9595960    0.2187500000E-001    0.5230078125E+001
 0.9696970    0.3906250000E-001    0.5258203125E+001
 0.9797980    0.3789062500E-001    0.5289453125E+001
 0.9898990    0.2929687500E-001    0.5318750000E+001
 1.0000000    0.0000000000E+000    0.5305468750E+001


