Compiled using GNU Fortran (Ubuntu 9.4.0-1ubuntu1~20.04.2) 9.4.0 with all optimizations
Last Brick update unknown
Compiled at 16:28:53 on Sep  3 2023
Starting at 15:04:37 on Dec 31 2024

Settings
OK                      

Forcefield
OK                      

Topology
OK                      

Configuration
OK                      Starting from random configuration.

 F
Monte Carlo Simulation initialized.

#########################################################################################################################
###########################################   ENERGY STARTING CONFIGURATION   ###########################################
#########################################################################################################################
                                               Box 1               Box 2
-------------------------------------------------------------------------------------------------------------------------
Lennard Jones        
 Intermolecular                          0.1730764923E+008   0.3344474229E+006
 Tailcorrection                         -0.4379642141E+004  -0.6575932736E+002
Total Intermolecular                     0.1730326959E+008   0.3343816636E+006

Electrostatic        
 Real                                    0.9420643110E+003  -0.4179069392E+003
 Exclusion                               0.1043425830E+008   0.2037985693E+007
 Selfterm                               -0.1044989240E+008  -0.2038978394E+007
 Fourier                                 0.1446199458E+005   0.1028576773E+004
Total Intermolecular                    -0.2300440457E+003  -0.3820317783E+003

Intramolecular       
 Lennard Jones                           0.0000000000E+000   0.0000000000E+000
 Electrostatic                           0.0000000000E+000   0.0000000000E+000
 Bending                                 0.9343375086E+007   0.3104111324E+007
 Torsion                                 0.0000000000E+000   0.0000000000E+000

Total                                    0.2664641463E+008   0.3438110956E+007

#########################################################################################################################

Simulation is running...



#########################################################################################################################
###############################################   RELATIVE ENERGY DRIFTS   ##############################################
#########################################################################################################################
                                               Box 1               Box 2                                                 
-------------------------------------------------------------------------------------------------------------------------

Lennard Jones        
 Intermolecular                          0.4743260806E-014   0.1935296507E-015
 Tailcorrection                          0.0000000000E+000   0.0000000000E+000

Electrostatic        
 Real                                    0.1471726793E-013   0.6317895234E-013
 Exclusion                               0.0000000000E+000   0.0000000000E+000
 Selfterm                                0.0000000000E+000   0.0000000000E+000
 Fourier                                 0.5167893127E-015   0.4252771996E-015

Intramolecular       
 Lennard Jones                           0.0000000000E+000   0.0000000000E+000
 Electrostatic                           0.0000000000E+000   0.0000000000E+000
 Bending                                 0.1277003534E-014   0.1797625692E-013
 Torsion                                 0.0000000000E+000   0.0000000000E+000

Total                                    0.4340258164E-014   0.3939152055E-013

#########################################################################################################################
############################################   TRIAL MOVE ACCEPTANCE RATES   ############################################
#########################################################################################################################
                                               Box 1               Box 2
-------------------------------------------------------------------------------------------------------------------------
Translation
 N2                                           0.50669             0.90668
-------------------------------------------------------------------------------------------------------------------------
Rotation
 N2                                           0.49710             0.98877
-------------------------------------------------------------------------------------------------------------------------
Bond Bending
 N2                      
  Bending 1                                   0.37525             0.37891
-------------------------------------------------------------------------------------------------------------------------
Lambda Move
 N2                                           0.74198             0.98787
-------------------------------------------------------------------------------------------------------------------------
GE Swap Fractional
 N2                                           0.30378             0.31595
-------------------------------------------------------------------------------------------------------------------------
GE Identity Change
 N2                                           0.88054             0.84880
-------------------------------------------------------------------------------------------------------------------------
Volume                                        0.50153             0.50153

#########################################################################################################################
######################################################   AVERAGES   #####################################################
#########################################################################################################################
                                                       Boltzmann                                    Biased
                                               Box 1               Box 2                  Box 1               Box 2      
-------------------------------------------------------------------------------------------------------------------------
Density
 N2                                      0.7961399030E+003   0.4820045765E+001      0.7972073795E+003   0.4814113717E+001
 Total                                   0.7961399030E+003   0.4820045765E+001      0.7972073795E+003   0.4814113717E+001

Number of molecules
 N2                                      0.3865849133E+003   0.1341508671E+002      0.3865984490E+003   0.1340155100E+002
 Total                                   0.3865849133E+003   0.1341508671E+002      0.3865984490E+003   0.1340155100E+002

Mole fractions
 N2                                           1.00000             1.00000                 1.00000             1.00000

Volume                                   0.2259108411E+005   0.1294089159E+006      0.2256167475E+005   0.1294383252E+006

#########################################################################################################################
#######################################   PROPERTIES FROM THE CFC GIBBS ENSEMBLE   ######################################
#########################################################################################################################
                                                       Boltzmann                                    Biased
                                               Box 1               Box 2                  Box 1               Box 2      
Chemical Potentials (as an indication)
=========================================================================================================================

Total N2                                -0.1017831283E+004  -0.1017657026E+004     -0.1017683892E+004  -0.1017792487E+004
 Ideal gas                              -0.4474586150E+003  -0.1009227681E+004     -0.4473112241E+003  -0.1009363141E+004
 Excess                                 -0.5703726677E+003  -0.8429345702E+001     -0.5703726677E+003  -0.8429345702E+001

-------------------------------------------------------------------------------------------------------------------------

#########################################################################################################################
##################################################   AVERAGE ENERGIES   #################################################
#########################################################################################################################
                                                       Boltzmann                                    Biased
                                               Box 1               Box 2                  Box 1               Box 2      
-------------------------------------------------------------------------------------------------------------------------
Lennard Jones        
 Intermolecular                         -0.3147943434E+006  -0.1086097136E+003     -0.3142857720E+006  -0.1130814908E+003
 Tailcorrection                         -0.8677045289E+004  -0.1235362114E+001     -0.8663940534E+004  -0.1288937228E+001
Total Intermolecular                    -0.3234713887E+006  -0.1098450757E+003     -0.3229497125E+006  -0.1143704281E+003

Electrostatic        
 Real                                   -0.5127848498E+004  -0.1782565436E+001     -0.5127537998E+004  -0.1824153159E+001
 Exclusion                               0.1347432116E+008   0.2737563319E+006      0.1346686990E+008   0.2750376263E+006
 Selfterm                               -0.1347676590E+008  -0.2737624236E+006     -0.1346931278E+008  -0.2750437814E+006
 Fourier                                 0.1217268066E+004   0.6294019537E+001      0.1216540869E+004   0.6324169675E+001
Total Intermolecular                    -0.6355319882E+004  -0.1580211424E+001     -0.6353880270E+004  -0.1655084149E+001

Intramolecular       
 Lennard Jones                           0.0000000000E+000   0.0000000000E+000      0.0000000000E+000   0.0000000000E+000
 Electrostatic                           0.0000000000E+000   0.0000000000E+000      0.0000000000E+000   0.0000000000E+000
 Bending                                 0.4273487427E+005   0.1478087191E+004      0.4269150990E+005   0.1524564438E+004
 Torsion                                 0.0000000000E+000   0.0000000000E+000      0.0000000000E+000   0.0000000000E+000

Total                                   -0.2870918343E+006   0.1366661904E+004     -0.2866120829E+006   0.1408538926E+004

#########################################################################################################################

No errors found in bookkeeping.

Total simulation time :  1 days and  17 hours

Simulation finished.

