Compiled using GNU Fortran (Ubuntu 9.4.0-1ubuntu1~20.04.2) 9.4.0 with all optimizations
Last Brick update unknown
Compiled at 16:28:53 on Sep  3 2023
Starting at 15:06:47 on Dec 31 2024

Settings
OK                      

Forcefield
OK                      

Topology
OK                      

Configuration
OK                      Starting from random configuration.

 F
Monte Carlo Simulation initialized.

#########################################################################################################################
###########################################   ENERGY STARTING CONFIGURATION   ###########################################
#########################################################################################################################
                                               Box 1               Box 2
-------------------------------------------------------------------------------------------------------------------------
Lennard Jones        
 Intermolecular                          0.1817895810E+008   0.4838255788E+006
 Tailcorrection                         -0.4636799626E+004  -0.6962048891E+002
Total Intermolecular                     0.1817432130E+008   0.4837559583E+006

Electrostatic        
 Real                                    0.5084288410E+004  -0.5029169095E+003
 Exclusion                               0.1043425830E+008   0.2037985693E+007
 Selfterm                               -0.1044989240E+008  -0.2038978394E+007
 Fourier                                 0.1593070981E+005   0.8277966478E+003
Total Intermolecular                     0.5380895282E+004  -0.6678218736E+003

Intramolecular       
 Lennard Jones                           0.0000000000E+000   0.0000000000E+000
 Electrostatic                           0.0000000000E+000   0.0000000000E+000
 Bending                                 0.9343375086E+007   0.3104111324E+007
 Torsion                                 0.0000000000E+000   0.0000000000E+000

Total                                    0.2752307728E+008   0.3587199461E+007

#########################################################################################################################

Simulation is running...



#########################################################################################################################
###############################################   RELATIVE ENERGY DRIFTS   ##############################################
#########################################################################################################################
                                               Box 1               Box 2                                                 
-------------------------------------------------------------------------------------------------------------------------

Lennard Jones        
 Intermolecular                          0.0000000000E+000   0.0000000000E+000
 Tailcorrection                          0.0000000000E+000   0.0000000000E+000

Electrostatic        
 Real                                    0.0000000000E+000   0.0000000000E+000
 Exclusion                               0.0000000000E+000   0.0000000000E+000
 Selfterm                                0.0000000000E+000   0.0000000000E+000
 Fourier                                 0.0000000000E+000   0.0000000000E+000

Intramolecular       
 Lennard Jones                           0.0000000000E+000   0.0000000000E+000
 Electrostatic                           0.0000000000E+000   0.0000000000E+000
 Bending                                 0.0000000000E+000   0.0000000000E+000
 Torsion                                 0.0000000000E+000   0.0000000000E+000

Total                                    0.1361652867E-014   0.1111957623E-013

#########################################################################################################################
############################################   TRIAL MOVE ACCEPTANCE RATES   ############################################
#########################################################################################################################
                                               Box 1               Box 2
-------------------------------------------------------------------------------------------------------------------------
Translation
 N2                                           0.49652             0.96802
-------------------------------------------------------------------------------------------------------------------------
Rotation
 N2                                           0.49740             0.99698
-------------------------------------------------------------------------------------------------------------------------
Bond Bending
 N2                      
  Bending 1                                   0.35852             0.36269
-------------------------------------------------------------------------------------------------------------------------
Lambda Move
 N2                                           0.72611             0.99064
-------------------------------------------------------------------------------------------------------------------------
GE Swap Fractional
 N2                                           0.29080             0.30064
-------------------------------------------------------------------------------------------------------------------------
GE Identity Change
 N2                                           0.76451             0.80723
-------------------------------------------------------------------------------------------------------------------------
Volume                                        0.50150             0.50150

#########################################################################################################################
######################################################   AVERAGES   #####################################################
#########################################################################################################################
                                                       Boltzmann                                    Biased
                                               Box 1               Box 2                  Box 1               Box 2      
-------------------------------------------------------------------------------------------------------------------------
Density
 N2                                      0.8443288088E+003   0.1220012061E+001      0.8454626958E+003   0.1204362618E+001
 Total                                   0.8443288088E+003   0.1220012061E+001      0.8454626958E+003   0.1204362618E+001

Number of molecules
 N2                                      0.3965852932E+003   0.3414706777E+001      0.3966284270E+003   0.3371573000E+001
 Total                                   0.3965852932E+003   0.3414706777E+001      0.3966284270E+003   0.3371573000E+001

Mole fractions
 N2                                           1.00000             1.00000                 1.00000             1.00000

Volume                                   0.2185149741E+005   0.1301485026E+006      0.2182460399E+005   0.1301753960E+006

#########################################################################################################################
#######################################   PROPERTIES FROM THE CFC GIBBS ENSEMBLE   ######################################
#########################################################################################################################
                                                       Boltzmann                                    Biased
                                               Box 1               Box 2                  Box 1               Box 2      
Chemical Potentials (as an indication)
=========================================================================================================================

Total N2                                -0.1057343499E+004  -0.1057246339E+004     -0.1057209295E+004  -0.1058537365E+004
 Ideal gas                              -0.4009038516E+003  -0.1054871977E+004     -0.4007696472E+003  -0.1056163004E+004
 Excess                                 -0.6564396478E+003  -0.2374361457E+001     -0.6564396478E+003  -0.2374361457E+001

-------------------------------------------------------------------------------------------------------------------------

#########################################################################################################################
##################################################   AVERAGE ENERGIES   #################################################
#########################################################################################################################
                                                       Boltzmann                                    Biased
                                               Box 1               Box 2                  Box 1               Box 2      
-------------------------------------------------------------------------------------------------------------------------
Lennard Jones        
 Intermolecular                         -0.3685235974E+006  -0.8470486305E+001     -0.3679166986E+006  -0.9816730095E+001
 Tailcorrection                         -0.9995880992E+004  -0.9967520503E-001     -0.9980555438E+004  -0.1144520084E+000
Total Intermolecular                    -0.3785194784E+006  -0.8570161510E+001     -0.3778972540E+006  -0.9931182104E+001

Electrostatic        
 Real                                   -0.6393901193E+004  -0.1405857005E+000     -0.6395229777E+004  -0.1481857331E+000
 Exclusion                               0.1382351898E+008   0.6968724468E+005      0.1381637022E+008   0.7043571493E+005
 Selfterm                               -0.1382602093E+008  -0.6968878428E+005     -0.1381887033E+008  -0.7043730809E+005
 Fourier                                 0.1182707480E+004   0.1579641572E+001      0.1181869149E+004   0.1597013801E+001
Total Intermolecular                    -0.7713141603E+004  -0.1005481890E+000     -0.7713471061E+004  -0.1443288237E+000

Intramolecular       
 Lennard Jones                           0.0000000000E+000   0.0000000000E+000      0.0000000000E+000   0.0000000000E+000
 Electrostatic                           0.0000000000E+000   0.0000000000E+000      0.0000000000E+000   0.0000000000E+000
 Bending                                 0.3985473701E+005   0.3414768650E+003      0.3981609750E+005   0.3841336953E+003
 Torsion                                 0.0000000000E+000   0.0000000000E+000      0.0000000000E+000   0.0000000000E+000

Total                                   -0.3463778830E+006   0.3328061553E+003     -0.3457946276E+006   0.3740581844E+003

#########################################################################################################################

No errors found in bookkeeping.

Total simulation time :  2 days and  12 hours

Simulation finished.

