 0.0000000   0.3274361755E-003   0.5244354073E-001   0.1005988528E+001   0.1942278237E+001
 0.0101010   0.3316923150E-003   0.4688284364E-001   0.1006005991E+001   0.1600200594E+001
 0.0202020   0.3165729796E-003   0.5280589448E-001   0.1005731099E+001   0.1818443117E+001
 0.0303030   0.2871070079E-003   0.5050382219E-001   0.1016351009E+001   0.1758981128E+001
 0.0404040   0.2471902814E-003   0.5107473407E-001   0.1019911995E+001   0.1759636599E+001
 0.0505051   0.2027812395E-003   0.4674158709E-001   0.1000391917E+001   0.1608770634E+001
 0.0606061   0.1600155152E-003   0.5128841019E-001   0.1013402064E+001   0.1869912273E+001
 0.0707071   0.1209345466E-003   0.4756660722E-001   0.1007389611E+001   0.1754402613E+001
 0.0808081   0.9296785968E-004   0.5108599365E-001   0.1009998201E+001   0.1811947105E+001
 0.0909091   0.7051490023E-004   0.4822273365E-001   0.1001472834E+001   0.1556088368E+001
 0.1010101   0.5795409930E-004   0.5668277257E-001   0.1026707474E+001   0.1882659718E+001
 0.1111111   0.4833584373E-004   0.5484055176E-001   0.1017698578E+001   0.1623866035E+001
 0.1212121   0.4309856344E-004   0.6104560390E-001   0.1000908297E+001   0.1663292132E+001
 0.1313131   0.4143535084E-004   0.5952095442E-001   0.1009495410E+001   0.1573463243E+001
 0.1414141   0.4223808832E-004   0.9222824282E-001   0.1008649559E+001   0.1552615349E+001
 0.1515152   0.4447737617E-004   0.1078360678E+000   0.1010811834E+001   0.1827629496E+001
 0.1616162   0.4952009602E-004   0.1046383471E+000   0.9958660134E+000   0.1542548487E+001
 0.1717172   0.5586846625E-004   0.1182373607E+000   0.9972482394E+000   0.1476257859E+001
 0.1818182   0.6450205805E-004   0.1485269102E+000   0.1015325551E+001   0.1572690374E+001
 0.1919192   0.7720214589E-004   0.1989386085E+000   0.1001944064E+001   0.1723243279E+001
 0.2020202   0.9433677214E-004   0.2430920276E+000   0.9822663982E+000   0.1467775867E+001
 0.2121212   0.1151026308E-003   0.2993963248E+000   0.1007857209E+001   0.1570909841E+001
 0.2222222   0.1471387879E-003   0.2888970224E+000   0.1017502093E+001   0.1554053472E+001
 0.2323232   0.1868700024E-003   0.3905700056E+000   0.9937215983E+000   0.1414682709E+001
 0.2424242   0.2426061842E-003   0.5134401716E+000   0.9825293381E+000   0.1436401303E+001
 0.2525253   0.3169474904E-003   0.4712106053E+000   0.1004359881E+001   0.1392347776E+001
 0.2626263   0.4185288947E-003   0.5456975886E+000   0.1006827573E+001   0.1471923923E+001
 0.2727273   0.5591537039E-003   0.6148823334E+000   0.9976946556E+000   0.1451751067E+001
 0.2828283   0.7595230747E-003   0.7846181978E+000   0.1013765428E+001   0.1536297054E+001
 0.2929293   0.1018052459E-002   0.8503544403E+000   0.1000721680E+001   0.1363663579E+001
 0.3030303   0.1396098628E-002   0.1080177821E+001   0.1013979460E+001   0.1360307958E+001
 0.3131313   0.1932676853E-002   0.9098050224E+000   0.1011793929E+001   0.1490785837E+001
 0.3232323   0.2666076351E-002   0.1045363200E+001   0.1011022010E+001   0.1129728882E+001
 0.3333333   0.3712441480E-002   0.1073322272E+001   0.1001493969E+001   0.1354095657E+001
 0.3434343   0.5228228152E-002   0.1422198565E+001   0.1001094266E+001   0.1311910712E+001
 0.3535354   0.7356459679E-002   0.1356147310E+001   0.9993321584E+000   0.1220682833E+001
 0.3636364   0.1048594714E-001   0.1147091969E+001   0.1008490332E+001   0.1186529854E+001
 0.3737374   0.1496548714E-001   0.1323713066E+001   0.1017980931E+001   0.1128652735E+001
 0.3838384   0.2127130333E-001   0.1350943081E+001   0.1002199944E+001   0.1192096467E+001
 0.3939394   0.3056339100E-001   0.1226141129E+001   0.1011605637E+001   0.1042169684E+001
 0.4040404   0.4440492783E-001   0.1291164436E+001   0.9805825766E+000   0.9342908820E+000
 0.4141414   0.6442548586E-001   0.1295573329E+001   0.9883185028E+000   0.9055871182E+000
 0.4242424   0.9329079117E-001   0.1326163816E+001   0.1017847939E+001   0.1046963427E+001
 0.4343434   0.1363386066E+000   0.1479047160E+001   0.1000872946E+001   0.8682839649E+000
 0.4444444   0.1994868720E+000   0.1322888302E+001   0.1017391096E+001   0.8435130276E+000
 0.4545455   0.2931390995E+000   0.1413354932E+001   0.1011766731E+001   0.9055969013E+000
 0.4646465   0.4311860082E+000   0.1365534729E+001   0.1022267279E+001   0.7753342511E+000
 0.4747475   0.6362093468E+000   0.1384770186E+001   0.1008993457E+001   0.7895589521E+000
 0.4848485   0.9429413769E+000   0.1329277602E+001   0.1000085757E+001   0.7526079923E+000
 0.4949495   0.1396581569E+001   0.1453957745E+001   0.1010084915E+001   0.6552754270E+000
 0.5050505   0.1688580695E+001   0.1527336172E+001   0.1013929507E+001   0.6247128645E+000
 0.5151515   0.1694539530E+001   0.1373926698E+001   0.9705686219E+000   0.5832323060E+000
 0.5252525   0.1691236305E+001   0.1329059576E+001   0.1011888165E+001   0.6332731213E+000
 0.5353535   0.1696569902E+001   0.1246616164E+001   0.1001167781E+001   0.6414224857E+000
 0.5454545   0.1697183903E+001   0.1298772585E+001   0.1021029876E+001   0.7073022219E+000
 0.5555556   0.1704146884E+001   0.1312277172E+001   0.9952286848E+000   0.5851106709E+000
 0.5656566   0.1696814966E+001   0.1316879269E+001   0.9927363260E+000   0.6340362070E+000
 0.5757576   0.1700313289E+001   0.1309325114E+001   0.9925455886E+000   0.6716426379E+000
 0.5858586   0.1710690563E+001   0.1417697292E+001   0.1027466999E+001   0.6154971367E+000
 0.5959596   0.1715320055E+001   0.1331240863E+001   0.9881400862E+000   0.5993842876E+000
 0.6060606   0.1718813387E+001   0.1338127120E+001   0.9731981105E+000   0.5829877272E+000
 0.6161616   0.1722914925E+001   0.1293972421E+001   0.9891502593E+000   0.6132665783E+000
 0.6262626   0.1730779587E+001   0.1351660367E+001   0.1010161254E+001   0.6614975108E+000
 0.6363636   0.1737250867E+001   0.1430738444E+001   0.1018013111E+001   0.6126991556E+000
 0.6464646   0.1749057345E+001   0.1267236805E+001   0.1011642161E+001   0.6370885500E+000
 0.6565657   0.1753194946E+001   0.1339540453E+001   0.1015081487E+001   0.6462847116E+000
 0.6666667   0.1764201376E+001   0.1386399242E+001   0.9977788700E+000   0.5802288788E+000
 0.6767677   0.1772440426E+001   0.1395051974E+001   0.9973521130E+000   0.6419801253E+000
 0.6868687   0.1779619339E+001   0.1361856429E+001   0.9729285368E+000   0.5864803120E+000
 0.6969697   0.1798658957E+001   0.1247389748E+001   0.1000746272E+001   0.6185201302E+000
 0.7070707   0.1804061930E+001   0.1395743926E+001   0.9981198740E+000   0.6536122914E+000
 0.7171717   0.1815556643E+001   0.1303142837E+001   0.9857805636E+000   0.5960873659E+000
 0.7272727   0.1823178287E+001   0.1329221048E+001   0.9761853290E+000   0.6224920893E+000
 0.7373737   0.1841709634E+001   0.1359621146E+001   0.1007816762E+001   0.6113197314E+000
 0.7474747   0.1846532318E+001   0.1310958777E+001   0.9984629334E+000   0.5797201549E+000
 0.7575758   0.1862069857E+001   0.1317864994E+001   0.9851585052E+000   0.5819115807E+000
 0.7676768   0.1877815279E+001   0.1314551863E+001   0.1002623410E+001   0.6081695569E+000
 0.7777778   0.1896857573E+001   0.1400333484E+001   0.1007480989E+001   0.6236562843E+000
 0.7878788   0.1915463022E+001   0.1389972112E+001   0.9967627419E+000   0.6074553869E+000
 0.7979798   0.1926884134E+001   0.1363736779E+001   0.9947316734E+000   0.5875662417E+000
 0.8080808   0.1944872486E+001   0.1400330413E+001   0.9956829494E+000   0.6173168027E+000
 0.8181818   0.1958925563E+001   0.1369191533E+001   0.9844837888E+000   0.5962341131E+000
 0.8282828   0.1975831031E+001   0.1273238161E+001   0.9899001827E+000   0.5658378642E+000
 0.8383838   0.1990178046E+001   0.1288509222E+001   0.9897206157E+000   0.5578352470E+000
 0.8484848   0.2011814318E+001   0.1343863620E+001   0.9857189658E+000   0.5616898084E+000
 0.8585859   0.2031656721E+001   0.1502192762E+001   0.9868968310E+000   0.6751645722E+000
 0.8686869   0.2044885169E+001   0.1378820521E+001   0.9843564154E+000   0.6375874907E+000
 0.8787879   0.2068230436E+001   0.1447850703E+001   0.9907077731E+000   0.6347210276E+000
 0.8888889   0.2092130759E+001   0.1327280818E+001   0.9771295980E+000   0.5871749157E+000
 0.8989899   0.2122016345E+001   0.1365305955E+001   0.9734984527E+000   0.5750242426E+000
 0.9090909   0.2124978538E+001   0.1278370226E+001   0.9847957939E+000   0.5473085770E+000
 0.9191919   0.2150485915E+001   0.1394475176E+001   0.9887557732E+000   0.6130219996E+000
 0.9292929   0.2175471736E+001   0.1532472332E+001   0.1003447306E+001   0.6684924635E+000
 0.9393939   0.2203570348E+001   0.1411147543E+001   0.9962730072E+000   0.6412855216E+000
 0.9494949   0.2218331560E+001   0.1463406836E+001   0.9987360100E+000   0.6172776701E+000
 0.9595960   0.2233375988E+001   0.1410262898E+001   0.9745174442E+000   0.5801408304E+000
 0.9696970   0.2259691069E+001   0.1396005455E+001   0.9826491082E+000   0.6054400579E+000
 0.9797980   0.2287858268E+001   0.1245379657E+001   0.9644288424E+000   0.5359894718E+000
 0.9898990   0.2302200499E+001   0.1303108035E+001   0.9876761881E+000   0.5628050876E+000
 1.0000000   0.2326916984E+001   0.1408631283E+001   0.9910004036E+000   0.5983081411E+000


