Compiled using GNU Fortran (Ubuntu 9.4.0-1ubuntu1~20.04.2) 9.4.0 with all optimizations
Last Brick update unknown
Compiled at 16:28:53 on Sep  3 2023
Starting at 15:05:01 on Dec 31 2024

Settings
OK                      

Forcefield
OK                      

Topology
OK                      

Configuration
OK                      Starting from random configuration.

 F
Monte Carlo Simulation initialized.

#########################################################################################################################
###########################################   ENERGY STARTING CONFIGURATION   ###########################################
#########################################################################################################################
                                               Box 1               Box 2
-------------------------------------------------------------------------------------------------------------------------
Lennard Jones        
 Intermolecular                          0.2453708788E+008   0.2641589949E+006
 Tailcorrection                         -0.4465362755E+004  -0.6704640302E+002
Total Intermolecular                     0.2453262251E+008   0.2640919485E+006

Electrostatic        
 Real                                    0.1356593096E+005   0.1290097008E+004
 Exclusion                               0.1043425830E+008   0.2037985693E+007
 Selfterm                               -0.1044989240E+008  -0.2038978394E+007
 Fourier                                 0.1562027636E+005   0.9167456552E+003
Total Intermolecular                     0.1355210438E+005   0.1214141051E+004

Intramolecular       
 Lennard Jones                           0.0000000000E+000   0.0000000000E+000
 Electrostatic                           0.0000000000E+000   0.0000000000E+000
 Bending                                 0.9343375086E+007   0.3104111324E+007
 Torsion                                 0.0000000000E+000   0.0000000000E+000

Total                                    0.3388954970E+008   0.3369417414E+007

#########################################################################################################################

Simulation is running...



#########################################################################################################################
###############################################   RELATIVE ENERGY DRIFTS   ##############################################
#########################################################################################################################
                                               Box 1               Box 2                                                 
-------------------------------------------------------------------------------------------------------------------------

Lennard Jones        
 Intermolecular                          0.1888795327E-014   0.0000000000E+000
 Tailcorrection                          0.0000000000E+000   0.0000000000E+000

Electrostatic        
 Real                                    0.1141661552E-013   0.0000000000E+000
 Exclusion                               0.0000000000E+000   0.0000000000E+000
 Selfterm                                0.0000000000E+000   0.0000000000E+000
 Fourier                                 0.2438432762E-015   0.0000000000E+000

Intramolecular       
 Lennard Jones                           0.0000000000E+000   0.0000000000E+000
 Electrostatic                           0.0000000000E+000   0.0000000000E+000
 Bending                                 0.1905995521E-014   0.0000000000E+000
 Torsion                                 0.0000000000E+000   0.0000000000E+000

Total                                    0.1478297520E-015   0.0000000000E+000

#########################################################################################################################
############################################   TRIAL MOVE ACCEPTANCE RATES   ############################################
#########################################################################################################################
                                               Box 1               Box 2
-------------------------------------------------------------------------------------------------------------------------
Translation
 N2                                           0.49868             1.00000
-------------------------------------------------------------------------------------------------------------------------
Rotation
 N2                                           0.48959             1.00000
-------------------------------------------------------------------------------------------------------------------------
Bond Bending
 N2                      
  Bending 1                                   0.30097             0.31599
-------------------------------------------------------------------------------------------------------------------------
Lambda Move
 N2                                           0.79195             0.88832
-------------------------------------------------------------------------------------------------------------------------
GE Swap Fractional
 N2                                           0.03802             0.29813
-------------------------------------------------------------------------------------------------------------------------
GE Identity Change
 N2                                           0.03571             1.00000
-------------------------------------------------------------------------------------------------------------------------
Volume                                        0.49890             0.49890

#########################################################################################################################
######################################################   AVERAGES   #####################################################
#########################################################################################################################
                                                       Boltzmann                                    Biased
                                               Box 1               Box 2                  Box 1               Box 2      
-------------------------------------------------------------------------------------------------------------------------
Density
 N2                                      0.9202676157E+003   0.1049769658E-001      0.9202845635E+003   0.1042766481E-001
 Total                                   0.9202676157E+003   0.1049769658E-001      0.9202845635E+003   0.1042766481E-001

Number of molecules
 N2                                      0.3999702516E+003   0.2974835986E-001      0.3999704500E+003   0.2955000000E-001
 Total                                   0.3999702516E+003   0.2974835986E-001      0.3999704500E+003   0.2955000000E-001

Mole fractions
 N2                                           1.00000             1.00000                 1.00000             1.00000

Volume                                   0.2021841360E+005   0.1317815864E+006      0.2021804772E+005   0.1317819523E+006

#########################################################################################################################
#######################################   PROPERTIES FROM THE CFC GIBBS ENSEMBLE   ######################################
#########################################################################################################################
                                                       Boltzmann                                    Biased
                                               Box 1               Box 2                  Box 1               Box 2      
Chemical Potentials (as an indication)
=========================================================================================================================

Total N2                                -0.1071719372E+004  -0.1066733232E+004     -0.1071718083E+004  -0.1067201778E+004
 Ideal gas                              -0.2746041203E+003  -0.1071292596E+004     -0.2746028312E+003  -0.1071761141E+004
 Excess                                 -0.7971152521E+003   0.4559363314E+001     -0.7971152521E+003   0.4559363314E+001

-------------------------------------------------------------------------------------------------------------------------

#########################################################################################################################
##################################################   AVERAGE ENERGIES   #################################################
#########################################################################################################################
                                                       Boltzmann                                    Biased
                                               Box 1               Box 2                  Box 1               Box 2      
-------------------------------------------------------------------------------------------------------------------------
Lennard Jones        
 Intermolecular                         -0.4004318821E+006   0.0000000000E+000     -0.4003196768E+006   0.0000000000E+000
 Tailcorrection                         -0.1058228735E+005  -0.1899165830E-003     -0.1057964869E+005  -0.1987307593E-003
Total Intermolecular                    -0.4110141695E+006  -0.1899165830E-003     -0.4108993255E+006  -0.1987307593E-003

Electrostatic        
 Real                                   -0.1053982587E+005   0.0000000000E+000     -0.1052989084E+005   0.0000000000E+000
 Exclusion                               0.1394278588E+008   0.6071968873E+003      0.1393855009E+008   0.6079212552E+003
 Selfterm                               -0.1394529084E+008  -0.6072100572E+003     -0.1394105408E+008  -0.6079345498E+003
 Fourier                                 0.1034780452E+004   0.1346240456E-001      0.1035167058E+004   0.1347497571E-001
Total Intermolecular                    -0.1201000623E+005   0.2925035630E-003     -0.1199871805E+005   0.1803724705E-003

Intramolecular       
 Lennard Jones                           0.0000000000E+000   0.0000000000E+000      0.0000000000E+000   0.0000000000E+000
 Electrostatic                           0.0000000000E+000   0.0000000000E+000      0.0000000000E+000   0.0000000000E+000
 Bending                                 0.2819085199E+005   0.2206591571E+001      0.2819511487E+005   0.2511652817E+001
 Torsion                                 0.0000000000E+000   0.0000000000E+000      0.0000000000E+000   0.0000000000E+000

Total                                   -0.3948333237E+006   0.2206694158E+001     -0.3947029287E+006   0.2511634459E+001

#########################################################################################################################

No errors found in bookkeeping.

Total simulation time :  1 days and  21 hours

Simulation finished.

