Simulation state at cycle:    1100000
##############################################################################                                           

Number-of-molecules: 401   

Box-size(s):    27.296439   50.872879

------------------------------------------------------------------------------                                           

Deltas
Translation per molecule type
Box 1    0.3985572906E+000
Box 2    0.2546713512E+002

Rotation per molecule type
Box 1    0.6390417279E+002
Box 2    0.1800000000E+003

Volume    Delta_Volume
Box 1   0.2488378052E+003
Box 2   0.1152026876E+004

------------------------------------------------------------------------------                                           

Molecules in box 1
##############################################################################                                           
Moleculetype  1
Number-of-molecules: 400   
Atomtype         X                  Y                   Z
  1        1.2556904483        7.1134215518        5.4293012085
  2        0.8552247928        7.4565209043        5.2730639112
  1        0.4520684364        7.8000528998        5.1249061597
  1        5.0490983859       15.4501730381       22.4376261714
  2        5.5144494533       15.5905809385       22.1802664899
  1        5.9924863976       15.7149025431       21.9383474592
  1       12.7397557718       21.6436704626       10.2212684545
  2       13.0351545780       22.0447436526       10.4544633120
  1       13.3271800343       22.4525102068       10.6801789941
  1       27.1386551802       25.0850736332        9.0565228928
  2       27.0838702760       24.8056043455        8.5859960269
  1       27.0308927985       24.5081058007        8.1264440693
  1       18.1495307854       12.1381690644       24.1465992572
  2       17.8747310005       12.1251597732       23.6703473947
  1       17.6071802661       12.1182572027       23.1898591451
  1       20.6535872785       12.6271381178       20.9385388165
  2       20.5869721883       12.9702084418       21.3632330389
  1       20.5376341720       13.3096356398       21.7931806362
  1       25.3593569247       20.3681978322       23.3179455033
  2       24.8321132358       20.5220756900       23.3468539341
  1       24.3084239980       20.6884134227       23.3709649242
  1        1.3946739443        9.5701131758       16.0354685917
  2        1.5482624447        9.5543450440       15.5075841928
  1        1.7161974923        9.5200209159       14.9849756653
  1       15.4921868488        5.2220565569        4.8021257490
  2       15.9740838872        5.4610631433        4.6874475206
  1       16.4585353333        5.6951951398        4.5734782107
  1       20.4163783829       15.0997798472       15.4464902969
  2       20.8633311614       14.7803924820       15.4195658709
  1       21.3143557117       14.4673562790       15.3866236544
  1       16.8152630029       24.0579947863       25.4601236246
  2       16.9774219044       23.5553645204       25.3066071549
  1       17.1534643929       23.0580571630       25.1510615552
  1       16.6125119626       17.4408600388        6.1279747520
  2       17.0451134193       17.6576915514        5.8665554054
  1       17.4765167575       17.8857497301        5.6128220298
  1       26.3516467505       25.9548150238       13.1820909922
  2       26.0943306895       25.5824390302       13.4945402908
  1       25.8598832369       25.2204699589       13.8358799784
  1       22.6541644063       17.6416871419       10.2233370167
  2       23.2022419307       17.6032242237       10.2484692910
  1       23.7494809660       17.5857919503       10.3006761206
  1       23.8842904430        5.2474384752        2.2791847780
  2       23.9541307968        5.1309063685        1.7462283135
  1       24.0011280563        5.0162314569        1.2103729960
  1       16.1957945312       14.2496547866        3.3567164848
  2       16.4732394318       13.7814812353        3.2771058514
  1       16.7453809582       13.3079873469        3.2119711739
  1       22.2399322223        6.5662765353       18.7392393520
  2       22.2830132604        6.3026220436       18.2584791902
  1       22.3519586622        6.0477456028       17.7760016981
  1       15.8036979797        3.5859135393       24.9705111793
  2       15.9993472022        4.0200715361       24.6953235787
  1       16.2048694891        4.4630746361       24.4423238910
  1        7.6467757160       21.5190391001        2.7283647503
  2        7.3218878696       21.1489207065        2.9732325962
  1        6.9887859524       20.7761067895        3.2024767785
  1       16.2058477099       26.2664500216        0.9788952945
  2       16.2822232008       26.7769150689        1.1688748196
  1       16.3634832254       27.2844818231        1.3645091658
  1       12.7403478616       18.2193875109       11.9727816247
  2       12.3080673307       18.2350308732       11.6330923140
  1       11.8706991364       18.2298102658       11.2996529540
  1       19.2859452604       15.8566928434       11.5636519707
  2       19.5525995771       15.6244729906       11.9849231605
  1       19.8160124214       15.3585534942       12.3879126068
  1       14.3128542317        3.3006566706       15.8050725040
  2       14.3882743505        3.7898265118       16.0449155197
  1       14.4519389898        4.2929317109       16.2578285801
  1        0.7626324757        4.3769428718        2.3671693275
  2        0.8861177274        4.9010326973        2.2550031679
  1        1.0344331421        5.4209308852        2.1539664864
  1       16.6905934131       23.4471931372       18.0613272480
  2       16.9792054040       23.1099452819       18.3860840844
  1       17.2459344519       22.7599974578       18.7160721665
  1        3.5287177883        3.5034499268        6.0746970115
  2        3.4328521676        3.8939419486        5.6994294220
  1        3.3368656238        4.2837450367        5.3234771180
  1       13.6875264605       15.6417629294        5.4371954918
  2       13.5791622936       15.9529662079        4.9968436702
  1       13.4797596061       16.2686292953        4.5575534245
  1       24.6320947162       21.7250408135       13.0289763848
  2       25.1372334420       21.8560409763       13.2026825303
  1       25.6374488611       22.0033751815       13.3775458068
  1       17.5370211515        4.8473302484       14.5293540809
  2       17.8765731240        5.2605159263       14.4009716307
  1       18.2016338476        5.6800275950       14.2565919755
  1       11.5365210036       12.6618387456       25.1324332491
  2       11.6084535732       13.0641013022       25.5005508132
  1       11.6656147662       13.4654433943       25.8722457447
  1       21.3982933082        1.1339996164        7.4136402006
  2       21.7486073958        0.9829534888        7.8098284228
  1       22.1186815946        0.8325125183        8.1878662526
  1        9.4616010150        0.7282413686       21.6570005434
  2        9.7731023894        1.0546689720       21.9715031880
  1       10.0903605462        1.3831204532       22.2780433736
  1        2.2377344663        6.2161295665       15.1855354254
  2        2.1660685934        6.2421223038       15.7302265124
  1        2.0966728068        6.2735172570       16.2749269628
  1        1.7860660726       11.4143476849       26.8159240191
  2        1.7097012363       11.8631125876       27.1245961329
  1        1.6480935996       12.3145579398       27.4326571530
  1       20.7697506344       22.8455115278       18.7793685362
  2       20.7945209173       23.3922110009       18.8341966234
  1       20.8028695900       23.9394089653       18.8890116440
  1        1.8701096436       19.6568559915       12.2729194231
  2        2.2365974352       19.6121438332       11.8652583856
  1        2.6042104099       19.5726472060       11.4580720446
  1       17.4507503261       23.0805819224       11.0621095331
  2       17.8594644797       23.1063960624       11.4292421669
  1       18.2735165921       23.1008692991       11.7912232467
  1       14.5999787493       26.9639782687       15.5099100289
  2       15.1347609735       27.0908678843       15.4897358350
  1       15.6646963927       27.2380225133       15.4859987699
  1       24.9181679252       18.2744434455       20.6334022872
  2       25.4486408401       18.1465694444       20.5645057968
  1       25.9817951646       18.0162233522       20.5290606059
  1       23.5645117454       11.0105518468       14.8692679062
  2       23.6167287802       11.4780258637       15.1542967203
  1       23.6646677344       11.9500909204       15.4324269736
  1        1.2682760701       17.0387485554       23.2739680897
  2        0.8556988295       16.7063384732       23.4215606297
  1        0.4306206877       16.3819984344       23.5504486102
  1       20.3089518256       27.1207837242       11.1266831213
  2       20.0989182159       26.6685605197       11.3588039003
  1       19.8981097809       26.2180990926       11.6022386434
  1       20.9188547235       15.1861662706        5.1914718286
  2       20.4231474107       15.2698325047        4.9683704584
  1       19.9173863646       15.3547960668        4.7696572069
  1       24.4020695555        7.5117915955       22.1110737245
  2       23.9350675321        7.2259495353       22.0590792369
  1       23.4740469244        6.9290564978       22.0164820230
  1       12.8916266542       17.2950992200       24.9191755357
  2       12.3720147104       17.2379351591       25.0901600321
  1       11.8494069158       17.1768400692       25.2503114666
  1       24.6669697519        7.2409290101       14.4935079250
  2       24.7598291489        7.5816675563       14.9151409118
  1       24.8882410481        7.9082524803       15.3386414083
  1       10.5972541743       16.0010064805        1.2175778693
  2       10.7321495565       16.1543672701        1.7282477275
  1       10.8867280928       16.3196390371        2.2295367840
  1       14.1625998287       20.4688013370       20.1111837915
  2       14.1822525452       21.0172848102       20.1469559923
  1       14.2211826141       21.5645676987       20.1852429180
  1        0.6670268285       18.8830383889        0.9552687038
  2        0.4509520172       19.1341391414        1.3943132209
  1        0.2396640486       19.3705612252        1.8437150362
  1       10.3630157666       11.0374066219       22.6652066632
  2       10.8420162234       10.9817304552       22.4007095425
  1       11.3230007421       10.9289113467       22.1392443757
  1        5.7234696048       23.3187406760        6.3958170558
  2        5.6106558733       23.4052206069        5.8645033221
  1        5.5007424984       23.5016940796        5.3343034371
  1       10.3906244013        9.8904500387        3.9466986779
  2       10.3604673811        9.3417626777        3.9236176457
  1       10.3233315796        8.7948096451        3.8793083771
  1       18.1991837152        6.2686340748       10.7769332403
  2       17.7467877402        6.4820820528       11.0055767238
  1       17.3107073910        6.7052470408       11.2556393482
  1       24.1595258759       12.0448596821       22.0359278774
  2       24.0981387664       11.7837148452       22.5160684787
  1       24.0568042827       11.5210397820       22.9975176147
  1       15.5300169585       22.1080183944        0.7305869576
  2       15.6196794084       22.4744568853        1.1308162388
  1       15.7312384157       22.8334809891        1.5322589866
  1       12.4317968863        5.7095691510       26.1497846759
  2       12.1067237821        5.9991098869       26.4859299409
  1       11.7983469437        6.3004916346       26.8273574832
  1       12.9048242273       14.9280035144        8.7360026625
  2       12.6187915380       15.3169112496        8.9995099190
  1       12.3586948763       15.7237967692        9.2627472633
  1        8.0244144054       25.3636935471        3.5649245840
  2        8.0082085630       25.9134473137        3.5677823411
  1        8.0079772457       26.4634468522        3.5671092163
  1       25.6413166583        0.1320501805       17.5585778364
  2       25.7338443888        0.1195621367       17.0165606154
  1       25.8160495835        0.0910157504       16.4734884206
  1        5.0063271686       13.6283859576       25.0931956178
  2        5.1595249327       13.1164574137       25.2234246893
  1        5.3262731014       12.6092744274       25.3555627445
  1       19.4409984066        6.4136002318       25.2956287673
  2       19.7052721757        6.2689550176       24.8354797295
  1       19.9965724417        6.1455081802       24.3855852615
  1       22.9451573174       20.3894242427        1.0013808018
  2       22.9248163201       20.3706043816        0.4520793757
  1       22.9264616106       20.3334912859       -0.0966645629
  1        1.7794804642       13.2753836502       23.8174941055
  2        1.8742820420       13.3166701941       23.2773014712
  1        1.9712641678       13.3581315452       22.7375094533
  1        3.2253641248       12.6512278993        5.4211202032
  2        3.4698945141       12.4207861958        5.8565527583
  1        3.6952085697       12.1811273662        6.2973443425
  1       26.3264965371        1.0494256900        5.6697196259
  2       25.8243981527        1.1636438857        5.8629847708
  1       25.3296504853        1.2789039213        6.0737924289
  1        9.1663617882       19.1746328498       13.5517653205
  2        8.8119225591       19.0248303341       13.1587868998
  1        8.4634023655       18.8830323167       12.7576298284
  1       11.7475746512       25.0503167347       13.5974242053
  2       11.9168866655       25.1859565929       14.1028302507
  1       12.0748793382       25.3096496360       14.6149223766
  1       20.1794190495       25.8132129179       25.2913799187
  2       19.7024396051       25.9787094087       25.5095576469
  1       19.2272846336       26.1376572971       25.7364129329
  1       18.4244022894       15.2672513771       26.1984142652
  2       18.5537630989       15.1158804036       26.7111057996
  1       18.6814754231       14.9706885854       27.2259930660
  1       20.9007181978       11.8965079130       11.8514874646
  2       21.1520513022       11.9770071091       12.3340344054
  1       21.4107257999       12.0414135338       12.8151158078
  1       18.9587403453       21.1579086266       16.0330485560
  2       18.6122279025       21.0979955671       15.6101542994
  1       18.2586793759       21.0442047171       15.1922907059
  1       10.3478438618       26.7834091964        5.9490281240
  2       10.8204112836       27.0646509490        5.9581445111
  1       11.2931603249       27.3455523107        5.9682819634
  1       22.9999534159       15.9368179128       22.6081975943
  2       23.0090854455       15.7587977174       22.0878847883
  1       23.0044934079       15.5615032275       21.5745098801
  1       15.0898638619       24.6228094831       21.9774510209
  2       15.4779426149       24.9091213328       21.7130263507
  1       15.8661013473       25.1935972184       21.4467440419
  1        9.0005139520        8.1247466891       24.8982494029
  2        9.4894911924        8.2841142040       24.7033051711
  1        9.9770167244        8.4600194794       24.5192503187
  1       18.4689279744       25.0525887580       15.2763466128
  2       18.6974890309       25.3053517955       15.7080533308
  1       18.9269417310       25.5512149410       16.1432576175
  1        0.0371398755        5.2248273797       12.8996673733
  2        0.2438479532        5.2063847184       12.3903230508
  1        0.4522225884        5.1909589666       11.8815578235
  1        1.8263248780       13.6468292723        9.8465807243
  2        1.8251621817       14.0129510574        9.4361498695
  1        1.8272529437       14.3865575569        9.0325240387
  1        5.9070116470        9.0062181552       26.2365814712
  2        5.5421856796        9.1587016799       26.6188781992
  1        5.2085138383        9.3256884006       27.0229555883
  1       11.3983731481       19.3785015414       21.6313474994
  2       11.4540945180       18.8802173151       21.8574181937
  1       11.5241185015       18.3884193444       22.0934931748
  1        6.0496175996       24.2686645756       12.8936303742
  2        5.6957941254       24.5360418687       12.5683330759
  1        5.3472584722       24.8170040606       12.2488285469
  1        2.2966835753       10.5423534514       18.9672346945
  2        2.6819200769       10.7131279536       19.3206875304
  1        3.0731860017       10.8809251461       19.6689045277
  1       24.0532350327       17.9192495124        3.2290591783
  2       24.5415134670       17.7234220108        3.3894828680
  1       25.0179398879       17.5115396764        3.5644792704
  1       12.7789988092       13.7765525991       15.8764324724
  2       12.2748266218       13.6910745797       15.6739382414
  1       11.7647721059       13.6113464746       15.4842336842
  1       14.9712688265       20.4689234874       16.6626751480
  2       14.5356110520       20.1405238755       16.5929901540
  1       14.0853568591       19.8325856997       16.5226677489
  1        5.4033432517       18.0673295336        1.9015050692
  2        4.9769647336       17.7345956989        2.0014528287
  1        4.5622598416       17.3864805058        2.0980740678
  1        3.3795689077       23.0522337047       21.5935759871
  2        3.4880375445       22.8864225358       22.1066463635
  1        3.5900929217       22.7162127115       22.6195920864
  1       25.1911180548       13.5429982169        9.3351750897
  2       25.3020890597       13.8352800149        9.7876756827
  1       25.4236010921       14.1279808588       10.2371876858
  1        8.9861669346       14.4191045486       24.4607671002
  2        9.0955364322       14.5343376310       23.9342125923
  1        9.2153629503       14.6376594346       23.4074619783
  1       16.4533870435       11.6102818819       17.9159618889
  2       15.9598267700       11.5465274343       17.6817960784
  1       15.4626014630       11.4901906380       17.4535568213
  1        5.4722388084        3.8642475088       26.8924769373
  2        5.7328174316        4.2972258180       27.1095680814
  1        5.9901612497        4.7371855350       27.3162311059
  1       16.5951070311       24.1691055102        7.9977208466
  2       16.4286880715       24.5768558825        8.3271815632
  1       16.2707800648       25.0004377318        8.6404601570
  1       24.5202430364        4.2286373705       20.5940622805
  2       24.3296936113        3.7163320943       20.6551705495
  1       24.1215061571        3.2132290600       20.7329222038
  1       20.5107292539        5.6857284596        4.4035692144
  2       20.5316379049        6.1717629771        4.6601491748
  1       20.5767802128        6.6615596443        4.9062414254
  1       15.9584924029        7.9939312632       26.0207626996
  2       15.8568234726        7.6289527407       26.4194531896
  1       15.7365887664        7.2627752363       26.8118275639
  1        8.7917194325       24.0353648454        0.4142895674
  2        8.9048965040       23.5834635961        0.1219264175
  1        9.0403554325       23.1216323955       -0.1442742958
  1        2.2918557622        1.0634236012        4.1603100734
  2        1.9849721392        0.7173251526        3.8627562029
  1        1.6870596263        0.3707110396        3.5568039349
  1        7.9708123464       20.6049559125       16.8238831985
  2        7.9134517458       21.1111100414       16.6164759679
  1        7.8558644549       21.6196682869       16.4151001654
  1       26.1309033957        5.8880070952       26.4801491943
  2       26.3125482188        5.9124647523       25.9615867764
  1       26.4819619427        5.9060629694       25.4383678869
  1       18.1288491712        8.3787154093        2.5354776923
  2       17.7826986514        8.8056128956        2.5564145925
  1       17.4333449313        9.2304011624        2.5590424562
  1        6.1118168535       20.9302273509        9.7322577124
  2        5.8784152946       21.3863307473        9.9322412217
  1        5.6683705782       21.8497235242       10.1411630983
  1       17.6723416489        0.7554364734       22.0800945793
  2       17.4418651660        1.2367806180       21.9470968154
  1       17.2151494904        1.7246371931       21.8326592187
  1        3.0532533711       11.9709446054       12.8129338626
  2        2.7475662753       11.6011357025       12.5440532669
  1        2.4391156032       11.2442842878       12.2611835978
  1        8.3152601202        2.9653991628       13.9295675085
  2        8.2848055410        2.7690535159       14.4424231465
  1        8.2501675104        2.5518128878       14.9465131339
  1       17.7006062932       17.1022958920        2.4969349636
  2       17.6308686818       17.3039292169        1.9900023568
  1       17.5510479450       17.5114160960        1.4869339281
  1        9.1406253024       23.2745255339       11.9289660358
  2        9.2222006146       22.7705415553       12.1335280505
  1        9.3105249278       22.2643539233       12.3296731392
  1        2.2194639467        9.6382179112        3.2715949392
  2        2.4039072970        9.6850702843        2.7555663492
  1        2.6137156317        9.7171448665        2.2481693815
  1        5.0212077496       17.6184231182       16.3582163140
  2        4.7991801678       17.5665070796       16.8587245336
  1        4.5698224939       17.5270794152       17.3570622861
  1       26.6252859298       19.3074497154        6.3374603508
  2       26.9981561519       18.9488380935        6.1507372882
  1       27.3603351534       18.5841064264        5.9550406331
  1       26.4750389827       13.9071555657       20.5979976085
  2       26.3837623392       14.3732459214       20.8753572211
  1       26.2983589387       14.8459010712       21.1433187250
  1       23.4548451825       24.1565741637        7.0350937606
  2       23.6756503224       24.6288095240        6.8597687633
  1       23.8917514952       25.1066153687        6.6939319254
  1        8.6528946949       13.5506431969       20.2606624783
  2        8.6908940083       14.0400913518       20.0126774872
  1        8.7290036865       14.5232016479       19.7525773272
  1        7.0558174257        8.9475311557       13.7430176472
  2        7.1230356818        8.4312258795       13.9202479150
  1        7.1765454731        7.9107099260       14.0896581960
  1       26.6448440915       10.0092762597       20.6903871851
  2       26.9338508960       10.4129400430       20.9270950577
  1       27.2434133894       10.8181955074       21.1331025096
  1       23.6133834144       16.8904467410        6.6618748485
  2       23.4515566638       16.4612217120        6.9653183807
  1       23.2795106361       16.0363078239        7.2692070956
  1       10.9347272406       24.6477183069        9.4925585185
  2       10.9833112388       24.8216263078        8.9730437426
  1       11.0177381332       25.0228379905        8.4623298827
  1        0.1522372057        2.9821567544       19.4001690258
  2        0.5419700575        3.3127142572       19.1968465192
  1        0.9341078415        3.6398543909       18.9926228914
  1        6.7959879281       21.9001423584       21.2335066149
  2        7.1813340912       21.5333905920       21.0938589282
  1        7.5693671828       21.1726603096       20.9461972130
  1        3.5047239251        3.4538648660       21.9899652758
  2        3.0648557256        3.1580199196       21.8433646800
  1        2.6312664762        2.8584989451       21.6859240638
  1        9.2970424228        3.7069385368       25.1194997162
  2        9.3825045929        4.0030348403       24.6639525764
  1        9.4453033344        4.3020068922       24.2065992894
  1        8.5606742222       19.4831710151        0.3223755330
  2        9.0384040743       19.2305560859        0.4246491167
  1        9.5161090326       18.9874182813        0.5478642936
  1       26.9185791428       27.0928020505       20.8537614204
  2       26.5146161274       27.1603416981       21.2208476203
  1       26.1137931810       27.2493483802       21.5867967632
  1       11.2669633246       16.3808833103       18.2772767159
  2       11.7295362515       16.3750423450       18.5747530518
  1       12.1903504436       16.3763107407       18.8750007339
  1        8.7510502063        3.0548815229        5.8235456266
  2        9.0629440137        2.9709492416        5.3783741708
  1        9.3727465523        2.8920248567        4.9308327453
  1        0.6037011242       11.3417078395        7.3421034851
  2        0.6101803331       10.7999415899        7.2475130485
  1        0.6136845287       10.2604105262        7.1407705975
  1       24.2416483742        2.5727112796       13.4008842001
  2       24.7656006434        2.6315764731       13.2443309870
  1       25.2951754288        2.6828253498       13.1049606232
  1        8.5907870462       17.7406393475       23.9407672088
  2        8.2568792274       18.1704773863       23.8617429785
  1        7.9151622707       18.5936569216       23.7802040219
  1       19.5138627244        1.9293680756        2.0940877952
  2       19.5985674895        1.4119141098        1.9280561837
  1       19.6796661285        0.8987428079        1.7475617939
  1        1.8777185835       16.1133719557       19.9783923320
  2        2.3432424065       16.2631641234       20.2300863462
  1        2.8071768409       16.4202340132       20.4802740541
  1        6.3260438839       13.7449938073        9.5651742079
  2        5.7769460730       13.7695414583        9.5454509511
  1        5.2273508669       13.7878189315        9.5559886181
  1        5.4364535992       18.1445372121       12.4562566019
  2        5.3449904244       17.7029450234       12.1414061191
  1        5.2600342435       17.2479154269       11.8443699049
  1        6.3195954185        4.5278848683        7.3149000623
  2        6.3517926759        4.8949950633        7.7231811436
  1        6.3821123938        5.2613914430        8.1322464277
  1       11.3940201512       19.8443817673        4.5786358011
  2       10.9568246792       19.6724068364        4.2926554829
  1       10.5110221814       19.5243600404        4.0065745885
  1       26.6756982518       22.0826180673       26.3791907933
  2       26.1851873868       21.8989013628       26.5469622563
  1       25.6961179209       21.7116308707       26.7150123063
  1       23.9055162575       23.9286802350       22.7016453319
  2       23.4090026163       24.1541189756       22.7734198287
  1       22.9136569611       24.3810016068       22.8486325435
  1       24.6874304427       10.7406210752        5.5371557556
  2       24.6306526073       11.0852132943        5.9620468945
  1       24.5678739359       11.4270016811        6.3883560969
  1       12.4032795248       15.3441280499       22.4446043772
  2       12.3006526658       15.0487698976       21.9921319585
  1       12.2295413580       14.7306149110       21.5491640303
  1        6.7476921822       22.6928374071       25.0022033458
  2        6.3873684865       22.3061282140       24.8501414035
  1        6.0504533224       21.9008088311       24.6929651679
  1        1.2614672561        0.4969171933       24.5640419511
  2        1.5731865941        0.4546193868       24.1128857145
  1        1.8845369452        0.4057474607       23.6621391197
  1        2.8802962535        0.5905669097       18.4453864183
  2        2.4900690998        0.7588630190       18.0962457759
  1        2.0936671503        0.9394024338       17.7604318198
  1       19.8216632939       12.1425498031       17.5920254635
  2       20.1232224868       11.8057461078       17.2787758443
  1       20.4307567305       11.4646421883       16.9761691622
  1        2.1345319804        0.3556935903        7.4055911270
  2        2.0044047697        0.8509320213        7.6063541852
  1        1.8621125127        1.3425706852        7.8077104287
  1       16.3192029195        7.3403183488       17.0710173149
  2       15.8893370447        7.6658217479       17.1794740656
  1       15.4484558810        7.9773270295       17.2847748636
  1       11.8059193320        7.3917912053       18.9318513697
  2       12.3070578135        7.1880855149       19.0311701191
  1       12.8234669056        7.0184713215       19.1151503191
  1       14.7450086632        7.1956980422       13.8037354624
  2       14.3424026653        6.9836892027       13.4947683728
  1       13.9325676776        6.7615150825       13.2029226223
  1       13.9444579943        1.5899140845        3.2727365292
  2       13.5322100297        1.9182088153        3.4301347038
  1       13.1374475373        2.2515720689        3.6186327536
  1       10.4779925306       10.1541964073        7.9654406244
  2       10.5888988976       10.2422492577        8.4968975590
  1       10.7073032714       10.3324820050        9.0263675341
  1       21.7809016993       26.9377078621        4.6600577856
  2       21.7439799699       26.7271147135        4.1533159266
  1       21.7137422618       26.5014033129        3.6526762920
  1       13.8545637451       22.0922192802       24.4206215822
  2       14.0359912716       21.6497719318       24.1489151293
  1       14.2057344304       21.1987235366       23.8838819160
  1       14.0344488035       14.7936286887       12.4134004011
  2       14.3675422318       15.0987472121       12.7271701490
  1       14.7241678827       15.3844930497       13.0332215506
  1       12.9144863193        7.4143308661       22.9614961975
  2       13.4233016505        7.2071279732       22.9355362294
  1       13.9235650604        6.9790109653       22.9214241653
  1       23.0438215170       24.9765547368       10.5495084707
  2       23.4337973881       24.9826097714       10.9372998535
  1       23.8134735965       24.9987935521       11.3348977169
  1        8.5269995021       24.4883080223       15.2634737718
  2        8.2889257562       24.9647102829       15.4008119589
  1        8.0135493993       25.4198697645       15.5404461501
  1        3.0521634660        7.3523210899       19.9763260732
  2        3.0600373464        6.8382294490       19.7810114888
  1        3.1054188074        6.3240457954       19.5911281238
  1       25.7758311843        4.7437305446       16.5811166201
  2       25.4466495947        4.3075249262       16.6432788234
  1       25.1371369840        3.8565386465       16.7008402539
  1       11.3140970171       -0.1614697341       17.4089841835
  2       11.6006383676        0.3050189564       17.4617322267
  1       11.8904354239        0.7685668510       17.5220730467
  1       21.0495861994       18.3493813472       24.8327842120
  2       20.9727249240       18.0379791988       25.2795739235
  1       20.8893021980       17.6965542612       25.7026219819
  1       25.8062936415        8.1046866465        2.0946806635
  2       26.2086687397        8.2794085601        1.7629178970
  1       26.6080773084        8.4511411560        1.4260489169
  1        6.0668750694       15.5009132448        5.6572533902
  2        5.6878763162       15.2019692743        5.9208675923
  1        5.3203618324       14.9061001591        6.2035238674
  1        9.4855471188       15.1318084325       12.0801198773
  2        9.6363697933       15.4129014495       12.5281592022
  1        9.7856998438       15.6923345437       12.9777342025
  1       13.2904747609       24.6431085760       27.1571188111
  2       12.8415857803       24.3289949649       27.1088350409
  1       12.3917262521       24.0195276977       27.0428319016
  1       27.2904313254        9.2293276628       11.5177644080
  2       27.0452958424        9.0689280836       11.9832540104
  1       26.7973239415        8.9295374191       12.4539770479
  1       11.8651662456       12.4956141501       11.3217904918
  2       12.2904205256       12.3018227203       11.0317841487
  1       12.7124747814       12.0961471675       10.7453094183
  1       23.3741368472       20.3222794376        5.9243994303
  2       23.3156231010       20.4967690397        6.4426942501
  1       23.2616713199       20.6913788076        6.9542763477
  1       24.2777735652       23.3428309429       16.7305169793
  2       24.0163023165       23.7904925821       16.5468546724
  1       23.7293728747       24.2362294044       16.4002593806
  1       20.9999685717        8.9763288960       22.9361828518
  2       20.9631374720        9.5233663046       22.9796977193
  1       20.9184172338       10.0703346586       23.0161081437
  1        4.6401438167       13.5677033174        1.3509136668
  2        4.9506284769       13.8762234215        1.6839521348
  1        5.2633140994       14.1813531718        2.0180532211
  1       15.0467154286        3.2543566661       12.4755541010
  2       15.2918572061        2.7620812001       12.4839430528
  1       15.5361757067        2.2694342879       12.4943107469
  1        3.1302629824       18.1855269057        8.1556877633
  2        3.3823475988       17.8834316633        8.5399946859
  1        3.6239375503       17.5652772353        8.9180317929
  1       24.7082377630       19.7718992621       17.3834746678
  2       24.6035447203       19.9378383140       16.8696618635
  1       24.5060847138       20.0969432438       16.3522769319
  1       18.6456067197        4.6284967414       17.7440703231
  2       18.3319376935        4.1859720765       17.6530556924
  1       18.0244451683        3.7391252697       17.5620816456
  1       24.2754134474        7.3557705148        5.0161949648
  2       24.2563609668        6.9383600236        5.3738337278
  1       24.2669961790        6.5096292974        5.7181836308
  1        8.9453441257       23.0559183462        6.0805532628
  2        9.4206989545       23.0895060366        5.8059450804
  1        9.8839120126       23.1112641451        5.5102082946
  1       12.9654049731       -0.0498326720       21.0835633518
  2       13.3199956726        0.2999066028       21.3169040372
  1       13.6839130880        0.6563910880       21.5242272764
  1       20.1553820288        0.2643838974       18.5677209377
  2       19.9621098449        0.5401103419       19.0026011405
  1       19.7597551965        0.8046269118       19.4403037558
  1        1.2554330354        7.1827638505       22.8065991937
  2        1.1183600260        6.6685445817       22.6677124281
  1        0.9867013767        6.1489741818       22.5443730648
  1       14.7712574097        3.9748482641       20.6849636323
  2       15.0897289377        4.0510304622       20.2430675375
  1       15.3956053481        4.1221249608       19.7915310574
  1       12.9242631334       19.4540651340        0.6189010935
  2       12.7945736792       19.9542006723        0.4303670412
  1       12.6608356623       20.4589066750        0.2574913848
  1        3.9662585227       20.2200999538       14.5003203676
  2        4.3777654784       20.5784544205       14.5691978068
  1        4.8034747287       20.9185732934       14.6439693625
  1       21.7458991768        8.3072194388       12.6520821326
  2       21.2116327491        8.1930535520       12.7155292331
  1       20.6753056463        8.0813121090       12.7641819586
  1       15.7961371710       15.9485975906       17.9278886864
  2       15.4603339270       16.2303793072       17.5957211901
  1       15.1492601201       16.5291133542       17.2544133309
  1        5.6622743124        0.2407774079        6.1489111455
  2        5.6605755193        0.6416814864        6.5254387460
  1        5.6341543448        1.0539900254        6.8884863864
  1       21.6405940612       12.9863976749        8.7772224439
  2       21.3252111655       13.2256870087        8.3954185102
  1       21.0040499218       13.4795674684        8.0281309298
  1        5.4041709437       11.5283376757       14.9783071918
  2        4.9657232471       11.6228918053       15.2966201415
  1        4.5315982751       11.7307266487       15.6166313197
  1        8.8371112698       16.6920503559       16.3567559694
  2        8.4438589230       16.3925745252       16.5979339505
  1        8.0455409227       16.0837569616       16.8181031627
  1       18.1648445838       26.5997684645        4.9810075360
  2       17.9531209556       26.8229864407        4.5251053093
  1       17.7399489516       27.0568716003        4.0752659738
  1       21.1861271112        4.0592808703       15.0145499080
  2       21.5656341412        4.4419440937       14.9048080668
  1       21.9566963269        4.8161830519       14.8072602938
  1       14.4117512068        8.8475496049       10.6570919149
  2       14.6442193113        9.2602032174       10.3774929585
  1       14.8838004515        9.6603965453       10.0860376848
  1        2.1633043420       26.5004857806       14.9752729183
  2        2.4526725790       26.2238694472       14.5981132339
  1        2.7505295074       25.9692829444       14.2121508501
  1       17.3008049190       21.6051577018       21.8918291799
  2       17.4795905896       21.1021770021       22.0242908716
  1       17.6273258497       20.5937631451       22.1732527524
  1       11.0705302580       27.0022214948       24.8095238368
  2       11.3788837598       26.6277899800       24.5502572585
  1       11.6947629036       26.2708277042       24.2758519028
  1       20.6596881985        8.2180991037       15.9437609407
  2       20.1875058309        8.1695563040       16.2215871605
  1       19.7240165006        8.1020840297       16.5099014540
  1        7.1762265750       19.5356194265        6.3931599037
  2        6.6732780884       19.3338174282        6.2992515801
  1        6.1700305979       19.1312168573        6.2087255011
  1       11.4783302496        9.5769196577       27.6265357515
  2       11.8562297934        9.6997851166       27.2462779261
  1       12.2357033312        9.8351329860       26.8718706781
  1       11.4115737451       26.8084346049        1.6476973297
  2       11.1205418989       27.2651567618        1.5517528883
  1       10.8475289805       27.7345909376        1.4646007224
  1       20.1633034692        4.1217523693        8.4213678758
  2       20.2301915822        4.6254969493        8.2109697331
  1       20.3067491795        5.1297022759        8.0050184722
  1       11.4054901433        3.2534063479       19.4923525594
  2       11.3814920364        3.6101606369       19.0744405255
  1       11.3439282483        3.9736028965       18.6633460294
  1        9.1046295192        3.4154869596        1.0753675175
  2        9.6479756979        3.4806655827        1.0203522731
  1       10.1924552072        3.5388921746        0.9688573513
  1        0.6402411394       24.3721010327       18.9732179687
  2        1.1018970214       24.6467817011       19.0912195661
  1        1.5677677463       24.9207446523       19.1932429362
  1       18.9691857002        2.4765244523        5.4808858429
  2       18.5496033890        2.7530748715        5.7044267782
  1       18.1255711418        3.0221343135        5.9287115725
  1       14.7824030277       10.5428456422       24.1412514783
  2       14.5621145409       10.9255738827       23.8133916356
  1       14.3434699742       11.2894509424       23.4636945698
  1       15.6025740395       15.0848432223       24.3893304158
  2       15.2238496619       14.6999364860       24.4938036188
  1       14.8353827300       14.3248667448       24.5982839090
  1        4.4460540693       24.8469740138       17.2278428182
  2        4.8112241709       25.0132944508       17.6039921358
  1        5.1744986532       25.1918968087       17.9763264577
  1       22.3232525218        9.8736621372        2.1325164040
  2       22.0737970064        9.3944862041        2.2357751609
  1       21.8176750929        8.9210640713        2.3487930735
  1        1.9071795144       24.4336063681        5.3323295217
  2        1.4419782856       24.6141891554        5.1010771192
  1        0.9857662829       24.8297751841        4.8822318045
  1       17.5558498386        9.4465687095       13.2778424055
  2       17.4662996748        9.4740962303       13.8198045848
  1       17.3844268759        9.5014478116       14.3629884715
  1       18.0438924278       19.1055537352       19.1041091373
  2       17.5252974865       19.2544206145       18.9973480062
  1       17.0157349294       19.4178256891       18.8702858917
  1        3.8247593218        9.6480975050       23.2949209200
  2        3.4785204810        9.9798761859       23.5642563467
  1        3.1201035867       10.3071274214       23.8229916510
  1       11.4814880499       21.4921340432       14.6583872991
  2       11.8562380154       21.2299154505       14.3529304724
  1       12.2236479429       20.9626878776       14.0429314910
  1       25.0153308262        0.8775927572        9.8988609616
  2       25.5293020118        0.9768029754        9.7300683288
  1       26.0437182922        1.0930363650        9.5739732019
  1       13.0129385863       13.2152798005        2.0929958437
  2       12.6173665904       12.8404183016        2.1671689702
  1       12.2206196253       12.4656276714        2.2351677071
  1        5.2288969443        8.9623695518       17.4580404833
  2        5.0960370437        8.6166300442       17.0514541583
  1        4.9588796923        8.2634913959       16.6527299992
  1       14.7587567663       23.0626194362       14.0009784195
  2       15.1557727756       23.3063237459       14.2933591607
  1       15.5440567339       23.5485558352       14.5984151910
  1        3.5731765733        3.9012634966       10.9501217958
  2        3.7514176834        3.7810361809       10.4438851918
  1        3.8912877387        3.6428531838        9.9302298346
  1       20.2859168228       11.1521190643        5.4640443474
  2       19.7880174350       11.3595552600        5.5715916600
  1       19.2966887245       11.5699511689        5.7013208343
  1        1.1449601172       19.7646587788       25.0979797529
  2        1.5609766780       19.9682286479       24.8013494618
  1        1.9685127588       20.1588710537       24.4850113280
  1       12.0334793401       11.9646443228        5.9296883567
  2       11.9228097220       12.4564498357        5.7097347864
  1       11.7950061405       12.9554539369        5.5169625100
  1        4.3202913945        8.8713679417        6.0357856180
  2        4.6327622545        8.6080036318        6.4038904970
  1        4.9300612308        8.3382139566        6.7798251307
  1       10.1757797960        6.1013354545       21.4618969755
  2        9.8477051438        6.5181832911       21.6071722444
  1        9.5225743191        6.9335806216       21.7628482013
  1        6.7962560805        1.4959073361       23.8853933201
  2        6.3279251619        1.4724032165       24.1728193229
  1        5.8614113926        1.4668499652       24.4640821997
  1       10.4861390559        6.3364399813        7.9438610660
  2       10.0274147565        6.1237532309        8.1602781709
  1        9.5649084707        5.9265509031        8.3832112921
  1        4.9601666658       20.8635409726       18.5480068862
  2        4.7035695221       21.3479598238       18.5033271100
  1        4.4447229324       21.8323702456       18.4742584797
  1       21.7797951394        8.3076897987        8.3224612736
  2       21.9506015581        8.6443283331        7.9224616929
  1       22.1049280002        8.9928151205        7.5259263133
  1       26.5761946317       15.1469699038        6.5221633919
  2       26.6627395921       14.9915416887        6.0017289198
  1       26.7560447166       14.8452071884        5.4798281948
  1       14.7039274398        9.5422949970       20.3040278037
  2       15.2426743812        9.6185090683       20.3842970288
  1       15.7816435709        9.6893729663       20.4679063554
  1        8.5165969400       17.9009801882       20.3325149488
  2        8.0452034047       17.9726063793       20.0583656764
  1        7.5719709420       18.0313588274       19.7843233711
  1       24.5372472953       10.6812521135       10.8615674947
  2       24.0520178809       10.4969661752       10.6796578789
  1       23.5654727435       10.3309391855       10.4841869937
  1       22.0670174726       16.0328429257        0.8790141083
  2       21.8042725885       16.2375572899        1.3166865371
  1       21.5500385563       16.4203775879        1.7688389390
  1       25.1950554546       14.4263809091       24.4354280847
  2       25.4343658261       14.3876299986       24.9291171701
  1       25.6952417606       14.3513134124       25.4119472141
  1       24.4138001357        4.1729711534        8.8728821706
  2       23.9735241313        4.1361656380        8.5453117293
  1       23.5198460101        4.1042810188        8.2360229769
  1       20.3960910343       22.0911832684       24.1700829543
  2       20.5503791109       22.1983541547       24.6870061503
  1       20.6973400221       22.3100480362       25.2051055292
  1       18.8181400605       10.7520789375        9.1306928066
  2       18.8252424267       10.3163719409        9.4662654060
  1       18.8251093472        9.8964535918        9.8214675477
  1        4.8682862719       25.8025776952        2.7369756797
  2        4.7422318415       25.3403943689        2.4667963809
  1        4.5866745356       24.8843441957        2.2016168887
  1        4.6584811775       25.7813164207       24.6233999071
  2        4.4389690809       25.4672160620       25.0179317868
  1        4.2126505417       25.1658389212       25.4184960598
  1       16.0731659139        4.4525255106        1.5602937478
  2       16.4115062320        4.0555455578        1.3858439091
  1       16.7460967559        3.6635457442        1.1937883794
  1       25.4492622301       17.8658019050       26.2062883850
  2       25.0238461891       18.0155031220       25.8914698059
  1       24.6103395963       18.1508911679       25.5550439244
  1       10.2379874303       16.2255769896        6.1505044866
  2        9.9470902063       16.2893798270        5.6881107118
  1        9.6543864498       16.3529371328        5.2268244896
  1        4.1128234665       25.6368429555        9.0587943185
  2        3.7426085283       25.3159734603        8.8088269874
  1        3.3680029943       25.0127699759        8.5438018190
  1       19.9277965608       17.8726257860        8.0986061713
  2       19.7664362879       17.3568703060        7.9963361992
  1       19.5979213130       16.8433013881        7.8946028777
  1       22.9057312203       14.8560659425       12.2676243740
  2       23.2814207505       14.9913400563       12.6458548475
  1       23.6497948031       15.1281229436       13.0306807796
  1       26.8254844612       16.9917975522        9.0656402685
  2       27.0993711069       17.3448859182        9.3862875998
  1       27.3762146142       17.7045012079        9.6969876398
  1        8.6002307835       12.1836798614       12.2904762067
  2        8.6297776777       11.9414208024       11.7975892730
  1        8.6518655246       11.7177271277       11.2956198856
  1        9.8995261628       13.9017928197        8.5011643965
  2        9.4677886998       13.6255900522        8.3016279481
  1        9.0391020906       13.3581076342        8.0844161939
  1       23.5945046244        8.3676271160       26.2915771008
  2       23.2814092616        8.5443663329       25.8753625612
  1       22.9511549990        8.7245751542       25.4741682171
  1       19.6974618177       12.2984029796        1.5110585113
  2       19.7981809651       12.5152554182        2.0063671759
  1       19.9019776730       12.7256789971        2.5038087904
  1       14.4766887899       19.9568191477        4.1811306162
  2       14.8019746762       20.0368728337        3.7449190855
  1       15.1202194494       20.1091499023        3.3022044046
  1        7.5514398499        8.8346105532        9.0580271605
  2        7.5538948230        8.6012203625        9.5560462284
  1        7.5627715213        8.3690774902       10.0545749538
  1        3.1411405557        0.2213374613        0.5896962969
  2        3.1358611576        0.7703706450        0.6218629121
  1        3.1138656371        1.3183830790        0.6630766016
  1       22.9626322945        0.5879588290       27.7949624550
  2       22.7828201871        0.5720601757       27.2754291656
  1       22.6038735845        0.5308773810       26.7569871825
  1        8.0653988714       10.3586090653       18.8813879231
  2        8.4547118374        9.9931012441       19.0130672573
  1        8.8497971674        9.6424218819       19.1661409843
  1       25.1271153642       22.0859452338       19.7427728883
  2       24.5895335159       22.0572678318       19.8553933259
  1       24.0578600182       22.0058663029       19.9864703021
  1       17.6302818583        8.0687612468        6.3707199358
  2       18.0747431691        7.9975170253        6.6867553834
  1       18.5065844132        7.9449869014        7.0232872912
  1       15.6087775697       11.2612553781        6.8660546573
  2       15.4794941332       11.2963202538        6.3326165189
  1       15.3537892529       11.3395830856        5.7989250261
  1       21.8971408403       27.6773862816       14.4777818496
  2       22.1726658031       27.2013869433       14.4810414238
  1       22.4175148434       26.7093637416       14.5025382953
  1       15.2494242038       27.0263817586       24.6997105468
  2       15.7131500967       27.1932188878       24.9438901293
  1       16.1789167781       27.3640465416       25.1813334072
  1       26.1442723203        2.9697120847       24.5141866325
  2       26.2999325221        2.9726644561       23.9866819547
  1       26.4598434003        2.9569285541       23.4606773051
  1       25.3497698060       25.8554643842       25.7189894306
  2       25.3308975504       26.1769821053       25.2731529213
  1       25.3152539388       26.5133214120       24.8382608116
  1        5.8155284997       14.3675510377       12.9663290133
  2        5.8054586561       14.5623985208       13.4805595613
  1        5.7958847484       14.7374727255       14.0018630834
  1        6.1141624470       10.3757468468        2.5859991303
  2        5.9237500592       10.7584801175        2.9320603475
  1        5.7330627591       11.1620993219        3.2533544347
  1        4.0340228838       10.1416120161        9.2261632783
  2        4.4355096604       10.4735889398        9.4025143213
  1        4.8511150645       10.7778432710        9.5953910929
  1        1.8526582228       13.6268075510       16.6131355349
  2        1.9266238499       14.1692012135       16.6664103025
  1        2.0238502330       14.7084483157       16.7139454712
  1       24.2096109190        6.5639530214       11.2307720237
  2       23.9669999446        6.1223295474       11.4512456555
  1       23.7264922643        5.6807077917       11.6740152218
  1       22.9706008461        3.0850090466        4.5790775107
  2       22.9685716549        2.7262374516        4.1622096359
  1       22.9635555469        2.3573852445        3.7542600227
  1       16.0228165832       -0.3097683000       18.8436755666
  2       16.0951471442        0.2351893339       18.8266618302
  1       16.2021181652        0.7746256311       18.8185574505
  1        2.0396437741        3.6058140218       26.1585631610
  2        2.1355781252        3.6430139035       25.6182736376
  1        2.2408858014        3.6719471127       25.0792252523
  1       24.9874653715       25.3105445299        2.2411610118
  2       24.9471228619       25.7388182614        2.5838767729
  1       24.8703292078       26.1732264838        2.9123462996
  1       23.6862197910       10.0351078436       18.6964623914
  2       23.3871918450        9.9582985650       19.1516355696
  1       23.0822496734        9.8886933905       19.6040351614
  1        2.3323199797       16.3696511403       13.3133905330
  2        2.3818163797       15.8701897868       13.0884717417
  1        2.4359009539       15.3702769292       12.8656220330
  1       20.7472320201       19.7512047742       21.2656148176
  2       20.9102187491       19.2395758441       21.3846575161
  1       21.0877941117       18.7295476897       21.4887645349
  1       12.1019739736        4.6364281266       10.5179775547
  2       11.9701223292        4.3551729520       10.9718615383
  1       11.8287755523        4.0577660385       11.4123955500
  1       21.9807228794        0.8523559496       22.8439034143
  2       22.5121630076        0.7130635690       22.8180379385
  1       23.0308404538        0.5339286906       22.7808303978
  1       11.5712261458       23.6382689795       21.0312475884
  2       11.3012923022       23.8278892307       21.4713383522
  1       11.0269160994       24.0125901716       21.9107735133
  1        6.5877632859        7.3666681778       20.4155391123
  2        6.4911964597        7.7595245161       20.7881498282
  1        6.3991231827        8.1462542048       21.1682322646
  1        5.8505640050        5.3792620349       23.8787113054
  2        5.4219291338        5.7098752325       23.7814124832
  1        4.9866536314        6.0177952336       23.6464291180
  1        5.0804827018        4.2701844377       14.2836462427
  2        5.1578430625        4.7478324654       14.0221739951
  1        5.2290828662        5.2234492622       13.7553153210
  1        8.8458673548       26.7577742225       12.3177426312
  2        9.1719601776       26.8629505898       11.8875085057
  1        9.4965305871       26.9894999407       11.4619038653
  1       12.1113693328       12.4994180337       18.9091793785
  2       11.8589290326       12.0366104316       18.7523896520
  1       11.6049347336       11.5736206991       18.5986775751
  1       19.8732282868       21.7327765470        7.8786195810
  2       19.9997698301       21.4478459488        7.4255171731
  1       20.1169342818       21.1652164013        6.9684690038
  1       11.4797545608        5.7467973432        3.8459237524
  2       11.8225800353        5.6002995840        3.4415611669
  1       12.1641249312        5.4498506757        3.0375658586
  1       20.0746575176        9.8237382001       26.5360243856
  2       19.5909324510        9.5834044193       26.6397053083
  1       19.1070575584        9.3637303110       26.7815093046
  1        7.5380147500       10.5941057392        6.1038841689
  2        7.2850232778       11.0608533975        6.2475571953
  1        7.0324204377       11.5323936538        6.3753914274
  1       26.1815560484       18.5726244012       12.6128943822
  2       26.1940899266       18.1094000630       12.9091478454
  1       26.2010751482       17.6359038120       13.1888843392
  1       27.4783726287       12.0516857929        2.9090367040
  2       27.0363289734       12.3728021255        2.9721374791
  1       26.5957849080       12.6990948159        3.0163416145
  1       24.6249116887       16.2248327418       16.0488546814
  2       25.0994149651       15.9471894730       16.0327036465
  1       25.5773349927       15.6749912826       16.0334726426
  1        7.6572006111        6.2607442319       17.3723096332
  2        8.1407764498        6.4271525512       17.5747020231
  1        8.6262847040        6.5872299796       17.7775737831
  1       17.7218613712        8.4650328283       22.9472579662
  2       17.5523447644        7.9482041117       22.8656969603
  1       17.3735588640        7.4325385803       22.7976921028
  1       19.1307467543       19.4262633529       11.7517808133
  2       18.6982650303       19.2706426746       11.4497182984
  1       18.2573283089       19.1338581240       11.1507788508
  1       25.6816616893        7.1147497589        8.5357485587
  2       25.5313540261        7.6431888686        8.5100636656
  1       25.3777396885        8.1706934256        8.4847343026
  1        5.1077737681        1.1209031580       15.7767768238
  2        5.2166563741        0.9385994524       15.2694209950
  1        5.3247652861        0.7448890586       14.7661429948
  1       27.4320537605       24.3345840962       23.1201964766
  2       27.2474106658       23.8323487956       23.2473445416
  1       27.0539462977       23.3348777869       23.3799874182
  1       14.4295794814       16.2562967174        0.9990096681
  2       14.4013993745       15.9383321281        0.5511208410
  1       14.3535694756       15.6206710590        0.1046863610
  1        1.3727124641        0.7517678893       11.7672509554
  2        1.6599499332        0.5009277789       11.3709254889
  1        1.9457881898        0.2435907068       10.9777663337
  1       18.8986263733       16.4484474687       22.2575054285
  2       18.9573147492       16.1490282107       22.7151120089
  1       19.0269967696       15.8658170377       23.1814121768
  1        4.8460985646        4.6515885383       17.6073958692
  2        4.8272004118        4.1497869017       17.8317571346
  1        4.8136721852        3.6476998254       18.0558677187
  1       15.5804835985        1.3011088406        6.6507985601
  2       15.1884041010        0.9212593499        6.5838057834
  1       14.8023065364        0.5362970582        6.5114683551
  1       26.1245893328       22.2819999847        4.2026998765
  2       25.7907042117       22.0089547104        3.8614272522
  1       25.4587223381       21.7291589978        3.5237848469
  1        1.4740494586       24.5791019061       -0.2619037378
  2        1.5530747815       24.3319620399        0.2230466564
  1        1.6120845117       24.0993318959        0.7179214556
  1       10.6879161956       20.6353030337       18.6736031878
  2       10.9635817694       20.2216473078       18.4382365974
  1       11.2433006568       19.8105836111       18.2031111409
  1        2.8241326554       21.6680118576        7.8545725206
  2        2.2880790958       21.7274590238        7.9623343675
  1        1.7519229947       21.8006076668        8.0607513898
  1        9.0420967691        7.1398156973        1.1405749001
  2        8.5069364177        7.2640048788        1.1144895491
  1        7.9717958453        7.3892117313        1.0933280078
  1       14.0084536798        7.6048376883        7.4626827899
  2       13.7293396586        7.7099361776        7.0005684418
  1       13.4366226020        7.8095165335        6.5457053015
  1        2.0434429981        7.9822635562       26.5002641174
  2        2.3231725343        7.5093289445       26.5244351671
  1        2.5924436267        7.0299784189       26.5391372554
  1        7.6293764933        3.9261044498       20.8399097617
  2        7.2744184130        3.5525305233       20.6476930022
  1        6.9133477061        3.1886493849       20.4483980933
  1       10.8601428655        5.6442943382       14.9797617531
  2       10.9598910369        5.1577867822       15.2161104367
  1       11.0379392471        4.6718506706       15.4616192376
  1        8.7387456473       25.0512322419       19.0237386353
  2        8.8779462651       24.5191427274       19.0257226997
  1        9.0327017048       23.9913737165       19.0224632462
  1        4.1049054959        7.7256104934       12.0540803071
  2        3.5668668181        7.6576860996       12.1457354105
  1        3.0286535965        7.5835092376       12.2313176525
  1       13.6266674731        9.5760649840        3.3284036249
  2       13.7128032702        9.1094665936        3.0502551635
  1       13.7953025658        8.6545214120        2.7523982399
  1       18.3893082410        1.8492183190       14.4435839577
  2       18.4233211483        1.4566370202       14.0598874031
  1       18.4552536631        1.0702850448       13.6697432444
  1       22.1146524110       13.2788010788       24.8078417997
  2       21.6117879460       13.1440741218       24.9852565030
  1       21.1054360592       13.0086298172       25.1518776484
  1       12.2400490297       22.4521899060        2.7202168281
  2       11.7020224753       22.5575205464        2.6762522630
  1       11.1659896145       22.6685602847        2.6229704874
  1        9.3875911273        1.7570763811        8.6577398632
  2        9.3709880521        2.1805286281        9.0083286998
  1        9.3490502345        2.6059251114        9.3562605368
  1       11.7525878870       17.8741704059       15.0472264152
  2       12.0740097222       17.4333918545       14.9772101854
  1       12.3818602850       16.9802862768       14.9279824950
  1       13.4740492153       11.2850804700       13.8784409667
  2       13.8572383917       10.8914650841       13.8513673053
  1       14.2397649008       10.4967396942       13.8322535570
  1        4.6776601852       19.2692193296       21.7740598698
  2        4.1428020412       19.3659674519       21.6899969968
  1        3.6065295252       19.4595081090       21.6114990155
  1       21.4079041415       22.2333297349        4.0102425752
  2       21.7780915396       22.6284971020        3.9137851118
  1       22.1484442911       23.0246815347        3.8222606139
  1        1.4929334269       22.6516735342       16.1520926664
  2        1.0932091322       22.9490197960       15.9190568562
  1        0.6987862710       23.2656411131       15.7029977274
  1       19.1262712637        2.6468392790       25.8765569384
  2       19.6063166225        2.5967578280       25.6128368181
  1       20.0933244513        2.5244913142       25.3676819188
  1       12.0867242922        3.3224609686        6.9593452780
  2       12.5395145535        3.5908603042        6.7998373600
  1       12.9964823284        3.8599511632        6.6539930549
  1       26.6195582652        9.4049571022       25.0447581296
  2       26.6933958803        9.9184585255       24.8620991717
  1       26.7624838124       10.4321066735       24.6780001858
  1       20.6956866741        5.1977238769        0.8985673868
  2       20.2075189194        5.3279601125        1.1158937916
  1       19.7358997370        5.4853772877        1.3510430606
  1       15.2994971729       17.5577904674       21.2014956218
  2       15.4285955513       17.5816795802       21.7355957238
  1       15.5577215588       17.6116392220       22.2693830345
  1       23.1169129492        4.4132285775       24.6548339484
  2       23.1087054315        4.8850861175       24.9372929695
  1       23.1045358484        5.3628900690       25.2096640353
  1        0.7049130874        2.4566641356       14.9177840970
  2        1.2366914792        2.4952751150       14.7827991558
  1        1.7745989438        2.5222766309       14.6713250483
  1       18.7739426631       15.7325987848       18.9533291817
  2       19.2841042240       15.5332061739       19.0031063696
  1       19.8072095482       15.3688572212       19.0461207920
  1       23.1609679770       26.6332284922       19.6347021388
  2       23.3642791641       26.1221994431       19.6309776039
  1       23.5594498801       25.6082960386       19.6133231011
  1        9.6935251527       21.3953553359       24.3884495802
  2       10.0398673815       21.0386172521       24.6235772055
  1       10.3724843547       20.6571449446       24.8388556919
  1        5.8173909601        1.8119670937        3.1297441795
  2        5.7200300069        2.3351485548        2.9908125288
  1        5.6226186294        2.8553359061        2.8410923162
  1        4.7811660191       18.7460609589       25.2177521809
  2        4.8655372117       18.2032369896       25.1908516182
  1        4.9626243852       17.6622080029       25.1718328044
  1       18.7249389057       20.8025932167        0.9477411585
  2       19.0015985704       20.4427722770        0.6371154653
  1       19.2720843552       20.0836659592        0.3202872915
  1        2.6121538406       23.2421345282       12.3973592700
  2        2.1880877150       23.4316526129       12.1028243541
  1        1.7698231717       23.6107629897       11.7938352868
  1       17.0410943206       13.0992171779       14.5621664192
  2       17.5602348002       12.9236160377       14.6086142601
  1       18.0754469738       12.7410512126       14.6696593242
  1        8.9000351769       12.1708537062       15.6948180471
  2        8.7235679848       12.6805621322       15.5873161837
  1        8.5394429156       13.1859291779       15.4724157618
  1       19.3521137490        9.3136403268       19.5584832731
  2       19.2903961661        8.8062673923       19.7616178228
  1       19.2292461415        8.3020904125       19.9727250150
  1       21.5328675190       22.8300371330       13.9888724837
  2       21.4290347899       23.3450776103       13.8262315567
  1       21.3312257127       23.8588549801       13.6560369689
  1        8.1617707655       25.2721958441       23.3339353189
  2        8.0278047353       25.4273934893       23.8442947939
  1        7.8823180161       25.5702201234       24.3551119491
  1        7.4825954844       17.0507400987        8.7298470390
  2        7.7921030548       17.0014125450        9.1818114804
  1        8.1093323893       16.9413245588        9.6270698124
  1       24.8597602403       11.4630979994        0.4637798535
  2       24.4262223511       11.6744386411        0.1994315383
  1       23.9869996406       11.8882431462       -0.0532956726
  1        2.0294864870       16.1822353341        3.6031977620
  2        2.1352362157       15.6483139831        3.5241725393
  1        2.2489312528       15.1135686995        3.4639984652
  1       16.9875087805       12.9626624314       11.2043729042
  2       16.6024839573       12.9285054463       10.8131067724
  1       16.2181741065       12.9170769372       10.4198189304
  1        2.1023105474       16.1946356170       26.4161619045
  2        2.4981344067       15.9798734392       26.7319160484
  1        2.9030138451       15.7686015336       27.0384071922
  1       26.7182799454        1.1636240502        0.3927588506
  2       26.5280689772        1.4747535400        0.8044847645
  1       26.3332462893        1.7827312077        1.2164239292
  1       21.6030658635       21.7382774830       10.4345739580
  2       21.6610592850       21.1929286810       10.3929632953
  1       21.6947605637       20.6467759724       10.3374525603
  1        8.0954283849        6.2743148535        4.6244564036
  2        7.9030763874        6.7473769090        4.8286940120
  1        7.6789249546        7.2132110928        5.0164562216
  1        7.4475962290       24.7875558027        9.6660373147
  2        7.4985500963       25.0337748106        9.1768748635
  1        7.5695489956       25.2930818959        8.6970634518
  1        4.2254617899        6.6259935794        2.2896156150
  2        4.6445790957        6.6254724416        2.6457622315
  1        5.0563624399        6.6380837120        3.0101458649
  1       19.8491431270       25.4268459374       21.4676966400
  2       19.5549806464       25.0583263612       21.7508251568
  1       19.2828065046       24.6674651004       22.0258682631
  1       13.2587573256        0.9639813491        9.3123212027
  2       12.9278476624        0.9597875689        9.7516174661
  1       12.5923101309        0.9585829282       10.1874076826
  1       16.0800873558        4.3945972162        8.3617343073
  2       15.6078622783        4.3374626555        8.6378486281
  1       15.1424848794        4.2746642503        8.9241705377
  1       22.7179853010       18.6495127575       13.5770422874
  2       22.3263604983       18.3356160496       13.8019842145
  1       21.9375300216       18.0142046867       14.0210860063
  1       17.1341906774        1.4348208532        9.6187852182
  2       17.6209307502        1.4057748216        9.3643438111
  1       18.0947792024        1.3498874894        9.0907670405
  1       10.2408264759        9.4827252891       14.9576510228
  2       10.7059095464        9.3828791914       15.2337461046
  1       11.1724949232        9.3108324542       15.5158938546
  1       14.9155177018       25.8900317022       11.9918952810
  2       15.4654345163       25.8858389906       12.0004928548
  1       16.0151397125       25.9038400770       12.0008892824
  1       22.2685255375        2.6553705990       17.7758011376
  2       22.4836441207        2.2181352228       17.5207536498
  1       22.6984199264        1.7753706150       17.2751302504
  1        8.4541830773       13.7971986713        2.8524321256
  2        8.4750467209       13.3553260162        3.1792551129
  1        8.4822589253       12.9124768822        3.5053419535
  1        7.7908724755        0.8924437704       17.9113880072
  2        8.2181967105        1.2234581992       18.0129923681
  1        8.6364251967        1.5634597099       18.1224633915
  1        3.4908125264       20.8412237145        3.8681271408
  2        3.1626092604       20.5407116744        4.1913532688
  1        2.8421377414       20.2407057657        4.5227057388
  1        0.9739721148       21.2714025606       20.3836693873
  2        1.0930986746       21.2367200636       19.8478466674
  1        1.2128939701       21.2091338811       19.3117607707
  1       16.9431042580       14.1920282955        6.8170620706
  2       17.3271407631       14.0948509463        7.1986017481
  1       17.7255233486       13.9944133515        7.5642567824
  1       17.5320980586       16.6030880619       15.0152657314
  2       17.7764416991       17.0648414133       15.1872541841
  1       18.0323485176       17.5183028291       15.3644107352
  1       21.9027188178       17.5547531318       17.9391488665
  2       21.6561145618       18.0446954940       17.9796806150
  1       21.4029154907       18.5295511041       18.0371720641
  1       13.7328729468        1.4508891490       27.1069490018
  2       13.4926481540        1.9455157887       27.1186338705
  1       13.2529754743        2.4401282894       27.1390171905
  1       26.3380166017       12.8521751226       13.5303919189
  2       26.7969243768       13.1329509392       13.6447098740
  1       27.2364179989       13.4429356273       13.7598395757
  1        9.3159744847       20.2911257388        8.9874312845
  2        9.5265898389       20.7722069754        8.8240237681
  1        9.7398279815       21.2603134427        8.6869778996
  1       17.8957104090       22.7870268620        4.8989863042
  2       17.8419767074       22.2583137913        4.7572994019
  1       17.8066130555       21.7280631563        4.6155825183
  1       12.9348198183       23.2793856078       17.2273152603
  2       12.9695740917       23.7527078059       17.5052689205
  1       13.0300094263       24.2362569897       17.7602743246
  1       19.0878993493       23.8468857623        1.2668960214
  2       19.1246426179       24.1848187944        1.6992745570
  1       19.1462742019       24.5362071295        2.1218361638
  1       23.7704728457       14.2522909802        3.8945539276
  2       23.5872050783       13.8476797002        3.5702043670
  1       23.3953719892       13.4384829261        3.2567429420
  1        6.2258516586       13.3842729441       17.9414603909
  2        5.7545683309       13.5965234155       18.1294544398
  1        5.2845501353       13.8070096562       18.3225306871
  1       20.7790940373        4.0436880396       21.3787815361
  2       20.3975056555        3.8406205317       21.7188607829
  1       20.0114187896        3.6269378756       22.0471543306
  1       14.8583369511       25.5145636632        4.2463914012
  2       14.5075156490       25.3767427807        3.8458544886
  1       14.1626309302       25.2438010946        3.4385695296
  1       25.4541728618       21.9657435005        9.4850298270
  2       25.6746120024       21.4656817031        9.5470361507
  1       25.9009824918       20.9673870932        9.6014317595
  1       25.7458328820        6.8615309867       19.1325603631
  2       26.2838797512        6.8642982011       19.2465687357
  1       26.8259743930        6.8787894397       19.3383478309
  1       22.4320142406       24.0289758118        0.5506872865
  2       22.7435048837       23.8271500118        0.1448056218
  1       23.0729752270       23.6159433788       -0.2416410757
  1       13.7773948673       22.8689496577        5.9621324751
  2       13.5671630372       22.9257485959        6.4671834213
  1       13.3657558241       23.0011374797        6.9733964690
  1       25.8830865011       15.5267174968        1.0412522545
  2       26.4166979605       15.3934984172        1.0378629686
  1       26.9535608081       15.2745742404        1.0262301696
  1        8.3232526216        4.8569986076       11.4033292623
  2        7.7871853583        4.7580757940       11.3302117803
  1        7.2520958110        4.6417249048       11.2788148361
  1       10.9104735970        7.9906407483       11.0541145588
  2       11.0811945955        8.0901326207       11.5673939252
  1       11.2507393314        8.1888883338       12.0812050682
  1       15.3880085442       20.3164501027        8.9280020532
  2       15.8791252615       20.2344735374        8.6943694083
  1       16.3637962886       20.1531227012        8.4474361462
  1        6.9648778301       11.7646838260       22.5233220487
  2        6.5740972975       11.8805457454       22.1540435752
  1        6.1693001242       11.9845265795       21.7965142287
  1       16.9223392395       19.1404403502       25.7180737250
  2       16.4025549739       18.9782158242       25.7955819206
  1       15.8797430540       18.8381631592       25.8933210960
  1        1.3475529144       18.8383251068       15.9213034432
  2        0.9034433628       19.1626450398       15.9121772614
  1        0.4812338793       19.5149929540       15.9216692783
  1        9.0161667028       11.6535320482        0.0891474767
  2        8.4732832794       11.7392920644        0.0685851768
  1        7.9313116462       11.8312172158        0.0507943287
  1       15.9574238374       13.9149297609       20.6414285604
  2       16.5062888622       13.8799686205       20.6464188637
  1       17.0548038568       13.8416682570       20.6592400128
  1       20.3099218903       19.1235849997        3.5268251840
  2       20.4821112993       18.8328482420        3.9607871007
  1       20.6584488822       18.5454990074        4.3953391381
  1       11.4701853316        1.7060462986       13.8509007307
  2       11.9461214117        1.5513689415       13.6227346448
  1       12.4211433790        1.3986699074       13.3913537151
  1       20.6297996371        3.1060144770       11.8778464299
  2       21.1248869505        3.1310389122       11.6395979676
  1       21.6186605587        3.1569458807       11.3987319224
  1       22.9670940977       13.3818941453       18.7871728498
  2       23.2163221657       13.8710855232       18.7543526442
  1       23.4635712578       14.3597669765       18.7037727797
  1        6.3924772747        0.8994303666       10.3896889595
  2        5.9261237961        0.9320161703       10.6794347074
  1        5.4553539108        0.9741458779       10.9606833551
  1       20.3129451396       25.1928128817        7.0670423868
  2       19.9837016473       25.4238806565        7.4421509127
  1       19.6567775313       25.6572199453        7.8178813981
  1       16.6614004743       16.4628243295        9.7228380700
  2       16.2018130980       16.7446006426        9.8318406059
  1       15.7425558968       17.0267089365        9.9413747682
  1       15.6093302354       18.9325135946       13.2765044961
  2       15.5539604755       19.3587657306       12.9333670509
  1       15.4817968432       19.7851660018       12.5935506036
  1        1.5222630953        7.2209396096        8.9678307089
  2        1.9526921892        6.8792234266        8.9892980175
  1        2.3970034092        6.5550514088        8.9890937946
  1        7.9826686617        0.1465791895       -0.3306880404
  2        7.5507460510        0.1917842902        0.0068017480
  1        7.1184730597        0.2181633026        0.3458359759
  1       15.4644540015       11.9162488654       27.1045914246
  2       16.0109011013       11.9645411548       27.1441315554
  1       16.5547119746       12.0347153140       27.1870887490
  1       27.4408415582        4.1809427966        6.9819409278
  2       27.1140813890        4.2745749383        6.5495512726
  1       26.8029232119        4.3662587995        6.1053951543
  1       12.4820476874        3.9756675266       23.2818004627
  2       12.4897337104        3.4769985786       23.5136844970
  1       12.4951073055        2.9791633824       23.7474177656
  1        7.6374017091       16.2749556974       26.8070514109
  2        7.5721868631       15.8116000682       27.0960991316
  1        7.5000103858       15.3429172639       27.3747153265
  1        4.7937949013       21.8677018948        0.7250819267
  2        4.2790358064       21.8156602843        0.5384948291
  1        3.7641738497       21.7511663250        0.3561279083
  1       13.1064143018       18.4578438839        7.2174373665
  2       12.6464239585       18.6940659375        7.4048087236
  1       12.1900195944       18.9250251042        7.6069297734
  1        5.6280564524       26.8230220291       21.4782515640
  2        5.2239936395       26.5092637407       21.2762887465
  1        4.8128054649       26.2055623773       21.0733361267


Molecules in box 2
##############################################################################                                           
Moleculetype  1
Number-of-molecules: 0     
Atomtype         X                  Y                   Z


Number-of-fractionals:  1        
##############################################################################                                           
Fractional-type:      2
Box:                  1
Lambda:               0.359701
Reaction-Step         1 (only used if Type = 3 (RxMC))

Moleculetype  1
Atomtype         X                  Y                   Z
  1       26.4714323762       11.4824932591       17.4075858930
  2       26.2699533133       11.9940992197       17.3947201150
  1       26.0692927308       12.5059530027       17.4102453995

------------------------------------------------------------------------------                                           

