 0.0000000   0.5004990880E-002   0.1100572296E+001   0.9729759554E+000   0.9912273820E+000
 0.0101010   0.4981376757E-002   0.1120261310E+001   0.9715311066E+000   0.9997612157E+000
 0.0202020   0.4826455631E-002   0.1102729365E+001   0.9766838383E+000   0.1002906674E+001
 0.0303030   0.4507352215E-002   0.1073148445E+001   0.9735544079E+000   0.9782534287E+000
 0.0404040   0.4079127817E-002   0.1087366140E+001   0.9730847867E+000   0.1001066717E+001
 0.0505051   0.3565453789E-002   0.1103064603E+001   0.9680220048E+000   0.9951778208E+000
 0.0606061   0.3070773871E-002   0.1103122330E+001   0.9703985243E+000   0.9884085352E+000
 0.0707071   0.2573126942E-002   0.1101990570E+001   0.9722355295E+000   0.1004696201E+001
 0.0808081   0.2160814409E-002   0.1109194217E+001   0.9758874536E+000   0.9878062135E+000
 0.0909091   0.1823848541E-002   0.1112225659E+001   0.9734697368E+000   0.9834363175E+000
 0.1010101   0.1570053203E-002   0.1137894938E+001   0.9686065307E+000   0.9834089821E+000
 0.1111111   0.1403527446E-002   0.1090556463E+001   0.9741954537E+000   0.1006819880E+001
 0.1212121   0.1298320438E-002   0.1080921413E+001   0.9726999797E+000   0.9741550017E+000
 0.1313131   0.1261523605E-002   0.1085956340E+001   0.9723453163E+000   0.9970875294E+000
 0.1414141   0.1268300915E-002   0.1072242825E+001   0.9776927419E+000   0.9909874902E+000
 0.1515152   0.1308464475E-002   0.1048043191E+001   0.9788425920E+000   0.9680346966E+000
 0.1616162   0.1381471802E-002   0.9852170337E+000   0.9727992214E+000   0.9883411393E+000
 0.1717172   0.1500162336E-002   0.9888818796E+000   0.9761699281E+000   0.9699274384E+000
 0.1818182   0.1667735501E-002   0.9852525170E+000   0.9802877782E+000   0.1003956731E+001
 0.1919192   0.1874337270E-002   0.9971500262E+000   0.9820369104E+000   0.1013735268E+001
 0.2020202   0.2130802785E-002   0.9558844967E+000   0.9865819529E+000   0.9974617418E+000
 0.2121212   0.2468285722E-002   0.9892695483E+000   0.9863771069E+000   0.9894939397E+000
 0.2222222   0.2892327449E-002   0.9764489428E+000   0.9800995192E+000   0.9818532200E+000
 0.2323232   0.3401679565E-002   0.9868026621E+000   0.9822440001E+000   0.9979368124E+000
 0.2424242   0.4077322482E-002   0.9771358366E+000   0.9845288740E+000   0.9896673782E+000
 0.2525253   0.4872419585E-002   0.9562038467E+000   0.9882717444E+000   0.1015797207E+001
 0.2626263   0.5872878964E-002   0.9380173136E+000   0.9853233826E+000   0.1000772155E+001
 0.2727273   0.7162640477E-002   0.9620437681E+000   0.9843412772E+000   0.9876445575E+000
 0.2828283   0.8818382525E-002   0.9887616599E+000   0.9898450102E+000   0.1003500983E+001
 0.2929293   0.1087486889E-001   0.9411334918E+000   0.9880050410E+000   0.9888067839E+000
 0.3030303   0.1342604587E-001   0.9597892523E+000   0.9889162167E+000   0.1005402680E+001
 0.3131313   0.1691352911E-001   0.9519103632E+000   0.9873981417E+000   0.9734489939E+000
 0.3232323   0.2109334603E-001   0.9522302428E+000   0.9873947045E+000   0.1007981635E+001
 0.3333333   0.2655891221E-001   0.9728502971E+000   0.9863289781E+000   0.1000034099E+001
 0.3434343   0.3334726144E-001   0.9920118275E+000   0.9929082222E+000   0.1002877924E+001
 0.3535354   0.4230245075E-001   0.9535224717E+000   0.9889437228E+000   0.9762112847E+000
 0.3636364   0.5378132810E-001   0.9682009210E+000   0.9912849233E+000   0.9806268967E+000
 0.3737374   0.6857384687E-001   0.9816406313E+000   0.9987008864E+000   0.9997065449E+000
 0.3838384   0.8774189602E-001   0.9552595663E+000   0.1000081886E+001   0.1014869688E+001
 0.3939394   0.1121755875E+000   0.9990152845E+000   0.9964135530E+000   0.9837770676E+000
 0.4040404   0.1446128501E+000   0.9583921622E+000   0.9963159069E+000   0.9943045014E+000
 0.4141414   0.1868184230E+000   0.9902863841E+000   0.1002520369E+001   0.9953314646E+000
 0.4242424   0.2396926446E+000   0.9636707054E+000   0.9982456952E+000   0.9727726780E+000
 0.4343434   0.3108807024E+000   0.9855538606E+000   0.1002052913E+001   0.9952560566E+000
 0.4444444   0.4029793307E+000   0.9780785282E+000   0.1001978549E+001   0.9954737973E+000
 0.4545455   0.5247161905E+000   0.9925186566E+000   0.1002484971E+001   0.1008800283E+001
 0.4646465   0.6815558387E+000   0.9810485363E+000   0.1006543381E+001   0.1013675884E+001
 0.4747475   0.8890207117E+000   0.9863514412E+000   0.1004304595E+001   0.9873165325E+000
 0.4848485   0.1173887424E+001   0.9762190955E+000   0.1009271335E+001   0.9900698686E+000
 0.4949495   0.1518030698E+001   0.9890423490E+000   0.1015480729E+001   0.1025476771E+001
 0.5050505   0.1732269881E+001   0.9765532744E+000   0.1010614731E+001   0.1026961367E+001
 0.5151515   0.1736928365E+001   0.1017986688E+001   0.1010705456E+001   0.1012316183E+001
 0.5252525   0.1728098517E+001   0.9974990339E+000   0.1011974004E+001   0.1003638603E+001
 0.5353535   0.1732000500E+001   0.9881038943E+000   0.1012905972E+001   0.1015808989E+001
 0.5454545   0.1737433000E+001   0.9690933004E+000   0.1013534312E+001   0.1009218798E+001
 0.5555556   0.1739810901E+001   0.9908165158E+000   0.1013088986E+001   0.1024761338E+001
 0.5656566   0.1745762318E+001   0.9811846440E+000   0.1010731246E+001   0.1010465387E+001
 0.5757576   0.1746566852E+001   0.9786695640E+000   0.1014051045E+001   0.1014477566E+001
 0.5858586   0.1745703150E+001   0.9744671720E+000   0.1014958127E+001   0.1011228893E+001
 0.5959596   0.1751143550E+001   0.9705602980E+000   0.1006714834E+001   0.9965719269E+000
 0.6060606   0.1750754996E+001   0.1014036916E+001   0.1017322209E+001   0.9961175935E+000
 0.6161616   0.1756182908E+001   0.9865595748E+000   0.1014111983E+001   0.1019006762E+001
 0.6262626   0.1759215668E+001   0.9886493843E+000   0.1012969623E+001   0.1000123174E+001
 0.6363636   0.1775049863E+001   0.9917200168E+000   0.1012564667E+001   0.9976752408E+000
 0.6464646   0.1762507511E+001   0.9931144589E+000   0.1013568111E+001   0.1010337193E+001
 0.6565657   0.1774814366E+001   0.1004747697E+001   0.1011482190E+001   0.1021039951E+001
 0.6666667   0.1776488517E+001   0.9957275152E+000   0.1014832515E+001   0.1039741616E+001
 0.6767677   0.1790658432E+001   0.9892679595E+000   0.1013222723E+001   0.1016622925E+001
 0.6868687   0.1787417238E+001   0.9831473490E+000   0.1016877187E+001   0.9972388168E+000
 0.6969697   0.1803519066E+001   0.1003893449E+001   0.1013031041E+001   0.9889175395E+000
 0.7070707   0.1807842505E+001   0.9906020269E+000   0.1011597399E+001   0.9943888641E+000
 0.7171717   0.1805769761E+001   0.9830133597E+000   0.1010340173E+001   0.9971374872E+000
 0.7272727   0.1823879892E+001   0.9752859368E+000   0.1016288417E+001   0.1000366837E+001
 0.7373737   0.1820678765E+001   0.9678863375E+000   0.1013742430E+001   0.9932912058E+000
 0.7474747   0.1834326129E+001   0.9892409498E+000   0.1011760289E+001   0.9853648782E+000
 0.7575758   0.1845756828E+001   0.9783475660E+000   0.1012489201E+001   0.1000332432E+001
 0.7676768   0.1855109550E+001   0.9834010284E+000   0.1014469955E+001   0.9948780738E+000
 0.7777778   0.1858945543E+001   0.9712943264E+000   0.1017476272E+001   0.9929660087E+000
 0.7878788   0.1864365446E+001   0.1001129985E+001   0.1013030242E+001   0.1015636022E+001
 0.7979798   0.1871670489E+001   0.9770839356E+000   0.1013291651E+001   0.9944020605E+000
 0.8080808   0.1891523571E+001   0.9909256138E+000   0.1015684743E+001   0.9944171422E+000
 0.8181818   0.1896195525E+001   0.9873767507E+000   0.1012416903E+001   0.1008303062E+001
 0.8282828   0.1904622398E+001   0.9669002185E+000   0.1016048843E+001   0.9940938302E+000
 0.8383838   0.1920730506E+001   0.9961559632E+000   0.1015219870E+001   0.1016043697E+001
 0.8484848   0.1921089457E+001   0.9825250667E+000   0.1011657570E+001   0.1004206991E+001
 0.8585859   0.1938011866E+001   0.9846196426E+000   0.1018989336E+001   0.1003025441E+001
 0.8686869   0.1954007219E+001   0.9931340542E+000   0.1018890522E+001   0.1006263745E+001
 0.8787879   0.1957441942E+001   0.9792643071E+000   0.1012488382E+001   0.9997456628E+000
 0.8888889   0.1971977598E+001   0.9774260585E+000   0.1015271495E+001   0.9991706765E+000
 0.8989899   0.1983716538E+001   0.9775002028E+000   0.1014751610E+001   0.9998300256E+000
 0.9090909   0.1998152000E+001   0.9808705900E+000   0.1017776608E+001   0.1013739981E+001
 0.9191919   0.2016157101E+001   0.1001864543E+001   0.1016701239E+001   0.1016632351E+001
 0.9292929   0.2016631961E+001   0.9824302679E+000   0.1020138517E+001   0.1019870184E+001
 0.9393939   0.2030483443E+001   0.1002697078E+001   0.1013823305E+001   0.1011085147E+001
 0.9494949   0.2034612213E+001   0.9925456663E+000   0.1014582432E+001   0.9993705078E+000
 0.9595960   0.2061152042E+001   0.1008344224E+001   0.1019322694E+001   0.1017960475E+001
 0.9696970   0.2068374600E+001   0.9872798335E+000   0.1015851613E+001   0.9994487437E+000
 0.9797980   0.2080193405E+001   0.9768593843E+000   0.1012508927E+001   0.1000840493E+001
 0.9898990   0.2087084334E+001   0.9861438372E+000   0.1011021863E+001   0.9988827121E+000
 1.0000000   0.2095363934E+001   0.9869668387E+000   0.1016399148E+001   0.1010491309E+001


