Compiled using GNU Fortran (Ubuntu 9.4.0-1ubuntu1~20.04.2) 9.4.0 with all optimizations
Last Brick update unknown
Compiled at 16:28:53 on Sep  3 2023
Starting at 15:04:37 on Dec 31 2024

Settings
OK                      

Forcefield
OK                      

Topology
OK                      

Configuration
OK                      Starting from random configuration.

 F
Monte Carlo Simulation initialized.

#########################################################################################################################
###########################################   ENERGY STARTING CONFIGURATION   ###########################################
#########################################################################################################################
                                               Box 1               Box 2
-------------------------------------------------------------------------------------------------------------------------
Lennard Jones        
 Intermolecular                          0.1669980597E+008   0.5151071879E+005
 Tailcorrection                         -0.4379642141E+004  -0.6575932736E+002
Total Intermolecular                     0.1669542633E+008   0.5144495946E+005

Electrostatic        
 Real                                   -0.3833225490E+004  -0.1103738150E+004
 Exclusion                               0.1043425830E+008   0.2037985693E+007
 Selfterm                               -0.1044989240E+008  -0.2038978394E+007
 Fourier                                 0.1589523650E+005   0.9144361827E+003
Total Intermolecular                    -0.3572091933E+004  -0.1182003579E+004

Intramolecular       
 Lennard Jones                           0.0000000000E+000   0.0000000000E+000
 Electrostatic                           0.0000000000E+000   0.0000000000E+000
 Bending                                 0.9343375086E+007   0.3104111324E+007
 Torsion                                 0.0000000000E+000   0.0000000000E+000

Total                                    0.2603522933E+008   0.3154374280E+007

#########################################################################################################################

Simulation is running...



#########################################################################################################################
###############################################   RELATIVE ENERGY DRIFTS   ##############################################
#########################################################################################################################
                                               Box 1               Box 2                                                 
-------------------------------------------------------------------------------------------------------------------------

Lennard Jones        
 Intermolecular                          0.8177778339E-015   0.0000000000E+000
 Tailcorrection                          0.0000000000E+000   0.0000000000E+000

Electrostatic        
 Real                                    0.1864734027E-014   0.0000000000E+000
 Exclusion                               0.0000000000E+000   0.0000000000E+000
 Selfterm                                0.0000000000E+000   0.0000000000E+000
 Fourier                                 0.0000000000E+000   0.0000000000E+000

Intramolecular       
 Lennard Jones                           0.0000000000E+000   0.0000000000E+000
 Electrostatic                           0.0000000000E+000   0.0000000000E+000
 Bending                                 0.0000000000E+000   0.1485186705E-015
 Torsion                                 0.0000000000E+000   0.0000000000E+000

Total                                    0.5039044233E-014   0.2599340783E-013

#########################################################################################################################
############################################   TRIAL MOVE ACCEPTANCE RATES   ############################################
#########################################################################################################################
                                               Box 1               Box 2
-------------------------------------------------------------------------------------------------------------------------
Translation
 N2                                           0.49556             0.97723
-------------------------------------------------------------------------------------------------------------------------
Rotation
 N2                                           0.49249             0.99796
-------------------------------------------------------------------------------------------------------------------------
Bond Bending
 N2                      
  Bending 1                                   0.34109             0.34460
-------------------------------------------------------------------------------------------------------------------------
Lambda Move
 N2                                           0.72491             0.98450
-------------------------------------------------------------------------------------------------------------------------
GE Swap Fractional
 N2                                           0.31024             0.29439
-------------------------------------------------------------------------------------------------------------------------
GE Identity Change
 N2                                           0.77261             0.76102
-------------------------------------------------------------------------------------------------------------------------
Volume                                        0.49187             0.49187

#########################################################################################################################
######################################################   AVERAGES   #####################################################
#########################################################################################################################
                                                       Boltzmann                                    Biased
                                               Box 1               Box 2                  Box 1               Box 2      
-------------------------------------------------------------------------------------------------------------------------
Density
 N2                                      0.8583226402E+003   0.7871596878E+000      0.8596487171E+003   0.7691421599E+000
 Total                                   0.8583226402E+003   0.7871596878E+000      0.8596487171E+003   0.7691421599E+000

Number of molecules
 N2                                      0.3977918117E+003   0.2208188273E+001      0.3978418740E+003   0.2158126000E+001
 Total                                   0.3977918117E+003   0.2208188273E+001      0.3978418740E+003   0.2158126000E+001

Mole fractions
 N2                                           1.00000             1.00000                 1.00000             1.00000

Volume                                   0.2156041561E+005   0.1304395844E+006      0.2152987789E+005   0.1304701221E+006

#########################################################################################################################
#######################################   PROPERTIES FROM THE CFC GIBBS ENSEMBLE   ######################################
#########################################################################################################################
                                                       Boltzmann                                    Biased
                                               Box 1               Box 2                  Box 1               Box 2      
Chemical Potentials (as an indication)
=========================================================================================================================

Total N2                                -0.9909304137E+003  -0.9904818963E+003     -0.9907914743E+003  -0.9925658750E+003
 Ideal gas                              -0.3593340407E+003  -0.9888214197E+003     -0.3591951013E+003  -0.9909053984E+003
 Excess                                 -0.6315963730E+003  -0.1660476662E+001     -0.6315963730E+003  -0.1660476662E+001

-------------------------------------------------------------------------------------------------------------------------

#########################################################################################################################
##################################################   AVERAGE ENERGIES   #################################################
#########################################################################################################################
                                                       Boltzmann                                    Biased
                                               Box 1               Box 2                  Box 1               Box 2      
-------------------------------------------------------------------------------------------------------------------------
Lennard Jones        
 Intermolecular                         -0.3564054763E+006  -0.3515310225E+001     -0.3559131307E+006  -0.4413441355E+001
 Tailcorrection                         -0.9627348818E+004  -0.4386259617E-001     -0.9614529912E+004  -0.5378405784E-001
Total Intermolecular                    -0.3660328251E+006  -0.3559172821E+001     -0.3655276606E+006  -0.4467225413E+001

Electrostatic        
 Real                                   -0.7362126288E+004  -0.6506987360E-001     -0.7367066738E+004  -0.6539502667E-001
 Exclusion                               0.1386582437E+008   0.4506603564E+005      0.1385872403E+008   0.4572504122E+005
 Selfterm                               -0.1386832786E+008  -0.4506702485E+005     -0.1386122567E+008  -0.4572608279E+005
 Fourier                                 0.1147399466E+004   0.1013925588E+001      0.1146399712E+004   0.1029353851E+001
Total Intermolecular                    -0.8718215962E+004  -0.4035317308E-001     -0.8722305315E+004  -0.7760460560E-001

Intramolecular       
 Lennard Jones                           0.0000000000E+000   0.0000000000E+000      0.0000000000E+000   0.0000000000E+000
 Electrostatic                           0.0000000000E+000   0.0000000000E+000      0.0000000000E+000   0.0000000000E+000
 Bending                                 0.3602674759E+005   0.2006899424E+003      0.3598039319E+005   0.2406350231E+003
 Torsion                                 0.0000000000E+000   0.0000000000E+000      0.0000000000E+000   0.0000000000E+000

Total                                   -0.3387242935E+006   0.1970904164E+003     -0.3382695727E+006   0.2360901931E+003

#########################################################################################################################

No errors found in bookkeeping.

Total simulation time :  1 days and  20 hours

Simulation finished.

