Simulation state at cycle:    1100000
##############################################################################                                           

Number-of-molecules: 401   

Box-size(s):    28.241967   50.589549

------------------------------------------------------------------------------                                           

Deltas
Translation per molecule type
Box 1    0.6088450083E+000
Box 2    0.2532646924E+002

Rotation per molecule type
Box 1    0.1105780127E+003
Box 2    0.1800000000E+003

Volume    Delta_Volume
Box 1   0.3946886593E+003
Box 2   0.1827262312E+004

------------------------------------------------------------------------------                                           

Molecules in box 1
##############################################################################                                           
Moleculetype  1
Number-of-molecules: 388   
Atomtype         X                  Y                   Z
  1       26.9998929828        2.5881077443        3.9094470506
  2       27.5388989841        2.6480749868        4.0009700549
  1       28.0844921123        2.6924807273        4.0544141158
  1       14.8266690142       13.6098706350       21.9252519252
  2       14.8789445941       13.2542368041       21.5089685577
  1       14.9357072810       12.9188780678       21.0767504248
  1        0.6452631548        5.5759677317       15.7626562825
  2        0.9548982609        5.6080012546       16.2160875943
  1        1.2527231853        5.6333077696       16.6777800175
  1        9.2872768052        7.4161269593       27.6572249318
  2        9.1854625304        7.3548083550       28.1942294776
  1        9.0681366447        7.2722024226       28.7251822961
  1       23.3535881916        6.7075855636       22.9413902508
  2       23.2763845865        7.1151801609       22.5802721987
  1       23.1910646719        7.5274971424       22.2264145748
  1        2.9781021932        7.0133665021       13.6956058976
  2        2.7465929938        7.4774713967       13.8786636409
  1        2.5202459941        7.9296921209       14.0949122278
  1       18.1568681386        7.7930707425        9.5749587903
  2       18.0283984880        8.2386386863        9.2792143798
  1       17.9003983968        8.6797181174        8.9766174348
  1        7.8440892399        3.2123951293        2.6821815376
  2        7.6122352623        3.7105260273        2.6574966928
  1        7.3777449360        4.2079259243        2.6471222879
  1        3.3176370974       18.1330212879        8.5971306865
  2        3.1440247463       17.9448960661        8.1103374527
  1        2.9752103811       17.7687636227        7.6174083792
  1        8.2039754185        2.4742483258       14.3793842320
  2        8.3339154787        2.9890187248       14.5230053207
  1        8.4647601494        3.5096837212       14.6425362064
  1        6.4503154562       21.1430881914       24.0073162285
  2        6.0300787962       20.9091800026       24.2741272269
  1        5.6129606215       20.6799212919       24.5497227110
  1       16.3659950702       10.4020218924       14.5007472743
  2       16.6692760179       10.5875792549       14.0811175184
  1       16.9846000279       10.8117236759       13.6901826821
  1        9.8449556435       15.3734317647       15.6443923980
  2       10.0567145759       15.4977535105       16.1365328841
  1       10.2784553235       15.6033425029       16.6286527928
  1       27.0428301355        4.3927846829       18.7392483854
  2       26.9238919739        4.1197616328       18.2768501504
  1       26.7848712340        3.8472559800       17.8197791470
  1        9.7970381085       18.1694235603       25.8299995109
  2        9.8289900341       18.0441798027       25.2954033309
  1        9.8491688143       17.9196448810       24.7600680443
  1       18.6549577886       23.3097215700        8.5074984560
  2       18.7162409779       23.6016698131        8.0454263901
  1       18.7995403122       23.9084885488        7.5966241137
  1       19.0590599985       14.1179389224       17.7400524657
  2       19.3641546462       14.4460034417       18.0590993698
  1       19.6842237970       14.7471348896       18.3898191739
  1       11.3040131973       25.1099155332       22.0510610813
  2       11.5532133519       25.3170415624       21.6066535083
  1       11.8019709542       25.5119862504       21.1565243903
  1        9.2395827618        7.6216541296       13.1148790807
  2        9.1280419732        7.5651658834       13.6504794266
  1        9.0298461331        7.4680127903       14.1828503992
  1       13.4717050410        1.3143372977       10.4298382986
  2       13.4473462567        1.8637620554       10.4235864765
  1       13.4122637471        2.4118763996       10.3946057549
  1       19.5003537381        0.6198545988       23.7473854965
  2       19.3347938198        0.4658415767       24.2487535274
  1       19.1625034644        0.3245274299       24.7515918159
  1       14.2171952554        2.1825202336       26.4666706740
  2       14.3880370171        2.6719299646       26.6504945236
  1       14.5605814342        3.1568048921       26.8444654694
  1       10.3904712022        9.4410027885        2.7854724504
  2       10.3274602475        9.6599180454        3.2860778138
  1       10.2959085496        9.8553281103        3.7992243776
  1        9.6011824402        5.5011427477       20.8475671089
  2        9.5573955362        4.9847641458       20.6633502624
  1        9.5111230481        4.4590100120       20.5086200243
  1       18.0997257039       24.8908127732       22.6650418175
  2       18.5868324439       25.1236395185       22.7700119590
  1       19.0767053284       25.3507413333       22.8746509654
  1        5.2496396242       21.9605771189       10.8807720558
  2        5.2452863890       21.4259083199       10.7518910070
  1        5.2352527225       20.8903444310       10.6271086147
  1        9.7937687254        0.9710389627       10.1370590938
  2        9.5342429849        0.9114953697       10.6183084580
  1        9.2868062078        0.8539320985       11.1061214449
  1        0.3261026032       22.1411712240       22.5490315939
  2        0.6476360374       22.4703772422       22.2478013691
  1        0.9669074464       22.8123543261       21.9586345653
  1       17.4013320310       14.8452598876       15.0715211223
  2       17.8583252600       15.1509659006       15.0856993562
  1       18.3098584970       15.4646310844       15.1009272037
  1        5.6186163095        4.5741122335       16.1415877714
  2        5.0912671541        4.6211843468       16.2905410677
  1        4.5596297656        4.6764675722       16.4201769080
  1       18.2861216089       12.8497891498       22.4772496234
  2       18.5861397988       12.5668898938       22.1133030660
  1       18.8836539428       12.2958808285       21.7384171905
  1       20.5734396739       16.8978189281        0.2675936014
  2       20.8017161296       17.3620519633        0.0808382832
  1       21.0266494677       17.8148148252       -0.1357506897
  1        5.9381682711        9.1347135576       13.2217430746
  2        5.6211602286        9.1867861112       12.7753191167
  1        5.3157043684        9.2469561413       12.3219139072
  1       28.3161113106       -0.4016039336       17.8574312192
  2       28.0320610912        0.0680397961       17.8220724868
  1       27.7537869090        0.5415496171       17.7928846828
  1       19.7405657915       18.1545653358       18.5358948961
  2       19.8048729023       18.6176343456       18.8256045570
  1       19.8504452142       19.0920032255       19.1001902980
  1        9.9782059319        0.2724608988       20.4651332427
  2        9.5674022318        0.5033644120       20.7487242996
  1        9.1336591662        0.7123566492       21.0145987001
  1       11.2862820713       21.2271724210        7.8776818809
  2       11.0710167335       20.8668191955        7.5222857819
  1       10.8668753687       20.5122182555        7.1547473819
  1        3.5287128385       13.7447210759       14.9432675217
  2        3.3302518029       13.3161293798       14.6614477648
  1        3.1082431277       12.8861691814       14.4000163686
  1        7.7761304897        1.3215703403        5.6671035997
  2        7.5693911772        1.7598697561        5.9272045009
  1        7.3723495572        2.1856982314        6.2141621783
  1       11.8082805705        3.2463867270       17.8807905562
  2       11.5761049676        2.7940251329       18.0904652511
  1       11.3287377664        2.3499967313       18.3005800894
  1       24.8744852747       11.0516493677       19.8072032478
  2       24.5151849781       11.1025217123       19.3939051697
  1       24.1754260971       11.1381309954       18.9628647067
  1       12.0274518382       22.8462509400       12.5064733072
  2       12.5392999443       22.7490701083       12.3302138330
  1       13.0452799207       22.6325657820       12.1487999294
  1       27.0779540090        2.5956484428       13.3465984004
  2       26.7011517124        2.9690777077       13.2014411980
  1       26.3448015693        3.3634876556       13.0601777296
  1        1.0916941341       17.4705860613       16.3966104252
  2        1.3162159238       17.0666003039       16.0984737557
  1        1.5483295026       16.6628561159       15.8058751976
  1       10.1148086437       20.6599637562       22.6660710453
  2       10.3487646643       20.2794911729       22.3451268231
  1       10.6087189883       19.9126529226       22.0283407020
  1       15.3048644306       15.8751422967       18.3995645995
  2       14.8561358439       16.1629242759       18.2641977349
  1       14.3905651924       16.4193525814       18.1228170732
  1        6.4593749794       12.3312658862       14.8813321308
  2        6.8520719099       12.6076224351       14.6131602108
  1        7.2372788348       12.8868191561       14.3371804743
  1       10.3097350647       19.2857104994       17.7062206455
  2       10.4769548606       18.9421340154       18.1018122778
  1       10.6699442214       18.5897308476       18.4774012991
  1       12.0532849950       13.3883534619       19.1340705104
  2       11.5424304966       13.1947472817       19.0704754750
  1       11.0248121867       13.0238240223       18.9972872001
  1       15.6429646458        5.9421335441        1.2027803190
  2       15.9468325579        5.5327258728        0.9965046524
  1       16.2523430197        5.1170044461        0.8058766059
  1        9.3042143370       17.0232356265        3.6413385627
  2        9.5599442151       16.9076328489        4.1143483166
  1        9.8271684587       16.7768174045        4.5769264420
  1       13.4478066393        0.0281456386       21.2252223951
  2       13.4895058978        0.0861867190       20.6798854307
  1       13.5285365198        0.1634701353       20.1367428314
  1        7.1521953794       18.9048303246        6.9967459794
  2        7.4020526676       18.7970490354        7.4747151513
  1        7.6818156604       18.6582184773        7.9274388451
  1       25.9538142157        9.1092497555       24.9052072979
  2       26.1017760147        9.6373148774       24.9470944451
  1       26.3033230488       10.1476255846       24.9853276001
  1        2.9120846414       25.4696523580       20.4486346737
  2        2.8093523950       25.7384158265       20.9173694426
  1        2.7085624823       25.9902371492       21.3958330399
  1        8.7005498350       22.4834675378        4.4639126420
  2        8.6715445115       21.9617995901        4.6357301134
  1        8.6528080799       21.4371974526        4.7998689037
  1       27.5454887348       25.0087680685       19.9498585505
  2       27.1935857114       25.0997656124       19.5370829345
  1       26.8568455121       25.2086112679       19.1160619607
  1       23.2203831123       18.8944390722       17.0975670456
  2       23.2712759902       19.4418364219       17.0812558070
  1       23.2897214003       19.9914486245       17.0905398015
  1       23.0134079750        4.4163035741       26.1985978877
  2       22.9610393883        3.9151278474       25.9781882187
  1       22.8859625427        3.4276707514       25.7347769500
  1       17.5237234682       16.2314331878       20.8291893489
  2       17.5888423924       16.3694209296       21.3576010339
  1       17.6466261261       16.5042768217       21.8876717155
  1       22.1029892212       22.4090158170        7.0519434887
  2       22.3554625828       21.9238236433        7.1097860011
  1       22.5813767036       21.4261634904        7.1714072733
  1       14.2022975158        2.2653993443        3.0582795198
  2       14.6840353911        2.0002473628        3.0471869012
  1       15.1737099822        1.7529045066        3.0079401774
  1       25.6375782114       14.2038013946       24.5225559190
  2       25.5019564783       14.5598057285       24.9192518476
  1       25.3558955660       14.9051424164       25.3216307497
  1       13.0517259212        3.3028230975       21.8495788160
  2       12.9911350591        3.8069181493       21.6381150455
  1       12.9542195205        4.3179482285       21.4381512984
  1        4.8511395890       13.3424809118       11.1012344880
  2        5.0275303669       13.7114067645       11.4690387956
  1        5.1964474722       14.0438968458       11.8732879222
  1        6.3453504745       16.3196004685       15.0461299452
  2        6.3423395736       15.9847962710       15.4824750882
  1        6.3572722051       15.6201701441       15.8939660396
  1        6.0381898807        0.5976143470        2.1036900053
  2        5.5600365310        0.8117670612        2.2710458812
  1        5.0806804862        1.0320512556        2.4265857635
  1       21.6365714869       25.0809122636        9.0565098906
  2       22.0923243427       25.0071831424        9.3554301996
  1       22.5539972629       24.9434151556        9.6474777259
  1        6.7215055773       10.7353287277       21.4420313508
  2        6.6855432890       11.2729288221       21.3316101017
  1        6.6533110648       11.8118628691       21.2266759526
  1        9.4788302839       28.4835081054       16.9195778050
  2        9.6485788011       27.9817364590       17.0676002890
  1        9.8431951943       27.4879793924       17.2119208269
  1       24.4094577672        3.7265287642       20.5636999661
  2       24.6570791966        4.0814969962       20.9030834984
  1       24.9148418073        4.4295500829       21.2420783129
  1       18.4970903478        3.0499233278       15.2475054589
  2       18.8364342704        2.7990811212       15.6002431655
  1       19.1756659245        2.5300738659       15.9394436672
  1       26.9475969377       13.5132733830       17.5956573843
  2       27.3151579517       13.9054550325       17.4790707012
  1       27.7064630342       14.2799327516       17.3834319572
  1        1.7784031607        0.9761666379       11.5519592370
  2        1.8347094925        0.4753807006       11.3316343814
  1        1.8904302400       -0.0232243740       11.1062720579
  1        0.2210826912        9.4033140878       21.1833191840
  2        0.4148265289        9.3811356788       21.6975870554
  1        0.5912099475        9.3875883848       22.2184970776
  1       20.4092401075        0.3705179641       12.6489728278
  2       20.0469021272        0.3165832263       12.2387262774
  1       19.6626104543        0.2601017239       11.8493296300
  1        6.2113340363        8.8018192584        3.6577943371
  2        6.5078265663        8.9796097518        3.2300295418
  1        6.8066959836        9.1510872155        2.8013425350
  1       12.5200916243        4.8782008702        0.5871770530
  2       11.9702309281        4.8659363902        0.5888495445
  1       11.4212863038        4.8345217085        0.6019993067
  1       12.9464167725       20.7670448972       15.3669659165
  2       13.1900937207       20.3890551752       15.0503505110
  1       13.4549755049       20.0136654268       14.7479928153
  1       11.9688277370       25.4374548550       10.3883216071
  2       11.9237782030       25.8063458256       10.7937719633
  1       11.8838777437       26.1845210225       11.1911275631
  1       12.6755222970       25.0537778917       15.1454986125
  2       12.5710139973       25.5756096809       15.2843135941
  1       12.4509484411       26.0917327836       15.4316268795
  1       21.5341916960       22.3944286703       20.8181184836
  2       21.7916213676       21.9092379279       20.7894844530
  1       22.0343509094       21.4163544788       20.7640232261
  1        9.8642355361       20.4185149943       10.8134159311
  2        9.3994465227       20.5529686417       11.0749372299
  1        8.9493269381       20.6807337869       11.3640192705
  1       16.9932448659        8.1478004824       27.3529569453
  2       16.5943121780        8.2232092594       26.9819229483
  1       16.2020876960        8.3018906497       26.6044720330
  1       16.2981485686       26.8983278684       -0.2377959078
  2       16.0227615081       27.0808572633        0.2019142091
  1       15.7738500932       27.3052408155        0.6380278732
  1       13.4721339979        8.3669052711        1.5438629521
  2       13.4311924002        8.2952799652        2.0876401134
  1       13.3878131808        8.2409135277        2.6332246924
  1        0.1314928601       11.5865939325        2.2488980900
  2        0.1633410620       11.5319156915        2.7952459481
  1        0.1937355636       11.4549526040        3.3389856435
  1       19.1997147462       13.4743507898        2.0933802091
  2       19.2924643606       13.3462271708        1.5666147515
  1       19.3917430078       13.2423914592        1.0357080797
  1       14.3506099991       23.7818662872        8.4262657138
  2       14.1277375014       23.4112825992        8.7661121201
  1       13.8857925452       23.0477808100        9.1005206823
  1        7.9995685152       22.7981848145        7.8700407086
  2        7.6583914994       22.4655054489        8.1446726143
  1        7.3076616540       22.1318185319        8.4057121055
  1       13.4562689947       26.1433855571        2.6881731031
  2       13.3326568936       26.5412657655        3.0472154240
  1       13.1752038756       26.9375489797        3.3945886531
  1       23.9609330910        0.4814099367       21.2451515414
  2       24.3918824148        0.4642217248       20.9038492624
  1       24.8328036752        0.4363341168       20.5762661090
  1       14.4167648787       20.4150961835        6.7424470911
  2       14.4847969658       19.8717247912        6.6912693112
  1       14.5639619650       19.3308742336        6.6303301914
  1       12.6792077522       12.8611230280        6.8972255081
  2       13.0790881344       12.7393539208        7.2546719580
  1       13.4780694338       12.5923721565        7.6035419662
  1       16.1304988560       10.4461081341       23.0308072669
  2       16.0991723421        9.9212893954       23.1923125022
  1       16.0243022807        9.3996796889       23.3498491235
  1       10.1704241008       15.4142934456        0.3240502546
  2        9.7939110928       15.0960368779        0.5678754212
  1        9.4050010798       14.8044370042        0.8252050045
  1       20.3552978078       16.7697173607       10.9387296318
  2       20.0407632151       17.1283207765       10.6649202453
  1       19.7169196551       17.4653987934       10.3750862268
  1        3.9925329344       13.7676678752       -0.4591214549
  2        3.8592228863       13.9510528381        0.0419757277
  1        3.7278661957       14.1340220128        0.5437403139
  1       13.2407590233       10.1240879481       17.2991653150
  2       13.6384012110       10.0499220499       16.9264990968
  1       14.0467970100        9.9456270383       16.5731785329
  1        4.9489088073       27.0607771374       25.0234179412
  2        4.8975033888       26.8332061281       25.5214831163
  1        4.8549472850       26.6048450896       26.0200211922
  1       10.2465245044        4.3496879647        7.1733944359
  2        9.9479051106        4.5276632968        7.5996000656
  1        9.6414333824        4.7090104243        8.0187519451
  1       11.0494314858        1.1714923415       25.1633746167
  2       11.4442685417        0.9153319354       24.8787950221
  1       11.8095329351        0.6447331337       24.5691852508
  1       10.9818293471        7.4899130454       24.0992428342
  2       10.8945043697        7.8235069622       23.6707694429
  1       10.8066541231        8.1383232558       23.2284199946
  1       12.1844537510       23.9562019329        4.6406410418
  2       12.2313342800       23.4116034251        4.5796928558
  1       12.2896906925       22.8672203829        4.5273322655
  1       21.2846473040       21.2906140034       11.5487037015
  2       21.2707651852       21.3683871780       11.0044072564
  1       21.2515757307       21.4550322720       10.4616141177
  1        3.1384196785        1.1004802323        6.2866838089
  2        2.9344329754        1.1101893641        6.7973648813
  1        2.6988627332        1.1585527635        7.2920037815
  1       11.4187242430       17.8817463283        8.6099787163
  2       11.1830132141       17.5973832809        9.0175053634
  1       10.9443833608       17.3323176620        9.4361890266
  1        2.2908929174        4.4260623640       24.5202332308
  2        2.2120340078        4.2713203489       23.9983748389
  1        2.1205332043        4.0942523848       23.4857594490
  1        2.2757446847       17.8220934177       12.0912565685
  2        2.4594358759       17.3609404864       11.8544116399
  1        2.6277934159       16.8854169781       11.6352470196
  1       18.6923826455       20.3222690926        6.4161539593
  2       18.3284811375       20.5089860900        6.0484414964
  1       17.9939010780       20.7311865463        5.6726980467
  1       27.2826286744       15.0019275139        1.7769356093
  2       27.5667984786       15.3246059056        1.4339688792
  1       27.8575770073       15.6360854215        1.0862213308
  1        1.5091918089        4.5877931037       10.4906390368
  2        2.0192721947        4.4793343139       10.3158400353
  1        2.5332593553        4.3907342103       10.1412914192
  1       22.8476628079       14.0400530236        8.3602804039
  2       22.9380973787       13.6328827121        8.7187966878
  1       23.0291971657       13.2466631489        9.0996316609
  1        5.3317635132       23.5009080545       27.3845783142
  2        5.6845107019       23.1115845424       27.2218004786
  1        6.0349895828       22.7435663165       27.0114979859
  1        5.3084619393       20.1605689584        2.2356167524
  2        4.9486889770       20.2635976853        1.8325677517
  1        4.6126399563       20.3710589687        1.4106398820
  1       12.4803976701       16.3953795984       21.5081007895
  2       11.9410113574       16.3671713117       21.4043380883
  1       11.4056808012       16.3272277130       21.2846480570
  1        1.0132173886        7.9632657068        3.1302359854
  2        1.0551892187        7.4512605326        3.3266769870
  1        1.1070016170        6.9479795419        3.5423705630
  1        1.9417572657        2.0663196419       15.4774586304
  2        2.2663019630        2.2314834068       15.0652794579
  1        2.6195084964        2.3822671924       14.6715671344
  1       26.3211163145       12.5932303134       27.3920376643
  2       26.0552281465       12.1562817661       27.5942243332
  1       25.7879474712       11.7137984260       27.7820261792
  1       21.3443390027       12.0715902430        5.4971046644
  2       21.5117225693       11.7019119519        5.1258625564
  1       21.7136122726       11.3504164993        4.7541213918
  1       27.2622343370        8.2870209708       13.1392820251
  2       27.3575026135        7.8433433533       12.8285182448
  1       27.4303158110        7.4034338426       12.5065277797
  1       21.8913943773       27.6855689612       15.7951014070
  2       22.3147727037       27.4643329495       15.5225112021
  1       22.7408465850       27.2502358811       15.2484245515
  1       27.7235826284       26.5734907956       10.1213644952
  2       27.3558939186       26.1917465682        9.9744755659
  1       27.0070143293       25.7918224437        9.8301020025
  1       23.8092408692       20.4862497226       28.3866818538
  2       24.0390807738       20.9475371078       28.1946204924
  1       24.2709556558       21.3984419966       27.9815035778
  1        1.9333631166        0.5684484247        2.6671123470
  2        1.9900816203        0.6521517320        2.1264860734
  1        2.0882512097        0.7446739820        1.5932859572
  1       25.2369283786       25.2959122903        6.5165714537
  2       24.7768638553       25.0782846010        6.7250872163
  1       24.3095813854       24.8602425388        6.9164108988
  1        2.4891604169       13.7271494832        8.1881412114
  2        2.9405200970       13.9967885858        8.3496007841
  1        3.3982330015       14.2626859718        8.4989241784
  1       16.5335090737       11.9609607983       17.2938125433
  2       16.2729940306       12.4077970603       17.4808132580
  1       15.9929772378       12.8421137741       17.6691204187
  1        3.4918465369       17.4674629153       24.3140920755
  2        3.8200899551       17.4991617804       24.7542641332
  1        4.1400946087       17.5316227028       25.2004068337
  1       25.5780472533       21.3033198504       20.6355361625
  2       25.6538254521       21.8396395970       20.5400437859
  1       25.7469521865       22.3696936960       20.4265974881
  1        9.4448846425       13.9915110322       23.0008677574
  2        9.4133803216       13.6900463514       22.5419271033
  1        9.3882896169       13.4039758103       22.0728491769
  1       23.9757200124        0.4053662300        8.3445840210
  2       23.5654848459        0.7099488885        8.5481436249
  1       23.1411576927        1.0020082056        8.7408813258
  1        6.3500418185       15.3221047636        6.9708605838
  2        6.3360674969       14.7786915537        7.0545672244
  1        6.3451072216       14.2368235879        7.1483616268
  1       27.7989637036       27.2171815005       14.6587154101
  2       27.9819809615       27.2251590885       14.1401201523
  1       28.1446450918       27.2559156349       13.6156257152
  1       23.4891653991       24.6752113448       22.5122468255
  2       23.2573908175       24.8620643975       22.9747038289
  1       23.0395920427       25.0337531385       23.4496634787
  1       22.4643184487        9.0635164203        7.3674793145
  2       22.7966336017        9.1661525101        7.7935455911
  1       23.1152071607        9.2715070873        8.2293337273
  1        8.2759661841       16.1430345308       19.6502806491
  2        7.8326730622       15.8528979407       19.7979694000
  1        7.3993231954       15.5362607051       19.9181723659
  1       17.1017032437        5.9674367079       22.0502246674
  2       17.5477852841        6.2749347493       22.1448595852
  1       18.0023271003        6.5637269074       22.2566219484
  1        7.5844241063       11.1920881220        6.0680381364
  2        8.0801749632       11.2425881484        6.3008059073
  1        8.5742551558       11.2973655754        6.5361443780
  1       23.3689471561       23.4408986636       17.3320210232
  2       23.8601271733       23.4053929360       17.0871097455
  1       24.3456126706       23.3462044789       16.8355137251
  1       16.6922226250       19.2502067066       27.1802878182
  2       16.2756842003       19.1227718515       27.5160795668
  1       15.8636656592       19.0008820498       27.8594213747
  1       20.5978709331       16.4736280724        7.3908590885
  2       20.6969192877       16.7376892866        6.9186715213
  1       20.7760929328       16.9968813608        6.4400787909
  1       23.8894193894        7.5304814020       27.2268501610
  2       23.9207661715        7.1600982520       27.6322310946
  1       23.9183754156        6.7771037961       28.0269582536
  1       15.2442084265       12.9545964234        4.3902509798
  2       15.7074979361       12.8935673573        4.1001849814
  1       16.1641441972       12.8185031737        3.8029652654
  1       19.8446403260       24.9139705339       26.6153904427
  2       19.7492387313       25.4514260491       26.6827707431
  1       19.6495887567       25.9870642091       26.7580146341
  1        7.7926317583        4.1003718396       27.3096129287
  2        7.4827901551        4.5196643611       27.1344217120
  1        7.1875632202        4.9556605646       26.9755243666
  1        1.4130677708       24.1430210909       11.7745885234
  2        1.1380243398       24.1258586191       12.2505681034
  1        0.8455446107       24.1317201097       12.7163161576
  1        4.0140548493       22.3741727765       18.7857232497
  2        3.4953304589       22.2719248244       18.6341634821
  1        2.9802415689       22.1633997209       18.4747717125
  1       14.3555206560       18.9186295254       10.8412285324
  2       13.8999874072       19.2241504523       10.8006523998
  1       13.4516991959       19.5387485985       10.7499998091
  1       10.6758054368       22.7882263495       18.4019350271
  2       10.3629291718       23.1324249515       18.6954239795
  1       10.0741149638       23.5011791080       18.9837063485
  1       14.2407752750       13.1456183696       14.9278625493
  2       14.2661084574       13.3310100700       14.4106699863
  1       14.2886329530       13.5149976170       13.8928464366
  1        5.5644558856       22.8415746893        5.6391062320
  2        5.0397573943       22.8614156439        5.8028066589
  1        4.5159932734       22.8602176963        5.9706450024
  1       23.0391045540        3.0183417253        1.7092635653
  2       22.6518985390        3.3869059851        1.5799117646
  1       22.2472211808        3.7375613364        1.4543049999
  1        3.3853755291       23.8216648409       24.4528243889
  2        3.6866678008       23.8086955086       23.9928735617
  1        3.9972506746       23.7871110975       23.5394726456
  1       24.1458827116        6.8607748218       11.0440340111
  2       24.2810842710        6.3300925558       11.0949935135
  1       24.4103300054        5.7977244351       11.1437759197
  1       26.5441698761       20.1748049111        6.9009895947
  2       27.0437993573       20.1295692259        7.1264316366
  1       27.5445703227       20.1013497444        7.3521130493
  1       14.3779808490       17.8088995507       24.4403392346
  2       14.5869000917       18.0795636810       24.0095333867
  1       14.7922038960       18.3559480220       23.5806254211
  1        8.0180234418       26.9701770856       27.8386139135
  2        8.4324839269       27.0870368774       27.4964643916
  1        8.8678322395       27.2137148923       27.1851373509
  1       12.0334543792        1.2815687511       13.7110872955
  2       11.8404675613        1.4248537621       14.2057846713
  1       11.6621748899        1.5738584065       14.7042917809
  1       21.5726398101       18.4304233540       14.0365523474
  2       21.0545205422       18.5200894900       14.1978359744
  1       20.5312551475       18.6006541911       14.3468415265
  1       15.1305343577        7.8605702751       19.8371031216
  2       15.0977916413        7.7079488578       19.3097184257
  1       15.0806644039        7.5630134994       18.7794351065
  1        6.3462292562        5.5461796697       12.7606383715
  2        5.9219095433        5.3230182023       12.4910985030
  1        5.5248602979        5.0860110814       12.1933074348
  1       17.3887936647       16.7706564013        7.6486579599
  2       16.9186763059       16.5344891060        7.8090159271
  1       16.4473836813       16.2951837146        7.9610560224
  1       14.2917485233       20.0081892986       19.9228041099
  2       13.9344015825       20.0754622080       19.5101571427
  1       13.5740604765       20.1127126614       19.0963133436
  1       25.0162408539       24.0865046353       13.6382716990
  2       25.5606995188       24.1378614223       13.6968143559
  1       26.1049152941       24.1777826706       13.7656292004
  1       26.1635254359        5.2392211094        1.8180934678
  2       25.7505826998        5.2553375574        2.1810239801
  1       25.3476063781        5.2565143459        2.5553349448
  1       24.2727450852       20.3466309285       12.8335538357
  2       23.9938236311       20.6370475288       13.2082016981
  1       23.7471685812       20.9099238390       13.6171024252
  1       27.1712840083       28.0454349852        7.2765980404
  2       27.5290828876       28.1724131241        6.8786577004
  1       27.8884462697       28.2991997396        6.4820683502
  1       24.6781220934        7.5532270872       17.7956332784
  2       24.3390823527        7.2005652656       18.0469929684
  1       24.0097747298        6.8358964884       18.2941228360
  1       10.9342416530        4.2715288550       25.7523404502
  2       11.1915360005        4.2203569958       25.2689347618
  1       11.4440734957        4.2048403806       24.7805864771
  1        5.6796493188       24.0542648896       16.2268567838
  2        6.0151243406       23.7203221257       16.5069259542
  1        6.3499432212       23.3845171509       16.7855499572
  1       10.7477251005        2.4033547378        4.0796941802
  2       10.7706357763        2.7164728681        3.6281057200
  1       10.8047851958        3.0420044861        3.1861068718
  1       27.1634880512       23.6635538258        2.3003723934
  2       27.3025119481       23.2489921124        1.9667394485
  1       27.4145694355       22.8214350419        1.6394199258
  1       20.1677187298        2.1352144949        3.4150340963
  2       19.8409930668        1.8948963352        3.7865142751
  1       19.5221815501        1.6582820935        4.1671360249
  1       16.1364917295       -0.0744386895       12.9020378511
  2       16.2502877341        0.3918363332       13.1706231682
  1       16.3167112789        0.8631242837       13.4462598482
  1       21.0388952213        3.8978740130       12.9751180569
  2       21.0371632269        4.3975802724       13.2048802264
  1       21.0777961046        4.8884115254       13.4496937254
  1        3.1198099347       19.6300981275       21.2988341134
  2        3.3307041625       20.0279420676       21.6146565698
  1        3.5537297923       20.4342259617       21.9107865495
  1       12.3018669404       19.4440529969        3.2430263772
  2       12.2212496750       19.7754729966        2.8115618476
  1       12.1326525390       20.1010476234        2.3772213027
  1        5.9125348012       17.2449729199       28.5019758295
  2        6.1354936973       16.8282684729       28.2206455351
  1        6.3597133416       16.4217187596       27.9257847532
  1       16.2127678655        2.9222731508       23.0654251887
  2       16.7386055356        2.8193899875       22.9412889754
  1       17.2568902984        2.7281494246       22.7814263364
  1       13.8933570469        5.6906960452       10.5146389505
  2       13.7884713786        5.9253608695       10.0283968124
  1       13.6623752681        6.1424203223        9.5390248028
  1       14.6617912569       26.9036874020        8.3536989314
  2       15.1041637321       26.9724653365        8.6731925760
  1       15.5248205708       27.0089561066        9.0256358293
  1       14.4340378031       16.2735558392        2.8745409251
  2       13.9599135384       16.1110642793        2.6480399879
  1       13.4923911711       15.9371210840        2.4163794607
  1       18.0664928831       16.1988888277        4.1431543805
  2       17.8011042747       16.6644561703        4.0193968105
  1       17.5446191337       17.1382998827        3.9089997653
  1       23.8247458418       15.8009383089        0.1467089005
  2       24.2874850562       16.0981831867        0.1424778102
  1       24.7601405176       16.3792934646        0.1510699832
  1       27.3655115215       12.7977286440        9.4769325099
  2       27.5932731611       12.9565630246        9.9516916857
  1       27.8228015744       13.1483484300       10.4132489030
  1       14.3558537610        5.2497380001       15.2287842040
  2       14.4819271856        4.7209487039       15.1451937031
  1       14.5904581313        4.1904710695       15.0486819825
  1       18.0070437713        9.2153826400        2.0936563776
  2       17.4926297445        9.3706362042        2.2110213634
  1       16.9896097766        9.5352681425        2.3605781612
  1       28.1873090424       19.2396616948       19.5702933538
  2       28.1107181603       18.6995563303       19.5001504140
  1       28.0701885865       18.1551815118       19.4329684998
  1        3.4996889982        6.6228947846        1.1175323328
  2        3.9608631019        6.3975835261        1.3151513676
  1        4.4194550293        6.1653164882        1.5107158485
  1        5.4546382131        4.6327917807        8.0491832872
  2        5.8010759826        4.4639597383        8.4415818262
  1        6.1432088148        4.3202465135        8.8475271834
  1        1.5970058546       10.9441765912       12.3607044271
  2        1.8566584241       10.9714099430       11.8766188069
  1        2.1624764911       11.0378882581       11.4243401953
  1        7.6605268813       27.3033890983       23.8579450825
  2        7.4817976144       27.0925100672       23.3824601896
  1        7.3488406539       26.8488426388       22.9076458785
  1       13.8035312620        5.4962803456        4.9792391747
  2       13.4619645044        5.1290736541        5.2050519199
  1       13.1205032910        4.7615893404        5.4305724687
  1       20.0754016710        1.5477054334       20.0131061037
  2       20.5654377964        1.5057002220       19.7669351102
  1       21.0668401052        1.4664504479       19.5443251848
  1       -0.1029835489       16.2190113138        9.5143190652
  2        0.0549592980       16.7456736315        9.5008706367
  1        0.2030854941       17.2741854364        9.4657437077
  1       11.7402058486       20.8336168111       25.5301034379
  2       11.9377119839       21.2942112543       25.7566957710
  1       12.1383194651       21.7459783675       25.9978660695
  1        3.7907133666        8.5177331439       20.0428776739
  2        4.1028006528        8.1266462747       19.8145082660
  1        4.4010076514        7.7315846604       19.5747189712
  1        5.0139298750        5.2762877791       21.7418439250
  2        5.0041451332        4.7510878201       21.5788431215
  1        4.9853905455        4.2268352190       21.4135933875
  1        6.3642935824       26.8674549730       19.3854444925
  2        6.5315510369       26.3581835895       19.2622876742
  1        6.6987063047       25.8529295399       19.1234443786
  1       22.0406482673       14.2028262865       23.8573844642
  2       21.8142559829       14.6904028465       23.9736412134
  1       21.5974972910       15.1868567357       24.0687685197
  1        7.4382429562       12.7539931298        3.1311729482
  2        7.2184151848       13.2030521828        2.9019967761
  1        7.0079363144       13.6588204985        2.6773328350
  1       17.0046117755       17.9828644678       12.7118511996
  2       16.5625969941       17.8166698050       12.9938126635
  1       16.1230973165       17.6353178348       13.2703112987
  1        1.2989053232       24.9283457521       16.0532760180
  2        1.2144697911       24.7837267969       16.5771615005
  1        1.1436642254       24.6500295638       17.1059446514
  1       23.2744332926       18.4137036451        9.5727308609
  2       23.5808121367       18.3277785655        9.1241231429
  1       23.8651705807       18.2724351927        8.6566005388
  1       15.6088052335       23.2331496842       14.3564268238
  2       15.9015705347       22.7675786907       14.3620950241
  1       16.2077724403       22.3110050306       14.3788546438
  1       25.1964199935       22.1429522752        9.5962912710
  2       25.4362960034       22.4902914707        9.9488745707
  1       25.6800398523       22.8300359288       10.3061736587
  1        9.5126452279       26.8334974832        3.2002465936
  2        9.4141643810       26.5934842402        3.6852158359
  1        9.3033891039       26.3530780273        4.1673296086
  1        2.6014915688       25.3274771507        9.0551476443
  2        3.0481635417       25.0073723963        9.0324079242
  1        3.4809314698       24.6682485709        9.0180221529
  1       15.3357039545       22.8290070118       -0.1237798563
  2       14.8431185383       22.8542768648        0.1195738827
  1       14.3485462044       22.8731749582        0.3594510755
  1       22.9311869332        8.1119665389       14.8635685506
  2       23.2989009469        8.3256419091       14.5148147115
  1       23.6608977875        8.5537579387       14.1692407492
  1       24.4466382606        9.0585959743        2.8866993603
  2       24.3853063758        9.2971229478        3.3784750031
  1       24.3224767134        9.5172619523        3.8785662460
  1       16.3466150452       23.9024223286        5.2438317242
  2       16.0548227790       23.6989548571        4.8243579331
  1       15.7540268668       23.4838754900        4.4172182961
  1       13.3580892293       15.8807163762        6.7327014868
  2       13.1390134891       16.0563463973        6.2597745202
  1       12.9300877789       16.2117476312        5.7753155404
  1       11.7516090061        0.3401901223        6.3558408061
  2       11.6438399917        0.6764300848        6.7775380046
  1       11.5136981778        1.0003759879        7.2025346624
  1       12.0751669579       14.2977989397       24.9770382001
  2       12.2717282307       14.0842825216       25.4442366646
  1       12.4817877081       13.8517706909       25.8962469117
  1       12.2589586843        8.8990426748        6.1875936283
  2       12.6966299890        9.0022951811        5.8709191124
  1       13.1293330803        9.1103182900        5.5490510623
  1       27.7315651265       20.2163182215       11.7904148557
  2       27.4455649718       19.7551222881       11.8798699985
  1       27.1732453703       19.2818339497       11.9457500586
  1       18.0652631390        1.3851261951        0.0415891073
  2       18.2051314026        1.9161564363        0.0723096514
  1       18.3375568264        2.4499530647        0.0772761052
  1        4.8404847911       11.4329184691        7.9812405331
  2        4.5974064928       11.0406277979        8.2804410848
  1        4.3633320788       10.6377383027        8.5726554281
  1       21.1345560651        9.4924834029        1.2413677761
  2       21.3295439986        8.9900971061        1.3513119189
  1       21.5078018197        8.4804877729        1.4562998975
  1        5.5390896909        8.6277111917       23.6452632248
  2        5.8546928375        8.2236258012       23.4462414895
  1        6.1794398224        7.8176113792       23.2668210784
  1        6.9713122774        2.2948115196       24.5909997164
  2        6.9667008058        2.6424129402       24.1647932092
  1        6.9676080063        2.9832955902       23.7331704632
  1       26.1928291605       14.2678344673        6.4163671978
  2       26.4709659553       14.7262511017        6.5388176477
  1       26.7692920857       15.1723127941        6.6593601113
  1       26.9680907327       13.1269141803       21.6674345393
  2       27.5051131340       13.0751071341       21.7743128371
  1       28.0501725803       13.0509304404       21.8437799983
  1        7.7770644239       13.2817396365       17.7018098290
  2        7.7189160245       12.7527829426       17.8408191079
  1        7.6956843618       12.2125793753       17.9415186350
  1       15.6277115874       19.9123635903        3.3083060331
  2       16.0585846758       20.1219940815        3.0382996648
  1       16.4703109694       20.3437797636        2.7488302030
  1       26.5922257577       27.3126195065        3.3489223859
  2       26.8527459771       27.0560503885        2.9380677851
  1       27.0869047697       26.7824542049        2.5223578055
  1        6.5610496368       17.2655816881       22.6742055743
  2        6.8618939065       17.7259896778       22.6700572729
  1        7.1619387304       18.1866040693       22.6525220223
  1        2.0893838055        1.9678884308       19.5060329490
  2        2.3836882170        2.4169601477       19.3867873767
  1        2.6809027827        2.8654187969       19.2725580419
  1       26.9000421887       19.3405101253       -0.1809491975
  2       26.9164919808       19.1680941046        0.3410681587
  1       26.9191801768       19.0052887635        0.8664129916
  1       27.2383934743        5.5699917064       25.7895707031
  2       27.0094847341        5.3097046347       25.3625444405
  1       26.7791811658        5.0626438920       24.9284692686
  1        1.4916030664        5.6803645929       20.1316949850
  2        1.1433803340        5.8162457906       20.5351515857
  1        0.7967879320        6.0118357282       20.9147807234
  1       -0.1285229583       26.6556747887       23.3684486404
  2        0.0696697017       26.1926823568       23.5894863691
  1        0.2693435124       25.7311461479       23.8122299351
  1        4.3666591106       10.2435370466       16.3720187654
  2        4.7533747682       10.2356381051       16.7630284928
  1        5.1134397600       10.2168390066       17.1783594386
  1        8.6660286372        7.2944368369        5.2279706477
  2        9.1275962307        7.0155250099        5.1199727341
  1        9.5855946616        6.7221791558        5.0382069330
  1       20.8983966339       25.0593157739       12.7695611715
  2       21.2669389701       24.9579889588       13.1650474835
  1       21.6456533029       24.8390004205       13.5457273763
  1       24.7091542961       15.5360627071       11.2801019423
  2       24.9664102324       15.4179332827       11.7516576891
  1       25.2449093552       15.2870998882       12.2075314221
  1        5.0574973936        1.3220729867       10.0429588957
  2        5.2510569811        0.9143327329        9.7286619477
  1        5.4371352072        0.4944810588        9.4260079134
  1       16.2709761165       20.1552500099       17.3422900971
  2       16.3631308943       19.6253920559       17.2271465104
  1       16.4560141294       19.0996445089       17.0950018154
  1       25.6165205849        2.2186200443        0.1571908611
  2       25.8855197336        1.7876737687        0.3679626939
  1       26.1313264639        1.3390554492        0.5700039121
  1       18.4201375957       16.9149815868       25.1243331473
  2       18.6846164062       17.3783008178       24.9905936656
  1       18.9351615446       17.8492326290       24.8566147052
  1       15.1382821806       11.1852549102       10.8372186373
  2       15.5585094885       10.9221850119       10.5990942197
  1       15.9661637772       10.6499103349       10.3497260578
  1        0.9366339735        3.4534630646        0.5993405909
  2        1.4179142781        3.6935304459        0.7143924093
  1        1.8952197039        3.9386960695        0.8351125255
  1        2.4219228287       18.3179590243        1.2382288747
  2        2.2808213534       17.9344363901        0.8701245924
  1        2.1446297505       17.5576917887        0.4932753498
  1        2.7606955599       15.5773378589       21.3341160939
  2        2.4239210272       16.0100148076       21.3774008739
  1        2.1227720696       16.4675908790       21.4267308160
  1       22.8821412476       15.6387728728       19.3657439643
  2       23.0738330977       15.6365157193       18.8502353418
  1       23.2570031528       15.6496818803       18.3317998278
  1        3.1662974281       11.8235384529       22.3829873684
  2        3.3934056593       12.2968312569       22.5470476409
  1        3.6261187901       12.7713333324       22.6993380809
  1       19.0895059475       26.2339821375        1.9631892445
  2       19.2135792137       26.7576565053        2.0766395909
  1       19.3303992741       27.2795969957        2.2048238213
  1       18.5592165734        4.8211063138       25.2792231411
  2       18.1836290825        4.9517860334       25.6591663573
  1       17.8016804945        5.0748679528       26.0352861736
  1       22.7199226447        0.6134219115       26.9489187679
  2       22.2928243500        0.2805377370       26.8526110684
  1       21.8525081481       -0.0385853791       26.7702576949
  1        8.0118423793       26.5657162534       13.9847555715
  2        7.6707413104       26.8463597139       14.3124586518
  1        7.3239420772       27.1183797093       14.6414501607
  1       17.7104662622       19.7646488697       21.9887663195
  2       18.1552662962       20.0819502020       22.0517964260
  1       18.6082677847       20.3857650162       22.1224095200
  1       10.0410184235       23.2149447467        0.6318893541
  2       10.1082774849       23.4523931570        1.1234119589
  1       10.1999801844       23.6821187485        1.6146519883
  1       16.5715175396        4.5120730658       17.6442939517
  2       16.4820054300        4.0122790241       17.8557023200
  1       16.4194675668        3.5003580108       18.0468197989
  1       19.5987713364       21.3968642672        0.5297308160
  2       19.3467200972       21.2952622917        0.0515601233
  1       19.0981510563       21.2065682811       -0.4309818991
  1       21.5055948372        3.5789123314       22.6876621441
  2       21.0044903281        3.7747123714       22.5733965971
  1       20.4987078563        3.9515437310       22.4492404033
  1       21.9961979823       10.8368634644       25.6976278641
  2       22.0729231311       11.1502522054       26.1430498534
  1       22.1269156895       11.4500792638       26.6009674635
  1       18.9755998264       11.8988214112        8.7893266266
  2       19.3801287890       11.6936005648        9.1003583333
  1       19.7972244341       11.4729938945        9.3829603836
  1       12.6775677793       25.4590317328       27.0057074604
  2       12.1969790186       25.6850904364       26.8627672433
  1       11.7051318678       25.8974770896       26.7383554726
  1       16.9106297489       19.8520363603        9.5568110670
  2       16.8072357058       20.3183879136        9.2841832976
  1       16.6953473102       20.7739295959        8.9970199963
  1       28.2738136377       18.4705381064       24.3379544942
  2       27.8463212661       18.7763290261       24.1759600941
  1       27.4296929797       19.0852563801       23.9929716794
  1       23.9270095074       27.4830410876       11.9903083038
  2       24.2300219897       27.9386927399       12.0456708119
  1       24.5475331994       28.3837196679       12.1059838625
  1        4.9230921548       17.3188709771       18.4765009622
  2        4.4847066030       17.6502770793       18.4985940238
  1        4.0370875467       17.9694313414       18.5152594491
  1        6.2289838289       26.2433344084        5.9060552595
  2        6.1405312205       26.5789787281        5.4794183803
  1        6.0747551324       26.9294132777        5.0606474027
  1       10.2993822039       25.6368400030        7.6452029703
  2        9.9238123393       25.8020160071        8.0114872376
  1        9.5649147472       25.9416863073        8.4041508654
  1        2.5695986989        8.0694298211       10.6088577524
  2        2.9917619483        7.9064745241       10.2962497518
  1        3.4140648071        7.7422176239        9.9845127390
  1       19.5262448904        5.3854316193        1.4373248431
  2       19.4852298289        5.7349834695        1.0146769178
  1       19.4423172213        6.0804526088        0.5888722902
  1       10.9707378967        8.9603825175       10.1490619197
  2       10.5636359688        8.7341953930        9.8564744883
  1       10.1617246023        8.4999697643        9.5630369187
  1        3.1663007514       27.5662676765       16.8103165752
  2        3.6640691280       27.3370902727       16.7633659544
  1        4.1460772187       27.0775084162       16.7105885039
  1       25.4858853681       22.2057096602       24.5578163079
  2       25.8010885267       22.4308807091       24.9482583236
  1       26.1641019347       22.6162434184       25.3175304869
  1       21.7189834730       19.7327633969        3.2004228384
  2       21.2667717184       19.5592225618        3.4609763024
  1       20.8176334208       19.3993309847        3.7352197566
  1       17.0123628490       13.9882922014       11.2199790851
  2       17.3111524172       14.4369718570       11.3291182650
  1       17.5830601017       14.8984806092       11.4539216374
  1       25.6685897096        0.2140517062       25.2140105954
  2       25.5326170949        0.2685458306       24.6838768024
  1       25.4291741323        0.3190428750       24.1460575010
  1       21.8025085568       15.4649612422        3.4378808597
  2       22.2194147875       15.2547837026        3.7285948027
  1       22.6293065501       15.0337378173        4.0212165013
  1       21.4597112238       21.3891329731       25.7046078580
  2       21.4329813424       21.7777948596       25.3163715235
  1       21.3991139622       22.1543646558       24.9169366876
  1       22.2682735963       18.3499569841       22.0967657834
  2       21.7335683880       18.2435924344       22.0241233529
  1       21.1955963324       18.1374878702       21.9813695476
  1        0.5764575070       10.1301945710       17.3013445166
  2        0.6473716584        9.5891440987       17.2325290421
  1        0.7003093756        9.0469254033       17.1570539901
  1        2.1081536718       24.6674072147        2.5413745906
  2        2.1242116446       24.2918469784        2.9428676173
  1        2.1208133294       23.9181392994        3.3463908770
  1       27.9802068614        2.0371228871       22.5788704756
  2       27.9078926943        2.4401312969       22.2116445467
  1       27.8525770819        2.8574549348       21.8576937546
  1       20.9098687094        5.7827980448        8.5453875238
  2       20.8130970962        5.3169665366        8.8213155232
  1       20.7404378011        4.8407286909        9.0866796883
  1       16.7971888906       22.7747093013       24.8189783815
  2       17.3295835807       22.6780012724       24.9174844781
  1       17.8667109517       22.5948612721       25.0016386622
  1       21.0060814369        4.9741460330       18.8948282885
  2       20.4616151971        4.9854060096       18.8178235702
  1       19.9170050773        4.9749026747       18.7417348303
  1        9.5400671829        5.0168422998       11.1928569389
  2        9.9284363860        4.6279129743       11.2129403111
  1       10.3199068976        4.2415832959       11.2134063004
  1        1.9218075921       20.2960763924        4.8805121621
  2        2.4705366413       20.3158411033        4.8487980205
  1        3.0187756026       20.3535455289        4.8261613994
  1       16.2523387337        7.2438319498       12.8606377295
  2       16.6089259885        6.9679685643       12.5456061084
  1       16.9480546425        6.6803844269       12.2218977227
  1        6.7831309849       20.1947296060       19.0704715379
  2        7.2316422084       20.4845332345       18.9387462960
  1        7.6850859013       20.7548152536       18.7843557315
  1       17.8337720130        7.7900413640       15.7710401700
  2       18.3065302733        7.9834742947       15.9749600775
  1       18.7701126986        8.1864839777       16.1903165321
  1       17.2151452277        6.1824670054        5.1015337591
  2       17.5055543992        6.3502861500        4.6656447276
  1       17.8058412846        6.5182797512        4.2365690519
  1        6.6497590843        9.3029607025       26.4408379799
  2        6.3285323021        8.9092603853       26.6513454967
  1        6.0031417879        8.5117543481       26.8478396762
  1        0.6076921195       17.1278151618        5.1678244544
  2        0.6450691305       17.0753538398        4.6216095070
  1        0.6895989196       17.0218610011        4.0760312697
  1       21.4574385594       11.0477410956       16.4494639811
  2       21.0288985551       11.1593854074       16.1232906953
  1       20.6015586053       11.2471574099       15.7883628794
  1        6.6181509038       23.8815312431        2.0453546477
  2        6.3475853525       24.2652637416        2.3317872787
  1        6.0882264885       24.6433192729        2.6356079394
  1       24.2594077041       25.9370090320       26.9691433557
  2       24.3605143281       25.3993349453       27.0255705401
  1       24.4440117615       24.8607541636       27.0994550392
  1       10.3327520137        9.4444682672       19.9249040298
  2       10.8161457035        9.2050805690       19.8175538061
  1       11.2975084447        8.9547867176       19.7273157965
  1       26.0049107045       17.7160887820       14.6026137894
  2       25.9539546202       18.0317186227       15.0501417563
  1       25.9007885724       18.3556657401       15.4914258319
  1        1.8107822287       11.3418074036       25.9261885981
  2        2.2737576321       11.0449142169       25.9233230232
  1        2.7235128834       10.7288006950       25.9062217311
  1        4.0004615587       26.8014486256       13.5031625901
  2        4.1151839872       26.3273117636       13.2491291266
  1        4.2264965261       25.8527208451       12.9944273840
  1       24.9689047849       11.6479662767       15.4403792104
  2       25.2029794028       11.3208546053       15.8154885648
  1       25.4285950865       10.9895547745       16.1921024045
  1       27.0838097166        2.3212174715        9.6870663350
  2       26.8720632125        2.6637702368        9.3124718596
  1       26.6601590092        2.9965813608        8.9292834421
  1       13.7891450800       15.4311992659       10.1085889509
  2       13.9298103473       15.4324735062       10.6402953162
  1       14.0592683928       15.4326813156       11.1748423864
  1        0.6542508528       24.7623385328       27.0659957949
  2        1.0499338329       24.3828300665       27.1096799243
  1        1.4297320052       23.9901070917       27.1730992619
  1       15.7189051794        1.6693802367        7.0334971736
  2       15.6817010293        2.2146268840        7.0953190532
  1       15.6272813090        2.7584164117        7.1572177012
  1        7.2277615224        7.3098390453       17.6663377826
  2        7.5378567359        7.7535597565       17.5691118132
  1        7.8674959154        8.1729101206       17.4350100519
  1        7.2759474922       13.3201039301       26.0815797169
  2        6.9602637663       13.3973332810       25.6378687608
  1        6.6662245651       13.4775901501       25.1800480731
  1       15.8459220301       12.7802874841       25.5516233784
  2       16.0081381053       13.2287516972       25.8256047546
  1       16.1640778523       13.6818829533       26.0955211472
  1       14.9317150738        0.1473050975       16.3786036952
  2       14.5069507459        0.4461384096       16.5596393748
  1       14.0908497234        0.7473717259       16.7561550922
  1       27.7712214652       23.5797522706        6.3770593713
  2       28.0235019031       24.0081466381        6.6122887201
  1       28.2659046635       24.4425738421        6.8468391522
  1        8.6298054551       14.8614396344       12.2280870284
  2        8.8079535110       14.7467432457       11.7205360373
  1        8.9688729496       14.6241774237       11.2090846197
  1       16.6274732235       26.9401450184       19.6682178992
  2       16.6282578813       27.0156922261       20.2130040992
  1       16.6215989804       27.1140778250       20.7540918296
  1       23.7236284240       12.7752474140        2.4979851748
  2       24.2188682327       12.9355951453        2.3204291641
  1       24.7114460431       13.1000685672        2.1392784170
  1        6.6875468063        7.9670256148        9.0653818392
  2        6.7329070535        8.0527167835        8.5239952199
  1        6.7838085402        8.1264338676        7.9813398697
  1       22.4913442290       11.1935152707       22.2123523236
  2       22.1526423033       10.7897239478       22.3696214342
  1       21.8080761046       10.4022804789       22.5530926636
  1       16.5865442788       15.1281037780        0.8599676397
  2       16.7089727248       15.5777204554        0.5678099441
  1       16.8159676170       16.0216311174        0.2612232254
  1       25.9170958487        6.5102397814        5.7587555519
  2       25.4514611358        6.7557491471        5.9181590196
  1       24.9777748930        6.9878138157        6.0739387740
  1       20.5036313929       22.1641938670       15.7530966065
  2       20.2076378505       22.5785679974       15.9608991640
  1       19.9128222584       22.9873633342       16.1810585113
  1        1.3630541690        0.3787342718       25.7152066198
  2        1.1184869326        0.8334028091       25.9048467740
  1        0.8593132353        1.2761108490       26.1031863438
  1       11.6931399707       13.0271029890        3.2300730208
  2       11.1831226922       13.1301653314        3.4082878607
  1       10.6745511620       13.2301581582        3.5922890352
  1        9.1514425523       11.0496947655        0.2179223417
  2        9.6003966332       11.3409851086        0.3447693728
  1       10.0545738430       11.6315080208        0.4534868902
  1        6.9228645431        2.7919722478       18.6581744088
  2        7.0258830284        2.5155670168       18.1939682693
  1        7.1393728386        2.2296295575       17.7380517952
  1       18.3510813619        9.4480699886        5.7132676665
  2       17.8754491545        9.7214296324        5.6739165746
  1       17.4118446850       10.0166144357        5.6530161750
  1       11.1215883172       12.0974433124       15.0634660362
  2       10.6382457423       11.9127354424       14.8770177643
  1       10.1444996825       11.7401702761       14.7069116479
  1        4.4269226548        2.3330623736       26.9012629236
  2        4.5546954573        2.5441665920       27.3928004297
  1        4.6910988269        2.7545674897       27.8823160903
  1       27.5965614816       21.6950961462       16.9801567956
  2       27.2373177620       21.6050541032       16.5735410305
  1       26.8850437236       21.5038101612       16.1634768098
  1       15.9183542700       28.2782824902       24.2072936114
  2       15.6556621649       27.7973944679       24.1599695376
  1       15.4180519220       27.3041218368       24.1077825388
  1        0.9126705571       14.5896793540       25.9318738393
  2        1.0483901314       14.4400801926       25.4203073353
  1        1.1817229037       14.2780851678       24.9118980683
  1        5.1090501879       19.7518523627       13.4252470819
  2        5.5258129380       19.8551471946       13.7689606077
  1        5.9587272999       19.9529088490       14.0938110551
  1        8.1927763158       11.3429446643       10.2726205356
  2        8.4595125964       11.3628401097       10.7531992783
  1        8.7291895922       11.3851586502       11.2320272220
  1       12.6649610771        9.7674678873       13.4911235372
  2       13.0012897892        9.4558007729       13.1874022713
  1       13.3506206913        9.1358262117       12.9079667691
  1        9.0095651126       18.2251703452       14.4715904640
  2        9.1154337904       18.2642353961       13.9332915277
  1        9.2350262231       18.3204502305       13.3994024555
  1       12.8060965312        9.2887727274       26.4397467890
  2       12.4580250827        9.3107002579       26.8650295774
  1       12.1173294092        9.3675798687       27.2930379499
  1       11.8900032019        1.2428135202        0.4326323160
  2       12.1711941946        0.7955764409        0.5856376115
  1       12.4435388101        0.3475093918        0.7516626968
  1       20.3540975857        9.0008695714       12.5623401605
  2       20.6342268072        8.5878743705       12.3311203878
  1       20.9294574842        8.1908537769       12.0908840572
  1        3.4575637950       10.9044321063        1.4408182340
  2        3.2772267544       10.3990691080        1.5615940249
  1        3.1226027560        9.8872443099        1.6905389518
  1        7.6055440281       23.1316996619       21.5770489879
  2        7.1994925908       23.4527953318       21.7628440389
  1        6.8056131129       23.7817226294       21.9607475225
  1       12.5634801556       17.8309442119       28.2042245330
  2       12.8766600315       17.4840155313       27.9142954797
  1       13.2015051944       17.1285422754       27.6485618095
  1       27.9765817849       14.3957141149       13.9851475069
  2       28.1390398077       14.6058420969       13.5035318698
  1       28.3029841410       14.8040696031       13.0173959728
  1        9.2082568647       19.2772164753        0.8950269642
  2        9.0462057115       19.7847641561        1.0315362147
  1        8.8841849530       20.2986709086        1.1417592728
  1       17.6871919646        3.4728330823       11.1877697614
  2       17.2408564003        3.4748802030       10.8663971222
  1       16.8037733403        3.4692402820       10.5325909075
  1        3.6823280349        7.8227003127        5.9201940475
  2        3.9159101152        7.3283983170        5.8601528219
  1        4.1842301543        6.8557319124        5.7759457818
  1       11.1549323531        6.8734094552       16.9234800296
  2       11.6693079919        6.8993796362       17.1164651375
  1       12.1928204110        6.9564778322       17.2751300109
  1       23.1878566735       10.6487279725       11.7907555547
  2       23.6613637084       10.6657949006       11.5114710978
  1       24.1357238968       10.6973219306       11.2349056318
  1        1.9119437489       20.6897429629       27.5941579460
  2        2.2355811670       20.8808486641       27.1926141345
  1        2.5609371038       21.0591466036       26.7865927580
  1       22.9939157184       27.7433087892        4.2954831410
  2       22.8603771987       28.0047832135        3.8304040196
  1       22.7247491720       28.2663307596        3.3659711197
  1       23.4209999295        3.6423131569       16.9281521000
  2       23.5811949874        3.3003907614       16.5282438369
  1       23.7736218519        2.9577946966       16.1434064204
  1       11.6282063171       12.4232776200       11.4803016053
  2       11.6879982668       12.4891065587       10.9375387901
  1       11.7568734012       12.5582141160       10.3962621876
  1       27.7722455202        8.4443465246       27.6966657608
  2       27.3639577650        8.3964798185       28.0620558091
  1       26.9769710809        8.3166145248       28.4446297761
  1        8.1435557804       24.2984233866       11.5326769430
  2        8.6617782278       24.1171244665       11.4998715082
  1        9.1807719089       23.9417341954       11.4510472232
  1       19.6868762564       23.1121437501        3.7953362620
  2       19.9614327565       23.5774954434        3.8981298893
  1       20.2378316434       24.0449762534        3.9851088899
  1        2.4334756181       21.4869597815        7.9458448493
  2        2.0471007867       21.7125292761        8.2657399771
  1        1.6484354011       21.9365159197        8.5713473933
  1       14.0863069508        6.4036602091       23.9837367095
  2       14.1874711957        6.3460681664       24.5212764310
  1       14.2980269986        6.3091882104       25.0587866935
  1       18.2313786978       22.7473868284       19.4553939180
  2       17.8677688722       23.1565626581       19.5089012552
  1       17.4885435505       23.5526860897       19.5510246600
  1        3.3955090433        1.0358917982       23.3014941074
  2        3.8685117966        0.9813154904       23.0261945943
  1        4.3409768770        0.9319512516       22.7489944522
  1       18.6191320834        1.2077873217        8.1552014864
  2       19.1115618222        1.3653850003        8.3427539433
  1       19.6188366984        1.4845824532        8.5187203212
  1       14.7517099222       22.6156831284       22.2644401229
  2       14.2850767777       22.3592475901       22.4022600167
  1       13.8225382175       22.0912494115       22.5316240596
  1       24.3860368841        3.5052799934        5.8351694827
  2       24.0476007299        3.8385303978        6.1124872381
  1       23.7225167897        4.1805603975        6.3950397290
  1       20.6712866176       25.2677960680       19.0575184959
  2       21.0625335213       25.5099152692       19.3588557700
  1       21.4473176655       25.7614192655       19.6608274593
  1       21.0769752244        7.5640806131       25.1225500670
  2       20.8926498873        7.7174922331       25.6175137475
  1       20.7332430708        7.8378669600       26.1299582722
  1        9.1644436040       23.8678796154       24.6891506579
  2        8.6954691773       24.0731490146       24.8902164703
  1        8.2152456577       24.2591918957       25.0832797152
  1       24.4597044458       21.2386452185        4.5399670003
  2       24.7474861841       21.7000730109        4.4577109159
  1       25.0430086241       22.1551783008        4.3680133042
  1       21.0271159461       13.4338886099       11.9636577402
  2       20.6773258457       13.0676582566       12.1781856265
  1       20.3087485698       12.7163852420       12.3861713470
  1       19.6620392940       10.0653706491       18.8709000247
  2       19.4923659609        9.9672593213       19.3847921607
  1       19.3361649174        9.8659634407       19.9023251331
  1        9.5825141681       23.5155302475       15.1120909496
  2        9.4862466717       23.0116810711       14.9136757875
  1        9.3530693454       22.5059729129       14.7433142383
  1       25.7311615572       17.1866428214       21.3767720769
  2       25.5211089769       17.2210188006       21.8839172292
  1       25.2863233099       17.2316496773       22.3811723690
  1        9.1497045071       10.9006578386       25.1747795215
  2        9.6563357580       10.9802609537       24.9760633427
  1       10.1533077851       11.0895695697       24.7673280325
  1       22.4435773391       14.7725609027       14.6406244650
  2       22.7409560312       15.1099264036       14.9572479515
  1       23.0362120740       15.4458792493       15.2773409905
  1       12.2344025935       11.5849987228       22.2926270112
  2       12.6045206762       11.4335465512       22.6702178541
  1       12.9929356736       11.3005608573       23.0362077364
  1       16.7400441176       27.1100737673        4.2783112359
  2       16.7785031488       27.1797128100        4.8225274674
  1       16.7947641617       27.2513959791        5.3675936118
  1       18.7873819114       10.5059074324       25.9157407674
  2       18.8943908121       10.6551245610       25.3972975751
  1       18.9914579342       10.8027594967       24.8764502859
  1       17.4979143726       24.5424748495       11.7211984964
  2       17.0628792868       24.5036702260       11.3869251422
  1       16.6178308476       24.4640419766       11.0662048785
  1       14.2558532260       11.8504973955        0.6502687670
  2       14.7733732711       12.0140160907        0.7393453588
  1       15.2959775144       12.1753990773        0.7971409945
  1        3.7571713294       12.0488683487        4.8905186020
  2        3.5017336762       12.5326383051        4.9472480888
  1        3.2438758166       13.0113378261        5.0300496096
  1        1.4426508459       10.6659568542        6.6817234621
  2        1.2393871196       10.2234980120        6.4259617947
  1        1.0435358930        9.7947913835        6.1424958837
  1       10.1443468200       14.6191955277        7.0194837049
  2       10.0077710568       14.4393066610        7.5209685567
  1        9.8815603102       14.2223670057        8.0103641353
  1       23.7988989853       18.5567262819       25.5775949515
  2       23.3479783622       18.3113864609       25.3801640425
  1       22.9066091868       18.0350465387       25.2031626374
  1       22.8474391109       23.9649293839        2.2492775623
  2       23.3849884096       24.0732261298        2.2067033172
  1       23.9191772649       24.1996521297        2.1726631588
  1       14.0743177491       24.9982266228       18.6560490399
  2       14.0896891189       24.4671773806       18.7983530220
  1       14.0998437895       23.9383061439       18.9489919834
  1        3.8708234711       13.8060530908       18.3162545318
  2        3.6685926369       13.4454149365       18.6789428434
  1        3.4718856580       13.0825260982       19.0424233167
  1        1.7733831828        5.2579866355        7.3005988373
  2        1.6927632161        4.7143651536        7.2787789975
  1        1.6277159335        4.1689430168        7.2507871648
  1        2.0493938969       21.2540682507       15.0250971207
  2        2.2531592601       21.3478458548       14.5229164384
  1        2.4661954055       21.4468956559       14.0256190056
  1       25.5539049189       17.2916997113        3.4052913138
  2       25.1603102250       17.6545046213        3.5316076397
  1       24.7537157382       18.0093657017        3.6376950371
  1       27.3061944314        7.7291025754        9.1326297503
  2       27.1003856201        7.2236891155        9.0640734395
  1       26.8916138202        6.7217522064        8.9805649136
  1        4.7532814245        3.7066699878        4.1324793606
  2        4.2373224024        3.5182388094        4.1045512646
  1        3.7202506796        3.3354215178        4.0631426864
  1       12.8101340634       16.5594253597       14.0542996729
  2       12.4379526295       16.7983104066       13.7273212110
  1       12.0732124640       17.0346405724       13.3902564348
  1       21.5814197773        6.0693839051        4.8993294804
  2       21.8705873279        6.4319851957        4.6036904576
  1       22.1572858832        6.7854070398        4.2948265111
  1        5.9973476141       17.0814345923       10.4202673653
  2        6.0387493621       17.3240693987       10.9121151527
  1        6.0831524090       17.5697393808       11.4021912981
  1       17.1812650252       25.5048853615       16.2806345281
  2       17.5554542914       25.6806000791       15.9178581079
  1       17.9443460609       25.8430942539       15.5645044129
  1        4.8865492233       17.3146166208        4.5599982545
  2        5.4266782870       17.2724420948        4.4652253476
  1        5.9653352039       17.2132302130        4.3711898332


Molecules in box 2
##############################################################################                                           
Moleculetype  1
Number-of-molecules: 12    
Atomtype         X                  Y                   Z
  1       17.2353017770       33.9807199875       17.2610891004
  2       17.3093285516       33.6009695580       17.6519978467
  1       17.3715594377       33.2174863553       18.0413151326
  1       30.0248190996        5.7384355044       27.6953031558
  2       30.1834314447        5.6608216662       28.2161853076
  1       30.3314436743        5.5563106398       28.7354827410
  1        6.8771646127        9.6736844802       28.4322132484
  2        6.8848521640        9.4639145657       27.9238457784
  1        6.8812742052        9.2695947657       27.4093294886
  1        6.4558979014       32.7416816525        3.3150979375
  2        6.3629499713       32.3372970283        3.6761156074
  1        6.2777397510       31.9227350180        4.0273670230
  1        4.4376407597       42.8645357667       49.4465453758
  2        4.4340713443       43.3008839726       49.7813400927
  1        4.4177132093       43.7473420326       50.1021322545
  1        0.4891161144        4.2671950032       26.6565442337
  2        0.8044696549        4.6934144394       26.8027944875
  1        1.1220250748        5.1192366996       26.9453916717
  1       35.4190590024       28.3194394482       35.7463353167
  2       35.9274680432       28.1097203887       35.7525129656
  1       36.4401245955       27.9106371096       35.7595205577
  1       21.3859549175       48.1480545632       21.9226416619
  2       21.5249123971       48.6802053836       21.9251562594
  1       21.6777024935       49.2082753410       21.9079137085
  1       19.2593923368       46.6867686718       42.8165900891
  2       19.3969055865       46.1543308323       42.8265927530
  1       19.5385104853       45.6233040337       42.8480074845
  1       37.6687446695       33.6236634839       16.4817415646
  2       37.4634751273       33.4026535699       16.0218295806
  1       37.2384533375       33.1684421164       15.5779712833
  1        4.7131648304        1.7305844783       11.0388785553
  2        5.1098251688        1.4056873378       10.8398749774
  1        5.5135579627        1.0861525884       10.6464909706
  1        0.4523908952       42.7546604830       28.0138678757
  2        0.0407414647       42.4961281590       28.2711727216
  1       -0.3661438197       42.2503614765       28.5478369624


Number-of-fractionals:  1        
##############################################################################                                           
Fractional-type:      2
Box:                  2
Lambda:               0.528121
Reaction-Step         1 (only used if Type = 3 (RxMC))

Moleculetype  1
Atomtype         X                  Y                   Z
  1       41.3057352581       49.9019275877       18.5606918026
  2       40.9847085446       49.5447729537       18.2925828386
  1       40.6731063792       49.1834701317       18.0189693150

------------------------------------------------------------------------------                                           

