 0.0000000   0.1107211782E-001   0.1122805611E+001   0.9426718341E+000   0.9804268048E+000
 0.0101010   0.1101157378E-001   0.1123886442E+001   0.9493861908E+000   0.9839688321E+000
 0.0202020   0.1063295960E-001   0.1131012221E+001   0.9431879344E+000   0.9937634456E+000
 0.0303030   0.1003922446E-001   0.1107472151E+001   0.9449407379E+000   0.9913414029E+000
 0.0404040   0.9222508895E-002   0.1136435115E+001   0.9445107901E+000   0.1004604281E+001
 0.0505051   0.8306111607E-002   0.1106465195E+001   0.9488705697E+000   0.9897209500E+000
 0.0606061   0.7271835532E-002   0.1142536807E+001   0.9484819089E+000   0.1002836302E+001
 0.0707071   0.6320175653E-002   0.1152084955E+001   0.9502531267E+000   0.1005224264E+001
 0.0808081   0.5445043974E-002   0.1161667364E+001   0.9458480183E+000   0.1005339110E+001
 0.0909091   0.4766536132E-002   0.1147119233E+001   0.9522846724E+000   0.1008136037E+001
 0.1010101   0.4212529159E-002   0.1134616599E+001   0.9541873433E+000   0.1015491334E+001
 0.1111111   0.3850065716E-002   0.1123143404E+001   0.9533997275E+000   0.1010277967E+001
 0.1212121   0.3589435443E-002   0.1092659032E+001   0.9550208807E+000   0.1008468905E+001
 0.1313131   0.3499799758E-002   0.1130462437E+001   0.9564598231E+000   0.9999534733E+000
 0.1414141   0.3512590181E-002   0.1108987671E+001   0.9586549789E+000   0.1003521644E+001
 0.1515152   0.3600699272E-002   0.1096435786E+001   0.9581789317E+000   0.1008449764E+001
 0.1616162   0.3798982530E-002   0.1122044372E+001   0.9630457453E+000   0.1003721925E+001
 0.1717172   0.4066620279E-002   0.1117492995E+001   0.9623261575E+000   0.1005080006E+001
 0.1818182   0.4427926750E-002   0.1044967010E+001   0.9576087234E+000   0.9659795165E+000
 0.1919192   0.4910457583E-002   0.1033719190E+001   0.9661241907E+000   0.9825248502E+000
 0.2020202   0.5514600212E-002   0.1078332529E+001   0.9603543219E+000   0.9753941102E+000
 0.2121212   0.6285548074E-002   0.1054968582E+001   0.9677589865E+000   0.9784375366E+000
 0.2222222   0.7204929012E-002   0.1050920951E+001   0.9702082326E+000   0.1001873647E+001
 0.2323232   0.8295231904E-002   0.1052227692E+001   0.9702033495E+000   0.1001135083E+001
 0.2424242   0.9700449211E-002   0.1074026333E+001   0.9693487991E+000   0.9818889940E+000
 0.2525253   0.1133543655E-001   0.1032603562E+001   0.9708584563E+000   0.1006542662E+001
 0.2626263   0.1331959810E-001   0.1075704593E+001   0.9782559735E+000   0.9838483836E+000
 0.2727273   0.1574243960E-001   0.9859993302E+000   0.9779270413E+000   0.9948194711E+000
 0.2828283   0.1884398595E-001   0.1042745390E+001   0.9798049234E+000   0.1006216330E+001
 0.2929293   0.2261956826E-001   0.1036506118E+001   0.9796022777E+000   0.9854188831E+000
 0.3030303   0.2727065904E-001   0.1003423789E+001   0.9791829555E+000   0.1007076277E+001
 0.3131313   0.3284640389E-001   0.1019146434E+001   0.9755576450E+000   0.9944950070E+000
 0.3232323   0.4016062438E-001   0.1026382491E+001   0.9826692906E+000   0.1013404493E+001
 0.3333333   0.4846967439E-001   0.1011002457E+001   0.9872272823E+000   0.9908852858E+000
 0.3434343   0.5918668712E-001   0.9821749320E+000   0.9885544822E+000   0.9982919371E+000
 0.3535354   0.7241183636E-001   0.9858633563E+000   0.9920777878E+000   0.9856196306E+000
 0.3636364   0.8877720565E-001   0.9996545301E+000   0.9900581212E+000   0.9825570632E+000
 0.3737374   0.1087869317E+000   0.1003507836E+001   0.9946630348E+000   0.9922737120E+000
 0.3838384   0.1350842131E+000   0.9850148581E+000   0.9948129430E+000   0.9984259244E+000
 0.3939394   0.1674454823E+000   0.9981245567E+000   0.9981647794E+000   0.9973241471E+000
 0.4040404   0.2067705265E+000   0.9694153394E+000   0.1001929336E+001   0.9964282527E+000
 0.4141414   0.2569281518E+000   0.9804827536E+000   0.1003776991E+001   0.1003029579E+001
 0.4242424   0.3198320801E+000   0.9619464140E+000   0.1001901355E+001   0.9875608129E+000
 0.4343434   0.3977881738E+000   0.9706358920E+000   0.1007521930E+001   0.9922527035E+000
 0.4444444   0.4990636201E+000   0.9693168386E+000   0.1009811198E+001   0.9854679028E+000
 0.4545455   0.6216506877E+000   0.9798489228E+000   0.1011139687E+001   0.9906990108E+000
 0.4646465   0.7801554027E+000   0.9844436609E+000   0.1013385971E+001   0.9926817430E+000
 0.4747475   0.9801228162E+000   0.9651541118E+000   0.1014643612E+001   0.1004795224E+001
 0.4848485   0.1233521559E+001   0.9566798365E+000   0.1014920613E+001   0.9943306742E+000
 0.4949495   0.1549076692E+001   0.9470615608E+000   0.1021583388E+001   0.9852932991E+000
 0.5050505   0.1733587834E+001   0.9598500613E+000   0.1022072314E+001   0.9942242313E+000
 0.5151515   0.1736448925E+001   0.9720550520E+000   0.1027700720E+001   0.1006409141E+001
 0.5252525   0.1740518129E+001   0.9603286464E+000   0.1020664884E+001   0.1000471215E+001
 0.5353535   0.1737149190E+001   0.9448319110E+000   0.1019270171E+001   0.1004386726E+001
 0.5454545   0.1745980236E+001   0.9641423380E+000   0.1021027259E+001   0.9980935238E+000
 0.5555556   0.1732956759E+001   0.9700764720E+000   0.1020267229E+001   0.9833754597E+000
 0.5656566   0.1736562364E+001   0.9526878801E+000   0.1022123026E+001   0.9856453077E+000
 0.5757576   0.1740337378E+001   0.9533613253E+000   0.1022624105E+001   0.9797451968E+000
 0.5858586   0.1753900313E+001   0.9597595905E+000   0.1024304523E+001   0.1013718687E+001
 0.5959596   0.1756977808E+001   0.9650652470E+000   0.1023577619E+001   0.9973185448E+000
 0.6060606   0.1752031010E+001   0.9452334086E+000   0.1023061099E+001   0.9996911009E+000
 0.6161616   0.1759341623E+001   0.9513351009E+000   0.1019696955E+001   0.1013949780E+001
 0.6262626   0.1748876569E+001   0.9444534326E+000   0.1020261726E+001   0.1002300352E+001
 0.6363636   0.1762130062E+001   0.9518431292E+000   0.1025380412E+001   0.9991238723E+000
 0.6464646   0.1766480388E+001   0.9714699362E+000   0.1024754583E+001   0.1004112216E+001
 0.6565657   0.1764477562E+001   0.9566546760E+000   0.1027048315E+001   0.9950967829E+000
 0.6666667   0.1773197944E+001   0.9491852153E+000   0.1020990502E+001   0.9771298763E+000
 0.6767677   0.1773762061E+001   0.9548104639E+000   0.1024078344E+001   0.9925099405E+000
 0.6868687   0.1781095162E+001   0.9600695467E+000   0.1030180293E+001   0.1015360615E+001
 0.6969697   0.1793467824E+001   0.9291590520E+000   0.1022782423E+001   0.9951822173E+000
 0.7070707   0.1795631410E+001   0.9532713899E+000   0.1023378147E+001   0.1014955385E+001
 0.7171717   0.1793474245E+001   0.9535219243E+000   0.1020683478E+001   0.1018157075E+001
 0.7272727   0.1808796428E+001   0.9636423397E+000   0.1022917384E+001   0.1011826991E+001
 0.7373737   0.1810099251E+001   0.9619849577E+000   0.1026103198E+001   0.1025814894E+001
 0.7474747   0.1812922750E+001   0.9494748289E+000   0.1022570857E+001   0.1007786830E+001
 0.7575758   0.1826424457E+001   0.9361001419E+000   0.1021767062E+001   0.9916005074E+000
 0.7676768   0.1833407560E+001   0.9396333205E+000   0.1026567097E+001   0.1001379715E+001
 0.7777778   0.1838426080E+001   0.9357179162E+000   0.1024652589E+001   0.1002371314E+001
 0.7878788   0.1840044718E+001   0.9373881461E+000   0.1023451312E+001   0.1000487555E+001
 0.7979798   0.1850293552E+001   0.9378576306E+000   0.1025739770E+001   0.1000841431E+001
 0.8080808   0.1861603985E+001   0.9422323481E+000   0.1028233520E+001   0.1004034251E+001
 0.8181818   0.1873635664E+001   0.9454785898E+000   0.1025029179E+001   0.1016022148E+001
 0.8282828   0.1878940679E+001   0.9229411930E+000   0.1029416371E+001   0.9967825955E+000
 0.8383838   0.1883712087E+001   0.9340230612E+000   0.1023932117E+001   0.9986630866E+000
 0.8484848   0.1893578349E+001   0.9430273133E+000   0.1023903330E+001   0.1008878336E+001
 0.8585859   0.1899653240E+001   0.9530304913E+000   0.1024052189E+001   0.1016045491E+001
 0.8686869   0.1909349942E+001   0.9339026119E+000   0.1028250541E+001   0.1005841913E+001
 0.8787879   0.1919574857E+001   0.9434073976E+000   0.1031094589E+001   0.1005035188E+001
 0.8888889   0.1938114339E+001   0.9433774192E+000   0.1028925986E+001   0.9963320806E+000
 0.8989899   0.1936557112E+001   0.9404127611E+000   0.1027369796E+001   0.1008052003E+001
 0.9090909   0.1947279536E+001   0.9519898096E+000   0.1027256499E+001   0.1010157985E+001
 0.9191919   0.1950380264E+001   0.9509020189E+000   0.1026429393E+001   0.1032826586E+001
 0.9292929   0.1955602233E+001   0.9487574866E+000   0.1022611329E+001   0.1014690212E+001
 0.9393939   0.1976625874E+001   0.9636744595E+000   0.1028169679E+001   0.1031576349E+001
 0.9494949   0.1981495764E+001   0.9415530142E+000   0.1029430868E+001   0.1007537529E+001
 0.9595960   0.1997512474E+001   0.9443790218E+000   0.1027080013E+001   0.9993638357E+000
 0.9696970   0.2005026460E+001   0.9475149854E+000   0.1026214373E+001   0.1000449273E+001
 0.9797980   0.2003972149E+001   0.9620240368E+000   0.1032273737E+001   0.1022029636E+001
 0.9898990   0.2014011915E+001   0.9394106232E+000   0.1025690461E+001   0.1008371799E+001
 1.0000000   0.2006805078E+001   0.9436670327E+000   0.1021591583E+001   0.1006944624E+001


