Compiled using GNU Fortran (Ubuntu 9.4.0-1ubuntu1~20.04.2) 9.4.0 with all optimizations
Last Brick update unknown
Compiled at 16:28:53 on Sep  3 2023
Starting at 18:37:47 on Dec 31 2024

Settings
OK                      

Forcefield
OK                      

Topology
OK                      

Configuration
OK                      Starting from random configuration.

 F
Monte Carlo Simulation initialized.

#########################################################################################################################
###########################################   ENERGY STARTING CONFIGURATION   ###########################################
#########################################################################################################################
                                               Box 1               Box 2
-------------------------------------------------------------------------------------------------------------------------
Lennard Jones        
 Intermolecular                          0.2393798750E+008   0.5654546623E+005
 Tailcorrection                         -0.4636799626E+004  -0.6962048891E+002
Total Intermolecular                     0.2393335070E+008   0.5647584575E+005

Electrostatic        
 Real                                   -0.2969199275E+004   0.3814492669E+004
 Exclusion                               0.1043425830E+008   0.2037985693E+007
 Selfterm                               -0.1044989240E+008  -0.2038978394E+007
 Fourier                                 0.1560718735E+005   0.9483741095E+003
Total Intermolecular                    -0.2996114868E+004   0.3770165166E+004

Intramolecular       
 Lennard Jones                           0.0000000000E+000   0.0000000000E+000
 Electrostatic                           0.0000000000E+000   0.0000000000E+000
 Bending                                 0.9343375086E+007   0.3104111324E+007
 Torsion                                 0.0000000000E+000   0.0000000000E+000

Total                                    0.3327372967E+008   0.3164357335E+007

#########################################################################################################################

Simulation is running...



#########################################################################################################################
###############################################   RELATIVE ENERGY DRIFTS   ##############################################
#########################################################################################################################
                                               Box 1               Box 2                                                 
-------------------------------------------------------------------------------------------------------------------------

Lennard Jones        
 Intermolecular                          0.3626189149E-014   0.0000000000E+000
 Tailcorrection                          0.0000000000E+000   0.0000000000E+000

Electrostatic        
 Real                                    0.3375386734E-015   0.0000000000E+000
 Exclusion                               0.1340432504E-015   0.1784256503E-015
 Selfterm                                0.0000000000E+000   0.0000000000E+000
 Fourier                                 0.3677071229E-015   0.0000000000E+000

Intramolecular       
 Lennard Jones                           0.0000000000E+000   0.0000000000E+000
 Electrostatic                           0.0000000000E+000   0.0000000000E+000
 Bending                                 0.2988520794E-014   0.0000000000E+000
 Torsion                                 0.0000000000E+000   0.0000000000E+000

Total                                    0.6277022601E-014   0.2957034333E-013

#########################################################################################################################
############################################   TRIAL MOVE ACCEPTANCE RATES   ############################################
#########################################################################################################################
                                               Box 1               Box 2
-------------------------------------------------------------------------------------------------------------------------
Translation
 N2                                           0.50077             0.98512
-------------------------------------------------------------------------------------------------------------------------
Rotation
 N2                                           0.49123             0.99870
-------------------------------------------------------------------------------------------------------------------------
Bond Bending
 N2                      
  Bending 1                                   0.34097             0.34383
-------------------------------------------------------------------------------------------------------------------------
Lambda Move
 N2                                           0.74394             0.98645
-------------------------------------------------------------------------------------------------------------------------
GE Swap Fractional
 N2                                           0.26366             0.28968
-------------------------------------------------------------------------------------------------------------------------
GE Identity Change
 N2                                           0.72872             0.81665
-------------------------------------------------------------------------------------------------------------------------
Volume                                        0.50941             0.50941

#########################################################################################################################
######################################################   AVERAGES   #####################################################
#########################################################################################################################
                                                       Boltzmann                                    Biased
                                               Box 1               Box 2                  Box 1               Box 2      
-------------------------------------------------------------------------------------------------------------------------
Density
 N2                                      0.8723362829E+003   0.4219883649E+000      0.8734094440E+003   0.4415511337E+000
 Total                                   0.8723362829E+003   0.4219883649E+000      0.8734094440E+003   0.4415511337E+000

Number of molecules
 N2                                      0.3988134899E+003   0.1186510128E+001      0.3987582580E+003   0.1241742000E+001
 Total                                   0.3988134899E+003   0.1186510128E+001      0.3987582580E+003   0.1241742000E+001

Mole fractions
 N2                                           1.00000             1.00000                 1.00000             1.00000

Volume                                   0.2126822478E+005   0.1307317752E+006      0.2123920358E+005   0.1307607964E+006

#########################################################################################################################
#######################################   PROPERTIES FROM THE CFC GIBBS ENSEMBLE   ######################################
#########################################################################################################################
                                                       Boltzmann                                    Biased
                                               Box 1               Box 2                  Box 1               Box 2      
Chemical Potentials (as an indication)
=========================================================================================================================

Total N2                                -0.1045241488E+004  -0.1045168356E+004     -0.1045130836E+004  -0.1041089908E+004
 Ideal gas                              -0.3578764971E+003  -0.1044932225E+004     -0.3577658458E+003  -0.1040853777E+004
 Excess                                 -0.6873649906E+003  -0.2361306210E+000     -0.6873649906E+003  -0.2361306210E+000

-------------------------------------------------------------------------------------------------------------------------

#########################################################################################################################
##################################################   AVERAGE ENERGIES   #################################################
#########################################################################################################################
                                                       Boltzmann                                    Biased
                                               Box 1               Box 2                  Box 1               Box 2      
-------------------------------------------------------------------------------------------------------------------------
Lennard Jones        
 Intermolecular                         -0.3865903866E+006  -0.1282852014E+001     -0.3860017208E+006  -0.1877174277E+001
 Tailcorrection                         -0.1038584644E+005  -0.1820907366E-001     -0.1037098628E+005  -0.2555699877E-001
Total Intermolecular                    -0.3969762330E+006  -0.1301061088E+001     -0.3963727071E+006  -0.1902731276E+001

Electrostatic        
 Real                                   -0.7563363577E+004  -0.2252117501E-001     -0.7566207857E+004  -0.2774165722E-001
 Exclusion                               0.1390153903E+008   0.2421512650E+005      0.1389162714E+008   0.2675278299E+005
 Selfterm                               -0.1390404901E+008  -0.2421565779E+005     -0.1389413482E+008  -0.2675340166E+005
 Fourier                                 0.1138732235E+004   0.5441873209E+000      0.1137488477E+004   0.6012690137E+000
Total Intermolecular                    -0.8934610853E+004  -0.9623411864E-002     -0.8936399586E+004  -0.4514117190E-001

Intramolecular       
 Lennard Jones                           0.0000000000E+000   0.0000000000E+000      0.0000000000E+000   0.0000000000E+000
 Electrostatic                           0.0000000000E+000   0.0000000000E+000      0.0000000000E+000   0.0000000000E+000
 Bending                                 0.3614199140E+005   0.1070886956E+003      0.3609515105E+005   0.1472343358E+003
 Torsion                                 0.0000000000E+000   0.0000000000E+000      0.0000000000E+000   0.0000000000E+000

Total                                   -0.3697688525E+006   0.1057780111E+003     -0.3692139556E+006   0.1452864633E+003

#########################################################################################################################

No errors found in bookkeeping.

Total simulation time :  2 days and  13 hours

Simulation finished.

