#   100 bins for weightfunction of N2                      
 0.0000000    0.5212011719E+001    0.3461621094E+001
 0.0101010    0.5240185547E+001    0.3473583984E+001
 0.0202020    0.5244384766E+001    0.3448535156E+001
 0.0303030    0.5298486328E+001    0.3444360352E+001
 0.0404040    0.5400463867E+001    0.3461059570E+001
 0.0505051    0.5504418945E+001    0.3445019531E+001
 0.0606061    0.5644287109E+001    0.3438989258E+001
 0.0707071    0.5786059570E+001    0.3445117187E+001
 0.0808081    0.5957080078E+001    0.3446801758E+001
 0.0909091    0.6130493164E+001    0.3463940430E+001
 0.1010101    0.6212890625E+001    0.3451733398E+001
 0.1111111    0.6328979492E+001    0.3449414062E+001
 0.1212121    0.6431420898E+001    0.3464990234E+001
 0.1313131    0.6446606445E+001    0.3449462891E+001
 0.1414141    0.6447167969E+001    0.3443139648E+001
 0.1515152    0.6434472656E+001    0.3418579102E+001
 0.1616162    0.6387548828E+001    0.3442138672E+001
 0.1717172    0.6288452148E+001    0.3455517578E+001
 0.1818182    0.6241918945E+001    0.3430737305E+001
 0.1919192    0.6113818359E+001    0.3437890625E+001
 0.2020202    0.6044360352E+001    0.3422753906E+001
 0.2121212    0.5907226562E+001    0.3419555664E+001
 0.2222222    0.5750317383E+001    0.3405322266E+001
 0.2323232    0.5635424805E+001    0.3439916992E+001
 0.2424242    0.5465405273E+001    0.3421875000E+001
 0.2525253    0.5319189453E+001    0.3422094727E+001
 0.2626263    0.5132690430E+001    0.3408935547E+001
 0.2727273    0.4957934570E+001    0.3393017578E+001
 0.2828283    0.4792089844E+001    0.3412548828E+001
 0.2929293    0.4598706055E+001    0.3411132812E+001
 0.3030303    0.4402587891E+001    0.3416406250E+001
 0.3131313    0.4211328125E+001    0.3410009766E+001
 0.3232323    0.4039697266E+001    0.3415527344E+001
 0.3333333    0.3832031250E+001    0.3407373047E+001
 0.3434343    0.3618847656E+001    0.3407885742E+001
 0.3535354    0.3415380859E+001    0.3397973633E+001
 0.3636364    0.3215600586E+001    0.3390966797E+001
 0.3737374    0.2985253906E+001    0.3374047852E+001
 0.3838384    0.2796728516E+001    0.3401123047E+001
 0.3939394    0.2571362305E+001    0.3381494141E+001
 0.4040404    0.2320214844E+001    0.3377465820E+001
 0.4141414    0.2120312500E+001    0.3391015625E+001
 0.4242424    0.1885644531E+001    0.3358276367E+001
 0.4343434    0.1675561523E+001    0.3384228516E+001
 0.4444444    0.1439501953E+001    0.3368676758E+001
 0.4545455    0.1207885742E+001    0.3377197266E+001
 0.4646465    0.9838134766E+000    0.3366918945E+001
 0.4747475    0.7258300781E+000    0.3367236328E+001
 0.4848485    0.4872314453E+000    0.3363574219E+001
 0.4949495    0.2446533203E+000    0.3363745117E+001
 0.5050505    0.1401123047E+000    0.3356103516E+001
 0.5151515    0.1476074219E+000    0.3364160156E+001
 0.5252525    0.1594238281E+000    0.3356225586E+001
 0.5353535    0.1499755859E+000    0.3363842773E+001
 0.5454545    0.1464355469E+000    0.3362182617E+001
 0.5555556    0.1235839844E+000    0.3351977539E+001
 0.5656566    0.1399414062E+000    0.3349414062E+001
 0.5757576    0.1462646484E+000    0.3362036133E+001
 0.5858586    0.1449218750E+000    0.3358911133E+001
 0.5959596    0.1415527344E+000    0.3358740234E+001
 0.6060606    0.1571044922E+000    0.3369702148E+001
 0.6161616    0.1213378906E+000    0.3345458984E+001
 0.6262626    0.1456542969E+000    0.3373388672E+001
 0.6363636    0.1240966797E+000    0.3360888672E+001
 0.6464646    0.1322265625E+000    0.3376538086E+001
 0.6565657    0.1319824219E+000    0.3350854492E+001
 0.6666667    0.1381591797E+000    0.3359155273E+001
 0.6767677    0.1250976562E+000    0.3351708984E+001
 0.6868687    0.1325927734E+000    0.3372070312E+001
 0.6969697    0.1268798828E+000    0.3348120117E+001
 0.7070707    0.1066406250E+000    0.3358984375E+001
 0.7171717    0.1097167969E+000    0.3362011719E+001
 0.7272727    0.1113037109E+000    0.3363378906E+001
 0.7373737    0.1054199219E+000    0.3365527344E+001
 0.7474747    0.9370117187E-001    0.3353979492E+001
 0.7575758    0.9206542969E-001    0.3366308594E+001
 0.7676768    0.9504394531E-001    0.3358471680E+001
 0.7777778    0.9589843750E-001    0.3357739258E+001
 0.7878788    0.9948730469E-001    0.3373291016E+001
 0.7979798    0.8703613281E-001    0.3371484375E+001
 0.8080808    0.8095703125E-001    0.3361499023E+001
 0.8181818    0.8049316406E-001    0.3369409180E+001
 0.8282828    0.5444335937E-001    0.3344604492E+001
 0.8383838    0.6098632812E-001    0.3364404297E+001
 0.8484848    0.6088867187E-001    0.3370166016E+001
 0.8585859    0.5153808594E-001    0.3366162109E+001
 0.8686869    0.5842285156E-001    0.3361083984E+001
 0.8787879    0.5256347656E-001    0.3359570312E+001
 0.8888889    0.3510742187E-001    0.3357543945E+001
 0.8989899    0.3305664062E-001    0.3355688477E+001
 0.9090909    0.3811035156E-001    0.3368920898E+001
 0.9191919    0.4167480469E-001    0.3369311523E+001
 0.9292929    0.1870117187E-001    0.3359472656E+001
 0.9393939    0.1276855469E-001    0.3357836914E+001
 0.9494949    0.3198242187E-002    0.3352392578E+001
 0.9595960    0.1501464844E-001    0.3369189453E+001
 0.9696970    0.2102050781E-001    0.3363354492E+001
 0.9797980    0.1447753906E-001    0.3372973633E+001
 0.9898990    0.1687011719E-001    0.3387304687E+001
 1.0000000    0.0000000000E+000    0.3360595703E+001


