Compiled using GNU Fortran (Ubuntu 9.4.0-1ubuntu1~20.04.2) 9.4.0 with all optimizations
Last Brick update unknown
Compiled at 16:28:53 on Sep  3 2023
Starting at 15:00:24 on Jan 06 2025

Settings
OK                      

Forcefield
OK                      

Topology
OK                      

Configuration
OK                      Starting from random configuration.

 F
Monte Carlo Simulation initialized.

#########################################################################################################################
###########################################   ENERGY STARTING CONFIGURATION   ###########################################
#########################################################################################################################
                                               Box 1               Box 2
-------------------------------------------------------------------------------------------------------------------------
Lennard Jones        
 Intermolecular                          0.1117808392E+008   0.5675156758E+004
 Tailcorrection                         -0.3093621112E+004  -0.4645001238E+002
Total Intermolecular                     0.1117499030E+008   0.5628706745E+004

Electrostatic        
 Real                                   -0.9927768584E+003  -0.5055287521E+003
 Exclusion                               0.1043425830E+008   0.2037985693E+007
 Selfterm                               -0.1044989240E+008  -0.2038978394E+007
 Fourier                                 0.1535308684E+005   0.8970633247E+003
Total Intermolecular                    -0.1273792958E+004  -0.6011670393E+003

Intramolecular       
 Lennard Jones                           0.0000000000E+000   0.0000000000E+000
 Electrostatic                           0.0000000000E+000   0.0000000000E+000
 Bending                                 0.9343375086E+007   0.3104111324E+007
 Torsion                                 0.0000000000E+000   0.0000000000E+000

Total                                    0.2051709159E+008   0.3109138864E+007

#########################################################################################################################

Simulation is running...



#########################################################################################################################
###############################################   RELATIVE ENERGY DRIFTS   ##############################################
#########################################################################################################################
                                               Box 1               Box 2                                                 
-------------------------------------------------------------------------------------------------------------------------

Lennard Jones        
 Intermolecular                          0.2808599122E-014   0.2061553512E-015
 Tailcorrection                          0.0000000000E+000   0.0000000000E+000

Electrostatic        
 Real                                    0.7433748906E-014   0.9539917612E-014
 Exclusion                               0.0000000000E+000   0.1359433241E-015
 Selfterm                                0.0000000000E+000   0.0000000000E+000
 Fourier                                 0.2113898027E-015   0.6866308056E-015

Intramolecular       
 Lennard Jones                           0.0000000000E+000   0.0000000000E+000
 Electrostatic                           0.0000000000E+000   0.0000000000E+000
 Bending                                 0.3603734888E-015   0.5884380985E-014
 Torsion                                 0.0000000000E+000   0.0000000000E+000

Total                                    0.2386953513E-014   0.4615597943E-013

#########################################################################################################################
############################################   TRIAL MOVE ACCEPTANCE RATES   ############################################
#########################################################################################################################
                                               Box 1               Box 2
-------------------------------------------------------------------------------------------------------------------------
Translation
 N2                                           0.48550             0.68559
-------------------------------------------------------------------------------------------------------------------------
Rotation
 N2                                           0.53783             0.94346
-------------------------------------------------------------------------------------------------------------------------
Bond Bending
 N2                      
  Bending 1                                   0.36001             0.36174
-------------------------------------------------------------------------------------------------------------------------
Lambda Move
 N2                                           0.77943             0.96831
-------------------------------------------------------------------------------------------------------------------------
GE Swap Fractional
 N2                                           0.36793             0.35133
-------------------------------------------------------------------------------------------------------------------------
GE Identity Change
 N2                                           0.94721             0.83464
-------------------------------------------------------------------------------------------------------------------------
Volume                                        0.51646             0.51646

#########################################################################################################################
######################################################   AVERAGES   #####################################################
#########################################################################################################################
                                                       Boltzmann                                    Biased
                                               Box 1               Box 2                  Box 1               Box 2      
-------------------------------------------------------------------------------------------------------------------------
Density
 N2                                      0.6896255814E+003   0.3021687401E+002      0.6901790262E+003   0.3026140328E+002
 Total                                   0.6896255814E+003   0.3021687401E+002      0.6901790262E+003   0.3026140328E+002

Number of molecules
 N2                                      0.3150100897E+003   0.8498991034E+002      0.3148676780E+003   0.8513232200E+002
 Total                                   0.3150100897E+003   0.8498991034E+002      0.3148676780E+003   0.8513232200E+002

Mole fractions
 N2                                           1.00000             1.00000                 1.00000             1.00000

Volume                                   0.2126119309E+005   0.1307388069E+006      0.2123462602E+005   0.1307653740E+006

#########################################################################################################################
#######################################   PROPERTIES FROM THE CFC GIBBS ENSEMBLE   ######################################
#########################################################################################################################
                                                       Boltzmann                                    Biased
                                               Box 1               Box 2                  Box 1               Box 2      
Chemical Potentials (as an indication)
=========================================================================================================================

Total N2                                -0.7668034265E+003  -0.7658498134E+003     -0.7667232058E+003  -0.7657025563E+003
 Ideal gas                              -0.4211431704E+003  -0.7339180008E+003     -0.4210629496E+003  -0.7337707437E+003
 Excess                                 -0.3456602561E+003  -0.3193181262E+002     -0.3456602561E+003  -0.3193181262E+002

-------------------------------------------------------------------------------------------------------------------------

#########################################################################################################################
##################################################   AVERAGE ENERGIES   #################################################
#########################################################################################################################
                                                       Boltzmann                                    Biased
                                               Box 1               Box 2                  Box 1               Box 2      
-------------------------------------------------------------------------------------------------------------------------
Lennard Jones        
 Intermolecular                         -0.1518816835E+006  -0.2534918541E+004     -0.1516144620E+006  -0.2550364182E+004
 Tailcorrection                         -0.4323488940E+004  -0.3279080358E+002     -0.4316390190E+004  -0.3299943501E+002
Total Intermolecular                    -0.1562051725E+006  -0.2567709345E+004     -0.1559308522E+006  -0.2583363617E+004

Electrostatic        
 Real                                   -0.3749239215E+004  -0.6643065435E+002     -0.3747666989E+004  -0.6668650297E+002
 Exclusion                               0.1097826784E+008   0.1734124119E+007      0.1096858508E+008   0.1737644813E+007
 Selfterm                               -0.1098025470E+008  -0.1734162442E+007     -0.1097056989E+008  -0.1737683228E+007
 Fourier                                 0.1067087337E+004   0.4051310342E+002      0.1066075142E+004   0.4059993768E+002
Total Intermolecular                    -0.4669008939E+004  -0.6424051339E+002     -0.4666398174E+004  -0.6450135401E+002

Intramolecular       
 Lennard Jones                           0.0000000000E+000   0.0000000000E+000      0.0000000000E+000   0.0000000000E+000
 Electrostatic                           0.0000000000E+000   0.0000000000E+000      0.0000000000E+000   0.0000000000E+000
 Bending                                 0.3164109120E+005   0.8545151728E+004      0.3160831126E+005   0.8580746307E+004
 Torsion                                 0.0000000000E+000   0.0000000000E+000      0.0000000000E+000   0.0000000000E+000

Total                                   -0.1292330902E+006   0.5913201870E+004     -0.1289889391E+006   0.5932881336E+004

#########################################################################################################################

No errors found in bookkeeping.

Total simulation time :  1 days and   2 hours

Simulation finished.

